===== PROVENANCE =====
Thu Aug 20 05:58:18 UTC 2026
gcn130.local.snellius.surf.nl
c23feee76264c202f870381b0cf3cd63e46abd27
Python 3.11.15
/home/spunzo1/.conda/envs/probe4physics-gpu/bin/python
REPO_ROOT=/gpfs/home2/spunzo1/Probe4Physics
MODE=full
MAX_SAMPLES=<unset>
BACKBONE_NAME=ltx_video
BACKBONE_VARIANT=ltxv_13b_0_9_8_distilled
BACKBONE_DEVICE=cuda
METADATA_FILE=/gpfs/home2/spunzo1/Probe4Physics/data/annotations/intphys2_metadata.csv
VIDEOS_ROOT=/gpfs/home2/spunzo1/Probe4Physics/data/videos/intphys2
SPLIT_DIR=/gpfs/home2/spunzo1/Probe4Physics/data/splits/intphys2
FEATURE_DIR=/gpfs/scratch1/shared/spunzo1/probe4physics/artifacts/features/intphys2
FEATURE_LAYER_IDS=<unset>
HF_HOME=/scratch-shared/spunzo1/.cache/huggingface
======================
JOB_START_UTC=2026-08-20T05:58:18Z
[extract.intphys2] resume status: resumed=False offset=0 target=1012 signature=108242bc2edeea83
[extract.intphys2] completed: signature=108242bc2edeea83 resumed=False reused_samples=0 new_samples=1012 total=1012 elapsed_s=2820.832 sec_per_processed_sample=2.787383 elapsed_agg_s=2820.832
{
  "aggregated_elapsed_seconds": 2820.831763725,
  "aggregated_processed_samples": 1012,
  "aggregated_seconds_per_processed_sample": 2.7873831657361663,
  "aggregated_seconds_per_total_sample": 2.7873831657361663,
  "elapsed_seconds": 2820.831763725,
  "feature_cache_dir": "/gpfs/scratch1/shared/spunzo1/probe4physics/artifacts/features/intphys2/ltx_video_ltxv_13b_0_9_8_distilled/train-val-test/108242bc2edeea83",
  "n_samples": 1012,
  "resume_events": "/gpfs/scratch1/shared/spunzo1/probe4physics/artifacts/features/intphys2/ltx_video_ltxv_13b_0_9_8_distilled/train-val-test/108242bc2edeea83/.resume/events.jsonl",
  "resume_from_sample_offset": 0,
  "resumed": false,
  "seconds_per_processed_sample": 2.7873831657361663,
  "seconds_per_total_sample": 2.7873831657361663,
  "selected_layers": [
    1,
    2,
    3,
    4,
    5,
    6,
    7,
    8,
    9,
    10,
    11,
    12,
    13,
    14,
    15,
    16,
    17,
    18,
    19,
    20,
    21,
    22,
    23,
    24,
    25,
    26,
    27,
    28,
    29,
    30,
    31,
    32,
    33,
    34,
    35,
    36,
    37,
    38,
    39,
    40
  ],
  "signature": "108242bc2edeea83",
  "skipped": false,
  "warning_log": "/gpfs/scratch1/shared/spunzo1/probe4physics/artifacts/features/intphys2/extract_warnings.log"
}
JOB_END_UTC=2026-08-20T06:48:11Z
JOB_ELAPSED_SECONDS=2993
Completed at:
Thu Aug 20 06:48:11 UTC 2026
