===== PROVENANCE =====
Tue Jul 28 16:03:56 UTC 2026
gcn13.local.snellius.surf.nl
8ade538f54123143e4bfc2c9074722537b446cd4
Python 3.11.15
/home/spunzo1/.conda/envs/probe4physics-gpu/bin/python
REPO_ROOT=/gpfs/home2/spunzo1/Probe4Physics
MODE=full
MAX_SAMPLES=<unset>
BACKBONE_NAME=jepa_v2_1
BACKBONE_VARIANT=vitG_384
BACKBONE_DEVICE=cuda
METADATA_FILE=/gpfs/home2/spunzo1/Probe4Physics/data/annotations/intphys2_metadata.csv
VIDEOS_ROOT=/gpfs/home2/spunzo1/Probe4Physics/data/videos/intphys2
SPLIT_DIR=/gpfs/home2/spunzo1/Probe4Physics/data/splits/intphys2
FEATURE_DIR=/scratch-shared/spunzo1/probe4physics/artifacts/features/intphys2
HF_HOME=/scratch-shared/spunzo1/.cache/huggingface
======================
JOB_START_UTC=2026-07-28T16:03:56Z
[extract.intphys2] resume status: resumed=False offset=0 target=1012 signature=912a06f251d21d6a
[extract.intphys2] completed: signature=912a06f251d21d6a resumed=False reused_samples=0 new_samples=1012 total=1012 elapsed_s=2623.139 sec_per_processed_sample=2.592035 elapsed_agg_s=2623.139
{
  "aggregated_elapsed_seconds": 2623.139344654046,
  "aggregated_processed_samples": 1012,
  "aggregated_seconds_per_processed_sample": 2.5920349255474764,
  "aggregated_seconds_per_total_sample": 2.5920349255474764,
  "elapsed_seconds": 2623.139344654046,
  "feature_cache_dir": "/gpfs/scratch1/shared/spunzo1/probe4physics/artifacts/features/intphys2/jepa_v2_1_vitG_384/train-val-test/912a06f251d21d6a",
  "n_samples": 1012,
  "resume_events": "/gpfs/scratch1/shared/spunzo1/probe4physics/artifacts/features/intphys2/jepa_v2_1_vitG_384/train-val-test/912a06f251d21d6a/.resume/events.jsonl",
  "resume_from_sample_offset": 0,
  "resumed": false,
  "seconds_per_processed_sample": 2.5920349255474764,
  "seconds_per_total_sample": 2.5920349255474764,
  "selected_layers": [
    12,
    24,
    38,
    48
  ],
  "signature": "912a06f251d21d6a",
  "skipped": false,
  "warning_log": "/gpfs/scratch1/shared/spunzo1/probe4physics/artifacts/features/intphys2/extract_warnings.log"
}
JOB_END_UTC=2026-07-28T16:51:16Z
JOB_ELAPSED_SECONDS=2840
Completed at:
Tue Jul 28 16:51:16 UTC 2026
