===== PROVENANCE =====
Mon Aug 10 11:54:53 UTC 2026
gcn25.local.snellius.surf.nl
348ded65e7da65c19c48243bc42645b0c859c028
Python 3.11.15
/home/spunzo1/.conda/envs/probe4physics-gpu/bin/python
REPO_ROOT=/gpfs/home2/spunzo1/Probe4Physics
MODE=full
MAX_SAMPLES=<unset>
BACKBONE_NAME=jepa_v2_1
BACKBONE_VARIANT=vitg_384
BACKBONE_DEVICE=cuda
METADATA_FILE=/gpfs/home2/spunzo1/Probe4Physics/data/annotations/intphys2_metadata.csv
VIDEOS_ROOT=/gpfs/home2/spunzo1/Probe4Physics/data/videos/intphys2
SPLIT_DIR=/gpfs/home2/spunzo1/Probe4Physics/data/splits/intphys2
FEATURE_DIR=<config default>
FEATURE_LAYER_IDS=10,20,30,40
HF_HOME=/scratch-shared/spunzo1/.cache/huggingface
======================
JOB_START_UTC=2026-08-10T11:54:53Z
[extract.intphys2] resume status: resumed=False offset=0 target=1012 signature=d01e54bd443dd81c
[extract.intphys2] completed: signature=d01e54bd443dd81c resumed=False reused_samples=0 new_samples=1012 total=1012 elapsed_s=1973.349 sec_per_processed_sample=1.949950 elapsed_agg_s=1973.349
{
  "aggregated_elapsed_seconds": 1973.349245385034,
  "aggregated_processed_samples": 1012,
  "aggregated_seconds_per_processed_sample": 1.9499498472184131,
  "aggregated_seconds_per_total_sample": 1.9499498472184131,
  "elapsed_seconds": 1973.349245385034,
  "feature_cache_dir": "/gpfs/scratch1/shared/spunzo1/probe4physics/artifacts/features/intphys2/jepa_v2_1_vitg_384/train-val-test/d01e54bd443dd81c",
  "n_samples": 1012,
  "resume_events": "/gpfs/scratch1/shared/spunzo1/probe4physics/artifacts/features/intphys2/jepa_v2_1_vitg_384/train-val-test/d01e54bd443dd81c/.resume/events.jsonl",
  "resume_from_sample_offset": 0,
  "resumed": false,
  "seconds_per_processed_sample": 1.9499498472184131,
  "seconds_per_total_sample": 1.9499498472184131,
  "selected_layers": [
    10,
    20,
    30,
    40
  ],
  "signature": "d01e54bd443dd81c",
  "skipped": false,
  "warning_log": "/gpfs/scratch1/shared/spunzo1/probe4physics/artifacts/features/intphys2/extract_warnings.log"
}
JOB_END_UTC=2026-08-10T12:29:47Z
JOB_ELAPSED_SECONDS=2094
Completed at:
Mon Aug 10 12:29:47 UTC 2026
