===== PROVENANCE =====
Sun Aug  9 23:23:07 UTC 2026
gcn15.local.snellius.surf.nl
348ded65e7da65c19c48243bc42645b0c859c028
Python 3.11.15
/home/spunzo1/.conda/envs/probe4physics-gpu/bin/python
REPO_ROOT=/gpfs/home2/spunzo1/Probe4Physics
MODE=full
MAX_SAMPLES=<unset>
BACKBONE_NAME=jepa_v2
BACKBONE_VARIANT=vitl_256
BACKBONE_DEVICE=cuda
METADATA_FILE=/gpfs/home2/spunzo1/Probe4Physics/data/annotations/intphys2_metadata.csv
VIDEOS_ROOT=/gpfs/home2/spunzo1/Probe4Physics/data/videos/intphys2
SPLIT_DIR=/gpfs/home2/spunzo1/Probe4Physics/data/splits/intphys2
FEATURE_DIR=<config default>
FEATURE_LAYER_IDS=6,12,18,24
HF_HOME=/scratch-shared/spunzo1/.cache/huggingface
======================
JOB_START_UTC=2026-08-09T23:23:07Z
[extract.intphys2] resume status: resumed=False offset=0 target=1012 signature=0421db1cbab854c4
[extract.intphys2] completed: signature=0421db1cbab854c4 resumed=False reused_samples=0 new_samples=1012 total=1012 elapsed_s=1200.298 sec_per_processed_sample=1.186065 elapsed_agg_s=1200.298
{
  "aggregated_elapsed_seconds": 1200.2980389820877,
  "aggregated_processed_samples": 1012,
  "aggregated_seconds_per_processed_sample": 1.186065255911154,
  "aggregated_seconds_per_total_sample": 1.186065255911154,
  "elapsed_seconds": 1200.2980389820877,
  "feature_cache_dir": "/gpfs/scratch1/shared/spunzo1/probe4physics/artifacts/features/intphys2/jepa_v2_vitl_256/train-val-test/0421db1cbab854c4",
  "n_samples": 1012,
  "resume_events": "/gpfs/scratch1/shared/spunzo1/probe4physics/artifacts/features/intphys2/jepa_v2_vitl_256/train-val-test/0421db1cbab854c4/.resume/events.jsonl",
  "resume_from_sample_offset": 0,
  "resumed": false,
  "seconds_per_processed_sample": 1.186065255911154,
  "seconds_per_total_sample": 1.186065255911154,
  "selected_layers": [
    6,
    12,
    18,
    24
  ],
  "signature": "0421db1cbab854c4",
  "skipped": false,
  "warning_log": "/gpfs/scratch1/shared/spunzo1/probe4physics/artifacts/features/intphys2/extract_warnings.log"
}
JOB_END_UTC=2026-08-09T23:43:44Z
JOB_ELAPSED_SECONDS=1237
Completed at:
Sun Aug  9 23:43:44 UTC 2026
