===== PROVENANCE =====
Tue Jul 28 13:03:05 UTC 2026
gcn21.local.snellius.surf.nl
8ade538f54123143e4bfc2c9074722537b446cd4
Python 3.11.15
/home/spunzo1/.conda/envs/probe4physics-gpu/bin/python
REPO_ROOT=/gpfs/home2/spunzo1/Probe4Physics
MODE=full
MAX_SAMPLES=<unset>
BACKBONE_NAME=videomae
BACKBONE_VARIANT=vit_huge_16_224
BACKBONE_DEVICE=cuda
METADATA_FILE=/gpfs/home2/spunzo1/Probe4Physics/data/annotations/intphys2_metadata.csv
VIDEOS_ROOT=/gpfs/home2/spunzo1/Probe4Physics/data/videos/intphys2
SPLIT_DIR=/gpfs/home2/spunzo1/Probe4Physics/data/splits/intphys2
FEATURE_DIR=/scratch-shared/spunzo1/probe4physics/artifacts/features/intphys2
HF_HOME=/scratch-shared/spunzo1/.cache/huggingface
======================
JOB_START_UTC=2026-07-28T13:03:05Z
[extract.intphys2] resume status: resumed=False offset=0 target=1012 signature=ea16ae771600cbaf
[extract.intphys2] completed: signature=ea16ae771600cbaf resumed=False reused_samples=0 new_samples=1012 total=1012 elapsed_s=1266.921 sec_per_processed_sample=1.251898 elapsed_agg_s=1266.921
{
  "aggregated_elapsed_seconds": 1266.9208800380002,
  "aggregated_processed_samples": 1012,
  "aggregated_seconds_per_processed_sample": 1.251898102804348,
  "aggregated_seconds_per_total_sample": 1.251898102804348,
  "elapsed_seconds": 1266.9208800380002,
  "feature_cache_dir": "/gpfs/scratch1/shared/spunzo1/probe4physics/artifacts/features/intphys2/videomae_vit_huge_16_224/train-val-test/ea16ae771600cbaf",
  "n_samples": 1012,
  "resume_events": "/gpfs/scratch1/shared/spunzo1/probe4physics/artifacts/features/intphys2/videomae_vit_huge_16_224/train-val-test/ea16ae771600cbaf/.resume/events.jsonl",
  "resume_from_sample_offset": 0,
  "resumed": false,
  "seconds_per_processed_sample": 1.251898102804348,
  "seconds_per_total_sample": 1.251898102804348,
  "selected_layers": [
    8,
    16,
    24,
    32
  ],
  "signature": "ea16ae771600cbaf",
  "skipped": false,
  "warning_log": "/gpfs/scratch1/shared/spunzo1/probe4physics/artifacts/features/intphys2/extract_warnings.log"
}
JOB_END_UTC=2026-07-28T13:25:48Z
JOB_ELAPSED_SECONDS=1363
Completed at:
Tue Jul 28 13:25:48 UTC 2026
