===== PROVENANCE =====
Mon Aug 10 11:53:14 UTC 2026
gcn8.local.snellius.surf.nl
348ded65e7da65c19c48243bc42645b0c859c028
Python 3.11.15
/home/spunzo1/.conda/envs/probe4physics-gpu/bin/python
REPO_ROOT=/gpfs/home2/spunzo1/Probe4Physics
MODE=full
MAX_SAMPLES=<unset>
BACKBONE_NAME=videomae_v2
BACKBONE_VARIANT=vit_base_16_224
BACKBONE_DEVICE=cuda
METADATA_FILE=/gpfs/home2/spunzo1/Probe4Physics/data/annotations/intphys2_metadata.csv
VIDEOS_ROOT=/gpfs/home2/spunzo1/Probe4Physics/data/videos/intphys2
SPLIT_DIR=/gpfs/home2/spunzo1/Probe4Physics/data/splits/intphys2
FEATURE_DIR=<config default>
FEATURE_LAYER_IDS=3,6,9,12
HF_HOME=/scratch-shared/spunzo1/.cache/huggingface
======================
JOB_START_UTC=2026-08-10T11:53:15Z
[extract.intphys2] resume status: resumed=False offset=0 target=1012 signature=23c5e4453cc4bed9
[extract.intphys2] completed: signature=23c5e4453cc4bed9 resumed=False reused_samples=0 new_samples=1012 total=1012 elapsed_s=1135.481 sec_per_processed_sample=1.122017 elapsed_agg_s=1135.481
{
  "aggregated_elapsed_seconds": 1135.481491373852,
  "aggregated_processed_samples": 1012,
  "aggregated_seconds_per_processed_sample": 1.1220172839662568,
  "aggregated_seconds_per_total_sample": 1.1220172839662568,
  "elapsed_seconds": 1135.481491373852,
  "feature_cache_dir": "/gpfs/scratch1/shared/spunzo1/probe4physics/artifacts/features/intphys2/videomae_v2_vit_base_16_224/train-val-test/23c5e4453cc4bed9",
  "n_samples": 1012,
  "resume_events": "/gpfs/scratch1/shared/spunzo1/probe4physics/artifacts/features/intphys2/videomae_v2_vit_base_16_224/train-val-test/23c5e4453cc4bed9/.resume/events.jsonl",
  "resume_from_sample_offset": 0,
  "resumed": false,
  "seconds_per_processed_sample": 1.1220172839662568,
  "seconds_per_total_sample": 1.1220172839662568,
  "selected_layers": [
    3,
    6,
    9,
    12
  ],
  "signature": "23c5e4453cc4bed9",
  "skipped": false,
  "warning_log": "/gpfs/scratch1/shared/spunzo1/probe4physics/artifacts/features/intphys2/extract_warnings.log"
}
JOB_END_UTC=2026-08-10T12:12:35Z
JOB_ELAPSED_SECONDS=1160
Completed at:
Mon Aug 10 12:12:35 UTC 2026
