===== PROVENANCE =====
Sun Jul  5 14:56:06 UTC 2026
tcn365.local.snellius.surf.nl
ca5f9f034a20104f66fa9512dced366ca5418c27
Python 3.11.15
/home/spunzo1/.conda/envs/probe4physics-gpu/bin/python
REPO_ROOT=/gpfs/home2/spunzo1/Probe4Physics
LOG_FILE=/gpfs/home2/spunzo1/Probe4Physics/logs/init/health/layers_health_cpu_24456858.log
CONDA_ENV_NAME=probe4physics-gpu
======================
Probe4Physics Layer Health Check

Overall: PASS
Checks: total=146 passed=146 failed=0
Mappings: variants=20 benchmark_requests=3

Backbone Variant Layer Mapping
- jepa_v1 (vith16_224) model=vit_huge depth=32: PASS
  original_1_based=[1, 2, 3, 4, 5, 6, 7, 8, 9, 10, 11, 12, 13, 14, 15, 16, 17, 18, 19, 20, 21, 22, 23, 24, 25, 26, 27, 28, 29, 30, 31, 32]
  selected_1_based=[8, 16, 24, 32]
  selected_0_based=[7, 15, 23, 31]
- jepa_v1 (vith16_384) model=vit_huge depth=32: PASS
  original_1_based=[1, 2, 3, 4, 5, 6, 7, 8, 9, 10, 11, 12, 13, 14, 15, 16, 17, 18, 19, 20, 21, 22, 23, 24, 25, 26, 27, 28, 29, 30, 31, 32]
  selected_1_based=[8, 16, 24, 32]
  selected_0_based=[7, 15, 23, 31]
- jepa_v1 (vitl16_224) model=vit_large depth=24: PASS
  original_1_based=[1, 2, 3, 4, 5, 6, 7, 8, 9, 10, 11, 12, 13, 14, 15, 16, 17, 18, 19, 20, 21, 22, 23, 24]
  selected_1_based=[6, 12, 18, 24]
  selected_0_based=[5, 11, 17, 23]
- jepa_v2 (vitg_256) model=vit_giant_xformers depth=40: PASS
  original_1_based=[1, 2, 3, 4, 5, 6, 7, 8, 9, 10, 11, 12, 13, 14, 15, 16, 17, 18, 19, 20, 21, 22, 23, 24, 25, 26, 27, 28, 29, 30, 31, 32, 33, 34, 35, 36, 37, 38, 39, 40]
  selected_1_based=[10, 20, 30, 40]
  selected_0_based=[9, 19, 29, 39]
- jepa_v2 (vitg_384) model=vit_giant_xformers depth=40: PASS
  original_1_based=[1, 2, 3, 4, 5, 6, 7, 8, 9, 10, 11, 12, 13, 14, 15, 16, 17, 18, 19, 20, 21, 22, 23, 24, 25, 26, 27, 28, 29, 30, 31, 32, 33, 34, 35, 36, 37, 38, 39, 40]
  selected_1_based=[10, 20, 30, 40]
  selected_0_based=[9, 19, 29, 39]
- jepa_v2 (vith_256) model=vit_huge depth=32: PASS
  original_1_based=[1, 2, 3, 4, 5, 6, 7, 8, 9, 10, 11, 12, 13, 14, 15, 16, 17, 18, 19, 20, 21, 22, 23, 24, 25, 26, 27, 28, 29, 30, 31, 32]
  selected_1_based=[8, 16, 24, 32]
  selected_0_based=[7, 15, 23, 31]
- jepa_v2 (vitl_256) model=vit_large depth=24: PASS
  original_1_based=[1, 2, 3, 4, 5, 6, 7, 8, 9, 10, 11, 12, 13, 14, 15, 16, 17, 18, 19, 20, 21, 22, 23, 24]
  selected_1_based=[6, 12, 18, 24]
  selected_0_based=[5, 11, 17, 23]
- jepa_v2_1 (vitG_384) model=vit_gigantic_xformers depth=48: PASS
  original_1_based=[1, 2, 3, 4, 5, 6, 7, 8, 9, 10, 11, 12, 13, 14, 15, 16, 17, 18, 19, 20, 21, 22, 23, 24, 25, 26, 27, 28, 29, 30, 31, 32, 33, 34, 35, 36, 37, 38, 39, 40, 41, 42, 43, 44, 45, 46, 47, 48]
  selected_1_based=[12, 24, 38, 48]
  selected_0_based=[11, 23, 37, 47]
- jepa_v2_1 (vitb_384) model=vit_base depth=12: PASS
  original_1_based=[1, 2, 3, 4, 5, 6, 7, 8, 9, 10, 11, 12]
  selected_1_based=[3, 6, 9, 12]
  selected_0_based=[2, 5, 8, 11]
- jepa_v2_1 (vitg_384) model=vit_giant_xformers depth=40: PASS
  original_1_based=[1, 2, 3, 4, 5, 6, 7, 8, 9, 10, 11, 12, 13, 14, 15, 16, 17, 18, 19, 20, 21, 22, 23, 24, 25, 26, 27, 28, 29, 30, 31, 32, 33, 34, 35, 36, 37, 38, 39, 40]
  selected_1_based=[10, 20, 30, 40]
  selected_0_based=[9, 19, 29, 39]
- jepa_v2_1 (vitl_384) model=vit_large depth=24: PASS
  original_1_based=[1, 2, 3, 4, 5, 6, 7, 8, 9, 10, 11, 12, 13, 14, 15, 16, 17, 18, 19, 20, 21, 22, 23, 24]
  selected_1_based=[6, 12, 18, 24]
  selected_0_based=[5, 11, 17, 23]
- videomae (vit_base_16_224) model=vit_base depth=12: PASS
  original_1_based=[1, 2, 3, 4, 5, 6, 7, 8, 9, 10, 11, 12]
  selected_1_based=[3, 6, 9, 12]
  selected_0_based=[2, 5, 8, 11]
- videomae (vit_huge_16_224) model=vit_huge depth=32: PASS
  original_1_based=[1, 2, 3, 4, 5, 6, 7, 8, 9, 10, 11, 12, 13, 14, 15, 16, 17, 18, 19, 20, 21, 22, 23, 24, 25, 26, 27, 28, 29, 30, 31, 32]
  selected_1_based=[8, 16, 24, 32]
  selected_0_based=[7, 15, 23, 31]
- videomae (vit_large_16_224) model=vit_large depth=24: PASS
  original_1_based=[1, 2, 3, 4, 5, 6, 7, 8, 9, 10, 11, 12, 13, 14, 15, 16, 17, 18, 19, 20, 21, 22, 23, 24]
  selected_1_based=[6, 12, 18, 24]
  selected_0_based=[5, 11, 17, 23]
- videomae_v2 (vit_base_16_224) model=vit_base depth=12: PASS
  original_1_based=[1, 2, 3, 4, 5, 6, 7, 8, 9, 10, 11, 12]
  selected_1_based=[3, 6, 9, 12]
  selected_0_based=[2, 5, 8, 11]
- videomae_v2 (vit_giant_16_224) model=vit_giant depth=40: PASS
  original_1_based=[1, 2, 3, 4, 5, 6, 7, 8, 9, 10, 11, 12, 13, 14, 15, 16, 17, 18, 19, 20, 21, 22, 23, 24, 25, 26, 27, 28, 29, 30, 31, 32, 33, 34, 35, 36, 37, 38, 39, 40]
  selected_1_based=[10, 20, 30, 40]
  selected_0_based=[9, 19, 29, 39]
- videomae_v2 (vit_large_16_224) model=vit_large depth=24: PASS
  original_1_based=[1, 2, 3, 4, 5, 6, 7, 8, 9, 10, 11, 12, 13, 14, 15, 16, 17, 18, 19, 20, 21, 22, 23, 24]
  selected_1_based=[6, 12, 18, 24]
  selected_0_based=[5, 11, 17, 23]
- ltx_video (ltx_2b_0_9_8_distilled) model=ltx_transformer_48 depth=48: PASS
  original_1_based=[1, 2, 3, 4, 5, 6, 7, 8, 9, 10, 11, 12, 13, 14, 15, 16, 17, 18, 19, 20, 21, 22, 23, 24, 25, 26, 27, 28, 29, 30, 31, 32, 33, 34, 35, 36, 37, 38, 39, 40, 41, 42, 43, 44, 45, 46, 47, 48]
  selected_1_based=[1, 2, 3, 4, 5, 6, 7, 8, 9, 10, 11, 12, 13, 14, 15, 16, 17, 18, 19, 20, 21, 22, 23, 24, 25, 26, 27, 28, 29, 30, 31, 32, 33, 34, 35, 36, 37, 38, 39, 40]
  selected_0_based=[0, 1, 2, 3, 4, 5, 6, 7, 8, 9, 10, 11, 12, 13, 14, 15, 16, 17, 18, 19, 20, 21, 22, 23, 24, 25, 26, 27, 28, 29, 30, 31, 32, 33, 34, 35, 36, 37, 38, 39]
- ltx_video (ltxv_13b_0_9_8_dev) model=ltx_transformer_28 depth=28: PASS
  original_1_based=[1, 2, 3, 4, 5, 6, 7, 8, 9, 10, 11, 12, 13, 14, 15, 16, 17, 18, 19, 20, 21, 22, 23, 24, 25, 26, 27, 28]
  selected_1_based=[1, 2, 3, 4, 5, 6, 7, 8, 9, 10, 11, 12, 13, 14, 15, 16, 17, 18, 19, 20, 21, 22, 23, 24, 25, 26, 27, 28, 29, 30, 31, 32, 33, 34, 35, 36, 37, 38, 39, 40]
  selected_0_based=[0, 1, 2, 3, 4, 5, 6, 7, 8, 9, 10, 11, 12, 13, 14, 15, 16, 17, 18, 19, 20, 21, 22, 23, 24, 25, 26, 27, 28, 29, 30, 31, 32, 33, 34, 35, 36, 37, 38, 39]
- ltx_video (ltxv_13b_0_9_8_distilled) model=ltx_transformer_48 depth=48: PASS
  original_1_based=[1, 2, 3, 4, 5, 6, 7, 8, 9, 10, 11, 12, 13, 14, 15, 16, 17, 18, 19, 20, 21, 22, 23, 24, 25, 26, 27, 28, 29, 30, 31, 32, 33, 34, 35, 36, 37, 38, 39, 40, 41, 42, 43, 44, 45, 46, 47, 48]
  selected_1_based=[1, 2, 3, 4, 5, 6, 7, 8, 9, 10, 11, 12, 13, 14, 15, 16, 17, 18, 19, 20, 21, 22, 23, 24, 25, 26, 27, 28, 29, 30, 31, 32, 33, 34, 35, 36, 37, 38, 39, 40]
  selected_0_based=[0, 1, 2, 3, 4, 5, 6, 7, 8, 9, 10, 11, 12, 13, 14, 15, 16, 17, 18, 19, 20, 21, 22, 23, 24, 25, 26, 27, 28, 29, 30, 31, 32, 33, 34, 35, 36, 37, 38, 39]

Benchmark Layer Requests
- mvp: PASS (jepa_v1, vith16_384)
  requested=[]
  available_selected=[8, 16, 24, 32]
  effective=[8, 16, 24, 32]
- intphys2: PASS (jepa_v1, vith16_384)
  requested=[]
  available_selected=[8, 16, 24, 32]
  effective=[8, 16, 24, 32]
- ssv2: PASS (jepa_v1, vith16_384)
  requested=[]
  available_selected=[8, 16, 24, 32]
  effective=[8, 16, 24, 32]

Failing checks
- none
Completed at:
Sun Jul  5 14:56:11 UTC 2026
