===== PROVENANCE =====
Tue Jul 28 19:46:28 UTC 2026
gcn58.local.snellius.surf.nl
8ade538f54123143e4bfc2c9074722537b446cd4
Python 3.11.15
/home/spunzo1/.conda/envs/probe4physics-gpu/bin/python
REPO_ROOT=/gpfs/home2/spunzo1/Probe4Physics
MODE=full
MAX_SAMPLES=<unset>
BACKBONE_NAME=jepa_v2_1
BACKBONE_VARIANT=vitG_384
BACKBONE_DEVICE=cuda
ANNOTATION_FILE=/gpfs/home2/spunzo1/Probe4Physics/data/annotations/mvp_full.jsonl
OFFICIAL_REPO_ROOT=/gpfs/home2/spunzo1/Probe4Physics/third_party/minimal_video_pairs
VIDEOS_ROOT=/scratch-shared/spunzo1/probe4physics/data/videos/mvp
CACHE_DIR=/gpfs/home2/spunzo1/Probe4Physics/data/cache/videos
SPLIT_DIR=/gpfs/home2/spunzo1/Probe4Physics/data/splits/mvp/full_60_20_20
FEATURE_DIR=/scratch-shared/spunzo1/probe4physics/artifacts/features/mvp
HF_HOME=/scratch-shared/spunzo1/.cache/huggingface
======================
JOB_START_UTC=2026-07-28T19:46:28Z
[extract.mvp] resume status: resumed=False offset=0 target=9886 signature=9332321fa633b0d9
[extract.mvp] completed: signature=9332321fa633b0d9 resumed=False reused_samples=0 new_samples=9886 total=9886 elapsed_s=20382.439 sec_per_processed_sample=2.061748 elapsed_agg_s=20382.439
{
  "aggregated_elapsed_seconds": 20382.43899894401,
  "aggregated_processed_samples": 9886,
  "aggregated_seconds_per_processed_sample": 2.061747825100547,
  "aggregated_seconds_per_total_sample": 2.061747825100547,
  "elapsed_seconds": 20382.43899894401,
  "feature_cache_dir": "/gpfs/scratch1/shared/spunzo1/probe4physics/artifacts/features/mvp/jepa_v2_1_vitG_384/train-val-test/9332321fa633b0d9",
  "n_samples": 9886,
  "resume_events": "/gpfs/scratch1/shared/spunzo1/probe4physics/artifacts/features/mvp/jepa_v2_1_vitG_384/train-val-test/9332321fa633b0d9/.resume/events.jsonl",
  "resume_from_sample_offset": 0,
  "resumed": false,
  "seconds_per_processed_sample": 2.061747825100547,
  "seconds_per_total_sample": 2.061747825100547,
  "selected_layers": [
    12,
    24,
    38,
    48
  ],
  "signature": "9332321fa633b0d9",
  "skipped": false,
  "warning_log": "/gpfs/scratch1/shared/spunzo1/probe4physics/artifacts/features/mvp/extract_warnings.log"
}
JOB_END_UTC=2026-07-29T01:30:13Z
JOB_ELAPSED_SECONDS=20625
Completed at:
Wed Jul 29 01:30:13 UTC 2026
