===== PROVENANCE =====
Thu Aug 20 06:26:43 UTC 2026
gcn137.local.snellius.surf.nl
c23feee76264c202f870381b0cf3cd63e46abd27
Python 3.11.15
/home/spunzo1/.conda/envs/probe4physics-gpu/bin/python
REPO_ROOT=/gpfs/home2/spunzo1/Probe4Physics
MODE=full
MAX_SAMPLES=<unset>
BACKBONE_NAME=ltx_video
BACKBONE_VARIANT=ltx_2b_0_9_8_distilled
BACKBONE_DEVICE=cuda
ANNOTATION_FILE=/gpfs/home2/spunzo1/Probe4Physics/data/annotations/mvp_full.jsonl
OFFICIAL_REPO_ROOT=/gpfs/home2/spunzo1/Probe4Physics/third_party/minimal_video_pairs
VIDEOS_ROOT=/scratch-shared/spunzo1/probe4physics/data/videos/mvp
CACHE_DIR=/gpfs/home2/spunzo1/Probe4Physics/data/cache/videos
SPLIT_DIR=/gpfs/home2/spunzo1/Probe4Physics/data/splits/mvp/full_60_20_20
FEATURE_DIR=/gpfs/scratch1/shared/spunzo1/probe4physics/artifacts/features/mvp
FEATURE_LAYER_IDS=<unset>
HF_HOME=/scratch-shared/spunzo1/.cache/huggingface
======================
JOB_START_UTC=2026-08-20T06:26:43Z
[extract.mvp] resume status: resumed=False offset=0 target=9886 signature=df5e16e6c781256a
[extract.mvp] completed: signature=df5e16e6c781256a resumed=False reused_samples=0 new_samples=9886 total=9886 elapsed_s=9303.328 sec_per_processed_sample=0.941061 elapsed_agg_s=9303.328
{
  "aggregated_elapsed_seconds": 9303.327728308002,
  "aggregated_processed_samples": 9886,
  "aggregated_seconds_per_processed_sample": 0.9410608667113092,
  "aggregated_seconds_per_total_sample": 0.9410608667113092,
  "elapsed_seconds": 9303.327728308002,
  "feature_cache_dir": "/gpfs/scratch1/shared/spunzo1/probe4physics/artifacts/features/mvp/ltx_video_ltx_2b_0_9_8_distilled/train-val-test/df5e16e6c781256a",
  "n_samples": 9886,
  "resume_events": "/gpfs/scratch1/shared/spunzo1/probe4physics/artifacts/features/mvp/ltx_video_ltx_2b_0_9_8_distilled/train-val-test/df5e16e6c781256a/.resume/events.jsonl",
  "resume_from_sample_offset": 0,
  "resumed": false,
  "seconds_per_processed_sample": 0.9410608667113092,
  "seconds_per_total_sample": 0.9410608667113092,
  "selected_layers": [
    1,
    2,
    3,
    4,
    5,
    6,
    7,
    8,
    9,
    10,
    11,
    12,
    13,
    14,
    15,
    16,
    17,
    18,
    19,
    20,
    21,
    22,
    23,
    24,
    25,
    26,
    27,
    28,
    29,
    30,
    31,
    32,
    33,
    34,
    35,
    36,
    37,
    38,
    39,
    40
  ],
  "signature": "df5e16e6c781256a",
  "skipped": false,
  "warning_log": "/gpfs/scratch1/shared/spunzo1/probe4physics/artifacts/features/mvp/extract_warnings.log"
}
JOB_END_UTC=2026-08-20T09:03:29Z
JOB_ELAPSED_SECONDS=9406
Completed at:
Thu Aug 20 09:03:29 UTC 2026
