===== PROVENANCE =====
Tue Jul 28 19:48:28 UTC 2026
gcn65.local.snellius.surf.nl
8ade538f54123143e4bfc2c9074722537b446cd4
Python 3.11.15
/home/spunzo1/.conda/envs/probe4physics-gpu/bin/python
REPO_ROOT=/gpfs/home2/spunzo1/Probe4Physics
MODE=full
MAX_SAMPLES=<unset>
BACKBONE_NAME=videomae
BACKBONE_VARIANT=vit_huge_16_224
BACKBONE_DEVICE=cuda
ANNOTATION_FILE=/gpfs/home2/spunzo1/Probe4Physics/data/annotations/mvp_full.jsonl
OFFICIAL_REPO_ROOT=/gpfs/home2/spunzo1/Probe4Physics/third_party/minimal_video_pairs
VIDEOS_ROOT=/scratch-shared/spunzo1/probe4physics/data/videos/mvp
CACHE_DIR=/gpfs/home2/spunzo1/Probe4Physics/data/cache/videos
SPLIT_DIR=/gpfs/home2/spunzo1/Probe4Physics/data/splits/mvp/full_60_20_20
FEATURE_DIR=/scratch-shared/spunzo1/probe4physics/artifacts/features/mvp
HF_HOME=/scratch-shared/spunzo1/.cache/huggingface
======================
JOB_START_UTC=2026-07-28T19:48:28Z
[extract.mvp] resume status: resumed=False offset=0 target=9886 signature=25f6b337642dde89
[extract.mvp] completed: signature=25f6b337642dde89 resumed=False reused_samples=0 new_samples=9886 total=9886 elapsed_s=7401.683 sec_per_processed_sample=0.748704 elapsed_agg_s=7401.683
{
  "aggregated_elapsed_seconds": 7401.683034299989,
  "aggregated_processed_samples": 9886,
  "aggregated_seconds_per_processed_sample": 0.7487035235990278,
  "aggregated_seconds_per_total_sample": 0.7487035235990278,
  "elapsed_seconds": 7401.683034299989,
  "feature_cache_dir": "/gpfs/scratch1/shared/spunzo1/probe4physics/artifacts/features/mvp/videomae_vit_huge_16_224/train-val-test/25f6b337642dde89",
  "n_samples": 9886,
  "resume_events": "/gpfs/scratch1/shared/spunzo1/probe4physics/artifacts/features/mvp/videomae_vit_huge_16_224/train-val-test/25f6b337642dde89/.resume/events.jsonl",
  "resume_from_sample_offset": 0,
  "resumed": false,
  "seconds_per_processed_sample": 0.7487035235990278,
  "seconds_per_total_sample": 0.7487035235990278,
  "selected_layers": [
    8,
    16,
    24,
    32
  ],
  "signature": "25f6b337642dde89",
  "skipped": false,
  "warning_log": "/gpfs/scratch1/shared/spunzo1/probe4physics/artifacts/features/mvp/extract_warnings.log"
}
JOB_END_UTC=2026-07-28T21:52:40Z
JOB_ELAPSED_SECONDS=7452
Completed at:
Tue Jul 28 21:52:40 UTC 2026
