===== PROVENANCE =====
Tue Jul 28 19:34:25 UTC 2026
gcn142.local.snellius.surf.nl
8ade538f54123143e4bfc2c9074722537b446cd4
Python 3.11.15
/home/spunzo1/.conda/envs/probe4physics-gpu/bin/python
REPO_ROOT=/gpfs/home2/spunzo1/Probe4Physics
MODE=full
MAX_SAMPLES=<unset>
BACKBONE_NAME=ltx_video
BACKBONE_VARIANT=ltxv_13b_0_9_8_distilled
BACKBONE_DEVICE=cuda
ANNOTATION_FILE=/gpfs/home2/spunzo1/Probe4Physics/data/annotations/mvp_full.jsonl
OFFICIAL_REPO_ROOT=/gpfs/home2/spunzo1/Probe4Physics/third_party/minimal_video_pairs
VIDEOS_ROOT=/scratch-shared/spunzo1/probe4physics/data/videos/mvp
CACHE_DIR=/gpfs/home2/spunzo1/Probe4Physics/data/cache/videos
SPLIT_DIR=/gpfs/home2/spunzo1/Probe4Physics/data/splits/mvp/full_60_20_20
FEATURE_DIR=/scratch-shared/spunzo1/probe4physics/artifacts/features/mvp
HF_HOME=/scratch-shared/spunzo1/.cache/huggingface
======================
JOB_START_UTC=2026-07-28T19:34:25Z
[extract.mvp] resume status: resumed=False offset=0 target=9886 signature=82d22a385cf9e100
[extract.mvp] completed: signature=82d22a385cf9e100 resumed=False reused_samples=0 new_samples=9886 total=9886 elapsed_s=23605.167 sec_per_processed_sample=2.387737 elapsed_agg_s=23605.167
{
  "aggregated_elapsed_seconds": 23605.16735455097,
  "aggregated_processed_samples": 9886,
  "aggregated_seconds_per_processed_sample": 2.3877369365315566,
  "aggregated_seconds_per_total_sample": 2.3877369365315566,
  "elapsed_seconds": 23605.16735455097,
  "feature_cache_dir": "/gpfs/scratch1/shared/spunzo1/probe4physics/artifacts/features/mvp/ltx_video_ltxv_13b_0_9_8_distilled/train-val-test/82d22a385cf9e100",
  "n_samples": 9886,
  "resume_events": "/gpfs/scratch1/shared/spunzo1/probe4physics/artifacts/features/mvp/ltx_video_ltxv_13b_0_9_8_distilled/train-val-test/82d22a385cf9e100/.resume/events.jsonl",
  "resume_from_sample_offset": 0,
  "resumed": false,
  "seconds_per_processed_sample": 2.3877369365315566,
  "seconds_per_total_sample": 2.3877369365315566,
  "selected_layers": [
    1,
    2,
    3,
    4,
    5,
    6,
    7,
    8,
    9,
    10,
    11,
    12,
    13,
    14,
    15,
    16,
    17,
    18,
    19,
    20,
    21,
    22,
    23,
    24,
    25,
    26,
    27,
    28,
    29,
    30,
    31,
    32,
    33,
    34,
    35,
    36,
    37,
    38,
    39,
    40
  ],
  "signature": "82d22a385cf9e100",
  "skipped": false,
  "warning_log": "/gpfs/scratch1/shared/spunzo1/probe4physics/artifacts/features/mvp/extract_warnings.log"
}
JOB_END_UTC=2026-07-29T02:12:25Z
JOB_ELAPSED_SECONDS=23880
Completed at:
Wed Jul 29 02:12:25 UTC 2026
