===== PROVENANCE =====
Sun Aug  9 23:23:07 UTC 2026
gcn18.local.snellius.surf.nl
348ded65e7da65c19c48243bc42645b0c859c028
Python 3.11.15
/home/spunzo1/.conda/envs/probe4physics-gpu/bin/python
REPO_ROOT=/gpfs/home2/spunzo1/Probe4Physics
MODE=full
MAX_SAMPLES=<unset>
BACKBONE_NAME=jepa_v1
BACKBONE_VARIANT=vitl16_224
BACKBONE_DEVICE=cuda
ANNOTATION_FILE=/gpfs/home2/spunzo1/Probe4Physics/data/annotations/mvp_full.jsonl
OFFICIAL_REPO_ROOT=/gpfs/home2/spunzo1/Probe4Physics/third_party/minimal_video_pairs
VIDEOS_ROOT=/scratch-shared/spunzo1/probe4physics/data/videos/mvp
CACHE_DIR=/gpfs/home2/spunzo1/Probe4Physics/data/cache/videos
SPLIT_DIR=/gpfs/home2/spunzo1/Probe4Physics/data/splits/mvp/full_60_20_20
FEATURE_DIR=<config default>
FEATURE_LAYER_IDS=6,12,18,24
HF_HOME=/scratch-shared/spunzo1/.cache/huggingface
======================
JOB_START_UTC=2026-08-09T23:23:07Z
[extract.mvp] resume status: resumed=False offset=0 target=9886 signature=7afc36c5f7b91d40
[extract.mvp] completed: signature=7afc36c5f7b91d40 resumed=False reused_samples=0 new_samples=9886 total=9886 elapsed_s=6627.622 sec_per_processed_sample=0.670405 elapsed_agg_s=6627.622
{
  "aggregated_elapsed_seconds": 6627.621614671079,
  "aggregated_processed_samples": 9886,
  "aggregated_seconds_per_processed_sample": 0.6704047759125106,
  "aggregated_seconds_per_total_sample": 0.6704047759125106,
  "elapsed_seconds": 6627.621614671079,
  "feature_cache_dir": "/gpfs/scratch1/shared/spunzo1/probe4physics/artifacts/features/mvp/jepa_v1_vitl16_224/train-val-test/7afc36c5f7b91d40",
  "n_samples": 9886,
  "resume_events": "/gpfs/scratch1/shared/spunzo1/probe4physics/artifacts/features/mvp/jepa_v1_vitl16_224/train-val-test/7afc36c5f7b91d40/.resume/events.jsonl",
  "resume_from_sample_offset": 0,
  "resumed": false,
  "seconds_per_processed_sample": 0.6704047759125106,
  "seconds_per_total_sample": 0.6704047759125106,
  "selected_layers": [
    6,
    12,
    18,
    24
  ],
  "signature": "7afc36c5f7b91d40",
  "skipped": false,
  "warning_log": "/gpfs/scratch1/shared/spunzo1/probe4physics/artifacts/features/mvp/extract_warnings.log"
}
JOB_END_UTC=2026-08-10T01:14:05Z
JOB_ELAPSED_SECONDS=6658
Completed at:
Mon Aug 10 01:14:05 UTC 2026
