===== PROVENANCE =====
Sun Aug  9 23:11:03 UTC 2026
gcn23.local.snellius.surf.nl
348ded65e7da65c19c48243bc42645b0c859c028
Python 3.11.15
/home/spunzo1/.conda/envs/probe4physics-gpu/bin/python
REPO_ROOT=/gpfs/home2/spunzo1/Probe4Physics
MODE=full
MAX_SAMPLES=<unset>
BACKBONE_NAME=videomae
BACKBONE_VARIANT=vit_large_16_224
BACKBONE_DEVICE=cuda
ANNOTATION_FILE=/gpfs/home2/spunzo1/Probe4Physics/data/annotations/mvp_full.jsonl
OFFICIAL_REPO_ROOT=/gpfs/home2/spunzo1/Probe4Physics/third_party/minimal_video_pairs
VIDEOS_ROOT=/scratch-shared/spunzo1/probe4physics/data/videos/mvp
CACHE_DIR=/gpfs/home2/spunzo1/Probe4Physics/data/cache/videos
SPLIT_DIR=/gpfs/home2/spunzo1/Probe4Physics/data/splits/mvp/full_60_20_20
FEATURE_DIR=<config default>
FEATURE_LAYER_IDS=6,12,18,24
HF_HOME=/scratch-shared/spunzo1/.cache/huggingface
======================
JOB_START_UTC=2026-08-09T23:11:03Z
[extract.mvp] resume status: resumed=False offset=0 target=9886 signature=ceb43d8a3fe860ce
[extract.mvp] completed: signature=ceb43d8a3fe860ce resumed=False reused_samples=0 new_samples=9886 total=9886 elapsed_s=6505.535 sec_per_processed_sample=0.658055 elapsed_agg_s=6505.535
{
  "aggregated_elapsed_seconds": 6505.534953378839,
  "aggregated_processed_samples": 9886,
  "aggregated_seconds_per_processed_sample": 0.6580553260549099,
  "aggregated_seconds_per_total_sample": 0.6580553260549099,
  "elapsed_seconds": 6505.534953378839,
  "feature_cache_dir": "/gpfs/scratch1/shared/spunzo1/probe4physics/artifacts/features/mvp/videomae_vit_large_16_224/train-val-test/ceb43d8a3fe860ce",
  "n_samples": 9886,
  "resume_events": "/gpfs/scratch1/shared/spunzo1/probe4physics/artifacts/features/mvp/videomae_vit_large_16_224/train-val-test/ceb43d8a3fe860ce/.resume/events.jsonl",
  "resume_from_sample_offset": 0,
  "resumed": false,
  "seconds_per_processed_sample": 0.6580553260549099,
  "seconds_per_total_sample": 0.6580553260549099,
  "selected_layers": [
    6,
    12,
    18,
    24
  ],
  "signature": "ceb43d8a3fe860ce",
  "skipped": false,
  "warning_log": "/gpfs/scratch1/shared/spunzo1/probe4physics/artifacts/features/mvp/extract_warnings.log"
}
JOB_END_UTC=2026-08-10T01:00:15Z
JOB_ELAPSED_SECONDS=6552
Completed at:
Mon Aug 10 01:00:15 UTC 2026
