============================================================================================== 
Warning! Mixing Conda and module environments may lead to corruption of the
user environment. 
We do not recommend users mixing those two environments unless absolutely
necessary. Note that 
SURF does not provide any support for Conda environment.
For more information, please refer to our software policy page:
https://servicedesk.surf.nl/wiki/display/WIKI/Software+policy+Snellius#SoftwarepolicySnellius-UseofAnacondaandMinicondaenvironmentsonSnellius 

Remember that many packages have already been installed on the system and can
be loaded using 
the 'module load <package__name>' command. If you are uncertain if a package is
already available 
on the system, please use 'module avail' or 'module spider' to search for it.
============================================================================================== 
Traceback (most recent call last):
  File "/gpfs/home2/spunzo1/Probe4Physics/run.py", line 479, in <module>
    main()
  File "/gpfs/home2/spunzo1/Probe4Physics/run.py", line 97, in main
    result = command.handler(config)
             ^^^^^^^^^^^^^^^^^^^^^^^
  File "/gpfs/home2/spunzo1/Probe4Physics/training/mvp_extract.py", line 9, in run_mvp_extract
    return run_mvp_feature_extraction(config)
           ^^^^^^^^^^^^^^^^^^^^^^^^^^^^^^^^^^
  File "/gpfs/home2/spunzo1/Probe4Physics/benchmarks/mvp/features.py", line 354, in run_mvp_feature_extraction
    adapter = create_adapter(backbone_name, **backbone_kwargs)
              ^^^^^^^^^^^^^^^^^^^^^^^^^^^^^^^^^^^^^^^^^^^^^^^^
  File "/gpfs/home2/spunzo1/Probe4Physics/models/registry.py", line 40, in create_adapter
    return _ADAPTER_FACTORIES[key](**kwargs)
           ^^^^^^^^^^^^^^^^^^^^^^^^^^^^^^^^^
  File "/gpfs/home2/spunzo1/Probe4Physics/models/jepa_v1_adapter.py", line 413, in create_jepa_v1_adapter
    return JEPAV1Adapter(**kwargs)
           ^^^^^^^^^^^^^^^^^^^^^^^
  File "/gpfs/home2/spunzo1/Probe4Physics/models/jepa_v1_adapter.py", line 268, in __init__
    raise FileNotFoundError(f"V-JEPA v1 checkpoint not found: {self.checkpoint_path}")
FileNotFoundError: V-JEPA v1 checkpoint not found: /gpfs/scratch1/shared/spunzo1/probe4physics/data/checkpoints/jepa_v1/vitl16.pth.tar
