===== PROVENANCE =====
Mon Aug 10 11:54:53 UTC 2026
gcn10.local.snellius.surf.nl
348ded65e7da65c19c48243bc42645b0c859c028
Python 3.11.15
/home/spunzo1/.conda/envs/probe4physics-gpu/bin/python
REPO_ROOT=/gpfs/home2/spunzo1/Probe4Physics
MODE=full
MAX_SAMPLES=<unset>
BACKBONE_NAME=jepa_v2_1
BACKBONE_VARIANT=vitb_384
BACKBONE_DEVICE=cuda
ANNOTATION_FILE=/gpfs/home2/spunzo1/Probe4Physics/data/annotations/mvp_full.jsonl
OFFICIAL_REPO_ROOT=/gpfs/home2/spunzo1/Probe4Physics/third_party/minimal_video_pairs
VIDEOS_ROOT=/scratch-shared/spunzo1/probe4physics/data/videos/mvp
CACHE_DIR=/gpfs/home2/spunzo1/Probe4Physics/data/cache/videos
SPLIT_DIR=/gpfs/home2/spunzo1/Probe4Physics/data/splits/mvp/full_60_20_20
FEATURE_DIR=<config default>
FEATURE_LAYER_IDS=3,6,9,12
HF_HOME=/scratch-shared/spunzo1/.cache/huggingface
======================
JOB_START_UTC=2026-08-10T11:54:53Z
[extract.mvp] resume status: resumed=False offset=0 target=9886 signature=22715689fff7d169
[extract.mvp] completed: signature=22715689fff7d169 resumed=False reused_samples=0 new_samples=9886 total=9886 elapsed_s=12589.890 sec_per_processed_sample=1.273507 elapsed_agg_s=12589.890
{
  "aggregated_elapsed_seconds": 12589.889870614046,
  "aggregated_processed_samples": 9886,
  "aggregated_seconds_per_processed_sample": 1.2735069664792682,
  "aggregated_seconds_per_total_sample": 1.2735069664792682,
  "elapsed_seconds": 12589.889870614046,
  "feature_cache_dir": "/gpfs/scratch1/shared/spunzo1/probe4physics/artifacts/features/mvp/jepa_v2_1_vitb_384/train-val-test/22715689fff7d169",
  "n_samples": 9886,
  "resume_events": "/gpfs/scratch1/shared/spunzo1/probe4physics/artifacts/features/mvp/jepa_v2_1_vitb_384/train-val-test/22715689fff7d169/.resume/events.jsonl",
  "resume_from_sample_offset": 0,
  "resumed": false,
  "seconds_per_processed_sample": 1.2735069664792682,
  "seconds_per_total_sample": 1.2735069664792682,
  "selected_layers": [
    3,
    6,
    9,
    12
  ],
  "signature": "22715689fff7d169",
  "skipped": false,
  "warning_log": "/gpfs/scratch1/shared/spunzo1/probe4physics/artifacts/features/mvp/extract_warnings.log"
}
JOB_END_UTC=2026-08-10T15:25:18Z
JOB_ELAPSED_SECONDS=12625
Completed at:
Mon Aug 10 15:25:18 UTC 2026
