===== PROVENANCE =====
Tue Jul 28 19:49:59 UTC 2026
gcn18.local.snellius.surf.nl
8ade538f54123143e4bfc2c9074722537b446cd4
Python 3.11.15
/home/spunzo1/.conda/envs/probe4physics-gpu/bin/python
REPO_ROOT=/gpfs/home2/spunzo1/Probe4Physics
MODE=full
MAX_SAMPLES=<unset>
BACKBONE_NAME=videomae_v2
BACKBONE_VARIANT=vit_giant_16_224
BACKBONE_DEVICE=cuda
ANNOTATION_FILE=/gpfs/home2/spunzo1/Probe4Physics/data/annotations/mvp_full.jsonl
OFFICIAL_REPO_ROOT=/gpfs/home2/spunzo1/Probe4Physics/third_party/minimal_video_pairs
VIDEOS_ROOT=/scratch-shared/spunzo1/probe4physics/data/videos/mvp
CACHE_DIR=/gpfs/home2/spunzo1/Probe4Physics/data/cache/videos
SPLIT_DIR=/gpfs/home2/spunzo1/Probe4Physics/data/splits/mvp/full_60_20_20
FEATURE_DIR=/scratch-shared/spunzo1/probe4physics/artifacts/features/mvp
HF_HOME=/scratch-shared/spunzo1/.cache/huggingface
======================
JOB_START_UTC=2026-07-28T19:49:59Z
[extract.mvp] resume status: resumed=False offset=0 target=9886 signature=e14e4af0e1b29964
[extract.mvp] completed: signature=e14e4af0e1b29964 resumed=False reused_samples=0 new_samples=9886 total=9886 elapsed_s=9630.679 sec_per_processed_sample=0.974174 elapsed_agg_s=9630.679
{
  "aggregated_elapsed_seconds": 9630.679475843033,
  "aggregated_processed_samples": 9886,
  "aggregated_seconds_per_processed_sample": 0.9741735257781745,
  "aggregated_seconds_per_total_sample": 0.9741735257781745,
  "elapsed_seconds": 9630.679475843033,
  "feature_cache_dir": "/gpfs/scratch1/shared/spunzo1/probe4physics/artifacts/features/mvp/videomae_v2_vit_giant_16_224/train-val-test/e14e4af0e1b29964",
  "n_samples": 9886,
  "resume_events": "/gpfs/scratch1/shared/spunzo1/probe4physics/artifacts/features/mvp/videomae_v2_vit_giant_16_224/train-val-test/e14e4af0e1b29964/.resume/events.jsonl",
  "resume_from_sample_offset": 0,
  "resumed": false,
  "seconds_per_processed_sample": 0.9741735257781745,
  "seconds_per_total_sample": 0.9741735257781745,
  "selected_layers": [
    10,
    20,
    30,
    40
  ],
  "signature": "e14e4af0e1b29964",
  "skipped": false,
  "warning_log": "/gpfs/scratch1/shared/spunzo1/probe4physics/artifacts/features/mvp/extract_warnings.log"
}
JOB_END_UTC=2026-07-28T22:31:48Z
JOB_ELAPSED_SECONDS=9709
Completed at:
Tue Jul 28 22:31:48 UTC 2026
