============================================================================================== 
Warning! Mixing Conda and module environments may lead to corruption of the
user environment. 
We do not recommend users mixing those two environments unless absolutely
necessary. Note that 
SURF does not provide any support for Conda environment.
For more information, please refer to our software policy page:
https://servicedesk.surf.nl/wiki/display/WIKI/Software+policy+Snellius#SoftwarepolicySnellius-UseofAnacondaandMinicondaenvironmentsonSnellius 

Remember that many packages have already been installed on the system and can
be loaded using 
the 'module load <package__name>' command. If you are uncertain if a package is
already available 
on the system, please use 'module avail' or 'module spider' to search for it.
============================================================================================== 
/sw/arch/RHEL9/EB_production/2025/software/Anaconda3/2025.06-1/lib/python3.13/argparse.py:1258: FutureWarning: `remote_definition` is deprecated and will be removed in 25.9. Use `conda env create --file=URL` instead.
  subnamespace, arg_strings = subparser.parse_known_args(arg_strings, None)


==> WARNING: A newer version of conda exists. <==
    current version: 25.5.1
    latest version: 26.3.2

Please update conda by running

    $ conda update -n base -c defaults conda


