============================================================================================== 
Warning! Mixing Conda and module environments may lead to corruption of the
user environment. 
We do not recommend users mixing those two environments unless absolutely
necessary. Note that 
SURF does not provide any support for Conda environment.
For more information, please refer to our software policy page:
https://servicedesk.surf.nl/wiki/display/WIKI/Software+policy+Snellius#SoftwarepolicySnellius-UseofAnacondaandMinicondaenvironmentsonSnellius 

Remember that many packages have already been installed on the system and can
be loaded using 
the 'module load <package__name>' command. If you are uncertain if a package is
already available 
on the system, please use 'module avail' or 'module spider' to search for it.
============================================================================================== 
/home/scur0511/.conda/envs/probe4physics-gpu/lib/python3.11/site-packages/huggingface_hub/utils/_validators.py:205: UserWarning: The `local_dir_use_symlinks` argument is deprecated and ignored in `hf_hub_download`. Downloading to a local directory does not use symlinks anymore.
  warnings.warn(
Traceback (most recent call last):
  File "/home/scur0511/.conda/envs/probe4physics-gpu/lib/python3.11/site-packages/huggingface_hub/utils/_http.py", line 761, in hf_raise_for_status
    response.raise_for_status()
  File "/home/scur0511/.conda/envs/probe4physics-gpu/lib/python3.11/site-packages/httpx/_models.py", line 829, in raise_for_status
    raise HTTPStatusError(message, request=request, response=self)
httpx.HTTPStatusError: Client error '401 Unauthorized' for url 'https://huggingface.co/Lightricks/LTX-Video-0.9.8-dev/resolve/main/vae/config.json'
For more information check: https://developer.mozilla.org/en-US/docs/Web/HTTP/Status/401

The above exception was the direct cause of the following exception:

Traceback (most recent call last):
  File "/home/scur0511/.conda/envs/probe4physics-gpu/lib/python3.11/site-packages/diffusers/configuration_utils.py", line 424, in load_config
    config_file = hf_hub_download(
                  ^^^^^^^^^^^^^^^^
  File "/home/scur0511/.conda/envs/probe4physics-gpu/lib/python3.11/site-packages/huggingface_hub/utils/_validators.py", line 88, in _inner_fn
    return fn(*args, **kwargs)
           ^^^^^^^^^^^^^^^^^^^
  File "/home/scur0511/.conda/envs/probe4physics-gpu/lib/python3.11/site-packages/huggingface_hub/file_download.py", line 997, in hf_hub_download
    return _hf_hub_download_to_cache_dir(
           ^^^^^^^^^^^^^^^^^^^^^^^^^^^^^^
  File "/home/scur0511/.conda/envs/probe4physics-gpu/lib/python3.11/site-packages/huggingface_hub/file_download.py", line 1148, in _hf_hub_download_to_cache_dir
    _raise_on_head_call_error(head_call_error, force_download, local_files_only)
  File "/home/scur0511/.conda/envs/probe4physics-gpu/lib/python3.11/site-packages/huggingface_hub/file_download.py", line 1782, in _raise_on_head_call_error
    raise head_call_error
  File "/home/scur0511/.conda/envs/probe4physics-gpu/lib/python3.11/site-packages/huggingface_hub/file_download.py", line 1669, in _get_metadata_or_catch_error
    metadata = get_hf_file_metadata(
               ^^^^^^^^^^^^^^^^^^^^^
  File "/home/scur0511/.conda/envs/probe4physics-gpu/lib/python3.11/site-packages/huggingface_hub/utils/_validators.py", line 88, in _inner_fn
    return fn(*args, **kwargs)
           ^^^^^^^^^^^^^^^^^^^
  File "/home/scur0511/.conda/envs/probe4physics-gpu/lib/python3.11/site-packages/huggingface_hub/file_download.py", line 1591, in get_hf_file_metadata
    response = _httpx_follow_relative_redirects_with_backoff(
               ^^^^^^^^^^^^^^^^^^^^^^^^^^^^^^^^^^^^^^^^^^^^^^
  File "/home/scur0511/.conda/envs/probe4physics-gpu/lib/python3.11/site-packages/huggingface_hub/utils/_http.py", line 692, in _httpx_follow_relative_redirects_with_backoff
    hf_raise_for_status(response)
  File "/home/scur0511/.conda/envs/probe4physics-gpu/lib/python3.11/site-packages/huggingface_hub/utils/_http.py", line 835, in hf_raise_for_status
    raise _format(RepositoryNotFoundError, message, response, repo_type=repo_type, repo_id=repo_id) from e
huggingface_hub.errors.RepositoryNotFoundError: 401 Client Error. (Request ID: Root=1-69ea3bd6-31dd36161a469b5b341b6e8c;e27fc2a7-6c0f-485a-84f6-caa326af1ce2)

Repository Not Found for url: https://huggingface.co/Lightricks/LTX-Video-0.9.8-dev/resolve/main/vae/config.json.
Please make sure you specified the correct `repo_id` and `repo_type`.
If you are trying to access a private or gated repo, make sure you are authenticated and your token has the required permissions.
For more details, see https://huggingface.co/docs/huggingface_hub/authentication
Invalid username or password.

During handling of the above exception, another exception occurred:

Traceback (most recent call last):
  File "/gpfs/home3/scur0511/Probe4Physics/models/ltx_video_adapter.py", line 241, in _load_vae
    vae = AutoencoderKLLTXVideo.from_pretrained(
          ^^^^^^^^^^^^^^^^^^^^^^^^^^^^^^^^^^^^^^
  File "/home/scur0511/.conda/envs/probe4physics-gpu/lib/python3.11/site-packages/huggingface_hub/utils/_validators.py", line 88, in _inner_fn
    return fn(*args, **kwargs)
           ^^^^^^^^^^^^^^^^^^^
  File "/home/scur0511/.conda/envs/probe4physics-gpu/lib/python3.11/site-packages/diffusers/models/modeling_utils.py", line 1078, in from_pretrained
    config, unused_kwargs, commit_hash = cls.load_config(
                                         ^^^^^^^^^^^^^^^^
  File "/home/scur0511/.conda/envs/probe4physics-gpu/lib/python3.11/site-packages/huggingface_hub/utils/_validators.py", line 88, in _inner_fn
    return fn(*args, **kwargs)
           ^^^^^^^^^^^^^^^^^^^
  File "/home/scur0511/.conda/envs/probe4physics-gpu/lib/python3.11/site-packages/diffusers/configuration_utils.py", line 439, in load_config
    raise EnvironmentError(
OSError: Lightricks/LTX-Video-0.9.8-dev is not a local folder and is not a valid model identifier listed on 'https://huggingface.co/models'
If this is a private repository, make sure to pass a token having permission to this repo with `token` or log in with `hf auth login`.

The above exception was the direct cause of the following exception:

Traceback (most recent call last):
  File "/gpfs/home3/scur0511/Probe4Physics/run.py", line 342, in <module>
    main()
  File "/gpfs/home3/scur0511/Probe4Physics/run.py", line 75, in main
    result = command.handler(config)
             ^^^^^^^^^^^^^^^^^^^^^^^
  File "/gpfs/home3/scur0511/Probe4Physics/training/intphys2_extract.py", line 9, in run_intphys2_extract
    return run_intphys2_feature_extraction(config)
           ^^^^^^^^^^^^^^^^^^^^^^^^^^^^^^^^^^^^^^^
  File "/gpfs/home3/scur0511/Probe4Physics/benchmarks/intphys2/features.py", line 101, in run_intphys2_feature_extraction
    adapter = create_adapter(backbone_name, **backbone_kwargs)
              ^^^^^^^^^^^^^^^^^^^^^^^^^^^^^^^^^^^^^^^^^^^^^^^^
  File "/gpfs/home3/scur0511/Probe4Physics/models/registry.py", line 40, in create_adapter
    return _ADAPTER_FACTORIES[key](**kwargs)
           ^^^^^^^^^^^^^^^^^^^^^^^^^^^^^^^^^
  File "/gpfs/home3/scur0511/Probe4Physics/models/ltx_video_adapter.py", line 403, in create_ltx_video_adapter
    return LTXVideoAdapter(**kwargs)
           ^^^^^^^^^^^^^^^^^^^^^^^^^
  File "/gpfs/home3/scur0511/Probe4Physics/models/ltx_video_adapter.py", line 216, in __init__
    self._vae = self._load_vae()
                ^^^^^^^^^^^^^^^^
  File "/gpfs/home3/scur0511/Probe4Physics/models/ltx_video_adapter.py", line 247, in _load_vae
    raise RuntimeError(
RuntimeError: Failed to load LTX-Video VAE from HuggingFace. model_id='Lightricks/LTX-Video-0.9.8-dev', subfolder='vae'. Ensure network access, accepted model license, and valid HF authentication if required.
