===== PROVENANCE =====
Thu Apr 23 03:31:20 PM UTC 2026
gcn28.local.snellius.surf.nl
c7756f524f53392ea3a1752f734bb21762c87f57
Python 3.11.15
/home/scur0511/.conda/envs/probe4physics-gpu/bin/python
REPO_ROOT=/gpfs/home3/scur0511/Probe4Physics
MODE=smoke
BACKBONE_NAME=jepa_v2
BACKBONE_VARIANT=vitg_384
BACKBONE_DEVICE=cuda
METADATA_FILE=/gpfs/home3/scur0511/Probe4Physics/data/annotations/intphys2_metadata.csv
VIDEOS_ROOT=/gpfs/home3/scur0511/Probe4Physics/data/videos/intphys2
SPLIT_DIR=/gpfs/home3/scur0511/Probe4Physics/data/splits/intphys2
FEATURE_DIR=/gpfs/home3/scur0511/Probe4Physics/artifacts/features/intphys2
HF_HOME=/scratch-shared/scur0511/.cache/huggingface
======================
{
  "feature_cache_dir": "/gpfs/home3/scur0511/Probe4Physics/artifacts/features/intphys2/jepa_v2_vitg_384/train-val-test/a8275e7550b2288c",
  "n_samples": 2,
  "selected_layers": [
    10,
    20,
    30,
    40
  ],
  "signature": "a8275e7550b2288c",
  "skipped": false,
  "warning_log": "/gpfs/home3/scur0511/Probe4Physics/artifacts/features/intphys2/extract_warnings.log"
}
Completed at:
Thu Apr 23 03:31:56 PM UTC 2026
