===== PROVENANCE =====
Thu Apr 23 03:31:20 PM UTC 2026
gcn33.local.snellius.surf.nl
c7756f524f53392ea3a1752f734bb21762c87f57
Python 3.11.15
/home/scur0511/.conda/envs/probe4physics-gpu/bin/python
REPO_ROOT=/gpfs/home3/scur0511/Probe4Physics
MODE=smoke
BACKBONE_NAME=jepa_v2_1
BACKBONE_VARIANT=vitG_384
BACKBONE_DEVICE=cuda
METADATA_FILE=/gpfs/home3/scur0511/Probe4Physics/data/annotations/intphys2_metadata.csv
VIDEOS_ROOT=/gpfs/home3/scur0511/Probe4Physics/data/videos/intphys2
SPLIT_DIR=/gpfs/home3/scur0511/Probe4Physics/data/splits/intphys2
FEATURE_DIR=/gpfs/home3/scur0511/Probe4Physics/artifacts/features/intphys2
HF_HOME=/scratch-shared/scur0511/.cache/huggingface
======================
{
  "feature_cache_dir": "/gpfs/home3/scur0511/Probe4Physics/artifacts/features/intphys2/jepa_v2_1_vitG_384/train-val-test/16213cc9d5a66484",
  "n_samples": 2,
  "selected_layers": [
    12,
    24,
    38,
    48
  ],
  "signature": "16213cc9d5a66484",
  "skipped": false,
  "warning_log": "/gpfs/home3/scur0511/Probe4Physics/artifacts/features/intphys2/extract_warnings.log"
}
Completed at:
Thu Apr 23 03:32:13 PM UTC 2026
