=== START layer=30 lr=1e-4 gpu=7 | Sat 16 May 01:45:17 CEST 2026 ===
wandb: [wandb.login()] Loaded credentials for https://api.wandb.ai from /home/v25/ippa6201/.netrc.
wandb: Currently logged in as: losardosalvatorejr (caselli-niccolo-developer-university-of-amsterdam) to https://api.wandb.ai. Use `wandb login --relogin` to force relogin
wandb: setting up run rcmzj6ce
wandb: Tracking run with wandb version 0.24.0
wandb: Run data is saved locally in /home/v25/ippa6201/Probe4Physics/wandb/run-20260516_014532-rcmzj6ce
wandb: Run `wandb offline` to turn off syncing.
wandb: Syncing run mvp_videomae_v2_layer_30_lr_1e-4
wandb: ⭐️ View project at https://wandb.ai/caselli-niccolo-developer-university-of-amsterdam/probe4physics
wandb: 🚀 View run at https://wandb.ai/caselli-niccolo-developer-university-of-amsterdam/probe4physics/runs/rcmzj6ce
wandb: updating run metadata
wandb: uploading history steps 28-29, summary
wandb: 
wandb: Run history:
wandb:          epoch ▁▁▁▂▂▂▂▃▃▃▃▄▄▄▄▅▅▅▅▆▆▆▆▇▇▇▇███
wandb: train_accuracy ▁▁▂▃▄▅▅▅▅▅▆▆▆▇▇▇▇▇████████████
wandb:     train_loss █▇▆▆▅▅▄▄▄▄▃▃▃▃▂▂▂▂▂▁▁▁▁▁▁▁▁▁▁▁
wandb:   val_accuracy ▁▁▂▄▄▅▅▄▅▆▆▆▇▆▇▆▇▇▆▇██▇███████
wandb:       val_loss ▆█▆▅▄▄▂▇▂▂▂▁▁▂▂▅▁▂█▃▁▁▁▂▁▂▂▁▁▁
wandb: 
wandb: Run summary:
wandb:           best_epoch 26
wandb:    best_val_accuracy 89.78766
wandb:        best_val_loss 0.41913
wandb: checkpoint_best_path artifacts/probes/mvp...
wandb: checkpoint_last_path artifacts/probes/mvp...
wandb:      checkpoint_path artifacts/probes/mvp...
wandb:              dataset mvp
wandb:      elapsed_seconds 57287.68083
wandb:                epoch 30
wandb:    feature_signature 0fe803997ba52d40
wandb:                  +19 ...
wandb: 
wandb: 🚀 View run mvp_videomae_v2_layer_30_lr_1e-4 at: https://wandb.ai/caselli-niccolo-developer-university-of-amsterdam/probe4physics/runs/rcmzj6ce
wandb: ⭐️ View project at: https://wandb.ai/caselli-niccolo-developer-university-of-amsterdam/probe4physics
wandb: Synced 4 W&B file(s), 0 media file(s), 0 artifact file(s) and 0 other file(s)
wandb: Find logs at: ./wandb/run-20260516_014532-rcmzj6ce/logs
[features.mvp] using compatible legacy cache: expected_signature=9b940ab0a498dded actual_signature=0fe803997ba52d40 cache_dir=/home/v25/ippa6201/Probe4Physics/artifacts/features/mvp/videomae_v2_vit_giant_16_224/train-val-test/0fe803997ba52d40
{
  "checkpoint": "artifacts/probes/mvp/mvp_probe_temporal_attn_videomae_v2_vit_giant_16_224_lr_matrix/layer_30/lr_1e-4/train/probe_best.pt",
  "checkpoint_best": "artifacts/probes/mvp/mvp_probe_temporal_attn_videomae_v2_vit_giant_16_224_lr_matrix/layer_30/lr_1e-4/train/probe_best.pt",
  "checkpoint_last": "artifacts/probes/mvp/mvp_probe_temporal_attn_videomae_v2_vit_giant_16_224_lr_matrix/layer_30/lr_1e-4/train/probe_last.pt",
  "dataset": "mvp",
  "elapsed_seconds": 57287.680834130966,
  "feature_signature": "0fe803997ba52d40",
  "feature_view": "tokens",
  "fit": {
    "best_epoch": 26,
    "best_val_accuracy": 89.78766430738119,
    "best_val_loss": 0.4191259413834961,
    "early_stopped": false,
    "early_stopping_patience": 5,
    "history": [
      {
        "epoch": 1.0,
        "train_accuracy": 48.11129848229342,
        "train_loss": 0.8599420540281344,
        "val_accuracy": 50.0,
        "val_loss": 0.7361344288285027
      },
      {
        "epoch": 2.0,
        "train_accuracy": 47.403035413153454,
        "train_loss": 0.7256983571116633,
        "val_accuracy": 50.0,
        "val_loss": 0.851717704950377
      },
      {
        "epoch": 3.0,
        "train_accuracy": 55.126475548060704,
        "train_loss": 0.6790248130314508,
        "val_accuracy": 55.7633973710819,
        "val_loss": 0.7210704599581546
      },
      {
        "epoch": 4.0,
        "train_accuracy": 64.30016863406408,
        "train_loss": 0.5943873696301948,
        "val_accuracy": 64.76238624873609,
        "val_loss": 0.6656979190146115
      },
      {
        "epoch": 5.0,
        "train_accuracy": 69.73018549747049,
        "train_loss": 0.5319584748314152,
        "val_accuracy": 66.48129423660262,
        "val_loss": 0.5918261170146197
      },
      {
        "epoch": 6.0,
        "train_accuracy": 72.76559865092749,
        "train_loss": 0.4649822324224683,
        "val_accuracy": 71.99191102123356,
        "val_loss": 0.5626083140888862
      },
      {
        "epoch": 7.0,
        "train_accuracy": 75.1602023608769,
        "train_loss": 0.4274186504746702,
        "val_accuracy": 72.85136501516683,
        "val_loss": 0.4252759276657258
      },
      {
        "epoch": 8.0,
        "train_accuracy": 75.27824620573355,
        "train_loss": 0.424246989656185,
        "val_accuracy": 68.14964610717897,
        "val_loss": 0.7601062881938567
      },
      {
        "epoch": 9.0,
        "train_accuracy": 76.91399662731871,
        "train_loss": 0.38418174656194004,
        "val_accuracy": 75.17694641051568,
        "val_loss": 0.4244484184418193
      },
      {
        "epoch": 10.0,
        "train_accuracy": 78.06070826306915,
        "train_loss": 0.3578964979400421,
        "val_accuracy": 75.78361981799799,
        "val_loss": 0.39662084694375815
      },
      {
        "epoch": 11.0,
        "train_accuracy": 80.15177065767286,
        "train_loss": 0.3496352717726044,
        "val_accuracy": 76.39029322548029,
        "val_loss": 0.39977659152331574
      },
      {
        "epoch": 12.0,
        "train_accuracy": 82.78246205733558,
        "train_loss": 0.33189364001353916,
        "val_accuracy": 78.41253791708796,
        "val_loss": 0.3817068026643806
      },
      {
        "epoch": 13.0,
        "train_accuracy": 84.73861720067454,
        "train_loss": 0.28758929990675375,
        "val_accuracy": 81.34479271991911,
        "val_loss": 0.3802044064993371
      },
      {
        "epoch": 14.0,
        "train_accuracy": 87.72344013490725,
        "train_loss": 0.2549492855413609,
        "val_accuracy": 81.19312436804853,
        "val_loss": 0.40273410596083614
      },
      {
        "epoch": 15.0,
        "train_accuracy": 89.59527824620574,
        "train_loss": 0.22648366188406976,
        "val_accuracy": 82.6086956521739,
        "val_loss": 0.3944340080911486
      },
      {
        "epoch": 16.0,
        "train_accuracy": 90.94435075885329,
        "train_loss": 0.20091206584829843,
        "val_accuracy": 80.94034378159756,
        "val_loss": 0.6238319460831334
      },
      {
        "epoch": 17.0,
        "train_accuracy": 92.0741989881956,
        "train_loss": 0.17724888619876175,
        "val_accuracy": 85.8948432760364,
        "val_loss": 0.35109856701947606
      },
      {
        "epoch": 18.0,
        "train_accuracy": 92.78246205733558,
        "train_loss": 0.16621857089439745,
        "val_accuracy": 86.24873609706775,
        "val_loss": 0.3945555834376408
      },
      {
        "epoch": 19.0,
        "train_accuracy": 94.5193929173693,
        "train_loss": 0.1344461524858355,
        "val_accuracy": 78.76643073811931,
        "val_loss": 0.8206325540990234
      },
      {
        "epoch": 20.0,
        "train_accuracy": 94.97470489038787,
        "train_loss": 0.11926191251901674,
        "val_accuracy": 85.08594539939332,
        "val_loss": 0.5258828802216334
      },
      {
        "epoch": 21.0,
        "train_accuracy": 95.58178752107925,
        "train_loss": 0.10771354084442199,
        "val_accuracy": 87.8665318503539,
        "val_loss": 0.35250451775748415
      },
      {
        "epoch": 22.0,
        "train_accuracy": 96.03709949409782,
        "train_loss": 0.11930666614890106,
        "val_accuracy": 87.66430738119313,
        "val_loss": 0.36566288315724144
      },
      {
        "epoch": 23.0,
        "train_accuracy": 96.57672849915683,
        "train_loss": 0.08969059317171356,
        "val_accuracy": 85.03538928210314,
        "val_loss": 0.3811067834552476
      },
      {
        "epoch": 24.0,
        "train_accuracy": 95.95278246205734,
        "train_loss": 0.10014830245357158,
        "val_accuracy": 88.27098078867543,
        "val_loss": 0.4469608075554124
      },
      {
        "epoch": 25.0,
        "train_accuracy": 96.6779089376054,
        "train_loss": 0.08513658661168563,
        "val_accuracy": 88.422649140546,
        "val_loss": 0.35871432278945675
      },
      {
        "epoch": 26.0,
        "train_accuracy": 97.09949409780776,
        "train_loss": 0.07297003215767191,
        "val_accuracy": 89.78766430738119,
        "val_loss": 0.4191259413834961
      },
      {
        "epoch": 27.0,
        "train_accuracy": 97.20067453625633,
        "train_loss": 0.10230186289533195,
        "val_accuracy": 88.72598584428715,
        "val_loss": 0.44134446429675955
      },
      {
        "epoch": 28.0,
        "train_accuracy": 97.45362563237774,
        "train_loss": 0.07375019390592853,
        "val_accuracy": 89.0798786653185,
        "val_loss": 0.3764958573572005
      },
      {
        "epoch": 29.0,
        "train_accuracy": 97.5548060708263,
        "train_loss": 0.06780642719669427,
        "val_accuracy": 89.0798786653185,
        "val_loss": 0.38124729179272376
      },
      {
        "epoch": 30.0,
        "train_accuracy": 97.70657672849916,
        "train_loss": 0.06827086120882157,
        "val_accuracy": 88.01820020222448,
        "val_loss": 0.38458714915510345
      }
    ],
    "n_epochs": 30,
    "train_accuracy": 97.70657672849916,
    "train_loss": 0.06827086120882157,
    "val_accuracy": 88.01820020222448,
    "val_loss": 0.38458714915510345
  },
  "input_dim": 1408,
  "layer": 30,
  "n_train": 5930,
  "n_val": 1978,
  "num_classes": 2,
  "output_dir": "artifacts/probes/mvp/mvp_probe_temporal_attn_videomae_v2_vit_giant_16_224_lr_matrix/layer_30/lr_1e-4/train",
  "probe_hparams": {
    "batch_size": 2,
    "deterministic": false,
    "device": "cuda:7",
    "dropout": 0.2,
    "early_stopping": {
      "enabled": true,
      "patience": 5
    },
    "embed_dim": null,
    "epochs": 30,
    "eval_batch_size": 2,
    "feature_view": "tokens",
    "layer": 30,
    "lr": 0.0001,
    "mlp_ratio": 2.0,
    "name": "temporal_attn",
    "num_classes": 2,
    "num_heads": 16,
    "num_self_attn_blocks": 1,
    "weight_decay": 0.01
  },
  "probe_name": "temporal_attn",
  "seconds_per_labeled_sample": 7.2442692000671425,
  "seconds_per_train_sample": 9.660654440831529
}
=== DONE layer=30 lr=1e-4 exit=0 | Sat 16 May 17:40:15 CEST 2026 ===
