=== START layer=40 lr=1e-5 gpu=7 | Sat 16 May 01:45:17 CEST 2026 ===
wandb: [wandb.login()] Loaded credentials for https://api.wandb.ai from /home/v25/ippa6201/.netrc.
wandb: Currently logged in as: losardosalvatorejr (caselli-niccolo-developer-university-of-amsterdam) to https://api.wandb.ai. Use `wandb login --relogin` to force relogin
wandb: setting up run 8g8s1uhz
wandb: Tracking run with wandb version 0.24.0
wandb: Run data is saved locally in /home/v25/ippa6201/Probe4Physics/wandb/run-20260516_014531-8g8s1uhz
wandb: Run `wandb offline` to turn off syncing.
wandb: Syncing run mvp_videomae_v2_layer_40_lr_1e-5
wandb: ⭐️ View project at https://wandb.ai/caselli-niccolo-developer-university-of-amsterdam/probe4physics
wandb: 🚀 View run at https://wandb.ai/caselli-niccolo-developer-university-of-amsterdam/probe4physics/runs/8g8s1uhz
wandb: updating run metadata
wandb: uploading config.yaml
wandb: uploading history steps 28-29, summary
wandb: 
wandb: Run history:
wandb:          epoch ▁▁▁▂▂▂▂▃▃▃▃▄▄▄▄▅▅▅▅▆▆▆▆▇▇▇▇███
wandb: train_accuracy ▁▁▁▁▂▂▃▄▄▅▅▅▆▆▇▇▇▇████████████
wandb:     train_loss █▇▆▆▆▆▅▅▄▄▄▃▃▃▂▂▂▂▂▁▁▁▁▁▁▁▁▁▁▁
wandb:   val_accuracy ▁▁▁▂▂▃▄▅▅▅▆▆▆▇▇▇▇▇▇▇████▇█████
wandb:       val_loss ▆█▇▆▆▆▅▄▃▃▂▂▂▁▁▁▁▂▁▁▂▃▁▂▃▁▂▂▂▂
wandb: 
wandb: Run summary:
wandb:           best_epoch 30
wandb:    best_val_accuracy 90.44489
wandb:        best_val_loss 0.32723
wandb: checkpoint_best_path artifacts/probes/mvp...
wandb: checkpoint_last_path artifacts/probes/mvp...
wandb:      checkpoint_path artifacts/probes/mvp...
wandb:              dataset mvp
wandb:      elapsed_seconds 57662.87787
wandb:                epoch 30
wandb:    feature_signature 0fe803997ba52d40
wandb:                  +19 ...
wandb: 
wandb: 🚀 View run mvp_videomae_v2_layer_40_lr_1e-5 at: https://wandb.ai/caselli-niccolo-developer-university-of-amsterdam/probe4physics/runs/8g8s1uhz
wandb: ⭐️ View project at: https://wandb.ai/caselli-niccolo-developer-university-of-amsterdam/probe4physics
wandb: Synced 4 W&B file(s), 0 media file(s), 0 artifact file(s) and 0 other file(s)
wandb: Find logs at: ./wandb/run-20260516_014531-8g8s1uhz/logs
[features.mvp] using compatible legacy cache: expected_signature=9b940ab0a498dded actual_signature=0fe803997ba52d40 cache_dir=/home/v25/ippa6201/Probe4Physics/artifacts/features/mvp/videomae_v2_vit_giant_16_224/train-val-test/0fe803997ba52d40
{
  "checkpoint": "artifacts/probes/mvp/mvp_probe_temporal_attn_videomae_v2_vit_giant_16_224_lr_matrix/layer_40/lr_1e-5/train/probe_best.pt",
  "checkpoint_best": "artifacts/probes/mvp/mvp_probe_temporal_attn_videomae_v2_vit_giant_16_224_lr_matrix/layer_40/lr_1e-5/train/probe_best.pt",
  "checkpoint_last": "artifacts/probes/mvp/mvp_probe_temporal_attn_videomae_v2_vit_giant_16_224_lr_matrix/layer_40/lr_1e-5/train/probe_last.pt",
  "dataset": "mvp",
  "elapsed_seconds": 57662.877868737036,
  "feature_signature": "0fe803997ba52d40",
  "feature_view": "tokens",
  "fit": {
    "best_epoch": 30,
    "best_val_accuracy": 90.4448938321537,
    "best_val_loss": 0.3272301170368611,
    "early_stopped": false,
    "early_stopping_patience": 5,
    "history": [
      {
        "epoch": 1.0,
        "train_accuracy": 48.81956155143339,
        "train_loss": 0.9463843591599199,
        "val_accuracy": 52.78058645096056,
        "val_loss": 0.7052613939144493
      },
      {
        "epoch": 2.0,
        "train_accuracy": 49.03878583473862,
        "train_loss": 0.8109585003396512,
        "val_accuracy": 50.0,
        "val_loss": 0.8259449466174004
      },
      {
        "epoch": 3.0,
        "train_accuracy": 48.51602023608769,
        "train_loss": 0.7447737513364467,
        "val_accuracy": 50.0,
        "val_loss": 0.7558144880016122
      },
      {
        "epoch": 4.0,
        "train_accuracy": 50.42158516020236,
        "train_loss": 0.7181429298867865,
        "val_accuracy": 55.308392315470165,
        "val_loss": 0.7000228930923889
      },
      {
        "epoch": 5.0,
        "train_accuracy": 54.114671163575046,
        "train_loss": 0.681004097390587,
        "val_accuracy": 53.28614762386249,
        "val_loss": 0.6732990357297858
      },
      {
        "epoch": 6.0,
        "train_accuracy": 58.39797639123103,
        "train_loss": 0.6287490661960005,
        "val_accuracy": 61.627906976744185,
        "val_loss": 0.6532301593496155
      },
      {
        "epoch": 7.0,
        "train_accuracy": 62.917369308600335,
        "train_loss": 0.5784729631885593,
        "val_accuracy": 65.16683518705764,
        "val_loss": 0.5548650094510892
      },
      {
        "epoch": 8.0,
        "train_accuracy": 67.18381112984822,
        "train_loss": 0.5357449839132892,
        "val_accuracy": 70.87967644084934,
        "val_loss": 0.506883050980983
      },
      {
        "epoch": 9.0,
        "train_accuracy": 70.55649241146712,
        "train_loss": 0.47571406282192175,
        "val_accuracy": 71.89079878665319,
        "val_loss": 0.4717069195836069
      },
      {
        "epoch": 10.0,
        "train_accuracy": 74.33389544688028,
        "train_loss": 0.41414139510589726,
        "val_accuracy": 73.96359959555106,
        "val_loss": 0.43922261086360354
      },
      {
        "epoch": 11.0,
        "train_accuracy": 77.18381112984824,
        "train_loss": 0.3719886002717419,
        "val_accuracy": 76.08695652173914,
        "val_loss": 0.37798553547292413
      },
      {
        "epoch": 12.0,
        "train_accuracy": 79.12310286677909,
        "train_loss": 0.34867118217137777,
        "val_accuracy": 77.75530839231547,
        "val_loss": 0.36252083330172025
      },
      {
        "epoch": 13.0,
        "train_accuracy": 82.86677908937605,
        "train_loss": 0.2986837681104029,
        "val_accuracy": 80.63700707785641,
        "val_loss": 0.332271124832399
      },
      {
        "epoch": 14.0,
        "train_accuracy": 85.7335581787521,
        "train_loss": 0.2589668947982363,
        "val_accuracy": 83.16481294236603,
        "val_loss": 0.3135181830126411
      },
      {
        "epoch": 15.0,
        "train_accuracy": 88.26306913996628,
        "train_loss": 0.22583025274995575,
        "val_accuracy": 84.32760364004045,
        "val_loss": 0.2824608037005571
      },
      {
        "epoch": 16.0,
        "train_accuracy": 90.38785834738617,
        "train_loss": 0.18994809646878655,
        "val_accuracy": 83.87259858442872,
        "val_loss": 0.3080987477233577
      },
      {
        "epoch": 17.0,
        "train_accuracy": 92.4283305227656,
        "train_loss": 0.15488766102834117,
        "val_accuracy": 86.04651162790698,
        "val_loss": 0.2759576242520999
      },
      {
        "epoch": 18.0,
        "train_accuracy": 93.60876897133221,
        "train_loss": 0.13957855659064064,
        "val_accuracy": 86.29929221435793,
        "val_loss": 0.32276714398751805
      },
      {
        "epoch": 19.0,
        "train_accuracy": 95.12647554806071,
        "train_loss": 0.11260088546324785,
        "val_accuracy": 87.46208291203236,
        "val_loss": 0.30723600080957225
      },
      {
        "epoch": 20.0,
        "train_accuracy": 95.1433389544688,
        "train_loss": 0.10341279790369162,
        "val_accuracy": 87.31041456016177,
        "val_loss": 0.2905143505045935
      },
      {
        "epoch": 21.0,
        "train_accuracy": 96.69477234401349,
        "train_loss": 0.07904047704270578,
        "val_accuracy": 87.71486349848333,
        "val_loss": 0.3724031803685954
      },
      {
        "epoch": 22.0,
        "train_accuracy": 96.32377740303542,
        "train_loss": 0.08532889182445291,
        "val_accuracy": 88.67542972699697,
        "val_loss": 0.3993057586689397
      },
      {
        "epoch": 23.0,
        "train_accuracy": 97.13322091062395,
        "train_loss": 0.06852770427553907,
        "val_accuracy": 89.13043478260869,
        "val_loss": 0.29255520051284134
      },
      {
        "epoch": 24.0,
        "train_accuracy": 97.08263069139966,
        "train_loss": 0.06926801747714169,
        "val_accuracy": 90.09100101112234,
        "val_loss": 0.3156119283459686
      },
      {
        "epoch": 25.0,
        "train_accuracy": 97.63912310286678,
        "train_loss": 0.059229176318770276,
        "val_accuracy": 86.65318503538928,
        "val_loss": 0.4180751131353878
      },
      {
        "epoch": 26.0,
        "train_accuracy": 97.50421585160203,
        "train_loss": 0.06175204691554052,
        "val_accuracy": 89.43377148634984,
        "val_loss": 0.2772806355661272
      },
      {
        "epoch": 27.0,
        "train_accuracy": 98.01011804384486,
        "train_loss": 0.05049994805136833,
        "val_accuracy": 89.98988877654196,
        "val_loss": 0.38327330050830516
      },
      {
        "epoch": 28.0,
        "train_accuracy": 98.4822934232715,
        "train_loss": 0.04195781110404997,
        "val_accuracy": 90.19211324570273,
        "val_loss": 0.393644893893004
      },
      {
        "epoch": 29.0,
        "train_accuracy": 98.38111298482293,
        "train_loss": 0.04065253193455905,
        "val_accuracy": 89.63599595551062,
        "val_loss": 0.33822802756020615
      },
      {
        "epoch": 30.0,
        "train_accuracy": 98.33052276559864,
        "train_loss": 0.04518714546763519,
        "val_accuracy": 90.4448938321537,
        "val_loss": 0.3272301170368611
      }
    ],
    "n_epochs": 30,
    "train_accuracy": 98.33052276559864,
    "train_loss": 0.04518714546763519,
    "val_accuracy": 90.4448938321537,
    "val_loss": 0.3272301170368611
  },
  "input_dim": 1408,
  "layer": 40,
  "n_train": 5930,
  "n_val": 1978,
  "num_classes": 2,
  "output_dir": "artifacts/probes/mvp/mvp_probe_temporal_attn_videomae_v2_vit_giant_16_224_lr_matrix/layer_40/lr_1e-5/train",
  "probe_hparams": {
    "batch_size": 2,
    "deterministic": false,
    "device": "cuda:7",
    "dropout": 0.2,
    "early_stopping": {
      "enabled": true,
      "patience": 5
    },
    "embed_dim": null,
    "epochs": 30,
    "eval_batch_size": 2,
    "feature_view": "tokens",
    "layer": 40,
    "lr": 1e-05,
    "mlp_ratio": 2.0,
    "name": "temporal_attn",
    "num_classes": 2,
    "num_heads": 16,
    "num_self_attn_blocks": 1,
    "weight_decay": 0.01
  },
  "probe_name": "temporal_attn",
  "seconds_per_labeled_sample": 7.29171444976442,
  "seconds_per_train_sample": 9.72392544160827
}
=== DONE layer=40 lr=1e-5 exit=0 | Sat 16 May 17:46:29 CEST 2026 ===
