=== START layer=30 lr=5e-4 gpu=6 | Sat 16 May 01:45:17 CEST 2026 ===
wandb: [wandb.login()] Loaded credentials for https://api.wandb.ai from /home/v25/ippa6201/.netrc.
wandb: Currently logged in as: losardosalvatorejr (caselli-niccolo-developer-university-of-amsterdam) to https://api.wandb.ai. Use `wandb login --relogin` to force relogin
wandb: setting up run byuagtak
wandb: Tracking run with wandb version 0.24.0
wandb: Run data is saved locally in /home/v25/ippa6201/Probe4Physics/wandb/run-20260516_014533-byuagtak
wandb: Run `wandb offline` to turn off syncing.
wandb: Syncing run mvp_videomae_v2_layer_30_lr_5e-4
wandb: ⭐️ View project at https://wandb.ai/caselli-niccolo-developer-university-of-amsterdam/probe4physics
wandb: 🚀 View run at https://wandb.ai/caselli-niccolo-developer-university-of-amsterdam/probe4physics/runs/byuagtak
wandb: updating run metadata
wandb: uploading config.yaml
wandb: uploading history steps 5-6, summary
wandb: 
wandb: Run history:
wandb:          epoch ▁▂▃▅▆▇█
wandb: train_accuracy ▁▆▄█▅█▆
wandb:     train_loss ▁▁▁▁▁█▆
wandb:   val_accuracy ▃█▆▁▂▇▇
wandb:       val_loss ▁▁▁▁▁█▃
wandb: 
wandb: Run summary:
wandb:           best_epoch 2
wandb:    best_val_accuracy 50.05056
wandb:        best_val_loss 12.22024
wandb: checkpoint_best_path artifacts/probes/mvp...
wandb: checkpoint_last_path artifacts/probes/mvp...
wandb:      checkpoint_path artifacts/probes/mvp...
wandb:              dataset mvp
wandb:      elapsed_seconds 14362.53725
wandb:                epoch 7
wandb:    feature_signature 0fe803997ba52d40
wandb:                  +19 ...
wandb: 
wandb: 🚀 View run mvp_videomae_v2_layer_30_lr_5e-4 at: https://wandb.ai/caselli-niccolo-developer-university-of-amsterdam/probe4physics/runs/byuagtak
wandb: ⭐️ View project at: https://wandb.ai/caselli-niccolo-developer-university-of-amsterdam/probe4physics
wandb: Synced 4 W&B file(s), 0 media file(s), 0 artifact file(s) and 0 other file(s)
wandb: Find logs at: ./wandb/run-20260516_014533-byuagtak/logs
[features.mvp] using compatible legacy cache: expected_signature=9b940ab0a498dded actual_signature=0fe803997ba52d40 cache_dir=/home/v25/ippa6201/Probe4Physics/artifacts/features/mvp/videomae_v2_vit_giant_16_224/train-val-test/0fe803997ba52d40
{
  "checkpoint": "artifacts/probes/mvp/mvp_probe_temporal_attn_videomae_v2_vit_giant_16_224_lr_matrix/layer_30/lr_5e-4/train/probe_best.pt",
  "checkpoint_best": "artifacts/probes/mvp/mvp_probe_temporal_attn_videomae_v2_vit_giant_16_224_lr_matrix/layer_30/lr_5e-4/train/probe_best.pt",
  "checkpoint_last": "artifacts/probes/mvp/mvp_probe_temporal_attn_videomae_v2_vit_giant_16_224_lr_matrix/layer_30/lr_5e-4/train/probe_last.pt",
  "dataset": "mvp",
  "elapsed_seconds": 14362.537252101989,
  "feature_signature": "0fe803997ba52d40",
  "feature_view": "tokens",
  "fit": {
    "best_epoch": 2,
    "best_val_accuracy": 50.05055611729019,
    "best_val_loss": 12.220240261933393,
    "early_stopped": true,
    "early_stopping_patience": 5,
    "history": [
      {
        "epoch": 1.0,
        "train_accuracy": 48.026981450252954,
        "train_loss": 36.24441803195619,
        "val_accuracy": 49.79777553083923,
        "val_loss": 4.042939731936517
      },
      {
        "epoch": 2.0,
        "train_accuracy": 49.46037099494098,
        "train_loss": 21.59069106512652,
        "val_accuracy": 50.05055611729019,
        "val_loss": 12.220240261933393
      },
      {
        "epoch": 3.0,
        "train_accuracy": 48.920741989881954,
        "train_loss": 26.643988476989325,
        "val_accuracy": 49.94944388270981,
        "val_loss": 48.68908586943224
      },
      {
        "epoch": 4.0,
        "train_accuracy": 49.93254637436762,
        "train_loss": 35.65209075422526,
        "val_accuracy": 49.69666329625885,
        "val_loss": 11.664751967069227
      },
      {
        "epoch": 5.0,
        "train_accuracy": 49.19055649241147,
        "train_loss": 46.042882454068426,
        "val_accuracy": 49.74721941354904,
        "val_loss": 28.102019364823114
      },
      {
        "epoch": 6.0,
        "train_accuracy": 49.81450252951096,
        "train_loss": 8625.416387236352,
        "val_accuracy": 50.0,
        "val_loss": 980.5978510194167
      },
      {
        "epoch": 7.0,
        "train_accuracy": 49.35919055649241,
        "train_loss": 5822.684315490705,
        "val_accuracy": 50.0,
        "val_loss": 220.99614771890205
      }
    ],
    "n_epochs": 7,
    "train_accuracy": 49.35919055649241,
    "train_loss": 5822.684315490705,
    "val_accuracy": 50.0,
    "val_loss": 220.99614771890205
  },
  "input_dim": 1408,
  "layer": 30,
  "n_train": 5930,
  "n_val": 1978,
  "num_classes": 2,
  "output_dir": "artifacts/probes/mvp/mvp_probe_temporal_attn_videomae_v2_vit_giant_16_224_lr_matrix/layer_30/lr_5e-4/train",
  "probe_hparams": {
    "batch_size": 2,
    "deterministic": false,
    "device": "cuda:6",
    "dropout": 0.2,
    "early_stopping": {
      "enabled": true,
      "patience": 5
    },
    "embed_dim": null,
    "epochs": 30,
    "eval_batch_size": 2,
    "feature_view": "tokens",
    "layer": 30,
    "lr": 0.0005,
    "mlp_ratio": 2.0,
    "name": "temporal_attn",
    "num_classes": 2,
    "num_heads": 16,
    "num_self_attn_blocks": 1,
    "weight_decay": 0.01
  },
  "probe_name": "temporal_attn",
  "seconds_per_labeled_sample": 1.816203496725087,
  "seconds_per_train_sample": 2.4220130273359173
}
=== DONE layer=30 lr=5e-4 exit=0 | Sat 16 May 05:44:52 CEST 2026 ===
