=== START layer=24 lr=5e-4 gpu=4 | Thu 14 May 18:07:19 CEST 2026 ===
wandb: [wandb.login()] Loaded credentials for https://api.wandb.ai from /home/v25/ippa6201/.netrc.
wandb: Currently logged in as: losardosalvatorejr (caselli-niccolo-developer-university-of-amsterdam) to https://api.wandb.ai. Use `wandb login --relogin` to force relogin
wandb: setting up run 7pkqucw1
wandb: Tracking run with wandb version 0.24.0
wandb: Run data is saved locally in /home/v25/ippa6201/Probe4Physics/wandb/run-20260514_180731-7pkqucw1
wandb: Run `wandb offline` to turn off syncing.
wandb: Syncing run mvp_videomae_layer_24_lr_5e-4
wandb: ⭐️ View project at https://wandb.ai/caselli-niccolo-developer-university-of-amsterdam/probe4physics
wandb: 🚀 View run at https://wandb.ai/caselli-niccolo-developer-university-of-amsterdam/probe4physics/runs/7pkqucw1
wandb: updating run metadata
wandb: updating run metadata; uploading wandb-summary.json
wandb: uploading config.yaml
wandb: 
wandb: Run history:
wandb:          epoch ▁▂▃▄▅▅▆▇█
wandb: train_accuracy ▁█▃█▂▃▅▇▇
wandb:     train_loss ▁▁▁▁▁█   
wandb:   val_accuracy ▅▃▁█▇▅▅▅▅
wandb:       val_loss ▁▁▁▁▁█   
wandb: 
wandb: Run summary:
wandb:           best_epoch 4
wandb:    best_val_accuracy 50.85945
wandb:        best_val_loss 11.45545
wandb: checkpoint_best_path artifacts/probes/mvp...
wandb: checkpoint_last_path artifacts/probes/mvp...
wandb:      checkpoint_path artifacts/probes/mvp...
wandb:              dataset mvp
wandb:      elapsed_seconds 13517.96641
wandb:                epoch 9
wandb:    feature_signature 054d12ce1bcf0e54
wandb:                  +17 ...
wandb: 
wandb: 🚀 View run mvp_videomae_layer_24_lr_5e-4 at: https://wandb.ai/caselli-niccolo-developer-university-of-amsterdam/probe4physics/runs/7pkqucw1
wandb: ⭐️ View project at: https://wandb.ai/caselli-niccolo-developer-university-of-amsterdam/probe4physics
wandb: Synced 4 W&B file(s), 0 media file(s), 0 artifact file(s) and 0 other file(s)
wandb: Find logs at: ./wandb/run-20260514_180731-7pkqucw1/logs
[features.mvp] using compatible legacy cache: expected_signature=a37f592be7d2d486 actual_signature=054d12ce1bcf0e54 cache_dir=/home/v25/ippa6201/Probe4Physics/artifacts/features/mvp/videomae_vit_huge_16_224/train-val-test/054d12ce1bcf0e54
{
  "checkpoint": "artifacts/probes/mvp/mvp_probe_temporal_attn_videomae_vit_huge_16_224_lr_matrix/layer_24/lr_5e-4/train/probe_best.pt",
  "checkpoint_best": "artifacts/probes/mvp/mvp_probe_temporal_attn_videomae_vit_huge_16_224_lr_matrix/layer_24/lr_5e-4/train/probe_best.pt",
  "checkpoint_last": "artifacts/probes/mvp/mvp_probe_temporal_attn_videomae_vit_huge_16_224_lr_matrix/layer_24/lr_5e-4/train/probe_last.pt",
  "dataset": "mvp",
  "elapsed_seconds": 13517.966412900016,
  "feature_signature": "054d12ce1bcf0e54",
  "feature_view": "tokens",
  "fit": {
    "best_epoch": 4,
    "best_val_accuracy": 50.859453993933265,
    "best_val_loss": 11.455451658376964,
    "early_stopped": true,
    "early_stopping_patience": 5,
    "history": [
      {
        "epoch": 1.0,
        "train_accuracy": 48.195615514333895,
        "train_loss": 18.395852471224835,
        "val_accuracy": 49.94944388270981,
        "val_loss": 5.953975835274606
      },
      {
        "epoch": 2.0,
        "train_accuracy": 50.16863406408094,
        "train_loss": 37.11232618207261,
        "val_accuracy": 49.393326592517695,
        "val_loss": 9.744706088874011
      },
      {
        "epoch": 3.0,
        "train_accuracy": 48.785834738617204,
        "train_loss": 33.78223476653584,
        "val_accuracy": 48.7360970677452,
        "val_loss": 48.12510534547982
      },
      {
        "epoch": 4.0,
        "train_accuracy": 50.118043844856665,
        "train_loss": 48.31288523682566,
        "val_accuracy": 50.859453993933265,
        "val_loss": 11.455451658376964
      },
      {
        "epoch": 5.0,
        "train_accuracy": 48.36424957841484,
        "train_loss": 30.17532966110122,
        "val_accuracy": 50.55611729019211,
        "val_loss": 17.9961421058804
      },
      {
        "epoch": 6.0,
        "train_accuracy": 48.83642495784149,
        "train_loss": 13363.071585161733,
        "val_accuracy": 50.0,
        "val_loss": 5728.848121326782
      },
      {
        "epoch": 7.0,
        "train_accuracy": 49.24114671163575,
        "train_loss": NaN,
        "val_accuracy": 50.0,
        "val_loss": NaN
      },
      {
        "epoch": 8.0,
        "train_accuracy": 50.0,
        "train_loss": NaN,
        "val_accuracy": 50.0,
        "val_loss": NaN
      },
      {
        "epoch": 9.0,
        "train_accuracy": 50.0,
        "train_loss": NaN,
        "val_accuracy": 50.0,
        "val_loss": NaN
      }
    ],
    "n_epochs": 9,
    "train_accuracy": 50.0,
    "train_loss": NaN,
    "val_accuracy": 50.0,
    "val_loss": NaN
  },
  "input_dim": 1280,
  "layer": 24,
  "n_train": 5930,
  "n_val": 1978,
  "num_classes": 2,
  "output_dir": "artifacts/probes/mvp/mvp_probe_temporal_attn_videomae_vit_huge_16_224_lr_matrix/layer_24/lr_5e-4/train",
  "probe_hparams": {
    "batch_size": 2,
    "deterministic": false,
    "device": "cuda:4",
    "dropout": 0.2,
    "early_stopping": {
      "enabled": true,
      "patience": 5
    },
    "embed_dim": null,
    "epochs": 30,
    "eval_batch_size": 2,
    "feature_view": "tokens",
    "layer": 24,
    "lr": 0.0005,
    "mlp_ratio": 2.0,
    "name": "temporal_attn",
    "num_classes": 2,
    "num_heads": 16,
    "num_self_attn_blocks": 1,
    "weight_decay": 0.01
  },
  "probe_name": "temporal_attn",
  "seconds_per_labeled_sample": 1.7094039470030369,
  "seconds_per_train_sample": 2.2795896143170347
}
=== DONE layer=24 lr=5e-4 exit=0 | Thu 14 May 21:52:44 CEST 2026 ===
