=== START layer=10 lr=1e-4 gpu=7 | Sat 16 May 01:45:17 CEST 2026 ===
wandb: [wandb.login()] Loaded credentials for https://api.wandb.ai from /home/v25/ippa6201/.netrc.
wandb: Currently logged in as: losardosalvatorejr (caselli-niccolo-developer-university-of-amsterdam) to https://api.wandb.ai. Use `wandb login --relogin` to force relogin
wandb: setting up run dl6qjel4
wandb: Tracking run with wandb version 0.24.0
wandb: Run data is saved locally in /home/v25/ippa6201/Probe4Physics/wandb/run-20260516_014532-dl6qjel4
wandb: Run `wandb offline` to turn off syncing.
wandb: Syncing run mvp_videomae_v2_layer_10_lr_1e-4
wandb: ⭐️ View project at https://wandb.ai/caselli-niccolo-developer-university-of-amsterdam/probe4physics
wandb: 🚀 View run at https://wandb.ai/caselli-niccolo-developer-university-of-amsterdam/probe4physics/runs/dl6qjel4
wandb: updating run metadata
wandb: uploading wandb-summary.json
wandb: uploading history steps 28-29, summary
wandb: 
wandb: Run history:
wandb:          epoch ▁▁▁▂▂▂▂▃▃▃▃▄▄▄▄▅▅▅▅▆▆▆▆▇▇▇▇███
wandb: train_accuracy ▁▁▁▁▂▂▂▃▃▄▄▅▅▆▆▇▇▇▇▇██████████
wandb:     train_loss █▇▇▇▇▆▆▆▆▅▅▄▄▃▃▃▃▂▂▂▂▁▁▁▁▁▁▁▁▁
wandb:   val_accuracy ▁▁▃▂▂▃▄▄▃▆▇▇▇▇▇▇██████████████
wandb:       val_loss ▂▂▂▂▂▂▂▂▂▁▁▁▁▂▁▁▁▂▂▃▄▃█▄▆▆▇▅▆█
wandb: 
wandb: Run summary:
wandb:           best_epoch 26
wandb:    best_val_accuracy 74.16582
wandb:        best_val_loss 1.30611
wandb: checkpoint_best_path artifacts/probes/mvp...
wandb: checkpoint_last_path artifacts/probes/mvp...
wandb:      checkpoint_path artifacts/probes/mvp...
wandb:              dataset mvp
wandb:      elapsed_seconds 57618.18193
wandb:                epoch 30
wandb:    feature_signature 0fe803997ba52d40
wandb:                  +19 ...
wandb: 
wandb: 🚀 View run mvp_videomae_v2_layer_10_lr_1e-4 at: https://wandb.ai/caselli-niccolo-developer-university-of-amsterdam/probe4physics/runs/dl6qjel4
wandb: ⭐️ View project at: https://wandb.ai/caselli-niccolo-developer-university-of-amsterdam/probe4physics
wandb: Synced 4 W&B file(s), 0 media file(s), 0 artifact file(s) and 0 other file(s)
wandb: Find logs at: ./wandb/run-20260516_014532-dl6qjel4/logs
[features.mvp] using compatible legacy cache: expected_signature=9b940ab0a498dded actual_signature=0fe803997ba52d40 cache_dir=/home/v25/ippa6201/Probe4Physics/artifacts/features/mvp/videomae_v2_vit_giant_16_224/train-val-test/0fe803997ba52d40
{
  "checkpoint": "artifacts/probes/mvp/mvp_probe_temporal_attn_videomae_v2_vit_giant_16_224_lr_matrix/layer_10/lr_1e-4/train/probe_best.pt",
  "checkpoint_best": "artifacts/probes/mvp/mvp_probe_temporal_attn_videomae_v2_vit_giant_16_224_lr_matrix/layer_10/lr_1e-4/train/probe_best.pt",
  "checkpoint_last": "artifacts/probes/mvp/mvp_probe_temporal_attn_videomae_v2_vit_giant_16_224_lr_matrix/layer_10/lr_1e-4/train/probe_last.pt",
  "dataset": "mvp",
  "elapsed_seconds": 57618.181931384024,
  "feature_signature": "0fe803997ba52d40",
  "feature_view": "tokens",
  "fit": {
    "best_epoch": 26,
    "best_val_accuracy": 74.16582406471183,
    "best_val_loss": 1.3061084678729011,
    "early_stopped": false,
    "early_stopping_patience": 5,
    "history": [
      {
        "epoch": 1.0,
        "train_accuracy": 48.31365935919056,
        "train_loss": 0.8652737985898151,
        "val_accuracy": 50.0,
        "val_loss": 0.752159492733264
      },
      {
        "epoch": 2.0,
        "train_accuracy": 45.059021922428336,
        "train_loss": 0.7269276410492034,
        "val_accuracy": 50.0,
        "val_loss": 0.7301156259282173
      },
      {
        "epoch": 3.0,
        "train_accuracy": 45.98650927487353,
        "train_loss": 0.704458679280575,
        "val_accuracy": 55.91506572295247,
        "val_loss": 0.692470463510712
      },
      {
        "epoch": 4.0,
        "train_accuracy": 48.34738617200674,
        "train_loss": 0.699123752260578,
        "val_accuracy": 52.88169868554095,
        "val_loss": 0.6883321317671766
      },
      {
        "epoch": 5.0,
        "train_accuracy": 49.27487352445194,
        "train_loss": 0.702221468977293,
        "val_accuracy": 52.98281092012134,
        "val_loss": 0.6882787369741589
      },
      {
        "epoch": 6.0,
        "train_accuracy": 50.80944350758854,
        "train_loss": 0.6894350577159625,
        "val_accuracy": 57.28008088978767,
        "val_loss": 0.6679282443799432
      },
      {
        "epoch": 7.0,
        "train_accuracy": 54.60370994940978,
        "train_loss": 0.6797640037898581,
        "val_accuracy": 60.111223458038424,
        "val_loss": 0.6594669749570448
      },
      {
        "epoch": 8.0,
        "train_accuracy": 57.99325463743676,
        "train_loss": 0.642384807831815,
        "val_accuracy": 60.46511627906976,
        "val_loss": 0.6382191785214765
      },
      {
        "epoch": 9.0,
        "train_accuracy": 62.327150084317026,
        "train_loss": 0.6028218569799305,
        "val_accuracy": 58.139534883720934,
        "val_loss": 0.6255932506343351
      },
      {
        "epoch": 10.0,
        "train_accuracy": 68.07757166947724,
        "train_loss": 0.5349828952926903,
        "val_accuracy": 67.64408493427705,
        "val_loss": 0.5489871301231538
      },
      {
        "epoch": 11.0,
        "train_accuracy": 70.9274873524452,
        "train_loss": 0.4944079240316574,
        "val_accuracy": 70.12133468149646,
        "val_loss": 0.5141511720802867
      },
      {
        "epoch": 12.0,
        "train_accuracy": 74.99156829679595,
        "train_loss": 0.44030263632908045,
        "val_accuracy": 70.98078867542974,
        "val_loss": 0.5119207058017082
      },
      {
        "epoch": 13.0,
        "train_accuracy": 77.53794266441821,
        "train_loss": 0.3931948732510176,
        "val_accuracy": 71.99191102123356,
        "val_loss": 0.5706071370423259
      },
      {
        "epoch": 14.0,
        "train_accuracy": 80.33726812816188,
        "train_loss": 0.358778629132272,
        "val_accuracy": 70.27300303336703,
        "val_loss": 0.7071748026963335
      },
      {
        "epoch": 15.0,
        "train_accuracy": 83.25463743676222,
        "train_loss": 0.3258635274543124,
        "val_accuracy": 70.67745197168858,
        "val_loss": 0.5197025778669859
      },
      {
        "epoch": 16.0,
        "train_accuracy": 86.29005059021922,
        "train_loss": 0.2939755744673011,
        "val_accuracy": 72.34580384226491,
        "val_loss": 0.5824843696656022
      },
      {
        "epoch": 17.0,
        "train_accuracy": 87.2512647554806,
        "train_loss": 0.26141306201192316,
        "val_accuracy": 72.95247724974722,
        "val_loss": 0.593666921382614
      },
      {
        "epoch": 18.0,
        "train_accuracy": 89.15682967959528,
        "train_loss": 0.22118156824585625,
        "val_accuracy": 72.64914054600607,
        "val_loss": 0.6223755720681241
      },
      {
        "epoch": 19.0,
        "train_accuracy": 90.18549747048904,
        "train_loss": 0.2339465838272933,
        "val_accuracy": 72.59858442871587,
        "val_loss": 0.7274914966085295
      },
      {
        "epoch": 20.0,
        "train_accuracy": 92.17537942664418,
        "train_loss": 0.17551406008243237,
        "val_accuracy": 73.91304347826086,
        "val_loss": 0.9229145774196421
      },
      {
        "epoch": 21.0,
        "train_accuracy": 93.27150084317032,
        "train_loss": 0.15503004877594648,
        "val_accuracy": 73.30637007077856,
        "val_loss": 1.016190636545307
      },
      {
        "epoch": 22.0,
        "train_accuracy": 94.14839797639122,
        "train_loss": 0.13626151152292162,
        "val_accuracy": 72.54802831142568,
        "val_loss": 0.8114188283229328
      },
      {
        "epoch": 23.0,
        "train_accuracy": 94.77234401349072,
        "train_loss": 0.12045012946616622,
        "val_accuracy": 74.11526794742164,
        "val_loss": 1.614223760295855
      },
      {
        "epoch": 24.0,
        "train_accuracy": 95.22765598650928,
        "train_loss": 0.11606242513296582,
        "val_accuracy": 73.66026289180991,
        "val_loss": 0.9791041693255573
      },
      {
        "epoch": 25.0,
        "train_accuracy": 96.18887015177066,
        "train_loss": 0.09751163877754175,
        "val_accuracy": 72.80080889787665,
        "val_loss": 1.4082911924685353
      },
      {
        "epoch": 26.0,
        "train_accuracy": 95.56492411467117,
        "train_loss": 0.1150907181421738,
        "val_accuracy": 74.16582406471183,
        "val_loss": 1.3061084678729011
      },
      {
        "epoch": 27.0,
        "train_accuracy": 96.00337268128162,
        "train_loss": 0.09484548623142178,
        "val_accuracy": 73.35692618806875,
        "val_loss": 1.527220283875044
      },
      {
        "epoch": 28.0,
        "train_accuracy": 96.50927487352445,
        "train_loss": 0.09356180250621508,
        "val_accuracy": 73.50859453993934,
        "val_loss": 1.2427121119847409
      },
      {
        "epoch": 29.0,
        "train_accuracy": 96.62731871838112,
        "train_loss": 0.10081543739194852,
        "val_accuracy": 72.80080889787665,
        "val_loss": 1.3725085211912609
      },
      {
        "epoch": 30.0,
        "train_accuracy": 96.964586846543,
        "train_loss": 0.08071077673614664,
        "val_accuracy": 72.59858442871587,
        "val_loss": 1.6670724965637471
      }
    ],
    "n_epochs": 30,
    "train_accuracy": 96.964586846543,
    "train_loss": 0.08071077673614664,
    "val_accuracy": 72.59858442871587,
    "val_loss": 1.6670724965637471
  },
  "input_dim": 1408,
  "layer": 10,
  "n_train": 5930,
  "n_val": 1978,
  "num_classes": 2,
  "output_dir": "artifacts/probes/mvp/mvp_probe_temporal_attn_videomae_v2_vit_giant_16_224_lr_matrix/layer_10/lr_1e-4/train",
  "probe_hparams": {
    "batch_size": 2,
    "deterministic": false,
    "device": "cuda:7",
    "dropout": 0.2,
    "early_stopping": {
      "enabled": true,
      "patience": 5
    },
    "embed_dim": null,
    "epochs": 30,
    "eval_batch_size": 2,
    "feature_view": "tokens",
    "layer": 10,
    "lr": 0.0001,
    "mlp_ratio": 2.0,
    "name": "temporal_attn",
    "num_classes": 2,
    "num_heads": 16,
    "num_self_attn_blocks": 1,
    "weight_decay": 0.01
  },
  "probe_name": "temporal_attn",
  "seconds_per_labeled_sample": 7.286062459709664,
  "seconds_per_train_sample": 9.716388184044524
}
=== DONE layer=10 lr=1e-4 exit=0 | Sat 16 May 17:45:45 CEST 2026 ===
