=== START layer=20 lr=5e-5 gpu=6 | Sat 16 May 01:45:17 CEST 2026 ===
wandb: [wandb.login()] Loaded credentials for https://api.wandb.ai from /home/v25/ippa6201/.netrc.
wandb: Currently logged in as: losardosalvatorejr (caselli-niccolo-developer-university-of-amsterdam) to https://api.wandb.ai. Use `wandb login --relogin` to force relogin
wandb: setting up run z1yls6r0
wandb: Tracking run with wandb version 0.24.0
wandb: Run data is saved locally in /home/v25/ippa6201/Probe4Physics/wandb/run-20260516_014531-z1yls6r0
wandb: Run `wandb offline` to turn off syncing.
wandb: Syncing run mvp_videomae_v2_layer_20_lr_5e-5
wandb: ⭐️ View project at https://wandb.ai/caselli-niccolo-developer-university-of-amsterdam/probe4physics
wandb: 🚀 View run at https://wandb.ai/caselli-niccolo-developer-university-of-amsterdam/probe4physics/runs/z1yls6r0
wandb: updating run metadata
wandb: uploading wandb-summary.json
wandb: uploading history steps 26-27, summary
wandb: 
wandb: Run history:
wandb:          epoch ▁▁▂▂▂▂▃▃▃▃▄▄▄▄▅▅▅▅▆▆▆▆▇▇▇▇██
wandb: train_accuracy ▁▁▂▃▄▄▅▅▅▅▅▅▆▆▆▆▆▇▇▇▇▇██████
wandb:     train_loss █▇▇▆▅▄▄▄▃▃▃▃▃▃▃▃▃▂▂▂▂▁▁▁▁▁▁▁
wandb:   val_accuracy ▁▁▃▄▄▅▅▆▆▆▆▆▇▆▆▆▇▆▇█████████
wandb:       val_loss █▇▇▅▅▄▃▃▁▁▁▂▁▁▃▄▂▅▃▂▂▃▄▁▄▄▃▃
wandb: 
wandb: Run summary:
wandb:           best_epoch 23
wandb:    best_val_accuracy 84.63094
wandb:        best_val_loss 0.55961
wandb: checkpoint_best_path artifacts/probes/mvp...
wandb: checkpoint_last_path artifacts/probes/mvp...
wandb:      checkpoint_path artifacts/probes/mvp...
wandb:              dataset mvp
wandb:      elapsed_seconds 33578.59448
wandb:                epoch 28
wandb:    feature_signature 0fe803997ba52d40
wandb:                  +19 ...
wandb: 
wandb: 🚀 View run mvp_videomae_v2_layer_20_lr_5e-5 at: https://wandb.ai/caselli-niccolo-developer-university-of-amsterdam/probe4physics/runs/z1yls6r0
wandb: ⭐️ View project at: https://wandb.ai/caselli-niccolo-developer-university-of-amsterdam/probe4physics
wandb: Synced 4 W&B file(s), 0 media file(s), 0 artifact file(s) and 0 other file(s)
wandb: Find logs at: ./wandb/run-20260516_014531-z1yls6r0/logs
[features.mvp] using compatible legacy cache: expected_signature=9b940ab0a498dded actual_signature=0fe803997ba52d40 cache_dir=/home/v25/ippa6201/Probe4Physics/artifacts/features/mvp/videomae_v2_vit_giant_16_224/train-val-test/0fe803997ba52d40
{
  "checkpoint": "artifacts/probes/mvp/mvp_probe_temporal_attn_videomae_v2_vit_giant_16_224_lr_matrix/layer_20/lr_5e-5/train/probe_best.pt",
  "checkpoint_best": "artifacts/probes/mvp/mvp_probe_temporal_attn_videomae_v2_vit_giant_16_224_lr_matrix/layer_20/lr_5e-5/train/probe_best.pt",
  "checkpoint_last": "artifacts/probes/mvp/mvp_probe_temporal_attn_videomae_v2_vit_giant_16_224_lr_matrix/layer_20/lr_5e-5/train/probe_last.pt",
  "dataset": "mvp",
  "elapsed_seconds": 33578.594482163026,
  "feature_signature": "0fe803997ba52d40",
  "feature_view": "tokens",
  "fit": {
    "best_epoch": 23,
    "best_val_accuracy": 84.6309403437816,
    "best_val_loss": 0.5596124739141489,
    "early_stopped": true,
    "early_stopping_patience": 5,
    "history": [
      {
        "epoch": 1.0,
        "train_accuracy": 48.802698145025296,
        "train_loss": 0.8662768718396043,
        "val_accuracy": 50.0,
        "val_loss": 0.7706314530845118
      },
      {
        "epoch": 2.0,
        "train_accuracy": 47.03204047217538,
        "train_loss": 0.7454373764247959,
        "val_accuracy": 50.0,
        "val_loss": 0.7371645310048025
      },
      {
        "epoch": 3.0,
        "train_accuracy": 52.917369308600335,
        "train_loss": 0.7047025743690531,
        "val_accuracy": 61.27401415571284,
        "val_loss": 0.7154433375019185
      },
      {
        "epoch": 4.0,
        "train_accuracy": 62.4114671163575,
        "train_loss": 0.6082371452693124,
        "val_accuracy": 64.61071789686552,
        "val_loss": 0.6047171888490659
      },
      {
        "epoch": 5.0,
        "train_accuracy": 68.29679595278246,
        "train_loss": 0.5400380819224597,
        "val_accuracy": 65.62184024266936,
        "val_loss": 0.5778209277898585
      },
      {
        "epoch": 6.0,
        "train_accuracy": 71.34907251264757,
        "train_loss": 0.4748339258542935,
        "val_accuracy": 71.99191102123356,
        "val_loss": 0.5263844988758956
      },
      {
        "epoch": 7.0,
        "train_accuracy": 74.13153456998313,
        "train_loss": 0.4165983985633043,
        "val_accuracy": 72.04246713852376,
        "val_loss": 0.5104447446023678
      },
      {
        "epoch": 8.0,
        "train_accuracy": 75.98650927487353,
        "train_loss": 0.38067661543116516,
        "val_accuracy": 73.81193124368049,
        "val_loss": 0.46477853179695694
      },
      {
        "epoch": 9.0,
        "train_accuracy": 76.59359190556494,
        "train_loss": 0.3521041645044409,
        "val_accuracy": 76.44084934277048,
        "val_loss": 0.37249916488836854
      },
      {
        "epoch": 10.0,
        "train_accuracy": 77.13322091062395,
        "train_loss": 0.350024463723946,
        "val_accuracy": 74.9747219413549,
        "val_loss": 0.38319237116401456
      },
      {
        "epoch": 11.0,
        "train_accuracy": 77.70657672849916,
        "train_loss": 0.33389318333621565,
        "val_accuracy": 76.54196157735086,
        "val_loss": 0.39751029282687467
      },
      {
        "epoch": 12.0,
        "train_accuracy": 78.58347386172007,
        "train_loss": 0.333760289874294,
        "val_accuracy": 75.07583417593528,
        "val_loss": 0.45235028608398575
      },
      {
        "epoch": 13.0,
        "train_accuracy": 80.01686340640809,
        "train_loss": 0.31137506476841686,
        "val_accuracy": 77.35085945399393,
        "val_loss": 0.37897189242605966
      },
      {
        "epoch": 14.0,
        "train_accuracy": 81.33220910623946,
        "train_loss": 0.3108921149266336,
        "val_accuracy": 75.73306370070779,
        "val_loss": 0.38285195554030566
      },
      {
        "epoch": 15.0,
        "train_accuracy": 82.44519392917368,
        "train_loss": 0.29573078052769736,
        "val_accuracy": 76.33973710819009,
        "val_loss": 0.47639594758477194
      },
      {
        "epoch": 16.0,
        "train_accuracy": 83.65935919055649,
        "train_loss": 0.2796481155394908,
        "val_accuracy": 76.13751263902932,
        "val_loss": 0.5692097423448279
      },
      {
        "epoch": 17.0,
        "train_accuracy": 85.49747048903879,
        "train_loss": 0.2669667751069347,
        "val_accuracy": 77.45197168857432,
        "val_loss": 0.44628492779298773
      },
      {
        "epoch": 18.0,
        "train_accuracy": 86.15514333895446,
        "train_loss": 0.2531315191434485,
        "val_accuracy": 77.19919110212335,
        "val_loss": 0.6092144329156036
      },
      {
        "epoch": 19.0,
        "train_accuracy": 88.4822934232715,
        "train_loss": 0.2312004972793867,
        "val_accuracy": 80.48533872598584,
        "val_loss": 0.4771781234292907
      },
      {
        "epoch": 20.0,
        "train_accuracy": 90.3035413153457,
        "train_loss": 0.20160103093780576,
        "val_accuracy": 82.20424671385238,
        "val_loss": 0.443614752664374
      },
      {
        "epoch": 21.0,
        "train_accuracy": 92.47892074198988,
        "train_loss": 0.1656195860843308,
        "val_accuracy": 84.5298281092012,
        "val_loss": 0.44877769056708583
      },
      {
        "epoch": 22.0,
        "train_accuracy": 92.79932546374367,
        "train_loss": 0.14327863913795164,
        "val_accuracy": 83.26592517694641,
        "val_loss": 0.485144292251863
      },
      {
        "epoch": 23.0,
        "train_accuracy": 93.9629005059022,
        "train_loss": 0.13534302035473414,
        "val_accuracy": 84.6309403437816,
        "val_loss": 0.5596124739141489
      },
      {
        "epoch": 24.0,
        "train_accuracy": 95.05902192242833,
        "train_loss": 0.11180055321543887,
        "val_accuracy": 84.32760364004045,
        "val_loss": 0.39686576474161017
      },
      {
        "epoch": 25.0,
        "train_accuracy": 95.21079258010118,
        "train_loss": 0.11602049324477388,
        "val_accuracy": 83.3670374115268,
        "val_loss": 0.5311142899921903
      },
      {
        "epoch": 26.0,
        "train_accuracy": 95.37942664418212,
        "train_loss": 0.10550980152524668,
        "val_accuracy": 83.87259858442872,
        "val_loss": 0.559072730011634
      },
      {
        "epoch": 27.0,
        "train_accuracy": 95.90219224283305,
        "train_loss": 0.09293531034752284,
        "val_accuracy": 84.37815975733064,
        "val_loss": 0.4954203023433315
      },
      {
        "epoch": 28.0,
        "train_accuracy": 96.39123102866779,
        "train_loss": 0.08981431476969383,
        "val_accuracy": 84.0242669362993,
        "val_loss": 0.49805555473929386
      }
    ],
    "n_epochs": 28,
    "train_accuracy": 96.39123102866779,
    "train_loss": 0.08981431476969383,
    "val_accuracy": 84.0242669362993,
    "val_loss": 0.49805555473929386
  },
  "input_dim": 1408,
  "layer": 20,
  "n_train": 5930,
  "n_val": 1978,
  "num_classes": 2,
  "output_dir": "artifacts/probes/mvp/mvp_probe_temporal_attn_videomae_v2_vit_giant_16_224_lr_matrix/layer_20/lr_5e-5/train",
  "probe_hparams": {
    "batch_size": 2,
    "deterministic": false,
    "device": "cuda:6",
    "dropout": 0.2,
    "early_stopping": {
      "enabled": true,
      "patience": 5
    },
    "embed_dim": null,
    "epochs": 30,
    "eval_batch_size": 2,
    "feature_view": "tokens",
    "layer": 20,
    "lr": 5e-05,
    "mlp_ratio": 2.0,
    "name": "temporal_attn",
    "num_classes": 2,
    "num_heads": 16,
    "num_self_attn_blocks": 1,
    "weight_decay": 0.01
  },
  "probe_name": "temporal_attn",
  "seconds_per_labeled_sample": 4.246155093849649,
  "seconds_per_train_sample": 5.662494853653124
}
=== DONE layer=20 lr=5e-5 exit=0 | Sat 16 May 11:05:07 CEST 2026 ===
