=== START layer=32 lr=5e-4 gpu=4 | Thu 14 May 18:07:19 CEST 2026 ===
wandb: [wandb.login()] Loaded credentials for https://api.wandb.ai from /home/v25/ippa6201/.netrc.
wandb: Currently logged in as: losardosalvatorejr (caselli-niccolo-developer-university-of-amsterdam) to https://api.wandb.ai. Use `wandb login --relogin` to force relogin
wandb: setting up run stgh5vpe
wandb: Tracking run with wandb version 0.24.0
wandb: Run data is saved locally in /home/v25/ippa6201/Probe4Physics/wandb/run-20260514_180731-stgh5vpe
wandb: Run `wandb offline` to turn off syncing.
wandb: Syncing run mvp_videomae_layer_32_lr_5e-4
wandb: ⭐️ View project at https://wandb.ai/caselli-niccolo-developer-university-of-amsterdam/probe4physics
wandb: 🚀 View run at https://wandb.ai/caselli-niccolo-developer-university-of-amsterdam/probe4physics/runs/stgh5vpe
wandb: updating run metadata
wandb: uploading wandb-summary.json
wandb: uploading history steps 11-12, summary
wandb: 
wandb: Run history:
wandb:          epoch ▁▂▂▃▃▄▅▅▆▆▇▇█
wandb: train_accuracy █▆▃▄▁▂▃▁▂▁▃▃▂
wandb:     train_loss ▁▁▁▁▁▁█▅▆▇▆▆▆
wandb:   val_accuracy ▂▁▁▃▁▁▁█▁▁▁▁▁
wandb:       val_loss ▁▁▁▁▁▁▆▁▇█▅▂▃
wandb: 
wandb: Run summary:
wandb:           best_epoch 8
wandb:    best_val_accuracy 50.75834
wandb:        best_val_loss 172.01999
wandb: checkpoint_best_path artifacts/probes/mvp...
wandb: checkpoint_last_path artifacts/probes/mvp...
wandb:      checkpoint_path artifacts/probes/mvp...
wandb:              dataset mvp
wandb:      elapsed_seconds 20838.83106
wandb:                epoch 13
wandb:    feature_signature 054d12ce1bcf0e54
wandb:                  +19 ...
wandb: 
wandb: 🚀 View run mvp_videomae_layer_32_lr_5e-4 at: https://wandb.ai/caselli-niccolo-developer-university-of-amsterdam/probe4physics/runs/stgh5vpe
wandb: ⭐️ View project at: https://wandb.ai/caselli-niccolo-developer-university-of-amsterdam/probe4physics
wandb: Synced 4 W&B file(s), 0 media file(s), 0 artifact file(s) and 0 other file(s)
wandb: Find logs at: ./wandb/run-20260514_180731-stgh5vpe/logs
[features.mvp] using compatible legacy cache: expected_signature=a37f592be7d2d486 actual_signature=054d12ce1bcf0e54 cache_dir=/home/v25/ippa6201/Probe4Physics/artifacts/features/mvp/videomae_vit_huge_16_224/train-val-test/054d12ce1bcf0e54
{
  "checkpoint": "artifacts/probes/mvp/mvp_probe_temporal_attn_videomae_vit_huge_16_224_lr_matrix/layer_32/lr_5e-4/train/probe_best.pt",
  "checkpoint_best": "artifacts/probes/mvp/mvp_probe_temporal_attn_videomae_vit_huge_16_224_lr_matrix/layer_32/lr_5e-4/train/probe_best.pt",
  "checkpoint_last": "artifacts/probes/mvp/mvp_probe_temporal_attn_videomae_vit_huge_16_224_lr_matrix/layer_32/lr_5e-4/train/probe_last.pt",
  "dataset": "mvp",
  "elapsed_seconds": 20838.831056671013,
  "feature_signature": "054d12ce1bcf0e54",
  "feature_view": "tokens",
  "fit": {
    "best_epoch": 8,
    "best_val_accuracy": 50.758341759352874,
    "best_val_loss": 172.01998954897653,
    "early_stopped": true,
    "early_stopping_patience": 5,
    "history": [
      {
        "epoch": 1.0,
        "train_accuracy": 52.20910623946037,
        "train_loss": 37.28676386895368,
        "val_accuracy": 50.101112234580384,
        "val_loss": 32.81871441395898
      },
      {
        "epoch": 2.0,
        "train_accuracy": 50.99494097807757,
        "train_loss": 11.324311526681791,
        "val_accuracy": 50.0,
        "val_loss": 18.98501683727916
      },
      {
        "epoch": 3.0,
        "train_accuracy": 49.46037099494098,
        "train_loss": 37.117578148075076,
        "val_accuracy": 50.0,
        "val_loss": 11.696549333788848
      },
      {
        "epoch": 4.0,
        "train_accuracy": 49.713322091062395,
        "train_loss": 33.88808439490825,
        "val_accuracy": 50.202224469160775,
        "val_loss": 24.602886088031035
      },
      {
        "epoch": 5.0,
        "train_accuracy": 48.178752107925796,
        "train_loss": 48.54225347863924,
        "val_accuracy": 50.0,
        "val_loss": 28.902699456899544
      },
      {
        "epoch": 6.0,
        "train_accuracy": 48.61720067453626,
        "train_loss": 30.322096220566852,
        "val_accuracy": 50.0,
        "val_loss": 13.191587756451689
      },
      {
        "epoch": 7.0,
        "train_accuracy": 48.988195615514336,
        "train_loss": 14605.119386379607,
        "val_accuracy": 50.0,
        "val_loss": 6163.6203798423285
      },
      {
        "epoch": 8.0,
        "train_accuracy": 48.29679595278246,
        "train_loss": 8221.478908246765,
        "val_accuracy": 50.758341759352874,
        "val_loss": 172.01998954897653
      },
      {
        "epoch": 9.0,
        "train_accuracy": 48.83642495784149,
        "train_loss": 11070.465151345765,
        "val_accuracy": 50.0,
        "val_loss": 8225.483663560888
      },
      {
        "epoch": 10.0,
        "train_accuracy": 48.026981450252954,
        "train_loss": 11631.156565489295,
        "val_accuracy": 50.0,
        "val_loss": 9512.933024006255
      },
      {
        "epoch": 11.0,
        "train_accuracy": 49.44350758853288,
        "train_loss": 10209.935208052035,
        "val_accuracy": 50.0,
        "val_loss": 5800.279594583386
      },
      {
        "epoch": 12.0,
        "train_accuracy": 49.29173693086003,
        "train_loss": 11090.98048269439,
        "val_accuracy": 50.0,
        "val_loss": 1603.6610139513161
      },
      {
        "epoch": 13.0,
        "train_accuracy": 48.68465430016863,
        "train_loss": 9671.815235177404,
        "val_accuracy": 50.0,
        "val_loss": 2739.461247798044
      }
    ],
    "n_epochs": 13,
    "train_accuracy": 48.68465430016863,
    "train_loss": 9671.815235177404,
    "val_accuracy": 50.0,
    "val_loss": 2739.461247798044
  },
  "input_dim": 1280,
  "layer": 32,
  "n_train": 5930,
  "n_val": 1978,
  "num_classes": 2,
  "output_dir": "artifacts/probes/mvp/mvp_probe_temporal_attn_videomae_vit_huge_16_224_lr_matrix/layer_32/lr_5e-4/train",
  "probe_hparams": {
    "batch_size": 2,
    "deterministic": false,
    "device": "cuda:4",
    "dropout": 0.2,
    "early_stopping": {
      "enabled": true,
      "patience": 5
    },
    "embed_dim": null,
    "epochs": 30,
    "eval_batch_size": 2,
    "feature_view": "tokens",
    "layer": 32,
    "lr": 0.0005,
    "mlp_ratio": 2.0,
    "name": "temporal_attn",
    "num_classes": 2,
    "num_heads": 16,
    "num_self_attn_blocks": 1,
    "weight_decay": 0.01
  },
  "probe_name": "temporal_attn",
  "seconds_per_labeled_sample": 2.6351582013999764,
  "seconds_per_train_sample": 3.514136771782633
}
=== DONE layer=32 lr=5e-4 exit=0 | Thu 14 May 23:54:48 CEST 2026 ===
