=== START layer=16 lr=1e-5 gpu=7 | Thu 14 May 18:07:19 CEST 2026 ===
wandb: [wandb.login()] Loaded credentials for https://api.wandb.ai from /home/v25/ippa6201/.netrc.
wandb: Currently logged in as: losardosalvatorejr (caselli-niccolo-developer-university-of-amsterdam) to https://api.wandb.ai. Use `wandb login --relogin` to force relogin
wandb: setting up run lnhazhpq
wandb: Tracking run with wandb version 0.24.0
wandb: Run data is saved locally in /home/v25/ippa6201/Probe4Physics/wandb/run-20260514_180731-lnhazhpq
wandb: Run `wandb offline` to turn off syncing.
wandb: Syncing run mvp_videomae_layer_16_lr_1e-5
wandb: ⭐️ View project at https://wandb.ai/caselli-niccolo-developer-university-of-amsterdam/probe4physics
wandb: 🚀 View run at https://wandb.ai/caselli-niccolo-developer-university-of-amsterdam/probe4physics/runs/lnhazhpq
wandb: updating run metadata
wandb: uploading wandb-summary.json; uploading config.yaml
wandb: uploading history steps 28-29, summary
wandb: 
wandb: Run history:
wandb:          epoch ▁▁▁▂▂▂▂▃▃▃▃▄▄▄▄▅▅▅▅▆▆▆▆▇▇▇▇███
wandb: train_accuracy ▁▁▁▂▂▃▃▄▄▄▅▅▅▅▆▆▇▇▇▇▇▇████████
wandb:     train_loss ███▇▇▆▆▆▅▅▄▄▄▄▃▃▃▂▂▂▂▂▂▁▁▁▁▁▁▁
wandb:   val_accuracy ▁▁▁▂▂▃▂▄▅▅▅▅▄▅▆▅▆▇▇▇▇▇▇███████
wandb:       val_loss ▅▅▅▅▄▄█▃▃▃▂▃▄▂▁▃▂▁▁▂▁▂▂▁▁▁▁▁▁▃
wandb: 
wandb: Run summary:
wandb:           best_epoch 29
wandb:    best_val_accuracy 90.8999
wandb:        best_val_loss 0.32651
wandb: checkpoint_best_path artifacts/probes/mvp...
wandb: checkpoint_last_path artifacts/probes/mvp...
wandb:      checkpoint_path artifacts/probes/mvp...
wandb:              dataset mvp
wandb:      elapsed_seconds 41091.27605
wandb:                epoch 30
wandb:    feature_signature 054d12ce1bcf0e54
wandb:                  +19 ...
wandb: 
wandb: 🚀 View run mvp_videomae_layer_16_lr_1e-5 at: https://wandb.ai/caselli-niccolo-developer-university-of-amsterdam/probe4physics/runs/lnhazhpq
wandb: ⭐️ View project at: https://wandb.ai/caselli-niccolo-developer-university-of-amsterdam/probe4physics
wandb: Synced 4 W&B file(s), 0 media file(s), 0 artifact file(s) and 0 other file(s)
wandb: Find logs at: ./wandb/run-20260514_180731-lnhazhpq/logs
[features.mvp] using compatible legacy cache: expected_signature=a37f592be7d2d486 actual_signature=054d12ce1bcf0e54 cache_dir=/home/v25/ippa6201/Probe4Physics/artifacts/features/mvp/videomae_vit_huge_16_224/train-val-test/054d12ce1bcf0e54
{
  "checkpoint": "artifacts/probes/mvp/mvp_probe_temporal_attn_videomae_vit_huge_16_224_lr_matrix/layer_16/lr_1e-5/train/probe_best.pt",
  "checkpoint_best": "artifacts/probes/mvp/mvp_probe_temporal_attn_videomae_vit_huge_16_224_lr_matrix/layer_16/lr_1e-5/train/probe_best.pt",
  "checkpoint_last": "artifacts/probes/mvp/mvp_probe_temporal_attn_videomae_vit_huge_16_224_lr_matrix/layer_16/lr_1e-5/train/probe_last.pt",
  "dataset": "mvp",
  "elapsed_seconds": 41091.276046268,
  "feature_signature": "054d12ce1bcf0e54",
  "feature_view": "tokens",
  "fit": {
    "best_epoch": 29,
    "best_val_accuracy": 90.89989888776542,
    "best_val_loss": 0.3265115440196357,
    "early_stopped": false,
    "early_stopping_patience": 5,
    "history": [
      {
        "epoch": 1.0,
        "train_accuracy": 48.16188870151771,
        "train_loss": 0.7533098036181465,
        "val_accuracy": 50.0,
        "val_loss": 0.7208749129388884
      },
      {
        "epoch": 2.0,
        "train_accuracy": 46.57672849915683,
        "train_loss": 0.7224216153408585,
        "val_accuracy": 50.55611729019211,
        "val_loss": 0.6912107252496077
      },
      {
        "epoch": 3.0,
        "train_accuracy": 48.31365935919056,
        "train_loss": 0.7095166455533412,
        "val_accuracy": 52.47724974721941,
        "val_loss": 0.6937084879925808
      },
      {
        "epoch": 4.0,
        "train_accuracy": 51.24789207419899,
        "train_loss": 0.6795944714182155,
        "val_accuracy": 56.370070778564205,
        "val_loss": 0.670474474804233
      },
      {
        "epoch": 5.0,
        "train_accuracy": 55.64924114671164,
        "train_loss": 0.6389417336775072,
        "val_accuracy": 57.53286147623863,
        "val_loss": 0.6346624278114059
      },
      {
        "epoch": 6.0,
        "train_accuracy": 58.330522765598644,
        "train_loss": 0.6017472837633464,
        "val_accuracy": 64.35793731041456,
        "val_loss": 0.5847444040842046
      },
      {
        "epoch": 7.0,
        "train_accuracy": 62.20910623946037,
        "train_loss": 0.5651978475455521,
        "val_accuracy": 54.39838220424671,
        "val_loss": 1.017781083938205
      },
      {
        "epoch": 8.0,
        "train_accuracy": 65.63237774030354,
        "train_loss": 0.5224754096684507,
        "val_accuracy": 67.69464105156725,
        "val_loss": 0.5360205184026753
      },
      {
        "epoch": 9.0,
        "train_accuracy": 68.71838111298483,
        "train_loss": 0.4742773549643336,
        "val_accuracy": 71.68857431749241,
        "val_loss": 0.46122077099207454
      },
      {
        "epoch": 10.0,
        "train_accuracy": 71.65261382799325,
        "train_loss": 0.43954623393499903,
        "val_accuracy": 70.525783619818,
        "val_loss": 0.4851226502470578
      },
      {
        "epoch": 11.0,
        "train_accuracy": 74.01349072512647,
        "train_loss": 0.4025092547776314,
        "val_accuracy": 72.24469160768453,
        "val_loss": 0.4440963055257389
      },
      {
        "epoch": 12.0,
        "train_accuracy": 73.99662731871838,
        "train_loss": 0.40048346458797607,
        "val_accuracy": 72.69969666329625,
        "val_loss": 0.46886193607719623
      },
      {
        "epoch": 13.0,
        "train_accuracy": 76.964586846543,
        "train_loss": 0.3544956328715156,
        "val_accuracy": 69.9696663296259,
        "val_loss": 0.5989517334548833
      },
      {
        "epoch": 14.0,
        "train_accuracy": 78.39797639123103,
        "train_loss": 0.34286377209487845,
        "val_accuracy": 75.27805864509605,
        "val_loss": 0.4076274568674574
      },
      {
        "epoch": 15.0,
        "train_accuracy": 82.51264755480608,
        "train_loss": 0.29365513682663896,
        "val_accuracy": 81.64812942366027,
        "val_loss": 0.33853067058315867
      },
      {
        "epoch": 16.0,
        "train_accuracy": 84.82293423271501,
        "train_loss": 0.25197241451863445,
        "val_accuracy": 73.91304347826086,
        "val_loss": 0.5434812998650788
      },
      {
        "epoch": 17.0,
        "train_accuracy": 87.04890387858347,
        "train_loss": 0.22628994701559277,
        "val_accuracy": 80.18200202224469,
        "val_loss": 0.35349910836719795
      },
      {
        "epoch": 18.0,
        "train_accuracy": 87.97639123102867,
        "train_loss": 0.2072612193891763,
        "val_accuracy": 83.26592517694641,
        "val_loss": 0.3104636900038311
      },
      {
        "epoch": 19.0,
        "train_accuracy": 89.3760539629005,
        "train_loss": 0.19002207684478817,
        "val_accuracy": 84.68149646107179,
        "val_loss": 0.2946729400336051
      },
      {
        "epoch": 20.0,
        "train_accuracy": 91.43338954468803,
        "train_loss": 0.1601363991660842,
        "val_accuracy": 85.23761375126391,
        "val_loss": 0.3499834501450767
      },
      {
        "epoch": 21.0,
        "train_accuracy": 92.32715008431704,
        "train_loss": 0.14470720961828779,
        "val_accuracy": 87.56319514661274,
        "val_loss": 0.3093473816079592
      },
      {
        "epoch": 22.0,
        "train_accuracy": 93.35581787521079,
        "train_loss": 0.12494074074981223,
        "val_accuracy": 86.5520728008089,
        "val_loss": 0.35093770261480967
      },
      {
        "epoch": 23.0,
        "train_accuracy": 94.822934232715,
        "train_loss": 0.10907547879576959,
        "val_accuracy": 86.5520728008089,
        "val_loss": 0.3599080107575194
      },
      {
        "epoch": 24.0,
        "train_accuracy": 95.19392917369308,
        "train_loss": 0.1029849214296357,
        "val_accuracy": 88.06875631951466,
        "val_loss": 0.295799452428639
      },
      {
        "epoch": 25.0,
        "train_accuracy": 95.88532883642496,
        "train_loss": 0.08208611653925779,
        "val_accuracy": 88.16986855409505,
        "val_loss": 0.33033568049978757
      },
      {
        "epoch": 26.0,
        "train_accuracy": 96.17200674536257,
        "train_loss": 0.07484513357288955,
        "val_accuracy": 89.53488372093024,
        "val_loss": 0.2959630828802236
      },
      {
        "epoch": 27.0,
        "train_accuracy": 96.62731871838112,
        "train_loss": 0.0714828281943334,
        "val_accuracy": 89.63599595551062,
        "val_loss": 0.3166549207820376
      },
      {
        "epoch": 28.0,
        "train_accuracy": 97.03204047217538,
        "train_loss": 0.058539087613306215,
        "val_accuracy": 90.29322548028311,
        "val_loss": 0.3248931260871858
      },
      {
        "epoch": 29.0,
        "train_accuracy": 96.964586846543,
        "train_loss": 0.06107136475686194,
        "val_accuracy": 90.89989888776542,
        "val_loss": 0.3265115440196357
      },
      {
        "epoch": 30.0,
        "train_accuracy": 97.04890387858347,
        "train_loss": 0.059813553799463605,
        "val_accuracy": 89.33265925176947,
        "val_loss": 0.4551910393132785
      }
    ],
    "n_epochs": 30,
    "train_accuracy": 97.04890387858347,
    "train_loss": 0.059813553799463605,
    "val_accuracy": 89.33265925176947,
    "val_loss": 0.4551910393132785
  },
  "input_dim": 1280,
  "layer": 16,
  "n_train": 5930,
  "n_val": 1978,
  "num_classes": 2,
  "output_dir": "artifacts/probes/mvp/mvp_probe_temporal_attn_videomae_vit_huge_16_224_lr_matrix/layer_16/lr_1e-5/train",
  "probe_hparams": {
    "batch_size": 2,
    "deterministic": false,
    "device": "cuda:7",
    "dropout": 0.2,
    "early_stopping": {
      "enabled": true,
      "patience": 5
    },
    "embed_dim": null,
    "epochs": 30,
    "eval_batch_size": 2,
    "feature_view": "tokens",
    "layer": 16,
    "lr": 1e-05,
    "mlp_ratio": 2.0,
    "name": "temporal_attn",
    "num_classes": 2,
    "num_heads": 16,
    "num_self_attn_blocks": 1,
    "weight_decay": 0.01
  },
  "probe_name": "temporal_attn",
  "seconds_per_labeled_sample": 5.196165407975215,
  "seconds_per_train_sample": 6.929388877954132
}
=== DONE layer=16 lr=1e-5 exit=0 | Fri 15 May 05:32:17 CEST 2026 ===
