=== START layer=16 lr=5e-4 gpu=4 | Thu 14 May 18:07:19 CEST 2026 ===
wandb: [wandb.login()] Loaded credentials for https://api.wandb.ai from /home/v25/ippa6201/.netrc.
wandb: Currently logged in as: losardosalvatorejr (caselli-niccolo-developer-university-of-amsterdam) to https://api.wandb.ai. Use `wandb login --relogin` to force relogin
wandb: setting up run 3i7p6o6z
wandb: Tracking run with wandb version 0.24.0
wandb: Run data is saved locally in /home/v25/ippa6201/Probe4Physics/wandb/run-20260514_180731-3i7p6o6z
wandb: Run `wandb offline` to turn off syncing.
wandb: Syncing run mvp_videomae_layer_16_lr_5e-4
wandb: ⭐️ View project at https://wandb.ai/caselli-niccolo-developer-university-of-amsterdam/probe4physics
wandb: 🚀 View run at https://wandb.ai/caselli-niccolo-developer-university-of-amsterdam/probe4physics/runs/3i7p6o6z
wandb: updating run metadata
wandb: updating run metadata; uploading wandb-summary.json
wandb: uploading config.yaml
wandb: 
wandb: Run history:
wandb:          epoch ▁▂▂▃▃▄▅▅▆▆▇▇█
wandb: train_accuracy ▂▂▃▅█▇▄▁▂▆▇▇▇
wandb:     train_loss ▁▁▁▁▁▁▁▁█▆   
wandb:   val_accuracy ▂▂▃▂▁▃▂█▂▂▂▂▂
wandb:       val_loss ▁▁▁▁▂▁▁▁█▇   
wandb: 
wandb: Run summary:
wandb:           best_epoch 8
wandb:    best_val_accuracy 51.21335
wandb:        best_val_loss 58.25282
wandb: checkpoint_best_path artifacts/probes/mvp...
wandb: checkpoint_last_path artifacts/probes/mvp...
wandb:      checkpoint_path artifacts/probes/mvp...
wandb:              dataset mvp
wandb:      elapsed_seconds 21329.308
wandb:                epoch 13
wandb:    feature_signature 054d12ce1bcf0e54
wandb:                  +17 ...
wandb: 
wandb: 🚀 View run mvp_videomae_layer_16_lr_5e-4 at: https://wandb.ai/caselli-niccolo-developer-university-of-amsterdam/probe4physics/runs/3i7p6o6z
wandb: ⭐️ View project at: https://wandb.ai/caselli-niccolo-developer-university-of-amsterdam/probe4physics
wandb: Synced 4 W&B file(s), 0 media file(s), 0 artifact file(s) and 0 other file(s)
wandb: Find logs at: ./wandb/run-20260514_180731-3i7p6o6z/logs
[features.mvp] using compatible legacy cache: expected_signature=a37f592be7d2d486 actual_signature=054d12ce1bcf0e54 cache_dir=/home/v25/ippa6201/Probe4Physics/artifacts/features/mvp/videomae_vit_huge_16_224/train-val-test/054d12ce1bcf0e54
{
  "checkpoint": "artifacts/probes/mvp/mvp_probe_temporal_attn_videomae_vit_huge_16_224_lr_matrix/layer_16/lr_5e-4/train/probe_best.pt",
  "checkpoint_best": "artifacts/probes/mvp/mvp_probe_temporal_attn_videomae_vit_huge_16_224_lr_matrix/layer_16/lr_5e-4/train/probe_best.pt",
  "checkpoint_last": "artifacts/probes/mvp/mvp_probe_temporal_attn_videomae_vit_huge_16_224_lr_matrix/layer_16/lr_5e-4/train/probe_last.pt",
  "dataset": "mvp",
  "elapsed_seconds": 21329.307996661024,
  "feature_signature": "054d12ce1bcf0e54",
  "feature_view": "tokens",
  "fit": {
    "best_epoch": 8,
    "best_val_accuracy": 51.21334681496461,
    "best_val_loss": 58.25281848961904,
    "early_stopped": true,
    "early_stopping_patience": 5,
    "history": [
      {
        "epoch": 1.0,
        "train_accuracy": 48.85328836424958,
        "train_loss": 20.36273329586178,
        "val_accuracy": 50.0,
        "val_loss": 5.415323159631994
      },
      {
        "epoch": 2.0,
        "train_accuracy": 48.85328836424958,
        "train_loss": 23.141783217595222,
        "val_accuracy": 49.94944388270981,
        "val_loss": 99.52176642539116
      },
      {
        "epoch": 3.0,
        "train_accuracy": 49.05564924114671,
        "train_loss": 15.554733860440255,
        "val_accuracy": 50.101112234580384,
        "val_loss": 5.5681191526162195
      },
      {
        "epoch": 4.0,
        "train_accuracy": 49.51096121416526,
        "train_loss": 38.69809992631169,
        "val_accuracy": 49.898887765419616,
        "val_loss": 9.258678519780041
      },
      {
        "epoch": 5.0,
        "train_accuracy": 50.252951096121414,
        "train_loss": 21.76898095078651,
        "val_accuracy": 49.74721941354904,
        "val_loss": 149.1935771128977
      },
      {
        "epoch": 6.0,
        "train_accuracy": 50.067453625632375,
        "train_loss": 31.309332006682954,
        "val_accuracy": 50.101112234580384,
        "val_loss": 100.4393200988163
      },
      {
        "epoch": 7.0,
        "train_accuracy": 49.308600337268125,
        "train_loss": 23.471612364433263,
        "val_accuracy": 50.0,
        "val_loss": 44.01842834499897
      },
      {
        "epoch": 8.0,
        "train_accuracy": 48.53288364249578,
        "train_loss": 28.224753031154954,
        "val_accuracy": 51.21334681496461,
        "val_loss": 58.25281848961904
      },
      {
        "epoch": 9.0,
        "train_accuracy": 48.81956155143339,
        "train_loss": 8967.288658287036,
        "val_accuracy": 50.0,
        "val_loss": 1812.6292360496714
      },
      {
        "epoch": 10.0,
        "train_accuracy": 49.84822934232715,
        "train_loss": 6238.275573155772,
        "val_accuracy": 50.0,
        "val_loss": 1637.5406197913376
      },
      {
        "epoch": 11.0,
        "train_accuracy": 50.0,
        "train_loss": NaN,
        "val_accuracy": 50.0,
        "val_loss": NaN
      },
      {
        "epoch": 12.0,
        "train_accuracy": 50.0,
        "train_loss": NaN,
        "val_accuracy": 50.0,
        "val_loss": NaN
      },
      {
        "epoch": 13.0,
        "train_accuracy": 50.0,
        "train_loss": NaN,
        "val_accuracy": 50.0,
        "val_loss": NaN
      }
    ],
    "n_epochs": 13,
    "train_accuracy": 50.0,
    "train_loss": NaN,
    "val_accuracy": 50.0,
    "val_loss": NaN
  },
  "input_dim": 1280,
  "layer": 16,
  "n_train": 5930,
  "n_val": 1978,
  "num_classes": 2,
  "output_dir": "artifacts/probes/mvp/mvp_probe_temporal_attn_videomae_vit_huge_16_224_lr_matrix/layer_16/lr_5e-4/train",
  "probe_hparams": {
    "batch_size": 2,
    "deterministic": false,
    "device": "cuda:4",
    "dropout": 0.2,
    "early_stopping": {
      "enabled": true,
      "patience": 5
    },
    "embed_dim": null,
    "epochs": 30,
    "eval_batch_size": 2,
    "feature_view": "tokens",
    "layer": 16,
    "lr": 0.0005,
    "mlp_ratio": 2.0,
    "name": "temporal_attn",
    "num_classes": 2,
    "num_heads": 16,
    "num_self_attn_blocks": 1,
    "weight_decay": 0.01
  },
  "probe_name": "temporal_attn",
  "seconds_per_labeled_sample": 2.697181082025926,
  "seconds_per_train_sample": 3.5968478915111337
}
=== DONE layer=16 lr=5e-4 exit=0 | Fri 15 May 00:03:01 CEST 2026 ===
