=== START layer=32 lr=1e-5 gpu=7 | Thu 14 May 18:07:19 CEST 2026 ===
wandb: [wandb.login()] Loaded credentials for https://api.wandb.ai from /home/v25/ippa6201/.netrc.
wandb: Currently logged in as: losardosalvatorejr (caselli-niccolo-developer-university-of-amsterdam) to https://api.wandb.ai. Use `wandb login --relogin` to force relogin
wandb: setting up run 3kev5s20
wandb: Tracking run with wandb version 0.24.0
wandb: Run data is saved locally in /home/v25/ippa6201/Probe4Physics/wandb/run-20260514_180731-3kev5s20
wandb: Run `wandb offline` to turn off syncing.
wandb: Syncing run mvp_videomae_layer_32_lr_1e-5
wandb: ⭐️ View project at https://wandb.ai/caselli-niccolo-developer-university-of-amsterdam/probe4physics
wandb: 🚀 View run at https://wandb.ai/caselli-niccolo-developer-university-of-amsterdam/probe4physics/runs/3kev5s20
wandb: updating run metadata
wandb: updating run metadata; uploading wandb-summary.json
wandb: uploading config.yaml
wandb: 
wandb: Run history:
wandb:          epoch ▁▁▂▂▂▃▃▃▄▄▄▅▅▅▆▆▆▇▇▇██
wandb: train_accuracy ▁▂▂▃▄▅▆▆▇▇▇▇██████████
wandb:     train_loss █▇▆▅▅▄▃▃▂▂▂▂▁▁▁▁▁▁▁▁▁▁
wandb:   val_accuracy ▁▁▃▃▄▄▆▆▇▇▇▇▇▇█▇██████
wandb:       val_loss █▆▄▄▃▃▂▂▂▁▂▁▂▂▁▂▁▁▂▁▂▂
wandb: 
wandb: Run summary:
wandb:           best_epoch 17
wandb:    best_val_accuracy 91.00101
wandb:        best_val_loss 0.29145
wandb: checkpoint_best_path artifacts/probes/mvp...
wandb: checkpoint_last_path artifacts/probes/mvp...
wandb:      checkpoint_path artifacts/probes/mvp...
wandb:              dataset mvp
wandb:      elapsed_seconds 35874.08128
wandb:                epoch 22
wandb:    feature_signature 054d12ce1bcf0e54
wandb:                  +19 ...
wandb: 
wandb: 🚀 View run mvp_videomae_layer_32_lr_1e-5 at: https://wandb.ai/caselli-niccolo-developer-university-of-amsterdam/probe4physics/runs/3kev5s20
wandb: ⭐️ View project at: https://wandb.ai/caselli-niccolo-developer-university-of-amsterdam/probe4physics
wandb: Synced 4 W&B file(s), 0 media file(s), 0 artifact file(s) and 0 other file(s)
wandb: Find logs at: ./wandb/run-20260514_180731-3kev5s20/logs
[features.mvp] using compatible legacy cache: expected_signature=a37f592be7d2d486 actual_signature=054d12ce1bcf0e54 cache_dir=/home/v25/ippa6201/Probe4Physics/artifacts/features/mvp/videomae_vit_huge_16_224/train-val-test/054d12ce1bcf0e54
{
  "checkpoint": "artifacts/probes/mvp/mvp_probe_temporal_attn_videomae_vit_huge_16_224_lr_matrix/layer_32/lr_1e-5/train/probe_best.pt",
  "checkpoint_best": "artifacts/probes/mvp/mvp_probe_temporal_attn_videomae_vit_huge_16_224_lr_matrix/layer_32/lr_1e-5/train/probe_best.pt",
  "checkpoint_last": "artifacts/probes/mvp/mvp_probe_temporal_attn_videomae_vit_huge_16_224_lr_matrix/layer_32/lr_1e-5/train/probe_last.pt",
  "dataset": "mvp",
  "elapsed_seconds": 35874.08127692502,
  "feature_signature": "054d12ce1bcf0e54",
  "feature_view": "tokens",
  "fit": {
    "best_epoch": 17,
    "best_val_accuracy": 91.0010111223458,
    "best_val_loss": 0.29145254864869724,
    "early_stopped": true,
    "early_stopping_patience": 5,
    "history": [
      {
        "epoch": 1.0,
        "train_accuracy": 50.48903878583474,
        "train_loss": 1.036729964850269,
        "val_accuracy": 51.820020222446914,
        "val_loss": 1.2799221248007158
      },
      {
        "epoch": 2.0,
        "train_accuracy": 54.080944350758855,
        "train_loss": 0.8264804532259081,
        "val_accuracy": 52.679474216380186,
        "val_loss": 0.9435010654107866
      },
      {
        "epoch": 3.0,
        "train_accuracy": 58.27993254637437,
        "train_loss": 0.7088949407653453,
        "val_accuracy": 61.93124368048534,
        "val_loss": 0.7556416216024826
      },
      {
        "epoch": 4.0,
        "train_accuracy": 63.69308600337268,
        "train_loss": 0.6241563868630579,
        "val_accuracy": 62.74014155712842,
        "val_loss": 0.706739365076246
      },
      {
        "epoch": 5.0,
        "train_accuracy": 68.70151770657674,
        "train_loss": 0.5596443034405486,
        "val_accuracy": 69.9191102123357,
        "val_loss": 0.5518311069354498
      },
      {
        "epoch": 6.0,
        "train_accuracy": 76.3575042158516,
        "train_loss": 0.46039290575802455,
        "val_accuracy": 70.22244691607685,
        "val_loss": 0.573660897740173
      },
      {
        "epoch": 7.0,
        "train_accuracy": 82.4114671163575,
        "train_loss": 0.36089685260849547,
        "val_accuracy": 79.32254802831142,
        "val_loss": 0.4165705426221081
      },
      {
        "epoch": 8.0,
        "train_accuracy": 86.79595278246207,
        "train_loss": 0.28051643720234937,
        "val_accuracy": 80.0303336703741,
        "val_loss": 0.4457394565746345
      },
      {
        "epoch": 9.0,
        "train_accuracy": 89.83136593591907,
        "train_loss": 0.21721846297509123,
        "val_accuracy": 84.68149646107179,
        "val_loss": 0.3448290415484242
      },
      {
        "epoch": 10.0,
        "train_accuracy": 92.22596964586846,
        "train_loss": 0.17947313863633563,
        "val_accuracy": 86.60262891809909,
        "val_loss": 0.31957807545210104
      },
      {
        "epoch": 11.0,
        "train_accuracy": 94.28330522765599,
        "train_loss": 0.13645707125266293,
        "val_accuracy": 86.95652173913044,
        "val_loss": 0.33950652534148085
      },
      {
        "epoch": 12.0,
        "train_accuracy": 94.63743676222597,
        "train_loss": 0.1308059068065464,
        "val_accuracy": 87.71486349848333,
        "val_loss": 0.3218227870646112
      },
      {
        "epoch": 13.0,
        "train_accuracy": 96.08768971332209,
        "train_loss": 0.09435688891504493,
        "val_accuracy": 87.61375126390293,
        "val_loss": 0.3380742072558974
      },
      {
        "epoch": 14.0,
        "train_accuracy": 96.49241146711636,
        "train_loss": 0.09093170746294778,
        "val_accuracy": 87.00707785642062,
        "val_loss": 0.4772969107503999
      },
      {
        "epoch": 15.0,
        "train_accuracy": 96.6610455311973,
        "train_loss": 0.08464319780463408,
        "val_accuracy": 90.04044489383215,
        "val_loss": 0.2953560090780779
      },
      {
        "epoch": 16.0,
        "train_accuracy": 97.21753794266442,
        "train_loss": 0.06791699912706742,
        "val_accuracy": 87.00707785642062,
        "val_loss": 0.4264994170320396
      },
      {
        "epoch": 17.0,
        "train_accuracy": 97.5548060708263,
        "train_loss": 0.06479859107793082,
        "val_accuracy": 91.0010111223458,
        "val_loss": 0.29145254864869724
      },
      {
        "epoch": 18.0,
        "train_accuracy": 97.5885328836425,
        "train_loss": 0.06794094143663511,
        "val_accuracy": 90.24266936299293,
        "val_loss": 0.27522996162080365
      },
      {
        "epoch": 19.0,
        "train_accuracy": 97.858347386172,
        "train_loss": 0.06513200248263425,
        "val_accuracy": 88.4732052578362,
        "val_loss": 0.36369868944664047
      },
      {
        "epoch": 20.0,
        "train_accuracy": 98.41483979763912,
        "train_loss": 0.04325594296519697,
        "val_accuracy": 90.9504550050556,
        "val_loss": 0.26077279575822465
      },
      {
        "epoch": 21.0,
        "train_accuracy": 98.16188870151771,
        "train_loss": 0.052558997639685,
        "val_accuracy": 90.24266936299293,
        "val_loss": 0.39983136295186134
      },
      {
        "epoch": 22.0,
        "train_accuracy": 98.1450252951096,
        "train_loss": 0.05933716105492383,
        "val_accuracy": 89.18099089989889,
        "val_loss": 0.36481770660904916
      }
    ],
    "n_epochs": 22,
    "train_accuracy": 98.1450252951096,
    "train_loss": 0.05933716105492383,
    "val_accuracy": 89.18099089989889,
    "val_loss": 0.36481770660904916
  },
  "input_dim": 1280,
  "layer": 32,
  "n_train": 5930,
  "n_val": 1978,
  "num_classes": 2,
  "output_dir": "artifacts/probes/mvp/mvp_probe_temporal_attn_videomae_vit_huge_16_224_lr_matrix/layer_32/lr_1e-5/train",
  "probe_hparams": {
    "batch_size": 2,
    "deterministic": false,
    "device": "cuda:7",
    "dropout": 0.2,
    "early_stopping": {
      "enabled": true,
      "patience": 5
    },
    "embed_dim": null,
    "epochs": 30,
    "eval_batch_size": 2,
    "feature_view": "tokens",
    "layer": 32,
    "lr": 1e-05,
    "mlp_ratio": 2.0,
    "name": "temporal_attn",
    "num_classes": 2,
    "num_heads": 16,
    "num_self_attn_blocks": 1,
    "weight_decay": 0.01
  },
  "probe_name": "temporal_attn",
  "seconds_per_labeled_sample": 4.5364290941989145,
  "seconds_per_train_sample": 6.049592120897979
}
=== DONE layer=32 lr=1e-5 exit=0 | Fri 15 May 04:05:23 CEST 2026 ===
