=== START layer=8 lr=5e-5 gpu=6 | Thu 14 May 18:07:19 CEST 2026 ===
wandb: [wandb.login()] Loaded credentials for https://api.wandb.ai from /home/v25/ippa6201/.netrc.
wandb: Currently logged in as: losardosalvatorejr (caselli-niccolo-developer-university-of-amsterdam) to https://api.wandb.ai. Use `wandb login --relogin` to force relogin
wandb: setting up run 778mo047
wandb: Tracking run with wandb version 0.24.0
wandb: Run data is saved locally in /home/v25/ippa6201/Probe4Physics/wandb/run-20260514_180731-778mo047
wandb: Run `wandb offline` to turn off syncing.
wandb: Syncing run mvp_videomae_layer_8_lr_5e-5
wandb: ⭐️ View project at https://wandb.ai/caselli-niccolo-developer-university-of-amsterdam/probe4physics
wandb: 🚀 View run at https://wandb.ai/caselli-niccolo-developer-university-of-amsterdam/probe4physics/runs/778mo047
wandb: updating run metadata
wandb: uploading wandb-summary.json; uploading config.yaml
wandb: 
wandb: Run history:
wandb:          epoch ▁▁▂▂▃▃▄▄▅▅▆▆▇▇██
wandb: train_accuracy ▁▁▁▃▄▅▅▆▆▆▇▇▇▇██
wandb:     train_loss █▇▇▇▆▅▄▄▃▃▃▂▂▂▁▁
wandb:   val_accuracy ▁▁▃▅▅▇▇█▇▇█▇▇█▇▇
wandb:       val_loss ▁▂▁▁▁▁▁▁▁▁▁▁▁▂▂█
wandb: 
wandb: Run summary:
wandb:           best_epoch 11
wandb:    best_val_accuracy 72.80081
wandb:        best_val_loss 0.49037
wandb: checkpoint_best_path artifacts/probes/mvp...
wandb: checkpoint_last_path artifacts/probes/mvp...
wandb:      checkpoint_path artifacts/probes/mvp...
wandb:              dataset mvp
wandb:      elapsed_seconds 28006.12879
wandb:                epoch 16
wandb:    feature_signature 054d12ce1bcf0e54
wandb:                  +19 ...
wandb: 
wandb: 🚀 View run mvp_videomae_layer_8_lr_5e-5 at: https://wandb.ai/caselli-niccolo-developer-university-of-amsterdam/probe4physics/runs/778mo047
wandb: ⭐️ View project at: https://wandb.ai/caselli-niccolo-developer-university-of-amsterdam/probe4physics
wandb: Synced 4 W&B file(s), 0 media file(s), 0 artifact file(s) and 0 other file(s)
wandb: Find logs at: ./wandb/run-20260514_180731-778mo047/logs
[features.mvp] using compatible legacy cache: expected_signature=a37f592be7d2d486 actual_signature=054d12ce1bcf0e54 cache_dir=/home/v25/ippa6201/Probe4Physics/artifacts/features/mvp/videomae_vit_huge_16_224/train-val-test/054d12ce1bcf0e54
{
  "checkpoint": "artifacts/probes/mvp/mvp_probe_temporal_attn_videomae_vit_huge_16_224_lr_matrix/layer_8/lr_5e-5/train/probe_best.pt",
  "checkpoint_best": "artifacts/probes/mvp/mvp_probe_temporal_attn_videomae_vit_huge_16_224_lr_matrix/layer_8/lr_5e-5/train/probe_best.pt",
  "checkpoint_last": "artifacts/probes/mvp/mvp_probe_temporal_attn_videomae_vit_huge_16_224_lr_matrix/layer_8/lr_5e-5/train/probe_last.pt",
  "dataset": "mvp",
  "elapsed_seconds": 28006.12879439199,
  "feature_signature": "054d12ce1bcf0e54",
  "feature_view": "tokens",
  "fit": {
    "best_epoch": 11,
    "best_val_accuracy": 72.80080889787665,
    "best_val_loss": 0.49036555355655465,
    "early_stopped": true,
    "early_stopping_patience": 5,
    "history": [
      {
        "epoch": 1.0,
        "train_accuracy": 47.99325463743676,
        "train_loss": 0.7644619475076412,
        "val_accuracy": 50.0,
        "val_loss": 0.7401724744011828
      },
      {
        "epoch": 2.0,
        "train_accuracy": 45.58178752107926,
        "train_loss": 0.7188955882755791,
        "val_accuracy": 50.0,
        "val_loss": 0.7883601398390875
      },
      {
        "epoch": 3.0,
        "train_accuracy": 48.802698145025296,
        "train_loss": 0.6996653326759178,
        "val_accuracy": 55.56117290192113,
        "val_loss": 0.6775035056294035
      },
      {
        "epoch": 4.0,
        "train_accuracy": 55.902192242833046,
        "train_loss": 0.6539502447854992,
        "val_accuracy": 62.94236602628918,
        "val_loss": 0.6303899656977463
      },
      {
        "epoch": 5.0,
        "train_accuracy": 63.25463743676223,
        "train_loss": 0.5867470303850665,
        "val_accuracy": 64.1051567239636,
        "val_loss": 0.6047133977842283
      },
      {
        "epoch": 6.0,
        "train_accuracy": 69.56155143338954,
        "train_loss": 0.5172291432137788,
        "val_accuracy": 70.27300303336703,
        "val_loss": 0.5450961649181515
      },
      {
        "epoch": 7.0,
        "train_accuracy": 72.7487352445194,
        "train_loss": 0.45348154718819944,
        "val_accuracy": 68.45298281092013,
        "val_loss": 0.5238971414548417
      },
      {
        "epoch": 8.0,
        "train_accuracy": 75.34569983136593,
        "train_loss": 0.4166007067476084,
        "val_accuracy": 72.14357937310415,
        "val_loss": 0.5013542679710281
      },
      {
        "epoch": 9.0,
        "train_accuracy": 78.58347386172007,
        "train_loss": 0.3628667455648256,
        "val_accuracy": 71.1324570273003,
        "val_loss": 0.4991213102205595
      },
      {
        "epoch": 10.0,
        "train_accuracy": 80.26981450252951,
        "train_loss": 0.3428026227049712,
        "val_accuracy": 70.17189079878665,
        "val_loss": 0.5796788206938877
      },
      {
        "epoch": 11.0,
        "train_accuracy": 81.65261382799326,
        "train_loss": 0.3200625715014108,
        "val_accuracy": 72.80080889787665,
        "val_loss": 0.49036555355655465
      },
      {
        "epoch": 12.0,
        "train_accuracy": 84.03035413153457,
        "train_loss": 0.2840876767825782,
        "val_accuracy": 71.1324570273003,
        "val_loss": 0.670988296527854
      },
      {
        "epoch": 13.0,
        "train_accuracy": 85.56492411467116,
        "train_loss": 0.2627215794643976,
        "val_accuracy": 70.93023255813954,
        "val_loss": 0.7181021708929155
      },
      {
        "epoch": 14.0,
        "train_accuracy": 87.74030354131534,
        "train_loss": 0.23427258127414122,
        "val_accuracy": 71.38523761375126,
        "val_loss": 0.9234339585281542
      },
      {
        "epoch": 15.0,
        "train_accuracy": 89.24114671163575,
        "train_loss": 0.20510179030593226,
        "val_accuracy": 70.72800808897877,
        "val_loss": 0.9329926298817234
      },
      {
        "epoch": 16.0,
        "train_accuracy": 91.26475548060708,
        "train_loss": 0.17442740626999267,
        "val_accuracy": 70.67745197168858,
        "val_loss": 4.635110090381323
      }
    ],
    "n_epochs": 16,
    "train_accuracy": 91.26475548060708,
    "train_loss": 0.17442740626999267,
    "val_accuracy": 70.67745197168858,
    "val_loss": 4.635110090381323
  },
  "input_dim": 1280,
  "layer": 8,
  "n_train": 5930,
  "n_val": 1978,
  "num_classes": 2,
  "output_dir": "artifacts/probes/mvp/mvp_probe_temporal_attn_videomae_vit_huge_16_224_lr_matrix/layer_8/lr_5e-5/train",
  "probe_hparams": {
    "batch_size": 2,
    "deterministic": false,
    "device": "cuda:6",
    "dropout": 0.2,
    "early_stopping": {
      "enabled": true,
      "patience": 5
    },
    "embed_dim": null,
    "epochs": 30,
    "eval_batch_size": 2,
    "feature_view": "tokens",
    "layer": 8,
    "lr": 5e-05,
    "mlp_ratio": 2.0,
    "name": "temporal_attn",
    "num_classes": 2,
    "num_heads": 16,
    "num_self_attn_blocks": 1,
    "weight_decay": 0.01
  },
  "probe_name": "temporal_attn",
  "seconds_per_labeled_sample": 3.541493271926149,
  "seconds_per_train_sample": 4.72278731777268
}
=== DONE layer=8 lr=5e-5 exit=0 | Fri 15 May 01:54:21 CEST 2026 ===
