===== TRAIN PROVENANCE =====
Fri May  8 16:49:07 UTC 2026
tcn263.local.snellius.surf.nl
999d19ef765342e0bd42ee07e9e2db5bba7c1441
Python 3.11.15
/home/scur0511/.conda/envs/probe4physics-gpu/bin/python
REPO_ROOT=/gpfs/home3/scur0511/Probe4Physics
DATASET_NAME=mvp
PROBE_NAME=mlp
BACKBONE_NAME=jepa_v2_1
BACKBONE_VARIANT=vitG_384
PROBE_EPOCHS=100
PROBE_DEVICE=cpu
PROBE_LAYER=12
PROBE_LAYERS=12,24,38,48
PROBE_FEATURE_VIEW=pooled
ENABLE_WANDB=true
WANDB_PROJECT=probe4physics
WANDB_MODE=online
WANDB_GROUP=mvp_mlp_jepa_v2_1_vitG_384
ENABLE_OPTUNA=true
OPTUNA_N_TRIALS=20
OPTUNA_N_JOBS=1
OPTUNA_TIMEOUT_SECONDS=0
ENABLE_OPTUNA_PRUNER=true
OPTUNA_PRUNER_STARTUP_TRIALS=3
OPTUNA_PRUNER_WARMUP_STEPS=100
OPTUNA_PRUNER_INTERVAL_STEPS=1
OPTUNA_STUDY_NAME=mvp_mlp_jepa_v2_1_vitG_384
OPTUNA_SEARCH_OVERRIDES=probe.optuna.search_space.epochs.enabled=true probe.optuna.search_space.epochs.choices=[20,50,100,500,1000,2000]
============================
JOB_START_UTC=2026-05-08T16:49:07Z
[features.mvp] using compatible legacy cache: expected_signature=91dbbc906864406c actual_signature=b2019eaca58aa5ac cache_dir=/gpfs/scratch1/shared/scur0511/probe4physics/artifacts/features/mvp/jepa_v2_1_vitG_384/train-val-test/b2019eaca58aa5ac
[features.mvp] using compatible legacy cache: expected_signature=91dbbc906864406c actual_signature=b2019eaca58aa5ac cache_dir=/gpfs/scratch1/shared/scur0511/probe4physics/artifacts/features/mvp/jepa_v2_1_vitG_384/train-val-test/b2019eaca58aa5ac
[features.mvp] using compatible legacy cache: expected_signature=91dbbc906864406c actual_signature=b2019eaca58aa5ac cache_dir=/gpfs/scratch1/shared/scur0511/probe4physics/artifacts/features/mvp/jepa_v2_1_vitG_384/train-val-test/b2019eaca58aa5ac
[features.mvp] using compatible legacy cache: expected_signature=91dbbc906864406c actual_signature=b2019eaca58aa5ac cache_dir=/gpfs/scratch1/shared/scur0511/probe4physics/artifacts/features/mvp/jepa_v2_1_vitG_384/train-val-test/b2019eaca58aa5ac
[features.mvp] using compatible legacy cache: expected_signature=91dbbc906864406c actual_signature=b2019eaca58aa5ac cache_dir=/gpfs/scratch1/shared/scur0511/probe4physics/artifacts/features/mvp/jepa_v2_1_vitG_384/train-val-test/b2019eaca58aa5ac
[features.mvp] using compatible legacy cache: expected_signature=91dbbc906864406c actual_signature=b2019eaca58aa5ac cache_dir=/gpfs/scratch1/shared/scur0511/probe4physics/artifacts/features/mvp/jepa_v2_1_vitG_384/train-val-test/b2019eaca58aa5ac
[features.mvp] using compatible legacy cache: expected_signature=91dbbc906864406c actual_signature=b2019eaca58aa5ac cache_dir=/gpfs/scratch1/shared/scur0511/probe4physics/artifacts/features/mvp/jepa_v2_1_vitG_384/train-val-test/b2019eaca58aa5ac
[features.mvp] using compatible legacy cache: expected_signature=91dbbc906864406c actual_signature=b2019eaca58aa5ac cache_dir=/gpfs/scratch1/shared/scur0511/probe4physics/artifacts/features/mvp/jepa_v2_1_vitG_384/train-val-test/b2019eaca58aa5ac
[features.mvp] using compatible legacy cache: expected_signature=91dbbc906864406c actual_signature=b2019eaca58aa5ac cache_dir=/gpfs/scratch1/shared/scur0511/probe4physics/artifacts/features/mvp/jepa_v2_1_vitG_384/train-val-test/b2019eaca58aa5ac
[features.mvp] using compatible legacy cache: expected_signature=91dbbc906864406c actual_signature=b2019eaca58aa5ac cache_dir=/gpfs/scratch1/shared/scur0511/probe4physics/artifacts/features/mvp/jepa_v2_1_vitG_384/train-val-test/b2019eaca58aa5ac
[features.mvp] using compatible legacy cache: expected_signature=91dbbc906864406c actual_signature=b2019eaca58aa5ac cache_dir=/gpfs/scratch1/shared/scur0511/probe4physics/artifacts/features/mvp/jepa_v2_1_vitG_384/train-val-test/b2019eaca58aa5ac
[features.mvp] using compatible legacy cache: expected_signature=91dbbc906864406c actual_signature=b2019eaca58aa5ac cache_dir=/gpfs/scratch1/shared/scur0511/probe4physics/artifacts/features/mvp/jepa_v2_1_vitG_384/train-val-test/b2019eaca58aa5ac
[features.mvp] using compatible legacy cache: expected_signature=91dbbc906864406c actual_signature=b2019eaca58aa5ac cache_dir=/gpfs/scratch1/shared/scur0511/probe4physics/artifacts/features/mvp/jepa_v2_1_vitG_384/train-val-test/b2019eaca58aa5ac
[features.mvp] using compatible legacy cache: expected_signature=91dbbc906864406c actual_signature=b2019eaca58aa5ac cache_dir=/gpfs/scratch1/shared/scur0511/probe4physics/artifacts/features/mvp/jepa_v2_1_vitG_384/train-val-test/b2019eaca58aa5ac
[features.mvp] using compatible legacy cache: expected_signature=91dbbc906864406c actual_signature=b2019eaca58aa5ac cache_dir=/gpfs/scratch1/shared/scur0511/probe4physics/artifacts/features/mvp/jepa_v2_1_vitG_384/train-val-test/b2019eaca58aa5ac
[features.mvp] using compatible legacy cache: expected_signature=91dbbc906864406c actual_signature=b2019eaca58aa5ac cache_dir=/gpfs/scratch1/shared/scur0511/probe4physics/artifacts/features/mvp/jepa_v2_1_vitG_384/train-val-test/b2019eaca58aa5ac
[features.mvp] using compatible legacy cache: expected_signature=91dbbc906864406c actual_signature=b2019eaca58aa5ac cache_dir=/gpfs/scratch1/shared/scur0511/probe4physics/artifacts/features/mvp/jepa_v2_1_vitG_384/train-val-test/b2019eaca58aa5ac
[features.mvp] using compatible legacy cache: expected_signature=91dbbc906864406c actual_signature=b2019eaca58aa5ac cache_dir=/gpfs/scratch1/shared/scur0511/probe4physics/artifacts/features/mvp/jepa_v2_1_vitG_384/train-val-test/b2019eaca58aa5ac
[features.mvp] using compatible legacy cache: expected_signature=91dbbc906864406c actual_signature=b2019eaca58aa5ac cache_dir=/gpfs/scratch1/shared/scur0511/probe4physics/artifacts/features/mvp/jepa_v2_1_vitG_384/train-val-test/b2019eaca58aa5ac
[features.mvp] using compatible legacy cache: expected_signature=91dbbc906864406c actual_signature=b2019eaca58aa5ac cache_dir=/gpfs/scratch1/shared/scur0511/probe4physics/artifacts/features/mvp/jepa_v2_1_vitG_384/train-val-test/b2019eaca58aa5ac
[features.mvp] using compatible legacy cache: expected_signature=91dbbc906864406c actual_signature=b2019eaca58aa5ac cache_dir=/gpfs/scratch1/shared/scur0511/probe4physics/artifacts/features/mvp/jepa_v2_1_vitG_384/train-val-test/b2019eaca58aa5ac
[features.mvp] using compatible legacy cache: expected_signature=91dbbc906864406c actual_signature=b2019eaca58aa5ac cache_dir=/gpfs/scratch1/shared/scur0511/probe4physics/artifacts/features/mvp/jepa_v2_1_vitG_384/train-val-test/b2019eaca58aa5ac
[features.mvp] using compatible legacy cache: expected_signature=91dbbc906864406c actual_signature=b2019eaca58aa5ac cache_dir=/gpfs/scratch1/shared/scur0511/probe4physics/artifacts/features/mvp/jepa_v2_1_vitG_384/train-val-test/b2019eaca58aa5ac
[features.mvp] using compatible legacy cache: expected_signature=91dbbc906864406c actual_signature=b2019eaca58aa5ac cache_dir=/gpfs/scratch1/shared/scur0511/probe4physics/artifacts/features/mvp/jepa_v2_1_vitG_384/train-val-test/b2019eaca58aa5ac
[features.mvp] using compatible legacy cache: expected_signature=91dbbc906864406c actual_signature=b2019eaca58aa5ac cache_dir=/gpfs/scratch1/shared/scur0511/probe4physics/artifacts/features/mvp/jepa_v2_1_vitG_384/train-val-test/b2019eaca58aa5ac
[features.mvp] using compatible legacy cache: expected_signature=91dbbc906864406c actual_signature=b2019eaca58aa5ac cache_dir=/gpfs/scratch1/shared/scur0511/probe4physics/artifacts/features/mvp/jepa_v2_1_vitG_384/train-val-test/b2019eaca58aa5ac
[features.mvp] using compatible legacy cache: expected_signature=91dbbc906864406c actual_signature=b2019eaca58aa5ac cache_dir=/gpfs/scratch1/shared/scur0511/probe4physics/artifacts/features/mvp/jepa_v2_1_vitG_384/train-val-test/b2019eaca58aa5ac
[features.mvp] using compatible legacy cache: expected_signature=91dbbc906864406c actual_signature=b2019eaca58aa5ac cache_dir=/gpfs/scratch1/shared/scur0511/probe4physics/artifacts/features/mvp/jepa_v2_1_vitG_384/train-val-test/b2019eaca58aa5ac
[features.mvp] using compatible legacy cache: expected_signature=91dbbc906864406c actual_signature=b2019eaca58aa5ac cache_dir=/gpfs/scratch1/shared/scur0511/probe4physics/artifacts/features/mvp/jepa_v2_1_vitG_384/train-val-test/b2019eaca58aa5ac
[features.mvp] using compatible legacy cache: expected_signature=91dbbc906864406c actual_signature=b2019eaca58aa5ac cache_dir=/gpfs/scratch1/shared/scur0511/probe4physics/artifacts/features/mvp/jepa_v2_1_vitG_384/train-val-test/b2019eaca58aa5ac
[features.mvp] using compatible legacy cache: expected_signature=91dbbc906864406c actual_signature=b2019eaca58aa5ac cache_dir=/gpfs/scratch1/shared/scur0511/probe4physics/artifacts/features/mvp/jepa_v2_1_vitG_384/train-val-test/b2019eaca58aa5ac
[features.mvp] using compatible legacy cache: expected_signature=91dbbc906864406c actual_signature=b2019eaca58aa5ac cache_dir=/gpfs/scratch1/shared/scur0511/probe4physics/artifacts/features/mvp/jepa_v2_1_vitG_384/train-val-test/b2019eaca58aa5ac
[features.mvp] using compatible legacy cache: expected_signature=91dbbc906864406c actual_signature=b2019eaca58aa5ac cache_dir=/gpfs/scratch1/shared/scur0511/probe4physics/artifacts/features/mvp/jepa_v2_1_vitG_384/train-val-test/b2019eaca58aa5ac
[features.mvp] using compatible legacy cache: expected_signature=91dbbc906864406c actual_signature=b2019eaca58aa5ac cache_dir=/gpfs/scratch1/shared/scur0511/probe4physics/artifacts/features/mvp/jepa_v2_1_vitG_384/train-val-test/b2019eaca58aa5ac
[features.mvp] using compatible legacy cache: expected_signature=91dbbc906864406c actual_signature=b2019eaca58aa5ac cache_dir=/gpfs/scratch1/shared/scur0511/probe4physics/artifacts/features/mvp/jepa_v2_1_vitG_384/train-val-test/b2019eaca58aa5ac
[features.mvp] using compatible legacy cache: expected_signature=91dbbc906864406c actual_signature=b2019eaca58aa5ac cache_dir=/gpfs/scratch1/shared/scur0511/probe4physics/artifacts/features/mvp/jepa_v2_1_vitG_384/train-val-test/b2019eaca58aa5ac
[features.mvp] using compatible legacy cache: expected_signature=91dbbc906864406c actual_signature=b2019eaca58aa5ac cache_dir=/gpfs/scratch1/shared/scur0511/probe4physics/artifacts/features/mvp/jepa_v2_1_vitG_384/train-val-test/b2019eaca58aa5ac
[features.mvp] using compatible legacy cache: expected_signature=91dbbc906864406c actual_signature=b2019eaca58aa5ac cache_dir=/gpfs/scratch1/shared/scur0511/probe4physics/artifacts/features/mvp/jepa_v2_1_vitG_384/train-val-test/b2019eaca58aa5ac
[features.mvp] using compatible legacy cache: expected_signature=91dbbc906864406c actual_signature=b2019eaca58aa5ac cache_dir=/gpfs/scratch1/shared/scur0511/probe4physics/artifacts/features/mvp/jepa_v2_1_vitG_384/train-val-test/b2019eaca58aa5ac
[features.mvp] using compatible legacy cache: expected_signature=91dbbc906864406c actual_signature=b2019eaca58aa5ac cache_dir=/gpfs/scratch1/shared/scur0511/probe4physics/artifacts/features/mvp/jepa_v2_1_vitG_384/train-val-test/b2019eaca58aa5ac
[features.mvp] using compatible legacy cache: expected_signature=91dbbc906864406c actual_signature=b2019eaca58aa5ac cache_dir=/gpfs/scratch1/shared/scur0511/probe4physics/artifacts/features/mvp/jepa_v2_1_vitG_384/train-val-test/b2019eaca58aa5ac
[features.mvp] using compatible legacy cache: expected_signature=91dbbc906864406c actual_signature=b2019eaca58aa5ac cache_dir=/gpfs/scratch1/shared/scur0511/probe4physics/artifacts/features/mvp/jepa_v2_1_vitG_384/train-val-test/b2019eaca58aa5ac
[features.mvp] using compatible legacy cache: expected_signature=91dbbc906864406c actual_signature=b2019eaca58aa5ac cache_dir=/gpfs/scratch1/shared/scur0511/probe4physics/artifacts/features/mvp/jepa_v2_1_vitG_384/train-val-test/b2019eaca58aa5ac
[features.mvp] using compatible legacy cache: expected_signature=91dbbc906864406c actual_signature=b2019eaca58aa5ac cache_dir=/gpfs/scratch1/shared/scur0511/probe4physics/artifacts/features/mvp/jepa_v2_1_vitG_384/train-val-test/b2019eaca58aa5ac
[features.mvp] using compatible legacy cache: expected_signature=91dbbc906864406c actual_signature=b2019eaca58aa5ac cache_dir=/gpfs/scratch1/shared/scur0511/probe4physics/artifacts/features/mvp/jepa_v2_1_vitG_384/train-val-test/b2019eaca58aa5ac
[features.mvp] using compatible legacy cache: expected_signature=91dbbc906864406c actual_signature=b2019eaca58aa5ac cache_dir=/gpfs/scratch1/shared/scur0511/probe4physics/artifacts/features/mvp/jepa_v2_1_vitG_384/train-val-test/b2019eaca58aa5ac
[features.mvp] using compatible legacy cache: expected_signature=91dbbc906864406c actual_signature=b2019eaca58aa5ac cache_dir=/gpfs/scratch1/shared/scur0511/probe4physics/artifacts/features/mvp/jepa_v2_1_vitG_384/train-val-test/b2019eaca58aa5ac
[features.mvp] using compatible legacy cache: expected_signature=91dbbc906864406c actual_signature=b2019eaca58aa5ac cache_dir=/gpfs/scratch1/shared/scur0511/probe4physics/artifacts/features/mvp/jepa_v2_1_vitG_384/train-val-test/b2019eaca58aa5ac
[features.mvp] using compatible legacy cache: expected_signature=91dbbc906864406c actual_signature=b2019eaca58aa5ac cache_dir=/gpfs/scratch1/shared/scur0511/probe4physics/artifacts/features/mvp/jepa_v2_1_vitG_384/train-val-test/b2019eaca58aa5ac
[features.mvp] using compatible legacy cache: expected_signature=91dbbc906864406c actual_signature=b2019eaca58aa5ac cache_dir=/gpfs/scratch1/shared/scur0511/probe4physics/artifacts/features/mvp/jepa_v2_1_vitG_384/train-val-test/b2019eaca58aa5ac
[features.mvp] using compatible legacy cache: expected_signature=91dbbc906864406c actual_signature=b2019eaca58aa5ac cache_dir=/gpfs/scratch1/shared/scur0511/probe4physics/artifacts/features/mvp/jepa_v2_1_vitG_384/train-val-test/b2019eaca58aa5ac
[features.mvp] using compatible legacy cache: expected_signature=91dbbc906864406c actual_signature=b2019eaca58aa5ac cache_dir=/gpfs/scratch1/shared/scur0511/probe4physics/artifacts/features/mvp/jepa_v2_1_vitG_384/train-val-test/b2019eaca58aa5ac
[features.mvp] using compatible legacy cache: expected_signature=91dbbc906864406c actual_signature=b2019eaca58aa5ac cache_dir=/gpfs/scratch1/shared/scur0511/probe4physics/artifacts/features/mvp/jepa_v2_1_vitG_384/train-val-test/b2019eaca58aa5ac
[features.mvp] using compatible legacy cache: expected_signature=91dbbc906864406c actual_signature=b2019eaca58aa5ac cache_dir=/gpfs/scratch1/shared/scur0511/probe4physics/artifacts/features/mvp/jepa_v2_1_vitG_384/train-val-test/b2019eaca58aa5ac
[features.mvp] using compatible legacy cache: expected_signature=91dbbc906864406c actual_signature=b2019eaca58aa5ac cache_dir=/gpfs/scratch1/shared/scur0511/probe4physics/artifacts/features/mvp/jepa_v2_1_vitG_384/train-val-test/b2019eaca58aa5ac
[features.mvp] using compatible legacy cache: expected_signature=91dbbc906864406c actual_signature=b2019eaca58aa5ac cache_dir=/gpfs/scratch1/shared/scur0511/probe4physics/artifacts/features/mvp/jepa_v2_1_vitG_384/train-val-test/b2019eaca58aa5ac
[features.mvp] using compatible legacy cache: expected_signature=91dbbc906864406c actual_signature=b2019eaca58aa5ac cache_dir=/gpfs/scratch1/shared/scur0511/probe4physics/artifacts/features/mvp/jepa_v2_1_vitG_384/train-val-test/b2019eaca58aa5ac
[features.mvp] using compatible legacy cache: expected_signature=91dbbc906864406c actual_signature=b2019eaca58aa5ac cache_dir=/gpfs/scratch1/shared/scur0511/probe4physics/artifacts/features/mvp/jepa_v2_1_vitG_384/train-val-test/b2019eaca58aa5ac
[features.mvp] using compatible legacy cache: expected_signature=91dbbc906864406c actual_signature=b2019eaca58aa5ac cache_dir=/gpfs/scratch1/shared/scur0511/probe4physics/artifacts/features/mvp/jepa_v2_1_vitG_384/train-val-test/b2019eaca58aa5ac
[features.mvp] using compatible legacy cache: expected_signature=91dbbc906864406c actual_signature=b2019eaca58aa5ac cache_dir=/gpfs/scratch1/shared/scur0511/probe4physics/artifacts/features/mvp/jepa_v2_1_vitG_384/train-val-test/b2019eaca58aa5ac
[features.mvp] using compatible legacy cache: expected_signature=91dbbc906864406c actual_signature=b2019eaca58aa5ac cache_dir=/gpfs/scratch1/shared/scur0511/probe4physics/artifacts/features/mvp/jepa_v2_1_vitG_384/train-val-test/b2019eaca58aa5ac
[features.mvp] using compatible legacy cache: expected_signature=91dbbc906864406c actual_signature=b2019eaca58aa5ac cache_dir=/gpfs/scratch1/shared/scur0511/probe4physics/artifacts/features/mvp/jepa_v2_1_vitG_384/train-val-test/b2019eaca58aa5ac
[features.mvp] using compatible legacy cache: expected_signature=91dbbc906864406c actual_signature=b2019eaca58aa5ac cache_dir=/gpfs/scratch1/shared/scur0511/probe4physics/artifacts/features/mvp/jepa_v2_1_vitG_384/train-val-test/b2019eaca58aa5ac
[features.mvp] using compatible legacy cache: expected_signature=91dbbc906864406c actual_signature=b2019eaca58aa5ac cache_dir=/gpfs/scratch1/shared/scur0511/probe4physics/artifacts/features/mvp/jepa_v2_1_vitG_384/train-val-test/b2019eaca58aa5ac
[features.mvp] using compatible legacy cache: expected_signature=91dbbc906864406c actual_signature=b2019eaca58aa5ac cache_dir=/gpfs/scratch1/shared/scur0511/probe4physics/artifacts/features/mvp/jepa_v2_1_vitG_384/train-val-test/b2019eaca58aa5ac
[features.mvp] using compatible legacy cache: expected_signature=91dbbc906864406c actual_signature=b2019eaca58aa5ac cache_dir=/gpfs/scratch1/shared/scur0511/probe4physics/artifacts/features/mvp/jepa_v2_1_vitG_384/train-val-test/b2019eaca58aa5ac
[features.mvp] using compatible legacy cache: expected_signature=91dbbc906864406c actual_signature=b2019eaca58aa5ac cache_dir=/gpfs/scratch1/shared/scur0511/probe4physics/artifacts/features/mvp/jepa_v2_1_vitG_384/train-val-test/b2019eaca58aa5ac
[features.mvp] using compatible legacy cache: expected_signature=91dbbc906864406c actual_signature=b2019eaca58aa5ac cache_dir=/gpfs/scratch1/shared/scur0511/probe4physics/artifacts/features/mvp/jepa_v2_1_vitG_384/train-val-test/b2019eaca58aa5ac
[features.mvp] using compatible legacy cache: expected_signature=91dbbc906864406c actual_signature=b2019eaca58aa5ac cache_dir=/gpfs/scratch1/shared/scur0511/probe4physics/artifacts/features/mvp/jepa_v2_1_vitG_384/train-val-test/b2019eaca58aa5ac
[features.mvp] using compatible legacy cache: expected_signature=91dbbc906864406c actual_signature=b2019eaca58aa5ac cache_dir=/gpfs/scratch1/shared/scur0511/probe4physics/artifacts/features/mvp/jepa_v2_1_vitG_384/train-val-test/b2019eaca58aa5ac
[features.mvp] using compatible legacy cache: expected_signature=91dbbc906864406c actual_signature=b2019eaca58aa5ac cache_dir=/gpfs/scratch1/shared/scur0511/probe4physics/artifacts/features/mvp/jepa_v2_1_vitG_384/train-val-test/b2019eaca58aa5ac
[features.mvp] using compatible legacy cache: expected_signature=91dbbc906864406c actual_signature=b2019eaca58aa5ac cache_dir=/gpfs/scratch1/shared/scur0511/probe4physics/artifacts/features/mvp/jepa_v2_1_vitG_384/train-val-test/b2019eaca58aa5ac
[features.mvp] using compatible legacy cache: expected_signature=91dbbc906864406c actual_signature=b2019eaca58aa5ac cache_dir=/gpfs/scratch1/shared/scur0511/probe4physics/artifacts/features/mvp/jepa_v2_1_vitG_384/train-val-test/b2019eaca58aa5ac
[features.mvp] using compatible legacy cache: expected_signature=91dbbc906864406c actual_signature=b2019eaca58aa5ac cache_dir=/gpfs/scratch1/shared/scur0511/probe4physics/artifacts/features/mvp/jepa_v2_1_vitG_384/train-val-test/b2019eaca58aa5ac
[features.mvp] using compatible legacy cache: expected_signature=91dbbc906864406c actual_signature=b2019eaca58aa5ac cache_dir=/gpfs/scratch1/shared/scur0511/probe4physics/artifacts/features/mvp/jepa_v2_1_vitG_384/train-val-test/b2019eaca58aa5ac
[features.mvp] using compatible legacy cache: expected_signature=91dbbc906864406c actual_signature=b2019eaca58aa5ac cache_dir=/gpfs/scratch1/shared/scur0511/probe4physics/artifacts/features/mvp/jepa_v2_1_vitG_384/train-val-test/b2019eaca58aa5ac
[features.mvp] using compatible legacy cache: expected_signature=91dbbc906864406c actual_signature=b2019eaca58aa5ac cache_dir=/gpfs/scratch1/shared/scur0511/probe4physics/artifacts/features/mvp/jepa_v2_1_vitG_384/train-val-test/b2019eaca58aa5ac
[features.mvp] using compatible legacy cache: expected_signature=91dbbc906864406c actual_signature=b2019eaca58aa5ac cache_dir=/gpfs/scratch1/shared/scur0511/probe4physics/artifacts/features/mvp/jepa_v2_1_vitG_384/train-val-test/b2019eaca58aa5ac
[features.mvp] using compatible legacy cache: expected_signature=91dbbc906864406c actual_signature=b2019eaca58aa5ac cache_dir=/gpfs/scratch1/shared/scur0511/probe4physics/artifacts/features/mvp/jepa_v2_1_vitG_384/train-val-test/b2019eaca58aa5ac
[features.mvp] using compatible legacy cache: expected_signature=91dbbc906864406c actual_signature=b2019eaca58aa5ac cache_dir=/gpfs/scratch1/shared/scur0511/probe4physics/artifacts/features/mvp/jepa_v2_1_vitG_384/train-val-test/b2019eaca58aa5ac
[features.mvp] using compatible legacy cache: expected_signature=91dbbc906864406c actual_signature=b2019eaca58aa5ac cache_dir=/gpfs/scratch1/shared/scur0511/probe4physics/artifacts/features/mvp/jepa_v2_1_vitG_384/train-val-test/b2019eaca58aa5ac
[features.mvp] using compatible legacy cache: expected_signature=91dbbc906864406c actual_signature=b2019eaca58aa5ac cache_dir=/gpfs/scratch1/shared/scur0511/probe4physics/artifacts/features/mvp/jepa_v2_1_vitG_384/train-val-test/b2019eaca58aa5ac
[features.mvp] using compatible legacy cache: expected_signature=91dbbc906864406c actual_signature=b2019eaca58aa5ac cache_dir=/gpfs/scratch1/shared/scur0511/probe4physics/artifacts/features/mvp/jepa_v2_1_vitG_384/train-val-test/b2019eaca58aa5ac
[features.mvp] using compatible legacy cache: expected_signature=91dbbc906864406c actual_signature=b2019eaca58aa5ac cache_dir=/gpfs/scratch1/shared/scur0511/probe4physics/artifacts/features/mvp/jepa_v2_1_vitG_384/train-val-test/b2019eaca58aa5ac
[features.mvp] using compatible legacy cache: expected_signature=91dbbc906864406c actual_signature=b2019eaca58aa5ac cache_dir=/gpfs/scratch1/shared/scur0511/probe4physics/artifacts/features/mvp/jepa_v2_1_vitG_384/train-val-test/b2019eaca58aa5ac
[features.mvp] using compatible legacy cache: expected_signature=91dbbc906864406c actual_signature=b2019eaca58aa5ac cache_dir=/gpfs/scratch1/shared/scur0511/probe4physics/artifacts/features/mvp/jepa_v2_1_vitG_384/train-val-test/b2019eaca58aa5ac
[features.mvp] using compatible legacy cache: expected_signature=91dbbc906864406c actual_signature=b2019eaca58aa5ac cache_dir=/gpfs/scratch1/shared/scur0511/probe4physics/artifacts/features/mvp/jepa_v2_1_vitG_384/train-val-test/b2019eaca58aa5ac
[features.mvp] using compatible legacy cache: expected_signature=91dbbc906864406c actual_signature=b2019eaca58aa5ac cache_dir=/gpfs/scratch1/shared/scur0511/probe4physics/artifacts/features/mvp/jepa_v2_1_vitG_384/train-val-test/b2019eaca58aa5ac
[features.mvp] using compatible legacy cache: expected_signature=91dbbc906864406c actual_signature=b2019eaca58aa5ac cache_dir=/gpfs/scratch1/shared/scur0511/probe4physics/artifacts/features/mvp/jepa_v2_1_vitG_384/train-val-test/b2019eaca58aa5ac
[features.mvp] using compatible legacy cache: expected_signature=91dbbc906864406c actual_signature=b2019eaca58aa5ac cache_dir=/gpfs/scratch1/shared/scur0511/probe4physics/artifacts/features/mvp/jepa_v2_1_vitG_384/train-val-test/b2019eaca58aa5ac
[features.mvp] using compatible legacy cache: expected_signature=91dbbc906864406c actual_signature=b2019eaca58aa5ac cache_dir=/gpfs/scratch1/shared/scur0511/probe4physics/artifacts/features/mvp/jepa_v2_1_vitG_384/train-val-test/b2019eaca58aa5ac
[features.mvp] using compatible legacy cache: expected_signature=91dbbc906864406c actual_signature=b2019eaca58aa5ac cache_dir=/gpfs/scratch1/shared/scur0511/probe4physics/artifacts/features/mvp/jepa_v2_1_vitG_384/train-val-test/b2019eaca58aa5ac
[features.mvp] using compatible legacy cache: expected_signature=91dbbc906864406c actual_signature=b2019eaca58aa5ac cache_dir=/gpfs/scratch1/shared/scur0511/probe4physics/artifacts/features/mvp/jepa_v2_1_vitG_384/train-val-test/b2019eaca58aa5ac
[features.mvp] using compatible legacy cache: expected_signature=91dbbc906864406c actual_signature=b2019eaca58aa5ac cache_dir=/gpfs/scratch1/shared/scur0511/probe4physics/artifacts/features/mvp/jepa_v2_1_vitG_384/train-val-test/b2019eaca58aa5ac
[features.mvp] using compatible legacy cache: expected_signature=91dbbc906864406c actual_signature=b2019eaca58aa5ac cache_dir=/gpfs/scratch1/shared/scur0511/probe4physics/artifacts/features/mvp/jepa_v2_1_vitG_384/train-val-test/b2019eaca58aa5ac
[features.mvp] using compatible legacy cache: expected_signature=91dbbc906864406c actual_signature=b2019eaca58aa5ac cache_dir=/gpfs/scratch1/shared/scur0511/probe4physics/artifacts/features/mvp/jepa_v2_1_vitG_384/train-val-test/b2019eaca58aa5ac
[features.mvp] using compatible legacy cache: expected_signature=91dbbc906864406c actual_signature=b2019eaca58aa5ac cache_dir=/gpfs/scratch1/shared/scur0511/probe4physics/artifacts/features/mvp/jepa_v2_1_vitG_384/train-val-test/b2019eaca58aa5ac
[features.mvp] using compatible legacy cache: expected_signature=91dbbc906864406c actual_signature=b2019eaca58aa5ac cache_dir=/gpfs/scratch1/shared/scur0511/probe4physics/artifacts/features/mvp/jepa_v2_1_vitG_384/train-val-test/b2019eaca58aa5ac
[features.mvp] using compatible legacy cache: expected_signature=91dbbc906864406c actual_signature=b2019eaca58aa5ac cache_dir=/gpfs/scratch1/shared/scur0511/probe4physics/artifacts/features/mvp/jepa_v2_1_vitG_384/train-val-test/b2019eaca58aa5ac
[features.mvp] using compatible legacy cache: expected_signature=91dbbc906864406c actual_signature=b2019eaca58aa5ac cache_dir=/gpfs/scratch1/shared/scur0511/probe4physics/artifacts/features/mvp/jepa_v2_1_vitG_384/train-val-test/b2019eaca58aa5ac
[features.mvp] using compatible legacy cache: expected_signature=91dbbc906864406c actual_signature=b2019eaca58aa5ac cache_dir=/gpfs/scratch1/shared/scur0511/probe4physics/artifacts/features/mvp/jepa_v2_1_vitG_384/train-val-test/b2019eaca58aa5ac
[features.mvp] using compatible legacy cache: expected_signature=91dbbc906864406c actual_signature=b2019eaca58aa5ac cache_dir=/gpfs/scratch1/shared/scur0511/probe4physics/artifacts/features/mvp/jepa_v2_1_vitG_384/train-val-test/b2019eaca58aa5ac
[features.mvp] using compatible legacy cache: expected_signature=91dbbc906864406c actual_signature=b2019eaca58aa5ac cache_dir=/gpfs/scratch1/shared/scur0511/probe4physics/artifacts/features/mvp/jepa_v2_1_vitG_384/train-val-test/b2019eaca58aa5ac
[features.mvp] using compatible legacy cache: expected_signature=91dbbc906864406c actual_signature=b2019eaca58aa5ac cache_dir=/gpfs/scratch1/shared/scur0511/probe4physics/artifacts/features/mvp/jepa_v2_1_vitG_384/train-val-test/b2019eaca58aa5ac
[features.mvp] using compatible legacy cache: expected_signature=91dbbc906864406c actual_signature=b2019eaca58aa5ac cache_dir=/gpfs/scratch1/shared/scur0511/probe4physics/artifacts/features/mvp/jepa_v2_1_vitG_384/train-val-test/b2019eaca58aa5ac
[features.mvp] using compatible legacy cache: expected_signature=91dbbc906864406c actual_signature=b2019eaca58aa5ac cache_dir=/gpfs/scratch1/shared/scur0511/probe4physics/artifacts/features/mvp/jepa_v2_1_vitG_384/train-val-test/b2019eaca58aa5ac
[features.mvp] using compatible legacy cache: expected_signature=91dbbc906864406c actual_signature=b2019eaca58aa5ac cache_dir=/gpfs/scratch1/shared/scur0511/probe4physics/artifacts/features/mvp/jepa_v2_1_vitG_384/train-val-test/b2019eaca58aa5ac
[features.mvp] using compatible legacy cache: expected_signature=91dbbc906864406c actual_signature=b2019eaca58aa5ac cache_dir=/gpfs/scratch1/shared/scur0511/probe4physics/artifacts/features/mvp/jepa_v2_1_vitG_384/train-val-test/b2019eaca58aa5ac
[features.mvp] using compatible legacy cache: expected_signature=91dbbc906864406c actual_signature=b2019eaca58aa5ac cache_dir=/gpfs/scratch1/shared/scur0511/probe4physics/artifacts/features/mvp/jepa_v2_1_vitG_384/train-val-test/b2019eaca58aa5ac
[features.mvp] using compatible legacy cache: expected_signature=91dbbc906864406c actual_signature=b2019eaca58aa5ac cache_dir=/gpfs/scratch1/shared/scur0511/probe4physics/artifacts/features/mvp/jepa_v2_1_vitG_384/train-val-test/b2019eaca58aa5ac
[features.mvp] using compatible legacy cache: expected_signature=91dbbc906864406c actual_signature=b2019eaca58aa5ac cache_dir=/gpfs/scratch1/shared/scur0511/probe4physics/artifacts/features/mvp/jepa_v2_1_vitG_384/train-val-test/b2019eaca58aa5ac
[features.mvp] using compatible legacy cache: expected_signature=91dbbc906864406c actual_signature=b2019eaca58aa5ac cache_dir=/gpfs/scratch1/shared/scur0511/probe4physics/artifacts/features/mvp/jepa_v2_1_vitG_384/train-val-test/b2019eaca58aa5ac
[features.mvp] using compatible legacy cache: expected_signature=91dbbc906864406c actual_signature=b2019eaca58aa5ac cache_dir=/gpfs/scratch1/shared/scur0511/probe4physics/artifacts/features/mvp/jepa_v2_1_vitG_384/train-val-test/b2019eaca58aa5ac
[features.mvp] using compatible legacy cache: expected_signature=91dbbc906864406c actual_signature=b2019eaca58aa5ac cache_dir=/gpfs/scratch1/shared/scur0511/probe4physics/artifacts/features/mvp/jepa_v2_1_vitG_384/train-val-test/b2019eaca58aa5ac
[features.mvp] using compatible legacy cache: expected_signature=91dbbc906864406c actual_signature=b2019eaca58aa5ac cache_dir=/gpfs/scratch1/shared/scur0511/probe4physics/artifacts/features/mvp/jepa_v2_1_vitG_384/train-val-test/b2019eaca58aa5ac
[features.mvp] using compatible legacy cache: expected_signature=91dbbc906864406c actual_signature=b2019eaca58aa5ac cache_dir=/gpfs/scratch1/shared/scur0511/probe4physics/artifacts/features/mvp/jepa_v2_1_vitG_384/train-val-test/b2019eaca58aa5ac
[features.mvp] using compatible legacy cache: expected_signature=91dbbc906864406c actual_signature=b2019eaca58aa5ac cache_dir=/gpfs/scratch1/shared/scur0511/probe4physics/artifacts/features/mvp/jepa_v2_1_vitG_384/train-val-test/b2019eaca58aa5ac
[features.mvp] using compatible legacy cache: expected_signature=91dbbc906864406c actual_signature=b2019eaca58aa5ac cache_dir=/gpfs/scratch1/shared/scur0511/probe4physics/artifacts/features/mvp/jepa_v2_1_vitG_384/train-val-test/b2019eaca58aa5ac
[features.mvp] using compatible legacy cache: expected_signature=91dbbc906864406c actual_signature=b2019eaca58aa5ac cache_dir=/gpfs/scratch1/shared/scur0511/probe4physics/artifacts/features/mvp/jepa_v2_1_vitG_384/train-val-test/b2019eaca58aa5ac
[features.mvp] using compatible legacy cache: expected_signature=91dbbc906864406c actual_signature=b2019eaca58aa5ac cache_dir=/gpfs/scratch1/shared/scur0511/probe4physics/artifacts/features/mvp/jepa_v2_1_vitG_384/train-val-test/b2019eaca58aa5ac
[features.mvp] using compatible legacy cache: expected_signature=91dbbc906864406c actual_signature=b2019eaca58aa5ac cache_dir=/gpfs/scratch1/shared/scur0511/probe4physics/artifacts/features/mvp/jepa_v2_1_vitG_384/train-val-test/b2019eaca58aa5ac
[features.mvp] using compatible legacy cache: expected_signature=91dbbc906864406c actual_signature=b2019eaca58aa5ac cache_dir=/gpfs/scratch1/shared/scur0511/probe4physics/artifacts/features/mvp/jepa_v2_1_vitG_384/train-val-test/b2019eaca58aa5ac
{
  "best_layer": null,
  "best_layer_label": null,
  "best_objective_metric": null,
  "dataset": "mvp",
  "feature_view": "pooled",
  "layers": [
    {
      "checkpoint": "artifacts/probes/mvp/mvp_probe_mlp_jepa_v2_1_vitG_384_20260508T164911Z/layer_12/train/trial_0000/probe_best.pt",
      "eval": {
        "base_eval": {
          "metrics": {
            "accuracy": 73.30637007077856,
            "n_pairs": 989,
            "n_samples": 1978,
            "pair_consistency": 53.1850353892821
          },
          "output_dir": "artifacts/probes/mvp/mvp_probe_mlp_jepa_v2_1_vitG_384_20260508T164911Z/layer_12/eval/test",
          "split_dir": "data/splits/mvp/full_60_20_20"
        },
        "checkpoint": "artifacts/probes/mvp/mvp_probe_mlp_jepa_v2_1_vitG_384_20260508T164911Z/layer_12/train/trial_0000/probe_best.pt",
        "dataset": "mvp",
        "feature_signature": "b2019eaca58aa5ac",
        "metrics": {
          "accuracy": 73.30637007077856,
          "n_pairs": 989,
          "n_samples": 1978,
          "pair_consistency": 53.1850353892821
        },
        "metrics_by_split": {
          "test": {
            "accuracy": 73.30637007077856,
            "n_pairs": 989,
            "n_samples": 1978,
            "pair_consistency": 53.1850353892821
          },
          "train": {
            "accuracy": 95.98650927487353,
            "n_pairs": 2965,
            "n_samples": 5930,
            "pair_consistency": 92.141652613828
          },
          "val": {
            "accuracy": 74.77249747219413,
            "n_pairs": 989,
            "n_samples": 1978,
            "pair_consistency": 56.825075834175934
          }
        },
        "objective_metric": 53.1850353892821,
        "prediction_file": "artifacts/probes/mvp/mvp_probe_mlp_jepa_v2_1_vitG_384_20260508T164911Z/layer_12/eval/test/probe_predictions.json",
        "prediction_files": {
          "test": "artifacts/probes/mvp/mvp_probe_mlp_jepa_v2_1_vitG_384_20260508T164911Z/layer_12/eval/test/probe_predictions.json",
          "train": "artifacts/probes/mvp/mvp_probe_mlp_jepa_v2_1_vitG_384_20260508T164911Z/layer_12/eval/train/probe_predictions.json",
          "val": "artifacts/probes/mvp/mvp_probe_mlp_jepa_v2_1_vitG_384_20260508T164911Z/layer_12/eval/val/probe_predictions.json"
        },
        "probe_eval_dir": "artifacts/probes/mvp/mvp_probe_mlp_jepa_v2_1_vitG_384_20260508T164911Z/layer_12/eval",
        "probe_name": "mlp",
        "reported_splits": [
          "train",
          "val",
          "test"
        ],
        "split_eval_dirs": {
          "test": "artifacts/probes/mvp/mvp_probe_mlp_jepa_v2_1_vitG_384_20260508T164911Z/layer_12/eval/test",
          "train": "artifacts/probes/mvp/mvp_probe_mlp_jepa_v2_1_vitG_384_20260508T164911Z/layer_12/eval/train",
          "val": "artifacts/probes/mvp/mvp_probe_mlp_jepa_v2_1_vitG_384_20260508T164911Z/layer_12/eval/val"
        },
        "split_evals": {
          "test": {
            "base_eval": {
              "metrics": {
                "accuracy": 73.30637007077856,
                "n_pairs": 989,
                "n_samples": 1978,
                "pair_consistency": 53.1850353892821
              },
              "output_dir": "artifacts/probes/mvp/mvp_probe_mlp_jepa_v2_1_vitG_384_20260508T164911Z/layer_12/eval/test",
              "split_dir": "data/splits/mvp/full_60_20_20"
            },
            "checkpoint": "artifacts/probes/mvp/mvp_probe_mlp_jepa_v2_1_vitG_384_20260508T164911Z/layer_12/train/trial_0000/probe_best.pt",
            "dataset": "mvp",
            "feature_signature": "b2019eaca58aa5ac",
            "metrics": {
              "accuracy": 73.30637007077856,
              "n_pairs": 989,
              "n_samples": 1978,
              "pair_consistency": 53.1850353892821
            },
            "objective_metric": 53.1850353892821,
            "prediction_file": "artifacts/probes/mvp/mvp_probe_mlp_jepa_v2_1_vitG_384_20260508T164911Z/layer_12/eval/test/probe_predictions.json",
            "probe_eval_dir": "artifacts/probes/mvp/mvp_probe_mlp_jepa_v2_1_vitG_384_20260508T164911Z/layer_12/eval/test",
            "probe_name": "mlp",
            "split_name": "test"
          },
          "train": {
            "base_eval": {
              "metrics": {
                "accuracy": 95.98650927487353,
                "n_pairs": 2965,
                "n_samples": 5930,
                "pair_consistency": 92.141652613828
              },
              "output_dir": "artifacts/probes/mvp/mvp_probe_mlp_jepa_v2_1_vitG_384_20260508T164911Z/layer_12/eval/train",
              "split_dir": "data/splits/mvp/full_60_20_20"
            },
            "checkpoint": "artifacts/probes/mvp/mvp_probe_mlp_jepa_v2_1_vitG_384_20260508T164911Z/layer_12/train/trial_0000/probe_best.pt",
            "dataset": "mvp",
            "feature_signature": "b2019eaca58aa5ac",
            "metrics": {
              "accuracy": 95.98650927487353,
              "n_pairs": 2965,
              "n_samples": 5930,
              "pair_consistency": 92.141652613828
            },
            "objective_metric": 92.141652613828,
            "prediction_file": "artifacts/probes/mvp/mvp_probe_mlp_jepa_v2_1_vitG_384_20260508T164911Z/layer_12/eval/train/probe_predictions.json",
            "probe_eval_dir": "artifacts/probes/mvp/mvp_probe_mlp_jepa_v2_1_vitG_384_20260508T164911Z/layer_12/eval/train",
            "probe_name": "mlp",
            "split_name": "train"
          },
          "val": {
            "base_eval": {
              "metrics": {
                "accuracy": 74.77249747219413,
                "n_pairs": 989,
                "n_samples": 1978,
                "pair_consistency": 56.825075834175934
              },
              "output_dir": "artifacts/probes/mvp/mvp_probe_mlp_jepa_v2_1_vitG_384_20260508T164911Z/layer_12/eval/val",
              "split_dir": "data/splits/mvp/full_60_20_20"
            },
            "checkpoint": "artifacts/probes/mvp/mvp_probe_mlp_jepa_v2_1_vitG_384_20260508T164911Z/layer_12/train/trial_0000/probe_best.pt",
            "dataset": "mvp",
            "feature_signature": "b2019eaca58aa5ac",
            "metrics": {
              "accuracy": 74.77249747219413,
              "n_pairs": 989,
              "n_samples": 1978,
              "pair_consistency": 56.825075834175934
            },
            "objective_metric": 56.825075834175934,
            "prediction_file": "artifacts/probes/mvp/mvp_probe_mlp_jepa_v2_1_vitG_384_20260508T164911Z/layer_12/eval/val/probe_predictions.json",
            "probe_eval_dir": "artifacts/probes/mvp/mvp_probe_mlp_jepa_v2_1_vitG_384_20260508T164911Z/layer_12/eval/val",
            "probe_name": "mlp",
            "split_name": "val"
          }
        },
        "split_name": "test"
      },
      "layer": 12,
      "layer_label": "12",
      "objective_metric": 53.1850353892821,
      "train": {
        "best_checkpoint": "artifacts/probes/mvp/mvp_probe_mlp_jepa_v2_1_vitG_384_20260508T164911Z/layer_12/train/trial_0000/probe_best.pt",
        "best_eval_output_dir": "artifacts/probes/mvp/mvp_probe_mlp_jepa_v2_1_vitG_384_20260508T164911Z/layer_12/train/trial_0000/val_eval",
        "best_output_dir": "artifacts/probes/mvp/mvp_probe_mlp_jepa_v2_1_vitG_384_20260508T164911Z/layer_12/train/trial_0000",
        "best_params": {
          "batch_size": 32,
          "dropout": 0.21597250932105788,
          "epochs": 2000,
          "hidden_dims": "256",
          "lr": 0.0001329291894316216,
          "weight_decay": 0.005061576888752304
        },
        "best_trial_number": 0,
        "best_value": 56.825075834175934,
        "checkpoint": "artifacts/probes/mvp/mvp_probe_mlp_jepa_v2_1_vitG_384_20260508T164911Z/layer_12/train/trial_0000/probe_best.pt",
        "dataset": "mvp",
        "direction": "maximize",
        "layer": 12,
        "n_trials": 20,
        "objective_metric": "pair_consistency",
        "output_dir": "artifacts/probes/mvp/mvp_probe_mlp_jepa_v2_1_vitG_384_20260508T164911Z/layer_12/train",
        "probe_name": "mlp",
        "storage": "sqlite:////gpfs/home3/scur0511/Probe4Physics/artifacts/probes/mvp/mvp_probe_mlp_jepa_v2_1_vitG_384_20260508T164911Z/layer_12/train/optuna_study.sqlite3",
        "study_name": "mvp_mlp_jepa_v2_1_vitG_384_layer_12",
        "trials": [
          {
            "checkpoint": "artifacts/probes/mvp/mvp_probe_mlp_jepa_v2_1_vitG_384_20260508T164911Z/layer_12/train/trial_0000/probe_best.pt",
            "eval_output_dir": "artifacts/probes/mvp/mvp_probe_mlp_jepa_v2_1_vitG_384_20260508T164911Z/layer_12/train/trial_0000/val_eval",
            "output_dir": "artifacts/probes/mvp/mvp_probe_mlp_jepa_v2_1_vitG_384_20260508T164911Z/layer_12/train/trial_0000",
            "params": {
              "batch_size": 32,
              "dropout": 0.21597250932105788,
              "epochs": 2000,
              "hidden_dims": "256",
              "lr": 0.0001329291894316216,
              "weight_decay": 0.005061576888752304
            },
            "trial_number": 0,
            "value": 56.825075834175934
          },
          {
            "checkpoint": "artifacts/probes/mvp/mvp_probe_mlp_jepa_v2_1_vitG_384_20260508T164911Z/layer_12/train/trial_0001/probe_best.pt",
            "eval_output_dir": "artifacts/probes/mvp/mvp_probe_mlp_jepa_v2_1_vitG_384_20260508T164911Z/layer_12/train/trial_0001/val_eval",
            "output_dir": "artifacts/probes/mvp/mvp_probe_mlp_jepa_v2_1_vitG_384_20260508T164911Z/layer_12/train/trial_0001",
            "params": {
              "batch_size": 256,
              "dropout": 0.048836057003191935,
              "epochs": 20,
              "hidden_dims": "512x256",
              "lr": 7.476312062252303e-05,
              "weight_decay": 4.689400963537693e-05
            },
            "trial_number": 1,
            "value": 31.951466127401417
          },
          {
            "checkpoint": "artifacts/probes/mvp/mvp_probe_mlp_jepa_v2_1_vitG_384_20260508T164911Z/layer_12/train/trial_0002/probe_best.pt",
            "eval_output_dir": "artifacts/probes/mvp/mvp_probe_mlp_jepa_v2_1_vitG_384_20260508T164911Z/layer_12/train/trial_0002/val_eval",
            "output_dir": "artifacts/probes/mvp/mvp_probe_mlp_jepa_v2_1_vitG_384_20260508T164911Z/layer_12/train/trial_0002",
            "params": {
              "batch_size": 256,
              "dropout": 0.04424625102595975,
              "epochs": 50,
              "hidden_dims": "256",
              "lr": 0.0011290133559092666,
              "weight_decay": 4.374364439939069e-06
            },
            "trial_number": 2,
            "value": 36.400404448938325
          },
          {
            "checkpoint": "artifacts/probes/mvp/mvp_probe_mlp_jepa_v2_1_vitG_384_20260508T164911Z/layer_12/train/trial_0006/probe_best.pt",
            "eval_output_dir": "artifacts/probes/mvp/mvp_probe_mlp_jepa_v2_1_vitG_384_20260508T164911Z/layer_12/train/trial_0006/val_eval",
            "output_dir": "artifacts/probes/mvp/mvp_probe_mlp_jepa_v2_1_vitG_384_20260508T164911Z/layer_12/train/trial_0006",
            "params": {
              "batch_size": 128,
              "dropout": 0.0599326836668414,
              "epochs": 50,
              "hidden_dims": "512",
              "lr": 0.000794714742465374,
              "weight_decay": 0.0016934155410667966
            },
            "trial_number": 6,
            "value": 40.647118301314464
          },
          {
            "checkpoint": "artifacts/probes/mvp/mvp_probe_mlp_jepa_v2_1_vitG_384_20260508T164911Z/layer_12/train/trial_0007/probe_best.pt",
            "eval_output_dir": "artifacts/probes/mvp/mvp_probe_mlp_jepa_v2_1_vitG_384_20260508T164911Z/layer_12/train/trial_0007/val_eval",
            "output_dir": "artifacts/probes/mvp/mvp_probe_mlp_jepa_v2_1_vitG_384_20260508T164911Z/layer_12/train/trial_0007",
            "params": {
              "batch_size": 128,
              "dropout": 0.11978094533348621,
              "epochs": 20,
              "hidden_dims": "1024x512x1024",
              "lr": 0.00010300196600986775,
              "weight_decay": 0.0045442082254883295
            },
            "trial_number": 7,
            "value": 25.176946410515672
          },
          {
            "checkpoint": "artifacts/probes/mvp/mvp_probe_mlp_jepa_v2_1_vitG_384_20260508T164911Z/layer_12/train/trial_0008/probe_best.pt",
            "eval_output_dir": "artifacts/probes/mvp/mvp_probe_mlp_jepa_v2_1_vitG_384_20260508T164911Z/layer_12/train/trial_0008/val_eval",
            "output_dir": "artifacts/probes/mvp/mvp_probe_mlp_jepa_v2_1_vitG_384_20260508T164911Z/layer_12/train/trial_0008",
            "params": {
              "batch_size": 32,
              "dropout": 0.3387821809211412,
              "epochs": 50,
              "hidden_dims": "512",
              "lr": 2.7207248059486674e-05,
              "weight_decay": 8.64403589520682e-06
            },
            "trial_number": 8,
            "value": 36.602628918099086
          },
          {
            "checkpoint": "artifacts/probes/mvp/mvp_probe_mlp_jepa_v2_1_vitG_384_20260508T164911Z/layer_12/train/trial_0009/probe_best.pt",
            "eval_output_dir": "artifacts/probes/mvp/mvp_probe_mlp_jepa_v2_1_vitG_384_20260508T164911Z/layer_12/train/trial_0009/val_eval",
            "output_dir": "artifacts/probes/mvp/mvp_probe_mlp_jepa_v2_1_vitG_384_20260508T164911Z/layer_12/train/trial_0009",
            "params": {
              "batch_size": 256,
              "dropout": 0.12092614545022584,
              "epochs": 50,
              "hidden_dims": "256",
              "lr": 1.1214075785991125e-05,
              "weight_decay": 1.1818390883060214e-05
            },
            "trial_number": 9,
            "value": 21.638018200202225
          },
          {
            "checkpoint": "artifacts/probes/mvp/mvp_probe_mlp_jepa_v2_1_vitG_384_20260508T164911Z/layer_12/train/trial_0011/probe_best.pt",
            "eval_output_dir": "artifacts/probes/mvp/mvp_probe_mlp_jepa_v2_1_vitG_384_20260508T164911Z/layer_12/train/trial_0011/val_eval",
            "output_dir": "artifacts/probes/mvp/mvp_probe_mlp_jepa_v2_1_vitG_384_20260508T164911Z/layer_12/train/trial_0011",
            "params": {
              "batch_size": 32,
              "dropout": 0.23036595192387704,
              "epochs": 100,
              "hidden_dims": "1024",
              "lr": 0.000381663861962904,
              "weight_decay": 0.00821160806524291
            },
            "trial_number": 11,
            "value": 43.98382204246714
          },
          {
            "checkpoint": "artifacts/probes/mvp/mvp_probe_mlp_jepa_v2_1_vitG_384_20260508T164911Z/layer_12/train/trial_0012/probe_best.pt",
            "eval_output_dir": "artifacts/probes/mvp/mvp_probe_mlp_jepa_v2_1_vitG_384_20260508T164911Z/layer_12/train/trial_0012/val_eval",
            "output_dir": "artifacts/probes/mvp/mvp_probe_mlp_jepa_v2_1_vitG_384_20260508T164911Z/layer_12/train/trial_0012",
            "params": {
              "batch_size": 32,
              "dropout": 0.2403404633740749,
              "epochs": 100,
              "hidden_dims": "1024",
              "lr": 0.00025735031695662674,
              "weight_decay": 0.008946810000979412
            },
            "trial_number": 12,
            "value": 40.950455005055616
          },
          {
            "checkpoint": "artifacts/probes/mvp/mvp_probe_mlp_jepa_v2_1_vitG_384_20260508T164911Z/layer_12/train/trial_0013/probe_best.pt",
            "eval_output_dir": "artifacts/probes/mvp/mvp_probe_mlp_jepa_v2_1_vitG_384_20260508T164911Z/layer_12/train/trial_0013/val_eval",
            "output_dir": "artifacts/probes/mvp/mvp_probe_mlp_jepa_v2_1_vitG_384_20260508T164911Z/layer_12/train/trial_0013",
            "params": {
              "batch_size": 32,
              "dropout": 0.17669806916348033,
              "epochs": 100,
              "hidden_dims": "1024",
              "lr": 0.000159754267808109,
              "weight_decay": 0.0003465800417093877
            },
            "trial_number": 13,
            "value": 42.669362992922146
          },
          {
            "checkpoint": "artifacts/probes/mvp/mvp_probe_mlp_jepa_v2_1_vitG_384_20260508T164911Z/layer_12/train/trial_0016/probe_best.pt",
            "eval_output_dir": "artifacts/probes/mvp/mvp_probe_mlp_jepa_v2_1_vitG_384_20260508T164911Z/layer_12/train/trial_0016/val_eval",
            "output_dir": "artifacts/probes/mvp/mvp_probe_mlp_jepa_v2_1_vitG_384_20260508T164911Z/layer_12/train/trial_0016",
            "params": {
              "batch_size": 32,
              "dropout": 0.3015279561241755,
              "epochs": 100,
              "hidden_dims": "512x256",
              "lr": 0.0004346609466153822,
              "weight_decay": 0.0015584609384388481
            },
            "trial_number": 16,
            "value": 41.86046511627907
          },
          {
            "checkpoint": "artifacts/probes/mvp/mvp_probe_mlp_jepa_v2_1_vitG_384_20260508T164911Z/layer_12/train/trial_0019/probe_best.pt",
            "eval_output_dir": "artifacts/probes/mvp/mvp_probe_mlp_jepa_v2_1_vitG_384_20260508T164911Z/layer_12/train/trial_0019/val_eval",
            "output_dir": "artifacts/probes/mvp/mvp_probe_mlp_jepa_v2_1_vitG_384_20260508T164911Z/layer_12/train/trial_0019",
            "params": {
              "batch_size": 64,
              "dropout": 0.12949369285522527,
              "epochs": 100,
              "hidden_dims": "1024",
              "lr": 1.9271614885597854e-05,
              "weight_decay": 0.0026786051111213917
            },
            "trial_number": 19,
            "value": 40.950455005055616
          }
        ]
      }
    },
    {
      "checkpoint": "artifacts/probes/mvp/mvp_probe_mlp_jepa_v2_1_vitG_384_20260508T164911Z/layer_24/train/trial_0000/probe_best.pt",
      "eval": {
        "base_eval": {
          "metrics": {
            "accuracy": 78.56420626895854,
            "n_pairs": 989,
            "n_samples": 1978,
            "pair_consistency": 62.99292214357938
          },
          "output_dir": "artifacts/probes/mvp/mvp_probe_mlp_jepa_v2_1_vitG_384_20260508T164911Z/layer_24/eval/test",
          "split_dir": "data/splits/mvp/full_60_20_20"
        },
        "checkpoint": "artifacts/probes/mvp/mvp_probe_mlp_jepa_v2_1_vitG_384_20260508T164911Z/layer_24/train/trial_0000/probe_best.pt",
        "dataset": "mvp",
        "feature_signature": "b2019eaca58aa5ac",
        "metrics": {
          "accuracy": 78.56420626895854,
          "n_pairs": 989,
          "n_samples": 1978,
          "pair_consistency": 62.99292214357938
        },
        "metrics_by_split": {
          "test": {
            "accuracy": 78.56420626895854,
            "n_pairs": 989,
            "n_samples": 1978,
            "pair_consistency": 62.99292214357938
          },
          "train": {
            "accuracy": 99.22428330522766,
            "n_pairs": 2965,
            "n_samples": 5930,
            "pair_consistency": 98.44856661045532
          },
          "val": {
            "accuracy": 79.77755308392315,
            "n_pairs": 989,
            "n_samples": 1978,
            "pair_consistency": 64.40849342770476
          }
        },
        "objective_metric": 62.99292214357938,
        "prediction_file": "artifacts/probes/mvp/mvp_probe_mlp_jepa_v2_1_vitG_384_20260508T164911Z/layer_24/eval/test/probe_predictions.json",
        "prediction_files": {
          "test": "artifacts/probes/mvp/mvp_probe_mlp_jepa_v2_1_vitG_384_20260508T164911Z/layer_24/eval/test/probe_predictions.json",
          "train": "artifacts/probes/mvp/mvp_probe_mlp_jepa_v2_1_vitG_384_20260508T164911Z/layer_24/eval/train/probe_predictions.json",
          "val": "artifacts/probes/mvp/mvp_probe_mlp_jepa_v2_1_vitG_384_20260508T164911Z/layer_24/eval/val/probe_predictions.json"
        },
        "probe_eval_dir": "artifacts/probes/mvp/mvp_probe_mlp_jepa_v2_1_vitG_384_20260508T164911Z/layer_24/eval",
        "probe_name": "mlp",
        "reported_splits": [
          "train",
          "val",
          "test"
        ],
        "split_eval_dirs": {
          "test": "artifacts/probes/mvp/mvp_probe_mlp_jepa_v2_1_vitG_384_20260508T164911Z/layer_24/eval/test",
          "train": "artifacts/probes/mvp/mvp_probe_mlp_jepa_v2_1_vitG_384_20260508T164911Z/layer_24/eval/train",
          "val": "artifacts/probes/mvp/mvp_probe_mlp_jepa_v2_1_vitG_384_20260508T164911Z/layer_24/eval/val"
        },
        "split_evals": {
          "test": {
            "base_eval": {
              "metrics": {
                "accuracy": 78.56420626895854,
                "n_pairs": 989,
                "n_samples": 1978,
                "pair_consistency": 62.99292214357938
              },
              "output_dir": "artifacts/probes/mvp/mvp_probe_mlp_jepa_v2_1_vitG_384_20260508T164911Z/layer_24/eval/test",
              "split_dir": "data/splits/mvp/full_60_20_20"
            },
            "checkpoint": "artifacts/probes/mvp/mvp_probe_mlp_jepa_v2_1_vitG_384_20260508T164911Z/layer_24/train/trial_0000/probe_best.pt",
            "dataset": "mvp",
            "feature_signature": "b2019eaca58aa5ac",
            "metrics": {
              "accuracy": 78.56420626895854,
              "n_pairs": 989,
              "n_samples": 1978,
              "pair_consistency": 62.99292214357938
            },
            "objective_metric": 62.99292214357938,
            "prediction_file": "artifacts/probes/mvp/mvp_probe_mlp_jepa_v2_1_vitG_384_20260508T164911Z/layer_24/eval/test/probe_predictions.json",
            "probe_eval_dir": "artifacts/probes/mvp/mvp_probe_mlp_jepa_v2_1_vitG_384_20260508T164911Z/layer_24/eval/test",
            "probe_name": "mlp",
            "split_name": "test"
          },
          "train": {
            "base_eval": {
              "metrics": {
                "accuracy": 99.22428330522766,
                "n_pairs": 2965,
                "n_samples": 5930,
                "pair_consistency": 98.44856661045532
              },
              "output_dir": "artifacts/probes/mvp/mvp_probe_mlp_jepa_v2_1_vitG_384_20260508T164911Z/layer_24/eval/train",
              "split_dir": "data/splits/mvp/full_60_20_20"
            },
            "checkpoint": "artifacts/probes/mvp/mvp_probe_mlp_jepa_v2_1_vitG_384_20260508T164911Z/layer_24/train/trial_0000/probe_best.pt",
            "dataset": "mvp",
            "feature_signature": "b2019eaca58aa5ac",
            "metrics": {
              "accuracy": 99.22428330522766,
              "n_pairs": 2965,
              "n_samples": 5930,
              "pair_consistency": 98.44856661045532
            },
            "objective_metric": 98.44856661045532,
            "prediction_file": "artifacts/probes/mvp/mvp_probe_mlp_jepa_v2_1_vitG_384_20260508T164911Z/layer_24/eval/train/probe_predictions.json",
            "probe_eval_dir": "artifacts/probes/mvp/mvp_probe_mlp_jepa_v2_1_vitG_384_20260508T164911Z/layer_24/eval/train",
            "probe_name": "mlp",
            "split_name": "train"
          },
          "val": {
            "base_eval": {
              "metrics": {
                "accuracy": 79.77755308392315,
                "n_pairs": 989,
                "n_samples": 1978,
                "pair_consistency": 64.40849342770476
              },
              "output_dir": "artifacts/probes/mvp/mvp_probe_mlp_jepa_v2_1_vitG_384_20260508T164911Z/layer_24/eval/val",
              "split_dir": "data/splits/mvp/full_60_20_20"
            },
            "checkpoint": "artifacts/probes/mvp/mvp_probe_mlp_jepa_v2_1_vitG_384_20260508T164911Z/layer_24/train/trial_0000/probe_best.pt",
            "dataset": "mvp",
            "feature_signature": "b2019eaca58aa5ac",
            "metrics": {
              "accuracy": 79.77755308392315,
              "n_pairs": 989,
              "n_samples": 1978,
              "pair_consistency": 64.40849342770476
            },
            "objective_metric": 64.40849342770476,
            "prediction_file": "artifacts/probes/mvp/mvp_probe_mlp_jepa_v2_1_vitG_384_20260508T164911Z/layer_24/eval/val/probe_predictions.json",
            "probe_eval_dir": "artifacts/probes/mvp/mvp_probe_mlp_jepa_v2_1_vitG_384_20260508T164911Z/layer_24/eval/val",
            "probe_name": "mlp",
            "split_name": "val"
          }
        },
        "split_name": "test"
      },
      "layer": 24,
      "layer_label": "24",
      "objective_metric": 62.99292214357938,
      "train": {
        "best_checkpoint": "artifacts/probes/mvp/mvp_probe_mlp_jepa_v2_1_vitG_384_20260508T164911Z/layer_24/train/trial_0000/probe_best.pt",
        "best_eval_output_dir": "artifacts/probes/mvp/mvp_probe_mlp_jepa_v2_1_vitG_384_20260508T164911Z/layer_24/train/trial_0000/val_eval",
        "best_output_dir": "artifacts/probes/mvp/mvp_probe_mlp_jepa_v2_1_vitG_384_20260508T164911Z/layer_24/train/trial_0000",
        "best_params": {
          "batch_size": 32,
          "dropout": 0.21597250932105788,
          "epochs": 2000,
          "hidden_dims": "256",
          "lr": 0.0001329291894316216,
          "weight_decay": 0.005061576888752304
        },
        "best_trial_number": 0,
        "best_value": 64.40849342770476,
        "checkpoint": "artifacts/probes/mvp/mvp_probe_mlp_jepa_v2_1_vitG_384_20260508T164911Z/layer_24/train/trial_0000/probe_best.pt",
        "dataset": "mvp",
        "direction": "maximize",
        "layer": 24,
        "n_trials": 20,
        "objective_metric": "pair_consistency",
        "output_dir": "artifacts/probes/mvp/mvp_probe_mlp_jepa_v2_1_vitG_384_20260508T164911Z/layer_24/train",
        "probe_name": "mlp",
        "storage": "sqlite:////gpfs/home3/scur0511/Probe4Physics/artifacts/probes/mvp/mvp_probe_mlp_jepa_v2_1_vitG_384_20260508T164911Z/layer_24/train/optuna_study.sqlite3",
        "study_name": "mvp_mlp_jepa_v2_1_vitG_384_layer_24",
        "trials": [
          {
            "checkpoint": "artifacts/probes/mvp/mvp_probe_mlp_jepa_v2_1_vitG_384_20260508T164911Z/layer_24/train/trial_0000/probe_best.pt",
            "eval_output_dir": "artifacts/probes/mvp/mvp_probe_mlp_jepa_v2_1_vitG_384_20260508T164911Z/layer_24/train/trial_0000/val_eval",
            "output_dir": "artifacts/probes/mvp/mvp_probe_mlp_jepa_v2_1_vitG_384_20260508T164911Z/layer_24/train/trial_0000",
            "params": {
              "batch_size": 32,
              "dropout": 0.21597250932105788,
              "epochs": 2000,
              "hidden_dims": "256",
              "lr": 0.0001329291894316216,
              "weight_decay": 0.005061576888752304
            },
            "trial_number": 0,
            "value": 64.40849342770476
          },
          {
            "checkpoint": "artifacts/probes/mvp/mvp_probe_mlp_jepa_v2_1_vitG_384_20260508T164911Z/layer_24/train/trial_0001/probe_best.pt",
            "eval_output_dir": "artifacts/probes/mvp/mvp_probe_mlp_jepa_v2_1_vitG_384_20260508T164911Z/layer_24/train/trial_0001/val_eval",
            "output_dir": "artifacts/probes/mvp/mvp_probe_mlp_jepa_v2_1_vitG_384_20260508T164911Z/layer_24/train/trial_0001",
            "params": {
              "batch_size": 256,
              "dropout": 0.048836057003191935,
              "epochs": 20,
              "hidden_dims": "512x256",
              "lr": 7.476312062252303e-05,
              "weight_decay": 4.689400963537693e-05
            },
            "trial_number": 1,
            "value": 32.355915065722954
          },
          {
            "checkpoint": "artifacts/probes/mvp/mvp_probe_mlp_jepa_v2_1_vitG_384_20260508T164911Z/layer_24/train/trial_0002/probe_best.pt",
            "eval_output_dir": "artifacts/probes/mvp/mvp_probe_mlp_jepa_v2_1_vitG_384_20260508T164911Z/layer_24/train/trial_0002/val_eval",
            "output_dir": "artifacts/probes/mvp/mvp_probe_mlp_jepa_v2_1_vitG_384_20260508T164911Z/layer_24/train/trial_0002",
            "params": {
              "batch_size": 256,
              "dropout": 0.04424625102595975,
              "epochs": 50,
              "hidden_dims": "256",
              "lr": 0.0011290133559092666,
              "weight_decay": 4.374364439939069e-06
            },
            "trial_number": 2,
            "value": 42.46713852376138
          },
          {
            "checkpoint": "artifacts/probes/mvp/mvp_probe_mlp_jepa_v2_1_vitG_384_20260508T164911Z/layer_24/train/trial_0006/probe_best.pt",
            "eval_output_dir": "artifacts/probes/mvp/mvp_probe_mlp_jepa_v2_1_vitG_384_20260508T164911Z/layer_24/train/trial_0006/val_eval",
            "output_dir": "artifacts/probes/mvp/mvp_probe_mlp_jepa_v2_1_vitG_384_20260508T164911Z/layer_24/train/trial_0006",
            "params": {
              "batch_size": 128,
              "dropout": 0.0599326836668414,
              "epochs": 50,
              "hidden_dims": "512",
              "lr": 0.000794714742465374,
              "weight_decay": 0.0016934155410667966
            },
            "trial_number": 6,
            "value": 44.18604651162791
          },
          {
            "checkpoint": "artifacts/probes/mvp/mvp_probe_mlp_jepa_v2_1_vitG_384_20260508T164911Z/layer_24/train/trial_0007/probe_best.pt",
            "eval_output_dir": "artifacts/probes/mvp/mvp_probe_mlp_jepa_v2_1_vitG_384_20260508T164911Z/layer_24/train/trial_0007/val_eval",
            "output_dir": "artifacts/probes/mvp/mvp_probe_mlp_jepa_v2_1_vitG_384_20260508T164911Z/layer_24/train/trial_0007",
            "params": {
              "batch_size": 128,
              "dropout": 0.11978094533348621,
              "epochs": 20,
              "hidden_dims": "1024x512x1024",
              "lr": 0.00010300196600986775,
              "weight_decay": 0.0045442082254883295
            },
            "trial_number": 7,
            "value": 26.289180990899897
          },
          {
            "checkpoint": "artifacts/probes/mvp/mvp_probe_mlp_jepa_v2_1_vitG_384_20260508T164911Z/layer_24/train/trial_0008/probe_best.pt",
            "eval_output_dir": "artifacts/probes/mvp/mvp_probe_mlp_jepa_v2_1_vitG_384_20260508T164911Z/layer_24/train/trial_0008/val_eval",
            "output_dir": "artifacts/probes/mvp/mvp_probe_mlp_jepa_v2_1_vitG_384_20260508T164911Z/layer_24/train/trial_0008",
            "params": {
              "batch_size": 32,
              "dropout": 0.3387821809211412,
              "epochs": 50,
              "hidden_dims": "512",
              "lr": 2.7207248059486674e-05,
              "weight_decay": 8.64403589520682e-06
            },
            "trial_number": 8,
            "value": 39.33265925176946
          },
          {
            "checkpoint": "artifacts/probes/mvp/mvp_probe_mlp_jepa_v2_1_vitG_384_20260508T164911Z/layer_24/train/trial_0009/probe_best.pt",
            "eval_output_dir": "artifacts/probes/mvp/mvp_probe_mlp_jepa_v2_1_vitG_384_20260508T164911Z/layer_24/train/trial_0009/val_eval",
            "output_dir": "artifacts/probes/mvp/mvp_probe_mlp_jepa_v2_1_vitG_384_20260508T164911Z/layer_24/train/trial_0009",
            "params": {
              "batch_size": 256,
              "dropout": 0.12092614545022584,
              "epochs": 50,
              "hidden_dims": "256",
              "lr": 1.1214075785991125e-05,
              "weight_decay": 1.1818390883060214e-05
            },
            "trial_number": 9,
            "value": 23.761375126390295
          },
          {
            "checkpoint": "artifacts/probes/mvp/mvp_probe_mlp_jepa_v2_1_vitG_384_20260508T164911Z/layer_24/train/trial_0011/probe_best.pt",
            "eval_output_dir": "artifacts/probes/mvp/mvp_probe_mlp_jepa_v2_1_vitG_384_20260508T164911Z/layer_24/train/trial_0011/val_eval",
            "output_dir": "artifacts/probes/mvp/mvp_probe_mlp_jepa_v2_1_vitG_384_20260508T164911Z/layer_24/train/trial_0011",
            "params": {
              "batch_size": 32,
              "dropout": 0.23036595192387704,
              "epochs": 100,
              "hidden_dims": "1024",
              "lr": 0.000381663861962904,
              "weight_decay": 0.00821160806524291
            },
            "trial_number": 11,
            "value": 52.17391304347826
          }
        ]
      }
    },
    {
      "checkpoint": "artifacts/probes/mvp/mvp_probe_mlp_jepa_v2_1_vitG_384_20260508T164911Z/layer_38/train/trial_0000/probe_best.pt",
      "eval": {
        "base_eval": {
          "metrics": {
            "accuracy": 83.06370070778564,
            "n_pairs": 989,
            "n_samples": 1978,
            "pair_consistency": 70.77856420626895
          },
          "output_dir": "artifacts/probes/mvp/mvp_probe_mlp_jepa_v2_1_vitG_384_20260508T164911Z/layer_38/eval/test",
          "split_dir": "data/splits/mvp/full_60_20_20"
        },
        "checkpoint": "artifacts/probes/mvp/mvp_probe_mlp_jepa_v2_1_vitG_384_20260508T164911Z/layer_38/train/trial_0000/probe_best.pt",
        "dataset": "mvp",
        "feature_signature": "b2019eaca58aa5ac",
        "metrics": {
          "accuracy": 83.06370070778564,
          "n_pairs": 989,
          "n_samples": 1978,
          "pair_consistency": 70.77856420626895
        },
        "metrics_by_split": {
          "test": {
            "accuracy": 83.06370070778564,
            "n_pairs": 989,
            "n_samples": 1978,
            "pair_consistency": 70.77856420626895
          },
          "train": {
            "accuracy": 99.46037099494099,
            "n_pairs": 2965,
            "n_samples": 5930,
            "pair_consistency": 98.92074198988196
          },
          "val": {
            "accuracy": 85.38928210313448,
            "n_pairs": 989,
            "n_samples": 1978,
            "pair_consistency": 74.51971688574316
          }
        },
        "objective_metric": 70.77856420626895,
        "prediction_file": "artifacts/probes/mvp/mvp_probe_mlp_jepa_v2_1_vitG_384_20260508T164911Z/layer_38/eval/test/probe_predictions.json",
        "prediction_files": {
          "test": "artifacts/probes/mvp/mvp_probe_mlp_jepa_v2_1_vitG_384_20260508T164911Z/layer_38/eval/test/probe_predictions.json",
          "train": "artifacts/probes/mvp/mvp_probe_mlp_jepa_v2_1_vitG_384_20260508T164911Z/layer_38/eval/train/probe_predictions.json",
          "val": "artifacts/probes/mvp/mvp_probe_mlp_jepa_v2_1_vitG_384_20260508T164911Z/layer_38/eval/val/probe_predictions.json"
        },
        "probe_eval_dir": "artifacts/probes/mvp/mvp_probe_mlp_jepa_v2_1_vitG_384_20260508T164911Z/layer_38/eval",
        "probe_name": "mlp",
        "reported_splits": [
          "train",
          "val",
          "test"
        ],
        "split_eval_dirs": {
          "test": "artifacts/probes/mvp/mvp_probe_mlp_jepa_v2_1_vitG_384_20260508T164911Z/layer_38/eval/test",
          "train": "artifacts/probes/mvp/mvp_probe_mlp_jepa_v2_1_vitG_384_20260508T164911Z/layer_38/eval/train",
          "val": "artifacts/probes/mvp/mvp_probe_mlp_jepa_v2_1_vitG_384_20260508T164911Z/layer_38/eval/val"
        },
        "split_evals": {
          "test": {
            "base_eval": {
              "metrics": {
                "accuracy": 83.06370070778564,
                "n_pairs": 989,
                "n_samples": 1978,
                "pair_consistency": 70.77856420626895
              },
              "output_dir": "artifacts/probes/mvp/mvp_probe_mlp_jepa_v2_1_vitG_384_20260508T164911Z/layer_38/eval/test",
              "split_dir": "data/splits/mvp/full_60_20_20"
            },
            "checkpoint": "artifacts/probes/mvp/mvp_probe_mlp_jepa_v2_1_vitG_384_20260508T164911Z/layer_38/train/trial_0000/probe_best.pt",
            "dataset": "mvp",
            "feature_signature": "b2019eaca58aa5ac",
            "metrics": {
              "accuracy": 83.06370070778564,
              "n_pairs": 989,
              "n_samples": 1978,
              "pair_consistency": 70.77856420626895
            },
            "objective_metric": 70.77856420626895,
            "prediction_file": "artifacts/probes/mvp/mvp_probe_mlp_jepa_v2_1_vitG_384_20260508T164911Z/layer_38/eval/test/probe_predictions.json",
            "probe_eval_dir": "artifacts/probes/mvp/mvp_probe_mlp_jepa_v2_1_vitG_384_20260508T164911Z/layer_38/eval/test",
            "probe_name": "mlp",
            "split_name": "test"
          },
          "train": {
            "base_eval": {
              "metrics": {
                "accuracy": 99.46037099494099,
                "n_pairs": 2965,
                "n_samples": 5930,
                "pair_consistency": 98.92074198988196
              },
              "output_dir": "artifacts/probes/mvp/mvp_probe_mlp_jepa_v2_1_vitG_384_20260508T164911Z/layer_38/eval/train",
              "split_dir": "data/splits/mvp/full_60_20_20"
            },
            "checkpoint": "artifacts/probes/mvp/mvp_probe_mlp_jepa_v2_1_vitG_384_20260508T164911Z/layer_38/train/trial_0000/probe_best.pt",
            "dataset": "mvp",
            "feature_signature": "b2019eaca58aa5ac",
            "metrics": {
              "accuracy": 99.46037099494099,
              "n_pairs": 2965,
              "n_samples": 5930,
              "pair_consistency": 98.92074198988196
            },
            "objective_metric": 98.92074198988196,
            "prediction_file": "artifacts/probes/mvp/mvp_probe_mlp_jepa_v2_1_vitG_384_20260508T164911Z/layer_38/eval/train/probe_predictions.json",
            "probe_eval_dir": "artifacts/probes/mvp/mvp_probe_mlp_jepa_v2_1_vitG_384_20260508T164911Z/layer_38/eval/train",
            "probe_name": "mlp",
            "split_name": "train"
          },
          "val": {
            "base_eval": {
              "metrics": {
                "accuracy": 85.38928210313448,
                "n_pairs": 989,
                "n_samples": 1978,
                "pair_consistency": 74.51971688574316
              },
              "output_dir": "artifacts/probes/mvp/mvp_probe_mlp_jepa_v2_1_vitG_384_20260508T164911Z/layer_38/eval/val",
              "split_dir": "data/splits/mvp/full_60_20_20"
            },
            "checkpoint": "artifacts/probes/mvp/mvp_probe_mlp_jepa_v2_1_vitG_384_20260508T164911Z/layer_38/train/trial_0000/probe_best.pt",
            "dataset": "mvp",
            "feature_signature": "b2019eaca58aa5ac",
            "metrics": {
              "accuracy": 85.38928210313448,
              "n_pairs": 989,
              "n_samples": 1978,
              "pair_consistency": 74.51971688574316
            },
            "objective_metric": 74.51971688574316,
            "prediction_file": "artifacts/probes/mvp/mvp_probe_mlp_jepa_v2_1_vitG_384_20260508T164911Z/layer_38/eval/val/probe_predictions.json",
            "probe_eval_dir": "artifacts/probes/mvp/mvp_probe_mlp_jepa_v2_1_vitG_384_20260508T164911Z/layer_38/eval/val",
            "probe_name": "mlp",
            "split_name": "val"
          }
        },
        "split_name": "test"
      },
      "layer": 38,
      "layer_label": "38",
      "objective_metric": 70.77856420626895,
      "train": {
        "best_checkpoint": "artifacts/probes/mvp/mvp_probe_mlp_jepa_v2_1_vitG_384_20260508T164911Z/layer_38/train/trial_0000/probe_best.pt",
        "best_eval_output_dir": "artifacts/probes/mvp/mvp_probe_mlp_jepa_v2_1_vitG_384_20260508T164911Z/layer_38/train/trial_0000/val_eval",
        "best_output_dir": "artifacts/probes/mvp/mvp_probe_mlp_jepa_v2_1_vitG_384_20260508T164911Z/layer_38/train/trial_0000",
        "best_params": {
          "batch_size": 32,
          "dropout": 0.21597250932105788,
          "epochs": 2000,
          "hidden_dims": "256",
          "lr": 0.0001329291894316216,
          "weight_decay": 0.005061576888752304
        },
        "best_trial_number": 0,
        "best_value": 74.51971688574316,
        "checkpoint": "artifacts/probes/mvp/mvp_probe_mlp_jepa_v2_1_vitG_384_20260508T164911Z/layer_38/train/trial_0000/probe_best.pt",
        "dataset": "mvp",
        "direction": "maximize",
        "layer": 38,
        "n_trials": 20,
        "objective_metric": "pair_consistency",
        "output_dir": "artifacts/probes/mvp/mvp_probe_mlp_jepa_v2_1_vitG_384_20260508T164911Z/layer_38/train",
        "probe_name": "mlp",
        "storage": "sqlite:////gpfs/home3/scur0511/Probe4Physics/artifacts/probes/mvp/mvp_probe_mlp_jepa_v2_1_vitG_384_20260508T164911Z/layer_38/train/optuna_study.sqlite3",
        "study_name": "mvp_mlp_jepa_v2_1_vitG_384_layer_38",
        "trials": [
          {
            "checkpoint": "artifacts/probes/mvp/mvp_probe_mlp_jepa_v2_1_vitG_384_20260508T164911Z/layer_38/train/trial_0000/probe_best.pt",
            "eval_output_dir": "artifacts/probes/mvp/mvp_probe_mlp_jepa_v2_1_vitG_384_20260508T164911Z/layer_38/train/trial_0000/val_eval",
            "output_dir": "artifacts/probes/mvp/mvp_probe_mlp_jepa_v2_1_vitG_384_20260508T164911Z/layer_38/train/trial_0000",
            "params": {
              "batch_size": 32,
              "dropout": 0.21597250932105788,
              "epochs": 2000,
              "hidden_dims": "256",
              "lr": 0.0001329291894316216,
              "weight_decay": 0.005061576888752304
            },
            "trial_number": 0,
            "value": 74.51971688574316
          },
          {
            "checkpoint": "artifacts/probes/mvp/mvp_probe_mlp_jepa_v2_1_vitG_384_20260508T164911Z/layer_38/train/trial_0001/probe_best.pt",
            "eval_output_dir": "artifacts/probes/mvp/mvp_probe_mlp_jepa_v2_1_vitG_384_20260508T164911Z/layer_38/train/trial_0001/val_eval",
            "output_dir": "artifacts/probes/mvp/mvp_probe_mlp_jepa_v2_1_vitG_384_20260508T164911Z/layer_38/train/trial_0001",
            "params": {
              "batch_size": 256,
              "dropout": 0.048836057003191935,
              "epochs": 20,
              "hidden_dims": "512x256",
              "lr": 7.476312062252303e-05,
              "weight_decay": 4.689400963537693e-05
            },
            "trial_number": 1,
            "value": 24.3680485338726
          },
          {
            "checkpoint": "artifacts/probes/mvp/mvp_probe_mlp_jepa_v2_1_vitG_384_20260508T164911Z/layer_38/train/trial_0002/probe_best.pt",
            "eval_output_dir": "artifacts/probes/mvp/mvp_probe_mlp_jepa_v2_1_vitG_384_20260508T164911Z/layer_38/train/trial_0002/val_eval",
            "output_dir": "artifacts/probes/mvp/mvp_probe_mlp_jepa_v2_1_vitG_384_20260508T164911Z/layer_38/train/trial_0002",
            "params": {
              "batch_size": 256,
              "dropout": 0.04424625102595975,
              "epochs": 50,
              "hidden_dims": "256",
              "lr": 0.0011290133559092666,
              "weight_decay": 4.374364439939069e-06
            },
            "trial_number": 2,
            "value": 42.06268958543984
          },
          {
            "checkpoint": "artifacts/probes/mvp/mvp_probe_mlp_jepa_v2_1_vitG_384_20260508T164911Z/layer_38/train/trial_0006/probe_best.pt",
            "eval_output_dir": "artifacts/probes/mvp/mvp_probe_mlp_jepa_v2_1_vitG_384_20260508T164911Z/layer_38/train/trial_0006/val_eval",
            "output_dir": "artifacts/probes/mvp/mvp_probe_mlp_jepa_v2_1_vitG_384_20260508T164911Z/layer_38/train/trial_0006",
            "params": {
              "batch_size": 128,
              "dropout": 0.0599326836668414,
              "epochs": 50,
              "hidden_dims": "512",
              "lr": 0.000794714742465374,
              "weight_decay": 0.0016934155410667966
            },
            "trial_number": 6,
            "value": 42.669362992922146
          },
          {
            "checkpoint": "artifacts/probes/mvp/mvp_probe_mlp_jepa_v2_1_vitG_384_20260508T164911Z/layer_38/train/trial_0007/probe_best.pt",
            "eval_output_dir": "artifacts/probes/mvp/mvp_probe_mlp_jepa_v2_1_vitG_384_20260508T164911Z/layer_38/train/trial_0007/val_eval",
            "output_dir": "artifacts/probes/mvp/mvp_probe_mlp_jepa_v2_1_vitG_384_20260508T164911Z/layer_38/train/trial_0007",
            "params": {
              "batch_size": 128,
              "dropout": 0.11978094533348621,
              "epochs": 20,
              "hidden_dims": "1024x512x1024",
              "lr": 0.00010300196600986775,
              "weight_decay": 0.0045442082254883295
            },
            "trial_number": 7,
            "value": 26.79474216380182
          },
          {
            "checkpoint": "artifacts/probes/mvp/mvp_probe_mlp_jepa_v2_1_vitG_384_20260508T164911Z/layer_38/train/trial_0008/probe_best.pt",
            "eval_output_dir": "artifacts/probes/mvp/mvp_probe_mlp_jepa_v2_1_vitG_384_20260508T164911Z/layer_38/train/trial_0008/val_eval",
            "output_dir": "artifacts/probes/mvp/mvp_probe_mlp_jepa_v2_1_vitG_384_20260508T164911Z/layer_38/train/trial_0008",
            "params": {
              "batch_size": 32,
              "dropout": 0.3387821809211412,
              "epochs": 50,
              "hidden_dims": "512",
              "lr": 2.7207248059486674e-05,
              "weight_decay": 8.64403589520682e-06
            },
            "trial_number": 8,
            "value": 32.76036400404449
          },
          {
            "checkpoint": "artifacts/probes/mvp/mvp_probe_mlp_jepa_v2_1_vitG_384_20260508T164911Z/layer_38/train/trial_0009/probe_best.pt",
            "eval_output_dir": "artifacts/probes/mvp/mvp_probe_mlp_jepa_v2_1_vitG_384_20260508T164911Z/layer_38/train/trial_0009/val_eval",
            "output_dir": "artifacts/probes/mvp/mvp_probe_mlp_jepa_v2_1_vitG_384_20260508T164911Z/layer_38/train/trial_0009",
            "params": {
              "batch_size": 256,
              "dropout": 0.12092614545022584,
              "epochs": 50,
              "hidden_dims": "256",
              "lr": 1.1214075785991125e-05,
              "weight_decay": 1.1818390883060214e-05
            },
            "trial_number": 9,
            "value": 20.424671385237612
          },
          {
            "checkpoint": "artifacts/probes/mvp/mvp_probe_mlp_jepa_v2_1_vitG_384_20260508T164911Z/layer_38/train/trial_0016/probe_best.pt",
            "eval_output_dir": "artifacts/probes/mvp/mvp_probe_mlp_jepa_v2_1_vitG_384_20260508T164911Z/layer_38/train/trial_0016/val_eval",
            "output_dir": "artifacts/probes/mvp/mvp_probe_mlp_jepa_v2_1_vitG_384_20260508T164911Z/layer_38/train/trial_0016",
            "params": {
              "batch_size": 128,
              "dropout": 0.016755558826512106,
              "epochs": 50,
              "hidden_dims": "512x256",
              "lr": 0.0006565628534662934,
              "weight_decay": 0.0014835106272763968
            },
            "trial_number": 16,
            "value": 36.602628918099086
          },
          {
            "checkpoint": "artifacts/probes/mvp/mvp_probe_mlp_jepa_v2_1_vitG_384_20260508T164911Z/layer_38/train/trial_0019/probe_best.pt",
            "eval_output_dir": "artifacts/probes/mvp/mvp_probe_mlp_jepa_v2_1_vitG_384_20260508T164911Z/layer_38/train/trial_0019/val_eval",
            "output_dir": "artifacts/probes/mvp/mvp_probe_mlp_jepa_v2_1_vitG_384_20260508T164911Z/layer_38/train/trial_0019",
            "params": {
              "batch_size": 128,
              "dropout": 0.2884745869448389,
              "epochs": 50,
              "hidden_dims": "512",
              "lr": 0.0027623800704545468,
              "weight_decay": 6.867691807016495e-05
            },
            "trial_number": 19,
            "value": 31.04145601617796
          }
        ]
      }
    },
    {
      "checkpoint": "artifacts/probes/mvp/mvp_probe_mlp_jepa_v2_1_vitG_384_20260508T164911Z/layer_48/train/trial_0000/probe_best.pt",
      "eval": {
        "base_eval": {
          "metrics": {
            "accuracy": 81.54701718907987,
            "n_pairs": 989,
            "n_samples": 1978,
            "pair_consistency": 68.45298281092013
          },
          "output_dir": "artifacts/probes/mvp/mvp_probe_mlp_jepa_v2_1_vitG_384_20260508T164911Z/layer_48/eval/test",
          "split_dir": "data/splits/mvp/full_60_20_20"
        },
        "checkpoint": "artifacts/probes/mvp/mvp_probe_mlp_jepa_v2_1_vitG_384_20260508T164911Z/layer_48/train/trial_0000/probe_best.pt",
        "dataset": "mvp",
        "feature_signature": "b2019eaca58aa5ac",
        "metrics": {
          "accuracy": 81.54701718907987,
          "n_pairs": 989,
          "n_samples": 1978,
          "pair_consistency": 68.45298281092013
        },
        "metrics_by_split": {
          "test": {
            "accuracy": 81.54701718907987,
            "n_pairs": 989,
            "n_samples": 1978,
            "pair_consistency": 68.45298281092013
          },
          "train": {
            "accuracy": 99.15682967959528,
            "n_pairs": 2965,
            "n_samples": 5930,
            "pair_consistency": 98.31365935919055
          },
          "val": {
            "accuracy": 83.61981799797775,
            "n_pairs": 989,
            "n_samples": 1978,
            "pair_consistency": 71.48634984833164
          }
        },
        "objective_metric": 68.45298281092013,
        "prediction_file": "artifacts/probes/mvp/mvp_probe_mlp_jepa_v2_1_vitG_384_20260508T164911Z/layer_48/eval/test/probe_predictions.json",
        "prediction_files": {
          "test": "artifacts/probes/mvp/mvp_probe_mlp_jepa_v2_1_vitG_384_20260508T164911Z/layer_48/eval/test/probe_predictions.json",
          "train": "artifacts/probes/mvp/mvp_probe_mlp_jepa_v2_1_vitG_384_20260508T164911Z/layer_48/eval/train/probe_predictions.json",
          "val": "artifacts/probes/mvp/mvp_probe_mlp_jepa_v2_1_vitG_384_20260508T164911Z/layer_48/eval/val/probe_predictions.json"
        },
        "probe_eval_dir": "artifacts/probes/mvp/mvp_probe_mlp_jepa_v2_1_vitG_384_20260508T164911Z/layer_48/eval",
        "probe_name": "mlp",
        "reported_splits": [
          "train",
          "val",
          "test"
        ],
        "split_eval_dirs": {
          "test": "artifacts/probes/mvp/mvp_probe_mlp_jepa_v2_1_vitG_384_20260508T164911Z/layer_48/eval/test",
          "train": "artifacts/probes/mvp/mvp_probe_mlp_jepa_v2_1_vitG_384_20260508T164911Z/layer_48/eval/train",
          "val": "artifacts/probes/mvp/mvp_probe_mlp_jepa_v2_1_vitG_384_20260508T164911Z/layer_48/eval/val"
        },
        "split_evals": {
          "test": {
            "base_eval": {
              "metrics": {
                "accuracy": 81.54701718907987,
                "n_pairs": 989,
                "n_samples": 1978,
                "pair_consistency": 68.45298281092013
              },
              "output_dir": "artifacts/probes/mvp/mvp_probe_mlp_jepa_v2_1_vitG_384_20260508T164911Z/layer_48/eval/test",
              "split_dir": "data/splits/mvp/full_60_20_20"
            },
            "checkpoint": "artifacts/probes/mvp/mvp_probe_mlp_jepa_v2_1_vitG_384_20260508T164911Z/layer_48/train/trial_0000/probe_best.pt",
            "dataset": "mvp",
            "feature_signature": "b2019eaca58aa5ac",
            "metrics": {
              "accuracy": 81.54701718907987,
              "n_pairs": 989,
              "n_samples": 1978,
              "pair_consistency": 68.45298281092013
            },
            "objective_metric": 68.45298281092013,
            "prediction_file": "artifacts/probes/mvp/mvp_probe_mlp_jepa_v2_1_vitG_384_20260508T164911Z/layer_48/eval/test/probe_predictions.json",
            "probe_eval_dir": "artifacts/probes/mvp/mvp_probe_mlp_jepa_v2_1_vitG_384_20260508T164911Z/layer_48/eval/test",
            "probe_name": "mlp",
            "split_name": "test"
          },
          "train": {
            "base_eval": {
              "metrics": {
                "accuracy": 99.15682967959528,
                "n_pairs": 2965,
                "n_samples": 5930,
                "pair_consistency": 98.31365935919055
              },
              "output_dir": "artifacts/probes/mvp/mvp_probe_mlp_jepa_v2_1_vitG_384_20260508T164911Z/layer_48/eval/train",
              "split_dir": "data/splits/mvp/full_60_20_20"
            },
            "checkpoint": "artifacts/probes/mvp/mvp_probe_mlp_jepa_v2_1_vitG_384_20260508T164911Z/layer_48/train/trial_0000/probe_best.pt",
            "dataset": "mvp",
            "feature_signature": "b2019eaca58aa5ac",
            "metrics": {
              "accuracy": 99.15682967959528,
              "n_pairs": 2965,
              "n_samples": 5930,
              "pair_consistency": 98.31365935919055
            },
            "objective_metric": 98.31365935919055,
            "prediction_file": "artifacts/probes/mvp/mvp_probe_mlp_jepa_v2_1_vitG_384_20260508T164911Z/layer_48/eval/train/probe_predictions.json",
            "probe_eval_dir": "artifacts/probes/mvp/mvp_probe_mlp_jepa_v2_1_vitG_384_20260508T164911Z/layer_48/eval/train",
            "probe_name": "mlp",
            "split_name": "train"
          },
          "val": {
            "base_eval": {
              "metrics": {
                "accuracy": 83.61981799797775,
                "n_pairs": 989,
                "n_samples": 1978,
                "pair_consistency": 71.48634984833164
              },
              "output_dir": "artifacts/probes/mvp/mvp_probe_mlp_jepa_v2_1_vitG_384_20260508T164911Z/layer_48/eval/val",
              "split_dir": "data/splits/mvp/full_60_20_20"
            },
            "checkpoint": "artifacts/probes/mvp/mvp_probe_mlp_jepa_v2_1_vitG_384_20260508T164911Z/layer_48/train/trial_0000/probe_best.pt",
            "dataset": "mvp",
            "feature_signature": "b2019eaca58aa5ac",
            "metrics": {
              "accuracy": 83.61981799797775,
              "n_pairs": 989,
              "n_samples": 1978,
              "pair_consistency": 71.48634984833164
            },
            "objective_metric": 71.48634984833164,
            "prediction_file": "artifacts/probes/mvp/mvp_probe_mlp_jepa_v2_1_vitG_384_20260508T164911Z/layer_48/eval/val/probe_predictions.json",
            "probe_eval_dir": "artifacts/probes/mvp/mvp_probe_mlp_jepa_v2_1_vitG_384_20260508T164911Z/layer_48/eval/val",
            "probe_name": "mlp",
            "split_name": "val"
          }
        },
        "split_name": "test"
      },
      "layer": 48,
      "layer_label": "48",
      "objective_metric": 68.45298281092013,
      "train": {
        "best_checkpoint": "artifacts/probes/mvp/mvp_probe_mlp_jepa_v2_1_vitG_384_20260508T164911Z/layer_48/train/trial_0000/probe_best.pt",
        "best_eval_output_dir": "artifacts/probes/mvp/mvp_probe_mlp_jepa_v2_1_vitG_384_20260508T164911Z/layer_48/train/trial_0000/val_eval",
        "best_output_dir": "artifacts/probes/mvp/mvp_probe_mlp_jepa_v2_1_vitG_384_20260508T164911Z/layer_48/train/trial_0000",
        "best_params": {
          "batch_size": 32,
          "dropout": 0.21597250932105788,
          "epochs": 2000,
          "hidden_dims": "256",
          "lr": 0.0001329291894316216,
          "weight_decay": 0.005061576888752304
        },
        "best_trial_number": 0,
        "best_value": 71.48634984833164,
        "checkpoint": "artifacts/probes/mvp/mvp_probe_mlp_jepa_v2_1_vitG_384_20260508T164911Z/layer_48/train/trial_0000/probe_best.pt",
        "dataset": "mvp",
        "direction": "maximize",
        "layer": 48,
        "n_trials": 20,
        "objective_metric": "pair_consistency",
        "output_dir": "artifacts/probes/mvp/mvp_probe_mlp_jepa_v2_1_vitG_384_20260508T164911Z/layer_48/train",
        "probe_name": "mlp",
        "storage": "sqlite:////gpfs/home3/scur0511/Probe4Physics/artifacts/probes/mvp/mvp_probe_mlp_jepa_v2_1_vitG_384_20260508T164911Z/layer_48/train/optuna_study.sqlite3",
        "study_name": "mvp_mlp_jepa_v2_1_vitG_384_layer_48",
        "trials": [
          {
            "checkpoint": "artifacts/probes/mvp/mvp_probe_mlp_jepa_v2_1_vitG_384_20260508T164911Z/layer_48/train/trial_0000/probe_best.pt",
            "eval_output_dir": "artifacts/probes/mvp/mvp_probe_mlp_jepa_v2_1_vitG_384_20260508T164911Z/layer_48/train/trial_0000/val_eval",
            "output_dir": "artifacts/probes/mvp/mvp_probe_mlp_jepa_v2_1_vitG_384_20260508T164911Z/layer_48/train/trial_0000",
            "params": {
              "batch_size": 32,
              "dropout": 0.21597250932105788,
              "epochs": 2000,
              "hidden_dims": "256",
              "lr": 0.0001329291894316216,
              "weight_decay": 0.005061576888752304
            },
            "trial_number": 0,
            "value": 71.48634984833164
          },
          {
            "checkpoint": "artifacts/probes/mvp/mvp_probe_mlp_jepa_v2_1_vitG_384_20260508T164911Z/layer_48/train/trial_0001/probe_best.pt",
            "eval_output_dir": "artifacts/probes/mvp/mvp_probe_mlp_jepa_v2_1_vitG_384_20260508T164911Z/layer_48/train/trial_0001/val_eval",
            "output_dir": "artifacts/probes/mvp/mvp_probe_mlp_jepa_v2_1_vitG_384_20260508T164911Z/layer_48/train/trial_0001",
            "params": {
              "batch_size": 256,
              "dropout": 0.048836057003191935,
              "epochs": 20,
              "hidden_dims": "512x256",
              "lr": 7.476312062252303e-05,
              "weight_decay": 4.689400963537693e-05
            },
            "trial_number": 1,
            "value": 29.524772497472195
          },
          {
            "checkpoint": "artifacts/probes/mvp/mvp_probe_mlp_jepa_v2_1_vitG_384_20260508T164911Z/layer_48/train/trial_0002/probe_best.pt",
            "eval_output_dir": "artifacts/probes/mvp/mvp_probe_mlp_jepa_v2_1_vitG_384_20260508T164911Z/layer_48/train/trial_0002/val_eval",
            "output_dir": "artifacts/probes/mvp/mvp_probe_mlp_jepa_v2_1_vitG_384_20260508T164911Z/layer_48/train/trial_0002",
            "params": {
              "batch_size": 256,
              "dropout": 0.04424625102595975,
              "epochs": 50,
              "hidden_dims": "256",
              "lr": 0.0011290133559092666,
              "weight_decay": 4.374364439939069e-06
            },
            "trial_number": 2,
            "value": 37.8159757330637
          },
          {
            "checkpoint": "artifacts/probes/mvp/mvp_probe_mlp_jepa_v2_1_vitG_384_20260508T164911Z/layer_48/train/trial_0006/probe_best.pt",
            "eval_output_dir": "artifacts/probes/mvp/mvp_probe_mlp_jepa_v2_1_vitG_384_20260508T164911Z/layer_48/train/trial_0006/val_eval",
            "output_dir": "artifacts/probes/mvp/mvp_probe_mlp_jepa_v2_1_vitG_384_20260508T164911Z/layer_48/train/trial_0006",
            "params": {
              "batch_size": 128,
              "dropout": 0.0599326836668414,
              "epochs": 50,
              "hidden_dims": "512",
              "lr": 0.000794714742465374,
              "weight_decay": 0.0016934155410667966
            },
            "trial_number": 6,
            "value": 35.49039433771487
          },
          {
            "checkpoint": "artifacts/probes/mvp/mvp_probe_mlp_jepa_v2_1_vitG_384_20260508T164911Z/layer_48/train/trial_0007/probe_best.pt",
            "eval_output_dir": "artifacts/probes/mvp/mvp_probe_mlp_jepa_v2_1_vitG_384_20260508T164911Z/layer_48/train/trial_0007/val_eval",
            "output_dir": "artifacts/probes/mvp/mvp_probe_mlp_jepa_v2_1_vitG_384_20260508T164911Z/layer_48/train/trial_0007",
            "params": {
              "batch_size": 128,
              "dropout": 0.11978094533348621,
              "epochs": 20,
              "hidden_dims": "1024x512x1024",
              "lr": 0.00010300196600986775,
              "weight_decay": 0.0045442082254883295
            },
            "trial_number": 7,
            "value": 28.00808897876643
          },
          {
            "checkpoint": "artifacts/probes/mvp/mvp_probe_mlp_jepa_v2_1_vitG_384_20260508T164911Z/layer_48/train/trial_0008/probe_best.pt",
            "eval_output_dir": "artifacts/probes/mvp/mvp_probe_mlp_jepa_v2_1_vitG_384_20260508T164911Z/layer_48/train/trial_0008/val_eval",
            "output_dir": "artifacts/probes/mvp/mvp_probe_mlp_jepa_v2_1_vitG_384_20260508T164911Z/layer_48/train/trial_0008",
            "params": {
              "batch_size": 32,
              "dropout": 0.3387821809211412,
              "epochs": 50,
              "hidden_dims": "512",
              "lr": 2.7207248059486674e-05,
              "weight_decay": 8.64403589520682e-06
            },
            "trial_number": 8,
            "value": 32.153690596562186
          },
          {
            "checkpoint": "artifacts/probes/mvp/mvp_probe_mlp_jepa_v2_1_vitG_384_20260508T164911Z/layer_48/train/trial_0009/probe_best.pt",
            "eval_output_dir": "artifacts/probes/mvp/mvp_probe_mlp_jepa_v2_1_vitG_384_20260508T164911Z/layer_48/train/trial_0009/val_eval",
            "output_dir": "artifacts/probes/mvp/mvp_probe_mlp_jepa_v2_1_vitG_384_20260508T164911Z/layer_48/train/trial_0009",
            "params": {
              "batch_size": 256,
              "dropout": 0.12092614545022584,
              "epochs": 50,
              "hidden_dims": "256",
              "lr": 1.1214075785991125e-05,
              "weight_decay": 1.1818390883060214e-05
            },
            "trial_number": 9,
            "value": 28.71587462082912
          },
          {
            "checkpoint": "artifacts/probes/mvp/mvp_probe_mlp_jepa_v2_1_vitG_384_20260508T164911Z/layer_48/train/trial_0011/probe_best.pt",
            "eval_output_dir": "artifacts/probes/mvp/mvp_probe_mlp_jepa_v2_1_vitG_384_20260508T164911Z/layer_48/train/trial_0011/val_eval",
            "output_dir": "artifacts/probes/mvp/mvp_probe_mlp_jepa_v2_1_vitG_384_20260508T164911Z/layer_48/train/trial_0011",
            "params": {
              "batch_size": 32,
              "dropout": 0.23297711653873787,
              "epochs": 100,
              "hidden_dims": "1024",
              "lr": 0.0003492823457114943,
              "weight_decay": 7.619436507678932e-07
            },
            "trial_number": 11,
            "value": 46.107178968655205
          },
          {
            "checkpoint": "artifacts/probes/mvp/mvp_probe_mlp_jepa_v2_1_vitG_384_20260508T164911Z/layer_48/train/trial_0012/probe_best.pt",
            "eval_output_dir": "artifacts/probes/mvp/mvp_probe_mlp_jepa_v2_1_vitG_384_20260508T164911Z/layer_48/train/trial_0012/val_eval",
            "output_dir": "artifacts/probes/mvp/mvp_probe_mlp_jepa_v2_1_vitG_384_20260508T164911Z/layer_48/train/trial_0012",
            "params": {
              "batch_size": 32,
              "dropout": 0.24259083131402,
              "epochs": 100,
              "hidden_dims": "1024",
              "lr": 0.00024380003254969372,
              "weight_decay": 3.8788151020745613e-07
            },
            "trial_number": 12,
            "value": 46.71385237613751
          }
        ]
      }
    }
  ],
  "model_selection_split": "val",
  "objective_metric_name": "pair_consistency",
  "probe_name": "mlp",
  "reported_splits": [
    "train",
    "val",
    "test"
  ],
  "requested_layers": [
    12,
    24,
    38,
    48
  ],
  "split_name": "test",
  "sweep_dir": "artifacts/probes/mvp/mvp_probe_mlp_jepa_v2_1_vitG_384_20260508T164911Z",
  "train_split": "train"
}
JOB_END_UTC=2026-05-08T19:03:26Z
JOB_ELAPSED_SECONDS=8059
