===== TRAIN PROVENANCE =====
Fri May  8 16:49:07 UTC 2026
tcn82.local.snellius.surf.nl
999d19ef765342e0bd42ee07e9e2db5bba7c1441
Python 3.11.15
/home/scur0511/.conda/envs/probe4physics-gpu/bin/python
REPO_ROOT=/gpfs/home3/scur0511/Probe4Physics
DATASET_NAME=mvp
PROBE_NAME=mlp
BACKBONE_NAME=jepa_v1
BACKBONE_VARIANT=vith16_384
PROBE_EPOCHS=100
PROBE_DEVICE=cpu
PROBE_LAYER=8
PROBE_LAYERS=8,16,24,32
PROBE_FEATURE_VIEW=pooled
ENABLE_WANDB=true
WANDB_PROJECT=probe4physics
WANDB_MODE=online
WANDB_GROUP=mvp_mlp_jepa_v1_vith16_384
ENABLE_OPTUNA=true
OPTUNA_N_TRIALS=20
OPTUNA_N_JOBS=1
OPTUNA_TIMEOUT_SECONDS=0
ENABLE_OPTUNA_PRUNER=true
OPTUNA_PRUNER_STARTUP_TRIALS=3
OPTUNA_PRUNER_WARMUP_STEPS=100
OPTUNA_PRUNER_INTERVAL_STEPS=1
OPTUNA_STUDY_NAME=mvp_mlp_jepa_v1_vith16_384
OPTUNA_SEARCH_OVERRIDES=probe.optuna.search_space.epochs.enabled=true probe.optuna.search_space.epochs.choices=[20,50,100,500,1000,2000]
============================
JOB_START_UTC=2026-05-08T16:49:07Z
[features.mvp] using compatible legacy cache: expected_signature=d1413668de072b44 actual_signature=0c85b927b43adb1a cache_dir=/gpfs/scratch1/shared/scur0511/probe4physics/artifacts/features/mvp/jepa_v1_vith16_384/train-val-test/0c85b927b43adb1a
[features.mvp] using compatible legacy cache: expected_signature=d1413668de072b44 actual_signature=0c85b927b43adb1a cache_dir=/gpfs/scratch1/shared/scur0511/probe4physics/artifacts/features/mvp/jepa_v1_vith16_384/train-val-test/0c85b927b43adb1a
[features.mvp] using compatible legacy cache: expected_signature=d1413668de072b44 actual_signature=0c85b927b43adb1a cache_dir=/gpfs/scratch1/shared/scur0511/probe4physics/artifacts/features/mvp/jepa_v1_vith16_384/train-val-test/0c85b927b43adb1a
[features.mvp] using compatible legacy cache: expected_signature=d1413668de072b44 actual_signature=0c85b927b43adb1a cache_dir=/gpfs/scratch1/shared/scur0511/probe4physics/artifacts/features/mvp/jepa_v1_vith16_384/train-val-test/0c85b927b43adb1a
[features.mvp] using compatible legacy cache: expected_signature=d1413668de072b44 actual_signature=0c85b927b43adb1a cache_dir=/gpfs/scratch1/shared/scur0511/probe4physics/artifacts/features/mvp/jepa_v1_vith16_384/train-val-test/0c85b927b43adb1a
[features.mvp] using compatible legacy cache: expected_signature=d1413668de072b44 actual_signature=0c85b927b43adb1a cache_dir=/gpfs/scratch1/shared/scur0511/probe4physics/artifacts/features/mvp/jepa_v1_vith16_384/train-val-test/0c85b927b43adb1a
[features.mvp] using compatible legacy cache: expected_signature=d1413668de072b44 actual_signature=0c85b927b43adb1a cache_dir=/gpfs/scratch1/shared/scur0511/probe4physics/artifacts/features/mvp/jepa_v1_vith16_384/train-val-test/0c85b927b43adb1a
[features.mvp] using compatible legacy cache: expected_signature=d1413668de072b44 actual_signature=0c85b927b43adb1a cache_dir=/gpfs/scratch1/shared/scur0511/probe4physics/artifacts/features/mvp/jepa_v1_vith16_384/train-val-test/0c85b927b43adb1a
[features.mvp] using compatible legacy cache: expected_signature=d1413668de072b44 actual_signature=0c85b927b43adb1a cache_dir=/gpfs/scratch1/shared/scur0511/probe4physics/artifacts/features/mvp/jepa_v1_vith16_384/train-val-test/0c85b927b43adb1a
[features.mvp] using compatible legacy cache: expected_signature=d1413668de072b44 actual_signature=0c85b927b43adb1a cache_dir=/gpfs/scratch1/shared/scur0511/probe4physics/artifacts/features/mvp/jepa_v1_vith16_384/train-val-test/0c85b927b43adb1a
[features.mvp] using compatible legacy cache: expected_signature=d1413668de072b44 actual_signature=0c85b927b43adb1a cache_dir=/gpfs/scratch1/shared/scur0511/probe4physics/artifacts/features/mvp/jepa_v1_vith16_384/train-val-test/0c85b927b43adb1a
[features.mvp] using compatible legacy cache: expected_signature=d1413668de072b44 actual_signature=0c85b927b43adb1a cache_dir=/gpfs/scratch1/shared/scur0511/probe4physics/artifacts/features/mvp/jepa_v1_vith16_384/train-val-test/0c85b927b43adb1a
[features.mvp] using compatible legacy cache: expected_signature=d1413668de072b44 actual_signature=0c85b927b43adb1a cache_dir=/gpfs/scratch1/shared/scur0511/probe4physics/artifacts/features/mvp/jepa_v1_vith16_384/train-val-test/0c85b927b43adb1a
[features.mvp] using compatible legacy cache: expected_signature=d1413668de072b44 actual_signature=0c85b927b43adb1a cache_dir=/gpfs/scratch1/shared/scur0511/probe4physics/artifacts/features/mvp/jepa_v1_vith16_384/train-val-test/0c85b927b43adb1a
[features.mvp] using compatible legacy cache: expected_signature=d1413668de072b44 actual_signature=0c85b927b43adb1a cache_dir=/gpfs/scratch1/shared/scur0511/probe4physics/artifacts/features/mvp/jepa_v1_vith16_384/train-val-test/0c85b927b43adb1a
[features.mvp] using compatible legacy cache: expected_signature=d1413668de072b44 actual_signature=0c85b927b43adb1a cache_dir=/gpfs/scratch1/shared/scur0511/probe4physics/artifacts/features/mvp/jepa_v1_vith16_384/train-val-test/0c85b927b43adb1a
[features.mvp] using compatible legacy cache: expected_signature=d1413668de072b44 actual_signature=0c85b927b43adb1a cache_dir=/gpfs/scratch1/shared/scur0511/probe4physics/artifacts/features/mvp/jepa_v1_vith16_384/train-val-test/0c85b927b43adb1a
[features.mvp] using compatible legacy cache: expected_signature=d1413668de072b44 actual_signature=0c85b927b43adb1a cache_dir=/gpfs/scratch1/shared/scur0511/probe4physics/artifacts/features/mvp/jepa_v1_vith16_384/train-val-test/0c85b927b43adb1a
[features.mvp] using compatible legacy cache: expected_signature=d1413668de072b44 actual_signature=0c85b927b43adb1a cache_dir=/gpfs/scratch1/shared/scur0511/probe4physics/artifacts/features/mvp/jepa_v1_vith16_384/train-val-test/0c85b927b43adb1a
[features.mvp] using compatible legacy cache: expected_signature=d1413668de072b44 actual_signature=0c85b927b43adb1a cache_dir=/gpfs/scratch1/shared/scur0511/probe4physics/artifacts/features/mvp/jepa_v1_vith16_384/train-val-test/0c85b927b43adb1a
[features.mvp] using compatible legacy cache: expected_signature=d1413668de072b44 actual_signature=0c85b927b43adb1a cache_dir=/gpfs/scratch1/shared/scur0511/probe4physics/artifacts/features/mvp/jepa_v1_vith16_384/train-val-test/0c85b927b43adb1a
[features.mvp] using compatible legacy cache: expected_signature=d1413668de072b44 actual_signature=0c85b927b43adb1a cache_dir=/gpfs/scratch1/shared/scur0511/probe4physics/artifacts/features/mvp/jepa_v1_vith16_384/train-val-test/0c85b927b43adb1a
[features.mvp] using compatible legacy cache: expected_signature=d1413668de072b44 actual_signature=0c85b927b43adb1a cache_dir=/gpfs/scratch1/shared/scur0511/probe4physics/artifacts/features/mvp/jepa_v1_vith16_384/train-val-test/0c85b927b43adb1a
[features.mvp] using compatible legacy cache: expected_signature=d1413668de072b44 actual_signature=0c85b927b43adb1a cache_dir=/gpfs/scratch1/shared/scur0511/probe4physics/artifacts/features/mvp/jepa_v1_vith16_384/train-val-test/0c85b927b43adb1a
[features.mvp] using compatible legacy cache: expected_signature=d1413668de072b44 actual_signature=0c85b927b43adb1a cache_dir=/gpfs/scratch1/shared/scur0511/probe4physics/artifacts/features/mvp/jepa_v1_vith16_384/train-val-test/0c85b927b43adb1a
[features.mvp] using compatible legacy cache: expected_signature=d1413668de072b44 actual_signature=0c85b927b43adb1a cache_dir=/gpfs/scratch1/shared/scur0511/probe4physics/artifacts/features/mvp/jepa_v1_vith16_384/train-val-test/0c85b927b43adb1a
[features.mvp] using compatible legacy cache: expected_signature=d1413668de072b44 actual_signature=0c85b927b43adb1a cache_dir=/gpfs/scratch1/shared/scur0511/probe4physics/artifacts/features/mvp/jepa_v1_vith16_384/train-val-test/0c85b927b43adb1a
[features.mvp] using compatible legacy cache: expected_signature=d1413668de072b44 actual_signature=0c85b927b43adb1a cache_dir=/gpfs/scratch1/shared/scur0511/probe4physics/artifacts/features/mvp/jepa_v1_vith16_384/train-val-test/0c85b927b43adb1a
[features.mvp] using compatible legacy cache: expected_signature=d1413668de072b44 actual_signature=0c85b927b43adb1a cache_dir=/gpfs/scratch1/shared/scur0511/probe4physics/artifacts/features/mvp/jepa_v1_vith16_384/train-val-test/0c85b927b43adb1a
[features.mvp] using compatible legacy cache: expected_signature=d1413668de072b44 actual_signature=0c85b927b43adb1a cache_dir=/gpfs/scratch1/shared/scur0511/probe4physics/artifacts/features/mvp/jepa_v1_vith16_384/train-val-test/0c85b927b43adb1a
[features.mvp] using compatible legacy cache: expected_signature=d1413668de072b44 actual_signature=0c85b927b43adb1a cache_dir=/gpfs/scratch1/shared/scur0511/probe4physics/artifacts/features/mvp/jepa_v1_vith16_384/train-val-test/0c85b927b43adb1a
[features.mvp] using compatible legacy cache: expected_signature=d1413668de072b44 actual_signature=0c85b927b43adb1a cache_dir=/gpfs/scratch1/shared/scur0511/probe4physics/artifacts/features/mvp/jepa_v1_vith16_384/train-val-test/0c85b927b43adb1a
[features.mvp] using compatible legacy cache: expected_signature=d1413668de072b44 actual_signature=0c85b927b43adb1a cache_dir=/gpfs/scratch1/shared/scur0511/probe4physics/artifacts/features/mvp/jepa_v1_vith16_384/train-val-test/0c85b927b43adb1a
[features.mvp] using compatible legacy cache: expected_signature=d1413668de072b44 actual_signature=0c85b927b43adb1a cache_dir=/gpfs/scratch1/shared/scur0511/probe4physics/artifacts/features/mvp/jepa_v1_vith16_384/train-val-test/0c85b927b43adb1a
[features.mvp] using compatible legacy cache: expected_signature=d1413668de072b44 actual_signature=0c85b927b43adb1a cache_dir=/gpfs/scratch1/shared/scur0511/probe4physics/artifacts/features/mvp/jepa_v1_vith16_384/train-val-test/0c85b927b43adb1a
[features.mvp] using compatible legacy cache: expected_signature=d1413668de072b44 actual_signature=0c85b927b43adb1a cache_dir=/gpfs/scratch1/shared/scur0511/probe4physics/artifacts/features/mvp/jepa_v1_vith16_384/train-val-test/0c85b927b43adb1a
[features.mvp] using compatible legacy cache: expected_signature=d1413668de072b44 actual_signature=0c85b927b43adb1a cache_dir=/gpfs/scratch1/shared/scur0511/probe4physics/artifacts/features/mvp/jepa_v1_vith16_384/train-val-test/0c85b927b43adb1a
[features.mvp] using compatible legacy cache: expected_signature=d1413668de072b44 actual_signature=0c85b927b43adb1a cache_dir=/gpfs/scratch1/shared/scur0511/probe4physics/artifacts/features/mvp/jepa_v1_vith16_384/train-val-test/0c85b927b43adb1a
[features.mvp] using compatible legacy cache: expected_signature=d1413668de072b44 actual_signature=0c85b927b43adb1a cache_dir=/gpfs/scratch1/shared/scur0511/probe4physics/artifacts/features/mvp/jepa_v1_vith16_384/train-val-test/0c85b927b43adb1a
[features.mvp] using compatible legacy cache: expected_signature=d1413668de072b44 actual_signature=0c85b927b43adb1a cache_dir=/gpfs/scratch1/shared/scur0511/probe4physics/artifacts/features/mvp/jepa_v1_vith16_384/train-val-test/0c85b927b43adb1a
[features.mvp] using compatible legacy cache: expected_signature=d1413668de072b44 actual_signature=0c85b927b43adb1a cache_dir=/gpfs/scratch1/shared/scur0511/probe4physics/artifacts/features/mvp/jepa_v1_vith16_384/train-val-test/0c85b927b43adb1a
[features.mvp] using compatible legacy cache: expected_signature=d1413668de072b44 actual_signature=0c85b927b43adb1a cache_dir=/gpfs/scratch1/shared/scur0511/probe4physics/artifacts/features/mvp/jepa_v1_vith16_384/train-val-test/0c85b927b43adb1a
[features.mvp] using compatible legacy cache: expected_signature=d1413668de072b44 actual_signature=0c85b927b43adb1a cache_dir=/gpfs/scratch1/shared/scur0511/probe4physics/artifacts/features/mvp/jepa_v1_vith16_384/train-val-test/0c85b927b43adb1a
[features.mvp] using compatible legacy cache: expected_signature=d1413668de072b44 actual_signature=0c85b927b43adb1a cache_dir=/gpfs/scratch1/shared/scur0511/probe4physics/artifacts/features/mvp/jepa_v1_vith16_384/train-val-test/0c85b927b43adb1a
[features.mvp] using compatible legacy cache: expected_signature=d1413668de072b44 actual_signature=0c85b927b43adb1a cache_dir=/gpfs/scratch1/shared/scur0511/probe4physics/artifacts/features/mvp/jepa_v1_vith16_384/train-val-test/0c85b927b43adb1a
[features.mvp] using compatible legacy cache: expected_signature=d1413668de072b44 actual_signature=0c85b927b43adb1a cache_dir=/gpfs/scratch1/shared/scur0511/probe4physics/artifacts/features/mvp/jepa_v1_vith16_384/train-val-test/0c85b927b43adb1a
[features.mvp] using compatible legacy cache: expected_signature=d1413668de072b44 actual_signature=0c85b927b43adb1a cache_dir=/gpfs/scratch1/shared/scur0511/probe4physics/artifacts/features/mvp/jepa_v1_vith16_384/train-val-test/0c85b927b43adb1a
[features.mvp] using compatible legacy cache: expected_signature=d1413668de072b44 actual_signature=0c85b927b43adb1a cache_dir=/gpfs/scratch1/shared/scur0511/probe4physics/artifacts/features/mvp/jepa_v1_vith16_384/train-val-test/0c85b927b43adb1a
[features.mvp] using compatible legacy cache: expected_signature=d1413668de072b44 actual_signature=0c85b927b43adb1a cache_dir=/gpfs/scratch1/shared/scur0511/probe4physics/artifacts/features/mvp/jepa_v1_vith16_384/train-val-test/0c85b927b43adb1a
[features.mvp] using compatible legacy cache: expected_signature=d1413668de072b44 actual_signature=0c85b927b43adb1a cache_dir=/gpfs/scratch1/shared/scur0511/probe4physics/artifacts/features/mvp/jepa_v1_vith16_384/train-val-test/0c85b927b43adb1a
[features.mvp] using compatible legacy cache: expected_signature=d1413668de072b44 actual_signature=0c85b927b43adb1a cache_dir=/gpfs/scratch1/shared/scur0511/probe4physics/artifacts/features/mvp/jepa_v1_vith16_384/train-val-test/0c85b927b43adb1a
[features.mvp] using compatible legacy cache: expected_signature=d1413668de072b44 actual_signature=0c85b927b43adb1a cache_dir=/gpfs/scratch1/shared/scur0511/probe4physics/artifacts/features/mvp/jepa_v1_vith16_384/train-val-test/0c85b927b43adb1a
[features.mvp] using compatible legacy cache: expected_signature=d1413668de072b44 actual_signature=0c85b927b43adb1a cache_dir=/gpfs/scratch1/shared/scur0511/probe4physics/artifacts/features/mvp/jepa_v1_vith16_384/train-val-test/0c85b927b43adb1a
[features.mvp] using compatible legacy cache: expected_signature=d1413668de072b44 actual_signature=0c85b927b43adb1a cache_dir=/gpfs/scratch1/shared/scur0511/probe4physics/artifacts/features/mvp/jepa_v1_vith16_384/train-val-test/0c85b927b43adb1a
[features.mvp] using compatible legacy cache: expected_signature=d1413668de072b44 actual_signature=0c85b927b43adb1a cache_dir=/gpfs/scratch1/shared/scur0511/probe4physics/artifacts/features/mvp/jepa_v1_vith16_384/train-val-test/0c85b927b43adb1a
[features.mvp] using compatible legacy cache: expected_signature=d1413668de072b44 actual_signature=0c85b927b43adb1a cache_dir=/gpfs/scratch1/shared/scur0511/probe4physics/artifacts/features/mvp/jepa_v1_vith16_384/train-val-test/0c85b927b43adb1a
[features.mvp] using compatible legacy cache: expected_signature=d1413668de072b44 actual_signature=0c85b927b43adb1a cache_dir=/gpfs/scratch1/shared/scur0511/probe4physics/artifacts/features/mvp/jepa_v1_vith16_384/train-val-test/0c85b927b43adb1a
[features.mvp] using compatible legacy cache: expected_signature=d1413668de072b44 actual_signature=0c85b927b43adb1a cache_dir=/gpfs/scratch1/shared/scur0511/probe4physics/artifacts/features/mvp/jepa_v1_vith16_384/train-val-test/0c85b927b43adb1a
[features.mvp] using compatible legacy cache: expected_signature=d1413668de072b44 actual_signature=0c85b927b43adb1a cache_dir=/gpfs/scratch1/shared/scur0511/probe4physics/artifacts/features/mvp/jepa_v1_vith16_384/train-val-test/0c85b927b43adb1a
[features.mvp] using compatible legacy cache: expected_signature=d1413668de072b44 actual_signature=0c85b927b43adb1a cache_dir=/gpfs/scratch1/shared/scur0511/probe4physics/artifacts/features/mvp/jepa_v1_vith16_384/train-val-test/0c85b927b43adb1a
[features.mvp] using compatible legacy cache: expected_signature=d1413668de072b44 actual_signature=0c85b927b43adb1a cache_dir=/gpfs/scratch1/shared/scur0511/probe4physics/artifacts/features/mvp/jepa_v1_vith16_384/train-val-test/0c85b927b43adb1a
[features.mvp] using compatible legacy cache: expected_signature=d1413668de072b44 actual_signature=0c85b927b43adb1a cache_dir=/gpfs/scratch1/shared/scur0511/probe4physics/artifacts/features/mvp/jepa_v1_vith16_384/train-val-test/0c85b927b43adb1a
[features.mvp] using compatible legacy cache: expected_signature=d1413668de072b44 actual_signature=0c85b927b43adb1a cache_dir=/gpfs/scratch1/shared/scur0511/probe4physics/artifacts/features/mvp/jepa_v1_vith16_384/train-val-test/0c85b927b43adb1a
[features.mvp] using compatible legacy cache: expected_signature=d1413668de072b44 actual_signature=0c85b927b43adb1a cache_dir=/gpfs/scratch1/shared/scur0511/probe4physics/artifacts/features/mvp/jepa_v1_vith16_384/train-val-test/0c85b927b43adb1a
[features.mvp] using compatible legacy cache: expected_signature=d1413668de072b44 actual_signature=0c85b927b43adb1a cache_dir=/gpfs/scratch1/shared/scur0511/probe4physics/artifacts/features/mvp/jepa_v1_vith16_384/train-val-test/0c85b927b43adb1a
[features.mvp] using compatible legacy cache: expected_signature=d1413668de072b44 actual_signature=0c85b927b43adb1a cache_dir=/gpfs/scratch1/shared/scur0511/probe4physics/artifacts/features/mvp/jepa_v1_vith16_384/train-val-test/0c85b927b43adb1a
[features.mvp] using compatible legacy cache: expected_signature=d1413668de072b44 actual_signature=0c85b927b43adb1a cache_dir=/gpfs/scratch1/shared/scur0511/probe4physics/artifacts/features/mvp/jepa_v1_vith16_384/train-val-test/0c85b927b43adb1a
[features.mvp] using compatible legacy cache: expected_signature=d1413668de072b44 actual_signature=0c85b927b43adb1a cache_dir=/gpfs/scratch1/shared/scur0511/probe4physics/artifacts/features/mvp/jepa_v1_vith16_384/train-val-test/0c85b927b43adb1a
[features.mvp] using compatible legacy cache: expected_signature=d1413668de072b44 actual_signature=0c85b927b43adb1a cache_dir=/gpfs/scratch1/shared/scur0511/probe4physics/artifacts/features/mvp/jepa_v1_vith16_384/train-val-test/0c85b927b43adb1a
[features.mvp] using compatible legacy cache: expected_signature=d1413668de072b44 actual_signature=0c85b927b43adb1a cache_dir=/gpfs/scratch1/shared/scur0511/probe4physics/artifacts/features/mvp/jepa_v1_vith16_384/train-val-test/0c85b927b43adb1a
[features.mvp] using compatible legacy cache: expected_signature=d1413668de072b44 actual_signature=0c85b927b43adb1a cache_dir=/gpfs/scratch1/shared/scur0511/probe4physics/artifacts/features/mvp/jepa_v1_vith16_384/train-val-test/0c85b927b43adb1a
[features.mvp] using compatible legacy cache: expected_signature=d1413668de072b44 actual_signature=0c85b927b43adb1a cache_dir=/gpfs/scratch1/shared/scur0511/probe4physics/artifacts/features/mvp/jepa_v1_vith16_384/train-val-test/0c85b927b43adb1a
[features.mvp] using compatible legacy cache: expected_signature=d1413668de072b44 actual_signature=0c85b927b43adb1a cache_dir=/gpfs/scratch1/shared/scur0511/probe4physics/artifacts/features/mvp/jepa_v1_vith16_384/train-val-test/0c85b927b43adb1a
[features.mvp] using compatible legacy cache: expected_signature=d1413668de072b44 actual_signature=0c85b927b43adb1a cache_dir=/gpfs/scratch1/shared/scur0511/probe4physics/artifacts/features/mvp/jepa_v1_vith16_384/train-val-test/0c85b927b43adb1a
[features.mvp] using compatible legacy cache: expected_signature=d1413668de072b44 actual_signature=0c85b927b43adb1a cache_dir=/gpfs/scratch1/shared/scur0511/probe4physics/artifacts/features/mvp/jepa_v1_vith16_384/train-val-test/0c85b927b43adb1a
[features.mvp] using compatible legacy cache: expected_signature=d1413668de072b44 actual_signature=0c85b927b43adb1a cache_dir=/gpfs/scratch1/shared/scur0511/probe4physics/artifacts/features/mvp/jepa_v1_vith16_384/train-val-test/0c85b927b43adb1a
[features.mvp] using compatible legacy cache: expected_signature=d1413668de072b44 actual_signature=0c85b927b43adb1a cache_dir=/gpfs/scratch1/shared/scur0511/probe4physics/artifacts/features/mvp/jepa_v1_vith16_384/train-val-test/0c85b927b43adb1a
[features.mvp] using compatible legacy cache: expected_signature=d1413668de072b44 actual_signature=0c85b927b43adb1a cache_dir=/gpfs/scratch1/shared/scur0511/probe4physics/artifacts/features/mvp/jepa_v1_vith16_384/train-val-test/0c85b927b43adb1a
[features.mvp] using compatible legacy cache: expected_signature=d1413668de072b44 actual_signature=0c85b927b43adb1a cache_dir=/gpfs/scratch1/shared/scur0511/probe4physics/artifacts/features/mvp/jepa_v1_vith16_384/train-val-test/0c85b927b43adb1a
[features.mvp] using compatible legacy cache: expected_signature=d1413668de072b44 actual_signature=0c85b927b43adb1a cache_dir=/gpfs/scratch1/shared/scur0511/probe4physics/artifacts/features/mvp/jepa_v1_vith16_384/train-val-test/0c85b927b43adb1a
[features.mvp] using compatible legacy cache: expected_signature=d1413668de072b44 actual_signature=0c85b927b43adb1a cache_dir=/gpfs/scratch1/shared/scur0511/probe4physics/artifacts/features/mvp/jepa_v1_vith16_384/train-val-test/0c85b927b43adb1a
[features.mvp] using compatible legacy cache: expected_signature=d1413668de072b44 actual_signature=0c85b927b43adb1a cache_dir=/gpfs/scratch1/shared/scur0511/probe4physics/artifacts/features/mvp/jepa_v1_vith16_384/train-val-test/0c85b927b43adb1a
[features.mvp] using compatible legacy cache: expected_signature=d1413668de072b44 actual_signature=0c85b927b43adb1a cache_dir=/gpfs/scratch1/shared/scur0511/probe4physics/artifacts/features/mvp/jepa_v1_vith16_384/train-val-test/0c85b927b43adb1a
[features.mvp] using compatible legacy cache: expected_signature=d1413668de072b44 actual_signature=0c85b927b43adb1a cache_dir=/gpfs/scratch1/shared/scur0511/probe4physics/artifacts/features/mvp/jepa_v1_vith16_384/train-val-test/0c85b927b43adb1a
[features.mvp] using compatible legacy cache: expected_signature=d1413668de072b44 actual_signature=0c85b927b43adb1a cache_dir=/gpfs/scratch1/shared/scur0511/probe4physics/artifacts/features/mvp/jepa_v1_vith16_384/train-val-test/0c85b927b43adb1a
[features.mvp] using compatible legacy cache: expected_signature=d1413668de072b44 actual_signature=0c85b927b43adb1a cache_dir=/gpfs/scratch1/shared/scur0511/probe4physics/artifacts/features/mvp/jepa_v1_vith16_384/train-val-test/0c85b927b43adb1a
[features.mvp] using compatible legacy cache: expected_signature=d1413668de072b44 actual_signature=0c85b927b43adb1a cache_dir=/gpfs/scratch1/shared/scur0511/probe4physics/artifacts/features/mvp/jepa_v1_vith16_384/train-val-test/0c85b927b43adb1a
[features.mvp] using compatible legacy cache: expected_signature=d1413668de072b44 actual_signature=0c85b927b43adb1a cache_dir=/gpfs/scratch1/shared/scur0511/probe4physics/artifacts/features/mvp/jepa_v1_vith16_384/train-val-test/0c85b927b43adb1a
[features.mvp] using compatible legacy cache: expected_signature=d1413668de072b44 actual_signature=0c85b927b43adb1a cache_dir=/gpfs/scratch1/shared/scur0511/probe4physics/artifacts/features/mvp/jepa_v1_vith16_384/train-val-test/0c85b927b43adb1a
[features.mvp] using compatible legacy cache: expected_signature=d1413668de072b44 actual_signature=0c85b927b43adb1a cache_dir=/gpfs/scratch1/shared/scur0511/probe4physics/artifacts/features/mvp/jepa_v1_vith16_384/train-val-test/0c85b927b43adb1a
[features.mvp] using compatible legacy cache: expected_signature=d1413668de072b44 actual_signature=0c85b927b43adb1a cache_dir=/gpfs/scratch1/shared/scur0511/probe4physics/artifacts/features/mvp/jepa_v1_vith16_384/train-val-test/0c85b927b43adb1a
[features.mvp] using compatible legacy cache: expected_signature=d1413668de072b44 actual_signature=0c85b927b43adb1a cache_dir=/gpfs/scratch1/shared/scur0511/probe4physics/artifacts/features/mvp/jepa_v1_vith16_384/train-val-test/0c85b927b43adb1a
[features.mvp] using compatible legacy cache: expected_signature=d1413668de072b44 actual_signature=0c85b927b43adb1a cache_dir=/gpfs/scratch1/shared/scur0511/probe4physics/artifacts/features/mvp/jepa_v1_vith16_384/train-val-test/0c85b927b43adb1a
[features.mvp] using compatible legacy cache: expected_signature=d1413668de072b44 actual_signature=0c85b927b43adb1a cache_dir=/gpfs/scratch1/shared/scur0511/probe4physics/artifacts/features/mvp/jepa_v1_vith16_384/train-val-test/0c85b927b43adb1a
[features.mvp] using compatible legacy cache: expected_signature=d1413668de072b44 actual_signature=0c85b927b43adb1a cache_dir=/gpfs/scratch1/shared/scur0511/probe4physics/artifacts/features/mvp/jepa_v1_vith16_384/train-val-test/0c85b927b43adb1a
[features.mvp] using compatible legacy cache: expected_signature=d1413668de072b44 actual_signature=0c85b927b43adb1a cache_dir=/gpfs/scratch1/shared/scur0511/probe4physics/artifacts/features/mvp/jepa_v1_vith16_384/train-val-test/0c85b927b43adb1a
[features.mvp] using compatible legacy cache: expected_signature=d1413668de072b44 actual_signature=0c85b927b43adb1a cache_dir=/gpfs/scratch1/shared/scur0511/probe4physics/artifacts/features/mvp/jepa_v1_vith16_384/train-val-test/0c85b927b43adb1a
[features.mvp] using compatible legacy cache: expected_signature=d1413668de072b44 actual_signature=0c85b927b43adb1a cache_dir=/gpfs/scratch1/shared/scur0511/probe4physics/artifacts/features/mvp/jepa_v1_vith16_384/train-val-test/0c85b927b43adb1a
[features.mvp] using compatible legacy cache: expected_signature=d1413668de072b44 actual_signature=0c85b927b43adb1a cache_dir=/gpfs/scratch1/shared/scur0511/probe4physics/artifacts/features/mvp/jepa_v1_vith16_384/train-val-test/0c85b927b43adb1a
[features.mvp] using compatible legacy cache: expected_signature=d1413668de072b44 actual_signature=0c85b927b43adb1a cache_dir=/gpfs/scratch1/shared/scur0511/probe4physics/artifacts/features/mvp/jepa_v1_vith16_384/train-val-test/0c85b927b43adb1a
[features.mvp] using compatible legacy cache: expected_signature=d1413668de072b44 actual_signature=0c85b927b43adb1a cache_dir=/gpfs/scratch1/shared/scur0511/probe4physics/artifacts/features/mvp/jepa_v1_vith16_384/train-val-test/0c85b927b43adb1a
[features.mvp] using compatible legacy cache: expected_signature=d1413668de072b44 actual_signature=0c85b927b43adb1a cache_dir=/gpfs/scratch1/shared/scur0511/probe4physics/artifacts/features/mvp/jepa_v1_vith16_384/train-val-test/0c85b927b43adb1a
[features.mvp] using compatible legacy cache: expected_signature=d1413668de072b44 actual_signature=0c85b927b43adb1a cache_dir=/gpfs/scratch1/shared/scur0511/probe4physics/artifacts/features/mvp/jepa_v1_vith16_384/train-val-test/0c85b927b43adb1a
[features.mvp] using compatible legacy cache: expected_signature=d1413668de072b44 actual_signature=0c85b927b43adb1a cache_dir=/gpfs/scratch1/shared/scur0511/probe4physics/artifacts/features/mvp/jepa_v1_vith16_384/train-val-test/0c85b927b43adb1a
[features.mvp] using compatible legacy cache: expected_signature=d1413668de072b44 actual_signature=0c85b927b43adb1a cache_dir=/gpfs/scratch1/shared/scur0511/probe4physics/artifacts/features/mvp/jepa_v1_vith16_384/train-val-test/0c85b927b43adb1a
[features.mvp] using compatible legacy cache: expected_signature=d1413668de072b44 actual_signature=0c85b927b43adb1a cache_dir=/gpfs/scratch1/shared/scur0511/probe4physics/artifacts/features/mvp/jepa_v1_vith16_384/train-val-test/0c85b927b43adb1a
[features.mvp] using compatible legacy cache: expected_signature=d1413668de072b44 actual_signature=0c85b927b43adb1a cache_dir=/gpfs/scratch1/shared/scur0511/probe4physics/artifacts/features/mvp/jepa_v1_vith16_384/train-val-test/0c85b927b43adb1a
[features.mvp] using compatible legacy cache: expected_signature=d1413668de072b44 actual_signature=0c85b927b43adb1a cache_dir=/gpfs/scratch1/shared/scur0511/probe4physics/artifacts/features/mvp/jepa_v1_vith16_384/train-val-test/0c85b927b43adb1a
[features.mvp] using compatible legacy cache: expected_signature=d1413668de072b44 actual_signature=0c85b927b43adb1a cache_dir=/gpfs/scratch1/shared/scur0511/probe4physics/artifacts/features/mvp/jepa_v1_vith16_384/train-val-test/0c85b927b43adb1a
[features.mvp] using compatible legacy cache: expected_signature=d1413668de072b44 actual_signature=0c85b927b43adb1a cache_dir=/gpfs/scratch1/shared/scur0511/probe4physics/artifacts/features/mvp/jepa_v1_vith16_384/train-val-test/0c85b927b43adb1a
[features.mvp] using compatible legacy cache: expected_signature=d1413668de072b44 actual_signature=0c85b927b43adb1a cache_dir=/gpfs/scratch1/shared/scur0511/probe4physics/artifacts/features/mvp/jepa_v1_vith16_384/train-val-test/0c85b927b43adb1a
[features.mvp] using compatible legacy cache: expected_signature=d1413668de072b44 actual_signature=0c85b927b43adb1a cache_dir=/gpfs/scratch1/shared/scur0511/probe4physics/artifacts/features/mvp/jepa_v1_vith16_384/train-val-test/0c85b927b43adb1a
[features.mvp] using compatible legacy cache: expected_signature=d1413668de072b44 actual_signature=0c85b927b43adb1a cache_dir=/gpfs/scratch1/shared/scur0511/probe4physics/artifacts/features/mvp/jepa_v1_vith16_384/train-val-test/0c85b927b43adb1a
[features.mvp] using compatible legacy cache: expected_signature=d1413668de072b44 actual_signature=0c85b927b43adb1a cache_dir=/gpfs/scratch1/shared/scur0511/probe4physics/artifacts/features/mvp/jepa_v1_vith16_384/train-val-test/0c85b927b43adb1a
[features.mvp] using compatible legacy cache: expected_signature=d1413668de072b44 actual_signature=0c85b927b43adb1a cache_dir=/gpfs/scratch1/shared/scur0511/probe4physics/artifacts/features/mvp/jepa_v1_vith16_384/train-val-test/0c85b927b43adb1a
[features.mvp] using compatible legacy cache: expected_signature=d1413668de072b44 actual_signature=0c85b927b43adb1a cache_dir=/gpfs/scratch1/shared/scur0511/probe4physics/artifacts/features/mvp/jepa_v1_vith16_384/train-val-test/0c85b927b43adb1a
[features.mvp] using compatible legacy cache: expected_signature=d1413668de072b44 actual_signature=0c85b927b43adb1a cache_dir=/gpfs/scratch1/shared/scur0511/probe4physics/artifacts/features/mvp/jepa_v1_vith16_384/train-val-test/0c85b927b43adb1a
[features.mvp] using compatible legacy cache: expected_signature=d1413668de072b44 actual_signature=0c85b927b43adb1a cache_dir=/gpfs/scratch1/shared/scur0511/probe4physics/artifacts/features/mvp/jepa_v1_vith16_384/train-val-test/0c85b927b43adb1a
[features.mvp] using compatible legacy cache: expected_signature=d1413668de072b44 actual_signature=0c85b927b43adb1a cache_dir=/gpfs/scratch1/shared/scur0511/probe4physics/artifacts/features/mvp/jepa_v1_vith16_384/train-val-test/0c85b927b43adb1a
[features.mvp] using compatible legacy cache: expected_signature=d1413668de072b44 actual_signature=0c85b927b43adb1a cache_dir=/gpfs/scratch1/shared/scur0511/probe4physics/artifacts/features/mvp/jepa_v1_vith16_384/train-val-test/0c85b927b43adb1a
[features.mvp] using compatible legacy cache: expected_signature=d1413668de072b44 actual_signature=0c85b927b43adb1a cache_dir=/gpfs/scratch1/shared/scur0511/probe4physics/artifacts/features/mvp/jepa_v1_vith16_384/train-val-test/0c85b927b43adb1a
[features.mvp] using compatible legacy cache: expected_signature=d1413668de072b44 actual_signature=0c85b927b43adb1a cache_dir=/gpfs/scratch1/shared/scur0511/probe4physics/artifacts/features/mvp/jepa_v1_vith16_384/train-val-test/0c85b927b43adb1a
[features.mvp] using compatible legacy cache: expected_signature=d1413668de072b44 actual_signature=0c85b927b43adb1a cache_dir=/gpfs/scratch1/shared/scur0511/probe4physics/artifacts/features/mvp/jepa_v1_vith16_384/train-val-test/0c85b927b43adb1a
[features.mvp] using compatible legacy cache: expected_signature=d1413668de072b44 actual_signature=0c85b927b43adb1a cache_dir=/gpfs/scratch1/shared/scur0511/probe4physics/artifacts/features/mvp/jepa_v1_vith16_384/train-val-test/0c85b927b43adb1a
[features.mvp] using compatible legacy cache: expected_signature=d1413668de072b44 actual_signature=0c85b927b43adb1a cache_dir=/gpfs/scratch1/shared/scur0511/probe4physics/artifacts/features/mvp/jepa_v1_vith16_384/train-val-test/0c85b927b43adb1a
[features.mvp] using compatible legacy cache: expected_signature=d1413668de072b44 actual_signature=0c85b927b43adb1a cache_dir=/gpfs/scratch1/shared/scur0511/probe4physics/artifacts/features/mvp/jepa_v1_vith16_384/train-val-test/0c85b927b43adb1a
{
  "best_layer": null,
  "best_layer_label": null,
  "best_objective_metric": null,
  "dataset": "mvp",
  "feature_view": "pooled",
  "layers": [
    {
      "checkpoint": "artifacts/probes/mvp/mvp_probe_mlp_jepa_v1_vith16_384_20260508T164911Z/layer_8/train/trial_0000/probe_best.pt",
      "eval": {
        "base_eval": {
          "metrics": {
            "accuracy": 77.24974721941355,
            "n_pairs": 989,
            "n_samples": 1978,
            "pair_consistency": 59.45399393326593
          },
          "output_dir": "artifacts/probes/mvp/mvp_probe_mlp_jepa_v1_vith16_384_20260508T164911Z/layer_8/eval/test",
          "split_dir": "data/splits/mvp/full_60_20_20"
        },
        "checkpoint": "artifacts/probes/mvp/mvp_probe_mlp_jepa_v1_vith16_384_20260508T164911Z/layer_8/train/trial_0000/probe_best.pt",
        "dataset": "mvp",
        "feature_signature": "0c85b927b43adb1a",
        "metrics": {
          "accuracy": 77.24974721941355,
          "n_pairs": 989,
          "n_samples": 1978,
          "pair_consistency": 59.45399393326593
        },
        "metrics_by_split": {
          "test": {
            "accuracy": 77.24974721941355,
            "n_pairs": 989,
            "n_samples": 1978,
            "pair_consistency": 59.45399393326593
          },
          "train": {
            "accuracy": 95.19392917369308,
            "n_pairs": 2965,
            "n_samples": 5930,
            "pair_consistency": 90.38785834738617
          },
          "val": {
            "accuracy": 77.75530839231547,
            "n_pairs": 989,
            "n_samples": 1978,
            "pair_consistency": 59.85844287158746
          }
        },
        "objective_metric": 59.45399393326593,
        "prediction_file": "artifacts/probes/mvp/mvp_probe_mlp_jepa_v1_vith16_384_20260508T164911Z/layer_8/eval/test/probe_predictions.json",
        "prediction_files": {
          "test": "artifacts/probes/mvp/mvp_probe_mlp_jepa_v1_vith16_384_20260508T164911Z/layer_8/eval/test/probe_predictions.json",
          "train": "artifacts/probes/mvp/mvp_probe_mlp_jepa_v1_vith16_384_20260508T164911Z/layer_8/eval/train/probe_predictions.json",
          "val": "artifacts/probes/mvp/mvp_probe_mlp_jepa_v1_vith16_384_20260508T164911Z/layer_8/eval/val/probe_predictions.json"
        },
        "probe_eval_dir": "artifacts/probes/mvp/mvp_probe_mlp_jepa_v1_vith16_384_20260508T164911Z/layer_8/eval",
        "probe_name": "mlp",
        "reported_splits": [
          "train",
          "val",
          "test"
        ],
        "split_eval_dirs": {
          "test": "artifacts/probes/mvp/mvp_probe_mlp_jepa_v1_vith16_384_20260508T164911Z/layer_8/eval/test",
          "train": "artifacts/probes/mvp/mvp_probe_mlp_jepa_v1_vith16_384_20260508T164911Z/layer_8/eval/train",
          "val": "artifacts/probes/mvp/mvp_probe_mlp_jepa_v1_vith16_384_20260508T164911Z/layer_8/eval/val"
        },
        "split_evals": {
          "test": {
            "base_eval": {
              "metrics": {
                "accuracy": 77.24974721941355,
                "n_pairs": 989,
                "n_samples": 1978,
                "pair_consistency": 59.45399393326593
              },
              "output_dir": "artifacts/probes/mvp/mvp_probe_mlp_jepa_v1_vith16_384_20260508T164911Z/layer_8/eval/test",
              "split_dir": "data/splits/mvp/full_60_20_20"
            },
            "checkpoint": "artifacts/probes/mvp/mvp_probe_mlp_jepa_v1_vith16_384_20260508T164911Z/layer_8/train/trial_0000/probe_best.pt",
            "dataset": "mvp",
            "feature_signature": "0c85b927b43adb1a",
            "metrics": {
              "accuracy": 77.24974721941355,
              "n_pairs": 989,
              "n_samples": 1978,
              "pair_consistency": 59.45399393326593
            },
            "objective_metric": 59.45399393326593,
            "prediction_file": "artifacts/probes/mvp/mvp_probe_mlp_jepa_v1_vith16_384_20260508T164911Z/layer_8/eval/test/probe_predictions.json",
            "probe_eval_dir": "artifacts/probes/mvp/mvp_probe_mlp_jepa_v1_vith16_384_20260508T164911Z/layer_8/eval/test",
            "probe_name": "mlp",
            "split_name": "test"
          },
          "train": {
            "base_eval": {
              "metrics": {
                "accuracy": 95.19392917369308,
                "n_pairs": 2965,
                "n_samples": 5930,
                "pair_consistency": 90.38785834738617
              },
              "output_dir": "artifacts/probes/mvp/mvp_probe_mlp_jepa_v1_vith16_384_20260508T164911Z/layer_8/eval/train",
              "split_dir": "data/splits/mvp/full_60_20_20"
            },
            "checkpoint": "artifacts/probes/mvp/mvp_probe_mlp_jepa_v1_vith16_384_20260508T164911Z/layer_8/train/trial_0000/probe_best.pt",
            "dataset": "mvp",
            "feature_signature": "0c85b927b43adb1a",
            "metrics": {
              "accuracy": 95.19392917369308,
              "n_pairs": 2965,
              "n_samples": 5930,
              "pair_consistency": 90.38785834738617
            },
            "objective_metric": 90.38785834738617,
            "prediction_file": "artifacts/probes/mvp/mvp_probe_mlp_jepa_v1_vith16_384_20260508T164911Z/layer_8/eval/train/probe_predictions.json",
            "probe_eval_dir": "artifacts/probes/mvp/mvp_probe_mlp_jepa_v1_vith16_384_20260508T164911Z/layer_8/eval/train",
            "probe_name": "mlp",
            "split_name": "train"
          },
          "val": {
            "base_eval": {
              "metrics": {
                "accuracy": 77.75530839231547,
                "n_pairs": 989,
                "n_samples": 1978,
                "pair_consistency": 59.85844287158746
              },
              "output_dir": "artifacts/probes/mvp/mvp_probe_mlp_jepa_v1_vith16_384_20260508T164911Z/layer_8/eval/val",
              "split_dir": "data/splits/mvp/full_60_20_20"
            },
            "checkpoint": "artifacts/probes/mvp/mvp_probe_mlp_jepa_v1_vith16_384_20260508T164911Z/layer_8/train/trial_0000/probe_best.pt",
            "dataset": "mvp",
            "feature_signature": "0c85b927b43adb1a",
            "metrics": {
              "accuracy": 77.75530839231547,
              "n_pairs": 989,
              "n_samples": 1978,
              "pair_consistency": 59.85844287158746
            },
            "objective_metric": 59.85844287158746,
            "prediction_file": "artifacts/probes/mvp/mvp_probe_mlp_jepa_v1_vith16_384_20260508T164911Z/layer_8/eval/val/probe_predictions.json",
            "probe_eval_dir": "artifacts/probes/mvp/mvp_probe_mlp_jepa_v1_vith16_384_20260508T164911Z/layer_8/eval/val",
            "probe_name": "mlp",
            "split_name": "val"
          }
        },
        "split_name": "test"
      },
      "layer": 8,
      "layer_label": "8",
      "objective_metric": 59.45399393326593,
      "train": {
        "best_checkpoint": "artifacts/probes/mvp/mvp_probe_mlp_jepa_v1_vith16_384_20260508T164911Z/layer_8/train/trial_0000/probe_best.pt",
        "best_eval_output_dir": "artifacts/probes/mvp/mvp_probe_mlp_jepa_v1_vith16_384_20260508T164911Z/layer_8/train/trial_0000/val_eval",
        "best_output_dir": "artifacts/probes/mvp/mvp_probe_mlp_jepa_v1_vith16_384_20260508T164911Z/layer_8/train/trial_0000",
        "best_params": {
          "batch_size": 32,
          "dropout": 0.21597250932105788,
          "epochs": 2000,
          "hidden_dims": "256",
          "lr": 0.0001329291894316216,
          "weight_decay": 0.005061576888752304
        },
        "best_trial_number": 0,
        "best_value": 59.85844287158746,
        "checkpoint": "artifacts/probes/mvp/mvp_probe_mlp_jepa_v1_vith16_384_20260508T164911Z/layer_8/train/trial_0000/probe_best.pt",
        "dataset": "mvp",
        "direction": "maximize",
        "layer": 8,
        "n_trials": 20,
        "objective_metric": "pair_consistency",
        "output_dir": "artifacts/probes/mvp/mvp_probe_mlp_jepa_v1_vith16_384_20260508T164911Z/layer_8/train",
        "probe_name": "mlp",
        "storage": "sqlite:////gpfs/home3/scur0511/Probe4Physics/artifacts/probes/mvp/mvp_probe_mlp_jepa_v1_vith16_384_20260508T164911Z/layer_8/train/optuna_study.sqlite3",
        "study_name": "mvp_mlp_jepa_v1_vith16_384_layer_8",
        "trials": [
          {
            "checkpoint": "artifacts/probes/mvp/mvp_probe_mlp_jepa_v1_vith16_384_20260508T164911Z/layer_8/train/trial_0000/probe_best.pt",
            "eval_output_dir": "artifacts/probes/mvp/mvp_probe_mlp_jepa_v1_vith16_384_20260508T164911Z/layer_8/train/trial_0000/val_eval",
            "output_dir": "artifacts/probes/mvp/mvp_probe_mlp_jepa_v1_vith16_384_20260508T164911Z/layer_8/train/trial_0000",
            "params": {
              "batch_size": 32,
              "dropout": 0.21597250932105788,
              "epochs": 2000,
              "hidden_dims": "256",
              "lr": 0.0001329291894316216,
              "weight_decay": 0.005061576888752304
            },
            "trial_number": 0,
            "value": 59.85844287158746
          },
          {
            "checkpoint": "artifacts/probes/mvp/mvp_probe_mlp_jepa_v1_vith16_384_20260508T164911Z/layer_8/train/trial_0001/probe_best.pt",
            "eval_output_dir": "artifacts/probes/mvp/mvp_probe_mlp_jepa_v1_vith16_384_20260508T164911Z/layer_8/train/trial_0001/val_eval",
            "output_dir": "artifacts/probes/mvp/mvp_probe_mlp_jepa_v1_vith16_384_20260508T164911Z/layer_8/train/trial_0001",
            "params": {
              "batch_size": 256,
              "dropout": 0.048836057003191935,
              "epochs": 20,
              "hidden_dims": "512x256",
              "lr": 7.476312062252303e-05,
              "weight_decay": 4.689400963537693e-05
            },
            "trial_number": 1,
            "value": 20.930232558139537
          },
          {
            "checkpoint": "artifacts/probes/mvp/mvp_probe_mlp_jepa_v1_vith16_384_20260508T164911Z/layer_8/train/trial_0002/probe_best.pt",
            "eval_output_dir": "artifacts/probes/mvp/mvp_probe_mlp_jepa_v1_vith16_384_20260508T164911Z/layer_8/train/trial_0002/val_eval",
            "output_dir": "artifacts/probes/mvp/mvp_probe_mlp_jepa_v1_vith16_384_20260508T164911Z/layer_8/train/trial_0002",
            "params": {
              "batch_size": 256,
              "dropout": 0.04424625102595975,
              "epochs": 50,
              "hidden_dims": "256",
              "lr": 0.0011290133559092666,
              "weight_decay": 4.374364439939069e-06
            },
            "trial_number": 2,
            "value": 26.188068756319517
          },
          {
            "checkpoint": "artifacts/probes/mvp/mvp_probe_mlp_jepa_v1_vith16_384_20260508T164911Z/layer_8/train/trial_0006/probe_best.pt",
            "eval_output_dir": "artifacts/probes/mvp/mvp_probe_mlp_jepa_v1_vith16_384_20260508T164911Z/layer_8/train/trial_0006/val_eval",
            "output_dir": "artifacts/probes/mvp/mvp_probe_mlp_jepa_v1_vith16_384_20260508T164911Z/layer_8/train/trial_0006",
            "params": {
              "batch_size": 128,
              "dropout": 0.0599326836668414,
              "epochs": 50,
              "hidden_dims": "512",
              "lr": 0.000794714742465374,
              "weight_decay": 0.0016934155410667966
            },
            "trial_number": 6,
            "value": 35.38928210313448
          },
          {
            "checkpoint": "artifacts/probes/mvp/mvp_probe_mlp_jepa_v1_vith16_384_20260508T164911Z/layer_8/train/trial_0007/probe_best.pt",
            "eval_output_dir": "artifacts/probes/mvp/mvp_probe_mlp_jepa_v1_vith16_384_20260508T164911Z/layer_8/train/trial_0007/val_eval",
            "output_dir": "artifacts/probes/mvp/mvp_probe_mlp_jepa_v1_vith16_384_20260508T164911Z/layer_8/train/trial_0007",
            "params": {
              "batch_size": 128,
              "dropout": 0.11978094533348621,
              "epochs": 20,
              "hidden_dims": "1024x512x1024",
              "lr": 0.00010300196600986775,
              "weight_decay": 0.0045442082254883295
            },
            "trial_number": 7,
            "value": 21.840242669362993
          },
          {
            "checkpoint": "artifacts/probes/mvp/mvp_probe_mlp_jepa_v1_vith16_384_20260508T164911Z/layer_8/train/trial_0008/probe_best.pt",
            "eval_output_dir": "artifacts/probes/mvp/mvp_probe_mlp_jepa_v1_vith16_384_20260508T164911Z/layer_8/train/trial_0008/val_eval",
            "output_dir": "artifacts/probes/mvp/mvp_probe_mlp_jepa_v1_vith16_384_20260508T164911Z/layer_8/train/trial_0008",
            "params": {
              "batch_size": 32,
              "dropout": 0.3387821809211412,
              "epochs": 50,
              "hidden_dims": "512",
              "lr": 2.7207248059486674e-05,
              "weight_decay": 8.64403589520682e-06
            },
            "trial_number": 8,
            "value": 32.0525783619818
          },
          {
            "checkpoint": "artifacts/probes/mvp/mvp_probe_mlp_jepa_v1_vith16_384_20260508T164911Z/layer_8/train/trial_0009/probe_best.pt",
            "eval_output_dir": "artifacts/probes/mvp/mvp_probe_mlp_jepa_v1_vith16_384_20260508T164911Z/layer_8/train/trial_0009/val_eval",
            "output_dir": "artifacts/probes/mvp/mvp_probe_mlp_jepa_v1_vith16_384_20260508T164911Z/layer_8/train/trial_0009",
            "params": {
              "batch_size": 256,
              "dropout": 0.12092614545022584,
              "epochs": 50,
              "hidden_dims": "256",
              "lr": 1.1214075785991125e-05,
              "weight_decay": 1.1818390883060214e-05
            },
            "trial_number": 9,
            "value": 22.548028311425682
          },
          {
            "checkpoint": "artifacts/probes/mvp/mvp_probe_mlp_jepa_v1_vith16_384_20260508T164911Z/layer_8/train/trial_0016/probe_best.pt",
            "eval_output_dir": "artifacts/probes/mvp/mvp_probe_mlp_jepa_v1_vith16_384_20260508T164911Z/layer_8/train/trial_0016/val_eval",
            "output_dir": "artifacts/probes/mvp/mvp_probe_mlp_jepa_v1_vith16_384_20260508T164911Z/layer_8/train/trial_0016",
            "params": {
              "batch_size": 128,
              "dropout": 0.016755558826512106,
              "epochs": 50,
              "hidden_dims": "512x256",
              "lr": 0.0006565628534662934,
              "weight_decay": 0.0014835106272763968
            },
            "trial_number": 16,
            "value": 30.940343781597573
          },
          {
            "checkpoint": "artifacts/probes/mvp/mvp_probe_mlp_jepa_v1_vith16_384_20260508T164911Z/layer_8/train/trial_0019/probe_best.pt",
            "eval_output_dir": "artifacts/probes/mvp/mvp_probe_mlp_jepa_v1_vith16_384_20260508T164911Z/layer_8/train/trial_0019/val_eval",
            "output_dir": "artifacts/probes/mvp/mvp_probe_mlp_jepa_v1_vith16_384_20260508T164911Z/layer_8/train/trial_0019",
            "params": {
              "batch_size": 128,
              "dropout": 0.2884745869448389,
              "epochs": 50,
              "hidden_dims": "512",
              "lr": 0.0027623800704545468,
              "weight_decay": 6.867691807016495e-05
            },
            "trial_number": 19,
            "value": 29.01921132457027
          }
        ]
      }
    },
    {
      "checkpoint": "artifacts/probes/mvp/mvp_probe_mlp_jepa_v1_vith16_384_20260508T164911Z/layer_16/train/trial_0000/probe_best.pt",
      "eval": {
        "base_eval": {
          "metrics": {
            "accuracy": 83.72093023255815,
            "n_pairs": 989,
            "n_samples": 1978,
            "pair_consistency": 70.17189079878665
          },
          "output_dir": "artifacts/probes/mvp/mvp_probe_mlp_jepa_v1_vith16_384_20260508T164911Z/layer_16/eval/test",
          "split_dir": "data/splits/mvp/full_60_20_20"
        },
        "checkpoint": "artifacts/probes/mvp/mvp_probe_mlp_jepa_v1_vith16_384_20260508T164911Z/layer_16/train/trial_0000/probe_best.pt",
        "dataset": "mvp",
        "feature_signature": "0c85b927b43adb1a",
        "metrics": {
          "accuracy": 83.72093023255815,
          "n_pairs": 989,
          "n_samples": 1978,
          "pair_consistency": 70.17189079878665
        },
        "metrics_by_split": {
          "test": {
            "accuracy": 83.72093023255815,
            "n_pairs": 989,
            "n_samples": 1978,
            "pair_consistency": 70.17189079878665
          },
          "train": {
            "accuracy": 99.22428330522766,
            "n_pairs": 2965,
            "n_samples": 5930,
            "pair_consistency": 98.44856661045532
          },
          "val": {
            "accuracy": 85.33872598584429,
            "n_pairs": 989,
            "n_samples": 1978,
            "pair_consistency": 72.80080889787665
          }
        },
        "objective_metric": 70.17189079878665,
        "prediction_file": "artifacts/probes/mvp/mvp_probe_mlp_jepa_v1_vith16_384_20260508T164911Z/layer_16/eval/test/probe_predictions.json",
        "prediction_files": {
          "test": "artifacts/probes/mvp/mvp_probe_mlp_jepa_v1_vith16_384_20260508T164911Z/layer_16/eval/test/probe_predictions.json",
          "train": "artifacts/probes/mvp/mvp_probe_mlp_jepa_v1_vith16_384_20260508T164911Z/layer_16/eval/train/probe_predictions.json",
          "val": "artifacts/probes/mvp/mvp_probe_mlp_jepa_v1_vith16_384_20260508T164911Z/layer_16/eval/val/probe_predictions.json"
        },
        "probe_eval_dir": "artifacts/probes/mvp/mvp_probe_mlp_jepa_v1_vith16_384_20260508T164911Z/layer_16/eval",
        "probe_name": "mlp",
        "reported_splits": [
          "train",
          "val",
          "test"
        ],
        "split_eval_dirs": {
          "test": "artifacts/probes/mvp/mvp_probe_mlp_jepa_v1_vith16_384_20260508T164911Z/layer_16/eval/test",
          "train": "artifacts/probes/mvp/mvp_probe_mlp_jepa_v1_vith16_384_20260508T164911Z/layer_16/eval/train",
          "val": "artifacts/probes/mvp/mvp_probe_mlp_jepa_v1_vith16_384_20260508T164911Z/layer_16/eval/val"
        },
        "split_evals": {
          "test": {
            "base_eval": {
              "metrics": {
                "accuracy": 83.72093023255815,
                "n_pairs": 989,
                "n_samples": 1978,
                "pair_consistency": 70.17189079878665
              },
              "output_dir": "artifacts/probes/mvp/mvp_probe_mlp_jepa_v1_vith16_384_20260508T164911Z/layer_16/eval/test",
              "split_dir": "data/splits/mvp/full_60_20_20"
            },
            "checkpoint": "artifacts/probes/mvp/mvp_probe_mlp_jepa_v1_vith16_384_20260508T164911Z/layer_16/train/trial_0000/probe_best.pt",
            "dataset": "mvp",
            "feature_signature": "0c85b927b43adb1a",
            "metrics": {
              "accuracy": 83.72093023255815,
              "n_pairs": 989,
              "n_samples": 1978,
              "pair_consistency": 70.17189079878665
            },
            "objective_metric": 70.17189079878665,
            "prediction_file": "artifacts/probes/mvp/mvp_probe_mlp_jepa_v1_vith16_384_20260508T164911Z/layer_16/eval/test/probe_predictions.json",
            "probe_eval_dir": "artifacts/probes/mvp/mvp_probe_mlp_jepa_v1_vith16_384_20260508T164911Z/layer_16/eval/test",
            "probe_name": "mlp",
            "split_name": "test"
          },
          "train": {
            "base_eval": {
              "metrics": {
                "accuracy": 99.22428330522766,
                "n_pairs": 2965,
                "n_samples": 5930,
                "pair_consistency": 98.44856661045532
              },
              "output_dir": "artifacts/probes/mvp/mvp_probe_mlp_jepa_v1_vith16_384_20260508T164911Z/layer_16/eval/train",
              "split_dir": "data/splits/mvp/full_60_20_20"
            },
            "checkpoint": "artifacts/probes/mvp/mvp_probe_mlp_jepa_v1_vith16_384_20260508T164911Z/layer_16/train/trial_0000/probe_best.pt",
            "dataset": "mvp",
            "feature_signature": "0c85b927b43adb1a",
            "metrics": {
              "accuracy": 99.22428330522766,
              "n_pairs": 2965,
              "n_samples": 5930,
              "pair_consistency": 98.44856661045532
            },
            "objective_metric": 98.44856661045532,
            "prediction_file": "artifacts/probes/mvp/mvp_probe_mlp_jepa_v1_vith16_384_20260508T164911Z/layer_16/eval/train/probe_predictions.json",
            "probe_eval_dir": "artifacts/probes/mvp/mvp_probe_mlp_jepa_v1_vith16_384_20260508T164911Z/layer_16/eval/train",
            "probe_name": "mlp",
            "split_name": "train"
          },
          "val": {
            "base_eval": {
              "metrics": {
                "accuracy": 85.33872598584429,
                "n_pairs": 989,
                "n_samples": 1978,
                "pair_consistency": 72.80080889787665
              },
              "output_dir": "artifacts/probes/mvp/mvp_probe_mlp_jepa_v1_vith16_384_20260508T164911Z/layer_16/eval/val",
              "split_dir": "data/splits/mvp/full_60_20_20"
            },
            "checkpoint": "artifacts/probes/mvp/mvp_probe_mlp_jepa_v1_vith16_384_20260508T164911Z/layer_16/train/trial_0000/probe_best.pt",
            "dataset": "mvp",
            "feature_signature": "0c85b927b43adb1a",
            "metrics": {
              "accuracy": 85.33872598584429,
              "n_pairs": 989,
              "n_samples": 1978,
              "pair_consistency": 72.80080889787665
            },
            "objective_metric": 72.80080889787665,
            "prediction_file": "artifacts/probes/mvp/mvp_probe_mlp_jepa_v1_vith16_384_20260508T164911Z/layer_16/eval/val/probe_predictions.json",
            "probe_eval_dir": "artifacts/probes/mvp/mvp_probe_mlp_jepa_v1_vith16_384_20260508T164911Z/layer_16/eval/val",
            "probe_name": "mlp",
            "split_name": "val"
          }
        },
        "split_name": "test"
      },
      "layer": 16,
      "layer_label": "16",
      "objective_metric": 70.17189079878665,
      "train": {
        "best_checkpoint": "artifacts/probes/mvp/mvp_probe_mlp_jepa_v1_vith16_384_20260508T164911Z/layer_16/train/trial_0000/probe_best.pt",
        "best_eval_output_dir": "artifacts/probes/mvp/mvp_probe_mlp_jepa_v1_vith16_384_20260508T164911Z/layer_16/train/trial_0000/val_eval",
        "best_output_dir": "artifacts/probes/mvp/mvp_probe_mlp_jepa_v1_vith16_384_20260508T164911Z/layer_16/train/trial_0000",
        "best_params": {
          "batch_size": 32,
          "dropout": 0.21597250932105788,
          "epochs": 2000,
          "hidden_dims": "256",
          "lr": 0.0001329291894316216,
          "weight_decay": 0.005061576888752304
        },
        "best_trial_number": 0,
        "best_value": 72.80080889787665,
        "checkpoint": "artifacts/probes/mvp/mvp_probe_mlp_jepa_v1_vith16_384_20260508T164911Z/layer_16/train/trial_0000/probe_best.pt",
        "dataset": "mvp",
        "direction": "maximize",
        "layer": 16,
        "n_trials": 20,
        "objective_metric": "pair_consistency",
        "output_dir": "artifacts/probes/mvp/mvp_probe_mlp_jepa_v1_vith16_384_20260508T164911Z/layer_16/train",
        "probe_name": "mlp",
        "storage": "sqlite:////gpfs/home3/scur0511/Probe4Physics/artifacts/probes/mvp/mvp_probe_mlp_jepa_v1_vith16_384_20260508T164911Z/layer_16/train/optuna_study.sqlite3",
        "study_name": "mvp_mlp_jepa_v1_vith16_384_layer_16",
        "trials": [
          {
            "checkpoint": "artifacts/probes/mvp/mvp_probe_mlp_jepa_v1_vith16_384_20260508T164911Z/layer_16/train/trial_0000/probe_best.pt",
            "eval_output_dir": "artifacts/probes/mvp/mvp_probe_mlp_jepa_v1_vith16_384_20260508T164911Z/layer_16/train/trial_0000/val_eval",
            "output_dir": "artifacts/probes/mvp/mvp_probe_mlp_jepa_v1_vith16_384_20260508T164911Z/layer_16/train/trial_0000",
            "params": {
              "batch_size": 32,
              "dropout": 0.21597250932105788,
              "epochs": 2000,
              "hidden_dims": "256",
              "lr": 0.0001329291894316216,
              "weight_decay": 0.005061576888752304
            },
            "trial_number": 0,
            "value": 72.80080889787665
          },
          {
            "checkpoint": "artifacts/probes/mvp/mvp_probe_mlp_jepa_v1_vith16_384_20260508T164911Z/layer_16/train/trial_0001/probe_best.pt",
            "eval_output_dir": "artifacts/probes/mvp/mvp_probe_mlp_jepa_v1_vith16_384_20260508T164911Z/layer_16/train/trial_0001/val_eval",
            "output_dir": "artifacts/probes/mvp/mvp_probe_mlp_jepa_v1_vith16_384_20260508T164911Z/layer_16/train/trial_0001",
            "params": {
              "batch_size": 256,
              "dropout": 0.048836057003191935,
              "epochs": 20,
              "hidden_dims": "512x256",
              "lr": 7.476312062252303e-05,
              "weight_decay": 4.689400963537693e-05
            },
            "trial_number": 1,
            "value": 33.46814964610718
          },
          {
            "checkpoint": "artifacts/probes/mvp/mvp_probe_mlp_jepa_v1_vith16_384_20260508T164911Z/layer_16/train/trial_0002/probe_best.pt",
            "eval_output_dir": "artifacts/probes/mvp/mvp_probe_mlp_jepa_v1_vith16_384_20260508T164911Z/layer_16/train/trial_0002/val_eval",
            "output_dir": "artifacts/probes/mvp/mvp_probe_mlp_jepa_v1_vith16_384_20260508T164911Z/layer_16/train/trial_0002",
            "params": {
              "batch_size": 256,
              "dropout": 0.04424625102595975,
              "epochs": 50,
              "hidden_dims": "256",
              "lr": 0.0011290133559092666,
              "weight_decay": 4.374364439939069e-06
            },
            "trial_number": 2,
            "value": 37.2093023255814
          },
          {
            "checkpoint": "artifacts/probes/mvp/mvp_probe_mlp_jepa_v1_vith16_384_20260508T164911Z/layer_16/train/trial_0006/probe_best.pt",
            "eval_output_dir": "artifacts/probes/mvp/mvp_probe_mlp_jepa_v1_vith16_384_20260508T164911Z/layer_16/train/trial_0006/val_eval",
            "output_dir": "artifacts/probes/mvp/mvp_probe_mlp_jepa_v1_vith16_384_20260508T164911Z/layer_16/train/trial_0006",
            "params": {
              "batch_size": 128,
              "dropout": 0.0599326836668414,
              "epochs": 50,
              "hidden_dims": "512",
              "lr": 0.000794714742465374,
              "weight_decay": 0.0016934155410667966
            },
            "trial_number": 6,
            "value": 41.6582406471183
          },
          {
            "checkpoint": "artifacts/probes/mvp/mvp_probe_mlp_jepa_v1_vith16_384_20260508T164911Z/layer_16/train/trial_0007/probe_best.pt",
            "eval_output_dir": "artifacts/probes/mvp/mvp_probe_mlp_jepa_v1_vith16_384_20260508T164911Z/layer_16/train/trial_0007/val_eval",
            "output_dir": "artifacts/probes/mvp/mvp_probe_mlp_jepa_v1_vith16_384_20260508T164911Z/layer_16/train/trial_0007",
            "params": {
              "batch_size": 128,
              "dropout": 0.11978094533348621,
              "epochs": 20,
              "hidden_dims": "1024x512x1024",
              "lr": 0.00010300196600986775,
              "weight_decay": 0.0045442082254883295
            },
            "trial_number": 7,
            "value": 29.828109201213348
          },
          {
            "checkpoint": "artifacts/probes/mvp/mvp_probe_mlp_jepa_v1_vith16_384_20260508T164911Z/layer_16/train/trial_0008/probe_best.pt",
            "eval_output_dir": "artifacts/probes/mvp/mvp_probe_mlp_jepa_v1_vith16_384_20260508T164911Z/layer_16/train/trial_0008/val_eval",
            "output_dir": "artifacts/probes/mvp/mvp_probe_mlp_jepa_v1_vith16_384_20260508T164911Z/layer_16/train/trial_0008",
            "params": {
              "batch_size": 32,
              "dropout": 0.3387821809211412,
              "epochs": 50,
              "hidden_dims": "512",
              "lr": 2.7207248059486674e-05,
              "weight_decay": 8.64403589520682e-06
            },
            "trial_number": 8,
            "value": 40.647118301314464
          },
          {
            "checkpoint": "artifacts/probes/mvp/mvp_probe_mlp_jepa_v1_vith16_384_20260508T164911Z/layer_16/train/trial_0009/probe_best.pt",
            "eval_output_dir": "artifacts/probes/mvp/mvp_probe_mlp_jepa_v1_vith16_384_20260508T164911Z/layer_16/train/trial_0009/val_eval",
            "output_dir": "artifacts/probes/mvp/mvp_probe_mlp_jepa_v1_vith16_384_20260508T164911Z/layer_16/train/trial_0009",
            "params": {
              "batch_size": 256,
              "dropout": 0.12092614545022584,
              "epochs": 50,
              "hidden_dims": "256",
              "lr": 1.1214075785991125e-05,
              "weight_decay": 1.1818390883060214e-05
            },
            "trial_number": 9,
            "value": 25.581395348837212
          },
          {
            "checkpoint": "artifacts/probes/mvp/mvp_probe_mlp_jepa_v1_vith16_384_20260508T164911Z/layer_16/train/trial_0011/probe_best.pt",
            "eval_output_dir": "artifacts/probes/mvp/mvp_probe_mlp_jepa_v1_vith16_384_20260508T164911Z/layer_16/train/trial_0011/val_eval",
            "output_dir": "artifacts/probes/mvp/mvp_probe_mlp_jepa_v1_vith16_384_20260508T164911Z/layer_16/train/trial_0011",
            "params": {
              "batch_size": 32,
              "dropout": 0.23036595192387704,
              "epochs": 100,
              "hidden_dims": "1024",
              "lr": 0.000381663861962904,
              "weight_decay": 0.00821160806524291
            },
            "trial_number": 11,
            "value": 46.61274014155713
          },
          {
            "checkpoint": "artifacts/probes/mvp/mvp_probe_mlp_jepa_v1_vith16_384_20260508T164911Z/layer_16/train/trial_0012/probe_best.pt",
            "eval_output_dir": "artifacts/probes/mvp/mvp_probe_mlp_jepa_v1_vith16_384_20260508T164911Z/layer_16/train/trial_0012/val_eval",
            "output_dir": "artifacts/probes/mvp/mvp_probe_mlp_jepa_v1_vith16_384_20260508T164911Z/layer_16/train/trial_0012",
            "params": {
              "batch_size": 32,
              "dropout": 0.2403404633740749,
              "epochs": 100,
              "hidden_dims": "1024",
              "lr": 0.00025735031695662674,
              "weight_decay": 0.008946810000979412
            },
            "trial_number": 12,
            "value": 46.51162790697674
          },
          {
            "checkpoint": "artifacts/probes/mvp/mvp_probe_mlp_jepa_v1_vith16_384_20260508T164911Z/layer_16/train/trial_0013/probe_best.pt",
            "eval_output_dir": "artifacts/probes/mvp/mvp_probe_mlp_jepa_v1_vith16_384_20260508T164911Z/layer_16/train/trial_0013/val_eval",
            "output_dir": "artifacts/probes/mvp/mvp_probe_mlp_jepa_v1_vith16_384_20260508T164911Z/layer_16/train/trial_0013",
            "params": {
              "batch_size": 32,
              "dropout": 0.17669806916348033,
              "epochs": 100,
              "hidden_dims": "1024",
              "lr": 0.000159754267808109,
              "weight_decay": 0.0003465800417093877
            },
            "trial_number": 13,
            "value": 48.129423660262894
          },
          {
            "checkpoint": "artifacts/probes/mvp/mvp_probe_mlp_jepa_v1_vith16_384_20260508T164911Z/layer_16/train/trial_0016/probe_best.pt",
            "eval_output_dir": "artifacts/probes/mvp/mvp_probe_mlp_jepa_v1_vith16_384_20260508T164911Z/layer_16/train/trial_0016/val_eval",
            "output_dir": "artifacts/probes/mvp/mvp_probe_mlp_jepa_v1_vith16_384_20260508T164911Z/layer_16/train/trial_0016",
            "params": {
              "batch_size": 32,
              "dropout": 0.3015279561241755,
              "epochs": 100,
              "hidden_dims": "512x256",
              "lr": 2.9686604307577442e-05,
              "weight_decay": 6.617254002900422e-07
            },
            "trial_number": 16,
            "value": 46.30940343781597
          },
          {
            "checkpoint": "artifacts/probes/mvp/mvp_probe_mlp_jepa_v1_vith16_384_20260508T164911Z/layer_16/train/trial_0019/probe_best.pt",
            "eval_output_dir": "artifacts/probes/mvp/mvp_probe_mlp_jepa_v1_vith16_384_20260508T164911Z/layer_16/train/trial_0019/val_eval",
            "output_dir": "artifacts/probes/mvp/mvp_probe_mlp_jepa_v1_vith16_384_20260508T164911Z/layer_16/train/trial_0019",
            "params": {
              "batch_size": 64,
              "dropout": 0.1700709346815521,
              "epochs": 100,
              "hidden_dims": "1024",
              "lr": 0.0027623800704545468,
              "weight_decay": 0.0013550362932783224
            },
            "trial_number": 19,
            "value": 51.76946410515673
          }
        ]
      }
    },
    {
      "checkpoint": "artifacts/probes/mvp/mvp_probe_mlp_jepa_v1_vith16_384_20260508T164911Z/layer_24/train/trial_0017/probe_best.pt",
      "eval": {
        "base_eval": {
          "metrics": {
            "accuracy": 93.02325581395348,
            "n_pairs": 989,
            "n_samples": 1978,
            "pair_consistency": 86.85540950455005
          },
          "output_dir": "artifacts/probes/mvp/mvp_probe_mlp_jepa_v1_vith16_384_20260508T164911Z/layer_24/eval/test",
          "split_dir": "data/splits/mvp/full_60_20_20"
        },
        "checkpoint": "artifacts/probes/mvp/mvp_probe_mlp_jepa_v1_vith16_384_20260508T164911Z/layer_24/train/trial_0017/probe_best.pt",
        "dataset": "mvp",
        "feature_signature": "0c85b927b43adb1a",
        "metrics": {
          "accuracy": 93.02325581395348,
          "n_pairs": 989,
          "n_samples": 1978,
          "pair_consistency": 86.85540950455005
        },
        "metrics_by_split": {
          "test": {
            "accuracy": 93.02325581395348,
            "n_pairs": 989,
            "n_samples": 1978,
            "pair_consistency": 86.85540950455005
          },
          "train": {
            "accuracy": 100.0,
            "n_pairs": 2965,
            "n_samples": 5930,
            "pair_consistency": 100.0
          },
          "val": {
            "accuracy": 94.8938321536906,
            "n_pairs": 989,
            "n_samples": 1978,
            "pair_consistency": 90.79878665318503
          }
        },
        "objective_metric": 86.85540950455005,
        "prediction_file": "artifacts/probes/mvp/mvp_probe_mlp_jepa_v1_vith16_384_20260508T164911Z/layer_24/eval/test/probe_predictions.json",
        "prediction_files": {
          "test": "artifacts/probes/mvp/mvp_probe_mlp_jepa_v1_vith16_384_20260508T164911Z/layer_24/eval/test/probe_predictions.json",
          "train": "artifacts/probes/mvp/mvp_probe_mlp_jepa_v1_vith16_384_20260508T164911Z/layer_24/eval/train/probe_predictions.json",
          "val": "artifacts/probes/mvp/mvp_probe_mlp_jepa_v1_vith16_384_20260508T164911Z/layer_24/eval/val/probe_predictions.json"
        },
        "probe_eval_dir": "artifacts/probes/mvp/mvp_probe_mlp_jepa_v1_vith16_384_20260508T164911Z/layer_24/eval",
        "probe_name": "mlp",
        "reported_splits": [
          "train",
          "val",
          "test"
        ],
        "split_eval_dirs": {
          "test": "artifacts/probes/mvp/mvp_probe_mlp_jepa_v1_vith16_384_20260508T164911Z/layer_24/eval/test",
          "train": "artifacts/probes/mvp/mvp_probe_mlp_jepa_v1_vith16_384_20260508T164911Z/layer_24/eval/train",
          "val": "artifacts/probes/mvp/mvp_probe_mlp_jepa_v1_vith16_384_20260508T164911Z/layer_24/eval/val"
        },
        "split_evals": {
          "test": {
            "base_eval": {
              "metrics": {
                "accuracy": 93.02325581395348,
                "n_pairs": 989,
                "n_samples": 1978,
                "pair_consistency": 86.85540950455005
              },
              "output_dir": "artifacts/probes/mvp/mvp_probe_mlp_jepa_v1_vith16_384_20260508T164911Z/layer_24/eval/test",
              "split_dir": "data/splits/mvp/full_60_20_20"
            },
            "checkpoint": "artifacts/probes/mvp/mvp_probe_mlp_jepa_v1_vith16_384_20260508T164911Z/layer_24/train/trial_0017/probe_best.pt",
            "dataset": "mvp",
            "feature_signature": "0c85b927b43adb1a",
            "metrics": {
              "accuracy": 93.02325581395348,
              "n_pairs": 989,
              "n_samples": 1978,
              "pair_consistency": 86.85540950455005
            },
            "objective_metric": 86.85540950455005,
            "prediction_file": "artifacts/probes/mvp/mvp_probe_mlp_jepa_v1_vith16_384_20260508T164911Z/layer_24/eval/test/probe_predictions.json",
            "probe_eval_dir": "artifacts/probes/mvp/mvp_probe_mlp_jepa_v1_vith16_384_20260508T164911Z/layer_24/eval/test",
            "probe_name": "mlp",
            "split_name": "test"
          },
          "train": {
            "base_eval": {
              "metrics": {
                "accuracy": 100.0,
                "n_pairs": 2965,
                "n_samples": 5930,
                "pair_consistency": 100.0
              },
              "output_dir": "artifacts/probes/mvp/mvp_probe_mlp_jepa_v1_vith16_384_20260508T164911Z/layer_24/eval/train",
              "split_dir": "data/splits/mvp/full_60_20_20"
            },
            "checkpoint": "artifacts/probes/mvp/mvp_probe_mlp_jepa_v1_vith16_384_20260508T164911Z/layer_24/train/trial_0017/probe_best.pt",
            "dataset": "mvp",
            "feature_signature": "0c85b927b43adb1a",
            "metrics": {
              "accuracy": 100.0,
              "n_pairs": 2965,
              "n_samples": 5930,
              "pair_consistency": 100.0
            },
            "objective_metric": 100.0,
            "prediction_file": "artifacts/probes/mvp/mvp_probe_mlp_jepa_v1_vith16_384_20260508T164911Z/layer_24/eval/train/probe_predictions.json",
            "probe_eval_dir": "artifacts/probes/mvp/mvp_probe_mlp_jepa_v1_vith16_384_20260508T164911Z/layer_24/eval/train",
            "probe_name": "mlp",
            "split_name": "train"
          },
          "val": {
            "base_eval": {
              "metrics": {
                "accuracy": 94.8938321536906,
                "n_pairs": 989,
                "n_samples": 1978,
                "pair_consistency": 90.79878665318503
              },
              "output_dir": "artifacts/probes/mvp/mvp_probe_mlp_jepa_v1_vith16_384_20260508T164911Z/layer_24/eval/val",
              "split_dir": "data/splits/mvp/full_60_20_20"
            },
            "checkpoint": "artifacts/probes/mvp/mvp_probe_mlp_jepa_v1_vith16_384_20260508T164911Z/layer_24/train/trial_0017/probe_best.pt",
            "dataset": "mvp",
            "feature_signature": "0c85b927b43adb1a",
            "metrics": {
              "accuracy": 94.8938321536906,
              "n_pairs": 989,
              "n_samples": 1978,
              "pair_consistency": 90.79878665318503
            },
            "objective_metric": 90.79878665318503,
            "prediction_file": "artifacts/probes/mvp/mvp_probe_mlp_jepa_v1_vith16_384_20260508T164911Z/layer_24/eval/val/probe_predictions.json",
            "probe_eval_dir": "artifacts/probes/mvp/mvp_probe_mlp_jepa_v1_vith16_384_20260508T164911Z/layer_24/eval/val",
            "probe_name": "mlp",
            "split_name": "val"
          }
        },
        "split_name": "test"
      },
      "layer": 24,
      "layer_label": "24",
      "objective_metric": 86.85540950455005,
      "train": {
        "best_checkpoint": "artifacts/probes/mvp/mvp_probe_mlp_jepa_v1_vith16_384_20260508T164911Z/layer_24/train/trial_0017/probe_best.pt",
        "best_eval_output_dir": "artifacts/probes/mvp/mvp_probe_mlp_jepa_v1_vith16_384_20260508T164911Z/layer_24/train/trial_0017/val_eval",
        "best_output_dir": "artifacts/probes/mvp/mvp_probe_mlp_jepa_v1_vith16_384_20260508T164911Z/layer_24/train/trial_0017",
        "best_params": {
          "batch_size": 32,
          "dropout": 0.0020188999349553278,
          "epochs": 2000,
          "hidden_dims": "512x256",
          "lr": 0.00017604344110565298,
          "weight_decay": 0.008681319912263964
        },
        "best_trial_number": 17,
        "best_value": 90.79878665318503,
        "checkpoint": "artifacts/probes/mvp/mvp_probe_mlp_jepa_v1_vith16_384_20260508T164911Z/layer_24/train/trial_0017/probe_best.pt",
        "dataset": "mvp",
        "direction": "maximize",
        "layer": 24,
        "n_trials": 20,
        "objective_metric": "pair_consistency",
        "output_dir": "artifacts/probes/mvp/mvp_probe_mlp_jepa_v1_vith16_384_20260508T164911Z/layer_24/train",
        "probe_name": "mlp",
        "storage": "sqlite:////gpfs/home3/scur0511/Probe4Physics/artifacts/probes/mvp/mvp_probe_mlp_jepa_v1_vith16_384_20260508T164911Z/layer_24/train/optuna_study.sqlite3",
        "study_name": "mvp_mlp_jepa_v1_vith16_384_layer_24",
        "trials": [
          {
            "checkpoint": "artifacts/probes/mvp/mvp_probe_mlp_jepa_v1_vith16_384_20260508T164911Z/layer_24/train/trial_0000/probe_best.pt",
            "eval_output_dir": "artifacts/probes/mvp/mvp_probe_mlp_jepa_v1_vith16_384_20260508T164911Z/layer_24/train/trial_0000/val_eval",
            "output_dir": "artifacts/probes/mvp/mvp_probe_mlp_jepa_v1_vith16_384_20260508T164911Z/layer_24/train/trial_0000",
            "params": {
              "batch_size": 32,
              "dropout": 0.21597250932105788,
              "epochs": 2000,
              "hidden_dims": "256",
              "lr": 0.0001329291894316216,
              "weight_decay": 0.005061576888752304
            },
            "trial_number": 0,
            "value": 86.65318503538928
          },
          {
            "checkpoint": "artifacts/probes/mvp/mvp_probe_mlp_jepa_v1_vith16_384_20260508T164911Z/layer_24/train/trial_0001/probe_best.pt",
            "eval_output_dir": "artifacts/probes/mvp/mvp_probe_mlp_jepa_v1_vith16_384_20260508T164911Z/layer_24/train/trial_0001/val_eval",
            "output_dir": "artifacts/probes/mvp/mvp_probe_mlp_jepa_v1_vith16_384_20260508T164911Z/layer_24/train/trial_0001",
            "params": {
              "batch_size": 256,
              "dropout": 0.048836057003191935,
              "epochs": 20,
              "hidden_dims": "512x256",
              "lr": 7.476312062252303e-05,
              "weight_decay": 4.689400963537693e-05
            },
            "trial_number": 1,
            "value": 44.388270980788676
          },
          {
            "checkpoint": "artifacts/probes/mvp/mvp_probe_mlp_jepa_v1_vith16_384_20260508T164911Z/layer_24/train/trial_0002/probe_best.pt",
            "eval_output_dir": "artifacts/probes/mvp/mvp_probe_mlp_jepa_v1_vith16_384_20260508T164911Z/layer_24/train/trial_0002/val_eval",
            "output_dir": "artifacts/probes/mvp/mvp_probe_mlp_jepa_v1_vith16_384_20260508T164911Z/layer_24/train/trial_0002",
            "params": {
              "batch_size": 256,
              "dropout": 0.04424625102595975,
              "epochs": 50,
              "hidden_dims": "256",
              "lr": 0.0011290133559092666,
              "weight_decay": 4.374364439939069e-06
            },
            "trial_number": 2,
            "value": 49.44388270980789
          },
          {
            "checkpoint": "artifacts/probes/mvp/mvp_probe_mlp_jepa_v1_vith16_384_20260508T164911Z/layer_24/train/trial_0006/probe_best.pt",
            "eval_output_dir": "artifacts/probes/mvp/mvp_probe_mlp_jepa_v1_vith16_384_20260508T164911Z/layer_24/train/trial_0006/val_eval",
            "output_dir": "artifacts/probes/mvp/mvp_probe_mlp_jepa_v1_vith16_384_20260508T164911Z/layer_24/train/trial_0006",
            "params": {
              "batch_size": 128,
              "dropout": 0.0599326836668414,
              "epochs": 50,
              "hidden_dims": "512",
              "lr": 0.000794714742465374,
              "weight_decay": 0.0016934155410667966
            },
            "trial_number": 6,
            "value": 50.15166835187057
          },
          {
            "checkpoint": "artifacts/probes/mvp/mvp_probe_mlp_jepa_v1_vith16_384_20260508T164911Z/layer_24/train/trial_0007/probe_best.pt",
            "eval_output_dir": "artifacts/probes/mvp/mvp_probe_mlp_jepa_v1_vith16_384_20260508T164911Z/layer_24/train/trial_0007/val_eval",
            "output_dir": "artifacts/probes/mvp/mvp_probe_mlp_jepa_v1_vith16_384_20260508T164911Z/layer_24/train/trial_0007",
            "params": {
              "batch_size": 128,
              "dropout": 0.11978094533348621,
              "epochs": 20,
              "hidden_dims": "1024x512x1024",
              "lr": 0.00010300196600986775,
              "weight_decay": 0.0045442082254883295
            },
            "trial_number": 7,
            "value": 38.01820020222447
          },
          {
            "checkpoint": "artifacts/probes/mvp/mvp_probe_mlp_jepa_v1_vith16_384_20260508T164911Z/layer_24/train/trial_0008/probe_best.pt",
            "eval_output_dir": "artifacts/probes/mvp/mvp_probe_mlp_jepa_v1_vith16_384_20260508T164911Z/layer_24/train/trial_0008/val_eval",
            "output_dir": "artifacts/probes/mvp/mvp_probe_mlp_jepa_v1_vith16_384_20260508T164911Z/layer_24/train/trial_0008",
            "params": {
              "batch_size": 32,
              "dropout": 0.3387821809211412,
              "epochs": 50,
              "hidden_dims": "512",
              "lr": 2.7207248059486674e-05,
              "weight_decay": 8.64403589520682e-06
            },
            "trial_number": 8,
            "value": 48.53387259858442
          },
          {
            "checkpoint": "artifacts/probes/mvp/mvp_probe_mlp_jepa_v1_vith16_384_20260508T164911Z/layer_24/train/trial_0009/probe_best.pt",
            "eval_output_dir": "artifacts/probes/mvp/mvp_probe_mlp_jepa_v1_vith16_384_20260508T164911Z/layer_24/train/trial_0009/val_eval",
            "output_dir": "artifacts/probes/mvp/mvp_probe_mlp_jepa_v1_vith16_384_20260508T164911Z/layer_24/train/trial_0009",
            "params": {
              "batch_size": 256,
              "dropout": 0.12092614545022584,
              "epochs": 50,
              "hidden_dims": "256",
              "lr": 1.1214075785991125e-05,
              "weight_decay": 1.1818390883060214e-05
            },
            "trial_number": 9,
            "value": 35.38928210313448
          },
          {
            "checkpoint": "artifacts/probes/mvp/mvp_probe_mlp_jepa_v1_vith16_384_20260508T164911Z/layer_24/train/trial_0016/probe_best.pt",
            "eval_output_dir": "artifacts/probes/mvp/mvp_probe_mlp_jepa_v1_vith16_384_20260508T164911Z/layer_24/train/trial_0016/val_eval",
            "output_dir": "artifacts/probes/mvp/mvp_probe_mlp_jepa_v1_vith16_384_20260508T164911Z/layer_24/train/trial_0016",
            "params": {
              "batch_size": 128,
              "dropout": 0.016755558826512106,
              "epochs": 50,
              "hidden_dims": "512x256",
              "lr": 0.0006565628534662934,
              "weight_decay": 0.0014835106272763968
            },
            "trial_number": 16,
            "value": 51.97168857431749
          },
          {
            "checkpoint": "artifacts/probes/mvp/mvp_probe_mlp_jepa_v1_vith16_384_20260508T164911Z/layer_24/train/trial_0017/probe_best.pt",
            "eval_output_dir": "artifacts/probes/mvp/mvp_probe_mlp_jepa_v1_vith16_384_20260508T164911Z/layer_24/train/trial_0017/val_eval",
            "output_dir": "artifacts/probes/mvp/mvp_probe_mlp_jepa_v1_vith16_384_20260508T164911Z/layer_24/train/trial_0017",
            "params": {
              "batch_size": 32,
              "dropout": 0.0020188999349553278,
              "epochs": 2000,
              "hidden_dims": "512x256",
              "lr": 0.00017604344110565298,
              "weight_decay": 0.008681319912263964
            },
            "trial_number": 17,
            "value": 90.79878665318503
          }
        ]
      }
    },
    {
      "checkpoint": "artifacts/probes/mvp/mvp_probe_mlp_jepa_v1_vith16_384_20260508T164911Z/layer_32/train/trial_0017/probe_best.pt",
      "eval": {
        "base_eval": {
          "metrics": {
            "accuracy": 93.02325581395348,
            "n_pairs": 989,
            "n_samples": 1978,
            "pair_consistency": 87.25985844287159
          },
          "output_dir": "artifacts/probes/mvp/mvp_probe_mlp_jepa_v1_vith16_384_20260508T164911Z/layer_32/eval/test",
          "split_dir": "data/splits/mvp/full_60_20_20"
        },
        "checkpoint": "artifacts/probes/mvp/mvp_probe_mlp_jepa_v1_vith16_384_20260508T164911Z/layer_32/train/trial_0017/probe_best.pt",
        "dataset": "mvp",
        "feature_signature": "0c85b927b43adb1a",
        "metrics": {
          "accuracy": 93.02325581395348,
          "n_pairs": 989,
          "n_samples": 1978,
          "pair_consistency": 87.25985844287159
        },
        "metrics_by_split": {
          "test": {
            "accuracy": 93.02325581395348,
            "n_pairs": 989,
            "n_samples": 1978,
            "pair_consistency": 87.25985844287159
          },
          "train": {
            "accuracy": 99.9662731871838,
            "n_pairs": 2965,
            "n_samples": 5930,
            "pair_consistency": 99.93254637436763
          },
          "val": {
            "accuracy": 95.19716885743175,
            "n_pairs": 989,
            "n_samples": 1978,
            "pair_consistency": 91.10212335692619
          }
        },
        "objective_metric": 87.25985844287159,
        "prediction_file": "artifacts/probes/mvp/mvp_probe_mlp_jepa_v1_vith16_384_20260508T164911Z/layer_32/eval/test/probe_predictions.json",
        "prediction_files": {
          "test": "artifacts/probes/mvp/mvp_probe_mlp_jepa_v1_vith16_384_20260508T164911Z/layer_32/eval/test/probe_predictions.json",
          "train": "artifacts/probes/mvp/mvp_probe_mlp_jepa_v1_vith16_384_20260508T164911Z/layer_32/eval/train/probe_predictions.json",
          "val": "artifacts/probes/mvp/mvp_probe_mlp_jepa_v1_vith16_384_20260508T164911Z/layer_32/eval/val/probe_predictions.json"
        },
        "probe_eval_dir": "artifacts/probes/mvp/mvp_probe_mlp_jepa_v1_vith16_384_20260508T164911Z/layer_32/eval",
        "probe_name": "mlp",
        "reported_splits": [
          "train",
          "val",
          "test"
        ],
        "split_eval_dirs": {
          "test": "artifacts/probes/mvp/mvp_probe_mlp_jepa_v1_vith16_384_20260508T164911Z/layer_32/eval/test",
          "train": "artifacts/probes/mvp/mvp_probe_mlp_jepa_v1_vith16_384_20260508T164911Z/layer_32/eval/train",
          "val": "artifacts/probes/mvp/mvp_probe_mlp_jepa_v1_vith16_384_20260508T164911Z/layer_32/eval/val"
        },
        "split_evals": {
          "test": {
            "base_eval": {
              "metrics": {
                "accuracy": 93.02325581395348,
                "n_pairs": 989,
                "n_samples": 1978,
                "pair_consistency": 87.25985844287159
              },
              "output_dir": "artifacts/probes/mvp/mvp_probe_mlp_jepa_v1_vith16_384_20260508T164911Z/layer_32/eval/test",
              "split_dir": "data/splits/mvp/full_60_20_20"
            },
            "checkpoint": "artifacts/probes/mvp/mvp_probe_mlp_jepa_v1_vith16_384_20260508T164911Z/layer_32/train/trial_0017/probe_best.pt",
            "dataset": "mvp",
            "feature_signature": "0c85b927b43adb1a",
            "metrics": {
              "accuracy": 93.02325581395348,
              "n_pairs": 989,
              "n_samples": 1978,
              "pair_consistency": 87.25985844287159
            },
            "objective_metric": 87.25985844287159,
            "prediction_file": "artifacts/probes/mvp/mvp_probe_mlp_jepa_v1_vith16_384_20260508T164911Z/layer_32/eval/test/probe_predictions.json",
            "probe_eval_dir": "artifacts/probes/mvp/mvp_probe_mlp_jepa_v1_vith16_384_20260508T164911Z/layer_32/eval/test",
            "probe_name": "mlp",
            "split_name": "test"
          },
          "train": {
            "base_eval": {
              "metrics": {
                "accuracy": 99.9662731871838,
                "n_pairs": 2965,
                "n_samples": 5930,
                "pair_consistency": 99.93254637436763
              },
              "output_dir": "artifacts/probes/mvp/mvp_probe_mlp_jepa_v1_vith16_384_20260508T164911Z/layer_32/eval/train",
              "split_dir": "data/splits/mvp/full_60_20_20"
            },
            "checkpoint": "artifacts/probes/mvp/mvp_probe_mlp_jepa_v1_vith16_384_20260508T164911Z/layer_32/train/trial_0017/probe_best.pt",
            "dataset": "mvp",
            "feature_signature": "0c85b927b43adb1a",
            "metrics": {
              "accuracy": 99.9662731871838,
              "n_pairs": 2965,
              "n_samples": 5930,
              "pair_consistency": 99.93254637436763
            },
            "objective_metric": 99.93254637436763,
            "prediction_file": "artifacts/probes/mvp/mvp_probe_mlp_jepa_v1_vith16_384_20260508T164911Z/layer_32/eval/train/probe_predictions.json",
            "probe_eval_dir": "artifacts/probes/mvp/mvp_probe_mlp_jepa_v1_vith16_384_20260508T164911Z/layer_32/eval/train",
            "probe_name": "mlp",
            "split_name": "train"
          },
          "val": {
            "base_eval": {
              "metrics": {
                "accuracy": 95.19716885743175,
                "n_pairs": 989,
                "n_samples": 1978,
                "pair_consistency": 91.10212335692619
              },
              "output_dir": "artifacts/probes/mvp/mvp_probe_mlp_jepa_v1_vith16_384_20260508T164911Z/layer_32/eval/val",
              "split_dir": "data/splits/mvp/full_60_20_20"
            },
            "checkpoint": "artifacts/probes/mvp/mvp_probe_mlp_jepa_v1_vith16_384_20260508T164911Z/layer_32/train/trial_0017/probe_best.pt",
            "dataset": "mvp",
            "feature_signature": "0c85b927b43adb1a",
            "metrics": {
              "accuracy": 95.19716885743175,
              "n_pairs": 989,
              "n_samples": 1978,
              "pair_consistency": 91.10212335692619
            },
            "objective_metric": 91.10212335692619,
            "prediction_file": "artifacts/probes/mvp/mvp_probe_mlp_jepa_v1_vith16_384_20260508T164911Z/layer_32/eval/val/probe_predictions.json",
            "probe_eval_dir": "artifacts/probes/mvp/mvp_probe_mlp_jepa_v1_vith16_384_20260508T164911Z/layer_32/eval/val",
            "probe_name": "mlp",
            "split_name": "val"
          }
        },
        "split_name": "test"
      },
      "layer": 32,
      "layer_label": "32",
      "objective_metric": 87.25985844287159,
      "train": {
        "best_checkpoint": "artifacts/probes/mvp/mvp_probe_mlp_jepa_v1_vith16_384_20260508T164911Z/layer_32/train/trial_0017/probe_best.pt",
        "best_eval_output_dir": "artifacts/probes/mvp/mvp_probe_mlp_jepa_v1_vith16_384_20260508T164911Z/layer_32/train/trial_0017/val_eval",
        "best_output_dir": "artifacts/probes/mvp/mvp_probe_mlp_jepa_v1_vith16_384_20260508T164911Z/layer_32/train/trial_0017",
        "best_params": {
          "batch_size": 64,
          "dropout": 0.17501694660620298,
          "epochs": 2000,
          "hidden_dims": "1024x512x256",
          "lr": 0.0006506252713093818,
          "weight_decay": 5.827061512212219e-07
        },
        "best_trial_number": 17,
        "best_value": 91.10212335692619,
        "checkpoint": "artifacts/probes/mvp/mvp_probe_mlp_jepa_v1_vith16_384_20260508T164911Z/layer_32/train/trial_0017/probe_best.pt",
        "dataset": "mvp",
        "direction": "maximize",
        "layer": 32,
        "n_trials": 20,
        "objective_metric": "pair_consistency",
        "output_dir": "artifacts/probes/mvp/mvp_probe_mlp_jepa_v1_vith16_384_20260508T164911Z/layer_32/train",
        "probe_name": "mlp",
        "storage": "sqlite:////gpfs/home3/scur0511/Probe4Physics/artifacts/probes/mvp/mvp_probe_mlp_jepa_v1_vith16_384_20260508T164911Z/layer_32/train/optuna_study.sqlite3",
        "study_name": "mvp_mlp_jepa_v1_vith16_384_layer_32",
        "trials": [
          {
            "checkpoint": "artifacts/probes/mvp/mvp_probe_mlp_jepa_v1_vith16_384_20260508T164911Z/layer_32/train/trial_0000/probe_best.pt",
            "eval_output_dir": "artifacts/probes/mvp/mvp_probe_mlp_jepa_v1_vith16_384_20260508T164911Z/layer_32/train/trial_0000/val_eval",
            "output_dir": "artifacts/probes/mvp/mvp_probe_mlp_jepa_v1_vith16_384_20260508T164911Z/layer_32/train/trial_0000",
            "params": {
              "batch_size": 32,
              "dropout": 0.21597250932105788,
              "epochs": 2000,
              "hidden_dims": "256",
              "lr": 0.0001329291894316216,
              "weight_decay": 0.005061576888752304
            },
            "trial_number": 0,
            "value": 87.1587462082912
          },
          {
            "checkpoint": "artifacts/probes/mvp/mvp_probe_mlp_jepa_v1_vith16_384_20260508T164911Z/layer_32/train/trial_0001/probe_best.pt",
            "eval_output_dir": "artifacts/probes/mvp/mvp_probe_mlp_jepa_v1_vith16_384_20260508T164911Z/layer_32/train/trial_0001/val_eval",
            "output_dir": "artifacts/probes/mvp/mvp_probe_mlp_jepa_v1_vith16_384_20260508T164911Z/layer_32/train/trial_0001",
            "params": {
              "batch_size": 256,
              "dropout": 0.048836057003191935,
              "epochs": 20,
              "hidden_dims": "512x256",
              "lr": 7.476312062252303e-05,
              "weight_decay": 4.689400963537693e-05
            },
            "trial_number": 1,
            "value": 53.38725985844287
          },
          {
            "checkpoint": "artifacts/probes/mvp/mvp_probe_mlp_jepa_v1_vith16_384_20260508T164911Z/layer_32/train/trial_0002/probe_best.pt",
            "eval_output_dir": "artifacts/probes/mvp/mvp_probe_mlp_jepa_v1_vith16_384_20260508T164911Z/layer_32/train/trial_0002/val_eval",
            "output_dir": "artifacts/probes/mvp/mvp_probe_mlp_jepa_v1_vith16_384_20260508T164911Z/layer_32/train/trial_0002",
            "params": {
              "batch_size": 256,
              "dropout": 0.04424625102595975,
              "epochs": 50,
              "hidden_dims": "256",
              "lr": 0.0011290133559092666,
              "weight_decay": 4.374364439939069e-06
            },
            "trial_number": 2,
            "value": 56.62285136501517
          },
          {
            "checkpoint": "artifacts/probes/mvp/mvp_probe_mlp_jepa_v1_vith16_384_20260508T164911Z/layer_32/train/trial_0006/probe_best.pt",
            "eval_output_dir": "artifacts/probes/mvp/mvp_probe_mlp_jepa_v1_vith16_384_20260508T164911Z/layer_32/train/trial_0006/val_eval",
            "output_dir": "artifacts/probes/mvp/mvp_probe_mlp_jepa_v1_vith16_384_20260508T164911Z/layer_32/train/trial_0006",
            "params": {
              "batch_size": 128,
              "dropout": 0.0599326836668414,
              "epochs": 50,
              "hidden_dims": "512",
              "lr": 0.000794714742465374,
              "weight_decay": 0.0016934155410667966
            },
            "trial_number": 6,
            "value": 62.38624873609707
          },
          {
            "checkpoint": "artifacts/probes/mvp/mvp_probe_mlp_jepa_v1_vith16_384_20260508T164911Z/layer_32/train/trial_0007/probe_best.pt",
            "eval_output_dir": "artifacts/probes/mvp/mvp_probe_mlp_jepa_v1_vith16_384_20260508T164911Z/layer_32/train/trial_0007/val_eval",
            "output_dir": "artifacts/probes/mvp/mvp_probe_mlp_jepa_v1_vith16_384_20260508T164911Z/layer_32/train/trial_0007",
            "params": {
              "batch_size": 128,
              "dropout": 0.11978094533348621,
              "epochs": 20,
              "hidden_dims": "1024x512x1024",
              "lr": 0.00010300196600986775,
              "weight_decay": 0.0045442082254883295
            },
            "trial_number": 7,
            "value": 49.646107178968656
          },
          {
            "checkpoint": "artifacts/probes/mvp/mvp_probe_mlp_jepa_v1_vith16_384_20260508T164911Z/layer_32/train/trial_0008/probe_best.pt",
            "eval_output_dir": "artifacts/probes/mvp/mvp_probe_mlp_jepa_v1_vith16_384_20260508T164911Z/layer_32/train/trial_0008/val_eval",
            "output_dir": "artifacts/probes/mvp/mvp_probe_mlp_jepa_v1_vith16_384_20260508T164911Z/layer_32/train/trial_0008",
            "params": {
              "batch_size": 32,
              "dropout": 0.3387821809211412,
              "epochs": 50,
              "hidden_dims": "512",
              "lr": 2.7207248059486674e-05,
              "weight_decay": 8.64403589520682e-06
            },
            "trial_number": 8,
            "value": 53.48837209302325
          },
          {
            "checkpoint": "artifacts/probes/mvp/mvp_probe_mlp_jepa_v1_vith16_384_20260508T164911Z/layer_32/train/trial_0009/probe_best.pt",
            "eval_output_dir": "artifacts/probes/mvp/mvp_probe_mlp_jepa_v1_vith16_384_20260508T164911Z/layer_32/train/trial_0009/val_eval",
            "output_dir": "artifacts/probes/mvp/mvp_probe_mlp_jepa_v1_vith16_384_20260508T164911Z/layer_32/train/trial_0009",
            "params": {
              "batch_size": 256,
              "dropout": 0.12092614545022584,
              "epochs": 50,
              "hidden_dims": "256",
              "lr": 1.1214075785991125e-05,
              "weight_decay": 1.1818390883060214e-05
            },
            "trial_number": 9,
            "value": 39.838220424671384
          },
          {
            "checkpoint": "artifacts/probes/mvp/mvp_probe_mlp_jepa_v1_vith16_384_20260508T164911Z/layer_32/train/trial_0011/probe_best.pt",
            "eval_output_dir": "artifacts/probes/mvp/mvp_probe_mlp_jepa_v1_vith16_384_20260508T164911Z/layer_32/train/trial_0011/val_eval",
            "output_dir": "artifacts/probes/mvp/mvp_probe_mlp_jepa_v1_vith16_384_20260508T164911Z/layer_32/train/trial_0011",
            "params": {
              "batch_size": 32,
              "dropout": 0.23036595192387704,
              "epochs": 100,
              "hidden_dims": "1024",
              "lr": 0.000381663861962904,
              "weight_decay": 0.00821160806524291
            },
            "trial_number": 11,
            "value": 73.0030333670374
          },
          {
            "checkpoint": "artifacts/probes/mvp/mvp_probe_mlp_jepa_v1_vith16_384_20260508T164911Z/layer_32/train/trial_0012/probe_best.pt",
            "eval_output_dir": "artifacts/probes/mvp/mvp_probe_mlp_jepa_v1_vith16_384_20260508T164911Z/layer_32/train/trial_0012/val_eval",
            "output_dir": "artifacts/probes/mvp/mvp_probe_mlp_jepa_v1_vith16_384_20260508T164911Z/layer_32/train/trial_0012",
            "params": {
              "batch_size": 32,
              "dropout": 0.2403404633740749,
              "epochs": 100,
              "hidden_dims": "1024",
              "lr": 0.00025735031695662674,
              "weight_decay": 0.008946810000979412
            },
            "trial_number": 12,
            "value": 74.4186046511628
          },
          {
            "checkpoint": "artifacts/probes/mvp/mvp_probe_mlp_jepa_v1_vith16_384_20260508T164911Z/layer_32/train/trial_0015/probe_best.pt",
            "eval_output_dir": "artifacts/probes/mvp/mvp_probe_mlp_jepa_v1_vith16_384_20260508T164911Z/layer_32/train/trial_0015/val_eval",
            "output_dir": "artifacts/probes/mvp/mvp_probe_mlp_jepa_v1_vith16_384_20260508T164911Z/layer_32/train/trial_0015",
            "params": {
              "batch_size": 64,
              "dropout": 0.15501861355280072,
              "epochs": 2000,
              "hidden_dims": "1024x512x256",
              "lr": 0.000591918416083762,
              "weight_decay": 4.78570419845307e-07
            },
            "trial_number": 15,
            "value": 91.0010111223458
          },
          {
            "checkpoint": "artifacts/probes/mvp/mvp_probe_mlp_jepa_v1_vith16_384_20260508T164911Z/layer_32/train/trial_0017/probe_best.pt",
            "eval_output_dir": "artifacts/probes/mvp/mvp_probe_mlp_jepa_v1_vith16_384_20260508T164911Z/layer_32/train/trial_0017/val_eval",
            "output_dir": "artifacts/probes/mvp/mvp_probe_mlp_jepa_v1_vith16_384_20260508T164911Z/layer_32/train/trial_0017",
            "params": {
              "batch_size": 64,
              "dropout": 0.17501694660620298,
              "epochs": 2000,
              "hidden_dims": "1024x512x256",
              "lr": 0.0006506252713093818,
              "weight_decay": 5.827061512212219e-07
            },
            "trial_number": 17,
            "value": 91.10212335692619
          },
          {
            "checkpoint": "artifacts/probes/mvp/mvp_probe_mlp_jepa_v1_vith16_384_20260508T164911Z/layer_32/train/trial_0018/probe_best.pt",
            "eval_output_dir": "artifacts/probes/mvp/mvp_probe_mlp_jepa_v1_vith16_384_20260508T164911Z/layer_32/train/trial_0018/val_eval",
            "output_dir": "artifacts/probes/mvp/mvp_probe_mlp_jepa_v1_vith16_384_20260508T164911Z/layer_32/train/trial_0018",
            "params": {
              "batch_size": 64,
              "dropout": 0.16484266523219596,
              "epochs": 2000,
              "hidden_dims": "1024x512x256",
              "lr": 0.0007816581332871911,
              "weight_decay": 4.992091940315485e-07
            },
            "trial_number": 18,
            "value": 90.89989888776542
          }
        ]
      }
    }
  ],
  "model_selection_split": "val",
  "objective_metric_name": "pair_consistency",
  "probe_name": "mlp",
  "reported_splits": [
    "train",
    "val",
    "test"
  ],
  "requested_layers": [
    8,
    16,
    24,
    32
  ],
  "split_name": "test",
  "sweep_dir": "artifacts/probes/mvp/mvp_probe_mlp_jepa_v1_vith16_384_20260508T164911Z",
  "train_split": "train"
}
JOB_END_UTC=2026-05-08T20:24:53Z
JOB_ELAPSED_SECONDS=12946
