===== TRAIN PROVENANCE =====
Fri May  8 16:49:18 UTC 2026
tcn266.local.snellius.surf.nl
999d19ef765342e0bd42ee07e9e2db5bba7c1441
Python 3.11.15
/home/scur0511/.conda/envs/probe4physics-gpu/bin/python
REPO_ROOT=/gpfs/home3/scur0511/Probe4Physics
DATASET_NAME=mvp
PROBE_NAME=mlp
BACKBONE_NAME=videomae
BACKBONE_VARIANT=vit_huge_16_224
PROBE_EPOCHS=100
PROBE_DEVICE=cpu
PROBE_LAYER=8
PROBE_LAYERS=8,16,24,32
PROBE_FEATURE_VIEW=pooled
ENABLE_WANDB=true
WANDB_PROJECT=probe4physics
WANDB_MODE=online
WANDB_GROUP=mvp_mlp_videomae_vit_huge_16_224
ENABLE_OPTUNA=true
OPTUNA_N_TRIALS=20
OPTUNA_N_JOBS=1
OPTUNA_TIMEOUT_SECONDS=0
ENABLE_OPTUNA_PRUNER=true
OPTUNA_PRUNER_STARTUP_TRIALS=3
OPTUNA_PRUNER_WARMUP_STEPS=100
OPTUNA_PRUNER_INTERVAL_STEPS=1
OPTUNA_STUDY_NAME=mvp_mlp_videomae_vit_huge_16_224
OPTUNA_SEARCH_OVERRIDES=probe.optuna.search_space.epochs.enabled=true probe.optuna.search_space.epochs.choices=[20,50,100,500,1000,2000]
============================
JOB_START_UTC=2026-05-08T16:49:18Z
[features.mvp] using compatible legacy cache: expected_signature=d9a02c3673e04149 actual_signature=8032308ced2f1768 cache_dir=/gpfs/scratch1/shared/scur0511/probe4physics/artifacts/features/mvp/videomae_vit_huge_16_224/train-val-test/8032308ced2f1768
[features.mvp] using compatible legacy cache: expected_signature=d9a02c3673e04149 actual_signature=8032308ced2f1768 cache_dir=/gpfs/scratch1/shared/scur0511/probe4physics/artifacts/features/mvp/videomae_vit_huge_16_224/train-val-test/8032308ced2f1768
[features.mvp] using compatible legacy cache: expected_signature=d9a02c3673e04149 actual_signature=8032308ced2f1768 cache_dir=/gpfs/scratch1/shared/scur0511/probe4physics/artifacts/features/mvp/videomae_vit_huge_16_224/train-val-test/8032308ced2f1768
[features.mvp] using compatible legacy cache: expected_signature=d9a02c3673e04149 actual_signature=8032308ced2f1768 cache_dir=/gpfs/scratch1/shared/scur0511/probe4physics/artifacts/features/mvp/videomae_vit_huge_16_224/train-val-test/8032308ced2f1768
[features.mvp] using compatible legacy cache: expected_signature=d9a02c3673e04149 actual_signature=8032308ced2f1768 cache_dir=/gpfs/scratch1/shared/scur0511/probe4physics/artifacts/features/mvp/videomae_vit_huge_16_224/train-val-test/8032308ced2f1768
[features.mvp] using compatible legacy cache: expected_signature=d9a02c3673e04149 actual_signature=8032308ced2f1768 cache_dir=/gpfs/scratch1/shared/scur0511/probe4physics/artifacts/features/mvp/videomae_vit_huge_16_224/train-val-test/8032308ced2f1768
[features.mvp] using compatible legacy cache: expected_signature=d9a02c3673e04149 actual_signature=8032308ced2f1768 cache_dir=/gpfs/scratch1/shared/scur0511/probe4physics/artifacts/features/mvp/videomae_vit_huge_16_224/train-val-test/8032308ced2f1768
[features.mvp] using compatible legacy cache: expected_signature=d9a02c3673e04149 actual_signature=8032308ced2f1768 cache_dir=/gpfs/scratch1/shared/scur0511/probe4physics/artifacts/features/mvp/videomae_vit_huge_16_224/train-val-test/8032308ced2f1768
[features.mvp] using compatible legacy cache: expected_signature=d9a02c3673e04149 actual_signature=8032308ced2f1768 cache_dir=/gpfs/scratch1/shared/scur0511/probe4physics/artifacts/features/mvp/videomae_vit_huge_16_224/train-val-test/8032308ced2f1768
[features.mvp] using compatible legacy cache: expected_signature=d9a02c3673e04149 actual_signature=8032308ced2f1768 cache_dir=/gpfs/scratch1/shared/scur0511/probe4physics/artifacts/features/mvp/videomae_vit_huge_16_224/train-val-test/8032308ced2f1768
[features.mvp] using compatible legacy cache: expected_signature=d9a02c3673e04149 actual_signature=8032308ced2f1768 cache_dir=/gpfs/scratch1/shared/scur0511/probe4physics/artifacts/features/mvp/videomae_vit_huge_16_224/train-val-test/8032308ced2f1768
[features.mvp] using compatible legacy cache: expected_signature=d9a02c3673e04149 actual_signature=8032308ced2f1768 cache_dir=/gpfs/scratch1/shared/scur0511/probe4physics/artifacts/features/mvp/videomae_vit_huge_16_224/train-val-test/8032308ced2f1768
[features.mvp] using compatible legacy cache: expected_signature=d9a02c3673e04149 actual_signature=8032308ced2f1768 cache_dir=/gpfs/scratch1/shared/scur0511/probe4physics/artifacts/features/mvp/videomae_vit_huge_16_224/train-val-test/8032308ced2f1768
[features.mvp] using compatible legacy cache: expected_signature=d9a02c3673e04149 actual_signature=8032308ced2f1768 cache_dir=/gpfs/scratch1/shared/scur0511/probe4physics/artifacts/features/mvp/videomae_vit_huge_16_224/train-val-test/8032308ced2f1768
[features.mvp] using compatible legacy cache: expected_signature=d9a02c3673e04149 actual_signature=8032308ced2f1768 cache_dir=/gpfs/scratch1/shared/scur0511/probe4physics/artifacts/features/mvp/videomae_vit_huge_16_224/train-val-test/8032308ced2f1768
[features.mvp] using compatible legacy cache: expected_signature=d9a02c3673e04149 actual_signature=8032308ced2f1768 cache_dir=/gpfs/scratch1/shared/scur0511/probe4physics/artifacts/features/mvp/videomae_vit_huge_16_224/train-val-test/8032308ced2f1768
[features.mvp] using compatible legacy cache: expected_signature=d9a02c3673e04149 actual_signature=8032308ced2f1768 cache_dir=/gpfs/scratch1/shared/scur0511/probe4physics/artifacts/features/mvp/videomae_vit_huge_16_224/train-val-test/8032308ced2f1768
[features.mvp] using compatible legacy cache: expected_signature=d9a02c3673e04149 actual_signature=8032308ced2f1768 cache_dir=/gpfs/scratch1/shared/scur0511/probe4physics/artifacts/features/mvp/videomae_vit_huge_16_224/train-val-test/8032308ced2f1768
[features.mvp] using compatible legacy cache: expected_signature=d9a02c3673e04149 actual_signature=8032308ced2f1768 cache_dir=/gpfs/scratch1/shared/scur0511/probe4physics/artifacts/features/mvp/videomae_vit_huge_16_224/train-val-test/8032308ced2f1768
[features.mvp] using compatible legacy cache: expected_signature=d9a02c3673e04149 actual_signature=8032308ced2f1768 cache_dir=/gpfs/scratch1/shared/scur0511/probe4physics/artifacts/features/mvp/videomae_vit_huge_16_224/train-val-test/8032308ced2f1768
[features.mvp] using compatible legacy cache: expected_signature=d9a02c3673e04149 actual_signature=8032308ced2f1768 cache_dir=/gpfs/scratch1/shared/scur0511/probe4physics/artifacts/features/mvp/videomae_vit_huge_16_224/train-val-test/8032308ced2f1768
[features.mvp] using compatible legacy cache: expected_signature=d9a02c3673e04149 actual_signature=8032308ced2f1768 cache_dir=/gpfs/scratch1/shared/scur0511/probe4physics/artifacts/features/mvp/videomae_vit_huge_16_224/train-val-test/8032308ced2f1768
[features.mvp] using compatible legacy cache: expected_signature=d9a02c3673e04149 actual_signature=8032308ced2f1768 cache_dir=/gpfs/scratch1/shared/scur0511/probe4physics/artifacts/features/mvp/videomae_vit_huge_16_224/train-val-test/8032308ced2f1768
[features.mvp] using compatible legacy cache: expected_signature=d9a02c3673e04149 actual_signature=8032308ced2f1768 cache_dir=/gpfs/scratch1/shared/scur0511/probe4physics/artifacts/features/mvp/videomae_vit_huge_16_224/train-val-test/8032308ced2f1768
[features.mvp] using compatible legacy cache: expected_signature=d9a02c3673e04149 actual_signature=8032308ced2f1768 cache_dir=/gpfs/scratch1/shared/scur0511/probe4physics/artifacts/features/mvp/videomae_vit_huge_16_224/train-val-test/8032308ced2f1768
[features.mvp] using compatible legacy cache: expected_signature=d9a02c3673e04149 actual_signature=8032308ced2f1768 cache_dir=/gpfs/scratch1/shared/scur0511/probe4physics/artifacts/features/mvp/videomae_vit_huge_16_224/train-val-test/8032308ced2f1768
[features.mvp] using compatible legacy cache: expected_signature=d9a02c3673e04149 actual_signature=8032308ced2f1768 cache_dir=/gpfs/scratch1/shared/scur0511/probe4physics/artifacts/features/mvp/videomae_vit_huge_16_224/train-val-test/8032308ced2f1768
[features.mvp] using compatible legacy cache: expected_signature=d9a02c3673e04149 actual_signature=8032308ced2f1768 cache_dir=/gpfs/scratch1/shared/scur0511/probe4physics/artifacts/features/mvp/videomae_vit_huge_16_224/train-val-test/8032308ced2f1768
[features.mvp] using compatible legacy cache: expected_signature=d9a02c3673e04149 actual_signature=8032308ced2f1768 cache_dir=/gpfs/scratch1/shared/scur0511/probe4physics/artifacts/features/mvp/videomae_vit_huge_16_224/train-val-test/8032308ced2f1768
[features.mvp] using compatible legacy cache: expected_signature=d9a02c3673e04149 actual_signature=8032308ced2f1768 cache_dir=/gpfs/scratch1/shared/scur0511/probe4physics/artifacts/features/mvp/videomae_vit_huge_16_224/train-val-test/8032308ced2f1768
[features.mvp] using compatible legacy cache: expected_signature=d9a02c3673e04149 actual_signature=8032308ced2f1768 cache_dir=/gpfs/scratch1/shared/scur0511/probe4physics/artifacts/features/mvp/videomae_vit_huge_16_224/train-val-test/8032308ced2f1768
[features.mvp] using compatible legacy cache: expected_signature=d9a02c3673e04149 actual_signature=8032308ced2f1768 cache_dir=/gpfs/scratch1/shared/scur0511/probe4physics/artifacts/features/mvp/videomae_vit_huge_16_224/train-val-test/8032308ced2f1768
[features.mvp] using compatible legacy cache: expected_signature=d9a02c3673e04149 actual_signature=8032308ced2f1768 cache_dir=/gpfs/scratch1/shared/scur0511/probe4physics/artifacts/features/mvp/videomae_vit_huge_16_224/train-val-test/8032308ced2f1768
[features.mvp] using compatible legacy cache: expected_signature=d9a02c3673e04149 actual_signature=8032308ced2f1768 cache_dir=/gpfs/scratch1/shared/scur0511/probe4physics/artifacts/features/mvp/videomae_vit_huge_16_224/train-val-test/8032308ced2f1768
[features.mvp] using compatible legacy cache: expected_signature=d9a02c3673e04149 actual_signature=8032308ced2f1768 cache_dir=/gpfs/scratch1/shared/scur0511/probe4physics/artifacts/features/mvp/videomae_vit_huge_16_224/train-val-test/8032308ced2f1768
[features.mvp] using compatible legacy cache: expected_signature=d9a02c3673e04149 actual_signature=8032308ced2f1768 cache_dir=/gpfs/scratch1/shared/scur0511/probe4physics/artifacts/features/mvp/videomae_vit_huge_16_224/train-val-test/8032308ced2f1768
[features.mvp] using compatible legacy cache: expected_signature=d9a02c3673e04149 actual_signature=8032308ced2f1768 cache_dir=/gpfs/scratch1/shared/scur0511/probe4physics/artifacts/features/mvp/videomae_vit_huge_16_224/train-val-test/8032308ced2f1768
[features.mvp] using compatible legacy cache: expected_signature=d9a02c3673e04149 actual_signature=8032308ced2f1768 cache_dir=/gpfs/scratch1/shared/scur0511/probe4physics/artifacts/features/mvp/videomae_vit_huge_16_224/train-val-test/8032308ced2f1768
[features.mvp] using compatible legacy cache: expected_signature=d9a02c3673e04149 actual_signature=8032308ced2f1768 cache_dir=/gpfs/scratch1/shared/scur0511/probe4physics/artifacts/features/mvp/videomae_vit_huge_16_224/train-val-test/8032308ced2f1768
[features.mvp] using compatible legacy cache: expected_signature=d9a02c3673e04149 actual_signature=8032308ced2f1768 cache_dir=/gpfs/scratch1/shared/scur0511/probe4physics/artifacts/features/mvp/videomae_vit_huge_16_224/train-val-test/8032308ced2f1768
[features.mvp] using compatible legacy cache: expected_signature=d9a02c3673e04149 actual_signature=8032308ced2f1768 cache_dir=/gpfs/scratch1/shared/scur0511/probe4physics/artifacts/features/mvp/videomae_vit_huge_16_224/train-val-test/8032308ced2f1768
[features.mvp] using compatible legacy cache: expected_signature=d9a02c3673e04149 actual_signature=8032308ced2f1768 cache_dir=/gpfs/scratch1/shared/scur0511/probe4physics/artifacts/features/mvp/videomae_vit_huge_16_224/train-val-test/8032308ced2f1768
[features.mvp] using compatible legacy cache: expected_signature=d9a02c3673e04149 actual_signature=8032308ced2f1768 cache_dir=/gpfs/scratch1/shared/scur0511/probe4physics/artifacts/features/mvp/videomae_vit_huge_16_224/train-val-test/8032308ced2f1768
[features.mvp] using compatible legacy cache: expected_signature=d9a02c3673e04149 actual_signature=8032308ced2f1768 cache_dir=/gpfs/scratch1/shared/scur0511/probe4physics/artifacts/features/mvp/videomae_vit_huge_16_224/train-val-test/8032308ced2f1768
[features.mvp] using compatible legacy cache: expected_signature=d9a02c3673e04149 actual_signature=8032308ced2f1768 cache_dir=/gpfs/scratch1/shared/scur0511/probe4physics/artifacts/features/mvp/videomae_vit_huge_16_224/train-val-test/8032308ced2f1768
[features.mvp] using compatible legacy cache: expected_signature=d9a02c3673e04149 actual_signature=8032308ced2f1768 cache_dir=/gpfs/scratch1/shared/scur0511/probe4physics/artifacts/features/mvp/videomae_vit_huge_16_224/train-val-test/8032308ced2f1768
[features.mvp] using compatible legacy cache: expected_signature=d9a02c3673e04149 actual_signature=8032308ced2f1768 cache_dir=/gpfs/scratch1/shared/scur0511/probe4physics/artifacts/features/mvp/videomae_vit_huge_16_224/train-val-test/8032308ced2f1768
[features.mvp] using compatible legacy cache: expected_signature=d9a02c3673e04149 actual_signature=8032308ced2f1768 cache_dir=/gpfs/scratch1/shared/scur0511/probe4physics/artifacts/features/mvp/videomae_vit_huge_16_224/train-val-test/8032308ced2f1768
[features.mvp] using compatible legacy cache: expected_signature=d9a02c3673e04149 actual_signature=8032308ced2f1768 cache_dir=/gpfs/scratch1/shared/scur0511/probe4physics/artifacts/features/mvp/videomae_vit_huge_16_224/train-val-test/8032308ced2f1768
[features.mvp] using compatible legacy cache: expected_signature=d9a02c3673e04149 actual_signature=8032308ced2f1768 cache_dir=/gpfs/scratch1/shared/scur0511/probe4physics/artifacts/features/mvp/videomae_vit_huge_16_224/train-val-test/8032308ced2f1768
[features.mvp] using compatible legacy cache: expected_signature=d9a02c3673e04149 actual_signature=8032308ced2f1768 cache_dir=/gpfs/scratch1/shared/scur0511/probe4physics/artifacts/features/mvp/videomae_vit_huge_16_224/train-val-test/8032308ced2f1768
[features.mvp] using compatible legacy cache: expected_signature=d9a02c3673e04149 actual_signature=8032308ced2f1768 cache_dir=/gpfs/scratch1/shared/scur0511/probe4physics/artifacts/features/mvp/videomae_vit_huge_16_224/train-val-test/8032308ced2f1768
[features.mvp] using compatible legacy cache: expected_signature=d9a02c3673e04149 actual_signature=8032308ced2f1768 cache_dir=/gpfs/scratch1/shared/scur0511/probe4physics/artifacts/features/mvp/videomae_vit_huge_16_224/train-val-test/8032308ced2f1768
[features.mvp] using compatible legacy cache: expected_signature=d9a02c3673e04149 actual_signature=8032308ced2f1768 cache_dir=/gpfs/scratch1/shared/scur0511/probe4physics/artifacts/features/mvp/videomae_vit_huge_16_224/train-val-test/8032308ced2f1768
[features.mvp] using compatible legacy cache: expected_signature=d9a02c3673e04149 actual_signature=8032308ced2f1768 cache_dir=/gpfs/scratch1/shared/scur0511/probe4physics/artifacts/features/mvp/videomae_vit_huge_16_224/train-val-test/8032308ced2f1768
[features.mvp] using compatible legacy cache: expected_signature=d9a02c3673e04149 actual_signature=8032308ced2f1768 cache_dir=/gpfs/scratch1/shared/scur0511/probe4physics/artifacts/features/mvp/videomae_vit_huge_16_224/train-val-test/8032308ced2f1768
[features.mvp] using compatible legacy cache: expected_signature=d9a02c3673e04149 actual_signature=8032308ced2f1768 cache_dir=/gpfs/scratch1/shared/scur0511/probe4physics/artifacts/features/mvp/videomae_vit_huge_16_224/train-val-test/8032308ced2f1768
[features.mvp] using compatible legacy cache: expected_signature=d9a02c3673e04149 actual_signature=8032308ced2f1768 cache_dir=/gpfs/scratch1/shared/scur0511/probe4physics/artifacts/features/mvp/videomae_vit_huge_16_224/train-val-test/8032308ced2f1768
[features.mvp] using compatible legacy cache: expected_signature=d9a02c3673e04149 actual_signature=8032308ced2f1768 cache_dir=/gpfs/scratch1/shared/scur0511/probe4physics/artifacts/features/mvp/videomae_vit_huge_16_224/train-val-test/8032308ced2f1768
[features.mvp] using compatible legacy cache: expected_signature=d9a02c3673e04149 actual_signature=8032308ced2f1768 cache_dir=/gpfs/scratch1/shared/scur0511/probe4physics/artifacts/features/mvp/videomae_vit_huge_16_224/train-val-test/8032308ced2f1768
[features.mvp] using compatible legacy cache: expected_signature=d9a02c3673e04149 actual_signature=8032308ced2f1768 cache_dir=/gpfs/scratch1/shared/scur0511/probe4physics/artifacts/features/mvp/videomae_vit_huge_16_224/train-val-test/8032308ced2f1768
[features.mvp] using compatible legacy cache: expected_signature=d9a02c3673e04149 actual_signature=8032308ced2f1768 cache_dir=/gpfs/scratch1/shared/scur0511/probe4physics/artifacts/features/mvp/videomae_vit_huge_16_224/train-val-test/8032308ced2f1768
[features.mvp] using compatible legacy cache: expected_signature=d9a02c3673e04149 actual_signature=8032308ced2f1768 cache_dir=/gpfs/scratch1/shared/scur0511/probe4physics/artifacts/features/mvp/videomae_vit_huge_16_224/train-val-test/8032308ced2f1768
[features.mvp] using compatible legacy cache: expected_signature=d9a02c3673e04149 actual_signature=8032308ced2f1768 cache_dir=/gpfs/scratch1/shared/scur0511/probe4physics/artifacts/features/mvp/videomae_vit_huge_16_224/train-val-test/8032308ced2f1768
[features.mvp] using compatible legacy cache: expected_signature=d9a02c3673e04149 actual_signature=8032308ced2f1768 cache_dir=/gpfs/scratch1/shared/scur0511/probe4physics/artifacts/features/mvp/videomae_vit_huge_16_224/train-val-test/8032308ced2f1768
[features.mvp] using compatible legacy cache: expected_signature=d9a02c3673e04149 actual_signature=8032308ced2f1768 cache_dir=/gpfs/scratch1/shared/scur0511/probe4physics/artifacts/features/mvp/videomae_vit_huge_16_224/train-val-test/8032308ced2f1768
[features.mvp] using compatible legacy cache: expected_signature=d9a02c3673e04149 actual_signature=8032308ced2f1768 cache_dir=/gpfs/scratch1/shared/scur0511/probe4physics/artifacts/features/mvp/videomae_vit_huge_16_224/train-val-test/8032308ced2f1768
[features.mvp] using compatible legacy cache: expected_signature=d9a02c3673e04149 actual_signature=8032308ced2f1768 cache_dir=/gpfs/scratch1/shared/scur0511/probe4physics/artifacts/features/mvp/videomae_vit_huge_16_224/train-val-test/8032308ced2f1768
[features.mvp] using compatible legacy cache: expected_signature=d9a02c3673e04149 actual_signature=8032308ced2f1768 cache_dir=/gpfs/scratch1/shared/scur0511/probe4physics/artifacts/features/mvp/videomae_vit_huge_16_224/train-val-test/8032308ced2f1768
[features.mvp] using compatible legacy cache: expected_signature=d9a02c3673e04149 actual_signature=8032308ced2f1768 cache_dir=/gpfs/scratch1/shared/scur0511/probe4physics/artifacts/features/mvp/videomae_vit_huge_16_224/train-val-test/8032308ced2f1768
[features.mvp] using compatible legacy cache: expected_signature=d9a02c3673e04149 actual_signature=8032308ced2f1768 cache_dir=/gpfs/scratch1/shared/scur0511/probe4physics/artifacts/features/mvp/videomae_vit_huge_16_224/train-val-test/8032308ced2f1768
[features.mvp] using compatible legacy cache: expected_signature=d9a02c3673e04149 actual_signature=8032308ced2f1768 cache_dir=/gpfs/scratch1/shared/scur0511/probe4physics/artifacts/features/mvp/videomae_vit_huge_16_224/train-val-test/8032308ced2f1768
[features.mvp] using compatible legacy cache: expected_signature=d9a02c3673e04149 actual_signature=8032308ced2f1768 cache_dir=/gpfs/scratch1/shared/scur0511/probe4physics/artifacts/features/mvp/videomae_vit_huge_16_224/train-val-test/8032308ced2f1768
[features.mvp] using compatible legacy cache: expected_signature=d9a02c3673e04149 actual_signature=8032308ced2f1768 cache_dir=/gpfs/scratch1/shared/scur0511/probe4physics/artifacts/features/mvp/videomae_vit_huge_16_224/train-val-test/8032308ced2f1768
[features.mvp] using compatible legacy cache: expected_signature=d9a02c3673e04149 actual_signature=8032308ced2f1768 cache_dir=/gpfs/scratch1/shared/scur0511/probe4physics/artifacts/features/mvp/videomae_vit_huge_16_224/train-val-test/8032308ced2f1768
[features.mvp] using compatible legacy cache: expected_signature=d9a02c3673e04149 actual_signature=8032308ced2f1768 cache_dir=/gpfs/scratch1/shared/scur0511/probe4physics/artifacts/features/mvp/videomae_vit_huge_16_224/train-val-test/8032308ced2f1768
[features.mvp] using compatible legacy cache: expected_signature=d9a02c3673e04149 actual_signature=8032308ced2f1768 cache_dir=/gpfs/scratch1/shared/scur0511/probe4physics/artifacts/features/mvp/videomae_vit_huge_16_224/train-val-test/8032308ced2f1768
[features.mvp] using compatible legacy cache: expected_signature=d9a02c3673e04149 actual_signature=8032308ced2f1768 cache_dir=/gpfs/scratch1/shared/scur0511/probe4physics/artifacts/features/mvp/videomae_vit_huge_16_224/train-val-test/8032308ced2f1768
[features.mvp] using compatible legacy cache: expected_signature=d9a02c3673e04149 actual_signature=8032308ced2f1768 cache_dir=/gpfs/scratch1/shared/scur0511/probe4physics/artifacts/features/mvp/videomae_vit_huge_16_224/train-val-test/8032308ced2f1768
[features.mvp] using compatible legacy cache: expected_signature=d9a02c3673e04149 actual_signature=8032308ced2f1768 cache_dir=/gpfs/scratch1/shared/scur0511/probe4physics/artifacts/features/mvp/videomae_vit_huge_16_224/train-val-test/8032308ced2f1768
[features.mvp] using compatible legacy cache: expected_signature=d9a02c3673e04149 actual_signature=8032308ced2f1768 cache_dir=/gpfs/scratch1/shared/scur0511/probe4physics/artifacts/features/mvp/videomae_vit_huge_16_224/train-val-test/8032308ced2f1768
[features.mvp] using compatible legacy cache: expected_signature=d9a02c3673e04149 actual_signature=8032308ced2f1768 cache_dir=/gpfs/scratch1/shared/scur0511/probe4physics/artifacts/features/mvp/videomae_vit_huge_16_224/train-val-test/8032308ced2f1768
[features.mvp] using compatible legacy cache: expected_signature=d9a02c3673e04149 actual_signature=8032308ced2f1768 cache_dir=/gpfs/scratch1/shared/scur0511/probe4physics/artifacts/features/mvp/videomae_vit_huge_16_224/train-val-test/8032308ced2f1768
[features.mvp] using compatible legacy cache: expected_signature=d9a02c3673e04149 actual_signature=8032308ced2f1768 cache_dir=/gpfs/scratch1/shared/scur0511/probe4physics/artifacts/features/mvp/videomae_vit_huge_16_224/train-val-test/8032308ced2f1768
[features.mvp] using compatible legacy cache: expected_signature=d9a02c3673e04149 actual_signature=8032308ced2f1768 cache_dir=/gpfs/scratch1/shared/scur0511/probe4physics/artifacts/features/mvp/videomae_vit_huge_16_224/train-val-test/8032308ced2f1768
[features.mvp] using compatible legacy cache: expected_signature=d9a02c3673e04149 actual_signature=8032308ced2f1768 cache_dir=/gpfs/scratch1/shared/scur0511/probe4physics/artifacts/features/mvp/videomae_vit_huge_16_224/train-val-test/8032308ced2f1768
[features.mvp] using compatible legacy cache: expected_signature=d9a02c3673e04149 actual_signature=8032308ced2f1768 cache_dir=/gpfs/scratch1/shared/scur0511/probe4physics/artifacts/features/mvp/videomae_vit_huge_16_224/train-val-test/8032308ced2f1768
[features.mvp] using compatible legacy cache: expected_signature=d9a02c3673e04149 actual_signature=8032308ced2f1768 cache_dir=/gpfs/scratch1/shared/scur0511/probe4physics/artifacts/features/mvp/videomae_vit_huge_16_224/train-val-test/8032308ced2f1768
[features.mvp] using compatible legacy cache: expected_signature=d9a02c3673e04149 actual_signature=8032308ced2f1768 cache_dir=/gpfs/scratch1/shared/scur0511/probe4physics/artifacts/features/mvp/videomae_vit_huge_16_224/train-val-test/8032308ced2f1768
[features.mvp] using compatible legacy cache: expected_signature=d9a02c3673e04149 actual_signature=8032308ced2f1768 cache_dir=/gpfs/scratch1/shared/scur0511/probe4physics/artifacts/features/mvp/videomae_vit_huge_16_224/train-val-test/8032308ced2f1768
[features.mvp] using compatible legacy cache: expected_signature=d9a02c3673e04149 actual_signature=8032308ced2f1768 cache_dir=/gpfs/scratch1/shared/scur0511/probe4physics/artifacts/features/mvp/videomae_vit_huge_16_224/train-val-test/8032308ced2f1768
[features.mvp] using compatible legacy cache: expected_signature=d9a02c3673e04149 actual_signature=8032308ced2f1768 cache_dir=/gpfs/scratch1/shared/scur0511/probe4physics/artifacts/features/mvp/videomae_vit_huge_16_224/train-val-test/8032308ced2f1768
[features.mvp] using compatible legacy cache: expected_signature=d9a02c3673e04149 actual_signature=8032308ced2f1768 cache_dir=/gpfs/scratch1/shared/scur0511/probe4physics/artifacts/features/mvp/videomae_vit_huge_16_224/train-val-test/8032308ced2f1768
[features.mvp] using compatible legacy cache: expected_signature=d9a02c3673e04149 actual_signature=8032308ced2f1768 cache_dir=/gpfs/scratch1/shared/scur0511/probe4physics/artifacts/features/mvp/videomae_vit_huge_16_224/train-val-test/8032308ced2f1768
[features.mvp] using compatible legacy cache: expected_signature=d9a02c3673e04149 actual_signature=8032308ced2f1768 cache_dir=/gpfs/scratch1/shared/scur0511/probe4physics/artifacts/features/mvp/videomae_vit_huge_16_224/train-val-test/8032308ced2f1768
[features.mvp] using compatible legacy cache: expected_signature=d9a02c3673e04149 actual_signature=8032308ced2f1768 cache_dir=/gpfs/scratch1/shared/scur0511/probe4physics/artifacts/features/mvp/videomae_vit_huge_16_224/train-val-test/8032308ced2f1768
[features.mvp] using compatible legacy cache: expected_signature=d9a02c3673e04149 actual_signature=8032308ced2f1768 cache_dir=/gpfs/scratch1/shared/scur0511/probe4physics/artifacts/features/mvp/videomae_vit_huge_16_224/train-val-test/8032308ced2f1768
[features.mvp] using compatible legacy cache: expected_signature=d9a02c3673e04149 actual_signature=8032308ced2f1768 cache_dir=/gpfs/scratch1/shared/scur0511/probe4physics/artifacts/features/mvp/videomae_vit_huge_16_224/train-val-test/8032308ced2f1768
[features.mvp] using compatible legacy cache: expected_signature=d9a02c3673e04149 actual_signature=8032308ced2f1768 cache_dir=/gpfs/scratch1/shared/scur0511/probe4physics/artifacts/features/mvp/videomae_vit_huge_16_224/train-val-test/8032308ced2f1768
[features.mvp] using compatible legacy cache: expected_signature=d9a02c3673e04149 actual_signature=8032308ced2f1768 cache_dir=/gpfs/scratch1/shared/scur0511/probe4physics/artifacts/features/mvp/videomae_vit_huge_16_224/train-val-test/8032308ced2f1768
[features.mvp] using compatible legacy cache: expected_signature=d9a02c3673e04149 actual_signature=8032308ced2f1768 cache_dir=/gpfs/scratch1/shared/scur0511/probe4physics/artifacts/features/mvp/videomae_vit_huge_16_224/train-val-test/8032308ced2f1768
[features.mvp] using compatible legacy cache: expected_signature=d9a02c3673e04149 actual_signature=8032308ced2f1768 cache_dir=/gpfs/scratch1/shared/scur0511/probe4physics/artifacts/features/mvp/videomae_vit_huge_16_224/train-val-test/8032308ced2f1768
[features.mvp] using compatible legacy cache: expected_signature=d9a02c3673e04149 actual_signature=8032308ced2f1768 cache_dir=/gpfs/scratch1/shared/scur0511/probe4physics/artifacts/features/mvp/videomae_vit_huge_16_224/train-val-test/8032308ced2f1768
[features.mvp] using compatible legacy cache: expected_signature=d9a02c3673e04149 actual_signature=8032308ced2f1768 cache_dir=/gpfs/scratch1/shared/scur0511/probe4physics/artifacts/features/mvp/videomae_vit_huge_16_224/train-val-test/8032308ced2f1768
[features.mvp] using compatible legacy cache: expected_signature=d9a02c3673e04149 actual_signature=8032308ced2f1768 cache_dir=/gpfs/scratch1/shared/scur0511/probe4physics/artifacts/features/mvp/videomae_vit_huge_16_224/train-val-test/8032308ced2f1768
[features.mvp] using compatible legacy cache: expected_signature=d9a02c3673e04149 actual_signature=8032308ced2f1768 cache_dir=/gpfs/scratch1/shared/scur0511/probe4physics/artifacts/features/mvp/videomae_vit_huge_16_224/train-val-test/8032308ced2f1768
[features.mvp] using compatible legacy cache: expected_signature=d9a02c3673e04149 actual_signature=8032308ced2f1768 cache_dir=/gpfs/scratch1/shared/scur0511/probe4physics/artifacts/features/mvp/videomae_vit_huge_16_224/train-val-test/8032308ced2f1768
[features.mvp] using compatible legacy cache: expected_signature=d9a02c3673e04149 actual_signature=8032308ced2f1768 cache_dir=/gpfs/scratch1/shared/scur0511/probe4physics/artifacts/features/mvp/videomae_vit_huge_16_224/train-val-test/8032308ced2f1768
[features.mvp] using compatible legacy cache: expected_signature=d9a02c3673e04149 actual_signature=8032308ced2f1768 cache_dir=/gpfs/scratch1/shared/scur0511/probe4physics/artifacts/features/mvp/videomae_vit_huge_16_224/train-val-test/8032308ced2f1768
[features.mvp] using compatible legacy cache: expected_signature=d9a02c3673e04149 actual_signature=8032308ced2f1768 cache_dir=/gpfs/scratch1/shared/scur0511/probe4physics/artifacts/features/mvp/videomae_vit_huge_16_224/train-val-test/8032308ced2f1768
[features.mvp] using compatible legacy cache: expected_signature=d9a02c3673e04149 actual_signature=8032308ced2f1768 cache_dir=/gpfs/scratch1/shared/scur0511/probe4physics/artifacts/features/mvp/videomae_vit_huge_16_224/train-val-test/8032308ced2f1768
[features.mvp] using compatible legacy cache: expected_signature=d9a02c3673e04149 actual_signature=8032308ced2f1768 cache_dir=/gpfs/scratch1/shared/scur0511/probe4physics/artifacts/features/mvp/videomae_vit_huge_16_224/train-val-test/8032308ced2f1768
[features.mvp] using compatible legacy cache: expected_signature=d9a02c3673e04149 actual_signature=8032308ced2f1768 cache_dir=/gpfs/scratch1/shared/scur0511/probe4physics/artifacts/features/mvp/videomae_vit_huge_16_224/train-val-test/8032308ced2f1768
[features.mvp] using compatible legacy cache: expected_signature=d9a02c3673e04149 actual_signature=8032308ced2f1768 cache_dir=/gpfs/scratch1/shared/scur0511/probe4physics/artifacts/features/mvp/videomae_vit_huge_16_224/train-val-test/8032308ced2f1768
[features.mvp] using compatible legacy cache: expected_signature=d9a02c3673e04149 actual_signature=8032308ced2f1768 cache_dir=/gpfs/scratch1/shared/scur0511/probe4physics/artifacts/features/mvp/videomae_vit_huge_16_224/train-val-test/8032308ced2f1768
[features.mvp] using compatible legacy cache: expected_signature=d9a02c3673e04149 actual_signature=8032308ced2f1768 cache_dir=/gpfs/scratch1/shared/scur0511/probe4physics/artifacts/features/mvp/videomae_vit_huge_16_224/train-val-test/8032308ced2f1768
[features.mvp] using compatible legacy cache: expected_signature=d9a02c3673e04149 actual_signature=8032308ced2f1768 cache_dir=/gpfs/scratch1/shared/scur0511/probe4physics/artifacts/features/mvp/videomae_vit_huge_16_224/train-val-test/8032308ced2f1768
[features.mvp] using compatible legacy cache: expected_signature=d9a02c3673e04149 actual_signature=8032308ced2f1768 cache_dir=/gpfs/scratch1/shared/scur0511/probe4physics/artifacts/features/mvp/videomae_vit_huge_16_224/train-val-test/8032308ced2f1768
[features.mvp] using compatible legacy cache: expected_signature=d9a02c3673e04149 actual_signature=8032308ced2f1768 cache_dir=/gpfs/scratch1/shared/scur0511/probe4physics/artifacts/features/mvp/videomae_vit_huge_16_224/train-val-test/8032308ced2f1768
[features.mvp] using compatible legacy cache: expected_signature=d9a02c3673e04149 actual_signature=8032308ced2f1768 cache_dir=/gpfs/scratch1/shared/scur0511/probe4physics/artifacts/features/mvp/videomae_vit_huge_16_224/train-val-test/8032308ced2f1768
[features.mvp] using compatible legacy cache: expected_signature=d9a02c3673e04149 actual_signature=8032308ced2f1768 cache_dir=/gpfs/scratch1/shared/scur0511/probe4physics/artifacts/features/mvp/videomae_vit_huge_16_224/train-val-test/8032308ced2f1768
[features.mvp] using compatible legacy cache: expected_signature=d9a02c3673e04149 actual_signature=8032308ced2f1768 cache_dir=/gpfs/scratch1/shared/scur0511/probe4physics/artifacts/features/mvp/videomae_vit_huge_16_224/train-val-test/8032308ced2f1768
[features.mvp] using compatible legacy cache: expected_signature=d9a02c3673e04149 actual_signature=8032308ced2f1768 cache_dir=/gpfs/scratch1/shared/scur0511/probe4physics/artifacts/features/mvp/videomae_vit_huge_16_224/train-val-test/8032308ced2f1768
{
  "best_layer": null,
  "best_layer_label": null,
  "best_objective_metric": null,
  "dataset": "mvp",
  "feature_view": "pooled",
  "layers": [
    {
      "checkpoint": "artifacts/probes/mvp/mvp_probe_mlp_videomae_vit_huge_16_224_20260508T164922Z/layer_8/train/trial_0000/probe_best.pt",
      "eval": {
        "base_eval": {
          "metrics": {
            "accuracy": 71.7896865520728,
            "n_pairs": 989,
            "n_samples": 1978,
            "pair_consistency": 50.45500505561172
          },
          "output_dir": "artifacts/probes/mvp/mvp_probe_mlp_videomae_vit_huge_16_224_20260508T164922Z/layer_8/eval/test",
          "split_dir": "data/splits/mvp/full_60_20_20"
        },
        "checkpoint": "artifacts/probes/mvp/mvp_probe_mlp_videomae_vit_huge_16_224_20260508T164922Z/layer_8/train/trial_0000/probe_best.pt",
        "dataset": "mvp",
        "feature_signature": "8032308ced2f1768",
        "metrics": {
          "accuracy": 71.7896865520728,
          "n_pairs": 989,
          "n_samples": 1978,
          "pair_consistency": 50.45500505561172
        },
        "metrics_by_split": {
          "test": {
            "accuracy": 71.7896865520728,
            "n_pairs": 989,
            "n_samples": 1978,
            "pair_consistency": 50.45500505561172
          },
          "train": {
            "accuracy": 90.65767284991568,
            "n_pairs": 2965,
            "n_samples": 5930,
            "pair_consistency": 81.4839797639123
          },
          "val": {
            "accuracy": 73.0030333670374,
            "n_pairs": 989,
            "n_samples": 1978,
            "pair_consistency": 50.859453993933265
          }
        },
        "objective_metric": 50.45500505561172,
        "prediction_file": "artifacts/probes/mvp/mvp_probe_mlp_videomae_vit_huge_16_224_20260508T164922Z/layer_8/eval/test/probe_predictions.json",
        "prediction_files": {
          "test": "artifacts/probes/mvp/mvp_probe_mlp_videomae_vit_huge_16_224_20260508T164922Z/layer_8/eval/test/probe_predictions.json",
          "train": "artifacts/probes/mvp/mvp_probe_mlp_videomae_vit_huge_16_224_20260508T164922Z/layer_8/eval/train/probe_predictions.json",
          "val": "artifacts/probes/mvp/mvp_probe_mlp_videomae_vit_huge_16_224_20260508T164922Z/layer_8/eval/val/probe_predictions.json"
        },
        "probe_eval_dir": "artifacts/probes/mvp/mvp_probe_mlp_videomae_vit_huge_16_224_20260508T164922Z/layer_8/eval",
        "probe_name": "mlp",
        "reported_splits": [
          "train",
          "val",
          "test"
        ],
        "split_eval_dirs": {
          "test": "artifacts/probes/mvp/mvp_probe_mlp_videomae_vit_huge_16_224_20260508T164922Z/layer_8/eval/test",
          "train": "artifacts/probes/mvp/mvp_probe_mlp_videomae_vit_huge_16_224_20260508T164922Z/layer_8/eval/train",
          "val": "artifacts/probes/mvp/mvp_probe_mlp_videomae_vit_huge_16_224_20260508T164922Z/layer_8/eval/val"
        },
        "split_evals": {
          "test": {
            "base_eval": {
              "metrics": {
                "accuracy": 71.7896865520728,
                "n_pairs": 989,
                "n_samples": 1978,
                "pair_consistency": 50.45500505561172
              },
              "output_dir": "artifacts/probes/mvp/mvp_probe_mlp_videomae_vit_huge_16_224_20260508T164922Z/layer_8/eval/test",
              "split_dir": "data/splits/mvp/full_60_20_20"
            },
            "checkpoint": "artifacts/probes/mvp/mvp_probe_mlp_videomae_vit_huge_16_224_20260508T164922Z/layer_8/train/trial_0000/probe_best.pt",
            "dataset": "mvp",
            "feature_signature": "8032308ced2f1768",
            "metrics": {
              "accuracy": 71.7896865520728,
              "n_pairs": 989,
              "n_samples": 1978,
              "pair_consistency": 50.45500505561172
            },
            "objective_metric": 50.45500505561172,
            "prediction_file": "artifacts/probes/mvp/mvp_probe_mlp_videomae_vit_huge_16_224_20260508T164922Z/layer_8/eval/test/probe_predictions.json",
            "probe_eval_dir": "artifacts/probes/mvp/mvp_probe_mlp_videomae_vit_huge_16_224_20260508T164922Z/layer_8/eval/test",
            "probe_name": "mlp",
            "split_name": "test"
          },
          "train": {
            "base_eval": {
              "metrics": {
                "accuracy": 90.65767284991568,
                "n_pairs": 2965,
                "n_samples": 5930,
                "pair_consistency": 81.4839797639123
              },
              "output_dir": "artifacts/probes/mvp/mvp_probe_mlp_videomae_vit_huge_16_224_20260508T164922Z/layer_8/eval/train",
              "split_dir": "data/splits/mvp/full_60_20_20"
            },
            "checkpoint": "artifacts/probes/mvp/mvp_probe_mlp_videomae_vit_huge_16_224_20260508T164922Z/layer_8/train/trial_0000/probe_best.pt",
            "dataset": "mvp",
            "feature_signature": "8032308ced2f1768",
            "metrics": {
              "accuracy": 90.65767284991568,
              "n_pairs": 2965,
              "n_samples": 5930,
              "pair_consistency": 81.4839797639123
            },
            "objective_metric": 81.4839797639123,
            "prediction_file": "artifacts/probes/mvp/mvp_probe_mlp_videomae_vit_huge_16_224_20260508T164922Z/layer_8/eval/train/probe_predictions.json",
            "probe_eval_dir": "artifacts/probes/mvp/mvp_probe_mlp_videomae_vit_huge_16_224_20260508T164922Z/layer_8/eval/train",
            "probe_name": "mlp",
            "split_name": "train"
          },
          "val": {
            "base_eval": {
              "metrics": {
                "accuracy": 73.0030333670374,
                "n_pairs": 989,
                "n_samples": 1978,
                "pair_consistency": 50.859453993933265
              },
              "output_dir": "artifacts/probes/mvp/mvp_probe_mlp_videomae_vit_huge_16_224_20260508T164922Z/layer_8/eval/val",
              "split_dir": "data/splits/mvp/full_60_20_20"
            },
            "checkpoint": "artifacts/probes/mvp/mvp_probe_mlp_videomae_vit_huge_16_224_20260508T164922Z/layer_8/train/trial_0000/probe_best.pt",
            "dataset": "mvp",
            "feature_signature": "8032308ced2f1768",
            "metrics": {
              "accuracy": 73.0030333670374,
              "n_pairs": 989,
              "n_samples": 1978,
              "pair_consistency": 50.859453993933265
            },
            "objective_metric": 50.859453993933265,
            "prediction_file": "artifacts/probes/mvp/mvp_probe_mlp_videomae_vit_huge_16_224_20260508T164922Z/layer_8/eval/val/probe_predictions.json",
            "probe_eval_dir": "artifacts/probes/mvp/mvp_probe_mlp_videomae_vit_huge_16_224_20260508T164922Z/layer_8/eval/val",
            "probe_name": "mlp",
            "split_name": "val"
          }
        },
        "split_name": "test"
      },
      "layer": 8,
      "layer_label": "8",
      "objective_metric": 50.45500505561172,
      "train": {
        "best_checkpoint": "artifacts/probes/mvp/mvp_probe_mlp_videomae_vit_huge_16_224_20260508T164922Z/layer_8/train/trial_0000/probe_best.pt",
        "best_eval_output_dir": "artifacts/probes/mvp/mvp_probe_mlp_videomae_vit_huge_16_224_20260508T164922Z/layer_8/train/trial_0000/val_eval",
        "best_output_dir": "artifacts/probes/mvp/mvp_probe_mlp_videomae_vit_huge_16_224_20260508T164922Z/layer_8/train/trial_0000",
        "best_params": {
          "batch_size": 32,
          "dropout": 0.21597250932105788,
          "epochs": 2000,
          "hidden_dims": "256",
          "lr": 0.0001329291894316216,
          "weight_decay": 0.005061576888752304
        },
        "best_trial_number": 0,
        "best_value": 50.859453993933265,
        "checkpoint": "artifacts/probes/mvp/mvp_probe_mlp_videomae_vit_huge_16_224_20260508T164922Z/layer_8/train/trial_0000/probe_best.pt",
        "dataset": "mvp",
        "direction": "maximize",
        "layer": 8,
        "n_trials": 20,
        "objective_metric": "pair_consistency",
        "output_dir": "artifacts/probes/mvp/mvp_probe_mlp_videomae_vit_huge_16_224_20260508T164922Z/layer_8/train",
        "probe_name": "mlp",
        "storage": "sqlite:////gpfs/home3/scur0511/Probe4Physics/artifacts/probes/mvp/mvp_probe_mlp_videomae_vit_huge_16_224_20260508T164922Z/layer_8/train/optuna_study.sqlite3",
        "study_name": "mvp_mlp_videomae_vit_huge_16_224_layer_8",
        "trials": [
          {
            "checkpoint": "artifacts/probes/mvp/mvp_probe_mlp_videomae_vit_huge_16_224_20260508T164922Z/layer_8/train/trial_0000/probe_best.pt",
            "eval_output_dir": "artifacts/probes/mvp/mvp_probe_mlp_videomae_vit_huge_16_224_20260508T164922Z/layer_8/train/trial_0000/val_eval",
            "output_dir": "artifacts/probes/mvp/mvp_probe_mlp_videomae_vit_huge_16_224_20260508T164922Z/layer_8/train/trial_0000",
            "params": {
              "batch_size": 32,
              "dropout": 0.21597250932105788,
              "epochs": 2000,
              "hidden_dims": "256",
              "lr": 0.0001329291894316216,
              "weight_decay": 0.005061576888752304
            },
            "trial_number": 0,
            "value": 50.859453993933265
          },
          {
            "checkpoint": "artifacts/probes/mvp/mvp_probe_mlp_videomae_vit_huge_16_224_20260508T164922Z/layer_8/train/trial_0001/probe_best.pt",
            "eval_output_dir": "artifacts/probes/mvp/mvp_probe_mlp_videomae_vit_huge_16_224_20260508T164922Z/layer_8/train/trial_0001/val_eval",
            "output_dir": "artifacts/probes/mvp/mvp_probe_mlp_videomae_vit_huge_16_224_20260508T164922Z/layer_8/train/trial_0001",
            "params": {
              "batch_size": 256,
              "dropout": 0.048836057003191935,
              "epochs": 20,
              "hidden_dims": "512x256",
              "lr": 7.476312062252303e-05,
              "weight_decay": 4.689400963537693e-05
            },
            "trial_number": 1,
            "value": 16.582406471183013
          },
          {
            "checkpoint": "artifacts/probes/mvp/mvp_probe_mlp_videomae_vit_huge_16_224_20260508T164922Z/layer_8/train/trial_0002/probe_best.pt",
            "eval_output_dir": "artifacts/probes/mvp/mvp_probe_mlp_videomae_vit_huge_16_224_20260508T164922Z/layer_8/train/trial_0002/val_eval",
            "output_dir": "artifacts/probes/mvp/mvp_probe_mlp_videomae_vit_huge_16_224_20260508T164922Z/layer_8/train/trial_0002",
            "params": {
              "batch_size": 256,
              "dropout": 0.04424625102595975,
              "epochs": 50,
              "hidden_dims": "256",
              "lr": 0.0011290133559092666,
              "weight_decay": 4.374364439939069e-06
            },
            "trial_number": 2,
            "value": 24.67138523761375
          },
          {
            "checkpoint": "artifacts/probes/mvp/mvp_probe_mlp_videomae_vit_huge_16_224_20260508T164922Z/layer_8/train/trial_0006/probe_best.pt",
            "eval_output_dir": "artifacts/probes/mvp/mvp_probe_mlp_videomae_vit_huge_16_224_20260508T164922Z/layer_8/train/trial_0006/val_eval",
            "output_dir": "artifacts/probes/mvp/mvp_probe_mlp_videomae_vit_huge_16_224_20260508T164922Z/layer_8/train/trial_0006",
            "params": {
              "batch_size": 128,
              "dropout": 0.0599326836668414,
              "epochs": 50,
              "hidden_dims": "512",
              "lr": 0.000794714742465374,
              "weight_decay": 0.0016934155410667966
            },
            "trial_number": 6,
            "value": 25.278058645096056
          },
          {
            "checkpoint": "artifacts/probes/mvp/mvp_probe_mlp_videomae_vit_huge_16_224_20260508T164922Z/layer_8/train/trial_0007/probe_best.pt",
            "eval_output_dir": "artifacts/probes/mvp/mvp_probe_mlp_videomae_vit_huge_16_224_20260508T164922Z/layer_8/train/trial_0007/val_eval",
            "output_dir": "artifacts/probes/mvp/mvp_probe_mlp_videomae_vit_huge_16_224_20260508T164922Z/layer_8/train/trial_0007",
            "params": {
              "batch_size": 128,
              "dropout": 0.11978094533348621,
              "epochs": 20,
              "hidden_dims": "1024x512x1024",
              "lr": 0.00010300196600986775,
              "weight_decay": 0.0045442082254883295
            },
            "trial_number": 7,
            "value": 12.133468149646106
          },
          {
            "checkpoint": "artifacts/probes/mvp/mvp_probe_mlp_videomae_vit_huge_16_224_20260508T164922Z/layer_8/train/trial_0008/probe_best.pt",
            "eval_output_dir": "artifacts/probes/mvp/mvp_probe_mlp_videomae_vit_huge_16_224_20260508T164922Z/layer_8/train/trial_0008/val_eval",
            "output_dir": "artifacts/probes/mvp/mvp_probe_mlp_videomae_vit_huge_16_224_20260508T164922Z/layer_8/train/trial_0008",
            "params": {
              "batch_size": 32,
              "dropout": 0.3387821809211412,
              "epochs": 50,
              "hidden_dims": "512",
              "lr": 2.7207248059486674e-05,
              "weight_decay": 8.64403589520682e-06
            },
            "trial_number": 8,
            "value": 26.39029322548028
          },
          {
            "checkpoint": "artifacts/probes/mvp/mvp_probe_mlp_videomae_vit_huge_16_224_20260508T164922Z/layer_8/train/trial_0009/probe_best.pt",
            "eval_output_dir": "artifacts/probes/mvp/mvp_probe_mlp_videomae_vit_huge_16_224_20260508T164922Z/layer_8/train/trial_0009/val_eval",
            "output_dir": "artifacts/probes/mvp/mvp_probe_mlp_videomae_vit_huge_16_224_20260508T164922Z/layer_8/train/trial_0009",
            "params": {
              "batch_size": 256,
              "dropout": 0.12092614545022584,
              "epochs": 50,
              "hidden_dims": "256",
              "lr": 1.1214075785991125e-05,
              "weight_decay": 1.1818390883060214e-05
            },
            "trial_number": 9,
            "value": 14.459049544994945
          },
          {
            "checkpoint": "artifacts/probes/mvp/mvp_probe_mlp_videomae_vit_huge_16_224_20260508T164922Z/layer_8/train/trial_0016/probe_best.pt",
            "eval_output_dir": "artifacts/probes/mvp/mvp_probe_mlp_videomae_vit_huge_16_224_20260508T164922Z/layer_8/train/trial_0016/val_eval",
            "output_dir": "artifacts/probes/mvp/mvp_probe_mlp_videomae_vit_huge_16_224_20260508T164922Z/layer_8/train/trial_0016",
            "params": {
              "batch_size": 32,
              "dropout": 0.45197189117096365,
              "epochs": 50,
              "hidden_dims": "512x256",
              "lr": 0.0001718440878518453,
              "weight_decay": 0.00619480551610472
            },
            "trial_number": 16,
            "value": 20.930232558139537
          },
          {
            "checkpoint": "artifacts/probes/mvp/mvp_probe_mlp_videomae_vit_huge_16_224_20260508T164922Z/layer_8/train/trial_0019/probe_best.pt",
            "eval_output_dir": "artifacts/probes/mvp/mvp_probe_mlp_videomae_vit_huge_16_224_20260508T164922Z/layer_8/train/trial_0019/val_eval",
            "output_dir": "artifacts/probes/mvp/mvp_probe_mlp_videomae_vit_huge_16_224_20260508T164922Z/layer_8/train/trial_0019",
            "params": {
              "batch_size": 64,
              "dropout": 0.2884745869448389,
              "epochs": 50,
              "hidden_dims": "512",
              "lr": 9.112084128938676e-05,
              "weight_decay": 6.867691807016495e-05
            },
            "trial_number": 19,
            "value": 25.480283114256824
          }
        ]
      }
    },
    {
      "checkpoint": "artifacts/probes/mvp/mvp_probe_mlp_videomae_vit_huge_16_224_20260508T164922Z/layer_16/train/trial_0000/probe_best.pt",
      "eval": {
        "base_eval": {
          "metrics": {
            "accuracy": 76.49140546006066,
            "n_pairs": 989,
            "n_samples": 1978,
            "pair_consistency": 57.83619817997978
          },
          "output_dir": "artifacts/probes/mvp/mvp_probe_mlp_videomae_vit_huge_16_224_20260508T164922Z/layer_16/eval/test",
          "split_dir": "data/splits/mvp/full_60_20_20"
        },
        "checkpoint": "artifacts/probes/mvp/mvp_probe_mlp_videomae_vit_huge_16_224_20260508T164922Z/layer_16/train/trial_0000/probe_best.pt",
        "dataset": "mvp",
        "feature_signature": "8032308ced2f1768",
        "metrics": {
          "accuracy": 76.49140546006066,
          "n_pairs": 989,
          "n_samples": 1978,
          "pair_consistency": 57.83619817997978
        },
        "metrics_by_split": {
          "test": {
            "accuracy": 76.49140546006066,
            "n_pairs": 989,
            "n_samples": 1978,
            "pair_consistency": 57.83619817997978
          },
          "train": {
            "accuracy": 93.06913996627318,
            "n_pairs": 2965,
            "n_samples": 5930,
            "pair_consistency": 86.13827993254637
          },
          "val": {
            "accuracy": 78.26086956521739,
            "n_pairs": 989,
            "n_samples": 1978,
            "pair_consistency": 59.95955510616785
          }
        },
        "objective_metric": 57.83619817997978,
        "prediction_file": "artifacts/probes/mvp/mvp_probe_mlp_videomae_vit_huge_16_224_20260508T164922Z/layer_16/eval/test/probe_predictions.json",
        "prediction_files": {
          "test": "artifacts/probes/mvp/mvp_probe_mlp_videomae_vit_huge_16_224_20260508T164922Z/layer_16/eval/test/probe_predictions.json",
          "train": "artifacts/probes/mvp/mvp_probe_mlp_videomae_vit_huge_16_224_20260508T164922Z/layer_16/eval/train/probe_predictions.json",
          "val": "artifacts/probes/mvp/mvp_probe_mlp_videomae_vit_huge_16_224_20260508T164922Z/layer_16/eval/val/probe_predictions.json"
        },
        "probe_eval_dir": "artifacts/probes/mvp/mvp_probe_mlp_videomae_vit_huge_16_224_20260508T164922Z/layer_16/eval",
        "probe_name": "mlp",
        "reported_splits": [
          "train",
          "val",
          "test"
        ],
        "split_eval_dirs": {
          "test": "artifacts/probes/mvp/mvp_probe_mlp_videomae_vit_huge_16_224_20260508T164922Z/layer_16/eval/test",
          "train": "artifacts/probes/mvp/mvp_probe_mlp_videomae_vit_huge_16_224_20260508T164922Z/layer_16/eval/train",
          "val": "artifacts/probes/mvp/mvp_probe_mlp_videomae_vit_huge_16_224_20260508T164922Z/layer_16/eval/val"
        },
        "split_evals": {
          "test": {
            "base_eval": {
              "metrics": {
                "accuracy": 76.49140546006066,
                "n_pairs": 989,
                "n_samples": 1978,
                "pair_consistency": 57.83619817997978
              },
              "output_dir": "artifacts/probes/mvp/mvp_probe_mlp_videomae_vit_huge_16_224_20260508T164922Z/layer_16/eval/test",
              "split_dir": "data/splits/mvp/full_60_20_20"
            },
            "checkpoint": "artifacts/probes/mvp/mvp_probe_mlp_videomae_vit_huge_16_224_20260508T164922Z/layer_16/train/trial_0000/probe_best.pt",
            "dataset": "mvp",
            "feature_signature": "8032308ced2f1768",
            "metrics": {
              "accuracy": 76.49140546006066,
              "n_pairs": 989,
              "n_samples": 1978,
              "pair_consistency": 57.83619817997978
            },
            "objective_metric": 57.83619817997978,
            "prediction_file": "artifacts/probes/mvp/mvp_probe_mlp_videomae_vit_huge_16_224_20260508T164922Z/layer_16/eval/test/probe_predictions.json",
            "probe_eval_dir": "artifacts/probes/mvp/mvp_probe_mlp_videomae_vit_huge_16_224_20260508T164922Z/layer_16/eval/test",
            "probe_name": "mlp",
            "split_name": "test"
          },
          "train": {
            "base_eval": {
              "metrics": {
                "accuracy": 93.06913996627318,
                "n_pairs": 2965,
                "n_samples": 5930,
                "pair_consistency": 86.13827993254637
              },
              "output_dir": "artifacts/probes/mvp/mvp_probe_mlp_videomae_vit_huge_16_224_20260508T164922Z/layer_16/eval/train",
              "split_dir": "data/splits/mvp/full_60_20_20"
            },
            "checkpoint": "artifacts/probes/mvp/mvp_probe_mlp_videomae_vit_huge_16_224_20260508T164922Z/layer_16/train/trial_0000/probe_best.pt",
            "dataset": "mvp",
            "feature_signature": "8032308ced2f1768",
            "metrics": {
              "accuracy": 93.06913996627318,
              "n_pairs": 2965,
              "n_samples": 5930,
              "pair_consistency": 86.13827993254637
            },
            "objective_metric": 86.13827993254637,
            "prediction_file": "artifacts/probes/mvp/mvp_probe_mlp_videomae_vit_huge_16_224_20260508T164922Z/layer_16/eval/train/probe_predictions.json",
            "probe_eval_dir": "artifacts/probes/mvp/mvp_probe_mlp_videomae_vit_huge_16_224_20260508T164922Z/layer_16/eval/train",
            "probe_name": "mlp",
            "split_name": "train"
          },
          "val": {
            "base_eval": {
              "metrics": {
                "accuracy": 78.26086956521739,
                "n_pairs": 989,
                "n_samples": 1978,
                "pair_consistency": 59.95955510616785
              },
              "output_dir": "artifacts/probes/mvp/mvp_probe_mlp_videomae_vit_huge_16_224_20260508T164922Z/layer_16/eval/val",
              "split_dir": "data/splits/mvp/full_60_20_20"
            },
            "checkpoint": "artifacts/probes/mvp/mvp_probe_mlp_videomae_vit_huge_16_224_20260508T164922Z/layer_16/train/trial_0000/probe_best.pt",
            "dataset": "mvp",
            "feature_signature": "8032308ced2f1768",
            "metrics": {
              "accuracy": 78.26086956521739,
              "n_pairs": 989,
              "n_samples": 1978,
              "pair_consistency": 59.95955510616785
            },
            "objective_metric": 59.95955510616785,
            "prediction_file": "artifacts/probes/mvp/mvp_probe_mlp_videomae_vit_huge_16_224_20260508T164922Z/layer_16/eval/val/probe_predictions.json",
            "probe_eval_dir": "artifacts/probes/mvp/mvp_probe_mlp_videomae_vit_huge_16_224_20260508T164922Z/layer_16/eval/val",
            "probe_name": "mlp",
            "split_name": "val"
          }
        },
        "split_name": "test"
      },
      "layer": 16,
      "layer_label": "16",
      "objective_metric": 57.83619817997978,
      "train": {
        "best_checkpoint": "artifacts/probes/mvp/mvp_probe_mlp_videomae_vit_huge_16_224_20260508T164922Z/layer_16/train/trial_0000/probe_best.pt",
        "best_eval_output_dir": "artifacts/probes/mvp/mvp_probe_mlp_videomae_vit_huge_16_224_20260508T164922Z/layer_16/train/trial_0000/val_eval",
        "best_output_dir": "artifacts/probes/mvp/mvp_probe_mlp_videomae_vit_huge_16_224_20260508T164922Z/layer_16/train/trial_0000",
        "best_params": {
          "batch_size": 32,
          "dropout": 0.21597250932105788,
          "epochs": 2000,
          "hidden_dims": "256",
          "lr": 0.0001329291894316216,
          "weight_decay": 0.005061576888752304
        },
        "best_trial_number": 0,
        "best_value": 59.95955510616785,
        "checkpoint": "artifacts/probes/mvp/mvp_probe_mlp_videomae_vit_huge_16_224_20260508T164922Z/layer_16/train/trial_0000/probe_best.pt",
        "dataset": "mvp",
        "direction": "maximize",
        "layer": 16,
        "n_trials": 20,
        "objective_metric": "pair_consistency",
        "output_dir": "artifacts/probes/mvp/mvp_probe_mlp_videomae_vit_huge_16_224_20260508T164922Z/layer_16/train",
        "probe_name": "mlp",
        "storage": "sqlite:////gpfs/home3/scur0511/Probe4Physics/artifacts/probes/mvp/mvp_probe_mlp_videomae_vit_huge_16_224_20260508T164922Z/layer_16/train/optuna_study.sqlite3",
        "study_name": "mvp_mlp_videomae_vit_huge_16_224_layer_16",
        "trials": [
          {
            "checkpoint": "artifacts/probes/mvp/mvp_probe_mlp_videomae_vit_huge_16_224_20260508T164922Z/layer_16/train/trial_0000/probe_best.pt",
            "eval_output_dir": "artifacts/probes/mvp/mvp_probe_mlp_videomae_vit_huge_16_224_20260508T164922Z/layer_16/train/trial_0000/val_eval",
            "output_dir": "artifacts/probes/mvp/mvp_probe_mlp_videomae_vit_huge_16_224_20260508T164922Z/layer_16/train/trial_0000",
            "params": {
              "batch_size": 32,
              "dropout": 0.21597250932105788,
              "epochs": 2000,
              "hidden_dims": "256",
              "lr": 0.0001329291894316216,
              "weight_decay": 0.005061576888752304
            },
            "trial_number": 0,
            "value": 59.95955510616785
          },
          {
            "checkpoint": "artifacts/probes/mvp/mvp_probe_mlp_videomae_vit_huge_16_224_20260508T164922Z/layer_16/train/trial_0001/probe_best.pt",
            "eval_output_dir": "artifacts/probes/mvp/mvp_probe_mlp_videomae_vit_huge_16_224_20260508T164922Z/layer_16/train/trial_0001/val_eval",
            "output_dir": "artifacts/probes/mvp/mvp_probe_mlp_videomae_vit_huge_16_224_20260508T164922Z/layer_16/train/trial_0001",
            "params": {
              "batch_size": 256,
              "dropout": 0.048836057003191935,
              "epochs": 20,
              "hidden_dims": "512x256",
              "lr": 7.476312062252303e-05,
              "weight_decay": 4.689400963537693e-05
            },
            "trial_number": 1,
            "value": 23.86248736097068
          },
          {
            "checkpoint": "artifacts/probes/mvp/mvp_probe_mlp_videomae_vit_huge_16_224_20260508T164922Z/layer_16/train/trial_0002/probe_best.pt",
            "eval_output_dir": "artifacts/probes/mvp/mvp_probe_mlp_videomae_vit_huge_16_224_20260508T164922Z/layer_16/train/trial_0002/val_eval",
            "output_dir": "artifacts/probes/mvp/mvp_probe_mlp_videomae_vit_huge_16_224_20260508T164922Z/layer_16/train/trial_0002",
            "params": {
              "batch_size": 256,
              "dropout": 0.04424625102595975,
              "epochs": 50,
              "hidden_dims": "256",
              "lr": 0.0011290133559092666,
              "weight_decay": 4.374364439939069e-06
            },
            "trial_number": 2,
            "value": 26.59251769464105
          },
          {
            "checkpoint": "artifacts/probes/mvp/mvp_probe_mlp_videomae_vit_huge_16_224_20260508T164922Z/layer_16/train/trial_0006/probe_best.pt",
            "eval_output_dir": "artifacts/probes/mvp/mvp_probe_mlp_videomae_vit_huge_16_224_20260508T164922Z/layer_16/train/trial_0006/val_eval",
            "output_dir": "artifacts/probes/mvp/mvp_probe_mlp_videomae_vit_huge_16_224_20260508T164922Z/layer_16/train/trial_0006",
            "params": {
              "batch_size": 128,
              "dropout": 0.0599326836668414,
              "epochs": 50,
              "hidden_dims": "512",
              "lr": 0.000794714742465374,
              "weight_decay": 0.0016934155410667966
            },
            "trial_number": 6,
            "value": 32.153690596562186
          },
          {
            "checkpoint": "artifacts/probes/mvp/mvp_probe_mlp_videomae_vit_huge_16_224_20260508T164922Z/layer_16/train/trial_0007/probe_best.pt",
            "eval_output_dir": "artifacts/probes/mvp/mvp_probe_mlp_videomae_vit_huge_16_224_20260508T164922Z/layer_16/train/trial_0007/val_eval",
            "output_dir": "artifacts/probes/mvp/mvp_probe_mlp_videomae_vit_huge_16_224_20260508T164922Z/layer_16/train/trial_0007",
            "params": {
              "batch_size": 128,
              "dropout": 0.11978094533348621,
              "epochs": 20,
              "hidden_dims": "1024x512x1024",
              "lr": 0.00010300196600986775,
              "weight_decay": 0.0045442082254883295
            },
            "trial_number": 7,
            "value": 16.78463094034378
          },
          {
            "checkpoint": "artifacts/probes/mvp/mvp_probe_mlp_videomae_vit_huge_16_224_20260508T164922Z/layer_16/train/trial_0008/probe_best.pt",
            "eval_output_dir": "artifacts/probes/mvp/mvp_probe_mlp_videomae_vit_huge_16_224_20260508T164922Z/layer_16/train/trial_0008/val_eval",
            "output_dir": "artifacts/probes/mvp/mvp_probe_mlp_videomae_vit_huge_16_224_20260508T164922Z/layer_16/train/trial_0008",
            "params": {
              "batch_size": 32,
              "dropout": 0.3387821809211412,
              "epochs": 50,
              "hidden_dims": "512",
              "lr": 2.7207248059486674e-05,
              "weight_decay": 8.64403589520682e-06
            },
            "trial_number": 8,
            "value": 29.828109201213348
          },
          {
            "checkpoint": "artifacts/probes/mvp/mvp_probe_mlp_videomae_vit_huge_16_224_20260508T164922Z/layer_16/train/trial_0009/probe_best.pt",
            "eval_output_dir": "artifacts/probes/mvp/mvp_probe_mlp_videomae_vit_huge_16_224_20260508T164922Z/layer_16/train/trial_0009/val_eval",
            "output_dir": "artifacts/probes/mvp/mvp_probe_mlp_videomae_vit_huge_16_224_20260508T164922Z/layer_16/train/trial_0009",
            "params": {
              "batch_size": 256,
              "dropout": 0.12092614545022584,
              "epochs": 50,
              "hidden_dims": "256",
              "lr": 1.1214075785991125e-05,
              "weight_decay": 1.1818390883060214e-05
            },
            "trial_number": 9,
            "value": 17.18907987866532
          },
          {
            "checkpoint": "artifacts/probes/mvp/mvp_probe_mlp_videomae_vit_huge_16_224_20260508T164922Z/layer_16/train/trial_0011/probe_best.pt",
            "eval_output_dir": "artifacts/probes/mvp/mvp_probe_mlp_videomae_vit_huge_16_224_20260508T164922Z/layer_16/train/trial_0011/val_eval",
            "output_dir": "artifacts/probes/mvp/mvp_probe_mlp_videomae_vit_huge_16_224_20260508T164922Z/layer_16/train/trial_0011",
            "params": {
              "batch_size": 32,
              "dropout": 0.23036595192387704,
              "epochs": 100,
              "hidden_dims": "1024",
              "lr": 0.000381663861962904,
              "weight_decay": 0.00821160806524291
            },
            "trial_number": 11,
            "value": 36.19817997977755
          },
          {
            "checkpoint": "artifacts/probes/mvp/mvp_probe_mlp_videomae_vit_huge_16_224_20260508T164922Z/layer_16/train/trial_0012/probe_best.pt",
            "eval_output_dir": "artifacts/probes/mvp/mvp_probe_mlp_videomae_vit_huge_16_224_20260508T164922Z/layer_16/train/trial_0012/val_eval",
            "output_dir": "artifacts/probes/mvp/mvp_probe_mlp_videomae_vit_huge_16_224_20260508T164922Z/layer_16/train/trial_0012",
            "params": {
              "batch_size": 32,
              "dropout": 0.2403404633740749,
              "epochs": 100,
              "hidden_dims": "1024",
              "lr": 0.00025735031695662674,
              "weight_decay": 0.008946810000979412
            },
            "trial_number": 12,
            "value": 33.67037411526795
          },
          {
            "checkpoint": "artifacts/probes/mvp/mvp_probe_mlp_videomae_vit_huge_16_224_20260508T164922Z/layer_16/train/trial_0013/probe_best.pt",
            "eval_output_dir": "artifacts/probes/mvp/mvp_probe_mlp_videomae_vit_huge_16_224_20260508T164922Z/layer_16/train/trial_0013/val_eval",
            "output_dir": "artifacts/probes/mvp/mvp_probe_mlp_videomae_vit_huge_16_224_20260508T164922Z/layer_16/train/trial_0013",
            "params": {
              "batch_size": 32,
              "dropout": 0.17669806916348033,
              "epochs": 100,
              "hidden_dims": "1024",
              "lr": 0.000159754267808109,
              "weight_decay": 0.0003465800417093877
            },
            "trial_number": 13,
            "value": 36.09706774519717
          },
          {
            "checkpoint": "artifacts/probes/mvp/mvp_probe_mlp_videomae_vit_huge_16_224_20260508T164922Z/layer_16/train/trial_0019/probe_best.pt",
            "eval_output_dir": "artifacts/probes/mvp/mvp_probe_mlp_videomae_vit_huge_16_224_20260508T164922Z/layer_16/train/trial_0019/val_eval",
            "output_dir": "artifacts/probes/mvp/mvp_probe_mlp_videomae_vit_huge_16_224_20260508T164922Z/layer_16/train/trial_0019",
            "params": {
              "batch_size": 64,
              "dropout": 0.12949369285522527,
              "epochs": 100,
              "hidden_dims": "1024",
              "lr": 1.9271614885597854e-05,
              "weight_decay": 0.0026786051111213917
            },
            "trial_number": 19,
            "value": 34.883720930232556
          }
        ]
      }
    },
    {
      "checkpoint": "artifacts/probes/mvp/mvp_probe_mlp_videomae_vit_huge_16_224_20260508T164922Z/layer_24/train/trial_0000/probe_best.pt",
      "eval": {
        "base_eval": {
          "metrics": {
            "accuracy": 80.1314459049545,
            "n_pairs": 989,
            "n_samples": 1978,
            "pair_consistency": 64.40849342770476
          },
          "output_dir": "artifacts/probes/mvp/mvp_probe_mlp_videomae_vit_huge_16_224_20260508T164922Z/layer_24/eval/test",
          "split_dir": "data/splits/mvp/full_60_20_20"
        },
        "checkpoint": "artifacts/probes/mvp/mvp_probe_mlp_videomae_vit_huge_16_224_20260508T164922Z/layer_24/train/trial_0000/probe_best.pt",
        "dataset": "mvp",
        "feature_signature": "8032308ced2f1768",
        "metrics": {
          "accuracy": 80.1314459049545,
          "n_pairs": 989,
          "n_samples": 1978,
          "pair_consistency": 64.40849342770476
        },
        "metrics_by_split": {
          "test": {
            "accuracy": 80.1314459049545,
            "n_pairs": 989,
            "n_samples": 1978,
            "pair_consistency": 64.40849342770476
          },
          "train": {
            "accuracy": 96.42495784148399,
            "n_pairs": 2965,
            "n_samples": 5930,
            "pair_consistency": 92.91736930860034
          },
          "val": {
            "accuracy": 82.91203235591507,
            "n_pairs": 989,
            "n_samples": 1978,
            "pair_consistency": 68.85743174924166
          }
        },
        "objective_metric": 64.40849342770476,
        "prediction_file": "artifacts/probes/mvp/mvp_probe_mlp_videomae_vit_huge_16_224_20260508T164922Z/layer_24/eval/test/probe_predictions.json",
        "prediction_files": {
          "test": "artifacts/probes/mvp/mvp_probe_mlp_videomae_vit_huge_16_224_20260508T164922Z/layer_24/eval/test/probe_predictions.json",
          "train": "artifacts/probes/mvp/mvp_probe_mlp_videomae_vit_huge_16_224_20260508T164922Z/layer_24/eval/train/probe_predictions.json",
          "val": "artifacts/probes/mvp/mvp_probe_mlp_videomae_vit_huge_16_224_20260508T164922Z/layer_24/eval/val/probe_predictions.json"
        },
        "probe_eval_dir": "artifacts/probes/mvp/mvp_probe_mlp_videomae_vit_huge_16_224_20260508T164922Z/layer_24/eval",
        "probe_name": "mlp",
        "reported_splits": [
          "train",
          "val",
          "test"
        ],
        "split_eval_dirs": {
          "test": "artifacts/probes/mvp/mvp_probe_mlp_videomae_vit_huge_16_224_20260508T164922Z/layer_24/eval/test",
          "train": "artifacts/probes/mvp/mvp_probe_mlp_videomae_vit_huge_16_224_20260508T164922Z/layer_24/eval/train",
          "val": "artifacts/probes/mvp/mvp_probe_mlp_videomae_vit_huge_16_224_20260508T164922Z/layer_24/eval/val"
        },
        "split_evals": {
          "test": {
            "base_eval": {
              "metrics": {
                "accuracy": 80.1314459049545,
                "n_pairs": 989,
                "n_samples": 1978,
                "pair_consistency": 64.40849342770476
              },
              "output_dir": "artifacts/probes/mvp/mvp_probe_mlp_videomae_vit_huge_16_224_20260508T164922Z/layer_24/eval/test",
              "split_dir": "data/splits/mvp/full_60_20_20"
            },
            "checkpoint": "artifacts/probes/mvp/mvp_probe_mlp_videomae_vit_huge_16_224_20260508T164922Z/layer_24/train/trial_0000/probe_best.pt",
            "dataset": "mvp",
            "feature_signature": "8032308ced2f1768",
            "metrics": {
              "accuracy": 80.1314459049545,
              "n_pairs": 989,
              "n_samples": 1978,
              "pair_consistency": 64.40849342770476
            },
            "objective_metric": 64.40849342770476,
            "prediction_file": "artifacts/probes/mvp/mvp_probe_mlp_videomae_vit_huge_16_224_20260508T164922Z/layer_24/eval/test/probe_predictions.json",
            "probe_eval_dir": "artifacts/probes/mvp/mvp_probe_mlp_videomae_vit_huge_16_224_20260508T164922Z/layer_24/eval/test",
            "probe_name": "mlp",
            "split_name": "test"
          },
          "train": {
            "base_eval": {
              "metrics": {
                "accuracy": 96.42495784148399,
                "n_pairs": 2965,
                "n_samples": 5930,
                "pair_consistency": 92.91736930860034
              },
              "output_dir": "artifacts/probes/mvp/mvp_probe_mlp_videomae_vit_huge_16_224_20260508T164922Z/layer_24/eval/train",
              "split_dir": "data/splits/mvp/full_60_20_20"
            },
            "checkpoint": "artifacts/probes/mvp/mvp_probe_mlp_videomae_vit_huge_16_224_20260508T164922Z/layer_24/train/trial_0000/probe_best.pt",
            "dataset": "mvp",
            "feature_signature": "8032308ced2f1768",
            "metrics": {
              "accuracy": 96.42495784148399,
              "n_pairs": 2965,
              "n_samples": 5930,
              "pair_consistency": 92.91736930860034
            },
            "objective_metric": 92.91736930860034,
            "prediction_file": "artifacts/probes/mvp/mvp_probe_mlp_videomae_vit_huge_16_224_20260508T164922Z/layer_24/eval/train/probe_predictions.json",
            "probe_eval_dir": "artifacts/probes/mvp/mvp_probe_mlp_videomae_vit_huge_16_224_20260508T164922Z/layer_24/eval/train",
            "probe_name": "mlp",
            "split_name": "train"
          },
          "val": {
            "base_eval": {
              "metrics": {
                "accuracy": 82.91203235591507,
                "n_pairs": 989,
                "n_samples": 1978,
                "pair_consistency": 68.85743174924166
              },
              "output_dir": "artifacts/probes/mvp/mvp_probe_mlp_videomae_vit_huge_16_224_20260508T164922Z/layer_24/eval/val",
              "split_dir": "data/splits/mvp/full_60_20_20"
            },
            "checkpoint": "artifacts/probes/mvp/mvp_probe_mlp_videomae_vit_huge_16_224_20260508T164922Z/layer_24/train/trial_0000/probe_best.pt",
            "dataset": "mvp",
            "feature_signature": "8032308ced2f1768",
            "metrics": {
              "accuracy": 82.91203235591507,
              "n_pairs": 989,
              "n_samples": 1978,
              "pair_consistency": 68.85743174924166
            },
            "objective_metric": 68.85743174924166,
            "prediction_file": "artifacts/probes/mvp/mvp_probe_mlp_videomae_vit_huge_16_224_20260508T164922Z/layer_24/eval/val/probe_predictions.json",
            "probe_eval_dir": "artifacts/probes/mvp/mvp_probe_mlp_videomae_vit_huge_16_224_20260508T164922Z/layer_24/eval/val",
            "probe_name": "mlp",
            "split_name": "val"
          }
        },
        "split_name": "test"
      },
      "layer": 24,
      "layer_label": "24",
      "objective_metric": 64.40849342770476,
      "train": {
        "best_checkpoint": "artifacts/probes/mvp/mvp_probe_mlp_videomae_vit_huge_16_224_20260508T164922Z/layer_24/train/trial_0000/probe_best.pt",
        "best_eval_output_dir": "artifacts/probes/mvp/mvp_probe_mlp_videomae_vit_huge_16_224_20260508T164922Z/layer_24/train/trial_0000/val_eval",
        "best_output_dir": "artifacts/probes/mvp/mvp_probe_mlp_videomae_vit_huge_16_224_20260508T164922Z/layer_24/train/trial_0000",
        "best_params": {
          "batch_size": 32,
          "dropout": 0.21597250932105788,
          "epochs": 2000,
          "hidden_dims": "256",
          "lr": 0.0001329291894316216,
          "weight_decay": 0.005061576888752304
        },
        "best_trial_number": 0,
        "best_value": 68.85743174924166,
        "checkpoint": "artifacts/probes/mvp/mvp_probe_mlp_videomae_vit_huge_16_224_20260508T164922Z/layer_24/train/trial_0000/probe_best.pt",
        "dataset": "mvp",
        "direction": "maximize",
        "layer": 24,
        "n_trials": 20,
        "objective_metric": "pair_consistency",
        "output_dir": "artifacts/probes/mvp/mvp_probe_mlp_videomae_vit_huge_16_224_20260508T164922Z/layer_24/train",
        "probe_name": "mlp",
        "storage": "sqlite:////gpfs/home3/scur0511/Probe4Physics/artifacts/probes/mvp/mvp_probe_mlp_videomae_vit_huge_16_224_20260508T164922Z/layer_24/train/optuna_study.sqlite3",
        "study_name": "mvp_mlp_videomae_vit_huge_16_224_layer_24",
        "trials": [
          {
            "checkpoint": "artifacts/probes/mvp/mvp_probe_mlp_videomae_vit_huge_16_224_20260508T164922Z/layer_24/train/trial_0000/probe_best.pt",
            "eval_output_dir": "artifacts/probes/mvp/mvp_probe_mlp_videomae_vit_huge_16_224_20260508T164922Z/layer_24/train/trial_0000/val_eval",
            "output_dir": "artifacts/probes/mvp/mvp_probe_mlp_videomae_vit_huge_16_224_20260508T164922Z/layer_24/train/trial_0000",
            "params": {
              "batch_size": 32,
              "dropout": 0.21597250932105788,
              "epochs": 2000,
              "hidden_dims": "256",
              "lr": 0.0001329291894316216,
              "weight_decay": 0.005061576888752304
            },
            "trial_number": 0,
            "value": 68.85743174924166
          },
          {
            "checkpoint": "artifacts/probes/mvp/mvp_probe_mlp_videomae_vit_huge_16_224_20260508T164922Z/layer_24/train/trial_0001/probe_best.pt",
            "eval_output_dir": "artifacts/probes/mvp/mvp_probe_mlp_videomae_vit_huge_16_224_20260508T164922Z/layer_24/train/trial_0001/val_eval",
            "output_dir": "artifacts/probes/mvp/mvp_probe_mlp_videomae_vit_huge_16_224_20260508T164922Z/layer_24/train/trial_0001",
            "params": {
              "batch_size": 256,
              "dropout": 0.048836057003191935,
              "epochs": 20,
              "hidden_dims": "512x256",
              "lr": 7.476312062252303e-05,
              "weight_decay": 4.689400963537693e-05
            },
            "trial_number": 1,
            "value": 23.96359959555106
          },
          {
            "checkpoint": "artifacts/probes/mvp/mvp_probe_mlp_videomae_vit_huge_16_224_20260508T164922Z/layer_24/train/trial_0002/probe_best.pt",
            "eval_output_dir": "artifacts/probes/mvp/mvp_probe_mlp_videomae_vit_huge_16_224_20260508T164922Z/layer_24/train/trial_0002/val_eval",
            "output_dir": "artifacts/probes/mvp/mvp_probe_mlp_videomae_vit_huge_16_224_20260508T164922Z/layer_24/train/trial_0002",
            "params": {
              "batch_size": 256,
              "dropout": 0.04424625102595975,
              "epochs": 50,
              "hidden_dims": "256",
              "lr": 0.0011290133559092666,
              "weight_decay": 4.374364439939069e-06
            },
            "trial_number": 2,
            "value": 29.828109201213348
          },
          {
            "checkpoint": "artifacts/probes/mvp/mvp_probe_mlp_videomae_vit_huge_16_224_20260508T164922Z/layer_24/train/trial_0006/probe_best.pt",
            "eval_output_dir": "artifacts/probes/mvp/mvp_probe_mlp_videomae_vit_huge_16_224_20260508T164922Z/layer_24/train/trial_0006/val_eval",
            "output_dir": "artifacts/probes/mvp/mvp_probe_mlp_videomae_vit_huge_16_224_20260508T164922Z/layer_24/train/trial_0006",
            "params": {
              "batch_size": 128,
              "dropout": 0.0599326836668414,
              "epochs": 50,
              "hidden_dims": "512",
              "lr": 0.000794714742465374,
              "weight_decay": 0.0016934155410667966
            },
            "trial_number": 6,
            "value": 34.98483316481295
          },
          {
            "checkpoint": "artifacts/probes/mvp/mvp_probe_mlp_videomae_vit_huge_16_224_20260508T164922Z/layer_24/train/trial_0007/probe_best.pt",
            "eval_output_dir": "artifacts/probes/mvp/mvp_probe_mlp_videomae_vit_huge_16_224_20260508T164922Z/layer_24/train/trial_0007/val_eval",
            "output_dir": "artifacts/probes/mvp/mvp_probe_mlp_videomae_vit_huge_16_224_20260508T164922Z/layer_24/train/trial_0007",
            "params": {
              "batch_size": 128,
              "dropout": 0.11978094533348621,
              "epochs": 20,
              "hidden_dims": "1024x512x1024",
              "lr": 0.00010300196600986775,
              "weight_decay": 0.0045442082254883295
            },
            "trial_number": 7,
            "value": 17.18907987866532
          },
          {
            "checkpoint": "artifacts/probes/mvp/mvp_probe_mlp_videomae_vit_huge_16_224_20260508T164922Z/layer_24/train/trial_0008/probe_best.pt",
            "eval_output_dir": "artifacts/probes/mvp/mvp_probe_mlp_videomae_vit_huge_16_224_20260508T164922Z/layer_24/train/trial_0008/val_eval",
            "output_dir": "artifacts/probes/mvp/mvp_probe_mlp_videomae_vit_huge_16_224_20260508T164922Z/layer_24/train/trial_0008",
            "params": {
              "batch_size": 32,
              "dropout": 0.3387821809211412,
              "epochs": 50,
              "hidden_dims": "512",
              "lr": 2.7207248059486674e-05,
              "weight_decay": 8.64403589520682e-06
            },
            "trial_number": 8,
            "value": 32.55813953488372
          },
          {
            "checkpoint": "artifacts/probes/mvp/mvp_probe_mlp_videomae_vit_huge_16_224_20260508T164922Z/layer_24/train/trial_0009/probe_best.pt",
            "eval_output_dir": "artifacts/probes/mvp/mvp_probe_mlp_videomae_vit_huge_16_224_20260508T164922Z/layer_24/train/trial_0009/val_eval",
            "output_dir": "artifacts/probes/mvp/mvp_probe_mlp_videomae_vit_huge_16_224_20260508T164922Z/layer_24/train/trial_0009",
            "params": {
              "batch_size": 256,
              "dropout": 0.12092614545022584,
              "epochs": 50,
              "hidden_dims": "256",
              "lr": 1.1214075785991125e-05,
              "weight_decay": 1.1818390883060214e-05
            },
            "trial_number": 9,
            "value": 17.795753286147622
          },
          {
            "checkpoint": "artifacts/probes/mvp/mvp_probe_mlp_videomae_vit_huge_16_224_20260508T164922Z/layer_24/train/trial_0016/probe_best.pt",
            "eval_output_dir": "artifacts/probes/mvp/mvp_probe_mlp_videomae_vit_huge_16_224_20260508T164922Z/layer_24/train/trial_0016/val_eval",
            "output_dir": "artifacts/probes/mvp/mvp_probe_mlp_videomae_vit_huge_16_224_20260508T164922Z/layer_24/train/trial_0016",
            "params": {
              "batch_size": 128,
              "dropout": 0.016755558826512106,
              "epochs": 50,
              "hidden_dims": "512x256",
              "lr": 0.0006565628534662934,
              "weight_decay": 0.0014835106272763968
            },
            "trial_number": 16,
            "value": 28.412537917087967
          },
          {
            "checkpoint": "artifacts/probes/mvp/mvp_probe_mlp_videomae_vit_huge_16_224_20260508T164922Z/layer_24/train/trial_0019/probe_best.pt",
            "eval_output_dir": "artifacts/probes/mvp/mvp_probe_mlp_videomae_vit_huge_16_224_20260508T164922Z/layer_24/train/trial_0019/val_eval",
            "output_dir": "artifacts/probes/mvp/mvp_probe_mlp_videomae_vit_huge_16_224_20260508T164922Z/layer_24/train/trial_0019",
            "params": {
              "batch_size": 128,
              "dropout": 0.2884745869448389,
              "epochs": 50,
              "hidden_dims": "512",
              "lr": 0.0027623800704545468,
              "weight_decay": 6.867691807016495e-05
            },
            "trial_number": 19,
            "value": 28.61476238624874
          }
        ]
      }
    },
    {
      "checkpoint": "artifacts/probes/mvp/mvp_probe_mlp_videomae_vit_huge_16_224_20260508T164922Z/layer_32/train/trial_0000/probe_best.pt",
      "eval": {
        "base_eval": {
          "metrics": {
            "accuracy": 79.97977755308392,
            "n_pairs": 989,
            "n_samples": 1978,
            "pair_consistency": 62.588473205257834
          },
          "output_dir": "artifacts/probes/mvp/mvp_probe_mlp_videomae_vit_huge_16_224_20260508T164922Z/layer_32/eval/test",
          "split_dir": "data/splits/mvp/full_60_20_20"
        },
        "checkpoint": "artifacts/probes/mvp/mvp_probe_mlp_videomae_vit_huge_16_224_20260508T164922Z/layer_32/train/trial_0000/probe_best.pt",
        "dataset": "mvp",
        "feature_signature": "8032308ced2f1768",
        "metrics": {
          "accuracy": 79.97977755308392,
          "n_pairs": 989,
          "n_samples": 1978,
          "pair_consistency": 62.588473205257834
        },
        "metrics_by_split": {
          "test": {
            "accuracy": 79.97977755308392,
            "n_pairs": 989,
            "n_samples": 1978,
            "pair_consistency": 62.588473205257834
          },
          "train": {
            "accuracy": 98.93760539629005,
            "n_pairs": 2965,
            "n_samples": 5930,
            "pair_consistency": 97.8752107925801
          },
          "val": {
            "accuracy": 81.04145601617796,
            "n_pairs": 989,
            "n_samples": 1978,
            "pair_consistency": 65.31850353892821
          }
        },
        "objective_metric": 62.588473205257834,
        "prediction_file": "artifacts/probes/mvp/mvp_probe_mlp_videomae_vit_huge_16_224_20260508T164922Z/layer_32/eval/test/probe_predictions.json",
        "prediction_files": {
          "test": "artifacts/probes/mvp/mvp_probe_mlp_videomae_vit_huge_16_224_20260508T164922Z/layer_32/eval/test/probe_predictions.json",
          "train": "artifacts/probes/mvp/mvp_probe_mlp_videomae_vit_huge_16_224_20260508T164922Z/layer_32/eval/train/probe_predictions.json",
          "val": "artifacts/probes/mvp/mvp_probe_mlp_videomae_vit_huge_16_224_20260508T164922Z/layer_32/eval/val/probe_predictions.json"
        },
        "probe_eval_dir": "artifacts/probes/mvp/mvp_probe_mlp_videomae_vit_huge_16_224_20260508T164922Z/layer_32/eval",
        "probe_name": "mlp",
        "reported_splits": [
          "train",
          "val",
          "test"
        ],
        "split_eval_dirs": {
          "test": "artifacts/probes/mvp/mvp_probe_mlp_videomae_vit_huge_16_224_20260508T164922Z/layer_32/eval/test",
          "train": "artifacts/probes/mvp/mvp_probe_mlp_videomae_vit_huge_16_224_20260508T164922Z/layer_32/eval/train",
          "val": "artifacts/probes/mvp/mvp_probe_mlp_videomae_vit_huge_16_224_20260508T164922Z/layer_32/eval/val"
        },
        "split_evals": {
          "test": {
            "base_eval": {
              "metrics": {
                "accuracy": 79.97977755308392,
                "n_pairs": 989,
                "n_samples": 1978,
                "pair_consistency": 62.588473205257834
              },
              "output_dir": "artifacts/probes/mvp/mvp_probe_mlp_videomae_vit_huge_16_224_20260508T164922Z/layer_32/eval/test",
              "split_dir": "data/splits/mvp/full_60_20_20"
            },
            "checkpoint": "artifacts/probes/mvp/mvp_probe_mlp_videomae_vit_huge_16_224_20260508T164922Z/layer_32/train/trial_0000/probe_best.pt",
            "dataset": "mvp",
            "feature_signature": "8032308ced2f1768",
            "metrics": {
              "accuracy": 79.97977755308392,
              "n_pairs": 989,
              "n_samples": 1978,
              "pair_consistency": 62.588473205257834
            },
            "objective_metric": 62.588473205257834,
            "prediction_file": "artifacts/probes/mvp/mvp_probe_mlp_videomae_vit_huge_16_224_20260508T164922Z/layer_32/eval/test/probe_predictions.json",
            "probe_eval_dir": "artifacts/probes/mvp/mvp_probe_mlp_videomae_vit_huge_16_224_20260508T164922Z/layer_32/eval/test",
            "probe_name": "mlp",
            "split_name": "test"
          },
          "train": {
            "base_eval": {
              "metrics": {
                "accuracy": 98.93760539629005,
                "n_pairs": 2965,
                "n_samples": 5930,
                "pair_consistency": 97.8752107925801
              },
              "output_dir": "artifacts/probes/mvp/mvp_probe_mlp_videomae_vit_huge_16_224_20260508T164922Z/layer_32/eval/train",
              "split_dir": "data/splits/mvp/full_60_20_20"
            },
            "checkpoint": "artifacts/probes/mvp/mvp_probe_mlp_videomae_vit_huge_16_224_20260508T164922Z/layer_32/train/trial_0000/probe_best.pt",
            "dataset": "mvp",
            "feature_signature": "8032308ced2f1768",
            "metrics": {
              "accuracy": 98.93760539629005,
              "n_pairs": 2965,
              "n_samples": 5930,
              "pair_consistency": 97.8752107925801
            },
            "objective_metric": 97.8752107925801,
            "prediction_file": "artifacts/probes/mvp/mvp_probe_mlp_videomae_vit_huge_16_224_20260508T164922Z/layer_32/eval/train/probe_predictions.json",
            "probe_eval_dir": "artifacts/probes/mvp/mvp_probe_mlp_videomae_vit_huge_16_224_20260508T164922Z/layer_32/eval/train",
            "probe_name": "mlp",
            "split_name": "train"
          },
          "val": {
            "base_eval": {
              "metrics": {
                "accuracy": 81.04145601617796,
                "n_pairs": 989,
                "n_samples": 1978,
                "pair_consistency": 65.31850353892821
              },
              "output_dir": "artifacts/probes/mvp/mvp_probe_mlp_videomae_vit_huge_16_224_20260508T164922Z/layer_32/eval/val",
              "split_dir": "data/splits/mvp/full_60_20_20"
            },
            "checkpoint": "artifacts/probes/mvp/mvp_probe_mlp_videomae_vit_huge_16_224_20260508T164922Z/layer_32/train/trial_0000/probe_best.pt",
            "dataset": "mvp",
            "feature_signature": "8032308ced2f1768",
            "metrics": {
              "accuracy": 81.04145601617796,
              "n_pairs": 989,
              "n_samples": 1978,
              "pair_consistency": 65.31850353892821
            },
            "objective_metric": 65.31850353892821,
            "prediction_file": "artifacts/probes/mvp/mvp_probe_mlp_videomae_vit_huge_16_224_20260508T164922Z/layer_32/eval/val/probe_predictions.json",
            "probe_eval_dir": "artifacts/probes/mvp/mvp_probe_mlp_videomae_vit_huge_16_224_20260508T164922Z/layer_32/eval/val",
            "probe_name": "mlp",
            "split_name": "val"
          }
        },
        "split_name": "test"
      },
      "layer": 32,
      "layer_label": "32",
      "objective_metric": 62.588473205257834,
      "train": {
        "best_checkpoint": "artifacts/probes/mvp/mvp_probe_mlp_videomae_vit_huge_16_224_20260508T164922Z/layer_32/train/trial_0000/probe_best.pt",
        "best_eval_output_dir": "artifacts/probes/mvp/mvp_probe_mlp_videomae_vit_huge_16_224_20260508T164922Z/layer_32/train/trial_0000/val_eval",
        "best_output_dir": "artifacts/probes/mvp/mvp_probe_mlp_videomae_vit_huge_16_224_20260508T164922Z/layer_32/train/trial_0000",
        "best_params": {
          "batch_size": 32,
          "dropout": 0.21597250932105788,
          "epochs": 2000,
          "hidden_dims": "256",
          "lr": 0.0001329291894316216,
          "weight_decay": 0.005061576888752304
        },
        "best_trial_number": 0,
        "best_value": 65.31850353892821,
        "checkpoint": "artifacts/probes/mvp/mvp_probe_mlp_videomae_vit_huge_16_224_20260508T164922Z/layer_32/train/trial_0000/probe_best.pt",
        "dataset": "mvp",
        "direction": "maximize",
        "layer": 32,
        "n_trials": 20,
        "objective_metric": "pair_consistency",
        "output_dir": "artifacts/probes/mvp/mvp_probe_mlp_videomae_vit_huge_16_224_20260508T164922Z/layer_32/train",
        "probe_name": "mlp",
        "storage": "sqlite:////gpfs/home3/scur0511/Probe4Physics/artifacts/probes/mvp/mvp_probe_mlp_videomae_vit_huge_16_224_20260508T164922Z/layer_32/train/optuna_study.sqlite3",
        "study_name": "mvp_mlp_videomae_vit_huge_16_224_layer_32",
        "trials": [
          {
            "checkpoint": "artifacts/probes/mvp/mvp_probe_mlp_videomae_vit_huge_16_224_20260508T164922Z/layer_32/train/trial_0000/probe_best.pt",
            "eval_output_dir": "artifacts/probes/mvp/mvp_probe_mlp_videomae_vit_huge_16_224_20260508T164922Z/layer_32/train/trial_0000/val_eval",
            "output_dir": "artifacts/probes/mvp/mvp_probe_mlp_videomae_vit_huge_16_224_20260508T164922Z/layer_32/train/trial_0000",
            "params": {
              "batch_size": 32,
              "dropout": 0.21597250932105788,
              "epochs": 2000,
              "hidden_dims": "256",
              "lr": 0.0001329291894316216,
              "weight_decay": 0.005061576888752304
            },
            "trial_number": 0,
            "value": 65.31850353892821
          },
          {
            "checkpoint": "artifacts/probes/mvp/mvp_probe_mlp_videomae_vit_huge_16_224_20260508T164922Z/layer_32/train/trial_0001/probe_best.pt",
            "eval_output_dir": "artifacts/probes/mvp/mvp_probe_mlp_videomae_vit_huge_16_224_20260508T164922Z/layer_32/train/trial_0001/val_eval",
            "output_dir": "artifacts/probes/mvp/mvp_probe_mlp_videomae_vit_huge_16_224_20260508T164922Z/layer_32/train/trial_0001",
            "params": {
              "batch_size": 256,
              "dropout": 0.048836057003191935,
              "epochs": 20,
              "hidden_dims": "512x256",
              "lr": 7.476312062252303e-05,
              "weight_decay": 4.689400963537693e-05
            },
            "trial_number": 1,
            "value": 33.56926188068756
          },
          {
            "checkpoint": "artifacts/probes/mvp/mvp_probe_mlp_videomae_vit_huge_16_224_20260508T164922Z/layer_32/train/trial_0002/probe_best.pt",
            "eval_output_dir": "artifacts/probes/mvp/mvp_probe_mlp_videomae_vit_huge_16_224_20260508T164922Z/layer_32/train/trial_0002/val_eval",
            "output_dir": "artifacts/probes/mvp/mvp_probe_mlp_videomae_vit_huge_16_224_20260508T164922Z/layer_32/train/trial_0002",
            "params": {
              "batch_size": 256,
              "dropout": 0.04424625102595975,
              "epochs": 50,
              "hidden_dims": "256",
              "lr": 0.0011290133559092666,
              "weight_decay": 4.374364439939069e-06
            },
            "trial_number": 2,
            "value": 39.838220424671384
          },
          {
            "checkpoint": "artifacts/probes/mvp/mvp_probe_mlp_videomae_vit_huge_16_224_20260508T164922Z/layer_32/train/trial_0006/probe_best.pt",
            "eval_output_dir": "artifacts/probes/mvp/mvp_probe_mlp_videomae_vit_huge_16_224_20260508T164922Z/layer_32/train/trial_0006/val_eval",
            "output_dir": "artifacts/probes/mvp/mvp_probe_mlp_videomae_vit_huge_16_224_20260508T164922Z/layer_32/train/trial_0006",
            "params": {
              "batch_size": 128,
              "dropout": 0.0599326836668414,
              "epochs": 50,
              "hidden_dims": "512",
              "lr": 0.000794714742465374,
              "weight_decay": 0.0016934155410667966
            },
            "trial_number": 6,
            "value": 43.377148634984835
          },
          {
            "checkpoint": "artifacts/probes/mvp/mvp_probe_mlp_videomae_vit_huge_16_224_20260508T164922Z/layer_32/train/trial_0007/probe_best.pt",
            "eval_output_dir": "artifacts/probes/mvp/mvp_probe_mlp_videomae_vit_huge_16_224_20260508T164922Z/layer_32/train/trial_0007/val_eval",
            "output_dir": "artifacts/probes/mvp/mvp_probe_mlp_videomae_vit_huge_16_224_20260508T164922Z/layer_32/train/trial_0007",
            "params": {
              "batch_size": 128,
              "dropout": 0.11978094533348621,
              "epochs": 20,
              "hidden_dims": "1024x512x1024",
              "lr": 0.00010300196600986775,
              "weight_decay": 0.0045442082254883295
            },
            "trial_number": 7,
            "value": 25.783619817997977
          },
          {
            "checkpoint": "artifacts/probes/mvp/mvp_probe_mlp_videomae_vit_huge_16_224_20260508T164922Z/layer_32/train/trial_0008/probe_best.pt",
            "eval_output_dir": "artifacts/probes/mvp/mvp_probe_mlp_videomae_vit_huge_16_224_20260508T164922Z/layer_32/train/trial_0008/val_eval",
            "output_dir": "artifacts/probes/mvp/mvp_probe_mlp_videomae_vit_huge_16_224_20260508T164922Z/layer_32/train/trial_0008",
            "params": {
              "batch_size": 32,
              "dropout": 0.3387821809211412,
              "epochs": 50,
              "hidden_dims": "512",
              "lr": 2.7207248059486674e-05,
              "weight_decay": 8.64403589520682e-06
            },
            "trial_number": 8,
            "value": 35.591506572295245
          },
          {
            "checkpoint": "artifacts/probes/mvp/mvp_probe_mlp_videomae_vit_huge_16_224_20260508T164922Z/layer_32/train/trial_0009/probe_best.pt",
            "eval_output_dir": "artifacts/probes/mvp/mvp_probe_mlp_videomae_vit_huge_16_224_20260508T164922Z/layer_32/train/trial_0009/val_eval",
            "output_dir": "artifacts/probes/mvp/mvp_probe_mlp_videomae_vit_huge_16_224_20260508T164922Z/layer_32/train/trial_0009",
            "params": {
              "batch_size": 256,
              "dropout": 0.12092614545022584,
              "epochs": 50,
              "hidden_dims": "256",
              "lr": 1.1214075785991125e-05,
              "weight_decay": 1.1818390883060214e-05
            },
            "trial_number": 9,
            "value": 26.39029322548028
          },
          {
            "checkpoint": "artifacts/probes/mvp/mvp_probe_mlp_videomae_vit_huge_16_224_20260508T164922Z/layer_32/train/trial_0011/probe_best.pt",
            "eval_output_dir": "artifacts/probes/mvp/mvp_probe_mlp_videomae_vit_huge_16_224_20260508T164922Z/layer_32/train/trial_0011/val_eval",
            "output_dir": "artifacts/probes/mvp/mvp_probe_mlp_videomae_vit_huge_16_224_20260508T164922Z/layer_32/train/trial_0011",
            "params": {
              "batch_size": 32,
              "dropout": 0.23036595192387704,
              "epochs": 100,
              "hidden_dims": "1024",
              "lr": 0.000381663861962904,
              "weight_decay": 0.00821160806524291
            },
            "trial_number": 11,
            "value": 53.892821031344795
          },
          {
            "checkpoint": "artifacts/probes/mvp/mvp_probe_mlp_videomae_vit_huge_16_224_20260508T164922Z/layer_32/train/trial_0012/probe_best.pt",
            "eval_output_dir": "artifacts/probes/mvp/mvp_probe_mlp_videomae_vit_huge_16_224_20260508T164922Z/layer_32/train/trial_0012/val_eval",
            "output_dir": "artifacts/probes/mvp/mvp_probe_mlp_videomae_vit_huge_16_224_20260508T164922Z/layer_32/train/trial_0012",
            "params": {
              "batch_size": 32,
              "dropout": 0.2403404633740749,
              "epochs": 100,
              "hidden_dims": "1024",
              "lr": 0.00025735031695662674,
              "weight_decay": 0.008946810000979412
            },
            "trial_number": 12,
            "value": 53.38725985844287
          },
          {
            "checkpoint": "artifacts/probes/mvp/mvp_probe_mlp_videomae_vit_huge_16_224_20260508T164922Z/layer_32/train/trial_0013/probe_best.pt",
            "eval_output_dir": "artifacts/probes/mvp/mvp_probe_mlp_videomae_vit_huge_16_224_20260508T164922Z/layer_32/train/trial_0013/val_eval",
            "output_dir": "artifacts/probes/mvp/mvp_probe_mlp_videomae_vit_huge_16_224_20260508T164922Z/layer_32/train/trial_0013",
            "params": {
              "batch_size": 32,
              "dropout": 0.17669806916348033,
              "epochs": 100,
              "hidden_dims": "1024",
              "lr": 0.000159754267808109,
              "weight_decay": 0.0003465800417093877
            },
            "trial_number": 13,
            "value": 53.083923154701715
          }
        ]
      }
    }
  ],
  "model_selection_split": "val",
  "objective_metric_name": "pair_consistency",
  "probe_name": "mlp",
  "reported_splits": [
    "train",
    "val",
    "test"
  ],
  "requested_layers": [
    8,
    16,
    24,
    32
  ],
  "split_name": "test",
  "sweep_dir": "artifacts/probes/mvp/mvp_probe_mlp_videomae_vit_huge_16_224_20260508T164922Z",
  "train_split": "train"
}
JOB_END_UTC=2026-05-08T18:49:04Z
JOB_ELAPSED_SECONDS=7186
