===== TRAIN PROVENANCE =====
Fri May  8 16:49:18 UTC 2026
tcn266.local.snellius.surf.nl
999d19ef765342e0bd42ee07e9e2db5bba7c1441
Python 3.11.15
/home/scur0511/.conda/envs/probe4physics-gpu/bin/python
REPO_ROOT=/gpfs/home3/scur0511/Probe4Physics
DATASET_NAME=mvp
PROBE_NAME=mlp
BACKBONE_NAME=jepa_v2
BACKBONE_VARIANT=vitg_384
PROBE_EPOCHS=100
PROBE_DEVICE=cpu
PROBE_LAYER=10
PROBE_LAYERS=10,20,30,40
PROBE_FEATURE_VIEW=pooled
ENABLE_WANDB=true
WANDB_PROJECT=probe4physics
WANDB_MODE=online
WANDB_GROUP=mvp_mlp_jepa_v2_vitg_384
ENABLE_OPTUNA=true
OPTUNA_N_TRIALS=20
OPTUNA_N_JOBS=1
OPTUNA_TIMEOUT_SECONDS=0
ENABLE_OPTUNA_PRUNER=true
OPTUNA_PRUNER_STARTUP_TRIALS=3
OPTUNA_PRUNER_WARMUP_STEPS=100
OPTUNA_PRUNER_INTERVAL_STEPS=1
OPTUNA_STUDY_NAME=mvp_mlp_jepa_v2_vitg_384
OPTUNA_SEARCH_OVERRIDES=probe.optuna.search_space.epochs.enabled=true probe.optuna.search_space.epochs.choices=[20,50,100,500,1000,2000]
============================
JOB_START_UTC=2026-05-08T16:49:18Z
[features.mvp] using compatible legacy cache: expected_signature=34bda98f6a8f3bc6 actual_signature=78ea8f6e0a5c5d94 cache_dir=/gpfs/scratch1/shared/scur0511/probe4physics/artifacts/features/mvp/jepa_v2_vitg_384/train-val-test/78ea8f6e0a5c5d94
[features.mvp] using compatible legacy cache: expected_signature=34bda98f6a8f3bc6 actual_signature=78ea8f6e0a5c5d94 cache_dir=/gpfs/scratch1/shared/scur0511/probe4physics/artifacts/features/mvp/jepa_v2_vitg_384/train-val-test/78ea8f6e0a5c5d94
[features.mvp] using compatible legacy cache: expected_signature=34bda98f6a8f3bc6 actual_signature=78ea8f6e0a5c5d94 cache_dir=/gpfs/scratch1/shared/scur0511/probe4physics/artifacts/features/mvp/jepa_v2_vitg_384/train-val-test/78ea8f6e0a5c5d94
[features.mvp] using compatible legacy cache: expected_signature=34bda98f6a8f3bc6 actual_signature=78ea8f6e0a5c5d94 cache_dir=/gpfs/scratch1/shared/scur0511/probe4physics/artifacts/features/mvp/jepa_v2_vitg_384/train-val-test/78ea8f6e0a5c5d94
[features.mvp] using compatible legacy cache: expected_signature=34bda98f6a8f3bc6 actual_signature=78ea8f6e0a5c5d94 cache_dir=/gpfs/scratch1/shared/scur0511/probe4physics/artifacts/features/mvp/jepa_v2_vitg_384/train-val-test/78ea8f6e0a5c5d94
[features.mvp] using compatible legacy cache: expected_signature=34bda98f6a8f3bc6 actual_signature=78ea8f6e0a5c5d94 cache_dir=/gpfs/scratch1/shared/scur0511/probe4physics/artifacts/features/mvp/jepa_v2_vitg_384/train-val-test/78ea8f6e0a5c5d94
[features.mvp] using compatible legacy cache: expected_signature=34bda98f6a8f3bc6 actual_signature=78ea8f6e0a5c5d94 cache_dir=/gpfs/scratch1/shared/scur0511/probe4physics/artifacts/features/mvp/jepa_v2_vitg_384/train-val-test/78ea8f6e0a5c5d94
[features.mvp] using compatible legacy cache: expected_signature=34bda98f6a8f3bc6 actual_signature=78ea8f6e0a5c5d94 cache_dir=/gpfs/scratch1/shared/scur0511/probe4physics/artifacts/features/mvp/jepa_v2_vitg_384/train-val-test/78ea8f6e0a5c5d94
[features.mvp] using compatible legacy cache: expected_signature=34bda98f6a8f3bc6 actual_signature=78ea8f6e0a5c5d94 cache_dir=/gpfs/scratch1/shared/scur0511/probe4physics/artifacts/features/mvp/jepa_v2_vitg_384/train-val-test/78ea8f6e0a5c5d94
[features.mvp] using compatible legacy cache: expected_signature=34bda98f6a8f3bc6 actual_signature=78ea8f6e0a5c5d94 cache_dir=/gpfs/scratch1/shared/scur0511/probe4physics/artifacts/features/mvp/jepa_v2_vitg_384/train-val-test/78ea8f6e0a5c5d94
[features.mvp] using compatible legacy cache: expected_signature=34bda98f6a8f3bc6 actual_signature=78ea8f6e0a5c5d94 cache_dir=/gpfs/scratch1/shared/scur0511/probe4physics/artifacts/features/mvp/jepa_v2_vitg_384/train-val-test/78ea8f6e0a5c5d94
[features.mvp] using compatible legacy cache: expected_signature=34bda98f6a8f3bc6 actual_signature=78ea8f6e0a5c5d94 cache_dir=/gpfs/scratch1/shared/scur0511/probe4physics/artifacts/features/mvp/jepa_v2_vitg_384/train-val-test/78ea8f6e0a5c5d94
[features.mvp] using compatible legacy cache: expected_signature=34bda98f6a8f3bc6 actual_signature=78ea8f6e0a5c5d94 cache_dir=/gpfs/scratch1/shared/scur0511/probe4physics/artifacts/features/mvp/jepa_v2_vitg_384/train-val-test/78ea8f6e0a5c5d94
[features.mvp] using compatible legacy cache: expected_signature=34bda98f6a8f3bc6 actual_signature=78ea8f6e0a5c5d94 cache_dir=/gpfs/scratch1/shared/scur0511/probe4physics/artifacts/features/mvp/jepa_v2_vitg_384/train-val-test/78ea8f6e0a5c5d94
[features.mvp] using compatible legacy cache: expected_signature=34bda98f6a8f3bc6 actual_signature=78ea8f6e0a5c5d94 cache_dir=/gpfs/scratch1/shared/scur0511/probe4physics/artifacts/features/mvp/jepa_v2_vitg_384/train-val-test/78ea8f6e0a5c5d94
[features.mvp] using compatible legacy cache: expected_signature=34bda98f6a8f3bc6 actual_signature=78ea8f6e0a5c5d94 cache_dir=/gpfs/scratch1/shared/scur0511/probe4physics/artifacts/features/mvp/jepa_v2_vitg_384/train-val-test/78ea8f6e0a5c5d94
[features.mvp] using compatible legacy cache: expected_signature=34bda98f6a8f3bc6 actual_signature=78ea8f6e0a5c5d94 cache_dir=/gpfs/scratch1/shared/scur0511/probe4physics/artifacts/features/mvp/jepa_v2_vitg_384/train-val-test/78ea8f6e0a5c5d94
[features.mvp] using compatible legacy cache: expected_signature=34bda98f6a8f3bc6 actual_signature=78ea8f6e0a5c5d94 cache_dir=/gpfs/scratch1/shared/scur0511/probe4physics/artifacts/features/mvp/jepa_v2_vitg_384/train-val-test/78ea8f6e0a5c5d94
[features.mvp] using compatible legacy cache: expected_signature=34bda98f6a8f3bc6 actual_signature=78ea8f6e0a5c5d94 cache_dir=/gpfs/scratch1/shared/scur0511/probe4physics/artifacts/features/mvp/jepa_v2_vitg_384/train-val-test/78ea8f6e0a5c5d94
[features.mvp] using compatible legacy cache: expected_signature=34bda98f6a8f3bc6 actual_signature=78ea8f6e0a5c5d94 cache_dir=/gpfs/scratch1/shared/scur0511/probe4physics/artifacts/features/mvp/jepa_v2_vitg_384/train-val-test/78ea8f6e0a5c5d94
[features.mvp] using compatible legacy cache: expected_signature=34bda98f6a8f3bc6 actual_signature=78ea8f6e0a5c5d94 cache_dir=/gpfs/scratch1/shared/scur0511/probe4physics/artifacts/features/mvp/jepa_v2_vitg_384/train-val-test/78ea8f6e0a5c5d94
[features.mvp] using compatible legacy cache: expected_signature=34bda98f6a8f3bc6 actual_signature=78ea8f6e0a5c5d94 cache_dir=/gpfs/scratch1/shared/scur0511/probe4physics/artifacts/features/mvp/jepa_v2_vitg_384/train-val-test/78ea8f6e0a5c5d94
[features.mvp] using compatible legacy cache: expected_signature=34bda98f6a8f3bc6 actual_signature=78ea8f6e0a5c5d94 cache_dir=/gpfs/scratch1/shared/scur0511/probe4physics/artifacts/features/mvp/jepa_v2_vitg_384/train-val-test/78ea8f6e0a5c5d94
[features.mvp] using compatible legacy cache: expected_signature=34bda98f6a8f3bc6 actual_signature=78ea8f6e0a5c5d94 cache_dir=/gpfs/scratch1/shared/scur0511/probe4physics/artifacts/features/mvp/jepa_v2_vitg_384/train-val-test/78ea8f6e0a5c5d94
[features.mvp] using compatible legacy cache: expected_signature=34bda98f6a8f3bc6 actual_signature=78ea8f6e0a5c5d94 cache_dir=/gpfs/scratch1/shared/scur0511/probe4physics/artifacts/features/mvp/jepa_v2_vitg_384/train-val-test/78ea8f6e0a5c5d94
[features.mvp] using compatible legacy cache: expected_signature=34bda98f6a8f3bc6 actual_signature=78ea8f6e0a5c5d94 cache_dir=/gpfs/scratch1/shared/scur0511/probe4physics/artifacts/features/mvp/jepa_v2_vitg_384/train-val-test/78ea8f6e0a5c5d94
[features.mvp] using compatible legacy cache: expected_signature=34bda98f6a8f3bc6 actual_signature=78ea8f6e0a5c5d94 cache_dir=/gpfs/scratch1/shared/scur0511/probe4physics/artifacts/features/mvp/jepa_v2_vitg_384/train-val-test/78ea8f6e0a5c5d94
[features.mvp] using compatible legacy cache: expected_signature=34bda98f6a8f3bc6 actual_signature=78ea8f6e0a5c5d94 cache_dir=/gpfs/scratch1/shared/scur0511/probe4physics/artifacts/features/mvp/jepa_v2_vitg_384/train-val-test/78ea8f6e0a5c5d94
[features.mvp] using compatible legacy cache: expected_signature=34bda98f6a8f3bc6 actual_signature=78ea8f6e0a5c5d94 cache_dir=/gpfs/scratch1/shared/scur0511/probe4physics/artifacts/features/mvp/jepa_v2_vitg_384/train-val-test/78ea8f6e0a5c5d94
[features.mvp] using compatible legacy cache: expected_signature=34bda98f6a8f3bc6 actual_signature=78ea8f6e0a5c5d94 cache_dir=/gpfs/scratch1/shared/scur0511/probe4physics/artifacts/features/mvp/jepa_v2_vitg_384/train-val-test/78ea8f6e0a5c5d94
[features.mvp] using compatible legacy cache: expected_signature=34bda98f6a8f3bc6 actual_signature=78ea8f6e0a5c5d94 cache_dir=/gpfs/scratch1/shared/scur0511/probe4physics/artifacts/features/mvp/jepa_v2_vitg_384/train-val-test/78ea8f6e0a5c5d94
[features.mvp] using compatible legacy cache: expected_signature=34bda98f6a8f3bc6 actual_signature=78ea8f6e0a5c5d94 cache_dir=/gpfs/scratch1/shared/scur0511/probe4physics/artifacts/features/mvp/jepa_v2_vitg_384/train-val-test/78ea8f6e0a5c5d94
[features.mvp] using compatible legacy cache: expected_signature=34bda98f6a8f3bc6 actual_signature=78ea8f6e0a5c5d94 cache_dir=/gpfs/scratch1/shared/scur0511/probe4physics/artifacts/features/mvp/jepa_v2_vitg_384/train-val-test/78ea8f6e0a5c5d94
[features.mvp] using compatible legacy cache: expected_signature=34bda98f6a8f3bc6 actual_signature=78ea8f6e0a5c5d94 cache_dir=/gpfs/scratch1/shared/scur0511/probe4physics/artifacts/features/mvp/jepa_v2_vitg_384/train-val-test/78ea8f6e0a5c5d94
[features.mvp] using compatible legacy cache: expected_signature=34bda98f6a8f3bc6 actual_signature=78ea8f6e0a5c5d94 cache_dir=/gpfs/scratch1/shared/scur0511/probe4physics/artifacts/features/mvp/jepa_v2_vitg_384/train-val-test/78ea8f6e0a5c5d94
[features.mvp] using compatible legacy cache: expected_signature=34bda98f6a8f3bc6 actual_signature=78ea8f6e0a5c5d94 cache_dir=/gpfs/scratch1/shared/scur0511/probe4physics/artifacts/features/mvp/jepa_v2_vitg_384/train-val-test/78ea8f6e0a5c5d94
[features.mvp] using compatible legacy cache: expected_signature=34bda98f6a8f3bc6 actual_signature=78ea8f6e0a5c5d94 cache_dir=/gpfs/scratch1/shared/scur0511/probe4physics/artifacts/features/mvp/jepa_v2_vitg_384/train-val-test/78ea8f6e0a5c5d94
[features.mvp] using compatible legacy cache: expected_signature=34bda98f6a8f3bc6 actual_signature=78ea8f6e0a5c5d94 cache_dir=/gpfs/scratch1/shared/scur0511/probe4physics/artifacts/features/mvp/jepa_v2_vitg_384/train-val-test/78ea8f6e0a5c5d94
[features.mvp] using compatible legacy cache: expected_signature=34bda98f6a8f3bc6 actual_signature=78ea8f6e0a5c5d94 cache_dir=/gpfs/scratch1/shared/scur0511/probe4physics/artifacts/features/mvp/jepa_v2_vitg_384/train-val-test/78ea8f6e0a5c5d94
[features.mvp] using compatible legacy cache: expected_signature=34bda98f6a8f3bc6 actual_signature=78ea8f6e0a5c5d94 cache_dir=/gpfs/scratch1/shared/scur0511/probe4physics/artifacts/features/mvp/jepa_v2_vitg_384/train-val-test/78ea8f6e0a5c5d94
[features.mvp] using compatible legacy cache: expected_signature=34bda98f6a8f3bc6 actual_signature=78ea8f6e0a5c5d94 cache_dir=/gpfs/scratch1/shared/scur0511/probe4physics/artifacts/features/mvp/jepa_v2_vitg_384/train-val-test/78ea8f6e0a5c5d94
[features.mvp] using compatible legacy cache: expected_signature=34bda98f6a8f3bc6 actual_signature=78ea8f6e0a5c5d94 cache_dir=/gpfs/scratch1/shared/scur0511/probe4physics/artifacts/features/mvp/jepa_v2_vitg_384/train-val-test/78ea8f6e0a5c5d94
[features.mvp] using compatible legacy cache: expected_signature=34bda98f6a8f3bc6 actual_signature=78ea8f6e0a5c5d94 cache_dir=/gpfs/scratch1/shared/scur0511/probe4physics/artifacts/features/mvp/jepa_v2_vitg_384/train-val-test/78ea8f6e0a5c5d94
[features.mvp] using compatible legacy cache: expected_signature=34bda98f6a8f3bc6 actual_signature=78ea8f6e0a5c5d94 cache_dir=/gpfs/scratch1/shared/scur0511/probe4physics/artifacts/features/mvp/jepa_v2_vitg_384/train-val-test/78ea8f6e0a5c5d94
[features.mvp] using compatible legacy cache: expected_signature=34bda98f6a8f3bc6 actual_signature=78ea8f6e0a5c5d94 cache_dir=/gpfs/scratch1/shared/scur0511/probe4physics/artifacts/features/mvp/jepa_v2_vitg_384/train-val-test/78ea8f6e0a5c5d94
[features.mvp] using compatible legacy cache: expected_signature=34bda98f6a8f3bc6 actual_signature=78ea8f6e0a5c5d94 cache_dir=/gpfs/scratch1/shared/scur0511/probe4physics/artifacts/features/mvp/jepa_v2_vitg_384/train-val-test/78ea8f6e0a5c5d94
[features.mvp] using compatible legacy cache: expected_signature=34bda98f6a8f3bc6 actual_signature=78ea8f6e0a5c5d94 cache_dir=/gpfs/scratch1/shared/scur0511/probe4physics/artifacts/features/mvp/jepa_v2_vitg_384/train-val-test/78ea8f6e0a5c5d94
[features.mvp] using compatible legacy cache: expected_signature=34bda98f6a8f3bc6 actual_signature=78ea8f6e0a5c5d94 cache_dir=/gpfs/scratch1/shared/scur0511/probe4physics/artifacts/features/mvp/jepa_v2_vitg_384/train-val-test/78ea8f6e0a5c5d94
[features.mvp] using compatible legacy cache: expected_signature=34bda98f6a8f3bc6 actual_signature=78ea8f6e0a5c5d94 cache_dir=/gpfs/scratch1/shared/scur0511/probe4physics/artifacts/features/mvp/jepa_v2_vitg_384/train-val-test/78ea8f6e0a5c5d94
[features.mvp] using compatible legacy cache: expected_signature=34bda98f6a8f3bc6 actual_signature=78ea8f6e0a5c5d94 cache_dir=/gpfs/scratch1/shared/scur0511/probe4physics/artifacts/features/mvp/jepa_v2_vitg_384/train-val-test/78ea8f6e0a5c5d94
[features.mvp] using compatible legacy cache: expected_signature=34bda98f6a8f3bc6 actual_signature=78ea8f6e0a5c5d94 cache_dir=/gpfs/scratch1/shared/scur0511/probe4physics/artifacts/features/mvp/jepa_v2_vitg_384/train-val-test/78ea8f6e0a5c5d94
[features.mvp] using compatible legacy cache: expected_signature=34bda98f6a8f3bc6 actual_signature=78ea8f6e0a5c5d94 cache_dir=/gpfs/scratch1/shared/scur0511/probe4physics/artifacts/features/mvp/jepa_v2_vitg_384/train-val-test/78ea8f6e0a5c5d94
[features.mvp] using compatible legacy cache: expected_signature=34bda98f6a8f3bc6 actual_signature=78ea8f6e0a5c5d94 cache_dir=/gpfs/scratch1/shared/scur0511/probe4physics/artifacts/features/mvp/jepa_v2_vitg_384/train-val-test/78ea8f6e0a5c5d94
[features.mvp] using compatible legacy cache: expected_signature=34bda98f6a8f3bc6 actual_signature=78ea8f6e0a5c5d94 cache_dir=/gpfs/scratch1/shared/scur0511/probe4physics/artifacts/features/mvp/jepa_v2_vitg_384/train-val-test/78ea8f6e0a5c5d94
[features.mvp] using compatible legacy cache: expected_signature=34bda98f6a8f3bc6 actual_signature=78ea8f6e0a5c5d94 cache_dir=/gpfs/scratch1/shared/scur0511/probe4physics/artifacts/features/mvp/jepa_v2_vitg_384/train-val-test/78ea8f6e0a5c5d94
[features.mvp] using compatible legacy cache: expected_signature=34bda98f6a8f3bc6 actual_signature=78ea8f6e0a5c5d94 cache_dir=/gpfs/scratch1/shared/scur0511/probe4physics/artifacts/features/mvp/jepa_v2_vitg_384/train-val-test/78ea8f6e0a5c5d94
[features.mvp] using compatible legacy cache: expected_signature=34bda98f6a8f3bc6 actual_signature=78ea8f6e0a5c5d94 cache_dir=/gpfs/scratch1/shared/scur0511/probe4physics/artifacts/features/mvp/jepa_v2_vitg_384/train-val-test/78ea8f6e0a5c5d94
[features.mvp] using compatible legacy cache: expected_signature=34bda98f6a8f3bc6 actual_signature=78ea8f6e0a5c5d94 cache_dir=/gpfs/scratch1/shared/scur0511/probe4physics/artifacts/features/mvp/jepa_v2_vitg_384/train-val-test/78ea8f6e0a5c5d94
[features.mvp] using compatible legacy cache: expected_signature=34bda98f6a8f3bc6 actual_signature=78ea8f6e0a5c5d94 cache_dir=/gpfs/scratch1/shared/scur0511/probe4physics/artifacts/features/mvp/jepa_v2_vitg_384/train-val-test/78ea8f6e0a5c5d94
[features.mvp] using compatible legacy cache: expected_signature=34bda98f6a8f3bc6 actual_signature=78ea8f6e0a5c5d94 cache_dir=/gpfs/scratch1/shared/scur0511/probe4physics/artifacts/features/mvp/jepa_v2_vitg_384/train-val-test/78ea8f6e0a5c5d94
[features.mvp] using compatible legacy cache: expected_signature=34bda98f6a8f3bc6 actual_signature=78ea8f6e0a5c5d94 cache_dir=/gpfs/scratch1/shared/scur0511/probe4physics/artifacts/features/mvp/jepa_v2_vitg_384/train-val-test/78ea8f6e0a5c5d94
[features.mvp] using compatible legacy cache: expected_signature=34bda98f6a8f3bc6 actual_signature=78ea8f6e0a5c5d94 cache_dir=/gpfs/scratch1/shared/scur0511/probe4physics/artifacts/features/mvp/jepa_v2_vitg_384/train-val-test/78ea8f6e0a5c5d94
[features.mvp] using compatible legacy cache: expected_signature=34bda98f6a8f3bc6 actual_signature=78ea8f6e0a5c5d94 cache_dir=/gpfs/scratch1/shared/scur0511/probe4physics/artifacts/features/mvp/jepa_v2_vitg_384/train-val-test/78ea8f6e0a5c5d94
[features.mvp] using compatible legacy cache: expected_signature=34bda98f6a8f3bc6 actual_signature=78ea8f6e0a5c5d94 cache_dir=/gpfs/scratch1/shared/scur0511/probe4physics/artifacts/features/mvp/jepa_v2_vitg_384/train-val-test/78ea8f6e0a5c5d94
[features.mvp] using compatible legacy cache: expected_signature=34bda98f6a8f3bc6 actual_signature=78ea8f6e0a5c5d94 cache_dir=/gpfs/scratch1/shared/scur0511/probe4physics/artifacts/features/mvp/jepa_v2_vitg_384/train-val-test/78ea8f6e0a5c5d94
[features.mvp] using compatible legacy cache: expected_signature=34bda98f6a8f3bc6 actual_signature=78ea8f6e0a5c5d94 cache_dir=/gpfs/scratch1/shared/scur0511/probe4physics/artifacts/features/mvp/jepa_v2_vitg_384/train-val-test/78ea8f6e0a5c5d94
[features.mvp] using compatible legacy cache: expected_signature=34bda98f6a8f3bc6 actual_signature=78ea8f6e0a5c5d94 cache_dir=/gpfs/scratch1/shared/scur0511/probe4physics/artifacts/features/mvp/jepa_v2_vitg_384/train-val-test/78ea8f6e0a5c5d94
[features.mvp] using compatible legacy cache: expected_signature=34bda98f6a8f3bc6 actual_signature=78ea8f6e0a5c5d94 cache_dir=/gpfs/scratch1/shared/scur0511/probe4physics/artifacts/features/mvp/jepa_v2_vitg_384/train-val-test/78ea8f6e0a5c5d94
[features.mvp] using compatible legacy cache: expected_signature=34bda98f6a8f3bc6 actual_signature=78ea8f6e0a5c5d94 cache_dir=/gpfs/scratch1/shared/scur0511/probe4physics/artifacts/features/mvp/jepa_v2_vitg_384/train-val-test/78ea8f6e0a5c5d94
[features.mvp] using compatible legacy cache: expected_signature=34bda98f6a8f3bc6 actual_signature=78ea8f6e0a5c5d94 cache_dir=/gpfs/scratch1/shared/scur0511/probe4physics/artifacts/features/mvp/jepa_v2_vitg_384/train-val-test/78ea8f6e0a5c5d94
[features.mvp] using compatible legacy cache: expected_signature=34bda98f6a8f3bc6 actual_signature=78ea8f6e0a5c5d94 cache_dir=/gpfs/scratch1/shared/scur0511/probe4physics/artifacts/features/mvp/jepa_v2_vitg_384/train-val-test/78ea8f6e0a5c5d94
[features.mvp] using compatible legacy cache: expected_signature=34bda98f6a8f3bc6 actual_signature=78ea8f6e0a5c5d94 cache_dir=/gpfs/scratch1/shared/scur0511/probe4physics/artifacts/features/mvp/jepa_v2_vitg_384/train-val-test/78ea8f6e0a5c5d94
[features.mvp] using compatible legacy cache: expected_signature=34bda98f6a8f3bc6 actual_signature=78ea8f6e0a5c5d94 cache_dir=/gpfs/scratch1/shared/scur0511/probe4physics/artifacts/features/mvp/jepa_v2_vitg_384/train-val-test/78ea8f6e0a5c5d94
[features.mvp] using compatible legacy cache: expected_signature=34bda98f6a8f3bc6 actual_signature=78ea8f6e0a5c5d94 cache_dir=/gpfs/scratch1/shared/scur0511/probe4physics/artifacts/features/mvp/jepa_v2_vitg_384/train-val-test/78ea8f6e0a5c5d94
[features.mvp] using compatible legacy cache: expected_signature=34bda98f6a8f3bc6 actual_signature=78ea8f6e0a5c5d94 cache_dir=/gpfs/scratch1/shared/scur0511/probe4physics/artifacts/features/mvp/jepa_v2_vitg_384/train-val-test/78ea8f6e0a5c5d94
[features.mvp] using compatible legacy cache: expected_signature=34bda98f6a8f3bc6 actual_signature=78ea8f6e0a5c5d94 cache_dir=/gpfs/scratch1/shared/scur0511/probe4physics/artifacts/features/mvp/jepa_v2_vitg_384/train-val-test/78ea8f6e0a5c5d94
[features.mvp] using compatible legacy cache: expected_signature=34bda98f6a8f3bc6 actual_signature=78ea8f6e0a5c5d94 cache_dir=/gpfs/scratch1/shared/scur0511/probe4physics/artifacts/features/mvp/jepa_v2_vitg_384/train-val-test/78ea8f6e0a5c5d94
[features.mvp] using compatible legacy cache: expected_signature=34bda98f6a8f3bc6 actual_signature=78ea8f6e0a5c5d94 cache_dir=/gpfs/scratch1/shared/scur0511/probe4physics/artifacts/features/mvp/jepa_v2_vitg_384/train-val-test/78ea8f6e0a5c5d94
[features.mvp] using compatible legacy cache: expected_signature=34bda98f6a8f3bc6 actual_signature=78ea8f6e0a5c5d94 cache_dir=/gpfs/scratch1/shared/scur0511/probe4physics/artifacts/features/mvp/jepa_v2_vitg_384/train-val-test/78ea8f6e0a5c5d94
[features.mvp] using compatible legacy cache: expected_signature=34bda98f6a8f3bc6 actual_signature=78ea8f6e0a5c5d94 cache_dir=/gpfs/scratch1/shared/scur0511/probe4physics/artifacts/features/mvp/jepa_v2_vitg_384/train-val-test/78ea8f6e0a5c5d94
[features.mvp] using compatible legacy cache: expected_signature=34bda98f6a8f3bc6 actual_signature=78ea8f6e0a5c5d94 cache_dir=/gpfs/scratch1/shared/scur0511/probe4physics/artifacts/features/mvp/jepa_v2_vitg_384/train-val-test/78ea8f6e0a5c5d94
[features.mvp] using compatible legacy cache: expected_signature=34bda98f6a8f3bc6 actual_signature=78ea8f6e0a5c5d94 cache_dir=/gpfs/scratch1/shared/scur0511/probe4physics/artifacts/features/mvp/jepa_v2_vitg_384/train-val-test/78ea8f6e0a5c5d94
[features.mvp] using compatible legacy cache: expected_signature=34bda98f6a8f3bc6 actual_signature=78ea8f6e0a5c5d94 cache_dir=/gpfs/scratch1/shared/scur0511/probe4physics/artifacts/features/mvp/jepa_v2_vitg_384/train-val-test/78ea8f6e0a5c5d94
[features.mvp] using compatible legacy cache: expected_signature=34bda98f6a8f3bc6 actual_signature=78ea8f6e0a5c5d94 cache_dir=/gpfs/scratch1/shared/scur0511/probe4physics/artifacts/features/mvp/jepa_v2_vitg_384/train-val-test/78ea8f6e0a5c5d94
[features.mvp] using compatible legacy cache: expected_signature=34bda98f6a8f3bc6 actual_signature=78ea8f6e0a5c5d94 cache_dir=/gpfs/scratch1/shared/scur0511/probe4physics/artifacts/features/mvp/jepa_v2_vitg_384/train-val-test/78ea8f6e0a5c5d94
[features.mvp] using compatible legacy cache: expected_signature=34bda98f6a8f3bc6 actual_signature=78ea8f6e0a5c5d94 cache_dir=/gpfs/scratch1/shared/scur0511/probe4physics/artifacts/features/mvp/jepa_v2_vitg_384/train-val-test/78ea8f6e0a5c5d94
[features.mvp] using compatible legacy cache: expected_signature=34bda98f6a8f3bc6 actual_signature=78ea8f6e0a5c5d94 cache_dir=/gpfs/scratch1/shared/scur0511/probe4physics/artifacts/features/mvp/jepa_v2_vitg_384/train-val-test/78ea8f6e0a5c5d94
[features.mvp] using compatible legacy cache: expected_signature=34bda98f6a8f3bc6 actual_signature=78ea8f6e0a5c5d94 cache_dir=/gpfs/scratch1/shared/scur0511/probe4physics/artifacts/features/mvp/jepa_v2_vitg_384/train-val-test/78ea8f6e0a5c5d94
[features.mvp] using compatible legacy cache: expected_signature=34bda98f6a8f3bc6 actual_signature=78ea8f6e0a5c5d94 cache_dir=/gpfs/scratch1/shared/scur0511/probe4physics/artifacts/features/mvp/jepa_v2_vitg_384/train-val-test/78ea8f6e0a5c5d94
[features.mvp] using compatible legacy cache: expected_signature=34bda98f6a8f3bc6 actual_signature=78ea8f6e0a5c5d94 cache_dir=/gpfs/scratch1/shared/scur0511/probe4physics/artifacts/features/mvp/jepa_v2_vitg_384/train-val-test/78ea8f6e0a5c5d94
[features.mvp] using compatible legacy cache: expected_signature=34bda98f6a8f3bc6 actual_signature=78ea8f6e0a5c5d94 cache_dir=/gpfs/scratch1/shared/scur0511/probe4physics/artifacts/features/mvp/jepa_v2_vitg_384/train-val-test/78ea8f6e0a5c5d94
[features.mvp] using compatible legacy cache: expected_signature=34bda98f6a8f3bc6 actual_signature=78ea8f6e0a5c5d94 cache_dir=/gpfs/scratch1/shared/scur0511/probe4physics/artifacts/features/mvp/jepa_v2_vitg_384/train-val-test/78ea8f6e0a5c5d94
[features.mvp] using compatible legacy cache: expected_signature=34bda98f6a8f3bc6 actual_signature=78ea8f6e0a5c5d94 cache_dir=/gpfs/scratch1/shared/scur0511/probe4physics/artifacts/features/mvp/jepa_v2_vitg_384/train-val-test/78ea8f6e0a5c5d94
[features.mvp] using compatible legacy cache: expected_signature=34bda98f6a8f3bc6 actual_signature=78ea8f6e0a5c5d94 cache_dir=/gpfs/scratch1/shared/scur0511/probe4physics/artifacts/features/mvp/jepa_v2_vitg_384/train-val-test/78ea8f6e0a5c5d94
[features.mvp] using compatible legacy cache: expected_signature=34bda98f6a8f3bc6 actual_signature=78ea8f6e0a5c5d94 cache_dir=/gpfs/scratch1/shared/scur0511/probe4physics/artifacts/features/mvp/jepa_v2_vitg_384/train-val-test/78ea8f6e0a5c5d94
[features.mvp] using compatible legacy cache: expected_signature=34bda98f6a8f3bc6 actual_signature=78ea8f6e0a5c5d94 cache_dir=/gpfs/scratch1/shared/scur0511/probe4physics/artifacts/features/mvp/jepa_v2_vitg_384/train-val-test/78ea8f6e0a5c5d94
[features.mvp] using compatible legacy cache: expected_signature=34bda98f6a8f3bc6 actual_signature=78ea8f6e0a5c5d94 cache_dir=/gpfs/scratch1/shared/scur0511/probe4physics/artifacts/features/mvp/jepa_v2_vitg_384/train-val-test/78ea8f6e0a5c5d94
[features.mvp] using compatible legacy cache: expected_signature=34bda98f6a8f3bc6 actual_signature=78ea8f6e0a5c5d94 cache_dir=/gpfs/scratch1/shared/scur0511/probe4physics/artifacts/features/mvp/jepa_v2_vitg_384/train-val-test/78ea8f6e0a5c5d94
[features.mvp] using compatible legacy cache: expected_signature=34bda98f6a8f3bc6 actual_signature=78ea8f6e0a5c5d94 cache_dir=/gpfs/scratch1/shared/scur0511/probe4physics/artifacts/features/mvp/jepa_v2_vitg_384/train-val-test/78ea8f6e0a5c5d94
[features.mvp] using compatible legacy cache: expected_signature=34bda98f6a8f3bc6 actual_signature=78ea8f6e0a5c5d94 cache_dir=/gpfs/scratch1/shared/scur0511/probe4physics/artifacts/features/mvp/jepa_v2_vitg_384/train-val-test/78ea8f6e0a5c5d94
[features.mvp] using compatible legacy cache: expected_signature=34bda98f6a8f3bc6 actual_signature=78ea8f6e0a5c5d94 cache_dir=/gpfs/scratch1/shared/scur0511/probe4physics/artifacts/features/mvp/jepa_v2_vitg_384/train-val-test/78ea8f6e0a5c5d94
[features.mvp] using compatible legacy cache: expected_signature=34bda98f6a8f3bc6 actual_signature=78ea8f6e0a5c5d94 cache_dir=/gpfs/scratch1/shared/scur0511/probe4physics/artifacts/features/mvp/jepa_v2_vitg_384/train-val-test/78ea8f6e0a5c5d94
[features.mvp] using compatible legacy cache: expected_signature=34bda98f6a8f3bc6 actual_signature=78ea8f6e0a5c5d94 cache_dir=/gpfs/scratch1/shared/scur0511/probe4physics/artifacts/features/mvp/jepa_v2_vitg_384/train-val-test/78ea8f6e0a5c5d94
[features.mvp] using compatible legacy cache: expected_signature=34bda98f6a8f3bc6 actual_signature=78ea8f6e0a5c5d94 cache_dir=/gpfs/scratch1/shared/scur0511/probe4physics/artifacts/features/mvp/jepa_v2_vitg_384/train-val-test/78ea8f6e0a5c5d94
[features.mvp] using compatible legacy cache: expected_signature=34bda98f6a8f3bc6 actual_signature=78ea8f6e0a5c5d94 cache_dir=/gpfs/scratch1/shared/scur0511/probe4physics/artifacts/features/mvp/jepa_v2_vitg_384/train-val-test/78ea8f6e0a5c5d94
[features.mvp] using compatible legacy cache: expected_signature=34bda98f6a8f3bc6 actual_signature=78ea8f6e0a5c5d94 cache_dir=/gpfs/scratch1/shared/scur0511/probe4physics/artifacts/features/mvp/jepa_v2_vitg_384/train-val-test/78ea8f6e0a5c5d94
[features.mvp] using compatible legacy cache: expected_signature=34bda98f6a8f3bc6 actual_signature=78ea8f6e0a5c5d94 cache_dir=/gpfs/scratch1/shared/scur0511/probe4physics/artifacts/features/mvp/jepa_v2_vitg_384/train-val-test/78ea8f6e0a5c5d94
[features.mvp] using compatible legacy cache: expected_signature=34bda98f6a8f3bc6 actual_signature=78ea8f6e0a5c5d94 cache_dir=/gpfs/scratch1/shared/scur0511/probe4physics/artifacts/features/mvp/jepa_v2_vitg_384/train-val-test/78ea8f6e0a5c5d94
[features.mvp] using compatible legacy cache: expected_signature=34bda98f6a8f3bc6 actual_signature=78ea8f6e0a5c5d94 cache_dir=/gpfs/scratch1/shared/scur0511/probe4physics/artifacts/features/mvp/jepa_v2_vitg_384/train-val-test/78ea8f6e0a5c5d94
[features.mvp] using compatible legacy cache: expected_signature=34bda98f6a8f3bc6 actual_signature=78ea8f6e0a5c5d94 cache_dir=/gpfs/scratch1/shared/scur0511/probe4physics/artifacts/features/mvp/jepa_v2_vitg_384/train-val-test/78ea8f6e0a5c5d94
[features.mvp] using compatible legacy cache: expected_signature=34bda98f6a8f3bc6 actual_signature=78ea8f6e0a5c5d94 cache_dir=/gpfs/scratch1/shared/scur0511/probe4physics/artifacts/features/mvp/jepa_v2_vitg_384/train-val-test/78ea8f6e0a5c5d94
[features.mvp] using compatible legacy cache: expected_signature=34bda98f6a8f3bc6 actual_signature=78ea8f6e0a5c5d94 cache_dir=/gpfs/scratch1/shared/scur0511/probe4physics/artifacts/features/mvp/jepa_v2_vitg_384/train-val-test/78ea8f6e0a5c5d94
[features.mvp] using compatible legacy cache: expected_signature=34bda98f6a8f3bc6 actual_signature=78ea8f6e0a5c5d94 cache_dir=/gpfs/scratch1/shared/scur0511/probe4physics/artifacts/features/mvp/jepa_v2_vitg_384/train-val-test/78ea8f6e0a5c5d94
[features.mvp] using compatible legacy cache: expected_signature=34bda98f6a8f3bc6 actual_signature=78ea8f6e0a5c5d94 cache_dir=/gpfs/scratch1/shared/scur0511/probe4physics/artifacts/features/mvp/jepa_v2_vitg_384/train-val-test/78ea8f6e0a5c5d94
[features.mvp] using compatible legacy cache: expected_signature=34bda98f6a8f3bc6 actual_signature=78ea8f6e0a5c5d94 cache_dir=/gpfs/scratch1/shared/scur0511/probe4physics/artifacts/features/mvp/jepa_v2_vitg_384/train-val-test/78ea8f6e0a5c5d94
[features.mvp] using compatible legacy cache: expected_signature=34bda98f6a8f3bc6 actual_signature=78ea8f6e0a5c5d94 cache_dir=/gpfs/scratch1/shared/scur0511/probe4physics/artifacts/features/mvp/jepa_v2_vitg_384/train-val-test/78ea8f6e0a5c5d94
[features.mvp] using compatible legacy cache: expected_signature=34bda98f6a8f3bc6 actual_signature=78ea8f6e0a5c5d94 cache_dir=/gpfs/scratch1/shared/scur0511/probe4physics/artifacts/features/mvp/jepa_v2_vitg_384/train-val-test/78ea8f6e0a5c5d94
[features.mvp] using compatible legacy cache: expected_signature=34bda98f6a8f3bc6 actual_signature=78ea8f6e0a5c5d94 cache_dir=/gpfs/scratch1/shared/scur0511/probe4physics/artifacts/features/mvp/jepa_v2_vitg_384/train-val-test/78ea8f6e0a5c5d94
[features.mvp] using compatible legacy cache: expected_signature=34bda98f6a8f3bc6 actual_signature=78ea8f6e0a5c5d94 cache_dir=/gpfs/scratch1/shared/scur0511/probe4physics/artifacts/features/mvp/jepa_v2_vitg_384/train-val-test/78ea8f6e0a5c5d94
[features.mvp] using compatible legacy cache: expected_signature=34bda98f6a8f3bc6 actual_signature=78ea8f6e0a5c5d94 cache_dir=/gpfs/scratch1/shared/scur0511/probe4physics/artifacts/features/mvp/jepa_v2_vitg_384/train-val-test/78ea8f6e0a5c5d94
[features.mvp] using compatible legacy cache: expected_signature=34bda98f6a8f3bc6 actual_signature=78ea8f6e0a5c5d94 cache_dir=/gpfs/scratch1/shared/scur0511/probe4physics/artifacts/features/mvp/jepa_v2_vitg_384/train-val-test/78ea8f6e0a5c5d94
[features.mvp] using compatible legacy cache: expected_signature=34bda98f6a8f3bc6 actual_signature=78ea8f6e0a5c5d94 cache_dir=/gpfs/scratch1/shared/scur0511/probe4physics/artifacts/features/mvp/jepa_v2_vitg_384/train-val-test/78ea8f6e0a5c5d94
[features.mvp] using compatible legacy cache: expected_signature=34bda98f6a8f3bc6 actual_signature=78ea8f6e0a5c5d94 cache_dir=/gpfs/scratch1/shared/scur0511/probe4physics/artifacts/features/mvp/jepa_v2_vitg_384/train-val-test/78ea8f6e0a5c5d94
{
  "best_layer": null,
  "best_layer_label": null,
  "best_objective_metric": null,
  "dataset": "mvp",
  "feature_view": "pooled",
  "layers": [
    {
      "checkpoint": "artifacts/probes/mvp/mvp_probe_mlp_jepa_v2_vitg_384_20260508T164922Z/layer_10/train/trial_0000/probe_best.pt",
      "eval": {
        "base_eval": {
          "metrics": {
            "accuracy": 72.4974721941355,
            "n_pairs": 989,
            "n_samples": 1978,
            "pair_consistency": 52.07280080889788
          },
          "output_dir": "artifacts/probes/mvp/mvp_probe_mlp_jepa_v2_vitg_384_20260508T164922Z/layer_10/eval/test",
          "split_dir": "data/splits/mvp/full_60_20_20"
        },
        "checkpoint": "artifacts/probes/mvp/mvp_probe_mlp_jepa_v2_vitg_384_20260508T164922Z/layer_10/train/trial_0000/probe_best.pt",
        "dataset": "mvp",
        "feature_signature": "78ea8f6e0a5c5d94",
        "metrics": {
          "accuracy": 72.4974721941355,
          "n_pairs": 989,
          "n_samples": 1978,
          "pair_consistency": 52.07280080889788
        },
        "metrics_by_split": {
          "test": {
            "accuracy": 72.4974721941355,
            "n_pairs": 989,
            "n_samples": 1978,
            "pair_consistency": 52.07280080889788
          },
          "train": {
            "accuracy": 95.80101180438449,
            "n_pairs": 2965,
            "n_samples": 5930,
            "pair_consistency": 91.73693086003372
          },
          "val": {
            "accuracy": 73.76137512639029,
            "n_pairs": 989,
            "n_samples": 1978,
            "pair_consistency": 54.19615773508595
          }
        },
        "objective_metric": 52.07280080889788,
        "prediction_file": "artifacts/probes/mvp/mvp_probe_mlp_jepa_v2_vitg_384_20260508T164922Z/layer_10/eval/test/probe_predictions.json",
        "prediction_files": {
          "test": "artifacts/probes/mvp/mvp_probe_mlp_jepa_v2_vitg_384_20260508T164922Z/layer_10/eval/test/probe_predictions.json",
          "train": "artifacts/probes/mvp/mvp_probe_mlp_jepa_v2_vitg_384_20260508T164922Z/layer_10/eval/train/probe_predictions.json",
          "val": "artifacts/probes/mvp/mvp_probe_mlp_jepa_v2_vitg_384_20260508T164922Z/layer_10/eval/val/probe_predictions.json"
        },
        "probe_eval_dir": "artifacts/probes/mvp/mvp_probe_mlp_jepa_v2_vitg_384_20260508T164922Z/layer_10/eval",
        "probe_name": "mlp",
        "reported_splits": [
          "train",
          "val",
          "test"
        ],
        "split_eval_dirs": {
          "test": "artifacts/probes/mvp/mvp_probe_mlp_jepa_v2_vitg_384_20260508T164922Z/layer_10/eval/test",
          "train": "artifacts/probes/mvp/mvp_probe_mlp_jepa_v2_vitg_384_20260508T164922Z/layer_10/eval/train",
          "val": "artifacts/probes/mvp/mvp_probe_mlp_jepa_v2_vitg_384_20260508T164922Z/layer_10/eval/val"
        },
        "split_evals": {
          "test": {
            "base_eval": {
              "metrics": {
                "accuracy": 72.4974721941355,
                "n_pairs": 989,
                "n_samples": 1978,
                "pair_consistency": 52.07280080889788
              },
              "output_dir": "artifacts/probes/mvp/mvp_probe_mlp_jepa_v2_vitg_384_20260508T164922Z/layer_10/eval/test",
              "split_dir": "data/splits/mvp/full_60_20_20"
            },
            "checkpoint": "artifacts/probes/mvp/mvp_probe_mlp_jepa_v2_vitg_384_20260508T164922Z/layer_10/train/trial_0000/probe_best.pt",
            "dataset": "mvp",
            "feature_signature": "78ea8f6e0a5c5d94",
            "metrics": {
              "accuracy": 72.4974721941355,
              "n_pairs": 989,
              "n_samples": 1978,
              "pair_consistency": 52.07280080889788
            },
            "objective_metric": 52.07280080889788,
            "prediction_file": "artifacts/probes/mvp/mvp_probe_mlp_jepa_v2_vitg_384_20260508T164922Z/layer_10/eval/test/probe_predictions.json",
            "probe_eval_dir": "artifacts/probes/mvp/mvp_probe_mlp_jepa_v2_vitg_384_20260508T164922Z/layer_10/eval/test",
            "probe_name": "mlp",
            "split_name": "test"
          },
          "train": {
            "base_eval": {
              "metrics": {
                "accuracy": 95.80101180438449,
                "n_pairs": 2965,
                "n_samples": 5930,
                "pair_consistency": 91.73693086003372
              },
              "output_dir": "artifacts/probes/mvp/mvp_probe_mlp_jepa_v2_vitg_384_20260508T164922Z/layer_10/eval/train",
              "split_dir": "data/splits/mvp/full_60_20_20"
            },
            "checkpoint": "artifacts/probes/mvp/mvp_probe_mlp_jepa_v2_vitg_384_20260508T164922Z/layer_10/train/trial_0000/probe_best.pt",
            "dataset": "mvp",
            "feature_signature": "78ea8f6e0a5c5d94",
            "metrics": {
              "accuracy": 95.80101180438449,
              "n_pairs": 2965,
              "n_samples": 5930,
              "pair_consistency": 91.73693086003372
            },
            "objective_metric": 91.73693086003372,
            "prediction_file": "artifacts/probes/mvp/mvp_probe_mlp_jepa_v2_vitg_384_20260508T164922Z/layer_10/eval/train/probe_predictions.json",
            "probe_eval_dir": "artifacts/probes/mvp/mvp_probe_mlp_jepa_v2_vitg_384_20260508T164922Z/layer_10/eval/train",
            "probe_name": "mlp",
            "split_name": "train"
          },
          "val": {
            "base_eval": {
              "metrics": {
                "accuracy": 73.76137512639029,
                "n_pairs": 989,
                "n_samples": 1978,
                "pair_consistency": 54.19615773508595
              },
              "output_dir": "artifacts/probes/mvp/mvp_probe_mlp_jepa_v2_vitg_384_20260508T164922Z/layer_10/eval/val",
              "split_dir": "data/splits/mvp/full_60_20_20"
            },
            "checkpoint": "artifacts/probes/mvp/mvp_probe_mlp_jepa_v2_vitg_384_20260508T164922Z/layer_10/train/trial_0000/probe_best.pt",
            "dataset": "mvp",
            "feature_signature": "78ea8f6e0a5c5d94",
            "metrics": {
              "accuracy": 73.76137512639029,
              "n_pairs": 989,
              "n_samples": 1978,
              "pair_consistency": 54.19615773508595
            },
            "objective_metric": 54.19615773508595,
            "prediction_file": "artifacts/probes/mvp/mvp_probe_mlp_jepa_v2_vitg_384_20260508T164922Z/layer_10/eval/val/probe_predictions.json",
            "probe_eval_dir": "artifacts/probes/mvp/mvp_probe_mlp_jepa_v2_vitg_384_20260508T164922Z/layer_10/eval/val",
            "probe_name": "mlp",
            "split_name": "val"
          }
        },
        "split_name": "test"
      },
      "layer": 10,
      "layer_label": "10",
      "objective_metric": 52.07280080889788,
      "train": {
        "best_checkpoint": "artifacts/probes/mvp/mvp_probe_mlp_jepa_v2_vitg_384_20260508T164922Z/layer_10/train/trial_0000/probe_best.pt",
        "best_eval_output_dir": "artifacts/probes/mvp/mvp_probe_mlp_jepa_v2_vitg_384_20260508T164922Z/layer_10/train/trial_0000/val_eval",
        "best_output_dir": "artifacts/probes/mvp/mvp_probe_mlp_jepa_v2_vitg_384_20260508T164922Z/layer_10/train/trial_0000",
        "best_params": {
          "batch_size": 32,
          "dropout": 0.21597250932105788,
          "epochs": 2000,
          "hidden_dims": "256",
          "lr": 0.0001329291894316216,
          "weight_decay": 0.005061576888752304
        },
        "best_trial_number": 0,
        "best_value": 54.19615773508595,
        "checkpoint": "artifacts/probes/mvp/mvp_probe_mlp_jepa_v2_vitg_384_20260508T164922Z/layer_10/train/trial_0000/probe_best.pt",
        "dataset": "mvp",
        "direction": "maximize",
        "layer": 10,
        "n_trials": 20,
        "objective_metric": "pair_consistency",
        "output_dir": "artifacts/probes/mvp/mvp_probe_mlp_jepa_v2_vitg_384_20260508T164922Z/layer_10/train",
        "probe_name": "mlp",
        "storage": "sqlite:////gpfs/home3/scur0511/Probe4Physics/artifacts/probes/mvp/mvp_probe_mlp_jepa_v2_vitg_384_20260508T164922Z/layer_10/train/optuna_study.sqlite3",
        "study_name": "mvp_mlp_jepa_v2_vitg_384_layer_10",
        "trials": [
          {
            "checkpoint": "artifacts/probes/mvp/mvp_probe_mlp_jepa_v2_vitg_384_20260508T164922Z/layer_10/train/trial_0000/probe_best.pt",
            "eval_output_dir": "artifacts/probes/mvp/mvp_probe_mlp_jepa_v2_vitg_384_20260508T164922Z/layer_10/train/trial_0000/val_eval",
            "output_dir": "artifacts/probes/mvp/mvp_probe_mlp_jepa_v2_vitg_384_20260508T164922Z/layer_10/train/trial_0000",
            "params": {
              "batch_size": 32,
              "dropout": 0.21597250932105788,
              "epochs": 2000,
              "hidden_dims": "256",
              "lr": 0.0001329291894316216,
              "weight_decay": 0.005061576888752304
            },
            "trial_number": 0,
            "value": 54.19615773508595
          },
          {
            "checkpoint": "artifacts/probes/mvp/mvp_probe_mlp_jepa_v2_vitg_384_20260508T164922Z/layer_10/train/trial_0001/probe_best.pt",
            "eval_output_dir": "artifacts/probes/mvp/mvp_probe_mlp_jepa_v2_vitg_384_20260508T164922Z/layer_10/train/trial_0001/val_eval",
            "output_dir": "artifacts/probes/mvp/mvp_probe_mlp_jepa_v2_vitg_384_20260508T164922Z/layer_10/train/trial_0001",
            "params": {
              "batch_size": 256,
              "dropout": 0.048836057003191935,
              "epochs": 20,
              "hidden_dims": "512x256",
              "lr": 7.476312062252303e-05,
              "weight_decay": 4.689400963537693e-05
            },
            "trial_number": 1,
            "value": 12.639029322548028
          },
          {
            "checkpoint": "artifacts/probes/mvp/mvp_probe_mlp_jepa_v2_vitg_384_20260508T164922Z/layer_10/train/trial_0002/probe_best.pt",
            "eval_output_dir": "artifacts/probes/mvp/mvp_probe_mlp_jepa_v2_vitg_384_20260508T164922Z/layer_10/train/trial_0002/val_eval",
            "output_dir": "artifacts/probes/mvp/mvp_probe_mlp_jepa_v2_vitg_384_20260508T164922Z/layer_10/train/trial_0002",
            "params": {
              "batch_size": 256,
              "dropout": 0.04424625102595975,
              "epochs": 50,
              "hidden_dims": "256",
              "lr": 0.0011290133559092666,
              "weight_decay": 4.374364439939069e-06
            },
            "trial_number": 2,
            "value": 29.120323559150656
          },
          {
            "checkpoint": "artifacts/probes/mvp/mvp_probe_mlp_jepa_v2_vitg_384_20260508T164922Z/layer_10/train/trial_0006/probe_best.pt",
            "eval_output_dir": "artifacts/probes/mvp/mvp_probe_mlp_jepa_v2_vitg_384_20260508T164922Z/layer_10/train/trial_0006/val_eval",
            "output_dir": "artifacts/probes/mvp/mvp_probe_mlp_jepa_v2_vitg_384_20260508T164922Z/layer_10/train/trial_0006",
            "params": {
              "batch_size": 128,
              "dropout": 0.0599326836668414,
              "epochs": 50,
              "hidden_dims": "512",
              "lr": 0.000794714742465374,
              "weight_decay": 0.0016934155410667966
            },
            "trial_number": 6,
            "value": 34.883720930232556
          },
          {
            "checkpoint": "artifacts/probes/mvp/mvp_probe_mlp_jepa_v2_vitg_384_20260508T164922Z/layer_10/train/trial_0007/probe_best.pt",
            "eval_output_dir": "artifacts/probes/mvp/mvp_probe_mlp_jepa_v2_vitg_384_20260508T164922Z/layer_10/train/trial_0007/val_eval",
            "output_dir": "artifacts/probes/mvp/mvp_probe_mlp_jepa_v2_vitg_384_20260508T164922Z/layer_10/train/trial_0007",
            "params": {
              "batch_size": 128,
              "dropout": 0.11978094533348621,
              "epochs": 20,
              "hidden_dims": "1024x512x1024",
              "lr": 0.00010300196600986775,
              "weight_decay": 0.0045442082254883295
            },
            "trial_number": 7,
            "value": 13.953488372093023
          },
          {
            "checkpoint": "artifacts/probes/mvp/mvp_probe_mlp_jepa_v2_vitg_384_20260508T164922Z/layer_10/train/trial_0008/probe_best.pt",
            "eval_output_dir": "artifacts/probes/mvp/mvp_probe_mlp_jepa_v2_vitg_384_20260508T164922Z/layer_10/train/trial_0008/val_eval",
            "output_dir": "artifacts/probes/mvp/mvp_probe_mlp_jepa_v2_vitg_384_20260508T164922Z/layer_10/train/trial_0008",
            "params": {
              "batch_size": 32,
              "dropout": 0.3387821809211412,
              "epochs": 50,
              "hidden_dims": "512",
              "lr": 2.7207248059486674e-05,
              "weight_decay": 8.64403589520682e-06
            },
            "trial_number": 8,
            "value": 20.82912032355915
          },
          {
            "checkpoint": "artifacts/probes/mvp/mvp_probe_mlp_jepa_v2_vitg_384_20260508T164922Z/layer_10/train/trial_0009/probe_best.pt",
            "eval_output_dir": "artifacts/probes/mvp/mvp_probe_mlp_jepa_v2_vitg_384_20260508T164922Z/layer_10/train/trial_0009/val_eval",
            "output_dir": "artifacts/probes/mvp/mvp_probe_mlp_jepa_v2_vitg_384_20260508T164922Z/layer_10/train/trial_0009",
            "params": {
              "batch_size": 256,
              "dropout": 0.12092614545022584,
              "epochs": 50,
              "hidden_dims": "256",
              "lr": 1.1214075785991125e-05,
              "weight_decay": 1.1818390883060214e-05
            },
            "trial_number": 9,
            "value": 16.380182002022245
          },
          {
            "checkpoint": "artifacts/probes/mvp/mvp_probe_mlp_jepa_v2_vitg_384_20260508T164922Z/layer_10/train/trial_0014/probe_best.pt",
            "eval_output_dir": "artifacts/probes/mvp/mvp_probe_mlp_jepa_v2_vitg_384_20260508T164922Z/layer_10/train/trial_0014/val_eval",
            "output_dir": "artifacts/probes/mvp/mvp_probe_mlp_jepa_v2_vitg_384_20260508T164922Z/layer_10/train/trial_0014",
            "params": {
              "batch_size": 32,
              "dropout": 0.47863040752173247,
              "epochs": 100,
              "hidden_dims": "1024x512x256",
              "lr": 0.00011038251665362917,
              "weight_decay": 0.00015990581904818112
            },
            "trial_number": 14,
            "value": 32.45702730030334
          },
          {
            "checkpoint": "artifacts/probes/mvp/mvp_probe_mlp_jepa_v2_vitg_384_20260508T164922Z/layer_10/train/trial_0016/probe_best.pt",
            "eval_output_dir": "artifacts/probes/mvp/mvp_probe_mlp_jepa_v2_vitg_384_20260508T164922Z/layer_10/train/trial_0016/val_eval",
            "output_dir": "artifacts/probes/mvp/mvp_probe_mlp_jepa_v2_vitg_384_20260508T164922Z/layer_10/train/trial_0016",
            "params": {
              "batch_size": 128,
              "dropout": 0.016755558826512106,
              "epochs": 50,
              "hidden_dims": "512x256",
              "lr": 0.0006565628534662934,
              "weight_decay": 0.0014835106272763968
            },
            "trial_number": 16,
            "value": 28.816986855409503
          },
          {
            "checkpoint": "artifacts/probes/mvp/mvp_probe_mlp_jepa_v2_vitg_384_20260508T164922Z/layer_10/train/trial_0019/probe_best.pt",
            "eval_output_dir": "artifacts/probes/mvp/mvp_probe_mlp_jepa_v2_vitg_384_20260508T164922Z/layer_10/train/trial_0019/val_eval",
            "output_dir": "artifacts/probes/mvp/mvp_probe_mlp_jepa_v2_vitg_384_20260508T164922Z/layer_10/train/trial_0019",
            "params": {
              "batch_size": 128,
              "dropout": 0.2884745869448389,
              "epochs": 50,
              "hidden_dims": "512",
              "lr": 0.0027623800704545468,
              "weight_decay": 6.867691807016495e-05
            },
            "trial_number": 19,
            "value": 24.974721941354904
          }
        ]
      }
    },
    {
      "checkpoint": "artifacts/probes/mvp/mvp_probe_mlp_jepa_v2_vitg_384_20260508T164922Z/layer_20/train/trial_0000/probe_best.pt",
      "eval": {
        "base_eval": {
          "metrics": {
            "accuracy": 76.08695652173914,
            "n_pairs": 989,
            "n_samples": 1978,
            "pair_consistency": 58.341759352881695
          },
          "output_dir": "artifacts/probes/mvp/mvp_probe_mlp_jepa_v2_vitg_384_20260508T164922Z/layer_20/eval/test",
          "split_dir": "data/splits/mvp/full_60_20_20"
        },
        "checkpoint": "artifacts/probes/mvp/mvp_probe_mlp_jepa_v2_vitg_384_20260508T164922Z/layer_20/train/trial_0000/probe_best.pt",
        "dataset": "mvp",
        "feature_signature": "78ea8f6e0a5c5d94",
        "metrics": {
          "accuracy": 76.08695652173914,
          "n_pairs": 989,
          "n_samples": 1978,
          "pair_consistency": 58.341759352881695
        },
        "metrics_by_split": {
          "test": {
            "accuracy": 76.08695652173914,
            "n_pairs": 989,
            "n_samples": 1978,
            "pair_consistency": 58.341759352881695
          },
          "train": {
            "accuracy": 97.75716694772343,
            "n_pairs": 2965,
            "n_samples": 5930,
            "pair_consistency": 95.54806070826307
          },
          "val": {
            "accuracy": 79.5247724974722,
            "n_pairs": 989,
            "n_samples": 1978,
            "pair_consistency": 63.902932254802835
          }
        },
        "objective_metric": 58.341759352881695,
        "prediction_file": "artifacts/probes/mvp/mvp_probe_mlp_jepa_v2_vitg_384_20260508T164922Z/layer_20/eval/test/probe_predictions.json",
        "prediction_files": {
          "test": "artifacts/probes/mvp/mvp_probe_mlp_jepa_v2_vitg_384_20260508T164922Z/layer_20/eval/test/probe_predictions.json",
          "train": "artifacts/probes/mvp/mvp_probe_mlp_jepa_v2_vitg_384_20260508T164922Z/layer_20/eval/train/probe_predictions.json",
          "val": "artifacts/probes/mvp/mvp_probe_mlp_jepa_v2_vitg_384_20260508T164922Z/layer_20/eval/val/probe_predictions.json"
        },
        "probe_eval_dir": "artifacts/probes/mvp/mvp_probe_mlp_jepa_v2_vitg_384_20260508T164922Z/layer_20/eval",
        "probe_name": "mlp",
        "reported_splits": [
          "train",
          "val",
          "test"
        ],
        "split_eval_dirs": {
          "test": "artifacts/probes/mvp/mvp_probe_mlp_jepa_v2_vitg_384_20260508T164922Z/layer_20/eval/test",
          "train": "artifacts/probes/mvp/mvp_probe_mlp_jepa_v2_vitg_384_20260508T164922Z/layer_20/eval/train",
          "val": "artifacts/probes/mvp/mvp_probe_mlp_jepa_v2_vitg_384_20260508T164922Z/layer_20/eval/val"
        },
        "split_evals": {
          "test": {
            "base_eval": {
              "metrics": {
                "accuracy": 76.08695652173914,
                "n_pairs": 989,
                "n_samples": 1978,
                "pair_consistency": 58.341759352881695
              },
              "output_dir": "artifacts/probes/mvp/mvp_probe_mlp_jepa_v2_vitg_384_20260508T164922Z/layer_20/eval/test",
              "split_dir": "data/splits/mvp/full_60_20_20"
            },
            "checkpoint": "artifacts/probes/mvp/mvp_probe_mlp_jepa_v2_vitg_384_20260508T164922Z/layer_20/train/trial_0000/probe_best.pt",
            "dataset": "mvp",
            "feature_signature": "78ea8f6e0a5c5d94",
            "metrics": {
              "accuracy": 76.08695652173914,
              "n_pairs": 989,
              "n_samples": 1978,
              "pair_consistency": 58.341759352881695
            },
            "objective_metric": 58.341759352881695,
            "prediction_file": "artifacts/probes/mvp/mvp_probe_mlp_jepa_v2_vitg_384_20260508T164922Z/layer_20/eval/test/probe_predictions.json",
            "probe_eval_dir": "artifacts/probes/mvp/mvp_probe_mlp_jepa_v2_vitg_384_20260508T164922Z/layer_20/eval/test",
            "probe_name": "mlp",
            "split_name": "test"
          },
          "train": {
            "base_eval": {
              "metrics": {
                "accuracy": 97.75716694772343,
                "n_pairs": 2965,
                "n_samples": 5930,
                "pair_consistency": 95.54806070826307
              },
              "output_dir": "artifacts/probes/mvp/mvp_probe_mlp_jepa_v2_vitg_384_20260508T164922Z/layer_20/eval/train",
              "split_dir": "data/splits/mvp/full_60_20_20"
            },
            "checkpoint": "artifacts/probes/mvp/mvp_probe_mlp_jepa_v2_vitg_384_20260508T164922Z/layer_20/train/trial_0000/probe_best.pt",
            "dataset": "mvp",
            "feature_signature": "78ea8f6e0a5c5d94",
            "metrics": {
              "accuracy": 97.75716694772343,
              "n_pairs": 2965,
              "n_samples": 5930,
              "pair_consistency": 95.54806070826307
            },
            "objective_metric": 95.54806070826307,
            "prediction_file": "artifacts/probes/mvp/mvp_probe_mlp_jepa_v2_vitg_384_20260508T164922Z/layer_20/eval/train/probe_predictions.json",
            "probe_eval_dir": "artifacts/probes/mvp/mvp_probe_mlp_jepa_v2_vitg_384_20260508T164922Z/layer_20/eval/train",
            "probe_name": "mlp",
            "split_name": "train"
          },
          "val": {
            "base_eval": {
              "metrics": {
                "accuracy": 79.5247724974722,
                "n_pairs": 989,
                "n_samples": 1978,
                "pair_consistency": 63.902932254802835
              },
              "output_dir": "artifacts/probes/mvp/mvp_probe_mlp_jepa_v2_vitg_384_20260508T164922Z/layer_20/eval/val",
              "split_dir": "data/splits/mvp/full_60_20_20"
            },
            "checkpoint": "artifacts/probes/mvp/mvp_probe_mlp_jepa_v2_vitg_384_20260508T164922Z/layer_20/train/trial_0000/probe_best.pt",
            "dataset": "mvp",
            "feature_signature": "78ea8f6e0a5c5d94",
            "metrics": {
              "accuracy": 79.5247724974722,
              "n_pairs": 989,
              "n_samples": 1978,
              "pair_consistency": 63.902932254802835
            },
            "objective_metric": 63.902932254802835,
            "prediction_file": "artifacts/probes/mvp/mvp_probe_mlp_jepa_v2_vitg_384_20260508T164922Z/layer_20/eval/val/probe_predictions.json",
            "probe_eval_dir": "artifacts/probes/mvp/mvp_probe_mlp_jepa_v2_vitg_384_20260508T164922Z/layer_20/eval/val",
            "probe_name": "mlp",
            "split_name": "val"
          }
        },
        "split_name": "test"
      },
      "layer": 20,
      "layer_label": "20",
      "objective_metric": 58.341759352881695,
      "train": {
        "best_checkpoint": "artifacts/probes/mvp/mvp_probe_mlp_jepa_v2_vitg_384_20260508T164922Z/layer_20/train/trial_0000/probe_best.pt",
        "best_eval_output_dir": "artifacts/probes/mvp/mvp_probe_mlp_jepa_v2_vitg_384_20260508T164922Z/layer_20/train/trial_0000/val_eval",
        "best_output_dir": "artifacts/probes/mvp/mvp_probe_mlp_jepa_v2_vitg_384_20260508T164922Z/layer_20/train/trial_0000",
        "best_params": {
          "batch_size": 32,
          "dropout": 0.21597250932105788,
          "epochs": 2000,
          "hidden_dims": "256",
          "lr": 0.0001329291894316216,
          "weight_decay": 0.005061576888752304
        },
        "best_trial_number": 0,
        "best_value": 63.902932254802835,
        "checkpoint": "artifacts/probes/mvp/mvp_probe_mlp_jepa_v2_vitg_384_20260508T164922Z/layer_20/train/trial_0000/probe_best.pt",
        "dataset": "mvp",
        "direction": "maximize",
        "layer": 20,
        "n_trials": 20,
        "objective_metric": "pair_consistency",
        "output_dir": "artifacts/probes/mvp/mvp_probe_mlp_jepa_v2_vitg_384_20260508T164922Z/layer_20/train",
        "probe_name": "mlp",
        "storage": "sqlite:////gpfs/home3/scur0511/Probe4Physics/artifacts/probes/mvp/mvp_probe_mlp_jepa_v2_vitg_384_20260508T164922Z/layer_20/train/optuna_study.sqlite3",
        "study_name": "mvp_mlp_jepa_v2_vitg_384_layer_20",
        "trials": [
          {
            "checkpoint": "artifacts/probes/mvp/mvp_probe_mlp_jepa_v2_vitg_384_20260508T164922Z/layer_20/train/trial_0000/probe_best.pt",
            "eval_output_dir": "artifacts/probes/mvp/mvp_probe_mlp_jepa_v2_vitg_384_20260508T164922Z/layer_20/train/trial_0000/val_eval",
            "output_dir": "artifacts/probes/mvp/mvp_probe_mlp_jepa_v2_vitg_384_20260508T164922Z/layer_20/train/trial_0000",
            "params": {
              "batch_size": 32,
              "dropout": 0.21597250932105788,
              "epochs": 2000,
              "hidden_dims": "256",
              "lr": 0.0001329291894316216,
              "weight_decay": 0.005061576888752304
            },
            "trial_number": 0,
            "value": 63.902932254802835
          },
          {
            "checkpoint": "artifacts/probes/mvp/mvp_probe_mlp_jepa_v2_vitg_384_20260508T164922Z/layer_20/train/trial_0001/probe_best.pt",
            "eval_output_dir": "artifacts/probes/mvp/mvp_probe_mlp_jepa_v2_vitg_384_20260508T164922Z/layer_20/train/trial_0001/val_eval",
            "output_dir": "artifacts/probes/mvp/mvp_probe_mlp_jepa_v2_vitg_384_20260508T164922Z/layer_20/train/trial_0001",
            "params": {
              "batch_size": 256,
              "dropout": 0.048836057003191935,
              "epochs": 20,
              "hidden_dims": "512x256",
              "lr": 7.476312062252303e-05,
              "weight_decay": 4.689400963537693e-05
            },
            "trial_number": 1,
            "value": 19.312436804853387
          },
          {
            "checkpoint": "artifacts/probes/mvp/mvp_probe_mlp_jepa_v2_vitg_384_20260508T164922Z/layer_20/train/trial_0002/probe_best.pt",
            "eval_output_dir": "artifacts/probes/mvp/mvp_probe_mlp_jepa_v2_vitg_384_20260508T164922Z/layer_20/train/trial_0002/val_eval",
            "output_dir": "artifacts/probes/mvp/mvp_probe_mlp_jepa_v2_vitg_384_20260508T164922Z/layer_20/train/trial_0002",
            "params": {
              "batch_size": 256,
              "dropout": 0.04424625102595975,
              "epochs": 50,
              "hidden_dims": "256",
              "lr": 0.0011290133559092666,
              "weight_decay": 4.374364439939069e-06
            },
            "trial_number": 2,
            "value": 36.29929221435793
          },
          {
            "checkpoint": "artifacts/probes/mvp/mvp_probe_mlp_jepa_v2_vitg_384_20260508T164922Z/layer_20/train/trial_0006/probe_best.pt",
            "eval_output_dir": "artifacts/probes/mvp/mvp_probe_mlp_jepa_v2_vitg_384_20260508T164922Z/layer_20/train/trial_0006/val_eval",
            "output_dir": "artifacts/probes/mvp/mvp_probe_mlp_jepa_v2_vitg_384_20260508T164922Z/layer_20/train/trial_0006",
            "params": {
              "batch_size": 128,
              "dropout": 0.0599326836668414,
              "epochs": 50,
              "hidden_dims": "512",
              "lr": 0.000794714742465374,
              "weight_decay": 0.0016934155410667966
            },
            "trial_number": 6,
            "value": 36.400404448938325
          },
          {
            "checkpoint": "artifacts/probes/mvp/mvp_probe_mlp_jepa_v2_vitg_384_20260508T164922Z/layer_20/train/trial_0007/probe_best.pt",
            "eval_output_dir": "artifacts/probes/mvp/mvp_probe_mlp_jepa_v2_vitg_384_20260508T164922Z/layer_20/train/trial_0007/val_eval",
            "output_dir": "artifacts/probes/mvp/mvp_probe_mlp_jepa_v2_vitg_384_20260508T164922Z/layer_20/train/trial_0007",
            "params": {
              "batch_size": 128,
              "dropout": 0.11978094533348621,
              "epochs": 20,
              "hidden_dims": "1024x512x1024",
              "lr": 0.00010300196600986775,
              "weight_decay": 0.0045442082254883295
            },
            "trial_number": 7,
            "value": 16.885743174924166
          },
          {
            "checkpoint": "artifacts/probes/mvp/mvp_probe_mlp_jepa_v2_vitg_384_20260508T164922Z/layer_20/train/trial_0008/probe_best.pt",
            "eval_output_dir": "artifacts/probes/mvp/mvp_probe_mlp_jepa_v2_vitg_384_20260508T164922Z/layer_20/train/trial_0008/val_eval",
            "output_dir": "artifacts/probes/mvp/mvp_probe_mlp_jepa_v2_vitg_384_20260508T164922Z/layer_20/train/trial_0008",
            "params": {
              "batch_size": 32,
              "dropout": 0.3387821809211412,
              "epochs": 50,
              "hidden_dims": "512",
              "lr": 2.7207248059486674e-05,
              "weight_decay": 8.64403589520682e-06
            },
            "trial_number": 8,
            "value": 32.76036400404449
          },
          {
            "checkpoint": "artifacts/probes/mvp/mvp_probe_mlp_jepa_v2_vitg_384_20260508T164922Z/layer_20/train/trial_0009/probe_best.pt",
            "eval_output_dir": "artifacts/probes/mvp/mvp_probe_mlp_jepa_v2_vitg_384_20260508T164922Z/layer_20/train/trial_0009/val_eval",
            "output_dir": "artifacts/probes/mvp/mvp_probe_mlp_jepa_v2_vitg_384_20260508T164922Z/layer_20/train/trial_0009",
            "params": {
              "batch_size": 256,
              "dropout": 0.12092614545022584,
              "epochs": 50,
              "hidden_dims": "256",
              "lr": 1.1214075785991125e-05,
              "weight_decay": 1.1818390883060214e-05
            },
            "trial_number": 9,
            "value": 21.03134479271992
          },
          {
            "checkpoint": "artifacts/probes/mvp/mvp_probe_mlp_jepa_v2_vitg_384_20260508T164922Z/layer_20/train/trial_0016/probe_best.pt",
            "eval_output_dir": "artifacts/probes/mvp/mvp_probe_mlp_jepa_v2_vitg_384_20260508T164922Z/layer_20/train/trial_0016/val_eval",
            "output_dir": "artifacts/probes/mvp/mvp_probe_mlp_jepa_v2_vitg_384_20260508T164922Z/layer_20/train/trial_0016",
            "params": {
              "batch_size": 128,
              "dropout": 0.016755558826512106,
              "epochs": 50,
              "hidden_dims": "512x256",
              "lr": 0.0006565628534662934,
              "weight_decay": 0.0014835106272763968
            },
            "trial_number": 16,
            "value": 35.49039433771487
          },
          {
            "checkpoint": "artifacts/probes/mvp/mvp_probe_mlp_jepa_v2_vitg_384_20260508T164922Z/layer_20/train/trial_0019/probe_best.pt",
            "eval_output_dir": "artifacts/probes/mvp/mvp_probe_mlp_jepa_v2_vitg_384_20260508T164922Z/layer_20/train/trial_0019/val_eval",
            "output_dir": "artifacts/probes/mvp/mvp_probe_mlp_jepa_v2_vitg_384_20260508T164922Z/layer_20/train/trial_0019",
            "params": {
              "batch_size": 128,
              "dropout": 0.2884745869448389,
              "epochs": 50,
              "hidden_dims": "512",
              "lr": 0.0027623800704545468,
              "weight_decay": 6.867691807016495e-05
            },
            "trial_number": 19,
            "value": 33.56926188068756
          }
        ]
      }
    },
    {
      "checkpoint": "artifacts/probes/mvp/mvp_probe_mlp_jepa_v2_vitg_384_20260508T164922Z/layer_30/train/trial_0017/probe_best.pt",
      "eval": {
        "base_eval": {
          "metrics": {
            "accuracy": 85.23761375126391,
            "n_pairs": 989,
            "n_samples": 1978,
            "pair_consistency": 74.31749241658241
          },
          "output_dir": "artifacts/probes/mvp/mvp_probe_mlp_jepa_v2_vitg_384_20260508T164922Z/layer_30/eval/test",
          "split_dir": "data/splits/mvp/full_60_20_20"
        },
        "checkpoint": "artifacts/probes/mvp/mvp_probe_mlp_jepa_v2_vitg_384_20260508T164922Z/layer_30/train/trial_0017/probe_best.pt",
        "dataset": "mvp",
        "feature_signature": "78ea8f6e0a5c5d94",
        "metrics": {
          "accuracy": 85.23761375126391,
          "n_pairs": 989,
          "n_samples": 1978,
          "pair_consistency": 74.31749241658241
        },
        "metrics_by_split": {
          "test": {
            "accuracy": 85.23761375126391,
            "n_pairs": 989,
            "n_samples": 1978,
            "pair_consistency": 74.31749241658241
          },
          "train": {
            "accuracy": 99.74704890387859,
            "n_pairs": 2965,
            "n_samples": 5930,
            "pair_consistency": 99.49409780775717
          },
          "val": {
            "accuracy": 86.60262891809909,
            "n_pairs": 989,
            "n_samples": 1978,
            "pair_consistency": 76.03640040444894
          }
        },
        "objective_metric": 74.31749241658241,
        "prediction_file": "artifacts/probes/mvp/mvp_probe_mlp_jepa_v2_vitg_384_20260508T164922Z/layer_30/eval/test/probe_predictions.json",
        "prediction_files": {
          "test": "artifacts/probes/mvp/mvp_probe_mlp_jepa_v2_vitg_384_20260508T164922Z/layer_30/eval/test/probe_predictions.json",
          "train": "artifacts/probes/mvp/mvp_probe_mlp_jepa_v2_vitg_384_20260508T164922Z/layer_30/eval/train/probe_predictions.json",
          "val": "artifacts/probes/mvp/mvp_probe_mlp_jepa_v2_vitg_384_20260508T164922Z/layer_30/eval/val/probe_predictions.json"
        },
        "probe_eval_dir": "artifacts/probes/mvp/mvp_probe_mlp_jepa_v2_vitg_384_20260508T164922Z/layer_30/eval",
        "probe_name": "mlp",
        "reported_splits": [
          "train",
          "val",
          "test"
        ],
        "split_eval_dirs": {
          "test": "artifacts/probes/mvp/mvp_probe_mlp_jepa_v2_vitg_384_20260508T164922Z/layer_30/eval/test",
          "train": "artifacts/probes/mvp/mvp_probe_mlp_jepa_v2_vitg_384_20260508T164922Z/layer_30/eval/train",
          "val": "artifacts/probes/mvp/mvp_probe_mlp_jepa_v2_vitg_384_20260508T164922Z/layer_30/eval/val"
        },
        "split_evals": {
          "test": {
            "base_eval": {
              "metrics": {
                "accuracy": 85.23761375126391,
                "n_pairs": 989,
                "n_samples": 1978,
                "pair_consistency": 74.31749241658241
              },
              "output_dir": "artifacts/probes/mvp/mvp_probe_mlp_jepa_v2_vitg_384_20260508T164922Z/layer_30/eval/test",
              "split_dir": "data/splits/mvp/full_60_20_20"
            },
            "checkpoint": "artifacts/probes/mvp/mvp_probe_mlp_jepa_v2_vitg_384_20260508T164922Z/layer_30/train/trial_0017/probe_best.pt",
            "dataset": "mvp",
            "feature_signature": "78ea8f6e0a5c5d94",
            "metrics": {
              "accuracy": 85.23761375126391,
              "n_pairs": 989,
              "n_samples": 1978,
              "pair_consistency": 74.31749241658241
            },
            "objective_metric": 74.31749241658241,
            "prediction_file": "artifacts/probes/mvp/mvp_probe_mlp_jepa_v2_vitg_384_20260508T164922Z/layer_30/eval/test/probe_predictions.json",
            "probe_eval_dir": "artifacts/probes/mvp/mvp_probe_mlp_jepa_v2_vitg_384_20260508T164922Z/layer_30/eval/test",
            "probe_name": "mlp",
            "split_name": "test"
          },
          "train": {
            "base_eval": {
              "metrics": {
                "accuracy": 99.74704890387859,
                "n_pairs": 2965,
                "n_samples": 5930,
                "pair_consistency": 99.49409780775717
              },
              "output_dir": "artifacts/probes/mvp/mvp_probe_mlp_jepa_v2_vitg_384_20260508T164922Z/layer_30/eval/train",
              "split_dir": "data/splits/mvp/full_60_20_20"
            },
            "checkpoint": "artifacts/probes/mvp/mvp_probe_mlp_jepa_v2_vitg_384_20260508T164922Z/layer_30/train/trial_0017/probe_best.pt",
            "dataset": "mvp",
            "feature_signature": "78ea8f6e0a5c5d94",
            "metrics": {
              "accuracy": 99.74704890387859,
              "n_pairs": 2965,
              "n_samples": 5930,
              "pair_consistency": 99.49409780775717
            },
            "objective_metric": 99.49409780775717,
            "prediction_file": "artifacts/probes/mvp/mvp_probe_mlp_jepa_v2_vitg_384_20260508T164922Z/layer_30/eval/train/probe_predictions.json",
            "probe_eval_dir": "artifacts/probes/mvp/mvp_probe_mlp_jepa_v2_vitg_384_20260508T164922Z/layer_30/eval/train",
            "probe_name": "mlp",
            "split_name": "train"
          },
          "val": {
            "base_eval": {
              "metrics": {
                "accuracy": 86.60262891809909,
                "n_pairs": 989,
                "n_samples": 1978,
                "pair_consistency": 76.03640040444894
              },
              "output_dir": "artifacts/probes/mvp/mvp_probe_mlp_jepa_v2_vitg_384_20260508T164922Z/layer_30/eval/val",
              "split_dir": "data/splits/mvp/full_60_20_20"
            },
            "checkpoint": "artifacts/probes/mvp/mvp_probe_mlp_jepa_v2_vitg_384_20260508T164922Z/layer_30/train/trial_0017/probe_best.pt",
            "dataset": "mvp",
            "feature_signature": "78ea8f6e0a5c5d94",
            "metrics": {
              "accuracy": 86.60262891809909,
              "n_pairs": 989,
              "n_samples": 1978,
              "pair_consistency": 76.03640040444894
            },
            "objective_metric": 76.03640040444894,
            "prediction_file": "artifacts/probes/mvp/mvp_probe_mlp_jepa_v2_vitg_384_20260508T164922Z/layer_30/eval/val/probe_predictions.json",
            "probe_eval_dir": "artifacts/probes/mvp/mvp_probe_mlp_jepa_v2_vitg_384_20260508T164922Z/layer_30/eval/val",
            "probe_name": "mlp",
            "split_name": "val"
          }
        },
        "split_name": "test"
      },
      "layer": 30,
      "layer_label": "30",
      "objective_metric": 74.31749241658241,
      "train": {
        "best_checkpoint": "artifacts/probes/mvp/mvp_probe_mlp_jepa_v2_vitg_384_20260508T164922Z/layer_30/train/trial_0017/probe_best.pt",
        "best_eval_output_dir": "artifacts/probes/mvp/mvp_probe_mlp_jepa_v2_vitg_384_20260508T164922Z/layer_30/train/trial_0017/val_eval",
        "best_output_dir": "artifacts/probes/mvp/mvp_probe_mlp_jepa_v2_vitg_384_20260508T164922Z/layer_30/train/trial_0017",
        "best_params": {
          "batch_size": 64,
          "dropout": 0.002035258561151679,
          "epochs": 2000,
          "hidden_dims": "256",
          "lr": 0.0006227253081323598,
          "weight_decay": 0.007461749237895955
        },
        "best_trial_number": 17,
        "best_value": 76.03640040444894,
        "checkpoint": "artifacts/probes/mvp/mvp_probe_mlp_jepa_v2_vitg_384_20260508T164922Z/layer_30/train/trial_0017/probe_best.pt",
        "dataset": "mvp",
        "direction": "maximize",
        "layer": 30,
        "n_trials": 20,
        "objective_metric": "pair_consistency",
        "output_dir": "artifacts/probes/mvp/mvp_probe_mlp_jepa_v2_vitg_384_20260508T164922Z/layer_30/train",
        "probe_name": "mlp",
        "storage": "sqlite:////gpfs/home3/scur0511/Probe4Physics/artifacts/probes/mvp/mvp_probe_mlp_jepa_v2_vitg_384_20260508T164922Z/layer_30/train/optuna_study.sqlite3",
        "study_name": "mvp_mlp_jepa_v2_vitg_384_layer_30",
        "trials": [
          {
            "checkpoint": "artifacts/probes/mvp/mvp_probe_mlp_jepa_v2_vitg_384_20260508T164922Z/layer_30/train/trial_0000/probe_best.pt",
            "eval_output_dir": "artifacts/probes/mvp/mvp_probe_mlp_jepa_v2_vitg_384_20260508T164922Z/layer_30/train/trial_0000/val_eval",
            "output_dir": "artifacts/probes/mvp/mvp_probe_mlp_jepa_v2_vitg_384_20260508T164922Z/layer_30/train/trial_0000",
            "params": {
              "batch_size": 32,
              "dropout": 0.21597250932105788,
              "epochs": 2000,
              "hidden_dims": "256",
              "lr": 0.0001329291894316216,
              "weight_decay": 0.005061576888752304
            },
            "trial_number": 0,
            "value": 75.73306370070779
          },
          {
            "checkpoint": "artifacts/probes/mvp/mvp_probe_mlp_jepa_v2_vitg_384_20260508T164922Z/layer_30/train/trial_0001/probe_best.pt",
            "eval_output_dir": "artifacts/probes/mvp/mvp_probe_mlp_jepa_v2_vitg_384_20260508T164922Z/layer_30/train/trial_0001/val_eval",
            "output_dir": "artifacts/probes/mvp/mvp_probe_mlp_jepa_v2_vitg_384_20260508T164922Z/layer_30/train/trial_0001",
            "params": {
              "batch_size": 256,
              "dropout": 0.048836057003191935,
              "epochs": 20,
              "hidden_dims": "512x256",
              "lr": 7.476312062252303e-05,
              "weight_decay": 4.689400963537693e-05
            },
            "trial_number": 1,
            "value": 20.525783619817997
          },
          {
            "checkpoint": "artifacts/probes/mvp/mvp_probe_mlp_jepa_v2_vitg_384_20260508T164922Z/layer_30/train/trial_0002/probe_best.pt",
            "eval_output_dir": "artifacts/probes/mvp/mvp_probe_mlp_jepa_v2_vitg_384_20260508T164922Z/layer_30/train/trial_0002/val_eval",
            "output_dir": "artifacts/probes/mvp/mvp_probe_mlp_jepa_v2_vitg_384_20260508T164922Z/layer_30/train/trial_0002",
            "params": {
              "batch_size": 256,
              "dropout": 0.04424625102595975,
              "epochs": 50,
              "hidden_dims": "256",
              "lr": 0.0011290133559092666,
              "weight_decay": 4.374364439939069e-06
            },
            "trial_number": 2,
            "value": 39.33265925176946
          },
          {
            "checkpoint": "artifacts/probes/mvp/mvp_probe_mlp_jepa_v2_vitg_384_20260508T164922Z/layer_30/train/trial_0006/probe_best.pt",
            "eval_output_dir": "artifacts/probes/mvp/mvp_probe_mlp_jepa_v2_vitg_384_20260508T164922Z/layer_30/train/trial_0006/val_eval",
            "output_dir": "artifacts/probes/mvp/mvp_probe_mlp_jepa_v2_vitg_384_20260508T164922Z/layer_30/train/trial_0006",
            "params": {
              "batch_size": 128,
              "dropout": 0.0599326836668414,
              "epochs": 50,
              "hidden_dims": "512",
              "lr": 0.000794714742465374,
              "weight_decay": 0.0016934155410667966
            },
            "trial_number": 6,
            "value": 36.602628918099086
          },
          {
            "checkpoint": "artifacts/probes/mvp/mvp_probe_mlp_jepa_v2_vitg_384_20260508T164922Z/layer_30/train/trial_0007/probe_best.pt",
            "eval_output_dir": "artifacts/probes/mvp/mvp_probe_mlp_jepa_v2_vitg_384_20260508T164922Z/layer_30/train/trial_0007/val_eval",
            "output_dir": "artifacts/probes/mvp/mvp_probe_mlp_jepa_v2_vitg_384_20260508T164922Z/layer_30/train/trial_0007",
            "params": {
              "batch_size": 128,
              "dropout": 0.11978094533348621,
              "epochs": 20,
              "hidden_dims": "1024x512x1024",
              "lr": 0.00010300196600986775,
              "weight_decay": 0.0045442082254883295
            },
            "trial_number": 7,
            "value": 13.144590495449949
          },
          {
            "checkpoint": "artifacts/probes/mvp/mvp_probe_mlp_jepa_v2_vitg_384_20260508T164922Z/layer_30/train/trial_0008/probe_best.pt",
            "eval_output_dir": "artifacts/probes/mvp/mvp_probe_mlp_jepa_v2_vitg_384_20260508T164922Z/layer_30/train/trial_0008/val_eval",
            "output_dir": "artifacts/probes/mvp/mvp_probe_mlp_jepa_v2_vitg_384_20260508T164922Z/layer_30/train/trial_0008",
            "params": {
              "batch_size": 32,
              "dropout": 0.3387821809211412,
              "epochs": 50,
              "hidden_dims": "512",
              "lr": 2.7207248059486674e-05,
              "weight_decay": 8.64403589520682e-06
            },
            "trial_number": 8,
            "value": 37.41152679474216
          },
          {
            "checkpoint": "artifacts/probes/mvp/mvp_probe_mlp_jepa_v2_vitg_384_20260508T164922Z/layer_30/train/trial_0009/probe_best.pt",
            "eval_output_dir": "artifacts/probes/mvp/mvp_probe_mlp_jepa_v2_vitg_384_20260508T164922Z/layer_30/train/trial_0009/val_eval",
            "output_dir": "artifacts/probes/mvp/mvp_probe_mlp_jepa_v2_vitg_384_20260508T164922Z/layer_30/train/trial_0009",
            "params": {
              "batch_size": 256,
              "dropout": 0.12092614545022584,
              "epochs": 50,
              "hidden_dims": "256",
              "lr": 1.1214075785991125e-05,
              "weight_decay": 1.1818390883060214e-05
            },
            "trial_number": 9,
            "value": 16.076845298281093
          },
          {
            "checkpoint": "artifacts/probes/mvp/mvp_probe_mlp_jepa_v2_vitg_384_20260508T164922Z/layer_30/train/trial_0016/probe_best.pt",
            "eval_output_dir": "artifacts/probes/mvp/mvp_probe_mlp_jepa_v2_vitg_384_20260508T164922Z/layer_30/train/trial_0016/val_eval",
            "output_dir": "artifacts/probes/mvp/mvp_probe_mlp_jepa_v2_vitg_384_20260508T164922Z/layer_30/train/trial_0016",
            "params": {
              "batch_size": 32,
              "dropout": 0.16723284350489442,
              "epochs": 50,
              "hidden_dims": "512x256",
              "lr": 0.0001377376975923784,
              "weight_decay": 0.000369960521744469
            },
            "trial_number": 16,
            "value": 35.8948432760364
          },
          {
            "checkpoint": "artifacts/probes/mvp/mvp_probe_mlp_jepa_v2_vitg_384_20260508T164922Z/layer_30/train/trial_0017/probe_best.pt",
            "eval_output_dir": "artifacts/probes/mvp/mvp_probe_mlp_jepa_v2_vitg_384_20260508T164922Z/layer_30/train/trial_0017/val_eval",
            "output_dir": "artifacts/probes/mvp/mvp_probe_mlp_jepa_v2_vitg_384_20260508T164922Z/layer_30/train/trial_0017",
            "params": {
              "batch_size": 64,
              "dropout": 0.002035258561151679,
              "epochs": 2000,
              "hidden_dims": "256",
              "lr": 0.0006227253081323598,
              "weight_decay": 0.007461749237895955
            },
            "trial_number": 17,
            "value": 76.03640040444894
          }
        ]
      }
    },
    {
      "checkpoint": "artifacts/probes/mvp/mvp_probe_mlp_jepa_v2_vitg_384_20260508T164922Z/layer_40/train/trial_0015/probe_best.pt",
      "eval": {
        "base_eval": {
          "metrics": {
            "accuracy": 92.77047522750253,
            "n_pairs": 989,
            "n_samples": 1978,
            "pair_consistency": 86.75429726996967
          },
          "output_dir": "artifacts/probes/mvp/mvp_probe_mlp_jepa_v2_vitg_384_20260508T164922Z/layer_40/eval/test",
          "split_dir": "data/splits/mvp/full_60_20_20"
        },
        "checkpoint": "artifacts/probes/mvp/mvp_probe_mlp_jepa_v2_vitg_384_20260508T164922Z/layer_40/train/trial_0015/probe_best.pt",
        "dataset": "mvp",
        "feature_signature": "78ea8f6e0a5c5d94",
        "metrics": {
          "accuracy": 92.77047522750253,
          "n_pairs": 989,
          "n_samples": 1978,
          "pair_consistency": 86.75429726996967
        },
        "metrics_by_split": {
          "test": {
            "accuracy": 92.77047522750253,
            "n_pairs": 989,
            "n_samples": 1978,
            "pair_consistency": 86.75429726996967
          },
          "train": {
            "accuracy": 99.9662731871838,
            "n_pairs": 2965,
            "n_samples": 5930,
            "pair_consistency": 99.93254637436763
          },
          "val": {
            "accuracy": 93.12436804853387,
            "n_pairs": 989,
            "n_samples": 1978,
            "pair_consistency": 87.76541961577351
          }
        },
        "objective_metric": 86.75429726996967,
        "prediction_file": "artifacts/probes/mvp/mvp_probe_mlp_jepa_v2_vitg_384_20260508T164922Z/layer_40/eval/test/probe_predictions.json",
        "prediction_files": {
          "test": "artifacts/probes/mvp/mvp_probe_mlp_jepa_v2_vitg_384_20260508T164922Z/layer_40/eval/test/probe_predictions.json",
          "train": "artifacts/probes/mvp/mvp_probe_mlp_jepa_v2_vitg_384_20260508T164922Z/layer_40/eval/train/probe_predictions.json",
          "val": "artifacts/probes/mvp/mvp_probe_mlp_jepa_v2_vitg_384_20260508T164922Z/layer_40/eval/val/probe_predictions.json"
        },
        "probe_eval_dir": "artifacts/probes/mvp/mvp_probe_mlp_jepa_v2_vitg_384_20260508T164922Z/layer_40/eval",
        "probe_name": "mlp",
        "reported_splits": [
          "train",
          "val",
          "test"
        ],
        "split_eval_dirs": {
          "test": "artifacts/probes/mvp/mvp_probe_mlp_jepa_v2_vitg_384_20260508T164922Z/layer_40/eval/test",
          "train": "artifacts/probes/mvp/mvp_probe_mlp_jepa_v2_vitg_384_20260508T164922Z/layer_40/eval/train",
          "val": "artifacts/probes/mvp/mvp_probe_mlp_jepa_v2_vitg_384_20260508T164922Z/layer_40/eval/val"
        },
        "split_evals": {
          "test": {
            "base_eval": {
              "metrics": {
                "accuracy": 92.77047522750253,
                "n_pairs": 989,
                "n_samples": 1978,
                "pair_consistency": 86.75429726996967
              },
              "output_dir": "artifacts/probes/mvp/mvp_probe_mlp_jepa_v2_vitg_384_20260508T164922Z/layer_40/eval/test",
              "split_dir": "data/splits/mvp/full_60_20_20"
            },
            "checkpoint": "artifacts/probes/mvp/mvp_probe_mlp_jepa_v2_vitg_384_20260508T164922Z/layer_40/train/trial_0015/probe_best.pt",
            "dataset": "mvp",
            "feature_signature": "78ea8f6e0a5c5d94",
            "metrics": {
              "accuracy": 92.77047522750253,
              "n_pairs": 989,
              "n_samples": 1978,
              "pair_consistency": 86.75429726996967
            },
            "objective_metric": 86.75429726996967,
            "prediction_file": "artifacts/probes/mvp/mvp_probe_mlp_jepa_v2_vitg_384_20260508T164922Z/layer_40/eval/test/probe_predictions.json",
            "probe_eval_dir": "artifacts/probes/mvp/mvp_probe_mlp_jepa_v2_vitg_384_20260508T164922Z/layer_40/eval/test",
            "probe_name": "mlp",
            "split_name": "test"
          },
          "train": {
            "base_eval": {
              "metrics": {
                "accuracy": 99.9662731871838,
                "n_pairs": 2965,
                "n_samples": 5930,
                "pair_consistency": 99.93254637436763
              },
              "output_dir": "artifacts/probes/mvp/mvp_probe_mlp_jepa_v2_vitg_384_20260508T164922Z/layer_40/eval/train",
              "split_dir": "data/splits/mvp/full_60_20_20"
            },
            "checkpoint": "artifacts/probes/mvp/mvp_probe_mlp_jepa_v2_vitg_384_20260508T164922Z/layer_40/train/trial_0015/probe_best.pt",
            "dataset": "mvp",
            "feature_signature": "78ea8f6e0a5c5d94",
            "metrics": {
              "accuracy": 99.9662731871838,
              "n_pairs": 2965,
              "n_samples": 5930,
              "pair_consistency": 99.93254637436763
            },
            "objective_metric": 99.93254637436763,
            "prediction_file": "artifacts/probes/mvp/mvp_probe_mlp_jepa_v2_vitg_384_20260508T164922Z/layer_40/eval/train/probe_predictions.json",
            "probe_eval_dir": "artifacts/probes/mvp/mvp_probe_mlp_jepa_v2_vitg_384_20260508T164922Z/layer_40/eval/train",
            "probe_name": "mlp",
            "split_name": "train"
          },
          "val": {
            "base_eval": {
              "metrics": {
                "accuracy": 93.12436804853387,
                "n_pairs": 989,
                "n_samples": 1978,
                "pair_consistency": 87.76541961577351
              },
              "output_dir": "artifacts/probes/mvp/mvp_probe_mlp_jepa_v2_vitg_384_20260508T164922Z/layer_40/eval/val",
              "split_dir": "data/splits/mvp/full_60_20_20"
            },
            "checkpoint": "artifacts/probes/mvp/mvp_probe_mlp_jepa_v2_vitg_384_20260508T164922Z/layer_40/train/trial_0015/probe_best.pt",
            "dataset": "mvp",
            "feature_signature": "78ea8f6e0a5c5d94",
            "metrics": {
              "accuracy": 93.12436804853387,
              "n_pairs": 989,
              "n_samples": 1978,
              "pair_consistency": 87.76541961577351
            },
            "objective_metric": 87.76541961577351,
            "prediction_file": "artifacts/probes/mvp/mvp_probe_mlp_jepa_v2_vitg_384_20260508T164922Z/layer_40/eval/val/probe_predictions.json",
            "probe_eval_dir": "artifacts/probes/mvp/mvp_probe_mlp_jepa_v2_vitg_384_20260508T164922Z/layer_40/eval/val",
            "probe_name": "mlp",
            "split_name": "val"
          }
        },
        "split_name": "test"
      },
      "layer": 40,
      "layer_label": "40",
      "objective_metric": 86.75429726996967,
      "train": {
        "best_checkpoint": "artifacts/probes/mvp/mvp_probe_mlp_jepa_v2_vitg_384_20260508T164922Z/layer_40/train/trial_0015/probe_best.pt",
        "best_eval_output_dir": "artifacts/probes/mvp/mvp_probe_mlp_jepa_v2_vitg_384_20260508T164922Z/layer_40/train/trial_0015/val_eval",
        "best_output_dir": "artifacts/probes/mvp/mvp_probe_mlp_jepa_v2_vitg_384_20260508T164922Z/layer_40/train/trial_0015",
        "best_params": {
          "batch_size": 64,
          "dropout": 0.15501861355280072,
          "epochs": 2000,
          "hidden_dims": "1024x512x256",
          "lr": 0.000591918416083762,
          "weight_decay": 0.0001666091065162824
        },
        "best_trial_number": 15,
        "best_value": 87.76541961577351,
        "checkpoint": "artifacts/probes/mvp/mvp_probe_mlp_jepa_v2_vitg_384_20260508T164922Z/layer_40/train/trial_0015/probe_best.pt",
        "dataset": "mvp",
        "direction": "maximize",
        "layer": 40,
        "n_trials": 20,
        "objective_metric": "pair_consistency",
        "output_dir": "artifacts/probes/mvp/mvp_probe_mlp_jepa_v2_vitg_384_20260508T164922Z/layer_40/train",
        "probe_name": "mlp",
        "storage": "sqlite:////gpfs/home3/scur0511/Probe4Physics/artifacts/probes/mvp/mvp_probe_mlp_jepa_v2_vitg_384_20260508T164922Z/layer_40/train/optuna_study.sqlite3",
        "study_name": "mvp_mlp_jepa_v2_vitg_384_layer_40",
        "trials": [
          {
            "checkpoint": "artifacts/probes/mvp/mvp_probe_mlp_jepa_v2_vitg_384_20260508T164922Z/layer_40/train/trial_0000/probe_best.pt",
            "eval_output_dir": "artifacts/probes/mvp/mvp_probe_mlp_jepa_v2_vitg_384_20260508T164922Z/layer_40/train/trial_0000/val_eval",
            "output_dir": "artifacts/probes/mvp/mvp_probe_mlp_jepa_v2_vitg_384_20260508T164922Z/layer_40/train/trial_0000",
            "params": {
              "batch_size": 32,
              "dropout": 0.21597250932105788,
              "epochs": 2000,
              "hidden_dims": "256",
              "lr": 0.0001329291894316216,
              "weight_decay": 0.005061576888752304
            },
            "trial_number": 0,
            "value": 84.12537917087968
          },
          {
            "checkpoint": "artifacts/probes/mvp/mvp_probe_mlp_jepa_v2_vitg_384_20260508T164922Z/layer_40/train/trial_0001/probe_best.pt",
            "eval_output_dir": "artifacts/probes/mvp/mvp_probe_mlp_jepa_v2_vitg_384_20260508T164922Z/layer_40/train/trial_0001/val_eval",
            "output_dir": "artifacts/probes/mvp/mvp_probe_mlp_jepa_v2_vitg_384_20260508T164922Z/layer_40/train/trial_0001",
            "params": {
              "batch_size": 256,
              "dropout": 0.048836057003191935,
              "epochs": 20,
              "hidden_dims": "512x256",
              "lr": 7.476312062252303e-05,
              "weight_decay": 4.689400963537693e-05
            },
            "trial_number": 1,
            "value": 41.05156723963599
          },
          {
            "checkpoint": "artifacts/probes/mvp/mvp_probe_mlp_jepa_v2_vitg_384_20260508T164922Z/layer_40/train/trial_0002/probe_best.pt",
            "eval_output_dir": "artifacts/probes/mvp/mvp_probe_mlp_jepa_v2_vitg_384_20260508T164922Z/layer_40/train/trial_0002/val_eval",
            "output_dir": "artifacts/probes/mvp/mvp_probe_mlp_jepa_v2_vitg_384_20260508T164922Z/layer_40/train/trial_0002",
            "params": {
              "batch_size": 256,
              "dropout": 0.04424625102595975,
              "epochs": 50,
              "hidden_dims": "256",
              "lr": 0.0011290133559092666,
              "weight_decay": 4.374364439939069e-06
            },
            "trial_number": 2,
            "value": 50.45500505561172
          },
          {
            "checkpoint": "artifacts/probes/mvp/mvp_probe_mlp_jepa_v2_vitg_384_20260508T164922Z/layer_40/train/trial_0006/probe_best.pt",
            "eval_output_dir": "artifacts/probes/mvp/mvp_probe_mlp_jepa_v2_vitg_384_20260508T164922Z/layer_40/train/trial_0006/val_eval",
            "output_dir": "artifacts/probes/mvp/mvp_probe_mlp_jepa_v2_vitg_384_20260508T164922Z/layer_40/train/trial_0006",
            "params": {
              "batch_size": 128,
              "dropout": 0.0599326836668414,
              "epochs": 50,
              "hidden_dims": "512",
              "lr": 0.000794714742465374,
              "weight_decay": 0.0016934155410667966
            },
            "trial_number": 6,
            "value": 47.52275025278059
          },
          {
            "checkpoint": "artifacts/probes/mvp/mvp_probe_mlp_jepa_v2_vitg_384_20260508T164922Z/layer_40/train/trial_0007/probe_best.pt",
            "eval_output_dir": "artifacts/probes/mvp/mvp_probe_mlp_jepa_v2_vitg_384_20260508T164922Z/layer_40/train/trial_0007/val_eval",
            "output_dir": "artifacts/probes/mvp/mvp_probe_mlp_jepa_v2_vitg_384_20260508T164922Z/layer_40/train/trial_0007",
            "params": {
              "batch_size": 128,
              "dropout": 0.11978094533348621,
              "epochs": 20,
              "hidden_dims": "1024x512x1024",
              "lr": 0.00010300196600986775,
              "weight_decay": 0.0045442082254883295
            },
            "trial_number": 7,
            "value": 39.737108190091
          },
          {
            "checkpoint": "artifacts/probes/mvp/mvp_probe_mlp_jepa_v2_vitg_384_20260508T164922Z/layer_40/train/trial_0008/probe_best.pt",
            "eval_output_dir": "artifacts/probes/mvp/mvp_probe_mlp_jepa_v2_vitg_384_20260508T164922Z/layer_40/train/trial_0008/val_eval",
            "output_dir": "artifacts/probes/mvp/mvp_probe_mlp_jepa_v2_vitg_384_20260508T164922Z/layer_40/train/trial_0008",
            "params": {
              "batch_size": 32,
              "dropout": 0.3387821809211412,
              "epochs": 50,
              "hidden_dims": "512",
              "lr": 2.7207248059486674e-05,
              "weight_decay": 8.64403589520682e-06
            },
            "trial_number": 8,
            "value": 48.93832153690597
          },
          {
            "checkpoint": "artifacts/probes/mvp/mvp_probe_mlp_jepa_v2_vitg_384_20260508T164922Z/layer_40/train/trial_0009/probe_best.pt",
            "eval_output_dir": "artifacts/probes/mvp/mvp_probe_mlp_jepa_v2_vitg_384_20260508T164922Z/layer_40/train/trial_0009/val_eval",
            "output_dir": "artifacts/probes/mvp/mvp_probe_mlp_jepa_v2_vitg_384_20260508T164922Z/layer_40/train/trial_0009",
            "params": {
              "batch_size": 256,
              "dropout": 0.12092614545022584,
              "epochs": 50,
              "hidden_dims": "256",
              "lr": 1.1214075785991125e-05,
              "weight_decay": 1.1818390883060214e-05
            },
            "trial_number": 9,
            "value": 39.33265925176946
          },
          {
            "checkpoint": "artifacts/probes/mvp/mvp_probe_mlp_jepa_v2_vitg_384_20260508T164922Z/layer_40/train/trial_0011/probe_best.pt",
            "eval_output_dir": "artifacts/probes/mvp/mvp_probe_mlp_jepa_v2_vitg_384_20260508T164922Z/layer_40/train/trial_0011/val_eval",
            "output_dir": "artifacts/probes/mvp/mvp_probe_mlp_jepa_v2_vitg_384_20260508T164922Z/layer_40/train/trial_0011",
            "params": {
              "batch_size": 32,
              "dropout": 0.23297711653873787,
              "epochs": 100,
              "hidden_dims": "1024",
              "lr": 0.0003492823457114943,
              "weight_decay": 7.619436507678932e-07
            },
            "trial_number": 11,
            "value": 56.01617795753286
          },
          {
            "checkpoint": "artifacts/probes/mvp/mvp_probe_mlp_jepa_v2_vitg_384_20260508T164922Z/layer_40/train/trial_0012/probe_best.pt",
            "eval_output_dir": "artifacts/probes/mvp/mvp_probe_mlp_jepa_v2_vitg_384_20260508T164922Z/layer_40/train/trial_0012/val_eval",
            "output_dir": "artifacts/probes/mvp/mvp_probe_mlp_jepa_v2_vitg_384_20260508T164922Z/layer_40/train/trial_0012",
            "params": {
              "batch_size": 32,
              "dropout": 0.24259083131402,
              "epochs": 100,
              "hidden_dims": "1024",
              "lr": 0.00024380003254969372,
              "weight_decay": 3.8788151020745613e-07
            },
            "trial_number": 12,
            "value": 57.93731041456016
          },
          {
            "checkpoint": "artifacts/probes/mvp/mvp_probe_mlp_jepa_v2_vitg_384_20260508T164922Z/layer_40/train/trial_0013/probe_best.pt",
            "eval_output_dir": "artifacts/probes/mvp/mvp_probe_mlp_jepa_v2_vitg_384_20260508T164922Z/layer_40/train/trial_0013/val_eval",
            "output_dir": "artifacts/probes/mvp/mvp_probe_mlp_jepa_v2_vitg_384_20260508T164922Z/layer_40/train/trial_0013",
            "params": {
              "batch_size": 32,
              "dropout": 0.2860397292440933,
              "epochs": 100,
              "hidden_dims": "1024",
              "lr": 0.0002128249419968085,
              "weight_decay": 1.932990918252278e-07
            },
            "trial_number": 13,
            "value": 56.01617795753286
          },
          {
            "checkpoint": "artifacts/probes/mvp/mvp_probe_mlp_jepa_v2_vitg_384_20260508T164922Z/layer_40/train/trial_0015/probe_best.pt",
            "eval_output_dir": "artifacts/probes/mvp/mvp_probe_mlp_jepa_v2_vitg_384_20260508T164922Z/layer_40/train/trial_0015/val_eval",
            "output_dir": "artifacts/probes/mvp/mvp_probe_mlp_jepa_v2_vitg_384_20260508T164922Z/layer_40/train/trial_0015",
            "params": {
              "batch_size": 64,
              "dropout": 0.15501861355280072,
              "epochs": 2000,
              "hidden_dims": "1024x512x256",
              "lr": 0.000591918416083762,
              "weight_decay": 0.0001666091065162824
            },
            "trial_number": 15,
            "value": 87.76541961577351
          }
        ]
      }
    }
  ],
  "model_selection_split": "val",
  "objective_metric_name": "pair_consistency",
  "probe_name": "mlp",
  "reported_splits": [
    "train",
    "val",
    "test"
  ],
  "requested_layers": [
    10,
    20,
    30,
    40
  ],
  "split_name": "test",
  "sweep_dir": "artifacts/probes/mvp/mvp_probe_mlp_jepa_v2_vitg_384_20260508T164922Z",
  "train_split": "train"
}
JOB_END_UTC=2026-05-08T19:30:20Z
JOB_ELAPSED_SECONDS=9662
