JOB_START_UTC=2026-05-15T23:51:02Z
===== BASELINE EXTRACTION PROVENANCE =====
Fri May 15 23:51:02 UTC 2026
gcn37.local.snellius.surf.nl
089dd905c65ea13861188c78061f0f6640be29ea
Python 3.11.15
/home/scur0511/.conda/envs/probe4physics-gpu/bin/python
REPO_ROOT=/gpfs/home3/scur0511/Probe4Physics
DATASET_NAME=intphys2
BASELINE_LABEL=frame_shuffling
BASELINE_NAME=displacement
BASELINE_STAGE=extract
MODE=full
MAX_SAMPLES=<unset>
BACKBONE_NAME=jepa_v2
BACKBONE_VARIANT=vitg_384
CANONICAL_PROBE_LAYERS=10,20,30,40
BACKBONE_DEVICE=cuda
FEATURE_DIR=<config default>
HF_HOME=/scratch-shared/scur0511/.cache/huggingface
Command: python run.py extract.intphys2.displacement metadata_file=/gpfs/home3/scur0511/Probe4Physics/data/annotations/intphys2_metadata.csv videos_root=/gpfs/home3/scur0511/Probe4Physics/data/videos/intphys2 split.dir=/gpfs/home3/scur0511/Probe4Physics/data/splits/intphys2 backbone.name=jepa_v2 backbone.kwargs.device=cuda +backbone.kwargs.variant=vitg_384
==========================================
[extract.intphys2] resume status: resumed=False offset=0 target=204 signature=5b5798cfb65c03cd
[extract.intphys2] completed: signature=5b5798cfb65c03cd resumed=False reused_samples=0 new_samples=204 total=204 elapsed_s=622.472 sec_per_processed_sample=3.051333 elapsed_agg_s=622.472
{
  "aggregated_elapsed_seconds": 622.4719302879967,
  "aggregated_processed_samples": 204,
  "aggregated_seconds_per_processed_sample": 3.051332991607827,
  "aggregated_seconds_per_total_sample": 3.051332991607827,
  "elapsed_seconds": 622.4719302879967,
  "feature_cache_dir": "/gpfs/scratch1/shared/scur0511/probe4physics/artifacts/features/intphys2/jepa_v2_vitg_384/test/5b5798cfb65c03cd",
  "n_samples": 204,
  "resume_events": "/gpfs/scratch1/shared/scur0511/probe4physics/artifacts/features/intphys2/jepa_v2_vitg_384/test/5b5798cfb65c03cd/.resume/events.jsonl",
  "resume_from_sample_offset": 0,
  "resumed": false,
  "seconds_per_processed_sample": 3.051332991607827,
  "seconds_per_total_sample": 3.051332991607827,
  "selected_layers": [
    10,
    20,
    30,
    40
  ],
  "signature": "5b5798cfb65c03cd",
  "skipped": false,
  "warning_log": "/gpfs/scratch1/shared/scur0511/probe4physics/artifacts/features/intphys2/extract_warnings.log"
}
JOB_END_UTC=2026-05-16T00:03:01Z
JOB_ELAPSED_SECONDS=719
