JOB_START_UTC=2026-05-15T23:32:11Z
===== BASELINE EXTRACTION PROVENANCE =====
Fri May 15 23:32:11 UTC 2026
gcn45.local.snellius.surf.nl
089dd905c65ea13861188c78061f0f6640be29ea
Python 3.11.15
/home/scur0511/.conda/envs/probe4physics-gpu/bin/python
REPO_ROOT=/gpfs/home3/scur0511/Probe4Physics
DATASET_NAME=intphys2
BASELINE_LABEL=frame_shuffling
BASELINE_NAME=displacement
BASELINE_STAGE=extract
MODE=full
MAX_SAMPLES=<unset>
BACKBONE_NAME=jepa_v2_1
BACKBONE_VARIANT=vitG_384
CANONICAL_PROBE_LAYERS=12,24,38,48
BACKBONE_DEVICE=cuda
FEATURE_DIR=<config default>
HF_HOME=/scratch-shared/scur0511/.cache/huggingface
Command: python run.py extract.intphys2.displacement metadata_file=/gpfs/home3/scur0511/Probe4Physics/data/annotations/intphys2_metadata.csv videos_root=/gpfs/home3/scur0511/Probe4Physics/data/videos/intphys2 split.dir=/gpfs/home3/scur0511/Probe4Physics/data/splits/intphys2 backbone.name=jepa_v2_1 backbone.kwargs.device=cuda +backbone.kwargs.variant=vitG_384
==========================================
[extract.intphys2] resume status: resumed=False offset=0 target=204 signature=bae112cb4dd1ac3a
[extract.intphys2] completed: signature=bae112cb4dd1ac3a resumed=False reused_samples=0 new_samples=204 total=204 elapsed_s=498.754 sec_per_processed_sample=2.444873 elapsed_agg_s=498.754
{
  "aggregated_elapsed_seconds": 498.7541782160042,
  "aggregated_processed_samples": 204,
  "aggregated_seconds_per_processed_sample": 2.4448734226274715,
  "aggregated_seconds_per_total_sample": 2.4448734226274715,
  "elapsed_seconds": 498.7541782160042,
  "feature_cache_dir": "/gpfs/scratch1/shared/scur0511/probe4physics/artifacts/features/intphys2/jepa_v2_1_vitG_384/test/bae112cb4dd1ac3a",
  "n_samples": 204,
  "resume_events": "/gpfs/scratch1/shared/scur0511/probe4physics/artifacts/features/intphys2/jepa_v2_1_vitG_384/test/bae112cb4dd1ac3a/.resume/events.jsonl",
  "resume_from_sample_offset": 0,
  "resumed": false,
  "seconds_per_processed_sample": 2.4448734226274715,
  "seconds_per_total_sample": 2.4448734226274715,
  "selected_layers": [
    12,
    24,
    38,
    48
  ],
  "signature": "bae112cb4dd1ac3a",
  "skipped": false,
  "warning_log": "/gpfs/scratch1/shared/scur0511/probe4physics/artifacts/features/intphys2/extract_warnings.log"
}
JOB_END_UTC=2026-05-15T23:42:36Z
JOB_ELAPSED_SECONDS=625
