JOB_START_UTC=2026-05-15T23:57:09Z
===== BASELINE EXTRACTION PROVENANCE =====
Fri May 15 23:57:09 UTC 2026
gcn55.local.snellius.surf.nl
089dd905c65ea13861188c78061f0f6640be29ea
Python 3.11.15
/home/scur0511/.conda/envs/probe4physics-gpu/bin/python
REPO_ROOT=/gpfs/home3/scur0511/Probe4Physics
DATASET_NAME=intphys2
BASELINE_LABEL=frame_shuffling
BASELINE_NAME=displacement
BASELINE_STAGE=extract
MODE=full
MAX_SAMPLES=<unset>
BACKBONE_NAME=videomae
BACKBONE_VARIANT=vit_huge_16_224
CANONICAL_PROBE_LAYERS=8,16,24,32
BACKBONE_DEVICE=cuda
FEATURE_DIR=<config default>
HF_HOME=/scratch-shared/scur0511/.cache/huggingface
Command: python run.py extract.intphys2.displacement metadata_file=/gpfs/home3/scur0511/Probe4Physics/data/annotations/intphys2_metadata.csv videos_root=/gpfs/home3/scur0511/Probe4Physics/data/videos/intphys2 split.dir=/gpfs/home3/scur0511/Probe4Physics/data/splits/intphys2 backbone.name=videomae backbone.kwargs.device=cuda +backbone.kwargs.variant=vit_huge_16_224
==========================================
[extract.intphys2] resume status: resumed=False offset=0 target=204 signature=11d901f6570d0c58
[extract.intphys2] completed: signature=11d901f6570d0c58 resumed=False reused_samples=0 new_samples=204 total=204 elapsed_s=245.672 sec_per_processed_sample=1.204276 elapsed_agg_s=245.672
{
  "aggregated_elapsed_seconds": 245.67238621799697,
  "aggregated_processed_samples": 204,
  "aggregated_seconds_per_processed_sample": 1.2042764030293969,
  "aggregated_seconds_per_total_sample": 1.2042764030293969,
  "elapsed_seconds": 245.67238621799697,
  "feature_cache_dir": "/gpfs/scratch1/shared/scur0511/probe4physics/artifacts/features/intphys2/videomae_vit_huge_16_224/test/11d901f6570d0c58",
  "n_samples": 204,
  "resume_events": "/gpfs/scratch1/shared/scur0511/probe4physics/artifacts/features/intphys2/videomae_vit_huge_16_224/test/11d901f6570d0c58/.resume/events.jsonl",
  "resume_from_sample_offset": 0,
  "resumed": false,
  "seconds_per_processed_sample": 1.2042764030293969,
  "seconds_per_total_sample": 1.2042764030293969,
  "selected_layers": [
    8,
    16,
    24,
    32
  ],
  "signature": "11d901f6570d0c58",
  "skipped": false,
  "warning_log": "/gpfs/scratch1/shared/scur0511/probe4physics/artifacts/features/intphys2/extract_warnings.log"
}
JOB_END_UTC=2026-05-16T00:01:50Z
JOB_ELAPSED_SECONDS=281
