JOB_START_UTC=2026-05-16T00:02:13Z
===== BASELINE EXTRACTION PROVENANCE =====
Sat May 16 00:02:13 UTC 2026
gcn55.local.snellius.surf.nl
089dd905c65ea13861188c78061f0f6640be29ea
Python 3.11.15
/home/scur0511/.conda/envs/probe4physics-gpu/bin/python
REPO_ROOT=/gpfs/home3/scur0511/Probe4Physics
DATASET_NAME=intphys2
BASELINE_LABEL=frame_shuffling
BASELINE_NAME=displacement
BASELINE_STAGE=extract
MODE=full
MAX_SAMPLES=<unset>
BACKBONE_NAME=ltx_video
BACKBONE_VARIANT=ltxv_13b_0_9_8_distilled
CANONICAL_PROBE_LAYERS=1,2,3,4,5,6,7,8,9,10,11,12,13,14,15,16,17,18,19,20,21,22,23,24,25,26,27,28,29,30,31,32,33,34,35,36,37,38,39,40
BACKBONE_DEVICE=cuda
FEATURE_DIR=<config default>
HF_HOME=/scratch-shared/scur0511/.cache/huggingface
Command: python run.py extract.intphys2.displacement metadata_file=/gpfs/home3/scur0511/Probe4Physics/data/annotations/intphys2_metadata.csv videos_root=/gpfs/home3/scur0511/Probe4Physics/data/videos/intphys2 split.dir=/gpfs/home3/scur0511/Probe4Physics/data/splits/intphys2 backbone.name=ltx_video backbone.kwargs.device=cuda +backbone.kwargs.variant=ltxv_13b_0_9_8_distilled
==========================================
