===== PROVENANCE =====
Sat May  2 08:59:39 PM UTC 2026
gcn60.local.snellius.surf.nl
47eca25c95a8b39ef1cc944c210428b687f15350
Python 3.11.15
/home/scur0511/.conda/envs/probe4physics-gpu/bin/python
REPO_ROOT=/gpfs/home3/scur0511/Probe4Physics
MODE=full
MAX_SAMPLES=<unset>
BACKBONE_NAME=jepa_v2_1
BACKBONE_VARIANT=vitG_384
BACKBONE_DEVICE=cuda
ANNOTATION_FILE=/gpfs/home3/scur0511/Probe4Physics/data/annotations/mvp_full.jsonl
OFFICIAL_REPO_ROOT=/gpfs/home3/scur0511/Probe4Physics/third_party/minimal_video_pairs
VIDEOS_ROOT=/scratch-shared/scur0511/probe4physics/data/videos/mvp
CACHE_DIR=/gpfs/home3/scur0511/Probe4Physics/data/cache/videos
SPLIT_DIR=/gpfs/home3/scur0511/Probe4Physics/data/splits/mvp/full_60_20_20
FEATURE_DIR=<config default>
HF_HOME=/scratch-shared/scur0511/.cache/huggingface
======================
JOB_START_UTC=2026-05-02T20:59:39Z
[extract.mvp] resume status: resumed=False offset=0 target=9886 signature=719e3e8eb79b9580
