===== PROVENANCE =====
Thu Apr 23 05:04:10 PM UTC 2026
gcn39.local.snellius.surf.nl
c7756f524f53392ea3a1752f734bb21762c87f57
Python 3.11.15
/home/scur0511/.conda/envs/probe4physics-gpu/bin/python
REPO_ROOT=/gpfs/home3/scur0511/Probe4Physics
MODE=smoke
MAX_SAMPLES=<unset>
BACKBONE_NAME=ltx_video
BACKBONE_VARIANT=ltxv_13b_0_9_8_distilled
BACKBONE_DEVICE=cuda
ANNOTATION_FILE=/gpfs/home3/scur0511/Probe4Physics/data/annotations/mvp_full.jsonl
OFFICIAL_REPO_ROOT=/gpfs/home3/scur0511/Probe4Physics/third_party/minimal_video_pairs
VIDEOS_ROOT=/scratch-shared/scur0511/probe4physics/data/videos/mvp
CACHE_DIR=/gpfs/home3/scur0511/Probe4Physics/data/cache/videos
SPLIT_DIR=/gpfs/home3/scur0511/Probe4Physics/data/splits/mvp/full_60_20_20
FEATURE_DIR=/gpfs/home3/scur0511/Probe4Physics/artifacts/features/mvp
HF_HOME=/scratch-shared/scur0511/.cache/huggingface
======================
{
  "feature_cache_dir": "/gpfs/home3/scur0511/Probe4Physics/artifacts/features/mvp/ltx_video_ltxv_13b_0_9_8_distilled/train-val-test/87fe7e07b3a60d77",
  "n_samples": 2,
  "selected_layers": [
    1,
    2,
    4,
    5
  ],
  "signature": "87fe7e07b3a60d77",
  "skipped": false,
  "warning_log": "/gpfs/home3/scur0511/Probe4Physics/artifacts/features/mvp/extract_warnings.log"
}
Completed at:
Thu Apr 23 05:05:02 PM UTC 2026
