===== TRAIN PROVENANCE =====
Fri May  8 16:47:07 UTC 2026
tcn108.local.snellius.surf.nl
999d19ef765342e0bd42ee07e9e2db5bba7c1441
Python 3.11.15
/home/scur0511/.conda/envs/probe4physics-gpu/bin/python
REPO_ROOT=/gpfs/home3/scur0511/Probe4Physics
DATASET_NAME=intphys2
PROBE_NAME=mlp
BACKBONE_NAME=jepa_v2_1
BACKBONE_VARIANT=vitG_384
PROBE_EPOCHS=<config default>
PROBE_DEVICE=cpu
PROBE_LAYER=last
PROBE_LAYERS=12,24,38,48
PROBE_FEATURE_VIEW=pooled
ENABLE_WANDB=true
WANDB_PROJECT=probe4physics
WANDB_MODE=online
EXPERIMENT_NAME=intphys2.jepa_v2_1_vitG_384.probe
WANDB_GROUP=intphys2_mlp_jepa_v2_1_vitG_384
ENABLE_OPTUNA=true
OPTUNA_N_TRIALS=20
OPTUNA_N_JOBS=1
OPTUNA_TIMEOUT_SECONDS=0
ENABLE_OPTUNA_PRUNER=true
OPTUNA_PRUNER_STARTUP_TRIALS=3
OPTUNA_PRUNER_WARMUP_STEPS=100
OPTUNA_PRUNER_INTERVAL_STEPS=1
OPTUNA_STUDY_NAME=intphys2_mlp_jepa_v2_1_vitG_384
OPTUNA_SEARCH_OVERRIDES=probe.optuna.search_space.epochs.enabled=true probe.optuna.search_space.epochs.choices=[20,50,100,500,1000,2000]
============================
JOB_START_UTC=2026-05-08T16:47:08Z
{
  "best_layer": null,
  "best_layer_label": null,
  "best_objective_metric": null,
  "dataset": "intphys2",
  "feature_view": "pooled",
  "layers": [
    {
      "checkpoint": "artifacts/probes/intphys2/intphys2_probe_mlp_jepa_v2_1_vitG_384_20260508T164713Z/layer_12/train/trial_0000/probe_best.pt",
      "eval": {
        "base_eval": {
          "metrics": {
            "accuracy": 56.86274509803921,
            "accuracy_by_condition": {
              "continuity": 47.91666666666667,
              "immutability": 66.66666666666666,
              "permanence": 56.25,
              "solidity": 56.666666666666664
            },
            "n_samples": 204,
            "n_scenes": 51,
            "voe_accuracy": 25.49019607843137,
            "voe_by_condition": {
              "continuity": 0.0,
              "immutability": 50.0,
              "permanence": 33.33333333333333,
              "solidity": 20.0
            }
          },
          "output_dir": "artifacts/probes/intphys2/intphys2_probe_mlp_jepa_v2_1_vitG_384_20260508T164713Z/layer_12/eval/test",
          "split_dir": "data/splits/intphys2"
        },
        "checkpoint": "artifacts/probes/intphys2/intphys2_probe_mlp_jepa_v2_1_vitG_384_20260508T164713Z/layer_12/train/trial_0000/probe_best.pt",
        "dataset": "intphys2",
        "feature_signature": "5c7753635ab2bb76",
        "metrics": {
          "accuracy": 56.86274509803921,
          "accuracy_by_condition": {
            "continuity": 47.91666666666667,
            "immutability": 66.66666666666666,
            "permanence": 56.25,
            "solidity": 56.666666666666664
          },
          "n_samples": 204,
          "n_scenes": 51,
          "voe_accuracy": 25.49019607843137,
          "voe_by_condition": {
            "continuity": 0.0,
            "immutability": 50.0,
            "permanence": 33.33333333333333,
            "solidity": 20.0
          }
        },
        "metrics_by_split": {
          "test": {
            "accuracy": 56.86274509803921,
            "accuracy_by_condition": {
              "continuity": 47.91666666666667,
              "immutability": 66.66666666666666,
              "permanence": 56.25,
              "solidity": 56.666666666666664
            },
            "n_samples": 204,
            "n_scenes": 51,
            "voe_accuracy": 25.49019607843137,
            "voe_by_condition": {
              "continuity": 0.0,
              "immutability": 50.0,
              "permanence": 33.33333333333333,
              "solidity": 20.0
            }
          },
          "train": {
            "accuracy": 87.91390728476821,
            "accuracy_by_condition": {
              "continuity": 86.80555555555556,
              "immutability": 91.66666666666666,
              "permanence": 86.80555555555556,
              "solidity": 86.62790697674419
            },
            "n_samples": 604,
            "n_scenes": 151,
            "voe_accuracy": 88.0794701986755,
            "voe_by_condition": {
              "continuity": 80.55555555555556,
              "immutability": 94.44444444444444,
              "permanence": 86.11111111111111,
              "solidity": 90.69767441860465
            }
          },
          "val": {
            "accuracy": 58.333333333333336,
            "accuracy_by_condition": {
              "continuity": 58.333333333333336,
              "immutability": 64.58333333333334,
              "permanence": 60.416666666666664,
              "solidity": 51.66666666666667
            },
            "n_samples": 204,
            "n_scenes": 51,
            "voe_accuracy": 27.450980392156865,
            "voe_by_condition": {
              "continuity": 25.0,
              "immutability": 50.0,
              "permanence": 41.66666666666667,
              "solidity": 0.0
            }
          }
        },
        "objective_metric": 25.49019607843137,
        "prediction_file": "artifacts/probes/intphys2/intphys2_probe_mlp_jepa_v2_1_vitG_384_20260508T164713Z/layer_12/eval/test/probe_predictions.json",
        "prediction_files": {
          "test": "artifacts/probes/intphys2/intphys2_probe_mlp_jepa_v2_1_vitG_384_20260508T164713Z/layer_12/eval/test/probe_predictions.json",
          "train": "artifacts/probes/intphys2/intphys2_probe_mlp_jepa_v2_1_vitG_384_20260508T164713Z/layer_12/eval/train/probe_predictions.json",
          "val": "artifacts/probes/intphys2/intphys2_probe_mlp_jepa_v2_1_vitG_384_20260508T164713Z/layer_12/eval/val/probe_predictions.json"
        },
        "probe_eval_dir": "artifacts/probes/intphys2/intphys2_probe_mlp_jepa_v2_1_vitG_384_20260508T164713Z/layer_12/eval",
        "probe_name": "mlp",
        "reported_splits": [
          "train",
          "val",
          "test"
        ],
        "split_eval_dirs": {
          "test": "artifacts/probes/intphys2/intphys2_probe_mlp_jepa_v2_1_vitG_384_20260508T164713Z/layer_12/eval/test",
          "train": "artifacts/probes/intphys2/intphys2_probe_mlp_jepa_v2_1_vitG_384_20260508T164713Z/layer_12/eval/train",
          "val": "artifacts/probes/intphys2/intphys2_probe_mlp_jepa_v2_1_vitG_384_20260508T164713Z/layer_12/eval/val"
        },
        "split_evals": {
          "test": {
            "base_eval": {
              "metrics": {
                "accuracy": 56.86274509803921,
                "accuracy_by_condition": {
                  "continuity": 47.91666666666667,
                  "immutability": 66.66666666666666,
                  "permanence": 56.25,
                  "solidity": 56.666666666666664
                },
                "n_samples": 204,
                "n_scenes": 51,
                "voe_accuracy": 25.49019607843137,
                "voe_by_condition": {
                  "continuity": 0.0,
                  "immutability": 50.0,
                  "permanence": 33.33333333333333,
                  "solidity": 20.0
                }
              },
              "output_dir": "artifacts/probes/intphys2/intphys2_probe_mlp_jepa_v2_1_vitG_384_20260508T164713Z/layer_12/eval/test",
              "split_dir": "data/splits/intphys2"
            },
            "checkpoint": "artifacts/probes/intphys2/intphys2_probe_mlp_jepa_v2_1_vitG_384_20260508T164713Z/layer_12/train/trial_0000/probe_best.pt",
            "dataset": "intphys2",
            "feature_signature": "5c7753635ab2bb76",
            "metrics": {
              "accuracy": 56.86274509803921,
              "accuracy_by_condition": {
                "continuity": 47.91666666666667,
                "immutability": 66.66666666666666,
                "permanence": 56.25,
                "solidity": 56.666666666666664
              },
              "n_samples": 204,
              "n_scenes": 51,
              "voe_accuracy": 25.49019607843137,
              "voe_by_condition": {
                "continuity": 0.0,
                "immutability": 50.0,
                "permanence": 33.33333333333333,
                "solidity": 20.0
              }
            },
            "objective_metric": 25.49019607843137,
            "prediction_file": "artifacts/probes/intphys2/intphys2_probe_mlp_jepa_v2_1_vitG_384_20260508T164713Z/layer_12/eval/test/probe_predictions.json",
            "probe_eval_dir": "artifacts/probes/intphys2/intphys2_probe_mlp_jepa_v2_1_vitG_384_20260508T164713Z/layer_12/eval/test",
            "probe_name": "mlp",
            "split_name": "test"
          },
          "train": {
            "base_eval": {
              "metrics": {
                "accuracy": 87.91390728476821,
                "accuracy_by_condition": {
                  "continuity": 86.80555555555556,
                  "immutability": 91.66666666666666,
                  "permanence": 86.80555555555556,
                  "solidity": 86.62790697674419
                },
                "n_samples": 604,
                "n_scenes": 151,
                "voe_accuracy": 88.0794701986755,
                "voe_by_condition": {
                  "continuity": 80.55555555555556,
                  "immutability": 94.44444444444444,
                  "permanence": 86.11111111111111,
                  "solidity": 90.69767441860465
                }
              },
              "output_dir": "artifacts/probes/intphys2/intphys2_probe_mlp_jepa_v2_1_vitG_384_20260508T164713Z/layer_12/eval/train",
              "split_dir": "data/splits/intphys2"
            },
            "checkpoint": "artifacts/probes/intphys2/intphys2_probe_mlp_jepa_v2_1_vitG_384_20260508T164713Z/layer_12/train/trial_0000/probe_best.pt",
            "dataset": "intphys2",
            "feature_signature": "5c7753635ab2bb76",
            "metrics": {
              "accuracy": 87.91390728476821,
              "accuracy_by_condition": {
                "continuity": 86.80555555555556,
                "immutability": 91.66666666666666,
                "permanence": 86.80555555555556,
                "solidity": 86.62790697674419
              },
              "n_samples": 604,
              "n_scenes": 151,
              "voe_accuracy": 88.0794701986755,
              "voe_by_condition": {
                "continuity": 80.55555555555556,
                "immutability": 94.44444444444444,
                "permanence": 86.11111111111111,
                "solidity": 90.69767441860465
              }
            },
            "objective_metric": 88.0794701986755,
            "prediction_file": "artifacts/probes/intphys2/intphys2_probe_mlp_jepa_v2_1_vitG_384_20260508T164713Z/layer_12/eval/train/probe_predictions.json",
            "probe_eval_dir": "artifacts/probes/intphys2/intphys2_probe_mlp_jepa_v2_1_vitG_384_20260508T164713Z/layer_12/eval/train",
            "probe_name": "mlp",
            "split_name": "train"
          },
          "val": {
            "base_eval": {
              "metrics": {
                "accuracy": 58.333333333333336,
                "accuracy_by_condition": {
                  "continuity": 58.333333333333336,
                  "immutability": 64.58333333333334,
                  "permanence": 60.416666666666664,
                  "solidity": 51.66666666666667
                },
                "n_samples": 204,
                "n_scenes": 51,
                "voe_accuracy": 27.450980392156865,
                "voe_by_condition": {
                  "continuity": 25.0,
                  "immutability": 50.0,
                  "permanence": 41.66666666666667,
                  "solidity": 0.0
                }
              },
              "output_dir": "artifacts/probes/intphys2/intphys2_probe_mlp_jepa_v2_1_vitG_384_20260508T164713Z/layer_12/eval/val",
              "split_dir": "data/splits/intphys2"
            },
            "checkpoint": "artifacts/probes/intphys2/intphys2_probe_mlp_jepa_v2_1_vitG_384_20260508T164713Z/layer_12/train/trial_0000/probe_best.pt",
            "dataset": "intphys2",
            "feature_signature": "5c7753635ab2bb76",
            "metrics": {
              "accuracy": 58.333333333333336,
              "accuracy_by_condition": {
                "continuity": 58.333333333333336,
                "immutability": 64.58333333333334,
                "permanence": 60.416666666666664,
                "solidity": 51.66666666666667
              },
              "n_samples": 204,
              "n_scenes": 51,
              "voe_accuracy": 27.450980392156865,
              "voe_by_condition": {
                "continuity": 25.0,
                "immutability": 50.0,
                "permanence": 41.66666666666667,
                "solidity": 0.0
              }
            },
            "objective_metric": 27.450980392156865,
            "prediction_file": "artifacts/probes/intphys2/intphys2_probe_mlp_jepa_v2_1_vitG_384_20260508T164713Z/layer_12/eval/val/probe_predictions.json",
            "probe_eval_dir": "artifacts/probes/intphys2/intphys2_probe_mlp_jepa_v2_1_vitG_384_20260508T164713Z/layer_12/eval/val",
            "probe_name": "mlp",
            "split_name": "val"
          }
        },
        "split_name": "test"
      },
      "layer": 12,
      "layer_label": "12",
      "objective_metric": 25.49019607843137,
      "train": {
        "best_checkpoint": "artifacts/probes/intphys2/intphys2_probe_mlp_jepa_v2_1_vitG_384_20260508T164713Z/layer_12/train/trial_0000/probe_best.pt",
        "best_eval_output_dir": "artifacts/probes/intphys2/intphys2_probe_mlp_jepa_v2_1_vitG_384_20260508T164713Z/layer_12/train/trial_0000/val_eval",
        "best_output_dir": "artifacts/probes/intphys2/intphys2_probe_mlp_jepa_v2_1_vitG_384_20260508T164713Z/layer_12/train/trial_0000",
        "best_params": {
          "batch_size": 32,
          "dropout": 0.21597250932105788,
          "epochs": 2000,
          "hidden_dims": "256",
          "lr": 0.0001329291894316216,
          "weight_decay": 0.005061576888752304
        },
        "best_trial_number": 0,
        "best_value": 27.450980392156865,
        "checkpoint": "artifacts/probes/intphys2/intphys2_probe_mlp_jepa_v2_1_vitG_384_20260508T164713Z/layer_12/train/trial_0000/probe_best.pt",
        "dataset": "intphys2",
        "direction": "maximize",
        "layer": 12,
        "n_trials": 20,
        "objective_metric": "voe_accuracy",
        "output_dir": "artifacts/probes/intphys2/intphys2_probe_mlp_jepa_v2_1_vitG_384_20260508T164713Z/layer_12/train",
        "probe_name": "mlp",
        "storage": "sqlite:////gpfs/home3/scur0511/Probe4Physics/artifacts/probes/intphys2/intphys2_probe_mlp_jepa_v2_1_vitG_384_20260508T164713Z/layer_12/train/optuna_study.sqlite3",
        "study_name": "intphys2_mlp_jepa_v2_1_vitG_384_layer_12",
        "trials": [
          {
            "checkpoint": "artifacts/probes/intphys2/intphys2_probe_mlp_jepa_v2_1_vitG_384_20260508T164713Z/layer_12/train/trial_0000/probe_best.pt",
            "eval_output_dir": "artifacts/probes/intphys2/intphys2_probe_mlp_jepa_v2_1_vitG_384_20260508T164713Z/layer_12/train/trial_0000/val_eval",
            "output_dir": "artifacts/probes/intphys2/intphys2_probe_mlp_jepa_v2_1_vitG_384_20260508T164713Z/layer_12/train/trial_0000",
            "params": {
              "batch_size": 32,
              "dropout": 0.21597250932105788,
              "epochs": 2000,
              "hidden_dims": "256",
              "lr": 0.0001329291894316216,
              "weight_decay": 0.005061576888752304
            },
            "trial_number": 0,
            "value": 27.450980392156865
          },
          {
            "checkpoint": "artifacts/probes/intphys2/intphys2_probe_mlp_jepa_v2_1_vitG_384_20260508T164713Z/layer_12/train/trial_0001/probe_best.pt",
            "eval_output_dir": "artifacts/probes/intphys2/intphys2_probe_mlp_jepa_v2_1_vitG_384_20260508T164713Z/layer_12/train/trial_0001/val_eval",
            "output_dir": "artifacts/probes/intphys2/intphys2_probe_mlp_jepa_v2_1_vitG_384_20260508T164713Z/layer_12/train/trial_0001",
            "params": {
              "batch_size": 256,
              "dropout": 0.048836057003191935,
              "epochs": 20,
              "hidden_dims": "512x256",
              "lr": 7.476312062252303e-05,
              "weight_decay": 4.689400963537693e-05
            },
            "trial_number": 1,
            "value": 13.725490196078432
          },
          {
            "checkpoint": "artifacts/probes/intphys2/intphys2_probe_mlp_jepa_v2_1_vitG_384_20260508T164713Z/layer_12/train/trial_0002/probe_best.pt",
            "eval_output_dir": "artifacts/probes/intphys2/intphys2_probe_mlp_jepa_v2_1_vitG_384_20260508T164713Z/layer_12/train/trial_0002/val_eval",
            "output_dir": "artifacts/probes/intphys2/intphys2_probe_mlp_jepa_v2_1_vitG_384_20260508T164713Z/layer_12/train/trial_0002",
            "params": {
              "batch_size": 256,
              "dropout": 0.04424625102595975,
              "epochs": 50,
              "hidden_dims": "256",
              "lr": 0.0011290133559092666,
              "weight_decay": 4.374364439939069e-06
            },
            "trial_number": 2,
            "value": 13.725490196078432
          },
          {
            "checkpoint": "artifacts/probes/intphys2/intphys2_probe_mlp_jepa_v2_1_vitG_384_20260508T164713Z/layer_12/train/trial_0006/probe_best.pt",
            "eval_output_dir": "artifacts/probes/intphys2/intphys2_probe_mlp_jepa_v2_1_vitG_384_20260508T164713Z/layer_12/train/trial_0006/val_eval",
            "output_dir": "artifacts/probes/intphys2/intphys2_probe_mlp_jepa_v2_1_vitG_384_20260508T164713Z/layer_12/train/trial_0006",
            "params": {
              "batch_size": 128,
              "dropout": 0.0599326836668414,
              "epochs": 50,
              "hidden_dims": "512",
              "lr": 0.000794714742465374,
              "weight_decay": 0.0016934155410667966
            },
            "trial_number": 6,
            "value": 15.686274509803921
          },
          {
            "checkpoint": "artifacts/probes/intphys2/intphys2_probe_mlp_jepa_v2_1_vitG_384_20260508T164713Z/layer_12/train/trial_0007/probe_best.pt",
            "eval_output_dir": "artifacts/probes/intphys2/intphys2_probe_mlp_jepa_v2_1_vitG_384_20260508T164713Z/layer_12/train/trial_0007/val_eval",
            "output_dir": "artifacts/probes/intphys2/intphys2_probe_mlp_jepa_v2_1_vitG_384_20260508T164713Z/layer_12/train/trial_0007",
            "params": {
              "batch_size": 128,
              "dropout": 0.11978094533348621,
              "epochs": 20,
              "hidden_dims": "1024x512x1024",
              "lr": 0.00010300196600986775,
              "weight_decay": 0.0045442082254883295
            },
            "trial_number": 7,
            "value": 11.76470588235294
          },
          {
            "checkpoint": "artifacts/probes/intphys2/intphys2_probe_mlp_jepa_v2_1_vitG_384_20260508T164713Z/layer_12/train/trial_0008/probe_best.pt",
            "eval_output_dir": "artifacts/probes/intphys2/intphys2_probe_mlp_jepa_v2_1_vitG_384_20260508T164713Z/layer_12/train/trial_0008/val_eval",
            "output_dir": "artifacts/probes/intphys2/intphys2_probe_mlp_jepa_v2_1_vitG_384_20260508T164713Z/layer_12/train/trial_0008",
            "params": {
              "batch_size": 32,
              "dropout": 0.3387821809211412,
              "epochs": 50,
              "hidden_dims": "512",
              "lr": 2.7207248059486674e-05,
              "weight_decay": 8.64403589520682e-06
            },
            "trial_number": 8,
            "value": 15.686274509803921
          },
          {
            "checkpoint": "artifacts/probes/intphys2/intphys2_probe_mlp_jepa_v2_1_vitG_384_20260508T164713Z/layer_12/train/trial_0009/probe_best.pt",
            "eval_output_dir": "artifacts/probes/intphys2/intphys2_probe_mlp_jepa_v2_1_vitG_384_20260508T164713Z/layer_12/train/trial_0009/val_eval",
            "output_dir": "artifacts/probes/intphys2/intphys2_probe_mlp_jepa_v2_1_vitG_384_20260508T164713Z/layer_12/train/trial_0009",
            "params": {
              "batch_size": 256,
              "dropout": 0.12092614545022584,
              "epochs": 50,
              "hidden_dims": "256",
              "lr": 1.1214075785991125e-05,
              "weight_decay": 1.1818390883060214e-05
            },
            "trial_number": 9,
            "value": 17.647058823529413
          },
          {
            "checkpoint": "artifacts/probes/intphys2/intphys2_probe_mlp_jepa_v2_1_vitG_384_20260508T164713Z/layer_12/train/trial_0014/probe_best.pt",
            "eval_output_dir": "artifacts/probes/intphys2/intphys2_probe_mlp_jepa_v2_1_vitG_384_20260508T164713Z/layer_12/train/trial_0014/val_eval",
            "output_dir": "artifacts/probes/intphys2/intphys2_probe_mlp_jepa_v2_1_vitG_384_20260508T164713Z/layer_12/train/trial_0014",
            "params": {
              "batch_size": 32,
              "dropout": 0.4741199884881519,
              "epochs": 100,
              "hidden_dims": "1024x512x256",
              "lr": 0.00012607446015619982,
              "weight_decay": 0.007210947574845332
            },
            "trial_number": 14,
            "value": 15.686274509803921
          },
          {
            "checkpoint": "artifacts/probes/intphys2/intphys2_probe_mlp_jepa_v2_1_vitG_384_20260508T164713Z/layer_12/train/trial_0016/probe_best.pt",
            "eval_output_dir": "artifacts/probes/intphys2/intphys2_probe_mlp_jepa_v2_1_vitG_384_20260508T164713Z/layer_12/train/trial_0016/val_eval",
            "output_dir": "artifacts/probes/intphys2/intphys2_probe_mlp_jepa_v2_1_vitG_384_20260508T164713Z/layer_12/train/trial_0016",
            "params": {
              "batch_size": 32,
              "dropout": 0.2655620151757302,
              "epochs": 50,
              "hidden_dims": "512x256",
              "lr": 0.0062272812480895,
              "weight_decay": 0.00017373664138768078
            },
            "trial_number": 16,
            "value": 9.803921568627452
          },
          {
            "checkpoint": "artifacts/probes/intphys2/intphys2_probe_mlp_jepa_v2_1_vitG_384_20260508T164713Z/layer_12/train/trial_0017/probe_best.pt",
            "eval_output_dir": "artifacts/probes/intphys2/intphys2_probe_mlp_jepa_v2_1_vitG_384_20260508T164713Z/layer_12/train/trial_0017/val_eval",
            "output_dir": "artifacts/probes/intphys2/intphys2_probe_mlp_jepa_v2_1_vitG_384_20260508T164713Z/layer_12/train/trial_0017",
            "params": {
              "batch_size": 64,
              "dropout": 0.0031521307123528047,
              "epochs": 2000,
              "hidden_dims": "256",
              "lr": 0.0005720100437711135,
              "weight_decay": 5.987455150398208e-05
            },
            "trial_number": 17,
            "value": 25.49019607843137
          }
        ]
      }
    },
    {
      "checkpoint": "artifacts/probes/intphys2/intphys2_probe_mlp_jepa_v2_1_vitG_384_20260508T164713Z/layer_24/train/trial_0019/probe_best.pt",
      "eval": {
        "base_eval": {
          "metrics": {
            "accuracy": 56.86274509803921,
            "accuracy_by_condition": {
              "continuity": 52.083333333333336,
              "immutability": 66.66666666666666,
              "permanence": 60.416666666666664,
              "solidity": 50.0
            },
            "n_samples": 204,
            "n_scenes": 51,
            "voe_accuracy": 19.607843137254903,
            "voe_by_condition": {
              "continuity": 8.333333333333332,
              "immutability": 33.33333333333333,
              "permanence": 25.0,
              "solidity": 13.333333333333334
            }
          },
          "output_dir": "artifacts/probes/intphys2/intphys2_probe_mlp_jepa_v2_1_vitG_384_20260508T164713Z/layer_24/eval/test",
          "split_dir": "data/splits/intphys2"
        },
        "checkpoint": "artifacts/probes/intphys2/intphys2_probe_mlp_jepa_v2_1_vitG_384_20260508T164713Z/layer_24/train/trial_0019/probe_best.pt",
        "dataset": "intphys2",
        "feature_signature": "5c7753635ab2bb76",
        "metrics": {
          "accuracy": 56.86274509803921,
          "accuracy_by_condition": {
            "continuity": 52.083333333333336,
            "immutability": 66.66666666666666,
            "permanence": 60.416666666666664,
            "solidity": 50.0
          },
          "n_samples": 204,
          "n_scenes": 51,
          "voe_accuracy": 19.607843137254903,
          "voe_by_condition": {
            "continuity": 8.333333333333332,
            "immutability": 33.33333333333333,
            "permanence": 25.0,
            "solidity": 13.333333333333334
          }
        },
        "metrics_by_split": {
          "test": {
            "accuracy": 56.86274509803921,
            "accuracy_by_condition": {
              "continuity": 52.083333333333336,
              "immutability": 66.66666666666666,
              "permanence": 60.416666666666664,
              "solidity": 50.0
            },
            "n_samples": 204,
            "n_scenes": 51,
            "voe_accuracy": 19.607843137254903,
            "voe_by_condition": {
              "continuity": 8.333333333333332,
              "immutability": 33.33333333333333,
              "permanence": 25.0,
              "solidity": 13.333333333333334
            }
          },
          "train": {
            "accuracy": 53.64238410596026,
            "accuracy_by_condition": {
              "continuity": 50.0,
              "immutability": 56.25,
              "permanence": 55.55555555555556,
              "solidity": 52.90697674418605
            },
            "n_samples": 604,
            "n_scenes": 151,
            "voe_accuracy": 32.450331125827816,
            "voe_by_condition": {
              "continuity": 25.0,
              "immutability": 52.77777777777778,
              "permanence": 30.555555555555557,
              "solidity": 23.25581395348837
            }
          },
          "val": {
            "accuracy": 54.90196078431373,
            "accuracy_by_condition": {
              "continuity": 56.25,
              "immutability": 58.333333333333336,
              "permanence": 56.25,
              "solidity": 50.0
            },
            "n_samples": 204,
            "n_scenes": 51,
            "voe_accuracy": 31.372549019607842,
            "voe_by_condition": {
              "continuity": 58.333333333333336,
              "immutability": 41.66666666666667,
              "permanence": 25.0,
              "solidity": 6.666666666666667
            }
          }
        },
        "objective_metric": 19.607843137254903,
        "prediction_file": "artifacts/probes/intphys2/intphys2_probe_mlp_jepa_v2_1_vitG_384_20260508T164713Z/layer_24/eval/test/probe_predictions.json",
        "prediction_files": {
          "test": "artifacts/probes/intphys2/intphys2_probe_mlp_jepa_v2_1_vitG_384_20260508T164713Z/layer_24/eval/test/probe_predictions.json",
          "train": "artifacts/probes/intphys2/intphys2_probe_mlp_jepa_v2_1_vitG_384_20260508T164713Z/layer_24/eval/train/probe_predictions.json",
          "val": "artifacts/probes/intphys2/intphys2_probe_mlp_jepa_v2_1_vitG_384_20260508T164713Z/layer_24/eval/val/probe_predictions.json"
        },
        "probe_eval_dir": "artifacts/probes/intphys2/intphys2_probe_mlp_jepa_v2_1_vitG_384_20260508T164713Z/layer_24/eval",
        "probe_name": "mlp",
        "reported_splits": [
          "train",
          "val",
          "test"
        ],
        "split_eval_dirs": {
          "test": "artifacts/probes/intphys2/intphys2_probe_mlp_jepa_v2_1_vitG_384_20260508T164713Z/layer_24/eval/test",
          "train": "artifacts/probes/intphys2/intphys2_probe_mlp_jepa_v2_1_vitG_384_20260508T164713Z/layer_24/eval/train",
          "val": "artifacts/probes/intphys2/intphys2_probe_mlp_jepa_v2_1_vitG_384_20260508T164713Z/layer_24/eval/val"
        },
        "split_evals": {
          "test": {
            "base_eval": {
              "metrics": {
                "accuracy": 56.86274509803921,
                "accuracy_by_condition": {
                  "continuity": 52.083333333333336,
                  "immutability": 66.66666666666666,
                  "permanence": 60.416666666666664,
                  "solidity": 50.0
                },
                "n_samples": 204,
                "n_scenes": 51,
                "voe_accuracy": 19.607843137254903,
                "voe_by_condition": {
                  "continuity": 8.333333333333332,
                  "immutability": 33.33333333333333,
                  "permanence": 25.0,
                  "solidity": 13.333333333333334
                }
              },
              "output_dir": "artifacts/probes/intphys2/intphys2_probe_mlp_jepa_v2_1_vitG_384_20260508T164713Z/layer_24/eval/test",
              "split_dir": "data/splits/intphys2"
            },
            "checkpoint": "artifacts/probes/intphys2/intphys2_probe_mlp_jepa_v2_1_vitG_384_20260508T164713Z/layer_24/train/trial_0019/probe_best.pt",
            "dataset": "intphys2",
            "feature_signature": "5c7753635ab2bb76",
            "metrics": {
              "accuracy": 56.86274509803921,
              "accuracy_by_condition": {
                "continuity": 52.083333333333336,
                "immutability": 66.66666666666666,
                "permanence": 60.416666666666664,
                "solidity": 50.0
              },
              "n_samples": 204,
              "n_scenes": 51,
              "voe_accuracy": 19.607843137254903,
              "voe_by_condition": {
                "continuity": 8.333333333333332,
                "immutability": 33.33333333333333,
                "permanence": 25.0,
                "solidity": 13.333333333333334
              }
            },
            "objective_metric": 19.607843137254903,
            "prediction_file": "artifacts/probes/intphys2/intphys2_probe_mlp_jepa_v2_1_vitG_384_20260508T164713Z/layer_24/eval/test/probe_predictions.json",
            "probe_eval_dir": "artifacts/probes/intphys2/intphys2_probe_mlp_jepa_v2_1_vitG_384_20260508T164713Z/layer_24/eval/test",
            "probe_name": "mlp",
            "split_name": "test"
          },
          "train": {
            "base_eval": {
              "metrics": {
                "accuracy": 53.64238410596026,
                "accuracy_by_condition": {
                  "continuity": 50.0,
                  "immutability": 56.25,
                  "permanence": 55.55555555555556,
                  "solidity": 52.90697674418605
                },
                "n_samples": 604,
                "n_scenes": 151,
                "voe_accuracy": 32.450331125827816,
                "voe_by_condition": {
                  "continuity": 25.0,
                  "immutability": 52.77777777777778,
                  "permanence": 30.555555555555557,
                  "solidity": 23.25581395348837
                }
              },
              "output_dir": "artifacts/probes/intphys2/intphys2_probe_mlp_jepa_v2_1_vitG_384_20260508T164713Z/layer_24/eval/train",
              "split_dir": "data/splits/intphys2"
            },
            "checkpoint": "artifacts/probes/intphys2/intphys2_probe_mlp_jepa_v2_1_vitG_384_20260508T164713Z/layer_24/train/trial_0019/probe_best.pt",
            "dataset": "intphys2",
            "feature_signature": "5c7753635ab2bb76",
            "metrics": {
              "accuracy": 53.64238410596026,
              "accuracy_by_condition": {
                "continuity": 50.0,
                "immutability": 56.25,
                "permanence": 55.55555555555556,
                "solidity": 52.90697674418605
              },
              "n_samples": 604,
              "n_scenes": 151,
              "voe_accuracy": 32.450331125827816,
              "voe_by_condition": {
                "continuity": 25.0,
                "immutability": 52.77777777777778,
                "permanence": 30.555555555555557,
                "solidity": 23.25581395348837
              }
            },
            "objective_metric": 32.450331125827816,
            "prediction_file": "artifacts/probes/intphys2/intphys2_probe_mlp_jepa_v2_1_vitG_384_20260508T164713Z/layer_24/eval/train/probe_predictions.json",
            "probe_eval_dir": "artifacts/probes/intphys2/intphys2_probe_mlp_jepa_v2_1_vitG_384_20260508T164713Z/layer_24/eval/train",
            "probe_name": "mlp",
            "split_name": "train"
          },
          "val": {
            "base_eval": {
              "metrics": {
                "accuracy": 54.90196078431373,
                "accuracy_by_condition": {
                  "continuity": 56.25,
                  "immutability": 58.333333333333336,
                  "permanence": 56.25,
                  "solidity": 50.0
                },
                "n_samples": 204,
                "n_scenes": 51,
                "voe_accuracy": 31.372549019607842,
                "voe_by_condition": {
                  "continuity": 58.333333333333336,
                  "immutability": 41.66666666666667,
                  "permanence": 25.0,
                  "solidity": 6.666666666666667
                }
              },
              "output_dir": "artifacts/probes/intphys2/intphys2_probe_mlp_jepa_v2_1_vitG_384_20260508T164713Z/layer_24/eval/val",
              "split_dir": "data/splits/intphys2"
            },
            "checkpoint": "artifacts/probes/intphys2/intphys2_probe_mlp_jepa_v2_1_vitG_384_20260508T164713Z/layer_24/train/trial_0019/probe_best.pt",
            "dataset": "intphys2",
            "feature_signature": "5c7753635ab2bb76",
            "metrics": {
              "accuracy": 54.90196078431373,
              "accuracy_by_condition": {
                "continuity": 56.25,
                "immutability": 58.333333333333336,
                "permanence": 56.25,
                "solidity": 50.0
              },
              "n_samples": 204,
              "n_scenes": 51,
              "voe_accuracy": 31.372549019607842,
              "voe_by_condition": {
                "continuity": 58.333333333333336,
                "immutability": 41.66666666666667,
                "permanence": 25.0,
                "solidity": 6.666666666666667
              }
            },
            "objective_metric": 31.372549019607842,
            "prediction_file": "artifacts/probes/intphys2/intphys2_probe_mlp_jepa_v2_1_vitG_384_20260508T164713Z/layer_24/eval/val/probe_predictions.json",
            "probe_eval_dir": "artifacts/probes/intphys2/intphys2_probe_mlp_jepa_v2_1_vitG_384_20260508T164713Z/layer_24/eval/val",
            "probe_name": "mlp",
            "split_name": "val"
          }
        },
        "split_name": "test"
      },
      "layer": 24,
      "layer_label": "24",
      "objective_metric": 19.607843137254903,
      "train": {
        "best_checkpoint": "artifacts/probes/intphys2/intphys2_probe_mlp_jepa_v2_1_vitG_384_20260508T164713Z/layer_24/train/trial_0019/probe_best.pt",
        "best_eval_output_dir": "artifacts/probes/intphys2/intphys2_probe_mlp_jepa_v2_1_vitG_384_20260508T164713Z/layer_24/train/trial_0019/val_eval",
        "best_output_dir": "artifacts/probes/intphys2/intphys2_probe_mlp_jepa_v2_1_vitG_384_20260508T164713Z/layer_24/train/trial_0019",
        "best_params": {
          "batch_size": 32,
          "dropout": 0.10851341925567713,
          "epochs": 50,
          "hidden_dims": "256",
          "lr": 1.9271614885597854e-05,
          "weight_decay": 1.2784504489313643e-06
        },
        "best_trial_number": 19,
        "best_value": 31.372549019607842,
        "checkpoint": "artifacts/probes/intphys2/intphys2_probe_mlp_jepa_v2_1_vitG_384_20260508T164713Z/layer_24/train/trial_0019/probe_best.pt",
        "dataset": "intphys2",
        "direction": "maximize",
        "layer": 24,
        "n_trials": 20,
        "objective_metric": "voe_accuracy",
        "output_dir": "artifacts/probes/intphys2/intphys2_probe_mlp_jepa_v2_1_vitG_384_20260508T164713Z/layer_24/train",
        "probe_name": "mlp",
        "storage": "sqlite:////gpfs/home3/scur0511/Probe4Physics/artifacts/probes/intphys2/intphys2_probe_mlp_jepa_v2_1_vitG_384_20260508T164713Z/layer_24/train/optuna_study.sqlite3",
        "study_name": "intphys2_mlp_jepa_v2_1_vitG_384_layer_24",
        "trials": [
          {
            "checkpoint": "artifacts/probes/intphys2/intphys2_probe_mlp_jepa_v2_1_vitG_384_20260508T164713Z/layer_24/train/trial_0000/probe_best.pt",
            "eval_output_dir": "artifacts/probes/intphys2/intphys2_probe_mlp_jepa_v2_1_vitG_384_20260508T164713Z/layer_24/train/trial_0000/val_eval",
            "output_dir": "artifacts/probes/intphys2/intphys2_probe_mlp_jepa_v2_1_vitG_384_20260508T164713Z/layer_24/train/trial_0000",
            "params": {
              "batch_size": 32,
              "dropout": 0.21597250932105788,
              "epochs": 2000,
              "hidden_dims": "256",
              "lr": 0.0001329291894316216,
              "weight_decay": 0.005061576888752304
            },
            "trial_number": 0,
            "value": 25.49019607843137
          },
          {
            "checkpoint": "artifacts/probes/intphys2/intphys2_probe_mlp_jepa_v2_1_vitG_384_20260508T164713Z/layer_24/train/trial_0001/probe_best.pt",
            "eval_output_dir": "artifacts/probes/intphys2/intphys2_probe_mlp_jepa_v2_1_vitG_384_20260508T164713Z/layer_24/train/trial_0001/val_eval",
            "output_dir": "artifacts/probes/intphys2/intphys2_probe_mlp_jepa_v2_1_vitG_384_20260508T164713Z/layer_24/train/trial_0001",
            "params": {
              "batch_size": 256,
              "dropout": 0.048836057003191935,
              "epochs": 20,
              "hidden_dims": "512x256",
              "lr": 7.476312062252303e-05,
              "weight_decay": 4.689400963537693e-05
            },
            "trial_number": 1,
            "value": 21.568627450980394
          },
          {
            "checkpoint": "artifacts/probes/intphys2/intphys2_probe_mlp_jepa_v2_1_vitG_384_20260508T164713Z/layer_24/train/trial_0002/probe_best.pt",
            "eval_output_dir": "artifacts/probes/intphys2/intphys2_probe_mlp_jepa_v2_1_vitG_384_20260508T164713Z/layer_24/train/trial_0002/val_eval",
            "output_dir": "artifacts/probes/intphys2/intphys2_probe_mlp_jepa_v2_1_vitG_384_20260508T164713Z/layer_24/train/trial_0002",
            "params": {
              "batch_size": 256,
              "dropout": 0.04424625102595975,
              "epochs": 50,
              "hidden_dims": "256",
              "lr": 0.0011290133559092666,
              "weight_decay": 4.374364439939069e-06
            },
            "trial_number": 2,
            "value": 21.568627450980394
          },
          {
            "checkpoint": "artifacts/probes/intphys2/intphys2_probe_mlp_jepa_v2_1_vitG_384_20260508T164713Z/layer_24/train/trial_0006/probe_best.pt",
            "eval_output_dir": "artifacts/probes/intphys2/intphys2_probe_mlp_jepa_v2_1_vitG_384_20260508T164713Z/layer_24/train/trial_0006/val_eval",
            "output_dir": "artifacts/probes/intphys2/intphys2_probe_mlp_jepa_v2_1_vitG_384_20260508T164713Z/layer_24/train/trial_0006",
            "params": {
              "batch_size": 128,
              "dropout": 0.0599326836668414,
              "epochs": 50,
              "hidden_dims": "512",
              "lr": 0.000794714742465374,
              "weight_decay": 0.0016934155410667966
            },
            "trial_number": 6,
            "value": 19.607843137254903
          },
          {
            "checkpoint": "artifacts/probes/intphys2/intphys2_probe_mlp_jepa_v2_1_vitG_384_20260508T164713Z/layer_24/train/trial_0007/probe_best.pt",
            "eval_output_dir": "artifacts/probes/intphys2/intphys2_probe_mlp_jepa_v2_1_vitG_384_20260508T164713Z/layer_24/train/trial_0007/val_eval",
            "output_dir": "artifacts/probes/intphys2/intphys2_probe_mlp_jepa_v2_1_vitG_384_20260508T164713Z/layer_24/train/trial_0007",
            "params": {
              "batch_size": 128,
              "dropout": 0.11978094533348621,
              "epochs": 20,
              "hidden_dims": "1024x512x1024",
              "lr": 0.00010300196600986775,
              "weight_decay": 0.0045442082254883295
            },
            "trial_number": 7,
            "value": 15.686274509803921
          },
          {
            "checkpoint": "artifacts/probes/intphys2/intphys2_probe_mlp_jepa_v2_1_vitG_384_20260508T164713Z/layer_24/train/trial_0008/probe_best.pt",
            "eval_output_dir": "artifacts/probes/intphys2/intphys2_probe_mlp_jepa_v2_1_vitG_384_20260508T164713Z/layer_24/train/trial_0008/val_eval",
            "output_dir": "artifacts/probes/intphys2/intphys2_probe_mlp_jepa_v2_1_vitG_384_20260508T164713Z/layer_24/train/trial_0008",
            "params": {
              "batch_size": 32,
              "dropout": 0.3387821809211412,
              "epochs": 50,
              "hidden_dims": "512",
              "lr": 2.7207248059486674e-05,
              "weight_decay": 8.64403589520682e-06
            },
            "trial_number": 8,
            "value": 13.725490196078432
          },
          {
            "checkpoint": "artifacts/probes/intphys2/intphys2_probe_mlp_jepa_v2_1_vitG_384_20260508T164713Z/layer_24/train/trial_0009/probe_best.pt",
            "eval_output_dir": "artifacts/probes/intphys2/intphys2_probe_mlp_jepa_v2_1_vitG_384_20260508T164713Z/layer_24/train/trial_0009/val_eval",
            "output_dir": "artifacts/probes/intphys2/intphys2_probe_mlp_jepa_v2_1_vitG_384_20260508T164713Z/layer_24/train/trial_0009",
            "params": {
              "batch_size": 256,
              "dropout": 0.12092614545022584,
              "epochs": 50,
              "hidden_dims": "256",
              "lr": 1.1214075785991125e-05,
              "weight_decay": 1.1818390883060214e-05
            },
            "trial_number": 9,
            "value": 27.450980392156865
          },
          {
            "checkpoint": "artifacts/probes/intphys2/intphys2_probe_mlp_jepa_v2_1_vitG_384_20260508T164713Z/layer_24/train/trial_0010/probe_best.pt",
            "eval_output_dir": "artifacts/probes/intphys2/intphys2_probe_mlp_jepa_v2_1_vitG_384_20260508T164713Z/layer_24/train/trial_0010/val_eval",
            "output_dir": "artifacts/probes/intphys2/intphys2_probe_mlp_jepa_v2_1_vitG_384_20260508T164713Z/layer_24/train/trial_0010",
            "params": {
              "batch_size": 64,
              "dropout": 0.1901464801259053,
              "epochs": 100,
              "hidden_dims": "1024x512x256",
              "lr": 1.1524054506099165e-05,
              "weight_decay": 0.00017588206856579633
            },
            "trial_number": 10,
            "value": 11.76470588235294
          },
          {
            "checkpoint": "artifacts/probes/intphys2/intphys2_probe_mlp_jepa_v2_1_vitG_384_20260508T164713Z/layer_24/train/trial_0014/probe_best.pt",
            "eval_output_dir": "artifacts/probes/intphys2/intphys2_probe_mlp_jepa_v2_1_vitG_384_20260508T164713Z/layer_24/train/trial_0014/val_eval",
            "output_dir": "artifacts/probes/intphys2/intphys2_probe_mlp_jepa_v2_1_vitG_384_20260508T164713Z/layer_24/train/trial_0014",
            "params": {
              "batch_size": 32,
              "dropout": 0.4741199884881519,
              "epochs": 100,
              "hidden_dims": "1024x512x256",
              "lr": 6.75316598602369e-05,
              "weight_decay": 0.007210947574845332
            },
            "trial_number": 14,
            "value": 23.52941176470588
          },
          {
            "checkpoint": "artifacts/probes/intphys2/intphys2_probe_mlp_jepa_v2_1_vitG_384_20260508T164713Z/layer_24/train/trial_0016/probe_best.pt",
            "eval_output_dir": "artifacts/probes/intphys2/intphys2_probe_mlp_jepa_v2_1_vitG_384_20260508T164713Z/layer_24/train/trial_0016/val_eval",
            "output_dir": "artifacts/probes/intphys2/intphys2_probe_mlp_jepa_v2_1_vitG_384_20260508T164713Z/layer_24/train/trial_0016",
            "params": {
              "batch_size": 32,
              "dropout": 0.23204466747878266,
              "epochs": 50,
              "hidden_dims": "512x256",
              "lr": 0.0004346609466153822,
              "weight_decay": 0.00017373664138768078
            },
            "trial_number": 16,
            "value": 19.607843137254903
          },
          {
            "checkpoint": "artifacts/probes/intphys2/intphys2_probe_mlp_jepa_v2_1_vitG_384_20260508T164713Z/layer_24/train/trial_0019/probe_best.pt",
            "eval_output_dir": "artifacts/probes/intphys2/intphys2_probe_mlp_jepa_v2_1_vitG_384_20260508T164713Z/layer_24/train/trial_0019/val_eval",
            "output_dir": "artifacts/probes/intphys2/intphys2_probe_mlp_jepa_v2_1_vitG_384_20260508T164713Z/layer_24/train/trial_0019",
            "params": {
              "batch_size": 32,
              "dropout": 0.10851341925567713,
              "epochs": 50,
              "hidden_dims": "256",
              "lr": 1.9271614885597854e-05,
              "weight_decay": 1.2784504489313643e-06
            },
            "trial_number": 19,
            "value": 31.372549019607842
          }
        ]
      }
    },
    {
      "checkpoint": "artifacts/probes/intphys2/intphys2_probe_mlp_jepa_v2_1_vitG_384_20260508T164713Z/layer_38/train/trial_0000/probe_best.pt",
      "eval": {
        "base_eval": {
          "metrics": {
            "accuracy": 57.35294117647059,
            "accuracy_by_condition": {
              "continuity": 56.25,
              "immutability": 66.66666666666666,
              "permanence": 58.333333333333336,
              "solidity": 50.0
            },
            "n_samples": 204,
            "n_scenes": 51,
            "voe_accuracy": 39.21568627450981,
            "voe_by_condition": {
              "continuity": 33.33333333333333,
              "immutability": 50.0,
              "permanence": 58.333333333333336,
              "solidity": 20.0
            }
          },
          "output_dir": "artifacts/probes/intphys2/intphys2_probe_mlp_jepa_v2_1_vitG_384_20260508T164713Z/layer_38/eval/test",
          "split_dir": "data/splits/intphys2"
        },
        "checkpoint": "artifacts/probes/intphys2/intphys2_probe_mlp_jepa_v2_1_vitG_384_20260508T164713Z/layer_38/train/trial_0000/probe_best.pt",
        "dataset": "intphys2",
        "feature_signature": "5c7753635ab2bb76",
        "metrics": {
          "accuracy": 57.35294117647059,
          "accuracy_by_condition": {
            "continuity": 56.25,
            "immutability": 66.66666666666666,
            "permanence": 58.333333333333336,
            "solidity": 50.0
          },
          "n_samples": 204,
          "n_scenes": 51,
          "voe_accuracy": 39.21568627450981,
          "voe_by_condition": {
            "continuity": 33.33333333333333,
            "immutability": 50.0,
            "permanence": 58.333333333333336,
            "solidity": 20.0
          }
        },
        "metrics_by_split": {
          "test": {
            "accuracy": 57.35294117647059,
            "accuracy_by_condition": {
              "continuity": 56.25,
              "immutability": 66.66666666666666,
              "permanence": 58.333333333333336,
              "solidity": 50.0
            },
            "n_samples": 204,
            "n_scenes": 51,
            "voe_accuracy": 39.21568627450981,
            "voe_by_condition": {
              "continuity": 33.33333333333333,
              "immutability": 50.0,
              "permanence": 58.333333333333336,
              "solidity": 20.0
            }
          },
          "train": {
            "accuracy": 99.33774834437085,
            "accuracy_by_condition": {
              "continuity": 99.30555555555556,
              "immutability": 99.30555555555556,
              "permanence": 98.61111111111111,
              "solidity": 100.0
            },
            "n_samples": 604,
            "n_scenes": 151,
            "voe_accuracy": 100.0,
            "voe_by_condition": {
              "continuity": 100.0,
              "immutability": 100.0,
              "permanence": 100.0,
              "solidity": 100.0
            }
          },
          "val": {
            "accuracy": 61.76470588235294,
            "accuracy_by_condition": {
              "continuity": 70.83333333333334,
              "immutability": 60.416666666666664,
              "permanence": 54.166666666666664,
              "solidity": 61.66666666666667
            },
            "n_samples": 204,
            "n_scenes": 51,
            "voe_accuracy": 45.09803921568628,
            "voe_by_condition": {
              "continuity": 66.66666666666666,
              "immutability": 66.66666666666666,
              "permanence": 41.66666666666667,
              "solidity": 13.333333333333334
            }
          }
        },
        "objective_metric": 39.21568627450981,
        "prediction_file": "artifacts/probes/intphys2/intphys2_probe_mlp_jepa_v2_1_vitG_384_20260508T164713Z/layer_38/eval/test/probe_predictions.json",
        "prediction_files": {
          "test": "artifacts/probes/intphys2/intphys2_probe_mlp_jepa_v2_1_vitG_384_20260508T164713Z/layer_38/eval/test/probe_predictions.json",
          "train": "artifacts/probes/intphys2/intphys2_probe_mlp_jepa_v2_1_vitG_384_20260508T164713Z/layer_38/eval/train/probe_predictions.json",
          "val": "artifacts/probes/intphys2/intphys2_probe_mlp_jepa_v2_1_vitG_384_20260508T164713Z/layer_38/eval/val/probe_predictions.json"
        },
        "probe_eval_dir": "artifacts/probes/intphys2/intphys2_probe_mlp_jepa_v2_1_vitG_384_20260508T164713Z/layer_38/eval",
        "probe_name": "mlp",
        "reported_splits": [
          "train",
          "val",
          "test"
        ],
        "split_eval_dirs": {
          "test": "artifacts/probes/intphys2/intphys2_probe_mlp_jepa_v2_1_vitG_384_20260508T164713Z/layer_38/eval/test",
          "train": "artifacts/probes/intphys2/intphys2_probe_mlp_jepa_v2_1_vitG_384_20260508T164713Z/layer_38/eval/train",
          "val": "artifacts/probes/intphys2/intphys2_probe_mlp_jepa_v2_1_vitG_384_20260508T164713Z/layer_38/eval/val"
        },
        "split_evals": {
          "test": {
            "base_eval": {
              "metrics": {
                "accuracy": 57.35294117647059,
                "accuracy_by_condition": {
                  "continuity": 56.25,
                  "immutability": 66.66666666666666,
                  "permanence": 58.333333333333336,
                  "solidity": 50.0
                },
                "n_samples": 204,
                "n_scenes": 51,
                "voe_accuracy": 39.21568627450981,
                "voe_by_condition": {
                  "continuity": 33.33333333333333,
                  "immutability": 50.0,
                  "permanence": 58.333333333333336,
                  "solidity": 20.0
                }
              },
              "output_dir": "artifacts/probes/intphys2/intphys2_probe_mlp_jepa_v2_1_vitG_384_20260508T164713Z/layer_38/eval/test",
              "split_dir": "data/splits/intphys2"
            },
            "checkpoint": "artifacts/probes/intphys2/intphys2_probe_mlp_jepa_v2_1_vitG_384_20260508T164713Z/layer_38/train/trial_0000/probe_best.pt",
            "dataset": "intphys2",
            "feature_signature": "5c7753635ab2bb76",
            "metrics": {
              "accuracy": 57.35294117647059,
              "accuracy_by_condition": {
                "continuity": 56.25,
                "immutability": 66.66666666666666,
                "permanence": 58.333333333333336,
                "solidity": 50.0
              },
              "n_samples": 204,
              "n_scenes": 51,
              "voe_accuracy": 39.21568627450981,
              "voe_by_condition": {
                "continuity": 33.33333333333333,
                "immutability": 50.0,
                "permanence": 58.333333333333336,
                "solidity": 20.0
              }
            },
            "objective_metric": 39.21568627450981,
            "prediction_file": "artifacts/probes/intphys2/intphys2_probe_mlp_jepa_v2_1_vitG_384_20260508T164713Z/layer_38/eval/test/probe_predictions.json",
            "probe_eval_dir": "artifacts/probes/intphys2/intphys2_probe_mlp_jepa_v2_1_vitG_384_20260508T164713Z/layer_38/eval/test",
            "probe_name": "mlp",
            "split_name": "test"
          },
          "train": {
            "base_eval": {
              "metrics": {
                "accuracy": 99.33774834437085,
                "accuracy_by_condition": {
                  "continuity": 99.30555555555556,
                  "immutability": 99.30555555555556,
                  "permanence": 98.61111111111111,
                  "solidity": 100.0
                },
                "n_samples": 604,
                "n_scenes": 151,
                "voe_accuracy": 100.0,
                "voe_by_condition": {
                  "continuity": 100.0,
                  "immutability": 100.0,
                  "permanence": 100.0,
                  "solidity": 100.0
                }
              },
              "output_dir": "artifacts/probes/intphys2/intphys2_probe_mlp_jepa_v2_1_vitG_384_20260508T164713Z/layer_38/eval/train",
              "split_dir": "data/splits/intphys2"
            },
            "checkpoint": "artifacts/probes/intphys2/intphys2_probe_mlp_jepa_v2_1_vitG_384_20260508T164713Z/layer_38/train/trial_0000/probe_best.pt",
            "dataset": "intphys2",
            "feature_signature": "5c7753635ab2bb76",
            "metrics": {
              "accuracy": 99.33774834437085,
              "accuracy_by_condition": {
                "continuity": 99.30555555555556,
                "immutability": 99.30555555555556,
                "permanence": 98.61111111111111,
                "solidity": 100.0
              },
              "n_samples": 604,
              "n_scenes": 151,
              "voe_accuracy": 100.0,
              "voe_by_condition": {
                "continuity": 100.0,
                "immutability": 100.0,
                "permanence": 100.0,
                "solidity": 100.0
              }
            },
            "objective_metric": 100.0,
            "prediction_file": "artifacts/probes/intphys2/intphys2_probe_mlp_jepa_v2_1_vitG_384_20260508T164713Z/layer_38/eval/train/probe_predictions.json",
            "probe_eval_dir": "artifacts/probes/intphys2/intphys2_probe_mlp_jepa_v2_1_vitG_384_20260508T164713Z/layer_38/eval/train",
            "probe_name": "mlp",
            "split_name": "train"
          },
          "val": {
            "base_eval": {
              "metrics": {
                "accuracy": 61.76470588235294,
                "accuracy_by_condition": {
                  "continuity": 70.83333333333334,
                  "immutability": 60.416666666666664,
                  "permanence": 54.166666666666664,
                  "solidity": 61.66666666666667
                },
                "n_samples": 204,
                "n_scenes": 51,
                "voe_accuracy": 45.09803921568628,
                "voe_by_condition": {
                  "continuity": 66.66666666666666,
                  "immutability": 66.66666666666666,
                  "permanence": 41.66666666666667,
                  "solidity": 13.333333333333334
                }
              },
              "output_dir": "artifacts/probes/intphys2/intphys2_probe_mlp_jepa_v2_1_vitG_384_20260508T164713Z/layer_38/eval/val",
              "split_dir": "data/splits/intphys2"
            },
            "checkpoint": "artifacts/probes/intphys2/intphys2_probe_mlp_jepa_v2_1_vitG_384_20260508T164713Z/layer_38/train/trial_0000/probe_best.pt",
            "dataset": "intphys2",
            "feature_signature": "5c7753635ab2bb76",
            "metrics": {
              "accuracy": 61.76470588235294,
              "accuracy_by_condition": {
                "continuity": 70.83333333333334,
                "immutability": 60.416666666666664,
                "permanence": 54.166666666666664,
                "solidity": 61.66666666666667
              },
              "n_samples": 204,
              "n_scenes": 51,
              "voe_accuracy": 45.09803921568628,
              "voe_by_condition": {
                "continuity": 66.66666666666666,
                "immutability": 66.66666666666666,
                "permanence": 41.66666666666667,
                "solidity": 13.333333333333334
              }
            },
            "objective_metric": 45.09803921568628,
            "prediction_file": "artifacts/probes/intphys2/intphys2_probe_mlp_jepa_v2_1_vitG_384_20260508T164713Z/layer_38/eval/val/probe_predictions.json",
            "probe_eval_dir": "artifacts/probes/intphys2/intphys2_probe_mlp_jepa_v2_1_vitG_384_20260508T164713Z/layer_38/eval/val",
            "probe_name": "mlp",
            "split_name": "val"
          }
        },
        "split_name": "test"
      },
      "layer": 38,
      "layer_label": "38",
      "objective_metric": 39.21568627450981,
      "train": {
        "best_checkpoint": "artifacts/probes/intphys2/intphys2_probe_mlp_jepa_v2_1_vitG_384_20260508T164713Z/layer_38/train/trial_0000/probe_best.pt",
        "best_eval_output_dir": "artifacts/probes/intphys2/intphys2_probe_mlp_jepa_v2_1_vitG_384_20260508T164713Z/layer_38/train/trial_0000/val_eval",
        "best_output_dir": "artifacts/probes/intphys2/intphys2_probe_mlp_jepa_v2_1_vitG_384_20260508T164713Z/layer_38/train/trial_0000",
        "best_params": {
          "batch_size": 32,
          "dropout": 0.21597250932105788,
          "epochs": 2000,
          "hidden_dims": "256",
          "lr": 0.0001329291894316216,
          "weight_decay": 0.005061576888752304
        },
        "best_trial_number": 0,
        "best_value": 45.09803921568628,
        "checkpoint": "artifacts/probes/intphys2/intphys2_probe_mlp_jepa_v2_1_vitG_384_20260508T164713Z/layer_38/train/trial_0000/probe_best.pt",
        "dataset": "intphys2",
        "direction": "maximize",
        "layer": 38,
        "n_trials": 20,
        "objective_metric": "voe_accuracy",
        "output_dir": "artifacts/probes/intphys2/intphys2_probe_mlp_jepa_v2_1_vitG_384_20260508T164713Z/layer_38/train",
        "probe_name": "mlp",
        "storage": "sqlite:////gpfs/home3/scur0511/Probe4Physics/artifacts/probes/intphys2/intphys2_probe_mlp_jepa_v2_1_vitG_384_20260508T164713Z/layer_38/train/optuna_study.sqlite3",
        "study_name": "intphys2_mlp_jepa_v2_1_vitG_384_layer_38",
        "trials": [
          {
            "checkpoint": "artifacts/probes/intphys2/intphys2_probe_mlp_jepa_v2_1_vitG_384_20260508T164713Z/layer_38/train/trial_0000/probe_best.pt",
            "eval_output_dir": "artifacts/probes/intphys2/intphys2_probe_mlp_jepa_v2_1_vitG_384_20260508T164713Z/layer_38/train/trial_0000/val_eval",
            "output_dir": "artifacts/probes/intphys2/intphys2_probe_mlp_jepa_v2_1_vitG_384_20260508T164713Z/layer_38/train/trial_0000",
            "params": {
              "batch_size": 32,
              "dropout": 0.21597250932105788,
              "epochs": 2000,
              "hidden_dims": "256",
              "lr": 0.0001329291894316216,
              "weight_decay": 0.005061576888752304
            },
            "trial_number": 0,
            "value": 45.09803921568628
          },
          {
            "checkpoint": "artifacts/probes/intphys2/intphys2_probe_mlp_jepa_v2_1_vitG_384_20260508T164713Z/layer_38/train/trial_0001/probe_best.pt",
            "eval_output_dir": "artifacts/probes/intphys2/intphys2_probe_mlp_jepa_v2_1_vitG_384_20260508T164713Z/layer_38/train/trial_0001/val_eval",
            "output_dir": "artifacts/probes/intphys2/intphys2_probe_mlp_jepa_v2_1_vitG_384_20260508T164713Z/layer_38/train/trial_0001",
            "params": {
              "batch_size": 256,
              "dropout": 0.048836057003191935,
              "epochs": 20,
              "hidden_dims": "512x256",
              "lr": 7.476312062252303e-05,
              "weight_decay": 4.689400963537693e-05
            },
            "trial_number": 1,
            "value": 17.647058823529413
          },
          {
            "checkpoint": "artifacts/probes/intphys2/intphys2_probe_mlp_jepa_v2_1_vitG_384_20260508T164713Z/layer_38/train/trial_0002/probe_best.pt",
            "eval_output_dir": "artifacts/probes/intphys2/intphys2_probe_mlp_jepa_v2_1_vitG_384_20260508T164713Z/layer_38/train/trial_0002/val_eval",
            "output_dir": "artifacts/probes/intphys2/intphys2_probe_mlp_jepa_v2_1_vitG_384_20260508T164713Z/layer_38/train/trial_0002",
            "params": {
              "batch_size": 256,
              "dropout": 0.04424625102595975,
              "epochs": 50,
              "hidden_dims": "256",
              "lr": 0.0011290133559092666,
              "weight_decay": 4.374364439939069e-06
            },
            "trial_number": 2,
            "value": 19.607843137254903
          },
          {
            "checkpoint": "artifacts/probes/intphys2/intphys2_probe_mlp_jepa_v2_1_vitG_384_20260508T164713Z/layer_38/train/trial_0006/probe_best.pt",
            "eval_output_dir": "artifacts/probes/intphys2/intphys2_probe_mlp_jepa_v2_1_vitG_384_20260508T164713Z/layer_38/train/trial_0006/val_eval",
            "output_dir": "artifacts/probes/intphys2/intphys2_probe_mlp_jepa_v2_1_vitG_384_20260508T164713Z/layer_38/train/trial_0006",
            "params": {
              "batch_size": 128,
              "dropout": 0.0599326836668414,
              "epochs": 50,
              "hidden_dims": "512",
              "lr": 0.000794714742465374,
              "weight_decay": 0.0016934155410667966
            },
            "trial_number": 6,
            "value": 25.49019607843137
          },
          {
            "checkpoint": "artifacts/probes/intphys2/intphys2_probe_mlp_jepa_v2_1_vitG_384_20260508T164713Z/layer_38/train/trial_0007/probe_best.pt",
            "eval_output_dir": "artifacts/probes/intphys2/intphys2_probe_mlp_jepa_v2_1_vitG_384_20260508T164713Z/layer_38/train/trial_0007/val_eval",
            "output_dir": "artifacts/probes/intphys2/intphys2_probe_mlp_jepa_v2_1_vitG_384_20260508T164713Z/layer_38/train/trial_0007",
            "params": {
              "batch_size": 128,
              "dropout": 0.11978094533348621,
              "epochs": 20,
              "hidden_dims": "1024x512x1024",
              "lr": 0.00010300196600986775,
              "weight_decay": 0.0045442082254883295
            },
            "trial_number": 7,
            "value": 17.647058823529413
          },
          {
            "checkpoint": "artifacts/probes/intphys2/intphys2_probe_mlp_jepa_v2_1_vitG_384_20260508T164713Z/layer_38/train/trial_0008/probe_best.pt",
            "eval_output_dir": "artifacts/probes/intphys2/intphys2_probe_mlp_jepa_v2_1_vitG_384_20260508T164713Z/layer_38/train/trial_0008/val_eval",
            "output_dir": "artifacts/probes/intphys2/intphys2_probe_mlp_jepa_v2_1_vitG_384_20260508T164713Z/layer_38/train/trial_0008",
            "params": {
              "batch_size": 32,
              "dropout": 0.3387821809211412,
              "epochs": 50,
              "hidden_dims": "512",
              "lr": 2.7207248059486674e-05,
              "weight_decay": 8.64403589520682e-06
            },
            "trial_number": 8,
            "value": 15.686274509803921
          },
          {
            "checkpoint": "artifacts/probes/intphys2/intphys2_probe_mlp_jepa_v2_1_vitG_384_20260508T164713Z/layer_38/train/trial_0009/probe_best.pt",
            "eval_output_dir": "artifacts/probes/intphys2/intphys2_probe_mlp_jepa_v2_1_vitG_384_20260508T164713Z/layer_38/train/trial_0009/val_eval",
            "output_dir": "artifacts/probes/intphys2/intphys2_probe_mlp_jepa_v2_1_vitG_384_20260508T164713Z/layer_38/train/trial_0009",
            "params": {
              "batch_size": 256,
              "dropout": 0.12092614545022584,
              "epochs": 50,
              "hidden_dims": "256",
              "lr": 1.1214075785991125e-05,
              "weight_decay": 1.1818390883060214e-05
            },
            "trial_number": 9,
            "value": 23.52941176470588
          },
          {
            "checkpoint": "artifacts/probes/intphys2/intphys2_probe_mlp_jepa_v2_1_vitG_384_20260508T164713Z/layer_38/train/trial_0011/probe_best.pt",
            "eval_output_dir": "artifacts/probes/intphys2/intphys2_probe_mlp_jepa_v2_1_vitG_384_20260508T164713Z/layer_38/train/trial_0011/val_eval",
            "output_dir": "artifacts/probes/intphys2/intphys2_probe_mlp_jepa_v2_1_vitG_384_20260508T164713Z/layer_38/train/trial_0011",
            "params": {
              "batch_size": 32,
              "dropout": 0.23036595192387704,
              "epochs": 100,
              "hidden_dims": "1024",
              "lr": 0.000381663861962904,
              "weight_decay": 0.00821160806524291
            },
            "trial_number": 11,
            "value": 29.411764705882355
          },
          {
            "checkpoint": "artifacts/probes/intphys2/intphys2_probe_mlp_jepa_v2_1_vitG_384_20260508T164713Z/layer_38/train/trial_0012/probe_best.pt",
            "eval_output_dir": "artifacts/probes/intphys2/intphys2_probe_mlp_jepa_v2_1_vitG_384_20260508T164713Z/layer_38/train/trial_0012/val_eval",
            "output_dir": "artifacts/probes/intphys2/intphys2_probe_mlp_jepa_v2_1_vitG_384_20260508T164713Z/layer_38/train/trial_0012",
            "params": {
              "batch_size": 32,
              "dropout": 0.2403404633740749,
              "epochs": 100,
              "hidden_dims": "1024",
              "lr": 0.00025735031695662674,
              "weight_decay": 0.008946810000979412
            },
            "trial_number": 12,
            "value": 33.33333333333333
          },
          {
            "checkpoint": "artifacts/probes/intphys2/intphys2_probe_mlp_jepa_v2_1_vitG_384_20260508T164713Z/layer_38/train/trial_0013/probe_best.pt",
            "eval_output_dir": "artifacts/probes/intphys2/intphys2_probe_mlp_jepa_v2_1_vitG_384_20260508T164713Z/layer_38/train/trial_0013/val_eval",
            "output_dir": "artifacts/probes/intphys2/intphys2_probe_mlp_jepa_v2_1_vitG_384_20260508T164713Z/layer_38/train/trial_0013",
            "params": {
              "batch_size": 32,
              "dropout": 0.2860397292440933,
              "epochs": 100,
              "hidden_dims": "1024",
              "lr": 0.0002128249419968085,
              "weight_decay": 0.0003465800417093877
            },
            "trial_number": 13,
            "value": 29.411764705882355
          },
          {
            "checkpoint": "artifacts/probes/intphys2/intphys2_probe_mlp_jepa_v2_1_vitG_384_20260508T164713Z/layer_38/train/trial_0016/probe_best.pt",
            "eval_output_dir": "artifacts/probes/intphys2/intphys2_probe_mlp_jepa_v2_1_vitG_384_20260508T164713Z/layer_38/train/trial_0016/val_eval",
            "output_dir": "artifacts/probes/intphys2/intphys2_probe_mlp_jepa_v2_1_vitG_384_20260508T164713Z/layer_38/train/trial_0016",
            "params": {
              "batch_size": 32,
              "dropout": 0.194274152026009,
              "epochs": 100,
              "hidden_dims": "512x256",
              "lr": 0.00237283529774676,
              "weight_decay": 0.0015584609384388481
            },
            "trial_number": 16,
            "value": 29.411764705882355
          },
          {
            "checkpoint": "artifacts/probes/intphys2/intphys2_probe_mlp_jepa_v2_1_vitG_384_20260508T164713Z/layer_38/train/trial_0019/probe_best.pt",
            "eval_output_dir": "artifacts/probes/intphys2/intphys2_probe_mlp_jepa_v2_1_vitG_384_20260508T164713Z/layer_38/train/trial_0019/val_eval",
            "output_dir": "artifacts/probes/intphys2/intphys2_probe_mlp_jepa_v2_1_vitG_384_20260508T164713Z/layer_38/train/trial_0019",
            "params": {
              "batch_size": 64,
              "dropout": 0.1736073666423616,
              "epochs": 100,
              "hidden_dims": "1024",
              "lr": 1.033285556962607e-05,
              "weight_decay": 0.002037894568532364
            },
            "trial_number": 19,
            "value": 17.647058823529413
          }
        ]
      }
    },
    {
      "checkpoint": "artifacts/probes/intphys2/intphys2_probe_mlp_jepa_v2_1_vitG_384_20260508T164713Z/layer_48/train/trial_0000/probe_best.pt",
      "eval": {
        "base_eval": {
          "metrics": {
            "accuracy": 63.23529411764706,
            "accuracy_by_condition": {
              "continuity": 62.5,
              "immutability": 64.58333333333334,
              "permanence": 66.66666666666666,
              "solidity": 60.0
            },
            "n_samples": 204,
            "n_scenes": 51,
            "voe_accuracy": 37.254901960784316,
            "voe_by_condition": {
              "continuity": 25.0,
              "immutability": 50.0,
              "permanence": 66.66666666666666,
              "solidity": 13.333333333333334
            }
          },
          "output_dir": "artifacts/probes/intphys2/intphys2_probe_mlp_jepa_v2_1_vitG_384_20260508T164713Z/layer_48/eval/test",
          "split_dir": "data/splits/intphys2"
        },
        "checkpoint": "artifacts/probes/intphys2/intphys2_probe_mlp_jepa_v2_1_vitG_384_20260508T164713Z/layer_48/train/trial_0000/probe_best.pt",
        "dataset": "intphys2",
        "feature_signature": "5c7753635ab2bb76",
        "metrics": {
          "accuracy": 63.23529411764706,
          "accuracy_by_condition": {
            "continuity": 62.5,
            "immutability": 64.58333333333334,
            "permanence": 66.66666666666666,
            "solidity": 60.0
          },
          "n_samples": 204,
          "n_scenes": 51,
          "voe_accuracy": 37.254901960784316,
          "voe_by_condition": {
            "continuity": 25.0,
            "immutability": 50.0,
            "permanence": 66.66666666666666,
            "solidity": 13.333333333333334
          }
        },
        "metrics_by_split": {
          "test": {
            "accuracy": 63.23529411764706,
            "accuracy_by_condition": {
              "continuity": 62.5,
              "immutability": 64.58333333333334,
              "permanence": 66.66666666666666,
              "solidity": 60.0
            },
            "n_samples": 204,
            "n_scenes": 51,
            "voe_accuracy": 37.254901960784316,
            "voe_by_condition": {
              "continuity": 25.0,
              "immutability": 50.0,
              "permanence": 66.66666666666666,
              "solidity": 13.333333333333334
            }
          },
          "train": {
            "accuracy": 97.18543046357617,
            "accuracy_by_condition": {
              "continuity": 95.13888888888889,
              "immutability": 97.91666666666666,
              "permanence": 95.83333333333334,
              "solidity": 99.4186046511628
            },
            "n_samples": 604,
            "n_scenes": 151,
            "voe_accuracy": 98.67549668874173,
            "voe_by_condition": {
              "continuity": 97.22222222222221,
              "immutability": 100.0,
              "permanence": 97.22222222222221,
              "solidity": 100.0
            }
          },
          "val": {
            "accuracy": 62.254901960784316,
            "accuracy_by_condition": {
              "continuity": 66.66666666666666,
              "immutability": 66.66666666666666,
              "permanence": 54.166666666666664,
              "solidity": 61.66666666666667
            },
            "n_samples": 204,
            "n_scenes": 51,
            "voe_accuracy": 29.411764705882355,
            "voe_by_condition": {
              "continuity": 33.33333333333333,
              "immutability": 33.33333333333333,
              "permanence": 33.33333333333333,
              "solidity": 20.0
            }
          }
        },
        "objective_metric": 37.254901960784316,
        "prediction_file": "artifacts/probes/intphys2/intphys2_probe_mlp_jepa_v2_1_vitG_384_20260508T164713Z/layer_48/eval/test/probe_predictions.json",
        "prediction_files": {
          "test": "artifacts/probes/intphys2/intphys2_probe_mlp_jepa_v2_1_vitG_384_20260508T164713Z/layer_48/eval/test/probe_predictions.json",
          "train": "artifacts/probes/intphys2/intphys2_probe_mlp_jepa_v2_1_vitG_384_20260508T164713Z/layer_48/eval/train/probe_predictions.json",
          "val": "artifacts/probes/intphys2/intphys2_probe_mlp_jepa_v2_1_vitG_384_20260508T164713Z/layer_48/eval/val/probe_predictions.json"
        },
        "probe_eval_dir": "artifacts/probes/intphys2/intphys2_probe_mlp_jepa_v2_1_vitG_384_20260508T164713Z/layer_48/eval",
        "probe_name": "mlp",
        "reported_splits": [
          "train",
          "val",
          "test"
        ],
        "split_eval_dirs": {
          "test": "artifacts/probes/intphys2/intphys2_probe_mlp_jepa_v2_1_vitG_384_20260508T164713Z/layer_48/eval/test",
          "train": "artifacts/probes/intphys2/intphys2_probe_mlp_jepa_v2_1_vitG_384_20260508T164713Z/layer_48/eval/train",
          "val": "artifacts/probes/intphys2/intphys2_probe_mlp_jepa_v2_1_vitG_384_20260508T164713Z/layer_48/eval/val"
        },
        "split_evals": {
          "test": {
            "base_eval": {
              "metrics": {
                "accuracy": 63.23529411764706,
                "accuracy_by_condition": {
                  "continuity": 62.5,
                  "immutability": 64.58333333333334,
                  "permanence": 66.66666666666666,
                  "solidity": 60.0
                },
                "n_samples": 204,
                "n_scenes": 51,
                "voe_accuracy": 37.254901960784316,
                "voe_by_condition": {
                  "continuity": 25.0,
                  "immutability": 50.0,
                  "permanence": 66.66666666666666,
                  "solidity": 13.333333333333334
                }
              },
              "output_dir": "artifacts/probes/intphys2/intphys2_probe_mlp_jepa_v2_1_vitG_384_20260508T164713Z/layer_48/eval/test",
              "split_dir": "data/splits/intphys2"
            },
            "checkpoint": "artifacts/probes/intphys2/intphys2_probe_mlp_jepa_v2_1_vitG_384_20260508T164713Z/layer_48/train/trial_0000/probe_best.pt",
            "dataset": "intphys2",
            "feature_signature": "5c7753635ab2bb76",
            "metrics": {
              "accuracy": 63.23529411764706,
              "accuracy_by_condition": {
                "continuity": 62.5,
                "immutability": 64.58333333333334,
                "permanence": 66.66666666666666,
                "solidity": 60.0
              },
              "n_samples": 204,
              "n_scenes": 51,
              "voe_accuracy": 37.254901960784316,
              "voe_by_condition": {
                "continuity": 25.0,
                "immutability": 50.0,
                "permanence": 66.66666666666666,
                "solidity": 13.333333333333334
              }
            },
            "objective_metric": 37.254901960784316,
            "prediction_file": "artifacts/probes/intphys2/intphys2_probe_mlp_jepa_v2_1_vitG_384_20260508T164713Z/layer_48/eval/test/probe_predictions.json",
            "probe_eval_dir": "artifacts/probes/intphys2/intphys2_probe_mlp_jepa_v2_1_vitG_384_20260508T164713Z/layer_48/eval/test",
            "probe_name": "mlp",
            "split_name": "test"
          },
          "train": {
            "base_eval": {
              "metrics": {
                "accuracy": 97.18543046357617,
                "accuracy_by_condition": {
                  "continuity": 95.13888888888889,
                  "immutability": 97.91666666666666,
                  "permanence": 95.83333333333334,
                  "solidity": 99.4186046511628
                },
                "n_samples": 604,
                "n_scenes": 151,
                "voe_accuracy": 98.67549668874173,
                "voe_by_condition": {
                  "continuity": 97.22222222222221,
                  "immutability": 100.0,
                  "permanence": 97.22222222222221,
                  "solidity": 100.0
                }
              },
              "output_dir": "artifacts/probes/intphys2/intphys2_probe_mlp_jepa_v2_1_vitG_384_20260508T164713Z/layer_48/eval/train",
              "split_dir": "data/splits/intphys2"
            },
            "checkpoint": "artifacts/probes/intphys2/intphys2_probe_mlp_jepa_v2_1_vitG_384_20260508T164713Z/layer_48/train/trial_0000/probe_best.pt",
            "dataset": "intphys2",
            "feature_signature": "5c7753635ab2bb76",
            "metrics": {
              "accuracy": 97.18543046357617,
              "accuracy_by_condition": {
                "continuity": 95.13888888888889,
                "immutability": 97.91666666666666,
                "permanence": 95.83333333333334,
                "solidity": 99.4186046511628
              },
              "n_samples": 604,
              "n_scenes": 151,
              "voe_accuracy": 98.67549668874173,
              "voe_by_condition": {
                "continuity": 97.22222222222221,
                "immutability": 100.0,
                "permanence": 97.22222222222221,
                "solidity": 100.0
              }
            },
            "objective_metric": 98.67549668874173,
            "prediction_file": "artifacts/probes/intphys2/intphys2_probe_mlp_jepa_v2_1_vitG_384_20260508T164713Z/layer_48/eval/train/probe_predictions.json",
            "probe_eval_dir": "artifacts/probes/intphys2/intphys2_probe_mlp_jepa_v2_1_vitG_384_20260508T164713Z/layer_48/eval/train",
            "probe_name": "mlp",
            "split_name": "train"
          },
          "val": {
            "base_eval": {
              "metrics": {
                "accuracy": 62.254901960784316,
                "accuracy_by_condition": {
                  "continuity": 66.66666666666666,
                  "immutability": 66.66666666666666,
                  "permanence": 54.166666666666664,
                  "solidity": 61.66666666666667
                },
                "n_samples": 204,
                "n_scenes": 51,
                "voe_accuracy": 29.411764705882355,
                "voe_by_condition": {
                  "continuity": 33.33333333333333,
                  "immutability": 33.33333333333333,
                  "permanence": 33.33333333333333,
                  "solidity": 20.0
                }
              },
              "output_dir": "artifacts/probes/intphys2/intphys2_probe_mlp_jepa_v2_1_vitG_384_20260508T164713Z/layer_48/eval/val",
              "split_dir": "data/splits/intphys2"
            },
            "checkpoint": "artifacts/probes/intphys2/intphys2_probe_mlp_jepa_v2_1_vitG_384_20260508T164713Z/layer_48/train/trial_0000/probe_best.pt",
            "dataset": "intphys2",
            "feature_signature": "5c7753635ab2bb76",
            "metrics": {
              "accuracy": 62.254901960784316,
              "accuracy_by_condition": {
                "continuity": 66.66666666666666,
                "immutability": 66.66666666666666,
                "permanence": 54.166666666666664,
                "solidity": 61.66666666666667
              },
              "n_samples": 204,
              "n_scenes": 51,
              "voe_accuracy": 29.411764705882355,
              "voe_by_condition": {
                "continuity": 33.33333333333333,
                "immutability": 33.33333333333333,
                "permanence": 33.33333333333333,
                "solidity": 20.0
              }
            },
            "objective_metric": 29.411764705882355,
            "prediction_file": "artifacts/probes/intphys2/intphys2_probe_mlp_jepa_v2_1_vitG_384_20260508T164713Z/layer_48/eval/val/probe_predictions.json",
            "probe_eval_dir": "artifacts/probes/intphys2/intphys2_probe_mlp_jepa_v2_1_vitG_384_20260508T164713Z/layer_48/eval/val",
            "probe_name": "mlp",
            "split_name": "val"
          }
        },
        "split_name": "test"
      },
      "layer": 48,
      "layer_label": "48",
      "objective_metric": 37.254901960784316,
      "train": {
        "best_checkpoint": "artifacts/probes/intphys2/intphys2_probe_mlp_jepa_v2_1_vitG_384_20260508T164713Z/layer_48/train/trial_0000/probe_best.pt",
        "best_eval_output_dir": "artifacts/probes/intphys2/intphys2_probe_mlp_jepa_v2_1_vitG_384_20260508T164713Z/layer_48/train/trial_0000/val_eval",
        "best_output_dir": "artifacts/probes/intphys2/intphys2_probe_mlp_jepa_v2_1_vitG_384_20260508T164713Z/layer_48/train/trial_0000",
        "best_params": {
          "batch_size": 32,
          "dropout": 0.21597250932105788,
          "epochs": 2000,
          "hidden_dims": "256",
          "lr": 0.0001329291894316216,
          "weight_decay": 0.005061576888752304
        },
        "best_trial_number": 0,
        "best_value": 29.411764705882355,
        "checkpoint": "artifacts/probes/intphys2/intphys2_probe_mlp_jepa_v2_1_vitG_384_20260508T164713Z/layer_48/train/trial_0000/probe_best.pt",
        "dataset": "intphys2",
        "direction": "maximize",
        "layer": 48,
        "n_trials": 20,
        "objective_metric": "voe_accuracy",
        "output_dir": "artifacts/probes/intphys2/intphys2_probe_mlp_jepa_v2_1_vitG_384_20260508T164713Z/layer_48/train",
        "probe_name": "mlp",
        "storage": "sqlite:////gpfs/home3/scur0511/Probe4Physics/artifacts/probes/intphys2/intphys2_probe_mlp_jepa_v2_1_vitG_384_20260508T164713Z/layer_48/train/optuna_study.sqlite3",
        "study_name": "intphys2_mlp_jepa_v2_1_vitG_384_layer_48",
        "trials": [
          {
            "checkpoint": "artifacts/probes/intphys2/intphys2_probe_mlp_jepa_v2_1_vitG_384_20260508T164713Z/layer_48/train/trial_0000/probe_best.pt",
            "eval_output_dir": "artifacts/probes/intphys2/intphys2_probe_mlp_jepa_v2_1_vitG_384_20260508T164713Z/layer_48/train/trial_0000/val_eval",
            "output_dir": "artifacts/probes/intphys2/intphys2_probe_mlp_jepa_v2_1_vitG_384_20260508T164713Z/layer_48/train/trial_0000",
            "params": {
              "batch_size": 32,
              "dropout": 0.21597250932105788,
              "epochs": 2000,
              "hidden_dims": "256",
              "lr": 0.0001329291894316216,
              "weight_decay": 0.005061576888752304
            },
            "trial_number": 0,
            "value": 29.411764705882355
          },
          {
            "checkpoint": "artifacts/probes/intphys2/intphys2_probe_mlp_jepa_v2_1_vitG_384_20260508T164713Z/layer_48/train/trial_0001/probe_best.pt",
            "eval_output_dir": "artifacts/probes/intphys2/intphys2_probe_mlp_jepa_v2_1_vitG_384_20260508T164713Z/layer_48/train/trial_0001/val_eval",
            "output_dir": "artifacts/probes/intphys2/intphys2_probe_mlp_jepa_v2_1_vitG_384_20260508T164713Z/layer_48/train/trial_0001",
            "params": {
              "batch_size": 256,
              "dropout": 0.048836057003191935,
              "epochs": 20,
              "hidden_dims": "512x256",
              "lr": 7.476312062252303e-05,
              "weight_decay": 4.689400963537693e-05
            },
            "trial_number": 1,
            "value": 17.647058823529413
          },
          {
            "checkpoint": "artifacts/probes/intphys2/intphys2_probe_mlp_jepa_v2_1_vitG_384_20260508T164713Z/layer_48/train/trial_0002/probe_best.pt",
            "eval_output_dir": "artifacts/probes/intphys2/intphys2_probe_mlp_jepa_v2_1_vitG_384_20260508T164713Z/layer_48/train/trial_0002/val_eval",
            "output_dir": "artifacts/probes/intphys2/intphys2_probe_mlp_jepa_v2_1_vitG_384_20260508T164713Z/layer_48/train/trial_0002",
            "params": {
              "batch_size": 256,
              "dropout": 0.04424625102595975,
              "epochs": 50,
              "hidden_dims": "256",
              "lr": 0.0011290133559092666,
              "weight_decay": 4.374364439939069e-06
            },
            "trial_number": 2,
            "value": 23.52941176470588
          },
          {
            "checkpoint": "artifacts/probes/intphys2/intphys2_probe_mlp_jepa_v2_1_vitG_384_20260508T164713Z/layer_48/train/trial_0006/probe_best.pt",
            "eval_output_dir": "artifacts/probes/intphys2/intphys2_probe_mlp_jepa_v2_1_vitG_384_20260508T164713Z/layer_48/train/trial_0006/val_eval",
            "output_dir": "artifacts/probes/intphys2/intphys2_probe_mlp_jepa_v2_1_vitG_384_20260508T164713Z/layer_48/train/trial_0006",
            "params": {
              "batch_size": 128,
              "dropout": 0.0599326836668414,
              "epochs": 50,
              "hidden_dims": "512",
              "lr": 0.000794714742465374,
              "weight_decay": 0.0016934155410667966
            },
            "trial_number": 6,
            "value": 19.607843137254903
          },
          {
            "checkpoint": "artifacts/probes/intphys2/intphys2_probe_mlp_jepa_v2_1_vitG_384_20260508T164713Z/layer_48/train/trial_0007/probe_best.pt",
            "eval_output_dir": "artifacts/probes/intphys2/intphys2_probe_mlp_jepa_v2_1_vitG_384_20260508T164713Z/layer_48/train/trial_0007/val_eval",
            "output_dir": "artifacts/probes/intphys2/intphys2_probe_mlp_jepa_v2_1_vitG_384_20260508T164713Z/layer_48/train/trial_0007",
            "params": {
              "batch_size": 128,
              "dropout": 0.11978094533348621,
              "epochs": 20,
              "hidden_dims": "1024x512x1024",
              "lr": 0.00010300196600986775,
              "weight_decay": 0.0045442082254883295
            },
            "trial_number": 7,
            "value": 17.647058823529413
          },
          {
            "checkpoint": "artifacts/probes/intphys2/intphys2_probe_mlp_jepa_v2_1_vitG_384_20260508T164713Z/layer_48/train/trial_0008/probe_best.pt",
            "eval_output_dir": "artifacts/probes/intphys2/intphys2_probe_mlp_jepa_v2_1_vitG_384_20260508T164713Z/layer_48/train/trial_0008/val_eval",
            "output_dir": "artifacts/probes/intphys2/intphys2_probe_mlp_jepa_v2_1_vitG_384_20260508T164713Z/layer_48/train/trial_0008",
            "params": {
              "batch_size": 32,
              "dropout": 0.3387821809211412,
              "epochs": 50,
              "hidden_dims": "512",
              "lr": 2.7207248059486674e-05,
              "weight_decay": 8.64403589520682e-06
            },
            "trial_number": 8,
            "value": 15.686274509803921
          },
          {
            "checkpoint": "artifacts/probes/intphys2/intphys2_probe_mlp_jepa_v2_1_vitG_384_20260508T164713Z/layer_48/train/trial_0009/probe_best.pt",
            "eval_output_dir": "artifacts/probes/intphys2/intphys2_probe_mlp_jepa_v2_1_vitG_384_20260508T164713Z/layer_48/train/trial_0009/val_eval",
            "output_dir": "artifacts/probes/intphys2/intphys2_probe_mlp_jepa_v2_1_vitG_384_20260508T164713Z/layer_48/train/trial_0009",
            "params": {
              "batch_size": 256,
              "dropout": 0.12092614545022584,
              "epochs": 50,
              "hidden_dims": "256",
              "lr": 1.1214075785991125e-05,
              "weight_decay": 1.1818390883060214e-05
            },
            "trial_number": 9,
            "value": 15.686274509803921
          },
          {
            "checkpoint": "artifacts/probes/intphys2/intphys2_probe_mlp_jepa_v2_1_vitG_384_20260508T164713Z/layer_48/train/trial_0011/probe_best.pt",
            "eval_output_dir": "artifacts/probes/intphys2/intphys2_probe_mlp_jepa_v2_1_vitG_384_20260508T164713Z/layer_48/train/trial_0011/val_eval",
            "output_dir": "artifacts/probes/intphys2/intphys2_probe_mlp_jepa_v2_1_vitG_384_20260508T164713Z/layer_48/train/trial_0011",
            "params": {
              "batch_size": 32,
              "dropout": 0.23297711653873787,
              "epochs": 100,
              "hidden_dims": "1024",
              "lr": 0.0003492823457114943,
              "weight_decay": 7.619436507678932e-07
            },
            "trial_number": 11,
            "value": 17.647058823529413
          },
          {
            "checkpoint": "artifacts/probes/intphys2/intphys2_probe_mlp_jepa_v2_1_vitG_384_20260508T164713Z/layer_48/train/trial_0016/probe_best.pt",
            "eval_output_dir": "artifacts/probes/intphys2/intphys2_probe_mlp_jepa_v2_1_vitG_384_20260508T164713Z/layer_48/train/trial_0016/val_eval",
            "output_dir": "artifacts/probes/intphys2/intphys2_probe_mlp_jepa_v2_1_vitG_384_20260508T164713Z/layer_48/train/trial_0016",
            "params": {
              "batch_size": 32,
              "dropout": 0.16723284350489442,
              "epochs": 50,
              "hidden_dims": "512x256",
              "lr": 0.0001377376975923784,
              "weight_decay": 0.000369960521744469
            },
            "trial_number": 16,
            "value": 21.568627450980394
          },
          {
            "checkpoint": "artifacts/probes/intphys2/intphys2_probe_mlp_jepa_v2_1_vitG_384_20260508T164713Z/layer_48/train/trial_0019/probe_best.pt",
            "eval_output_dir": "artifacts/probes/intphys2/intphys2_probe_mlp_jepa_v2_1_vitG_384_20260508T164713Z/layer_48/train/trial_0019/val_eval",
            "output_dir": "artifacts/probes/intphys2/intphys2_probe_mlp_jepa_v2_1_vitG_384_20260508T164713Z/layer_48/train/trial_0019",
            "params": {
              "batch_size": 32,
              "dropout": 0.1579019216238744,
              "epochs": 50,
              "hidden_dims": "256",
              "lr": 0.002868473629593556,
              "weight_decay": 6.867691807016495e-05
            },
            "trial_number": 19,
            "value": 25.49019607843137
          }
        ]
      }
    }
  ],
  "model_selection_split": "val",
  "objective_metric_name": "voe_accuracy",
  "probe_name": "mlp",
  "reported_splits": [
    "train",
    "val",
    "test"
  ],
  "requested_layers": [
    12,
    24,
    38,
    48
  ],
  "split_name": "test",
  "sweep_dir": "artifacts/probes/intphys2/intphys2_probe_mlp_jepa_v2_1_vitG_384_20260508T164713Z",
  "train_split": "train"
}
JOB_END_UTC=2026-05-08T17:11:27Z
JOB_ELAPSED_SECONDS=1459
