===== TRAIN PROVENANCE =====
Fri May  8 16:47:10 UTC 2026
tcn291.local.snellius.surf.nl
999d19ef765342e0bd42ee07e9e2db5bba7c1441
Python 3.11.15
/home/scur0511/.conda/envs/probe4physics-gpu/bin/python
REPO_ROOT=/gpfs/home3/scur0511/Probe4Physics
DATASET_NAME=intphys2
PROBE_NAME=mlp
BACKBONE_NAME=jepa_v2
BACKBONE_VARIANT=vitg_384
PROBE_EPOCHS=<config default>
PROBE_DEVICE=cpu
PROBE_LAYER=last
PROBE_LAYERS=10,20,30,40
PROBE_FEATURE_VIEW=pooled
ENABLE_WANDB=true
WANDB_PROJECT=probe4physics
WANDB_MODE=online
EXPERIMENT_NAME=intphys2.jepa_v2_vitg_384.probe
WANDB_GROUP=intphys2_mlp_jepa_v2_vitg_384
ENABLE_OPTUNA=true
OPTUNA_N_TRIALS=20
OPTUNA_N_JOBS=1
OPTUNA_TIMEOUT_SECONDS=0
ENABLE_OPTUNA_PRUNER=true
OPTUNA_PRUNER_STARTUP_TRIALS=3
OPTUNA_PRUNER_WARMUP_STEPS=100
OPTUNA_PRUNER_INTERVAL_STEPS=1
OPTUNA_STUDY_NAME=intphys2_mlp_jepa_v2_vitg_384
OPTUNA_SEARCH_OVERRIDES=probe.optuna.search_space.epochs.enabled=true probe.optuna.search_space.epochs.choices=[20,50,100,500,1000,2000]
============================
JOB_START_UTC=2026-05-08T16:47:11Z
{
  "best_layer": null,
  "best_layer_label": null,
  "best_objective_metric": null,
  "dataset": "intphys2",
  "feature_view": "pooled",
  "layers": [
    {
      "checkpoint": "artifacts/probes/intphys2/intphys2_probe_mlp_jepa_v2_vitg_384_20260508T164714Z/layer_10/train/trial_0000/probe_best.pt",
      "eval": {
        "base_eval": {
          "metrics": {
            "accuracy": 50.49019607843137,
            "accuracy_by_condition": {
              "continuity": 52.083333333333336,
              "immutability": 45.83333333333333,
              "permanence": 54.166666666666664,
              "solidity": 50.0
            },
            "n_samples": 204,
            "n_scenes": 51,
            "voe_accuracy": 9.803921568627452,
            "voe_by_condition": {
              "continuity": 16.666666666666664,
              "immutability": 8.333333333333332,
              "permanence": 0.0,
              "solidity": 13.333333333333334
            }
          },
          "output_dir": "artifacts/probes/intphys2/intphys2_probe_mlp_jepa_v2_vitg_384_20260508T164714Z/layer_10/eval/test",
          "split_dir": "data/splits/intphys2"
        },
        "checkpoint": "artifacts/probes/intphys2/intphys2_probe_mlp_jepa_v2_vitg_384_20260508T164714Z/layer_10/train/trial_0000/probe_best.pt",
        "dataset": "intphys2",
        "feature_signature": "6370d2c41854f9d5",
        "metrics": {
          "accuracy": 50.49019607843137,
          "accuracy_by_condition": {
            "continuity": 52.083333333333336,
            "immutability": 45.83333333333333,
            "permanence": 54.166666666666664,
            "solidity": 50.0
          },
          "n_samples": 204,
          "n_scenes": 51,
          "voe_accuracy": 9.803921568627452,
          "voe_by_condition": {
            "continuity": 16.666666666666664,
            "immutability": 8.333333333333332,
            "permanence": 0.0,
            "solidity": 13.333333333333334
          }
        },
        "metrics_by_split": {
          "test": {
            "accuracy": 50.49019607843137,
            "accuracy_by_condition": {
              "continuity": 52.083333333333336,
              "immutability": 45.83333333333333,
              "permanence": 54.166666666666664,
              "solidity": 50.0
            },
            "n_samples": 204,
            "n_scenes": 51,
            "voe_accuracy": 9.803921568627452,
            "voe_by_condition": {
              "continuity": 16.666666666666664,
              "immutability": 8.333333333333332,
              "permanence": 0.0,
              "solidity": 13.333333333333334
            }
          },
          "train": {
            "accuracy": 51.158940397350996,
            "accuracy_by_condition": {
              "continuity": 50.69444444444444,
              "immutability": 53.47222222222222,
              "permanence": 50.0,
              "solidity": 50.58139534883721
            },
            "n_samples": 604,
            "n_scenes": 151,
            "voe_accuracy": 27.81456953642384,
            "voe_by_condition": {
              "continuity": 27.77777777777778,
              "immutability": 27.77777777777778,
              "permanence": 27.77777777777778,
              "solidity": 27.906976744186046
            }
          },
          "val": {
            "accuracy": 52.94117647058824,
            "accuracy_by_condition": {
              "continuity": 54.166666666666664,
              "immutability": 47.91666666666667,
              "permanence": 54.166666666666664,
              "solidity": 55.00000000000001
            },
            "n_samples": 204,
            "n_scenes": 51,
            "voe_accuracy": 17.647058823529413,
            "voe_by_condition": {
              "continuity": 16.666666666666664,
              "immutability": 16.666666666666664,
              "permanence": 25.0,
              "solidity": 13.333333333333334
            }
          }
        },
        "objective_metric": 9.803921568627452,
        "prediction_file": "artifacts/probes/intphys2/intphys2_probe_mlp_jepa_v2_vitg_384_20260508T164714Z/layer_10/eval/test/probe_predictions.json",
        "prediction_files": {
          "test": "artifacts/probes/intphys2/intphys2_probe_mlp_jepa_v2_vitg_384_20260508T164714Z/layer_10/eval/test/probe_predictions.json",
          "train": "artifacts/probes/intphys2/intphys2_probe_mlp_jepa_v2_vitg_384_20260508T164714Z/layer_10/eval/train/probe_predictions.json",
          "val": "artifacts/probes/intphys2/intphys2_probe_mlp_jepa_v2_vitg_384_20260508T164714Z/layer_10/eval/val/probe_predictions.json"
        },
        "probe_eval_dir": "artifacts/probes/intphys2/intphys2_probe_mlp_jepa_v2_vitg_384_20260508T164714Z/layer_10/eval",
        "probe_name": "mlp",
        "reported_splits": [
          "train",
          "val",
          "test"
        ],
        "split_eval_dirs": {
          "test": "artifacts/probes/intphys2/intphys2_probe_mlp_jepa_v2_vitg_384_20260508T164714Z/layer_10/eval/test",
          "train": "artifacts/probes/intphys2/intphys2_probe_mlp_jepa_v2_vitg_384_20260508T164714Z/layer_10/eval/train",
          "val": "artifacts/probes/intphys2/intphys2_probe_mlp_jepa_v2_vitg_384_20260508T164714Z/layer_10/eval/val"
        },
        "split_evals": {
          "test": {
            "base_eval": {
              "metrics": {
                "accuracy": 50.49019607843137,
                "accuracy_by_condition": {
                  "continuity": 52.083333333333336,
                  "immutability": 45.83333333333333,
                  "permanence": 54.166666666666664,
                  "solidity": 50.0
                },
                "n_samples": 204,
                "n_scenes": 51,
                "voe_accuracy": 9.803921568627452,
                "voe_by_condition": {
                  "continuity": 16.666666666666664,
                  "immutability": 8.333333333333332,
                  "permanence": 0.0,
                  "solidity": 13.333333333333334
                }
              },
              "output_dir": "artifacts/probes/intphys2/intphys2_probe_mlp_jepa_v2_vitg_384_20260508T164714Z/layer_10/eval/test",
              "split_dir": "data/splits/intphys2"
            },
            "checkpoint": "artifacts/probes/intphys2/intphys2_probe_mlp_jepa_v2_vitg_384_20260508T164714Z/layer_10/train/trial_0000/probe_best.pt",
            "dataset": "intphys2",
            "feature_signature": "6370d2c41854f9d5",
            "metrics": {
              "accuracy": 50.49019607843137,
              "accuracy_by_condition": {
                "continuity": 52.083333333333336,
                "immutability": 45.83333333333333,
                "permanence": 54.166666666666664,
                "solidity": 50.0
              },
              "n_samples": 204,
              "n_scenes": 51,
              "voe_accuracy": 9.803921568627452,
              "voe_by_condition": {
                "continuity": 16.666666666666664,
                "immutability": 8.333333333333332,
                "permanence": 0.0,
                "solidity": 13.333333333333334
              }
            },
            "objective_metric": 9.803921568627452,
            "prediction_file": "artifacts/probes/intphys2/intphys2_probe_mlp_jepa_v2_vitg_384_20260508T164714Z/layer_10/eval/test/probe_predictions.json",
            "probe_eval_dir": "artifacts/probes/intphys2/intphys2_probe_mlp_jepa_v2_vitg_384_20260508T164714Z/layer_10/eval/test",
            "probe_name": "mlp",
            "split_name": "test"
          },
          "train": {
            "base_eval": {
              "metrics": {
                "accuracy": 51.158940397350996,
                "accuracy_by_condition": {
                  "continuity": 50.69444444444444,
                  "immutability": 53.47222222222222,
                  "permanence": 50.0,
                  "solidity": 50.58139534883721
                },
                "n_samples": 604,
                "n_scenes": 151,
                "voe_accuracy": 27.81456953642384,
                "voe_by_condition": {
                  "continuity": 27.77777777777778,
                  "immutability": 27.77777777777778,
                  "permanence": 27.77777777777778,
                  "solidity": 27.906976744186046
                }
              },
              "output_dir": "artifacts/probes/intphys2/intphys2_probe_mlp_jepa_v2_vitg_384_20260508T164714Z/layer_10/eval/train",
              "split_dir": "data/splits/intphys2"
            },
            "checkpoint": "artifacts/probes/intphys2/intphys2_probe_mlp_jepa_v2_vitg_384_20260508T164714Z/layer_10/train/trial_0000/probe_best.pt",
            "dataset": "intphys2",
            "feature_signature": "6370d2c41854f9d5",
            "metrics": {
              "accuracy": 51.158940397350996,
              "accuracy_by_condition": {
                "continuity": 50.69444444444444,
                "immutability": 53.47222222222222,
                "permanence": 50.0,
                "solidity": 50.58139534883721
              },
              "n_samples": 604,
              "n_scenes": 151,
              "voe_accuracy": 27.81456953642384,
              "voe_by_condition": {
                "continuity": 27.77777777777778,
                "immutability": 27.77777777777778,
                "permanence": 27.77777777777778,
                "solidity": 27.906976744186046
              }
            },
            "objective_metric": 27.81456953642384,
            "prediction_file": "artifacts/probes/intphys2/intphys2_probe_mlp_jepa_v2_vitg_384_20260508T164714Z/layer_10/eval/train/probe_predictions.json",
            "probe_eval_dir": "artifacts/probes/intphys2/intphys2_probe_mlp_jepa_v2_vitg_384_20260508T164714Z/layer_10/eval/train",
            "probe_name": "mlp",
            "split_name": "train"
          },
          "val": {
            "base_eval": {
              "metrics": {
                "accuracy": 52.94117647058824,
                "accuracy_by_condition": {
                  "continuity": 54.166666666666664,
                  "immutability": 47.91666666666667,
                  "permanence": 54.166666666666664,
                  "solidity": 55.00000000000001
                },
                "n_samples": 204,
                "n_scenes": 51,
                "voe_accuracy": 17.647058823529413,
                "voe_by_condition": {
                  "continuity": 16.666666666666664,
                  "immutability": 16.666666666666664,
                  "permanence": 25.0,
                  "solidity": 13.333333333333334
                }
              },
              "output_dir": "artifacts/probes/intphys2/intphys2_probe_mlp_jepa_v2_vitg_384_20260508T164714Z/layer_10/eval/val",
              "split_dir": "data/splits/intphys2"
            },
            "checkpoint": "artifacts/probes/intphys2/intphys2_probe_mlp_jepa_v2_vitg_384_20260508T164714Z/layer_10/train/trial_0000/probe_best.pt",
            "dataset": "intphys2",
            "feature_signature": "6370d2c41854f9d5",
            "metrics": {
              "accuracy": 52.94117647058824,
              "accuracy_by_condition": {
                "continuity": 54.166666666666664,
                "immutability": 47.91666666666667,
                "permanence": 54.166666666666664,
                "solidity": 55.00000000000001
              },
              "n_samples": 204,
              "n_scenes": 51,
              "voe_accuracy": 17.647058823529413,
              "voe_by_condition": {
                "continuity": 16.666666666666664,
                "immutability": 16.666666666666664,
                "permanence": 25.0,
                "solidity": 13.333333333333334
              }
            },
            "objective_metric": 17.647058823529413,
            "prediction_file": "artifacts/probes/intphys2/intphys2_probe_mlp_jepa_v2_vitg_384_20260508T164714Z/layer_10/eval/val/probe_predictions.json",
            "probe_eval_dir": "artifacts/probes/intphys2/intphys2_probe_mlp_jepa_v2_vitg_384_20260508T164714Z/layer_10/eval/val",
            "probe_name": "mlp",
            "split_name": "val"
          }
        },
        "split_name": "test"
      },
      "layer": 10,
      "layer_label": "10",
      "objective_metric": 9.803921568627452,
      "train": {
        "best_checkpoint": "artifacts/probes/intphys2/intphys2_probe_mlp_jepa_v2_vitg_384_20260508T164714Z/layer_10/train/trial_0000/probe_best.pt",
        "best_eval_output_dir": "artifacts/probes/intphys2/intphys2_probe_mlp_jepa_v2_vitg_384_20260508T164714Z/layer_10/train/trial_0000/val_eval",
        "best_output_dir": "artifacts/probes/intphys2/intphys2_probe_mlp_jepa_v2_vitg_384_20260508T164714Z/layer_10/train/trial_0000",
        "best_params": {
          "batch_size": 32,
          "dropout": 0.21597250932105788,
          "epochs": 2000,
          "hidden_dims": "256",
          "lr": 0.0001329291894316216,
          "weight_decay": 0.005061576888752304
        },
        "best_trial_number": 0,
        "best_value": 17.647058823529413,
        "checkpoint": "artifacts/probes/intphys2/intphys2_probe_mlp_jepa_v2_vitg_384_20260508T164714Z/layer_10/train/trial_0000/probe_best.pt",
        "dataset": "intphys2",
        "direction": "maximize",
        "layer": 10,
        "n_trials": 20,
        "objective_metric": "voe_accuracy",
        "output_dir": "artifacts/probes/intphys2/intphys2_probe_mlp_jepa_v2_vitg_384_20260508T164714Z/layer_10/train",
        "probe_name": "mlp",
        "storage": "sqlite:////gpfs/home3/scur0511/Probe4Physics/artifacts/probes/intphys2/intphys2_probe_mlp_jepa_v2_vitg_384_20260508T164714Z/layer_10/train/optuna_study.sqlite3",
        "study_name": "intphys2_mlp_jepa_v2_vitg_384_layer_10",
        "trials": [
          {
            "checkpoint": "artifacts/probes/intphys2/intphys2_probe_mlp_jepa_v2_vitg_384_20260508T164714Z/layer_10/train/trial_0000/probe_best.pt",
            "eval_output_dir": "artifacts/probes/intphys2/intphys2_probe_mlp_jepa_v2_vitg_384_20260508T164714Z/layer_10/train/trial_0000/val_eval",
            "output_dir": "artifacts/probes/intphys2/intphys2_probe_mlp_jepa_v2_vitg_384_20260508T164714Z/layer_10/train/trial_0000",
            "params": {
              "batch_size": 32,
              "dropout": 0.21597250932105788,
              "epochs": 2000,
              "hidden_dims": "256",
              "lr": 0.0001329291894316216,
              "weight_decay": 0.005061576888752304
            },
            "trial_number": 0,
            "value": 17.647058823529413
          },
          {
            "checkpoint": "artifacts/probes/intphys2/intphys2_probe_mlp_jepa_v2_vitg_384_20260508T164714Z/layer_10/train/trial_0001/probe_best.pt",
            "eval_output_dir": "artifacts/probes/intphys2/intphys2_probe_mlp_jepa_v2_vitg_384_20260508T164714Z/layer_10/train/trial_0001/val_eval",
            "output_dir": "artifacts/probes/intphys2/intphys2_probe_mlp_jepa_v2_vitg_384_20260508T164714Z/layer_10/train/trial_0001",
            "params": {
              "batch_size": 256,
              "dropout": 0.048836057003191935,
              "epochs": 20,
              "hidden_dims": "512x256",
              "lr": 7.476312062252303e-05,
              "weight_decay": 4.689400963537693e-05
            },
            "trial_number": 1,
            "value": 17.647058823529413
          },
          {
            "checkpoint": "artifacts/probes/intphys2/intphys2_probe_mlp_jepa_v2_vitg_384_20260508T164714Z/layer_10/train/trial_0002/probe_best.pt",
            "eval_output_dir": "artifacts/probes/intphys2/intphys2_probe_mlp_jepa_v2_vitg_384_20260508T164714Z/layer_10/train/trial_0002/val_eval",
            "output_dir": "artifacts/probes/intphys2/intphys2_probe_mlp_jepa_v2_vitg_384_20260508T164714Z/layer_10/train/trial_0002",
            "params": {
              "batch_size": 256,
              "dropout": 0.04424625102595975,
              "epochs": 50,
              "hidden_dims": "256",
              "lr": 0.0011290133559092666,
              "weight_decay": 4.374364439939069e-06
            },
            "trial_number": 2,
            "value": 11.76470588235294
          },
          {
            "checkpoint": "artifacts/probes/intphys2/intphys2_probe_mlp_jepa_v2_vitg_384_20260508T164714Z/layer_10/train/trial_0003/probe_best.pt",
            "eval_output_dir": "artifacts/probes/intphys2/intphys2_probe_mlp_jepa_v2_vitg_384_20260508T164714Z/layer_10/train/trial_0003/val_eval",
            "output_dir": "artifacts/probes/intphys2/intphys2_probe_mlp_jepa_v2_vitg_384_20260508T164714Z/layer_10/train/trial_0003",
            "params": {
              "batch_size": 256,
              "dropout": 0.36450358402049365,
              "epochs": 1000,
              "hidden_dims": "256",
              "lr": 3.872118032174584e-05,
              "weight_decay": 1.8679434894556277e-08
            },
            "trial_number": 3,
            "value": 13.725490196078432
          },
          {
            "checkpoint": "artifacts/probes/intphys2/intphys2_probe_mlp_jepa_v2_vitg_384_20260508T164714Z/layer_10/train/trial_0006/probe_best.pt",
            "eval_output_dir": "artifacts/probes/intphys2/intphys2_probe_mlp_jepa_v2_vitg_384_20260508T164714Z/layer_10/train/trial_0006/val_eval",
            "output_dir": "artifacts/probes/intphys2/intphys2_probe_mlp_jepa_v2_vitg_384_20260508T164714Z/layer_10/train/trial_0006",
            "params": {
              "batch_size": 128,
              "dropout": 0.0599326836668414,
              "epochs": 50,
              "hidden_dims": "512",
              "lr": 0.000794714742465374,
              "weight_decay": 0.0016934155410667966
            },
            "trial_number": 6,
            "value": 11.76470588235294
          },
          {
            "checkpoint": "artifacts/probes/intphys2/intphys2_probe_mlp_jepa_v2_vitg_384_20260508T164714Z/layer_10/train/trial_0007/probe_best.pt",
            "eval_output_dir": "artifacts/probes/intphys2/intphys2_probe_mlp_jepa_v2_vitg_384_20260508T164714Z/layer_10/train/trial_0007/val_eval",
            "output_dir": "artifacts/probes/intphys2/intphys2_probe_mlp_jepa_v2_vitg_384_20260508T164714Z/layer_10/train/trial_0007",
            "params": {
              "batch_size": 128,
              "dropout": 0.11978094533348621,
              "epochs": 20,
              "hidden_dims": "1024x512x1024",
              "lr": 0.00010300196600986775,
              "weight_decay": 0.0045442082254883295
            },
            "trial_number": 7,
            "value": 15.686274509803921
          },
          {
            "checkpoint": "artifacts/probes/intphys2/intphys2_probe_mlp_jepa_v2_vitg_384_20260508T164714Z/layer_10/train/trial_0008/probe_best.pt",
            "eval_output_dir": "artifacts/probes/intphys2/intphys2_probe_mlp_jepa_v2_vitg_384_20260508T164714Z/layer_10/train/trial_0008/val_eval",
            "output_dir": "artifacts/probes/intphys2/intphys2_probe_mlp_jepa_v2_vitg_384_20260508T164714Z/layer_10/train/trial_0008",
            "params": {
              "batch_size": 32,
              "dropout": 0.3387821809211412,
              "epochs": 50,
              "hidden_dims": "512",
              "lr": 2.7207248059486674e-05,
              "weight_decay": 8.64403589520682e-06
            },
            "trial_number": 8,
            "value": 11.76470588235294
          },
          {
            "checkpoint": "artifacts/probes/intphys2/intphys2_probe_mlp_jepa_v2_vitg_384_20260508T164714Z/layer_10/train/trial_0009/probe_best.pt",
            "eval_output_dir": "artifacts/probes/intphys2/intphys2_probe_mlp_jepa_v2_vitg_384_20260508T164714Z/layer_10/train/trial_0009/val_eval",
            "output_dir": "artifacts/probes/intphys2/intphys2_probe_mlp_jepa_v2_vitg_384_20260508T164714Z/layer_10/train/trial_0009",
            "params": {
              "batch_size": 256,
              "dropout": 0.12092614545022584,
              "epochs": 50,
              "hidden_dims": "256",
              "lr": 1.1214075785991125e-05,
              "weight_decay": 1.1818390883060214e-05
            },
            "trial_number": 9,
            "value": 11.76470588235294
          },
          {
            "checkpoint": "artifacts/probes/intphys2/intphys2_probe_mlp_jepa_v2_vitg_384_20260508T164714Z/layer_10/train/trial_0011/probe_best.pt",
            "eval_output_dir": "artifacts/probes/intphys2/intphys2_probe_mlp_jepa_v2_vitg_384_20260508T164714Z/layer_10/train/trial_0011/val_eval",
            "output_dir": "artifacts/probes/intphys2/intphys2_probe_mlp_jepa_v2_vitg_384_20260508T164714Z/layer_10/train/trial_0011",
            "params": {
              "batch_size": 32,
              "dropout": 0.23223351992491975,
              "epochs": 20,
              "hidden_dims": "512x256",
              "lr": 0.0001507761241861534,
              "weight_decay": 0.0001952636185461836
            },
            "trial_number": 11,
            "value": 13.725490196078432
          },
          {
            "checkpoint": "artifacts/probes/intphys2/intphys2_probe_mlp_jepa_v2_vitg_384_20260508T164714Z/layer_10/train/trial_0013/probe_best.pt",
            "eval_output_dir": "artifacts/probes/intphys2/intphys2_probe_mlp_jepa_v2_vitg_384_20260508T164714Z/layer_10/train/trial_0013/val_eval",
            "output_dir": "artifacts/probes/intphys2/intphys2_probe_mlp_jepa_v2_vitg_384_20260508T164714Z/layer_10/train/trial_0013",
            "params": {
              "batch_size": 256,
              "dropout": 0.16015259254014208,
              "epochs": 100,
              "hidden_dims": "1024",
              "lr": 0.0003961817591154835,
              "weight_decay": 0.00014128462010415776
            },
            "trial_number": 13,
            "value": 11.76470588235294
          },
          {
            "checkpoint": "artifacts/probes/intphys2/intphys2_probe_mlp_jepa_v2_vitg_384_20260508T164714Z/layer_10/train/trial_0014/probe_best.pt",
            "eval_output_dir": "artifacts/probes/intphys2/intphys2_probe_mlp_jepa_v2_vitg_384_20260508T164714Z/layer_10/train/trial_0014/val_eval",
            "output_dir": "artifacts/probes/intphys2/intphys2_probe_mlp_jepa_v2_vitg_384_20260508T164714Z/layer_10/train/trial_0014",
            "params": {
              "batch_size": 32,
              "dropout": 0.004025636918016162,
              "epochs": 2000,
              "hidden_dims": "512x256",
              "lr": 0.0002092430331581472,
              "weight_decay": 0.0074583969888723615
            },
            "trial_number": 14,
            "value": 15.686274509803921
          },
          {
            "checkpoint": "artifacts/probes/intphys2/intphys2_probe_mlp_jepa_v2_vitg_384_20260508T164714Z/layer_10/train/trial_0015/probe_best.pt",
            "eval_output_dir": "artifacts/probes/intphys2/intphys2_probe_mlp_jepa_v2_vitg_384_20260508T164714Z/layer_10/train/trial_0015/val_eval",
            "output_dir": "artifacts/probes/intphys2/intphys2_probe_mlp_jepa_v2_vitg_384_20260508T164714Z/layer_10/train/trial_0015",
            "params": {
              "batch_size": 256,
              "dropout": 0.30072403876432674,
              "epochs": 20,
              "hidden_dims": "1024",
              "lr": 4.9637104669171204e-05,
              "weight_decay": 4.78570419845307e-07
            },
            "trial_number": 15,
            "value": 5.88235294117647
          },
          {
            "checkpoint": "artifacts/probes/intphys2/intphys2_probe_mlp_jepa_v2_vitg_384_20260508T164714Z/layer_10/train/trial_0016/probe_best.pt",
            "eval_output_dir": "artifacts/probes/intphys2/intphys2_probe_mlp_jepa_v2_vitg_384_20260508T164714Z/layer_10/train/trial_0016/val_eval",
            "output_dir": "artifacts/probes/intphys2/intphys2_probe_mlp_jepa_v2_vitg_384_20260508T164714Z/layer_10/train/trial_0016",
            "params": {
              "batch_size": 32,
              "dropout": 0.16591704146800457,
              "epochs": 100,
              "hidden_dims": "1024x512x256",
              "lr": 1.8341349739604664e-05,
              "weight_decay": 0.0008270437502580537
            },
            "trial_number": 16,
            "value": 3.9215686274509802
          },
          {
            "checkpoint": "artifacts/probes/intphys2/intphys2_probe_mlp_jepa_v2_vitg_384_20260508T164714Z/layer_10/train/trial_0017/probe_best.pt",
            "eval_output_dir": "artifacts/probes/intphys2/intphys2_probe_mlp_jepa_v2_vitg_384_20260508T164714Z/layer_10/train/trial_0017/val_eval",
            "output_dir": "artifacts/probes/intphys2/intphys2_probe_mlp_jepa_v2_vitg_384_20260508T164714Z/layer_10/train/trial_0017",
            "params": {
              "batch_size": 64,
              "dropout": 0.16609879452672588,
              "epochs": 500,
              "hidden_dims": "512x256",
              "lr": 0.0005099960310593632,
              "weight_decay": 5.987455150398208e-05
            },
            "trial_number": 17,
            "value": 13.725490196078432
          },
          {
            "checkpoint": "artifacts/probes/intphys2/intphys2_probe_mlp_jepa_v2_vitg_384_20260508T164714Z/layer_10/train/trial_0019/probe_best.pt",
            "eval_output_dir": "artifacts/probes/intphys2/intphys2_probe_mlp_jepa_v2_vitg_384_20260508T164714Z/layer_10/train/trial_0019/val_eval",
            "output_dir": "artifacts/probes/intphys2/intphys2_probe_mlp_jepa_v2_vitg_384_20260508T164714Z/layer_10/train/trial_0019",
            "params": {
              "batch_size": 32,
              "dropout": 0.09151650142522019,
              "epochs": 20,
              "hidden_dims": "256",
              "lr": 0.0027623800704545468,
              "weight_decay": 5.444458216778845e-05
            },
            "trial_number": 19,
            "value": 13.725490196078432
          }
        ]
      }
    },
    {
      "checkpoint": "artifacts/probes/intphys2/intphys2_probe_mlp_jepa_v2_vitg_384_20260508T164714Z/layer_20/train/trial_0000/probe_best.pt",
      "eval": {
        "base_eval": {
          "metrics": {
            "accuracy": 54.90196078431373,
            "accuracy_by_condition": {
              "continuity": 45.83333333333333,
              "immutability": 56.25,
              "permanence": 56.25,
              "solidity": 60.0
            },
            "n_samples": 204,
            "n_scenes": 51,
            "voe_accuracy": 25.49019607843137,
            "voe_by_condition": {
              "continuity": 16.666666666666664,
              "immutability": 41.66666666666667,
              "permanence": 16.666666666666664,
              "solidity": 26.666666666666668
            }
          },
          "output_dir": "artifacts/probes/intphys2/intphys2_probe_mlp_jepa_v2_vitg_384_20260508T164714Z/layer_20/eval/test",
          "split_dir": "data/splits/intphys2"
        },
        "checkpoint": "artifacts/probes/intphys2/intphys2_probe_mlp_jepa_v2_vitg_384_20260508T164714Z/layer_20/train/trial_0000/probe_best.pt",
        "dataset": "intphys2",
        "feature_signature": "6370d2c41854f9d5",
        "metrics": {
          "accuracy": 54.90196078431373,
          "accuracy_by_condition": {
            "continuity": 45.83333333333333,
            "immutability": 56.25,
            "permanence": 56.25,
            "solidity": 60.0
          },
          "n_samples": 204,
          "n_scenes": 51,
          "voe_accuracy": 25.49019607843137,
          "voe_by_condition": {
            "continuity": 16.666666666666664,
            "immutability": 41.66666666666667,
            "permanence": 16.666666666666664,
            "solidity": 26.666666666666668
          }
        },
        "metrics_by_split": {
          "test": {
            "accuracy": 54.90196078431373,
            "accuracy_by_condition": {
              "continuity": 45.83333333333333,
              "immutability": 56.25,
              "permanence": 56.25,
              "solidity": 60.0
            },
            "n_samples": 204,
            "n_scenes": 51,
            "voe_accuracy": 25.49019607843137,
            "voe_by_condition": {
              "continuity": 16.666666666666664,
              "immutability": 41.66666666666667,
              "permanence": 16.666666666666664,
              "solidity": 26.666666666666668
            }
          },
          "train": {
            "accuracy": 77.31788079470199,
            "accuracy_by_condition": {
              "continuity": 73.61111111111111,
              "immutability": 77.77777777777779,
              "permanence": 78.47222222222221,
              "solidity": 79.06976744186046
            },
            "n_samples": 604,
            "n_scenes": 151,
            "voe_accuracy": 72.84768211920529,
            "voe_by_condition": {
              "continuity": 72.22222222222221,
              "immutability": 83.33333333333334,
              "permanence": 77.77777777777779,
              "solidity": 60.46511627906976
            }
          },
          "val": {
            "accuracy": 56.372549019607845,
            "accuracy_by_condition": {
              "continuity": 54.166666666666664,
              "immutability": 60.416666666666664,
              "permanence": 56.25,
              "solidity": 55.00000000000001
            },
            "n_samples": 204,
            "n_scenes": 51,
            "voe_accuracy": 23.52941176470588,
            "voe_by_condition": {
              "continuity": 25.0,
              "immutability": 25.0,
              "permanence": 16.666666666666664,
              "solidity": 26.666666666666668
            }
          }
        },
        "objective_metric": 25.49019607843137,
        "prediction_file": "artifacts/probes/intphys2/intphys2_probe_mlp_jepa_v2_vitg_384_20260508T164714Z/layer_20/eval/test/probe_predictions.json",
        "prediction_files": {
          "test": "artifacts/probes/intphys2/intphys2_probe_mlp_jepa_v2_vitg_384_20260508T164714Z/layer_20/eval/test/probe_predictions.json",
          "train": "artifacts/probes/intphys2/intphys2_probe_mlp_jepa_v2_vitg_384_20260508T164714Z/layer_20/eval/train/probe_predictions.json",
          "val": "artifacts/probes/intphys2/intphys2_probe_mlp_jepa_v2_vitg_384_20260508T164714Z/layer_20/eval/val/probe_predictions.json"
        },
        "probe_eval_dir": "artifacts/probes/intphys2/intphys2_probe_mlp_jepa_v2_vitg_384_20260508T164714Z/layer_20/eval",
        "probe_name": "mlp",
        "reported_splits": [
          "train",
          "val",
          "test"
        ],
        "split_eval_dirs": {
          "test": "artifacts/probes/intphys2/intphys2_probe_mlp_jepa_v2_vitg_384_20260508T164714Z/layer_20/eval/test",
          "train": "artifacts/probes/intphys2/intphys2_probe_mlp_jepa_v2_vitg_384_20260508T164714Z/layer_20/eval/train",
          "val": "artifacts/probes/intphys2/intphys2_probe_mlp_jepa_v2_vitg_384_20260508T164714Z/layer_20/eval/val"
        },
        "split_evals": {
          "test": {
            "base_eval": {
              "metrics": {
                "accuracy": 54.90196078431373,
                "accuracy_by_condition": {
                  "continuity": 45.83333333333333,
                  "immutability": 56.25,
                  "permanence": 56.25,
                  "solidity": 60.0
                },
                "n_samples": 204,
                "n_scenes": 51,
                "voe_accuracy": 25.49019607843137,
                "voe_by_condition": {
                  "continuity": 16.666666666666664,
                  "immutability": 41.66666666666667,
                  "permanence": 16.666666666666664,
                  "solidity": 26.666666666666668
                }
              },
              "output_dir": "artifacts/probes/intphys2/intphys2_probe_mlp_jepa_v2_vitg_384_20260508T164714Z/layer_20/eval/test",
              "split_dir": "data/splits/intphys2"
            },
            "checkpoint": "artifacts/probes/intphys2/intphys2_probe_mlp_jepa_v2_vitg_384_20260508T164714Z/layer_20/train/trial_0000/probe_best.pt",
            "dataset": "intphys2",
            "feature_signature": "6370d2c41854f9d5",
            "metrics": {
              "accuracy": 54.90196078431373,
              "accuracy_by_condition": {
                "continuity": 45.83333333333333,
                "immutability": 56.25,
                "permanence": 56.25,
                "solidity": 60.0
              },
              "n_samples": 204,
              "n_scenes": 51,
              "voe_accuracy": 25.49019607843137,
              "voe_by_condition": {
                "continuity": 16.666666666666664,
                "immutability": 41.66666666666667,
                "permanence": 16.666666666666664,
                "solidity": 26.666666666666668
              }
            },
            "objective_metric": 25.49019607843137,
            "prediction_file": "artifacts/probes/intphys2/intphys2_probe_mlp_jepa_v2_vitg_384_20260508T164714Z/layer_20/eval/test/probe_predictions.json",
            "probe_eval_dir": "artifacts/probes/intphys2/intphys2_probe_mlp_jepa_v2_vitg_384_20260508T164714Z/layer_20/eval/test",
            "probe_name": "mlp",
            "split_name": "test"
          },
          "train": {
            "base_eval": {
              "metrics": {
                "accuracy": 77.31788079470199,
                "accuracy_by_condition": {
                  "continuity": 73.61111111111111,
                  "immutability": 77.77777777777779,
                  "permanence": 78.47222222222221,
                  "solidity": 79.06976744186046
                },
                "n_samples": 604,
                "n_scenes": 151,
                "voe_accuracy": 72.84768211920529,
                "voe_by_condition": {
                  "continuity": 72.22222222222221,
                  "immutability": 83.33333333333334,
                  "permanence": 77.77777777777779,
                  "solidity": 60.46511627906976
                }
              },
              "output_dir": "artifacts/probes/intphys2/intphys2_probe_mlp_jepa_v2_vitg_384_20260508T164714Z/layer_20/eval/train",
              "split_dir": "data/splits/intphys2"
            },
            "checkpoint": "artifacts/probes/intphys2/intphys2_probe_mlp_jepa_v2_vitg_384_20260508T164714Z/layer_20/train/trial_0000/probe_best.pt",
            "dataset": "intphys2",
            "feature_signature": "6370d2c41854f9d5",
            "metrics": {
              "accuracy": 77.31788079470199,
              "accuracy_by_condition": {
                "continuity": 73.61111111111111,
                "immutability": 77.77777777777779,
                "permanence": 78.47222222222221,
                "solidity": 79.06976744186046
              },
              "n_samples": 604,
              "n_scenes": 151,
              "voe_accuracy": 72.84768211920529,
              "voe_by_condition": {
                "continuity": 72.22222222222221,
                "immutability": 83.33333333333334,
                "permanence": 77.77777777777779,
                "solidity": 60.46511627906976
              }
            },
            "objective_metric": 72.84768211920529,
            "prediction_file": "artifacts/probes/intphys2/intphys2_probe_mlp_jepa_v2_vitg_384_20260508T164714Z/layer_20/eval/train/probe_predictions.json",
            "probe_eval_dir": "artifacts/probes/intphys2/intphys2_probe_mlp_jepa_v2_vitg_384_20260508T164714Z/layer_20/eval/train",
            "probe_name": "mlp",
            "split_name": "train"
          },
          "val": {
            "base_eval": {
              "metrics": {
                "accuracy": 56.372549019607845,
                "accuracy_by_condition": {
                  "continuity": 54.166666666666664,
                  "immutability": 60.416666666666664,
                  "permanence": 56.25,
                  "solidity": 55.00000000000001
                },
                "n_samples": 204,
                "n_scenes": 51,
                "voe_accuracy": 23.52941176470588,
                "voe_by_condition": {
                  "continuity": 25.0,
                  "immutability": 25.0,
                  "permanence": 16.666666666666664,
                  "solidity": 26.666666666666668
                }
              },
              "output_dir": "artifacts/probes/intphys2/intphys2_probe_mlp_jepa_v2_vitg_384_20260508T164714Z/layer_20/eval/val",
              "split_dir": "data/splits/intphys2"
            },
            "checkpoint": "artifacts/probes/intphys2/intphys2_probe_mlp_jepa_v2_vitg_384_20260508T164714Z/layer_20/train/trial_0000/probe_best.pt",
            "dataset": "intphys2",
            "feature_signature": "6370d2c41854f9d5",
            "metrics": {
              "accuracy": 56.372549019607845,
              "accuracy_by_condition": {
                "continuity": 54.166666666666664,
                "immutability": 60.416666666666664,
                "permanence": 56.25,
                "solidity": 55.00000000000001
              },
              "n_samples": 204,
              "n_scenes": 51,
              "voe_accuracy": 23.52941176470588,
              "voe_by_condition": {
                "continuity": 25.0,
                "immutability": 25.0,
                "permanence": 16.666666666666664,
                "solidity": 26.666666666666668
              }
            },
            "objective_metric": 23.52941176470588,
            "prediction_file": "artifacts/probes/intphys2/intphys2_probe_mlp_jepa_v2_vitg_384_20260508T164714Z/layer_20/eval/val/probe_predictions.json",
            "probe_eval_dir": "artifacts/probes/intphys2/intphys2_probe_mlp_jepa_v2_vitg_384_20260508T164714Z/layer_20/eval/val",
            "probe_name": "mlp",
            "split_name": "val"
          }
        },
        "split_name": "test"
      },
      "layer": 20,
      "layer_label": "20",
      "objective_metric": 25.49019607843137,
      "train": {
        "best_checkpoint": "artifacts/probes/intphys2/intphys2_probe_mlp_jepa_v2_vitg_384_20260508T164714Z/layer_20/train/trial_0000/probe_best.pt",
        "best_eval_output_dir": "artifacts/probes/intphys2/intphys2_probe_mlp_jepa_v2_vitg_384_20260508T164714Z/layer_20/train/trial_0000/val_eval",
        "best_output_dir": "artifacts/probes/intphys2/intphys2_probe_mlp_jepa_v2_vitg_384_20260508T164714Z/layer_20/train/trial_0000",
        "best_params": {
          "batch_size": 32,
          "dropout": 0.21597250932105788,
          "epochs": 2000,
          "hidden_dims": "256",
          "lr": 0.0001329291894316216,
          "weight_decay": 0.005061576888752304
        },
        "best_trial_number": 0,
        "best_value": 23.52941176470588,
        "checkpoint": "artifacts/probes/intphys2/intphys2_probe_mlp_jepa_v2_vitg_384_20260508T164714Z/layer_20/train/trial_0000/probe_best.pt",
        "dataset": "intphys2",
        "direction": "maximize",
        "layer": 20,
        "n_trials": 20,
        "objective_metric": "voe_accuracy",
        "output_dir": "artifacts/probes/intphys2/intphys2_probe_mlp_jepa_v2_vitg_384_20260508T164714Z/layer_20/train",
        "probe_name": "mlp",
        "storage": "sqlite:////gpfs/home3/scur0511/Probe4Physics/artifacts/probes/intphys2/intphys2_probe_mlp_jepa_v2_vitg_384_20260508T164714Z/layer_20/train/optuna_study.sqlite3",
        "study_name": "intphys2_mlp_jepa_v2_vitg_384_layer_20",
        "trials": [
          {
            "checkpoint": "artifacts/probes/intphys2/intphys2_probe_mlp_jepa_v2_vitg_384_20260508T164714Z/layer_20/train/trial_0000/probe_best.pt",
            "eval_output_dir": "artifacts/probes/intphys2/intphys2_probe_mlp_jepa_v2_vitg_384_20260508T164714Z/layer_20/train/trial_0000/val_eval",
            "output_dir": "artifacts/probes/intphys2/intphys2_probe_mlp_jepa_v2_vitg_384_20260508T164714Z/layer_20/train/trial_0000",
            "params": {
              "batch_size": 32,
              "dropout": 0.21597250932105788,
              "epochs": 2000,
              "hidden_dims": "256",
              "lr": 0.0001329291894316216,
              "weight_decay": 0.005061576888752304
            },
            "trial_number": 0,
            "value": 23.52941176470588
          },
          {
            "checkpoint": "artifacts/probes/intphys2/intphys2_probe_mlp_jepa_v2_vitg_384_20260508T164714Z/layer_20/train/trial_0001/probe_best.pt",
            "eval_output_dir": "artifacts/probes/intphys2/intphys2_probe_mlp_jepa_v2_vitg_384_20260508T164714Z/layer_20/train/trial_0001/val_eval",
            "output_dir": "artifacts/probes/intphys2/intphys2_probe_mlp_jepa_v2_vitg_384_20260508T164714Z/layer_20/train/trial_0001",
            "params": {
              "batch_size": 256,
              "dropout": 0.048836057003191935,
              "epochs": 20,
              "hidden_dims": "512x256",
              "lr": 7.476312062252303e-05,
              "weight_decay": 4.689400963537693e-05
            },
            "trial_number": 1,
            "value": 17.647058823529413
          },
          {
            "checkpoint": "artifacts/probes/intphys2/intphys2_probe_mlp_jepa_v2_vitg_384_20260508T164714Z/layer_20/train/trial_0002/probe_best.pt",
            "eval_output_dir": "artifacts/probes/intphys2/intphys2_probe_mlp_jepa_v2_vitg_384_20260508T164714Z/layer_20/train/trial_0002/val_eval",
            "output_dir": "artifacts/probes/intphys2/intphys2_probe_mlp_jepa_v2_vitg_384_20260508T164714Z/layer_20/train/trial_0002",
            "params": {
              "batch_size": 256,
              "dropout": 0.04424625102595975,
              "epochs": 50,
              "hidden_dims": "256",
              "lr": 0.0011290133559092666,
              "weight_decay": 4.374364439939069e-06
            },
            "trial_number": 2,
            "value": 11.76470588235294
          },
          {
            "checkpoint": "artifacts/probes/intphys2/intphys2_probe_mlp_jepa_v2_vitg_384_20260508T164714Z/layer_20/train/trial_0006/probe_best.pt",
            "eval_output_dir": "artifacts/probes/intphys2/intphys2_probe_mlp_jepa_v2_vitg_384_20260508T164714Z/layer_20/train/trial_0006/val_eval",
            "output_dir": "artifacts/probes/intphys2/intphys2_probe_mlp_jepa_v2_vitg_384_20260508T164714Z/layer_20/train/trial_0006",
            "params": {
              "batch_size": 128,
              "dropout": 0.0599326836668414,
              "epochs": 50,
              "hidden_dims": "512",
              "lr": 0.000794714742465374,
              "weight_decay": 0.0016934155410667966
            },
            "trial_number": 6,
            "value": 13.725490196078432
          },
          {
            "checkpoint": "artifacts/probes/intphys2/intphys2_probe_mlp_jepa_v2_vitg_384_20260508T164714Z/layer_20/train/trial_0007/probe_best.pt",
            "eval_output_dir": "artifacts/probes/intphys2/intphys2_probe_mlp_jepa_v2_vitg_384_20260508T164714Z/layer_20/train/trial_0007/val_eval",
            "output_dir": "artifacts/probes/intphys2/intphys2_probe_mlp_jepa_v2_vitg_384_20260508T164714Z/layer_20/train/trial_0007",
            "params": {
              "batch_size": 128,
              "dropout": 0.11978094533348621,
              "epochs": 20,
              "hidden_dims": "1024x512x1024",
              "lr": 0.00010300196600986775,
              "weight_decay": 0.0045442082254883295
            },
            "trial_number": 7,
            "value": 9.803921568627452
          },
          {
            "checkpoint": "artifacts/probes/intphys2/intphys2_probe_mlp_jepa_v2_vitg_384_20260508T164714Z/layer_20/train/trial_0008/probe_best.pt",
            "eval_output_dir": "artifacts/probes/intphys2/intphys2_probe_mlp_jepa_v2_vitg_384_20260508T164714Z/layer_20/train/trial_0008/val_eval",
            "output_dir": "artifacts/probes/intphys2/intphys2_probe_mlp_jepa_v2_vitg_384_20260508T164714Z/layer_20/train/trial_0008",
            "params": {
              "batch_size": 32,
              "dropout": 0.3387821809211412,
              "epochs": 50,
              "hidden_dims": "512",
              "lr": 2.7207248059486674e-05,
              "weight_decay": 8.64403589520682e-06
            },
            "trial_number": 8,
            "value": 17.647058823529413
          },
          {
            "checkpoint": "artifacts/probes/intphys2/intphys2_probe_mlp_jepa_v2_vitg_384_20260508T164714Z/layer_20/train/trial_0009/probe_best.pt",
            "eval_output_dir": "artifacts/probes/intphys2/intphys2_probe_mlp_jepa_v2_vitg_384_20260508T164714Z/layer_20/train/trial_0009/val_eval",
            "output_dir": "artifacts/probes/intphys2/intphys2_probe_mlp_jepa_v2_vitg_384_20260508T164714Z/layer_20/train/trial_0009",
            "params": {
              "batch_size": 256,
              "dropout": 0.12092614545022584,
              "epochs": 50,
              "hidden_dims": "256",
              "lr": 1.1214075785991125e-05,
              "weight_decay": 1.1818390883060214e-05
            },
            "trial_number": 9,
            "value": 11.76470588235294
          },
          {
            "checkpoint": "artifacts/probes/intphys2/intphys2_probe_mlp_jepa_v2_vitg_384_20260508T164714Z/layer_20/train/trial_0011/probe_best.pt",
            "eval_output_dir": "artifacts/probes/intphys2/intphys2_probe_mlp_jepa_v2_vitg_384_20260508T164714Z/layer_20/train/trial_0011/val_eval",
            "output_dir": "artifacts/probes/intphys2/intphys2_probe_mlp_jepa_v2_vitg_384_20260508T164714Z/layer_20/train/trial_0011",
            "params": {
              "batch_size": 32,
              "dropout": 0.23223351992491975,
              "epochs": 20,
              "hidden_dims": "512x256",
              "lr": 0.0001507761241861534,
              "weight_decay": 0.0001952636185461836
            },
            "trial_number": 11,
            "value": 23.52941176470588
          },
          {
            "checkpoint": "artifacts/probes/intphys2/intphys2_probe_mlp_jepa_v2_vitg_384_20260508T164714Z/layer_20/train/trial_0013/probe_best.pt",
            "eval_output_dir": "artifacts/probes/intphys2/intphys2_probe_mlp_jepa_v2_vitg_384_20260508T164714Z/layer_20/train/trial_0013/val_eval",
            "output_dir": "artifacts/probes/intphys2/intphys2_probe_mlp_jepa_v2_vitg_384_20260508T164714Z/layer_20/train/trial_0013",
            "params": {
              "batch_size": 32,
              "dropout": 0.18874714269275888,
              "epochs": 100,
              "hidden_dims": "1024",
              "lr": 0.000159754267808109,
              "weight_decay": 0.006488762273793745
            },
            "trial_number": 13,
            "value": 13.725490196078432
          },
          {
            "checkpoint": "artifacts/probes/intphys2/intphys2_probe_mlp_jepa_v2_vitg_384_20260508T164714Z/layer_20/train/trial_0015/probe_best.pt",
            "eval_output_dir": "artifacts/probes/intphys2/intphys2_probe_mlp_jepa_v2_vitg_384_20260508T164714Z/layer_20/train/trial_0015/val_eval",
            "output_dir": "artifacts/probes/intphys2/intphys2_probe_mlp_jepa_v2_vitg_384_20260508T164714Z/layer_20/train/trial_0015",
            "params": {
              "batch_size": 64,
              "dropout": 0.28146132497276494,
              "epochs": 20,
              "hidden_dims": "1024",
              "lr": 8.169641820380408e-05,
              "weight_decay": 7.722422260726514e-07
            },
            "trial_number": 15,
            "value": 13.725490196078432
          },
          {
            "checkpoint": "artifacts/probes/intphys2/intphys2_probe_mlp_jepa_v2_vitg_384_20260508T164714Z/layer_20/train/trial_0016/probe_best.pt",
            "eval_output_dir": "artifacts/probes/intphys2/intphys2_probe_mlp_jepa_v2_vitg_384_20260508T164714Z/layer_20/train/trial_0016/val_eval",
            "output_dir": "artifacts/probes/intphys2/intphys2_probe_mlp_jepa_v2_vitg_384_20260508T164714Z/layer_20/train/trial_0016",
            "params": {
              "batch_size": 32,
              "dropout": 0.15441677436467782,
              "epochs": 100,
              "hidden_dims": "1024x512x256",
              "lr": 2.9686604307577442e-05,
              "weight_decay": 0.0014089251226791155
            },
            "trial_number": 16,
            "value": 21.568627450980394
          },
          {
            "checkpoint": "artifacts/probes/intphys2/intphys2_probe_mlp_jepa_v2_vitg_384_20260508T164714Z/layer_20/train/trial_0019/probe_best.pt",
            "eval_output_dir": "artifacts/probes/intphys2/intphys2_probe_mlp_jepa_v2_vitg_384_20260508T164714Z/layer_20/train/trial_0019/val_eval",
            "output_dir": "artifacts/probes/intphys2/intphys2_probe_mlp_jepa_v2_vitg_384_20260508T164714Z/layer_20/train/trial_0019",
            "params": {
              "batch_size": 64,
              "dropout": 0.19002576589936482,
              "epochs": 20,
              "hidden_dims": "256",
              "lr": 0.00014794064166295852,
              "weight_decay": 4.469344389070034e-07
            },
            "trial_number": 19,
            "value": 17.647058823529413
          }
        ]
      }
    },
    {
      "checkpoint": "artifacts/probes/intphys2/intphys2_probe_mlp_jepa_v2_vitg_384_20260508T164714Z/layer_30/train/trial_0000/probe_best.pt",
      "eval": {
        "base_eval": {
          "metrics": {
            "accuracy": 63.23529411764706,
            "accuracy_by_condition": {
              "continuity": 56.25,
              "immutability": 77.08333333333334,
              "permanence": 68.75,
              "solidity": 53.333333333333336
            },
            "n_samples": 204,
            "n_scenes": 51,
            "voe_accuracy": 56.86274509803921,
            "voe_by_condition": {
              "continuity": 58.333333333333336,
              "immutability": 75.0,
              "permanence": 75.0,
              "solidity": 26.666666666666668
            }
          },
          "output_dir": "artifacts/probes/intphys2/intphys2_probe_mlp_jepa_v2_vitg_384_20260508T164714Z/layer_30/eval/test",
          "split_dir": "data/splits/intphys2"
        },
        "checkpoint": "artifacts/probes/intphys2/intphys2_probe_mlp_jepa_v2_vitg_384_20260508T164714Z/layer_30/train/trial_0000/probe_best.pt",
        "dataset": "intphys2",
        "feature_signature": "6370d2c41854f9d5",
        "metrics": {
          "accuracy": 63.23529411764706,
          "accuracy_by_condition": {
            "continuity": 56.25,
            "immutability": 77.08333333333334,
            "permanence": 68.75,
            "solidity": 53.333333333333336
          },
          "n_samples": 204,
          "n_scenes": 51,
          "voe_accuracy": 56.86274509803921,
          "voe_by_condition": {
            "continuity": 58.333333333333336,
            "immutability": 75.0,
            "permanence": 75.0,
            "solidity": 26.666666666666668
          }
        },
        "metrics_by_split": {
          "test": {
            "accuracy": 63.23529411764706,
            "accuracy_by_condition": {
              "continuity": 56.25,
              "immutability": 77.08333333333334,
              "permanence": 68.75,
              "solidity": 53.333333333333336
            },
            "n_samples": 204,
            "n_scenes": 51,
            "voe_accuracy": 56.86274509803921,
            "voe_by_condition": {
              "continuity": 58.333333333333336,
              "immutability": 75.0,
              "permanence": 75.0,
              "solidity": 26.666666666666668
            }
          },
          "train": {
            "accuracy": 82.78145695364239,
            "accuracy_by_condition": {
              "continuity": 81.25,
              "immutability": 91.66666666666666,
              "permanence": 86.80555555555556,
              "solidity": 73.25581395348837
            },
            "n_samples": 604,
            "n_scenes": 151,
            "voe_accuracy": 97.35099337748345,
            "voe_by_condition": {
              "continuity": 94.44444444444444,
              "immutability": 100.0,
              "permanence": 97.22222222222221,
              "solidity": 97.67441860465115
            }
          },
          "val": {
            "accuracy": 63.23529411764706,
            "accuracy_by_condition": {
              "continuity": 60.416666666666664,
              "immutability": 70.83333333333334,
              "permanence": 70.83333333333334,
              "solidity": 53.333333333333336
            },
            "n_samples": 204,
            "n_scenes": 51,
            "voe_accuracy": 37.254901960784316,
            "voe_by_condition": {
              "continuity": 41.66666666666667,
              "immutability": 50.0,
              "permanence": 66.66666666666666,
              "solidity": 0.0
            }
          }
        },
        "objective_metric": 56.86274509803921,
        "prediction_file": "artifacts/probes/intphys2/intphys2_probe_mlp_jepa_v2_vitg_384_20260508T164714Z/layer_30/eval/test/probe_predictions.json",
        "prediction_files": {
          "test": "artifacts/probes/intphys2/intphys2_probe_mlp_jepa_v2_vitg_384_20260508T164714Z/layer_30/eval/test/probe_predictions.json",
          "train": "artifacts/probes/intphys2/intphys2_probe_mlp_jepa_v2_vitg_384_20260508T164714Z/layer_30/eval/train/probe_predictions.json",
          "val": "artifacts/probes/intphys2/intphys2_probe_mlp_jepa_v2_vitg_384_20260508T164714Z/layer_30/eval/val/probe_predictions.json"
        },
        "probe_eval_dir": "artifacts/probes/intphys2/intphys2_probe_mlp_jepa_v2_vitg_384_20260508T164714Z/layer_30/eval",
        "probe_name": "mlp",
        "reported_splits": [
          "train",
          "val",
          "test"
        ],
        "split_eval_dirs": {
          "test": "artifacts/probes/intphys2/intphys2_probe_mlp_jepa_v2_vitg_384_20260508T164714Z/layer_30/eval/test",
          "train": "artifacts/probes/intphys2/intphys2_probe_mlp_jepa_v2_vitg_384_20260508T164714Z/layer_30/eval/train",
          "val": "artifacts/probes/intphys2/intphys2_probe_mlp_jepa_v2_vitg_384_20260508T164714Z/layer_30/eval/val"
        },
        "split_evals": {
          "test": {
            "base_eval": {
              "metrics": {
                "accuracy": 63.23529411764706,
                "accuracy_by_condition": {
                  "continuity": 56.25,
                  "immutability": 77.08333333333334,
                  "permanence": 68.75,
                  "solidity": 53.333333333333336
                },
                "n_samples": 204,
                "n_scenes": 51,
                "voe_accuracy": 56.86274509803921,
                "voe_by_condition": {
                  "continuity": 58.333333333333336,
                  "immutability": 75.0,
                  "permanence": 75.0,
                  "solidity": 26.666666666666668
                }
              },
              "output_dir": "artifacts/probes/intphys2/intphys2_probe_mlp_jepa_v2_vitg_384_20260508T164714Z/layer_30/eval/test",
              "split_dir": "data/splits/intphys2"
            },
            "checkpoint": "artifacts/probes/intphys2/intphys2_probe_mlp_jepa_v2_vitg_384_20260508T164714Z/layer_30/train/trial_0000/probe_best.pt",
            "dataset": "intphys2",
            "feature_signature": "6370d2c41854f9d5",
            "metrics": {
              "accuracy": 63.23529411764706,
              "accuracy_by_condition": {
                "continuity": 56.25,
                "immutability": 77.08333333333334,
                "permanence": 68.75,
                "solidity": 53.333333333333336
              },
              "n_samples": 204,
              "n_scenes": 51,
              "voe_accuracy": 56.86274509803921,
              "voe_by_condition": {
                "continuity": 58.333333333333336,
                "immutability": 75.0,
                "permanence": 75.0,
                "solidity": 26.666666666666668
              }
            },
            "objective_metric": 56.86274509803921,
            "prediction_file": "artifacts/probes/intphys2/intphys2_probe_mlp_jepa_v2_vitg_384_20260508T164714Z/layer_30/eval/test/probe_predictions.json",
            "probe_eval_dir": "artifacts/probes/intphys2/intphys2_probe_mlp_jepa_v2_vitg_384_20260508T164714Z/layer_30/eval/test",
            "probe_name": "mlp",
            "split_name": "test"
          },
          "train": {
            "base_eval": {
              "metrics": {
                "accuracy": 82.78145695364239,
                "accuracy_by_condition": {
                  "continuity": 81.25,
                  "immutability": 91.66666666666666,
                  "permanence": 86.80555555555556,
                  "solidity": 73.25581395348837
                },
                "n_samples": 604,
                "n_scenes": 151,
                "voe_accuracy": 97.35099337748345,
                "voe_by_condition": {
                  "continuity": 94.44444444444444,
                  "immutability": 100.0,
                  "permanence": 97.22222222222221,
                  "solidity": 97.67441860465115
                }
              },
              "output_dir": "artifacts/probes/intphys2/intphys2_probe_mlp_jepa_v2_vitg_384_20260508T164714Z/layer_30/eval/train",
              "split_dir": "data/splits/intphys2"
            },
            "checkpoint": "artifacts/probes/intphys2/intphys2_probe_mlp_jepa_v2_vitg_384_20260508T164714Z/layer_30/train/trial_0000/probe_best.pt",
            "dataset": "intphys2",
            "feature_signature": "6370d2c41854f9d5",
            "metrics": {
              "accuracy": 82.78145695364239,
              "accuracy_by_condition": {
                "continuity": 81.25,
                "immutability": 91.66666666666666,
                "permanence": 86.80555555555556,
                "solidity": 73.25581395348837
              },
              "n_samples": 604,
              "n_scenes": 151,
              "voe_accuracy": 97.35099337748345,
              "voe_by_condition": {
                "continuity": 94.44444444444444,
                "immutability": 100.0,
                "permanence": 97.22222222222221,
                "solidity": 97.67441860465115
              }
            },
            "objective_metric": 97.35099337748345,
            "prediction_file": "artifacts/probes/intphys2/intphys2_probe_mlp_jepa_v2_vitg_384_20260508T164714Z/layer_30/eval/train/probe_predictions.json",
            "probe_eval_dir": "artifacts/probes/intphys2/intphys2_probe_mlp_jepa_v2_vitg_384_20260508T164714Z/layer_30/eval/train",
            "probe_name": "mlp",
            "split_name": "train"
          },
          "val": {
            "base_eval": {
              "metrics": {
                "accuracy": 63.23529411764706,
                "accuracy_by_condition": {
                  "continuity": 60.416666666666664,
                  "immutability": 70.83333333333334,
                  "permanence": 70.83333333333334,
                  "solidity": 53.333333333333336
                },
                "n_samples": 204,
                "n_scenes": 51,
                "voe_accuracy": 37.254901960784316,
                "voe_by_condition": {
                  "continuity": 41.66666666666667,
                  "immutability": 50.0,
                  "permanence": 66.66666666666666,
                  "solidity": 0.0
                }
              },
              "output_dir": "artifacts/probes/intphys2/intphys2_probe_mlp_jepa_v2_vitg_384_20260508T164714Z/layer_30/eval/val",
              "split_dir": "data/splits/intphys2"
            },
            "checkpoint": "artifacts/probes/intphys2/intphys2_probe_mlp_jepa_v2_vitg_384_20260508T164714Z/layer_30/train/trial_0000/probe_best.pt",
            "dataset": "intphys2",
            "feature_signature": "6370d2c41854f9d5",
            "metrics": {
              "accuracy": 63.23529411764706,
              "accuracy_by_condition": {
                "continuity": 60.416666666666664,
                "immutability": 70.83333333333334,
                "permanence": 70.83333333333334,
                "solidity": 53.333333333333336
              },
              "n_samples": 204,
              "n_scenes": 51,
              "voe_accuracy": 37.254901960784316,
              "voe_by_condition": {
                "continuity": 41.66666666666667,
                "immutability": 50.0,
                "permanence": 66.66666666666666,
                "solidity": 0.0
              }
            },
            "objective_metric": 37.254901960784316,
            "prediction_file": "artifacts/probes/intphys2/intphys2_probe_mlp_jepa_v2_vitg_384_20260508T164714Z/layer_30/eval/val/probe_predictions.json",
            "probe_eval_dir": "artifacts/probes/intphys2/intphys2_probe_mlp_jepa_v2_vitg_384_20260508T164714Z/layer_30/eval/val",
            "probe_name": "mlp",
            "split_name": "val"
          }
        },
        "split_name": "test"
      },
      "layer": 30,
      "layer_label": "30",
      "objective_metric": 56.86274509803921,
      "train": {
        "best_checkpoint": "artifacts/probes/intphys2/intphys2_probe_mlp_jepa_v2_vitg_384_20260508T164714Z/layer_30/train/trial_0000/probe_best.pt",
        "best_eval_output_dir": "artifacts/probes/intphys2/intphys2_probe_mlp_jepa_v2_vitg_384_20260508T164714Z/layer_30/train/trial_0000/val_eval",
        "best_output_dir": "artifacts/probes/intphys2/intphys2_probe_mlp_jepa_v2_vitg_384_20260508T164714Z/layer_30/train/trial_0000",
        "best_params": {
          "batch_size": 32,
          "dropout": 0.21597250932105788,
          "epochs": 2000,
          "hidden_dims": "256",
          "lr": 0.0001329291894316216,
          "weight_decay": 0.005061576888752304
        },
        "best_trial_number": 0,
        "best_value": 37.254901960784316,
        "checkpoint": "artifacts/probes/intphys2/intphys2_probe_mlp_jepa_v2_vitg_384_20260508T164714Z/layer_30/train/trial_0000/probe_best.pt",
        "dataset": "intphys2",
        "direction": "maximize",
        "layer": 30,
        "n_trials": 20,
        "objective_metric": "voe_accuracy",
        "output_dir": "artifacts/probes/intphys2/intphys2_probe_mlp_jepa_v2_vitg_384_20260508T164714Z/layer_30/train",
        "probe_name": "mlp",
        "storage": "sqlite:////gpfs/home3/scur0511/Probe4Physics/artifacts/probes/intphys2/intphys2_probe_mlp_jepa_v2_vitg_384_20260508T164714Z/layer_30/train/optuna_study.sqlite3",
        "study_name": "intphys2_mlp_jepa_v2_vitg_384_layer_30",
        "trials": [
          {
            "checkpoint": "artifacts/probes/intphys2/intphys2_probe_mlp_jepa_v2_vitg_384_20260508T164714Z/layer_30/train/trial_0000/probe_best.pt",
            "eval_output_dir": "artifacts/probes/intphys2/intphys2_probe_mlp_jepa_v2_vitg_384_20260508T164714Z/layer_30/train/trial_0000/val_eval",
            "output_dir": "artifacts/probes/intphys2/intphys2_probe_mlp_jepa_v2_vitg_384_20260508T164714Z/layer_30/train/trial_0000",
            "params": {
              "batch_size": 32,
              "dropout": 0.21597250932105788,
              "epochs": 2000,
              "hidden_dims": "256",
              "lr": 0.0001329291894316216,
              "weight_decay": 0.005061576888752304
            },
            "trial_number": 0,
            "value": 37.254901960784316
          },
          {
            "checkpoint": "artifacts/probes/intphys2/intphys2_probe_mlp_jepa_v2_vitg_384_20260508T164714Z/layer_30/train/trial_0001/probe_best.pt",
            "eval_output_dir": "artifacts/probes/intphys2/intphys2_probe_mlp_jepa_v2_vitg_384_20260508T164714Z/layer_30/train/trial_0001/val_eval",
            "output_dir": "artifacts/probes/intphys2/intphys2_probe_mlp_jepa_v2_vitg_384_20260508T164714Z/layer_30/train/trial_0001",
            "params": {
              "batch_size": 256,
              "dropout": 0.048836057003191935,
              "epochs": 20,
              "hidden_dims": "512x256",
              "lr": 7.476312062252303e-05,
              "weight_decay": 4.689400963537693e-05
            },
            "trial_number": 1,
            "value": 19.607843137254903
          },
          {
            "checkpoint": "artifacts/probes/intphys2/intphys2_probe_mlp_jepa_v2_vitg_384_20260508T164714Z/layer_30/train/trial_0002/probe_best.pt",
            "eval_output_dir": "artifacts/probes/intphys2/intphys2_probe_mlp_jepa_v2_vitg_384_20260508T164714Z/layer_30/train/trial_0002/val_eval",
            "output_dir": "artifacts/probes/intphys2/intphys2_probe_mlp_jepa_v2_vitg_384_20260508T164714Z/layer_30/train/trial_0002",
            "params": {
              "batch_size": 256,
              "dropout": 0.04424625102595975,
              "epochs": 50,
              "hidden_dims": "256",
              "lr": 0.0011290133559092666,
              "weight_decay": 4.374364439939069e-06
            },
            "trial_number": 2,
            "value": 25.49019607843137
          },
          {
            "checkpoint": "artifacts/probes/intphys2/intphys2_probe_mlp_jepa_v2_vitg_384_20260508T164714Z/layer_30/train/trial_0006/probe_best.pt",
            "eval_output_dir": "artifacts/probes/intphys2/intphys2_probe_mlp_jepa_v2_vitg_384_20260508T164714Z/layer_30/train/trial_0006/val_eval",
            "output_dir": "artifacts/probes/intphys2/intphys2_probe_mlp_jepa_v2_vitg_384_20260508T164714Z/layer_30/train/trial_0006",
            "params": {
              "batch_size": 128,
              "dropout": 0.0599326836668414,
              "epochs": 50,
              "hidden_dims": "512",
              "lr": 0.000794714742465374,
              "weight_decay": 0.0016934155410667966
            },
            "trial_number": 6,
            "value": 29.411764705882355
          },
          {
            "checkpoint": "artifacts/probes/intphys2/intphys2_probe_mlp_jepa_v2_vitg_384_20260508T164714Z/layer_30/train/trial_0007/probe_best.pt",
            "eval_output_dir": "artifacts/probes/intphys2/intphys2_probe_mlp_jepa_v2_vitg_384_20260508T164714Z/layer_30/train/trial_0007/val_eval",
            "output_dir": "artifacts/probes/intphys2/intphys2_probe_mlp_jepa_v2_vitg_384_20260508T164714Z/layer_30/train/trial_0007",
            "params": {
              "batch_size": 128,
              "dropout": 0.11978094533348621,
              "epochs": 20,
              "hidden_dims": "1024x512x1024",
              "lr": 0.00010300196600986775,
              "weight_decay": 0.0045442082254883295
            },
            "trial_number": 7,
            "value": 15.686274509803921
          },
          {
            "checkpoint": "artifacts/probes/intphys2/intphys2_probe_mlp_jepa_v2_vitg_384_20260508T164714Z/layer_30/train/trial_0008/probe_best.pt",
            "eval_output_dir": "artifacts/probes/intphys2/intphys2_probe_mlp_jepa_v2_vitg_384_20260508T164714Z/layer_30/train/trial_0008/val_eval",
            "output_dir": "artifacts/probes/intphys2/intphys2_probe_mlp_jepa_v2_vitg_384_20260508T164714Z/layer_30/train/trial_0008",
            "params": {
              "batch_size": 32,
              "dropout": 0.3387821809211412,
              "epochs": 50,
              "hidden_dims": "512",
              "lr": 2.7207248059486674e-05,
              "weight_decay": 8.64403589520682e-06
            },
            "trial_number": 8,
            "value": 27.450980392156865
          },
          {
            "checkpoint": "artifacts/probes/intphys2/intphys2_probe_mlp_jepa_v2_vitg_384_20260508T164714Z/layer_30/train/trial_0009/probe_best.pt",
            "eval_output_dir": "artifacts/probes/intphys2/intphys2_probe_mlp_jepa_v2_vitg_384_20260508T164714Z/layer_30/train/trial_0009/val_eval",
            "output_dir": "artifacts/probes/intphys2/intphys2_probe_mlp_jepa_v2_vitg_384_20260508T164714Z/layer_30/train/trial_0009",
            "params": {
              "batch_size": 256,
              "dropout": 0.12092614545022584,
              "epochs": 50,
              "hidden_dims": "256",
              "lr": 1.1214075785991125e-05,
              "weight_decay": 1.1818390883060214e-05
            },
            "trial_number": 9,
            "value": 19.607843137254903
          },
          {
            "checkpoint": "artifacts/probes/intphys2/intphys2_probe_mlp_jepa_v2_vitg_384_20260508T164714Z/layer_30/train/trial_0016/probe_best.pt",
            "eval_output_dir": "artifacts/probes/intphys2/intphys2_probe_mlp_jepa_v2_vitg_384_20260508T164714Z/layer_30/train/trial_0016/val_eval",
            "output_dir": "artifacts/probes/intphys2/intphys2_probe_mlp_jepa_v2_vitg_384_20260508T164714Z/layer_30/train/trial_0016",
            "params": {
              "batch_size": 128,
              "dropout": 0.016755558826512106,
              "epochs": 50,
              "hidden_dims": "512x256",
              "lr": 0.0006565628534662934,
              "weight_decay": 0.0014835106272763968
            },
            "trial_number": 16,
            "value": 23.52941176470588
          },
          {
            "checkpoint": "artifacts/probes/intphys2/intphys2_probe_mlp_jepa_v2_vitg_384_20260508T164714Z/layer_30/train/trial_0019/probe_best.pt",
            "eval_output_dir": "artifacts/probes/intphys2/intphys2_probe_mlp_jepa_v2_vitg_384_20260508T164714Z/layer_30/train/trial_0019/val_eval",
            "output_dir": "artifacts/probes/intphys2/intphys2_probe_mlp_jepa_v2_vitg_384_20260508T164714Z/layer_30/train/trial_0019",
            "params": {
              "batch_size": 128,
              "dropout": 0.2884745869448389,
              "epochs": 50,
              "hidden_dims": "512",
              "lr": 0.0027623800704545468,
              "weight_decay": 6.867691807016495e-05
            },
            "trial_number": 19,
            "value": 31.372549019607842
          }
        ]
      }
    },
    {
      "checkpoint": "artifacts/probes/intphys2/intphys2_probe_mlp_jepa_v2_vitg_384_20260508T164714Z/layer_40/train/trial_0000/probe_best.pt",
      "eval": {
        "base_eval": {
          "metrics": {
            "accuracy": 59.31372549019608,
            "accuracy_by_condition": {
              "continuity": 47.91666666666667,
              "immutability": 64.58333333333334,
              "permanence": 66.66666666666666,
              "solidity": 58.333333333333336
            },
            "n_samples": 204,
            "n_scenes": 51,
            "voe_accuracy": 47.05882352941176,
            "voe_by_condition": {
              "continuity": 25.0,
              "immutability": 66.66666666666666,
              "permanence": 58.333333333333336,
              "solidity": 40.0
            }
          },
          "output_dir": "artifacts/probes/intphys2/intphys2_probe_mlp_jepa_v2_vitg_384_20260508T164714Z/layer_40/eval/test",
          "split_dir": "data/splits/intphys2"
        },
        "checkpoint": "artifacts/probes/intphys2/intphys2_probe_mlp_jepa_v2_vitg_384_20260508T164714Z/layer_40/train/trial_0000/probe_best.pt",
        "dataset": "intphys2",
        "feature_signature": "6370d2c41854f9d5",
        "metrics": {
          "accuracy": 59.31372549019608,
          "accuracy_by_condition": {
            "continuity": 47.91666666666667,
            "immutability": 64.58333333333334,
            "permanence": 66.66666666666666,
            "solidity": 58.333333333333336
          },
          "n_samples": 204,
          "n_scenes": 51,
          "voe_accuracy": 47.05882352941176,
          "voe_by_condition": {
            "continuity": 25.0,
            "immutability": 66.66666666666666,
            "permanence": 58.333333333333336,
            "solidity": 40.0
          }
        },
        "metrics_by_split": {
          "test": {
            "accuracy": 59.31372549019608,
            "accuracy_by_condition": {
              "continuity": 47.91666666666667,
              "immutability": 64.58333333333334,
              "permanence": 66.66666666666666,
              "solidity": 58.333333333333336
            },
            "n_samples": 204,
            "n_scenes": 51,
            "voe_accuracy": 47.05882352941176,
            "voe_by_condition": {
              "continuity": 25.0,
              "immutability": 66.66666666666666,
              "permanence": 58.333333333333336,
              "solidity": 40.0
            }
          },
          "train": {
            "accuracy": 97.51655629139073,
            "accuracy_by_condition": {
              "continuity": 97.22222222222221,
              "immutability": 97.91666666666666,
              "permanence": 96.52777777777779,
              "solidity": 98.25581395348837
            },
            "n_samples": 604,
            "n_scenes": 151,
            "voe_accuracy": 100.0,
            "voe_by_condition": {
              "continuity": 100.0,
              "immutability": 100.0,
              "permanence": 100.0,
              "solidity": 100.0
            }
          },
          "val": {
            "accuracy": 64.2156862745098,
            "accuracy_by_condition": {
              "continuity": 75.0,
              "immutability": 72.91666666666666,
              "permanence": 60.416666666666664,
              "solidity": 51.66666666666667
            },
            "n_samples": 204,
            "n_scenes": 51,
            "voe_accuracy": 41.17647058823529,
            "voe_by_condition": {
              "continuity": 75.0,
              "immutability": 41.66666666666667,
              "permanence": 50.0,
              "solidity": 6.666666666666667
            }
          }
        },
        "objective_metric": 47.05882352941176,
        "prediction_file": "artifacts/probes/intphys2/intphys2_probe_mlp_jepa_v2_vitg_384_20260508T164714Z/layer_40/eval/test/probe_predictions.json",
        "prediction_files": {
          "test": "artifacts/probes/intphys2/intphys2_probe_mlp_jepa_v2_vitg_384_20260508T164714Z/layer_40/eval/test/probe_predictions.json",
          "train": "artifacts/probes/intphys2/intphys2_probe_mlp_jepa_v2_vitg_384_20260508T164714Z/layer_40/eval/train/probe_predictions.json",
          "val": "artifacts/probes/intphys2/intphys2_probe_mlp_jepa_v2_vitg_384_20260508T164714Z/layer_40/eval/val/probe_predictions.json"
        },
        "probe_eval_dir": "artifacts/probes/intphys2/intphys2_probe_mlp_jepa_v2_vitg_384_20260508T164714Z/layer_40/eval",
        "probe_name": "mlp",
        "reported_splits": [
          "train",
          "val",
          "test"
        ],
        "split_eval_dirs": {
          "test": "artifacts/probes/intphys2/intphys2_probe_mlp_jepa_v2_vitg_384_20260508T164714Z/layer_40/eval/test",
          "train": "artifacts/probes/intphys2/intphys2_probe_mlp_jepa_v2_vitg_384_20260508T164714Z/layer_40/eval/train",
          "val": "artifacts/probes/intphys2/intphys2_probe_mlp_jepa_v2_vitg_384_20260508T164714Z/layer_40/eval/val"
        },
        "split_evals": {
          "test": {
            "base_eval": {
              "metrics": {
                "accuracy": 59.31372549019608,
                "accuracy_by_condition": {
                  "continuity": 47.91666666666667,
                  "immutability": 64.58333333333334,
                  "permanence": 66.66666666666666,
                  "solidity": 58.333333333333336
                },
                "n_samples": 204,
                "n_scenes": 51,
                "voe_accuracy": 47.05882352941176,
                "voe_by_condition": {
                  "continuity": 25.0,
                  "immutability": 66.66666666666666,
                  "permanence": 58.333333333333336,
                  "solidity": 40.0
                }
              },
              "output_dir": "artifacts/probes/intphys2/intphys2_probe_mlp_jepa_v2_vitg_384_20260508T164714Z/layer_40/eval/test",
              "split_dir": "data/splits/intphys2"
            },
            "checkpoint": "artifacts/probes/intphys2/intphys2_probe_mlp_jepa_v2_vitg_384_20260508T164714Z/layer_40/train/trial_0000/probe_best.pt",
            "dataset": "intphys2",
            "feature_signature": "6370d2c41854f9d5",
            "metrics": {
              "accuracy": 59.31372549019608,
              "accuracy_by_condition": {
                "continuity": 47.91666666666667,
                "immutability": 64.58333333333334,
                "permanence": 66.66666666666666,
                "solidity": 58.333333333333336
              },
              "n_samples": 204,
              "n_scenes": 51,
              "voe_accuracy": 47.05882352941176,
              "voe_by_condition": {
                "continuity": 25.0,
                "immutability": 66.66666666666666,
                "permanence": 58.333333333333336,
                "solidity": 40.0
              }
            },
            "objective_metric": 47.05882352941176,
            "prediction_file": "artifacts/probes/intphys2/intphys2_probe_mlp_jepa_v2_vitg_384_20260508T164714Z/layer_40/eval/test/probe_predictions.json",
            "probe_eval_dir": "artifacts/probes/intphys2/intphys2_probe_mlp_jepa_v2_vitg_384_20260508T164714Z/layer_40/eval/test",
            "probe_name": "mlp",
            "split_name": "test"
          },
          "train": {
            "base_eval": {
              "metrics": {
                "accuracy": 97.51655629139073,
                "accuracy_by_condition": {
                  "continuity": 97.22222222222221,
                  "immutability": 97.91666666666666,
                  "permanence": 96.52777777777779,
                  "solidity": 98.25581395348837
                },
                "n_samples": 604,
                "n_scenes": 151,
                "voe_accuracy": 100.0,
                "voe_by_condition": {
                  "continuity": 100.0,
                  "immutability": 100.0,
                  "permanence": 100.0,
                  "solidity": 100.0
                }
              },
              "output_dir": "artifacts/probes/intphys2/intphys2_probe_mlp_jepa_v2_vitg_384_20260508T164714Z/layer_40/eval/train",
              "split_dir": "data/splits/intphys2"
            },
            "checkpoint": "artifacts/probes/intphys2/intphys2_probe_mlp_jepa_v2_vitg_384_20260508T164714Z/layer_40/train/trial_0000/probe_best.pt",
            "dataset": "intphys2",
            "feature_signature": "6370d2c41854f9d5",
            "metrics": {
              "accuracy": 97.51655629139073,
              "accuracy_by_condition": {
                "continuity": 97.22222222222221,
                "immutability": 97.91666666666666,
                "permanence": 96.52777777777779,
                "solidity": 98.25581395348837
              },
              "n_samples": 604,
              "n_scenes": 151,
              "voe_accuracy": 100.0,
              "voe_by_condition": {
                "continuity": 100.0,
                "immutability": 100.0,
                "permanence": 100.0,
                "solidity": 100.0
              }
            },
            "objective_metric": 100.0,
            "prediction_file": "artifacts/probes/intphys2/intphys2_probe_mlp_jepa_v2_vitg_384_20260508T164714Z/layer_40/eval/train/probe_predictions.json",
            "probe_eval_dir": "artifacts/probes/intphys2/intphys2_probe_mlp_jepa_v2_vitg_384_20260508T164714Z/layer_40/eval/train",
            "probe_name": "mlp",
            "split_name": "train"
          },
          "val": {
            "base_eval": {
              "metrics": {
                "accuracy": 64.2156862745098,
                "accuracy_by_condition": {
                  "continuity": 75.0,
                  "immutability": 72.91666666666666,
                  "permanence": 60.416666666666664,
                  "solidity": 51.66666666666667
                },
                "n_samples": 204,
                "n_scenes": 51,
                "voe_accuracy": 41.17647058823529,
                "voe_by_condition": {
                  "continuity": 75.0,
                  "immutability": 41.66666666666667,
                  "permanence": 50.0,
                  "solidity": 6.666666666666667
                }
              },
              "output_dir": "artifacts/probes/intphys2/intphys2_probe_mlp_jepa_v2_vitg_384_20260508T164714Z/layer_40/eval/val",
              "split_dir": "data/splits/intphys2"
            },
            "checkpoint": "artifacts/probes/intphys2/intphys2_probe_mlp_jepa_v2_vitg_384_20260508T164714Z/layer_40/train/trial_0000/probe_best.pt",
            "dataset": "intphys2",
            "feature_signature": "6370d2c41854f9d5",
            "metrics": {
              "accuracy": 64.2156862745098,
              "accuracy_by_condition": {
                "continuity": 75.0,
                "immutability": 72.91666666666666,
                "permanence": 60.416666666666664,
                "solidity": 51.66666666666667
              },
              "n_samples": 204,
              "n_scenes": 51,
              "voe_accuracy": 41.17647058823529,
              "voe_by_condition": {
                "continuity": 75.0,
                "immutability": 41.66666666666667,
                "permanence": 50.0,
                "solidity": 6.666666666666667
              }
            },
            "objective_metric": 41.17647058823529,
            "prediction_file": "artifacts/probes/intphys2/intphys2_probe_mlp_jepa_v2_vitg_384_20260508T164714Z/layer_40/eval/val/probe_predictions.json",
            "probe_eval_dir": "artifacts/probes/intphys2/intphys2_probe_mlp_jepa_v2_vitg_384_20260508T164714Z/layer_40/eval/val",
            "probe_name": "mlp",
            "split_name": "val"
          }
        },
        "split_name": "test"
      },
      "layer": 40,
      "layer_label": "40",
      "objective_metric": 47.05882352941176,
      "train": {
        "best_checkpoint": "artifacts/probes/intphys2/intphys2_probe_mlp_jepa_v2_vitg_384_20260508T164714Z/layer_40/train/trial_0000/probe_best.pt",
        "best_eval_output_dir": "artifacts/probes/intphys2/intphys2_probe_mlp_jepa_v2_vitg_384_20260508T164714Z/layer_40/train/trial_0000/val_eval",
        "best_output_dir": "artifacts/probes/intphys2/intphys2_probe_mlp_jepa_v2_vitg_384_20260508T164714Z/layer_40/train/trial_0000",
        "best_params": {
          "batch_size": 32,
          "dropout": 0.21597250932105788,
          "epochs": 2000,
          "hidden_dims": "256",
          "lr": 0.0001329291894316216,
          "weight_decay": 0.005061576888752304
        },
        "best_trial_number": 0,
        "best_value": 41.17647058823529,
        "checkpoint": "artifacts/probes/intphys2/intphys2_probe_mlp_jepa_v2_vitg_384_20260508T164714Z/layer_40/train/trial_0000/probe_best.pt",
        "dataset": "intphys2",
        "direction": "maximize",
        "layer": 40,
        "n_trials": 20,
        "objective_metric": "voe_accuracy",
        "output_dir": "artifacts/probes/intphys2/intphys2_probe_mlp_jepa_v2_vitg_384_20260508T164714Z/layer_40/train",
        "probe_name": "mlp",
        "storage": "sqlite:////gpfs/home3/scur0511/Probe4Physics/artifacts/probes/intphys2/intphys2_probe_mlp_jepa_v2_vitg_384_20260508T164714Z/layer_40/train/optuna_study.sqlite3",
        "study_name": "intphys2_mlp_jepa_v2_vitg_384_layer_40",
        "trials": [
          {
            "checkpoint": "artifacts/probes/intphys2/intphys2_probe_mlp_jepa_v2_vitg_384_20260508T164714Z/layer_40/train/trial_0000/probe_best.pt",
            "eval_output_dir": "artifacts/probes/intphys2/intphys2_probe_mlp_jepa_v2_vitg_384_20260508T164714Z/layer_40/train/trial_0000/val_eval",
            "output_dir": "artifacts/probes/intphys2/intphys2_probe_mlp_jepa_v2_vitg_384_20260508T164714Z/layer_40/train/trial_0000",
            "params": {
              "batch_size": 32,
              "dropout": 0.21597250932105788,
              "epochs": 2000,
              "hidden_dims": "256",
              "lr": 0.0001329291894316216,
              "weight_decay": 0.005061576888752304
            },
            "trial_number": 0,
            "value": 41.17647058823529
          },
          {
            "checkpoint": "artifacts/probes/intphys2/intphys2_probe_mlp_jepa_v2_vitg_384_20260508T164714Z/layer_40/train/trial_0001/probe_best.pt",
            "eval_output_dir": "artifacts/probes/intphys2/intphys2_probe_mlp_jepa_v2_vitg_384_20260508T164714Z/layer_40/train/trial_0001/val_eval",
            "output_dir": "artifacts/probes/intphys2/intphys2_probe_mlp_jepa_v2_vitg_384_20260508T164714Z/layer_40/train/trial_0001",
            "params": {
              "batch_size": 256,
              "dropout": 0.048836057003191935,
              "epochs": 20,
              "hidden_dims": "512x256",
              "lr": 7.476312062252303e-05,
              "weight_decay": 4.689400963537693e-05
            },
            "trial_number": 1,
            "value": 23.52941176470588
          },
          {
            "checkpoint": "artifacts/probes/intphys2/intphys2_probe_mlp_jepa_v2_vitg_384_20260508T164714Z/layer_40/train/trial_0002/probe_best.pt",
            "eval_output_dir": "artifacts/probes/intphys2/intphys2_probe_mlp_jepa_v2_vitg_384_20260508T164714Z/layer_40/train/trial_0002/val_eval",
            "output_dir": "artifacts/probes/intphys2/intphys2_probe_mlp_jepa_v2_vitg_384_20260508T164714Z/layer_40/train/trial_0002",
            "params": {
              "batch_size": 256,
              "dropout": 0.04424625102595975,
              "epochs": 50,
              "hidden_dims": "256",
              "lr": 0.0011290133559092666,
              "weight_decay": 4.374364439939069e-06
            },
            "trial_number": 2,
            "value": 29.411764705882355
          },
          {
            "checkpoint": "artifacts/probes/intphys2/intphys2_probe_mlp_jepa_v2_vitg_384_20260508T164714Z/layer_40/train/trial_0006/probe_best.pt",
            "eval_output_dir": "artifacts/probes/intphys2/intphys2_probe_mlp_jepa_v2_vitg_384_20260508T164714Z/layer_40/train/trial_0006/val_eval",
            "output_dir": "artifacts/probes/intphys2/intphys2_probe_mlp_jepa_v2_vitg_384_20260508T164714Z/layer_40/train/trial_0006",
            "params": {
              "batch_size": 128,
              "dropout": 0.0599326836668414,
              "epochs": 50,
              "hidden_dims": "512",
              "lr": 0.000794714742465374,
              "weight_decay": 0.0016934155410667966
            },
            "trial_number": 6,
            "value": 27.450980392156865
          },
          {
            "checkpoint": "artifacts/probes/intphys2/intphys2_probe_mlp_jepa_v2_vitg_384_20260508T164714Z/layer_40/train/trial_0007/probe_best.pt",
            "eval_output_dir": "artifacts/probes/intphys2/intphys2_probe_mlp_jepa_v2_vitg_384_20260508T164714Z/layer_40/train/trial_0007/val_eval",
            "output_dir": "artifacts/probes/intphys2/intphys2_probe_mlp_jepa_v2_vitg_384_20260508T164714Z/layer_40/train/trial_0007",
            "params": {
              "batch_size": 128,
              "dropout": 0.11978094533348621,
              "epochs": 20,
              "hidden_dims": "1024x512x1024",
              "lr": 0.00010300196600986775,
              "weight_decay": 0.0045442082254883295
            },
            "trial_number": 7,
            "value": 19.607843137254903
          },
          {
            "checkpoint": "artifacts/probes/intphys2/intphys2_probe_mlp_jepa_v2_vitg_384_20260508T164714Z/layer_40/train/trial_0008/probe_best.pt",
            "eval_output_dir": "artifacts/probes/intphys2/intphys2_probe_mlp_jepa_v2_vitg_384_20260508T164714Z/layer_40/train/trial_0008/val_eval",
            "output_dir": "artifacts/probes/intphys2/intphys2_probe_mlp_jepa_v2_vitg_384_20260508T164714Z/layer_40/train/trial_0008",
            "params": {
              "batch_size": 32,
              "dropout": 0.3387821809211412,
              "epochs": 50,
              "hidden_dims": "512",
              "lr": 2.7207248059486674e-05,
              "weight_decay": 8.64403589520682e-06
            },
            "trial_number": 8,
            "value": 21.568627450980394
          },
          {
            "checkpoint": "artifacts/probes/intphys2/intphys2_probe_mlp_jepa_v2_vitg_384_20260508T164714Z/layer_40/train/trial_0009/probe_best.pt",
            "eval_output_dir": "artifacts/probes/intphys2/intphys2_probe_mlp_jepa_v2_vitg_384_20260508T164714Z/layer_40/train/trial_0009/val_eval",
            "output_dir": "artifacts/probes/intphys2/intphys2_probe_mlp_jepa_v2_vitg_384_20260508T164714Z/layer_40/train/trial_0009",
            "params": {
              "batch_size": 256,
              "dropout": 0.12092614545022584,
              "epochs": 50,
              "hidden_dims": "256",
              "lr": 1.1214075785991125e-05,
              "weight_decay": 1.1818390883060214e-05
            },
            "trial_number": 9,
            "value": 5.88235294117647
          },
          {
            "checkpoint": "artifacts/probes/intphys2/intphys2_probe_mlp_jepa_v2_vitg_384_20260508T164714Z/layer_40/train/trial_0011/probe_best.pt",
            "eval_output_dir": "artifacts/probes/intphys2/intphys2_probe_mlp_jepa_v2_vitg_384_20260508T164714Z/layer_40/train/trial_0011/val_eval",
            "output_dir": "artifacts/probes/intphys2/intphys2_probe_mlp_jepa_v2_vitg_384_20260508T164714Z/layer_40/train/trial_0011",
            "params": {
              "batch_size": 32,
              "dropout": 0.23297711653873787,
              "epochs": 100,
              "hidden_dims": "1024",
              "lr": 0.0003492823457114943,
              "weight_decay": 7.619436507678932e-07
            },
            "trial_number": 11,
            "value": 29.411764705882355
          },
          {
            "checkpoint": "artifacts/probes/intphys2/intphys2_probe_mlp_jepa_v2_vitg_384_20260508T164714Z/layer_40/train/trial_0016/probe_best.pt",
            "eval_output_dir": "artifacts/probes/intphys2/intphys2_probe_mlp_jepa_v2_vitg_384_20260508T164714Z/layer_40/train/trial_0016/val_eval",
            "output_dir": "artifacts/probes/intphys2/intphys2_probe_mlp_jepa_v2_vitg_384_20260508T164714Z/layer_40/train/trial_0016",
            "params": {
              "batch_size": 32,
              "dropout": 0.16723284350489442,
              "epochs": 50,
              "hidden_dims": "512x256",
              "lr": 0.0001377376975923784,
              "weight_decay": 0.000369960521744469
            },
            "trial_number": 16,
            "value": 29.411764705882355
          },
          {
            "checkpoint": "artifacts/probes/intphys2/intphys2_probe_mlp_jepa_v2_vitg_384_20260508T164714Z/layer_40/train/trial_0019/probe_best.pt",
            "eval_output_dir": "artifacts/probes/intphys2/intphys2_probe_mlp_jepa_v2_vitg_384_20260508T164714Z/layer_40/train/trial_0019/val_eval",
            "output_dir": "artifacts/probes/intphys2/intphys2_probe_mlp_jepa_v2_vitg_384_20260508T164714Z/layer_40/train/trial_0019",
            "params": {
              "batch_size": 32,
              "dropout": 0.1579019216238744,
              "epochs": 50,
              "hidden_dims": "256",
              "lr": 0.002868473629593556,
              "weight_decay": 6.867691807016495e-05
            },
            "trial_number": 19,
            "value": 27.450980392156865
          }
        ]
      }
    }
  ],
  "model_selection_split": "val",
  "objective_metric_name": "voe_accuracy",
  "probe_name": "mlp",
  "reported_splits": [
    "train",
    "val",
    "test"
  ],
  "requested_layers": [
    10,
    20,
    30,
    40
  ],
  "split_name": "test",
  "sweep_dir": "artifacts/probes/intphys2/intphys2_probe_mlp_jepa_v2_vitg_384_20260508T164714Z",
  "train_split": "train"
}
JOB_END_UTC=2026-05-08T17:14:29Z
JOB_ELAPSED_SECONDS=1638
