===== TRAIN PROVENANCE =====
Fri May  8 16:47:37 UTC 2026
tcn321.local.snellius.surf.nl
999d19ef765342e0bd42ee07e9e2db5bba7c1441
Python 3.11.15
/home/scur0511/.conda/envs/probe4physics-gpu/bin/python
REPO_ROOT=/gpfs/home3/scur0511/Probe4Physics
DATASET_NAME=intphys2
PROBE_NAME=mlp
BACKBONE_NAME=videomae
BACKBONE_VARIANT=vit_huge_16_224
PROBE_EPOCHS=<config default>
PROBE_DEVICE=cpu
PROBE_LAYER=last
PROBE_LAYERS=8,16,24,32
PROBE_FEATURE_VIEW=pooled
ENABLE_WANDB=true
WANDB_PROJECT=probe4physics
WANDB_MODE=online
EXPERIMENT_NAME=intphys2.videomae_vit_huge_16_224.probe
WANDB_GROUP=intphys2_mlp_videomae_vit_huge_16_224
ENABLE_OPTUNA=true
OPTUNA_N_TRIALS=20
OPTUNA_N_JOBS=1
OPTUNA_TIMEOUT_SECONDS=0
ENABLE_OPTUNA_PRUNER=true
OPTUNA_PRUNER_STARTUP_TRIALS=3
OPTUNA_PRUNER_WARMUP_STEPS=100
OPTUNA_PRUNER_INTERVAL_STEPS=1
OPTUNA_STUDY_NAME=intphys2_mlp_videomae_vit_huge_16_224
OPTUNA_SEARCH_OVERRIDES=probe.optuna.search_space.epochs.enabled=true probe.optuna.search_space.epochs.choices=[20,50,100,500,1000,2000]
============================
JOB_START_UTC=2026-05-08T16:47:37Z
{
  "best_layer": null,
  "best_layer_label": null,
  "best_objective_metric": null,
  "dataset": "intphys2",
  "feature_view": "pooled",
  "layers": [
    {
      "checkpoint": "artifacts/probes/intphys2/intphys2_probe_mlp_videomae_vit_huge_16_224_20260508T164741Z/layer_8/train/trial_0001/probe_best.pt",
      "eval": {
        "base_eval": {
          "metrics": {
            "accuracy": 50.98039215686274,
            "accuracy_by_condition": {
              "continuity": 50.0,
              "immutability": 50.0,
              "permanence": 56.25,
              "solidity": 48.333333333333336
            },
            "n_samples": 204,
            "n_scenes": 51,
            "voe_accuracy": 17.647058823529413,
            "voe_by_condition": {
              "continuity": 25.0,
              "immutability": 16.666666666666664,
              "permanence": 33.33333333333333,
              "solidity": 0.0
            }
          },
          "output_dir": "artifacts/probes/intphys2/intphys2_probe_mlp_videomae_vit_huge_16_224_20260508T164741Z/layer_8/eval/test",
          "split_dir": "data/splits/intphys2"
        },
        "checkpoint": "artifacts/probes/intphys2/intphys2_probe_mlp_videomae_vit_huge_16_224_20260508T164741Z/layer_8/train/trial_0001/probe_best.pt",
        "dataset": "intphys2",
        "feature_signature": "1e642fe5ac5d5e7f",
        "metrics": {
          "accuracy": 50.98039215686274,
          "accuracy_by_condition": {
            "continuity": 50.0,
            "immutability": 50.0,
            "permanence": 56.25,
            "solidity": 48.333333333333336
          },
          "n_samples": 204,
          "n_scenes": 51,
          "voe_accuracy": 17.647058823529413,
          "voe_by_condition": {
            "continuity": 25.0,
            "immutability": 16.666666666666664,
            "permanence": 33.33333333333333,
            "solidity": 0.0
          }
        },
        "metrics_by_split": {
          "test": {
            "accuracy": 50.98039215686274,
            "accuracy_by_condition": {
              "continuity": 50.0,
              "immutability": 50.0,
              "permanence": 56.25,
              "solidity": 48.333333333333336
            },
            "n_samples": 204,
            "n_scenes": 51,
            "voe_accuracy": 17.647058823529413,
            "voe_by_condition": {
              "continuity": 25.0,
              "immutability": 16.666666666666664,
              "permanence": 33.33333333333333,
              "solidity": 0.0
            }
          },
          "train": {
            "accuracy": 49.83443708609271,
            "accuracy_by_condition": {
              "continuity": 50.69444444444444,
              "immutability": 49.30555555555556,
              "permanence": 49.30555555555556,
              "solidity": 50.0
            },
            "n_samples": 604,
            "n_scenes": 151,
            "voe_accuracy": 21.192052980132452,
            "voe_by_condition": {
              "continuity": 27.77777777777778,
              "immutability": 19.444444444444446,
              "permanence": 25.0,
              "solidity": 13.953488372093023
            }
          },
          "val": {
            "accuracy": 51.470588235294116,
            "accuracy_by_condition": {
              "continuity": 50.0,
              "immutability": 54.166666666666664,
              "permanence": 50.0,
              "solidity": 51.66666666666667
            },
            "n_samples": 204,
            "n_scenes": 51,
            "voe_accuracy": 15.686274509803921,
            "voe_by_condition": {
              "continuity": 33.33333333333333,
              "immutability": 8.333333333333332,
              "permanence": 8.333333333333332,
              "solidity": 13.333333333333334
            }
          }
        },
        "objective_metric": 17.647058823529413,
        "prediction_file": "artifacts/probes/intphys2/intphys2_probe_mlp_videomae_vit_huge_16_224_20260508T164741Z/layer_8/eval/test/probe_predictions.json",
        "prediction_files": {
          "test": "artifacts/probes/intphys2/intphys2_probe_mlp_videomae_vit_huge_16_224_20260508T164741Z/layer_8/eval/test/probe_predictions.json",
          "train": "artifacts/probes/intphys2/intphys2_probe_mlp_videomae_vit_huge_16_224_20260508T164741Z/layer_8/eval/train/probe_predictions.json",
          "val": "artifacts/probes/intphys2/intphys2_probe_mlp_videomae_vit_huge_16_224_20260508T164741Z/layer_8/eval/val/probe_predictions.json"
        },
        "probe_eval_dir": "artifacts/probes/intphys2/intphys2_probe_mlp_videomae_vit_huge_16_224_20260508T164741Z/layer_8/eval",
        "probe_name": "mlp",
        "reported_splits": [
          "train",
          "val",
          "test"
        ],
        "split_eval_dirs": {
          "test": "artifacts/probes/intphys2/intphys2_probe_mlp_videomae_vit_huge_16_224_20260508T164741Z/layer_8/eval/test",
          "train": "artifacts/probes/intphys2/intphys2_probe_mlp_videomae_vit_huge_16_224_20260508T164741Z/layer_8/eval/train",
          "val": "artifacts/probes/intphys2/intphys2_probe_mlp_videomae_vit_huge_16_224_20260508T164741Z/layer_8/eval/val"
        },
        "split_evals": {
          "test": {
            "base_eval": {
              "metrics": {
                "accuracy": 50.98039215686274,
                "accuracy_by_condition": {
                  "continuity": 50.0,
                  "immutability": 50.0,
                  "permanence": 56.25,
                  "solidity": 48.333333333333336
                },
                "n_samples": 204,
                "n_scenes": 51,
                "voe_accuracy": 17.647058823529413,
                "voe_by_condition": {
                  "continuity": 25.0,
                  "immutability": 16.666666666666664,
                  "permanence": 33.33333333333333,
                  "solidity": 0.0
                }
              },
              "output_dir": "artifacts/probes/intphys2/intphys2_probe_mlp_videomae_vit_huge_16_224_20260508T164741Z/layer_8/eval/test",
              "split_dir": "data/splits/intphys2"
            },
            "checkpoint": "artifacts/probes/intphys2/intphys2_probe_mlp_videomae_vit_huge_16_224_20260508T164741Z/layer_8/train/trial_0001/probe_best.pt",
            "dataset": "intphys2",
            "feature_signature": "1e642fe5ac5d5e7f",
            "metrics": {
              "accuracy": 50.98039215686274,
              "accuracy_by_condition": {
                "continuity": 50.0,
                "immutability": 50.0,
                "permanence": 56.25,
                "solidity": 48.333333333333336
              },
              "n_samples": 204,
              "n_scenes": 51,
              "voe_accuracy": 17.647058823529413,
              "voe_by_condition": {
                "continuity": 25.0,
                "immutability": 16.666666666666664,
                "permanence": 33.33333333333333,
                "solidity": 0.0
              }
            },
            "objective_metric": 17.647058823529413,
            "prediction_file": "artifacts/probes/intphys2/intphys2_probe_mlp_videomae_vit_huge_16_224_20260508T164741Z/layer_8/eval/test/probe_predictions.json",
            "probe_eval_dir": "artifacts/probes/intphys2/intphys2_probe_mlp_videomae_vit_huge_16_224_20260508T164741Z/layer_8/eval/test",
            "probe_name": "mlp",
            "split_name": "test"
          },
          "train": {
            "base_eval": {
              "metrics": {
                "accuracy": 49.83443708609271,
                "accuracy_by_condition": {
                  "continuity": 50.69444444444444,
                  "immutability": 49.30555555555556,
                  "permanence": 49.30555555555556,
                  "solidity": 50.0
                },
                "n_samples": 604,
                "n_scenes": 151,
                "voe_accuracy": 21.192052980132452,
                "voe_by_condition": {
                  "continuity": 27.77777777777778,
                  "immutability": 19.444444444444446,
                  "permanence": 25.0,
                  "solidity": 13.953488372093023
                }
              },
              "output_dir": "artifacts/probes/intphys2/intphys2_probe_mlp_videomae_vit_huge_16_224_20260508T164741Z/layer_8/eval/train",
              "split_dir": "data/splits/intphys2"
            },
            "checkpoint": "artifacts/probes/intphys2/intphys2_probe_mlp_videomae_vit_huge_16_224_20260508T164741Z/layer_8/train/trial_0001/probe_best.pt",
            "dataset": "intphys2",
            "feature_signature": "1e642fe5ac5d5e7f",
            "metrics": {
              "accuracy": 49.83443708609271,
              "accuracy_by_condition": {
                "continuity": 50.69444444444444,
                "immutability": 49.30555555555556,
                "permanence": 49.30555555555556,
                "solidity": 50.0
              },
              "n_samples": 604,
              "n_scenes": 151,
              "voe_accuracy": 21.192052980132452,
              "voe_by_condition": {
                "continuity": 27.77777777777778,
                "immutability": 19.444444444444446,
                "permanence": 25.0,
                "solidity": 13.953488372093023
              }
            },
            "objective_metric": 21.192052980132452,
            "prediction_file": "artifacts/probes/intphys2/intphys2_probe_mlp_videomae_vit_huge_16_224_20260508T164741Z/layer_8/eval/train/probe_predictions.json",
            "probe_eval_dir": "artifacts/probes/intphys2/intphys2_probe_mlp_videomae_vit_huge_16_224_20260508T164741Z/layer_8/eval/train",
            "probe_name": "mlp",
            "split_name": "train"
          },
          "val": {
            "base_eval": {
              "metrics": {
                "accuracy": 51.470588235294116,
                "accuracy_by_condition": {
                  "continuity": 50.0,
                  "immutability": 54.166666666666664,
                  "permanence": 50.0,
                  "solidity": 51.66666666666667
                },
                "n_samples": 204,
                "n_scenes": 51,
                "voe_accuracy": 15.686274509803921,
                "voe_by_condition": {
                  "continuity": 33.33333333333333,
                  "immutability": 8.333333333333332,
                  "permanence": 8.333333333333332,
                  "solidity": 13.333333333333334
                }
              },
              "output_dir": "artifacts/probes/intphys2/intphys2_probe_mlp_videomae_vit_huge_16_224_20260508T164741Z/layer_8/eval/val",
              "split_dir": "data/splits/intphys2"
            },
            "checkpoint": "artifacts/probes/intphys2/intphys2_probe_mlp_videomae_vit_huge_16_224_20260508T164741Z/layer_8/train/trial_0001/probe_best.pt",
            "dataset": "intphys2",
            "feature_signature": "1e642fe5ac5d5e7f",
            "metrics": {
              "accuracy": 51.470588235294116,
              "accuracy_by_condition": {
                "continuity": 50.0,
                "immutability": 54.166666666666664,
                "permanence": 50.0,
                "solidity": 51.66666666666667
              },
              "n_samples": 204,
              "n_scenes": 51,
              "voe_accuracy": 15.686274509803921,
              "voe_by_condition": {
                "continuity": 33.33333333333333,
                "immutability": 8.333333333333332,
                "permanence": 8.333333333333332,
                "solidity": 13.333333333333334
              }
            },
            "objective_metric": 15.686274509803921,
            "prediction_file": "artifacts/probes/intphys2/intphys2_probe_mlp_videomae_vit_huge_16_224_20260508T164741Z/layer_8/eval/val/probe_predictions.json",
            "probe_eval_dir": "artifacts/probes/intphys2/intphys2_probe_mlp_videomae_vit_huge_16_224_20260508T164741Z/layer_8/eval/val",
            "probe_name": "mlp",
            "split_name": "val"
          }
        },
        "split_name": "test"
      },
      "layer": 8,
      "layer_label": "8",
      "objective_metric": 17.647058823529413,
      "train": {
        "best_checkpoint": "artifacts/probes/intphys2/intphys2_probe_mlp_videomae_vit_huge_16_224_20260508T164741Z/layer_8/train/trial_0001/probe_best.pt",
        "best_eval_output_dir": "artifacts/probes/intphys2/intphys2_probe_mlp_videomae_vit_huge_16_224_20260508T164741Z/layer_8/train/trial_0001/val_eval",
        "best_output_dir": "artifacts/probes/intphys2/intphys2_probe_mlp_videomae_vit_huge_16_224_20260508T164741Z/layer_8/train/trial_0001",
        "best_params": {
          "batch_size": 256,
          "dropout": 0.048836057003191935,
          "epochs": 20,
          "hidden_dims": "512x256",
          "lr": 7.476312062252303e-05,
          "weight_decay": 4.689400963537693e-05
        },
        "best_trial_number": 1,
        "best_value": 15.686274509803921,
        "checkpoint": "artifacts/probes/intphys2/intphys2_probe_mlp_videomae_vit_huge_16_224_20260508T164741Z/layer_8/train/trial_0001/probe_best.pt",
        "dataset": "intphys2",
        "direction": "maximize",
        "layer": 8,
        "n_trials": 20,
        "objective_metric": "voe_accuracy",
        "output_dir": "artifacts/probes/intphys2/intphys2_probe_mlp_videomae_vit_huge_16_224_20260508T164741Z/layer_8/train",
        "probe_name": "mlp",
        "storage": "sqlite:////gpfs/home3/scur0511/Probe4Physics/artifacts/probes/intphys2/intphys2_probe_mlp_videomae_vit_huge_16_224_20260508T164741Z/layer_8/train/optuna_study.sqlite3",
        "study_name": "intphys2_mlp_videomae_vit_huge_16_224_layer_8",
        "trials": [
          {
            "checkpoint": "artifacts/probes/intphys2/intphys2_probe_mlp_videomae_vit_huge_16_224_20260508T164741Z/layer_8/train/trial_0000/probe_best.pt",
            "eval_output_dir": "artifacts/probes/intphys2/intphys2_probe_mlp_videomae_vit_huge_16_224_20260508T164741Z/layer_8/train/trial_0000/val_eval",
            "output_dir": "artifacts/probes/intphys2/intphys2_probe_mlp_videomae_vit_huge_16_224_20260508T164741Z/layer_8/train/trial_0000",
            "params": {
              "batch_size": 32,
              "dropout": 0.21597250932105788,
              "epochs": 2000,
              "hidden_dims": "256",
              "lr": 0.0001329291894316216,
              "weight_decay": 0.005061576888752304
            },
            "trial_number": 0,
            "value": 5.88235294117647
          },
          {
            "checkpoint": "artifacts/probes/intphys2/intphys2_probe_mlp_videomae_vit_huge_16_224_20260508T164741Z/layer_8/train/trial_0001/probe_best.pt",
            "eval_output_dir": "artifacts/probes/intphys2/intphys2_probe_mlp_videomae_vit_huge_16_224_20260508T164741Z/layer_8/train/trial_0001/val_eval",
            "output_dir": "artifacts/probes/intphys2/intphys2_probe_mlp_videomae_vit_huge_16_224_20260508T164741Z/layer_8/train/trial_0001",
            "params": {
              "batch_size": 256,
              "dropout": 0.048836057003191935,
              "epochs": 20,
              "hidden_dims": "512x256",
              "lr": 7.476312062252303e-05,
              "weight_decay": 4.689400963537693e-05
            },
            "trial_number": 1,
            "value": 15.686274509803921
          },
          {
            "checkpoint": "artifacts/probes/intphys2/intphys2_probe_mlp_videomae_vit_huge_16_224_20260508T164741Z/layer_8/train/trial_0002/probe_best.pt",
            "eval_output_dir": "artifacts/probes/intphys2/intphys2_probe_mlp_videomae_vit_huge_16_224_20260508T164741Z/layer_8/train/trial_0002/val_eval",
            "output_dir": "artifacts/probes/intphys2/intphys2_probe_mlp_videomae_vit_huge_16_224_20260508T164741Z/layer_8/train/trial_0002",
            "params": {
              "batch_size": 256,
              "dropout": 0.04424625102595975,
              "epochs": 50,
              "hidden_dims": "256",
              "lr": 0.0011290133559092666,
              "weight_decay": 4.374364439939069e-06
            },
            "trial_number": 2,
            "value": 5.88235294117647
          },
          {
            "checkpoint": "artifacts/probes/intphys2/intphys2_probe_mlp_videomae_vit_huge_16_224_20260508T164741Z/layer_8/train/trial_0006/probe_best.pt",
            "eval_output_dir": "artifacts/probes/intphys2/intphys2_probe_mlp_videomae_vit_huge_16_224_20260508T164741Z/layer_8/train/trial_0006/val_eval",
            "output_dir": "artifacts/probes/intphys2/intphys2_probe_mlp_videomae_vit_huge_16_224_20260508T164741Z/layer_8/train/trial_0006",
            "params": {
              "batch_size": 128,
              "dropout": 0.0599326836668414,
              "epochs": 50,
              "hidden_dims": "512",
              "lr": 0.000794714742465374,
              "weight_decay": 0.0016934155410667966
            },
            "trial_number": 6,
            "value": 5.88235294117647
          },
          {
            "checkpoint": "artifacts/probes/intphys2/intphys2_probe_mlp_videomae_vit_huge_16_224_20260508T164741Z/layer_8/train/trial_0007/probe_best.pt",
            "eval_output_dir": "artifacts/probes/intphys2/intphys2_probe_mlp_videomae_vit_huge_16_224_20260508T164741Z/layer_8/train/trial_0007/val_eval",
            "output_dir": "artifacts/probes/intphys2/intphys2_probe_mlp_videomae_vit_huge_16_224_20260508T164741Z/layer_8/train/trial_0007",
            "params": {
              "batch_size": 128,
              "dropout": 0.11978094533348621,
              "epochs": 20,
              "hidden_dims": "1024x512x1024",
              "lr": 0.00010300196600986775,
              "weight_decay": 0.0045442082254883295
            },
            "trial_number": 7,
            "value": 7.8431372549019605
          },
          {
            "checkpoint": "artifacts/probes/intphys2/intphys2_probe_mlp_videomae_vit_huge_16_224_20260508T164741Z/layer_8/train/trial_0008/probe_best.pt",
            "eval_output_dir": "artifacts/probes/intphys2/intphys2_probe_mlp_videomae_vit_huge_16_224_20260508T164741Z/layer_8/train/trial_0008/val_eval",
            "output_dir": "artifacts/probes/intphys2/intphys2_probe_mlp_videomae_vit_huge_16_224_20260508T164741Z/layer_8/train/trial_0008",
            "params": {
              "batch_size": 32,
              "dropout": 0.3387821809211412,
              "epochs": 50,
              "hidden_dims": "512",
              "lr": 2.7207248059486674e-05,
              "weight_decay": 8.64403589520682e-06
            },
            "trial_number": 8,
            "value": 9.803921568627452
          },
          {
            "checkpoint": "artifacts/probes/intphys2/intphys2_probe_mlp_videomae_vit_huge_16_224_20260508T164741Z/layer_8/train/trial_0009/probe_best.pt",
            "eval_output_dir": "artifacts/probes/intphys2/intphys2_probe_mlp_videomae_vit_huge_16_224_20260508T164741Z/layer_8/train/trial_0009/val_eval",
            "output_dir": "artifacts/probes/intphys2/intphys2_probe_mlp_videomae_vit_huge_16_224_20260508T164741Z/layer_8/train/trial_0009",
            "params": {
              "batch_size": 256,
              "dropout": 0.12092614545022584,
              "epochs": 50,
              "hidden_dims": "256",
              "lr": 1.1214075785991125e-05,
              "weight_decay": 1.1818390883060214e-05
            },
            "trial_number": 9,
            "value": 7.8431372549019605
          },
          {
            "checkpoint": "artifacts/probes/intphys2/intphys2_probe_mlp_videomae_vit_huge_16_224_20260508T164741Z/layer_8/train/trial_0010/probe_best.pt",
            "eval_output_dir": "artifacts/probes/intphys2/intphys2_probe_mlp_videomae_vit_huge_16_224_20260508T164741Z/layer_8/train/trial_0010/val_eval",
            "output_dir": "artifacts/probes/intphys2/intphys2_probe_mlp_videomae_vit_huge_16_224_20260508T164741Z/layer_8/train/trial_0010",
            "params": {
              "batch_size": 64,
              "dropout": 0.22839029847739306,
              "epochs": 20,
              "hidden_dims": "512x256",
              "lr": 0.006845570267272932,
              "weight_decay": 0.00021363875978487205
            },
            "trial_number": 10,
            "value": 15.686274509803921
          },
          {
            "checkpoint": "artifacts/probes/intphys2/intphys2_probe_mlp_videomae_vit_huge_16_224_20260508T164741Z/layer_8/train/trial_0011/probe_best.pt",
            "eval_output_dir": "artifacts/probes/intphys2/intphys2_probe_mlp_videomae_vit_huge_16_224_20260508T164741Z/layer_8/train/trial_0011/val_eval",
            "output_dir": "artifacts/probes/intphys2/intphys2_probe_mlp_videomae_vit_huge_16_224_20260508T164741Z/layer_8/train/trial_0011",
            "params": {
              "batch_size": 64,
              "dropout": 0.21997460226414123,
              "epochs": 20,
              "hidden_dims": "512x256",
              "lr": 0.008573005849366462,
              "weight_decay": 8.7853599666885e-05
            },
            "trial_number": 11,
            "value": 13.725490196078432
          },
          {
            "checkpoint": "artifacts/probes/intphys2/intphys2_probe_mlp_videomae_vit_huge_16_224_20260508T164741Z/layer_8/train/trial_0012/probe_best.pt",
            "eval_output_dir": "artifacts/probes/intphys2/intphys2_probe_mlp_videomae_vit_huge_16_224_20260508T164741Z/layer_8/train/trial_0012/val_eval",
            "output_dir": "artifacts/probes/intphys2/intphys2_probe_mlp_videomae_vit_huge_16_224_20260508T164741Z/layer_8/train/trial_0012",
            "params": {
              "batch_size": 64,
              "dropout": 0.49637575075178975,
              "epochs": 20,
              "hidden_dims": "512x256",
              "lr": 0.007221495999726796,
              "weight_decay": 0.00020610107011126666
            },
            "trial_number": 12,
            "value": 5.88235294117647
          },
          {
            "checkpoint": "artifacts/probes/intphys2/intphys2_probe_mlp_videomae_vit_huge_16_224_20260508T164741Z/layer_8/train/trial_0013/probe_best.pt",
            "eval_output_dir": "artifacts/probes/intphys2/intphys2_probe_mlp_videomae_vit_huge_16_224_20260508T164741Z/layer_8/train/trial_0013/val_eval",
            "output_dir": "artifacts/probes/intphys2/intphys2_probe_mlp_videomae_vit_huge_16_224_20260508T164741Z/layer_8/train/trial_0013",
            "params": {
              "batch_size": 64,
              "dropout": 0.2836851960496718,
              "epochs": 100,
              "hidden_dims": "1024x512x256",
              "lr": 0.0002690589829700478,
              "weight_decay": 5.59201246520377e-07
            },
            "trial_number": 13,
            "value": 11.76470588235294
          },
          {
            "checkpoint": "artifacts/probes/intphys2/intphys2_probe_mlp_videomae_vit_huge_16_224_20260508T164741Z/layer_8/train/trial_0014/probe_best.pt",
            "eval_output_dir": "artifacts/probes/intphys2/intphys2_probe_mlp_videomae_vit_huge_16_224_20260508T164741Z/layer_8/train/trial_0014/val_eval",
            "output_dir": "artifacts/probes/intphys2/intphys2_probe_mlp_videomae_vit_huge_16_224_20260508T164741Z/layer_8/train/trial_0014",
            "params": {
              "batch_size": 64,
              "dropout": 0.0013855956880444997,
              "epochs": 20,
              "hidden_dims": "1024",
              "lr": 0.0027402137202821204,
              "weight_decay": 0.0003306331267262618
            },
            "trial_number": 14,
            "value": 15.686274509803921
          },
          {
            "checkpoint": "artifacts/probes/intphys2/intphys2_probe_mlp_videomae_vit_huge_16_224_20260508T164741Z/layer_8/train/trial_0015/probe_best.pt",
            "eval_output_dir": "artifacts/probes/intphys2/intphys2_probe_mlp_videomae_vit_huge_16_224_20260508T164741Z/layer_8/train/trial_0015/val_eval",
            "output_dir": "artifacts/probes/intphys2/intphys2_probe_mlp_videomae_vit_huge_16_224_20260508T164741Z/layer_8/train/trial_0015",
            "params": {
              "batch_size": 256,
              "dropout": 0.15501861355280072,
              "epochs": 20,
              "hidden_dims": "512x256",
              "lr": 6.53509001972807e-05,
              "weight_decay": 8.320560379706205e-07
            },
            "trial_number": 15,
            "value": 11.76470588235294
          },
          {
            "checkpoint": "artifacts/probes/intphys2/intphys2_probe_mlp_videomae_vit_huge_16_224_20260508T164741Z/layer_8/train/trial_0016/probe_best.pt",
            "eval_output_dir": "artifacts/probes/intphys2/intphys2_probe_mlp_videomae_vit_huge_16_224_20260508T164741Z/layer_8/train/trial_0016/val_eval",
            "output_dir": "artifacts/probes/intphys2/intphys2_probe_mlp_videomae_vit_huge_16_224_20260508T164741Z/layer_8/train/trial_0016",
            "params": {
              "batch_size": 256,
              "dropout": 0.27858391804091587,
              "epochs": 100,
              "hidden_dims": "512x256",
              "lr": 0.0006168877056136939,
              "weight_decay": 9.478223415995648e-05
            },
            "trial_number": 16,
            "value": 7.8431372549019605
          },
          {
            "checkpoint": "artifacts/probes/intphys2/intphys2_probe_mlp_videomae_vit_huge_16_224_20260508T164741Z/layer_8/train/trial_0019/probe_best.pt",
            "eval_output_dir": "artifacts/probes/intphys2/intphys2_probe_mlp_videomae_vit_huge_16_224_20260508T164741Z/layer_8/train/trial_0019/val_eval",
            "output_dir": "artifacts/probes/intphys2/intphys2_probe_mlp_videomae_vit_huge_16_224_20260508T164741Z/layer_8/train/trial_0019",
            "params": {
              "batch_size": 256,
              "dropout": 0.4734024632067818,
              "epochs": 20,
              "hidden_dims": "1024",
              "lr": 0.001830582461680623,
              "weight_decay": 8.554902813953649e-07
            },
            "trial_number": 19,
            "value": 9.803921568627452
          }
        ]
      }
    },
    {
      "checkpoint": "artifacts/probes/intphys2/intphys2_probe_mlp_videomae_vit_huge_16_224_20260508T164741Z/layer_16/train/trial_0002/probe_best.pt",
      "eval": {
        "base_eval": {
          "metrics": {
            "accuracy": 51.9607843137255,
            "accuracy_by_condition": {
              "continuity": 50.0,
              "immutability": 54.166666666666664,
              "permanence": 52.083333333333336,
              "solidity": 51.66666666666667
            },
            "n_samples": 204,
            "n_scenes": 51,
            "voe_accuracy": 33.33333333333333,
            "voe_by_condition": {
              "continuity": 33.33333333333333,
              "immutability": 41.66666666666667,
              "permanence": 41.66666666666667,
              "solidity": 20.0
            }
          },
          "output_dir": "artifacts/probes/intphys2/intphys2_probe_mlp_videomae_vit_huge_16_224_20260508T164741Z/layer_16/eval/test",
          "split_dir": "data/splits/intphys2"
        },
        "checkpoint": "artifacts/probes/intphys2/intphys2_probe_mlp_videomae_vit_huge_16_224_20260508T164741Z/layer_16/train/trial_0002/probe_best.pt",
        "dataset": "intphys2",
        "feature_signature": "1e642fe5ac5d5e7f",
        "metrics": {
          "accuracy": 51.9607843137255,
          "accuracy_by_condition": {
            "continuity": 50.0,
            "immutability": 54.166666666666664,
            "permanence": 52.083333333333336,
            "solidity": 51.66666666666667
          },
          "n_samples": 204,
          "n_scenes": 51,
          "voe_accuracy": 33.33333333333333,
          "voe_by_condition": {
            "continuity": 33.33333333333333,
            "immutability": 41.66666666666667,
            "permanence": 41.66666666666667,
            "solidity": 20.0
          }
        },
        "metrics_by_split": {
          "test": {
            "accuracy": 51.9607843137255,
            "accuracy_by_condition": {
              "continuity": 50.0,
              "immutability": 54.166666666666664,
              "permanence": 52.083333333333336,
              "solidity": 51.66666666666667
            },
            "n_samples": 204,
            "n_scenes": 51,
            "voe_accuracy": 33.33333333333333,
            "voe_by_condition": {
              "continuity": 33.33333333333333,
              "immutability": 41.66666666666667,
              "permanence": 41.66666666666667,
              "solidity": 20.0
            }
          },
          "train": {
            "accuracy": 51.49006622516556,
            "accuracy_by_condition": {
              "continuity": 54.166666666666664,
              "immutability": 50.69444444444444,
              "permanence": 50.69444444444444,
              "solidity": 50.58139534883721
            },
            "n_samples": 604,
            "n_scenes": 151,
            "voe_accuracy": 45.033112582781456,
            "voe_by_condition": {
              "continuity": 52.77777777777778,
              "immutability": 55.55555555555556,
              "permanence": 50.0,
              "solidity": 25.581395348837212
            }
          },
          "val": {
            "accuracy": 53.92156862745098,
            "accuracy_by_condition": {
              "continuity": 50.0,
              "immutability": 58.333333333333336,
              "permanence": 50.0,
              "solidity": 56.666666666666664
            },
            "n_samples": 204,
            "n_scenes": 51,
            "voe_accuracy": 35.294117647058826,
            "voe_by_condition": {
              "continuity": 50.0,
              "immutability": 50.0,
              "permanence": 41.66666666666667,
              "solidity": 6.666666666666667
            }
          }
        },
        "objective_metric": 33.33333333333333,
        "prediction_file": "artifacts/probes/intphys2/intphys2_probe_mlp_videomae_vit_huge_16_224_20260508T164741Z/layer_16/eval/test/probe_predictions.json",
        "prediction_files": {
          "test": "artifacts/probes/intphys2/intphys2_probe_mlp_videomae_vit_huge_16_224_20260508T164741Z/layer_16/eval/test/probe_predictions.json",
          "train": "artifacts/probes/intphys2/intphys2_probe_mlp_videomae_vit_huge_16_224_20260508T164741Z/layer_16/eval/train/probe_predictions.json",
          "val": "artifacts/probes/intphys2/intphys2_probe_mlp_videomae_vit_huge_16_224_20260508T164741Z/layer_16/eval/val/probe_predictions.json"
        },
        "probe_eval_dir": "artifacts/probes/intphys2/intphys2_probe_mlp_videomae_vit_huge_16_224_20260508T164741Z/layer_16/eval",
        "probe_name": "mlp",
        "reported_splits": [
          "train",
          "val",
          "test"
        ],
        "split_eval_dirs": {
          "test": "artifacts/probes/intphys2/intphys2_probe_mlp_videomae_vit_huge_16_224_20260508T164741Z/layer_16/eval/test",
          "train": "artifacts/probes/intphys2/intphys2_probe_mlp_videomae_vit_huge_16_224_20260508T164741Z/layer_16/eval/train",
          "val": "artifacts/probes/intphys2/intphys2_probe_mlp_videomae_vit_huge_16_224_20260508T164741Z/layer_16/eval/val"
        },
        "split_evals": {
          "test": {
            "base_eval": {
              "metrics": {
                "accuracy": 51.9607843137255,
                "accuracy_by_condition": {
                  "continuity": 50.0,
                  "immutability": 54.166666666666664,
                  "permanence": 52.083333333333336,
                  "solidity": 51.66666666666667
                },
                "n_samples": 204,
                "n_scenes": 51,
                "voe_accuracy": 33.33333333333333,
                "voe_by_condition": {
                  "continuity": 33.33333333333333,
                  "immutability": 41.66666666666667,
                  "permanence": 41.66666666666667,
                  "solidity": 20.0
                }
              },
              "output_dir": "artifacts/probes/intphys2/intphys2_probe_mlp_videomae_vit_huge_16_224_20260508T164741Z/layer_16/eval/test",
              "split_dir": "data/splits/intphys2"
            },
            "checkpoint": "artifacts/probes/intphys2/intphys2_probe_mlp_videomae_vit_huge_16_224_20260508T164741Z/layer_16/train/trial_0002/probe_best.pt",
            "dataset": "intphys2",
            "feature_signature": "1e642fe5ac5d5e7f",
            "metrics": {
              "accuracy": 51.9607843137255,
              "accuracy_by_condition": {
                "continuity": 50.0,
                "immutability": 54.166666666666664,
                "permanence": 52.083333333333336,
                "solidity": 51.66666666666667
              },
              "n_samples": 204,
              "n_scenes": 51,
              "voe_accuracy": 33.33333333333333,
              "voe_by_condition": {
                "continuity": 33.33333333333333,
                "immutability": 41.66666666666667,
                "permanence": 41.66666666666667,
                "solidity": 20.0
              }
            },
            "objective_metric": 33.33333333333333,
            "prediction_file": "artifacts/probes/intphys2/intphys2_probe_mlp_videomae_vit_huge_16_224_20260508T164741Z/layer_16/eval/test/probe_predictions.json",
            "probe_eval_dir": "artifacts/probes/intphys2/intphys2_probe_mlp_videomae_vit_huge_16_224_20260508T164741Z/layer_16/eval/test",
            "probe_name": "mlp",
            "split_name": "test"
          },
          "train": {
            "base_eval": {
              "metrics": {
                "accuracy": 51.49006622516556,
                "accuracy_by_condition": {
                  "continuity": 54.166666666666664,
                  "immutability": 50.69444444444444,
                  "permanence": 50.69444444444444,
                  "solidity": 50.58139534883721
                },
                "n_samples": 604,
                "n_scenes": 151,
                "voe_accuracy": 45.033112582781456,
                "voe_by_condition": {
                  "continuity": 52.77777777777778,
                  "immutability": 55.55555555555556,
                  "permanence": 50.0,
                  "solidity": 25.581395348837212
                }
              },
              "output_dir": "artifacts/probes/intphys2/intphys2_probe_mlp_videomae_vit_huge_16_224_20260508T164741Z/layer_16/eval/train",
              "split_dir": "data/splits/intphys2"
            },
            "checkpoint": "artifacts/probes/intphys2/intphys2_probe_mlp_videomae_vit_huge_16_224_20260508T164741Z/layer_16/train/trial_0002/probe_best.pt",
            "dataset": "intphys2",
            "feature_signature": "1e642fe5ac5d5e7f",
            "metrics": {
              "accuracy": 51.49006622516556,
              "accuracy_by_condition": {
                "continuity": 54.166666666666664,
                "immutability": 50.69444444444444,
                "permanence": 50.69444444444444,
                "solidity": 50.58139534883721
              },
              "n_samples": 604,
              "n_scenes": 151,
              "voe_accuracy": 45.033112582781456,
              "voe_by_condition": {
                "continuity": 52.77777777777778,
                "immutability": 55.55555555555556,
                "permanence": 50.0,
                "solidity": 25.581395348837212
              }
            },
            "objective_metric": 45.033112582781456,
            "prediction_file": "artifacts/probes/intphys2/intphys2_probe_mlp_videomae_vit_huge_16_224_20260508T164741Z/layer_16/eval/train/probe_predictions.json",
            "probe_eval_dir": "artifacts/probes/intphys2/intphys2_probe_mlp_videomae_vit_huge_16_224_20260508T164741Z/layer_16/eval/train",
            "probe_name": "mlp",
            "split_name": "train"
          },
          "val": {
            "base_eval": {
              "metrics": {
                "accuracy": 53.92156862745098,
                "accuracy_by_condition": {
                  "continuity": 50.0,
                  "immutability": 58.333333333333336,
                  "permanence": 50.0,
                  "solidity": 56.666666666666664
                },
                "n_samples": 204,
                "n_scenes": 51,
                "voe_accuracy": 35.294117647058826,
                "voe_by_condition": {
                  "continuity": 50.0,
                  "immutability": 50.0,
                  "permanence": 41.66666666666667,
                  "solidity": 6.666666666666667
                }
              },
              "output_dir": "artifacts/probes/intphys2/intphys2_probe_mlp_videomae_vit_huge_16_224_20260508T164741Z/layer_16/eval/val",
              "split_dir": "data/splits/intphys2"
            },
            "checkpoint": "artifacts/probes/intphys2/intphys2_probe_mlp_videomae_vit_huge_16_224_20260508T164741Z/layer_16/train/trial_0002/probe_best.pt",
            "dataset": "intphys2",
            "feature_signature": "1e642fe5ac5d5e7f",
            "metrics": {
              "accuracy": 53.92156862745098,
              "accuracy_by_condition": {
                "continuity": 50.0,
                "immutability": 58.333333333333336,
                "permanence": 50.0,
                "solidity": 56.666666666666664
              },
              "n_samples": 204,
              "n_scenes": 51,
              "voe_accuracy": 35.294117647058826,
              "voe_by_condition": {
                "continuity": 50.0,
                "immutability": 50.0,
                "permanence": 41.66666666666667,
                "solidity": 6.666666666666667
              }
            },
            "objective_metric": 35.294117647058826,
            "prediction_file": "artifacts/probes/intphys2/intphys2_probe_mlp_videomae_vit_huge_16_224_20260508T164741Z/layer_16/eval/val/probe_predictions.json",
            "probe_eval_dir": "artifacts/probes/intphys2/intphys2_probe_mlp_videomae_vit_huge_16_224_20260508T164741Z/layer_16/eval/val",
            "probe_name": "mlp",
            "split_name": "val"
          }
        },
        "split_name": "test"
      },
      "layer": 16,
      "layer_label": "16",
      "objective_metric": 33.33333333333333,
      "train": {
        "best_checkpoint": "artifacts/probes/intphys2/intphys2_probe_mlp_videomae_vit_huge_16_224_20260508T164741Z/layer_16/train/trial_0002/probe_best.pt",
        "best_eval_output_dir": "artifacts/probes/intphys2/intphys2_probe_mlp_videomae_vit_huge_16_224_20260508T164741Z/layer_16/train/trial_0002/val_eval",
        "best_output_dir": "artifacts/probes/intphys2/intphys2_probe_mlp_videomae_vit_huge_16_224_20260508T164741Z/layer_16/train/trial_0002",
        "best_params": {
          "batch_size": 256,
          "dropout": 0.04424625102595975,
          "epochs": 50,
          "hidden_dims": "256",
          "lr": 0.0011290133559092666,
          "weight_decay": 4.374364439939069e-06
        },
        "best_trial_number": 2,
        "best_value": 35.294117647058826,
        "checkpoint": "artifacts/probes/intphys2/intphys2_probe_mlp_videomae_vit_huge_16_224_20260508T164741Z/layer_16/train/trial_0002/probe_best.pt",
        "dataset": "intphys2",
        "direction": "maximize",
        "layer": 16,
        "n_trials": 20,
        "objective_metric": "voe_accuracy",
        "output_dir": "artifacts/probes/intphys2/intphys2_probe_mlp_videomae_vit_huge_16_224_20260508T164741Z/layer_16/train",
        "probe_name": "mlp",
        "storage": "sqlite:////gpfs/home3/scur0511/Probe4Physics/artifacts/probes/intphys2/intphys2_probe_mlp_videomae_vit_huge_16_224_20260508T164741Z/layer_16/train/optuna_study.sqlite3",
        "study_name": "intphys2_mlp_videomae_vit_huge_16_224_layer_16",
        "trials": [
          {
            "checkpoint": "artifacts/probes/intphys2/intphys2_probe_mlp_videomae_vit_huge_16_224_20260508T164741Z/layer_16/train/trial_0000/probe_best.pt",
            "eval_output_dir": "artifacts/probes/intphys2/intphys2_probe_mlp_videomae_vit_huge_16_224_20260508T164741Z/layer_16/train/trial_0000/val_eval",
            "output_dir": "artifacts/probes/intphys2/intphys2_probe_mlp_videomae_vit_huge_16_224_20260508T164741Z/layer_16/train/trial_0000",
            "params": {
              "batch_size": 32,
              "dropout": 0.21597250932105788,
              "epochs": 2000,
              "hidden_dims": "256",
              "lr": 0.0001329291894316216,
              "weight_decay": 0.005061576888752304
            },
            "trial_number": 0,
            "value": 33.33333333333333
          },
          {
            "checkpoint": "artifacts/probes/intphys2/intphys2_probe_mlp_videomae_vit_huge_16_224_20260508T164741Z/layer_16/train/trial_0001/probe_best.pt",
            "eval_output_dir": "artifacts/probes/intphys2/intphys2_probe_mlp_videomae_vit_huge_16_224_20260508T164741Z/layer_16/train/trial_0001/val_eval",
            "output_dir": "artifacts/probes/intphys2/intphys2_probe_mlp_videomae_vit_huge_16_224_20260508T164741Z/layer_16/train/trial_0001",
            "params": {
              "batch_size": 256,
              "dropout": 0.048836057003191935,
              "epochs": 20,
              "hidden_dims": "512x256",
              "lr": 7.476312062252303e-05,
              "weight_decay": 4.689400963537693e-05
            },
            "trial_number": 1,
            "value": 25.49019607843137
          },
          {
            "checkpoint": "artifacts/probes/intphys2/intphys2_probe_mlp_videomae_vit_huge_16_224_20260508T164741Z/layer_16/train/trial_0002/probe_best.pt",
            "eval_output_dir": "artifacts/probes/intphys2/intphys2_probe_mlp_videomae_vit_huge_16_224_20260508T164741Z/layer_16/train/trial_0002/val_eval",
            "output_dir": "artifacts/probes/intphys2/intphys2_probe_mlp_videomae_vit_huge_16_224_20260508T164741Z/layer_16/train/trial_0002",
            "params": {
              "batch_size": 256,
              "dropout": 0.04424625102595975,
              "epochs": 50,
              "hidden_dims": "256",
              "lr": 0.0011290133559092666,
              "weight_decay": 4.374364439939069e-06
            },
            "trial_number": 2,
            "value": 35.294117647058826
          },
          {
            "checkpoint": "artifacts/probes/intphys2/intphys2_probe_mlp_videomae_vit_huge_16_224_20260508T164741Z/layer_16/train/trial_0006/probe_best.pt",
            "eval_output_dir": "artifacts/probes/intphys2/intphys2_probe_mlp_videomae_vit_huge_16_224_20260508T164741Z/layer_16/train/trial_0006/val_eval",
            "output_dir": "artifacts/probes/intphys2/intphys2_probe_mlp_videomae_vit_huge_16_224_20260508T164741Z/layer_16/train/trial_0006",
            "params": {
              "batch_size": 128,
              "dropout": 0.0599326836668414,
              "epochs": 50,
              "hidden_dims": "512",
              "lr": 0.000794714742465374,
              "weight_decay": 0.0016934155410667966
            },
            "trial_number": 6,
            "value": 29.411764705882355
          },
          {
            "checkpoint": "artifacts/probes/intphys2/intphys2_probe_mlp_videomae_vit_huge_16_224_20260508T164741Z/layer_16/train/trial_0007/probe_best.pt",
            "eval_output_dir": "artifacts/probes/intphys2/intphys2_probe_mlp_videomae_vit_huge_16_224_20260508T164741Z/layer_16/train/trial_0007/val_eval",
            "output_dir": "artifacts/probes/intphys2/intphys2_probe_mlp_videomae_vit_huge_16_224_20260508T164741Z/layer_16/train/trial_0007",
            "params": {
              "batch_size": 128,
              "dropout": 0.11978094533348621,
              "epochs": 20,
              "hidden_dims": "1024x512x1024",
              "lr": 0.00010300196600986775,
              "weight_decay": 0.0045442082254883295
            },
            "trial_number": 7,
            "value": 31.372549019607842
          },
          {
            "checkpoint": "artifacts/probes/intphys2/intphys2_probe_mlp_videomae_vit_huge_16_224_20260508T164741Z/layer_16/train/trial_0008/probe_best.pt",
            "eval_output_dir": "artifacts/probes/intphys2/intphys2_probe_mlp_videomae_vit_huge_16_224_20260508T164741Z/layer_16/train/trial_0008/val_eval",
            "output_dir": "artifacts/probes/intphys2/intphys2_probe_mlp_videomae_vit_huge_16_224_20260508T164741Z/layer_16/train/trial_0008",
            "params": {
              "batch_size": 32,
              "dropout": 0.3387821809211412,
              "epochs": 50,
              "hidden_dims": "512",
              "lr": 2.7207248059486674e-05,
              "weight_decay": 8.64403589520682e-06
            },
            "trial_number": 8,
            "value": 27.450980392156865
          },
          {
            "checkpoint": "artifacts/probes/intphys2/intphys2_probe_mlp_videomae_vit_huge_16_224_20260508T164741Z/layer_16/train/trial_0009/probe_best.pt",
            "eval_output_dir": "artifacts/probes/intphys2/intphys2_probe_mlp_videomae_vit_huge_16_224_20260508T164741Z/layer_16/train/trial_0009/val_eval",
            "output_dir": "artifacts/probes/intphys2/intphys2_probe_mlp_videomae_vit_huge_16_224_20260508T164741Z/layer_16/train/trial_0009",
            "params": {
              "batch_size": 256,
              "dropout": 0.12092614545022584,
              "epochs": 50,
              "hidden_dims": "256",
              "lr": 1.1214075785991125e-05,
              "weight_decay": 1.1818390883060214e-05
            },
            "trial_number": 9,
            "value": 19.607843137254903
          },
          {
            "checkpoint": "artifacts/probes/intphys2/intphys2_probe_mlp_videomae_vit_huge_16_224_20260508T164741Z/layer_16/train/trial_0016/probe_best.pt",
            "eval_output_dir": "artifacts/probes/intphys2/intphys2_probe_mlp_videomae_vit_huge_16_224_20260508T164741Z/layer_16/train/trial_0016/val_eval",
            "output_dir": "artifacts/probes/intphys2/intphys2_probe_mlp_videomae_vit_huge_16_224_20260508T164741Z/layer_16/train/trial_0016",
            "params": {
              "batch_size": 32,
              "dropout": 0.16723284350489442,
              "epochs": 50,
              "hidden_dims": "512x256",
              "lr": 0.0001377376975923784,
              "weight_decay": 0.000369960521744469
            },
            "trial_number": 16,
            "value": 35.294117647058826
          },
          {
            "checkpoint": "artifacts/probes/intphys2/intphys2_probe_mlp_videomae_vit_huge_16_224_20260508T164741Z/layer_16/train/trial_0017/probe_best.pt",
            "eval_output_dir": "artifacts/probes/intphys2/intphys2_probe_mlp_videomae_vit_huge_16_224_20260508T164741Z/layer_16/train/trial_0017/val_eval",
            "output_dir": "artifacts/probes/intphys2/intphys2_probe_mlp_videomae_vit_huge_16_224_20260508T164741Z/layer_16/train/trial_0017",
            "params": {
              "batch_size": 64,
              "dropout": 0.14395464973253208,
              "epochs": 50,
              "hidden_dims": "512x256",
              "lr": 0.0007740296482375004,
              "weight_decay": 0.00013643787223361622
            },
            "trial_number": 17,
            "value": 33.33333333333333
          },
          {
            "checkpoint": "artifacts/probes/intphys2/intphys2_probe_mlp_videomae_vit_huge_16_224_20260508T164741Z/layer_16/train/trial_0018/probe_best.pt",
            "eval_output_dir": "artifacts/probes/intphys2/intphys2_probe_mlp_videomae_vit_huge_16_224_20260508T164741Z/layer_16/train/trial_0018/val_eval",
            "output_dir": "artifacts/probes/intphys2/intphys2_probe_mlp_videomae_vit_huge_16_224_20260508T164741Z/layer_16/train/trial_0018",
            "params": {
              "batch_size": 32,
              "dropout": 0.0726998799786787,
              "epochs": 50,
              "hidden_dims": "512x256",
              "lr": 0.0024643384338550243,
              "weight_decay": 0.0007718639756887959
            },
            "trial_number": 18,
            "value": 27.450980392156865
          },
          {
            "checkpoint": "artifacts/probes/intphys2/intphys2_probe_mlp_videomae_vit_huge_16_224_20260508T164741Z/layer_16/train/trial_0019/probe_best.pt",
            "eval_output_dir": "artifacts/probes/intphys2/intphys2_probe_mlp_videomae_vit_huge_16_224_20260508T164741Z/layer_16/train/trial_0019/val_eval",
            "output_dir": "artifacts/probes/intphys2/intphys2_probe_mlp_videomae_vit_huge_16_224_20260508T164741Z/layer_16/train/trial_0019",
            "params": {
              "batch_size": 256,
              "dropout": 0.008197871079788067,
              "epochs": 50,
              "hidden_dims": "512x256",
              "lr": 0.00019173977363311285,
              "weight_decay": 1.3526064575581676e-07
            },
            "trial_number": 19,
            "value": 33.33333333333333
          }
        ]
      }
    },
    {
      "checkpoint": "artifacts/probes/intphys2/intphys2_probe_mlp_videomae_vit_huge_16_224_20260508T164741Z/layer_24/train/trial_0000/probe_best.pt",
      "eval": {
        "base_eval": {
          "metrics": {
            "accuracy": 59.80392156862745,
            "accuracy_by_condition": {
              "continuity": 52.083333333333336,
              "immutability": 72.91666666666666,
              "permanence": 66.66666666666666,
              "solidity": 50.0
            },
            "n_samples": 204,
            "n_scenes": 51,
            "voe_accuracy": 35.294117647058826,
            "voe_by_condition": {
              "continuity": 16.666666666666664,
              "immutability": 58.333333333333336,
              "permanence": 58.333333333333336,
              "solidity": 13.333333333333334
            }
          },
          "output_dir": "artifacts/probes/intphys2/intphys2_probe_mlp_videomae_vit_huge_16_224_20260508T164741Z/layer_24/eval/test",
          "split_dir": "data/splits/intphys2"
        },
        "checkpoint": "artifacts/probes/intphys2/intphys2_probe_mlp_videomae_vit_huge_16_224_20260508T164741Z/layer_24/train/trial_0000/probe_best.pt",
        "dataset": "intphys2",
        "feature_signature": "1e642fe5ac5d5e7f",
        "metrics": {
          "accuracy": 59.80392156862745,
          "accuracy_by_condition": {
            "continuity": 52.083333333333336,
            "immutability": 72.91666666666666,
            "permanence": 66.66666666666666,
            "solidity": 50.0
          },
          "n_samples": 204,
          "n_scenes": 51,
          "voe_accuracy": 35.294117647058826,
          "voe_by_condition": {
            "continuity": 16.666666666666664,
            "immutability": 58.333333333333336,
            "permanence": 58.333333333333336,
            "solidity": 13.333333333333334
          }
        },
        "metrics_by_split": {
          "test": {
            "accuracy": 59.80392156862745,
            "accuracy_by_condition": {
              "continuity": 52.083333333333336,
              "immutability": 72.91666666666666,
              "permanence": 66.66666666666666,
              "solidity": 50.0
            },
            "n_samples": 204,
            "n_scenes": 51,
            "voe_accuracy": 35.294117647058826,
            "voe_by_condition": {
              "continuity": 16.666666666666664,
              "immutability": 58.333333333333336,
              "permanence": 58.333333333333336,
              "solidity": 13.333333333333334
            }
          },
          "train": {
            "accuracy": 95.19867549668875,
            "accuracy_by_condition": {
              "continuity": 93.75,
              "immutability": 95.13888888888889,
              "permanence": 96.52777777777779,
              "solidity": 95.34883720930233
            },
            "n_samples": 604,
            "n_scenes": 151,
            "voe_accuracy": 100.0,
            "voe_by_condition": {
              "continuity": 100.0,
              "immutability": 100.0,
              "permanence": 100.0,
              "solidity": 100.0
            }
          },
          "val": {
            "accuracy": 64.2156862745098,
            "accuracy_by_condition": {
              "continuity": 66.66666666666666,
              "immutability": 66.66666666666666,
              "permanence": 68.75,
              "solidity": 56.666666666666664
            },
            "n_samples": 204,
            "n_scenes": 51,
            "voe_accuracy": 39.21568627450981,
            "voe_by_condition": {
              "continuity": 58.333333333333336,
              "immutability": 50.0,
              "permanence": 41.66666666666667,
              "solidity": 13.333333333333334
            }
          }
        },
        "objective_metric": 35.294117647058826,
        "prediction_file": "artifacts/probes/intphys2/intphys2_probe_mlp_videomae_vit_huge_16_224_20260508T164741Z/layer_24/eval/test/probe_predictions.json",
        "prediction_files": {
          "test": "artifacts/probes/intphys2/intphys2_probe_mlp_videomae_vit_huge_16_224_20260508T164741Z/layer_24/eval/test/probe_predictions.json",
          "train": "artifacts/probes/intphys2/intphys2_probe_mlp_videomae_vit_huge_16_224_20260508T164741Z/layer_24/eval/train/probe_predictions.json",
          "val": "artifacts/probes/intphys2/intphys2_probe_mlp_videomae_vit_huge_16_224_20260508T164741Z/layer_24/eval/val/probe_predictions.json"
        },
        "probe_eval_dir": "artifacts/probes/intphys2/intphys2_probe_mlp_videomae_vit_huge_16_224_20260508T164741Z/layer_24/eval",
        "probe_name": "mlp",
        "reported_splits": [
          "train",
          "val",
          "test"
        ],
        "split_eval_dirs": {
          "test": "artifacts/probes/intphys2/intphys2_probe_mlp_videomae_vit_huge_16_224_20260508T164741Z/layer_24/eval/test",
          "train": "artifacts/probes/intphys2/intphys2_probe_mlp_videomae_vit_huge_16_224_20260508T164741Z/layer_24/eval/train",
          "val": "artifacts/probes/intphys2/intphys2_probe_mlp_videomae_vit_huge_16_224_20260508T164741Z/layer_24/eval/val"
        },
        "split_evals": {
          "test": {
            "base_eval": {
              "metrics": {
                "accuracy": 59.80392156862745,
                "accuracy_by_condition": {
                  "continuity": 52.083333333333336,
                  "immutability": 72.91666666666666,
                  "permanence": 66.66666666666666,
                  "solidity": 50.0
                },
                "n_samples": 204,
                "n_scenes": 51,
                "voe_accuracy": 35.294117647058826,
                "voe_by_condition": {
                  "continuity": 16.666666666666664,
                  "immutability": 58.333333333333336,
                  "permanence": 58.333333333333336,
                  "solidity": 13.333333333333334
                }
              },
              "output_dir": "artifacts/probes/intphys2/intphys2_probe_mlp_videomae_vit_huge_16_224_20260508T164741Z/layer_24/eval/test",
              "split_dir": "data/splits/intphys2"
            },
            "checkpoint": "artifacts/probes/intphys2/intphys2_probe_mlp_videomae_vit_huge_16_224_20260508T164741Z/layer_24/train/trial_0000/probe_best.pt",
            "dataset": "intphys2",
            "feature_signature": "1e642fe5ac5d5e7f",
            "metrics": {
              "accuracy": 59.80392156862745,
              "accuracy_by_condition": {
                "continuity": 52.083333333333336,
                "immutability": 72.91666666666666,
                "permanence": 66.66666666666666,
                "solidity": 50.0
              },
              "n_samples": 204,
              "n_scenes": 51,
              "voe_accuracy": 35.294117647058826,
              "voe_by_condition": {
                "continuity": 16.666666666666664,
                "immutability": 58.333333333333336,
                "permanence": 58.333333333333336,
                "solidity": 13.333333333333334
              }
            },
            "objective_metric": 35.294117647058826,
            "prediction_file": "artifacts/probes/intphys2/intphys2_probe_mlp_videomae_vit_huge_16_224_20260508T164741Z/layer_24/eval/test/probe_predictions.json",
            "probe_eval_dir": "artifacts/probes/intphys2/intphys2_probe_mlp_videomae_vit_huge_16_224_20260508T164741Z/layer_24/eval/test",
            "probe_name": "mlp",
            "split_name": "test"
          },
          "train": {
            "base_eval": {
              "metrics": {
                "accuracy": 95.19867549668875,
                "accuracy_by_condition": {
                  "continuity": 93.75,
                  "immutability": 95.13888888888889,
                  "permanence": 96.52777777777779,
                  "solidity": 95.34883720930233
                },
                "n_samples": 604,
                "n_scenes": 151,
                "voe_accuracy": 100.0,
                "voe_by_condition": {
                  "continuity": 100.0,
                  "immutability": 100.0,
                  "permanence": 100.0,
                  "solidity": 100.0
                }
              },
              "output_dir": "artifacts/probes/intphys2/intphys2_probe_mlp_videomae_vit_huge_16_224_20260508T164741Z/layer_24/eval/train",
              "split_dir": "data/splits/intphys2"
            },
            "checkpoint": "artifacts/probes/intphys2/intphys2_probe_mlp_videomae_vit_huge_16_224_20260508T164741Z/layer_24/train/trial_0000/probe_best.pt",
            "dataset": "intphys2",
            "feature_signature": "1e642fe5ac5d5e7f",
            "metrics": {
              "accuracy": 95.19867549668875,
              "accuracy_by_condition": {
                "continuity": 93.75,
                "immutability": 95.13888888888889,
                "permanence": 96.52777777777779,
                "solidity": 95.34883720930233
              },
              "n_samples": 604,
              "n_scenes": 151,
              "voe_accuracy": 100.0,
              "voe_by_condition": {
                "continuity": 100.0,
                "immutability": 100.0,
                "permanence": 100.0,
                "solidity": 100.0
              }
            },
            "objective_metric": 100.0,
            "prediction_file": "artifacts/probes/intphys2/intphys2_probe_mlp_videomae_vit_huge_16_224_20260508T164741Z/layer_24/eval/train/probe_predictions.json",
            "probe_eval_dir": "artifacts/probes/intphys2/intphys2_probe_mlp_videomae_vit_huge_16_224_20260508T164741Z/layer_24/eval/train",
            "probe_name": "mlp",
            "split_name": "train"
          },
          "val": {
            "base_eval": {
              "metrics": {
                "accuracy": 64.2156862745098,
                "accuracy_by_condition": {
                  "continuity": 66.66666666666666,
                  "immutability": 66.66666666666666,
                  "permanence": 68.75,
                  "solidity": 56.666666666666664
                },
                "n_samples": 204,
                "n_scenes": 51,
                "voe_accuracy": 39.21568627450981,
                "voe_by_condition": {
                  "continuity": 58.333333333333336,
                  "immutability": 50.0,
                  "permanence": 41.66666666666667,
                  "solidity": 13.333333333333334
                }
              },
              "output_dir": "artifacts/probes/intphys2/intphys2_probe_mlp_videomae_vit_huge_16_224_20260508T164741Z/layer_24/eval/val",
              "split_dir": "data/splits/intphys2"
            },
            "checkpoint": "artifacts/probes/intphys2/intphys2_probe_mlp_videomae_vit_huge_16_224_20260508T164741Z/layer_24/train/trial_0000/probe_best.pt",
            "dataset": "intphys2",
            "feature_signature": "1e642fe5ac5d5e7f",
            "metrics": {
              "accuracy": 64.2156862745098,
              "accuracy_by_condition": {
                "continuity": 66.66666666666666,
                "immutability": 66.66666666666666,
                "permanence": 68.75,
                "solidity": 56.666666666666664
              },
              "n_samples": 204,
              "n_scenes": 51,
              "voe_accuracy": 39.21568627450981,
              "voe_by_condition": {
                "continuity": 58.333333333333336,
                "immutability": 50.0,
                "permanence": 41.66666666666667,
                "solidity": 13.333333333333334
              }
            },
            "objective_metric": 39.21568627450981,
            "prediction_file": "artifacts/probes/intphys2/intphys2_probe_mlp_videomae_vit_huge_16_224_20260508T164741Z/layer_24/eval/val/probe_predictions.json",
            "probe_eval_dir": "artifacts/probes/intphys2/intphys2_probe_mlp_videomae_vit_huge_16_224_20260508T164741Z/layer_24/eval/val",
            "probe_name": "mlp",
            "split_name": "val"
          }
        },
        "split_name": "test"
      },
      "layer": 24,
      "layer_label": "24",
      "objective_metric": 35.294117647058826,
      "train": {
        "best_checkpoint": "artifacts/probes/intphys2/intphys2_probe_mlp_videomae_vit_huge_16_224_20260508T164741Z/layer_24/train/trial_0000/probe_best.pt",
        "best_eval_output_dir": "artifacts/probes/intphys2/intphys2_probe_mlp_videomae_vit_huge_16_224_20260508T164741Z/layer_24/train/trial_0000/val_eval",
        "best_output_dir": "artifacts/probes/intphys2/intphys2_probe_mlp_videomae_vit_huge_16_224_20260508T164741Z/layer_24/train/trial_0000",
        "best_params": {
          "batch_size": 32,
          "dropout": 0.21597250932105788,
          "epochs": 2000,
          "hidden_dims": "256",
          "lr": 0.0001329291894316216,
          "weight_decay": 0.005061576888752304
        },
        "best_trial_number": 0,
        "best_value": 39.21568627450981,
        "checkpoint": "artifacts/probes/intphys2/intphys2_probe_mlp_videomae_vit_huge_16_224_20260508T164741Z/layer_24/train/trial_0000/probe_best.pt",
        "dataset": "intphys2",
        "direction": "maximize",
        "layer": 24,
        "n_trials": 20,
        "objective_metric": "voe_accuracy",
        "output_dir": "artifacts/probes/intphys2/intphys2_probe_mlp_videomae_vit_huge_16_224_20260508T164741Z/layer_24/train",
        "probe_name": "mlp",
        "storage": "sqlite:////gpfs/home3/scur0511/Probe4Physics/artifacts/probes/intphys2/intphys2_probe_mlp_videomae_vit_huge_16_224_20260508T164741Z/layer_24/train/optuna_study.sqlite3",
        "study_name": "intphys2_mlp_videomae_vit_huge_16_224_layer_24",
        "trials": [
          {
            "checkpoint": "artifacts/probes/intphys2/intphys2_probe_mlp_videomae_vit_huge_16_224_20260508T164741Z/layer_24/train/trial_0000/probe_best.pt",
            "eval_output_dir": "artifacts/probes/intphys2/intphys2_probe_mlp_videomae_vit_huge_16_224_20260508T164741Z/layer_24/train/trial_0000/val_eval",
            "output_dir": "artifacts/probes/intphys2/intphys2_probe_mlp_videomae_vit_huge_16_224_20260508T164741Z/layer_24/train/trial_0000",
            "params": {
              "batch_size": 32,
              "dropout": 0.21597250932105788,
              "epochs": 2000,
              "hidden_dims": "256",
              "lr": 0.0001329291894316216,
              "weight_decay": 0.005061576888752304
            },
            "trial_number": 0,
            "value": 39.21568627450981
          },
          {
            "checkpoint": "artifacts/probes/intphys2/intphys2_probe_mlp_videomae_vit_huge_16_224_20260508T164741Z/layer_24/train/trial_0001/probe_best.pt",
            "eval_output_dir": "artifacts/probes/intphys2/intphys2_probe_mlp_videomae_vit_huge_16_224_20260508T164741Z/layer_24/train/trial_0001/val_eval",
            "output_dir": "artifacts/probes/intphys2/intphys2_probe_mlp_videomae_vit_huge_16_224_20260508T164741Z/layer_24/train/trial_0001",
            "params": {
              "batch_size": 256,
              "dropout": 0.048836057003191935,
              "epochs": 20,
              "hidden_dims": "512x256",
              "lr": 7.476312062252303e-05,
              "weight_decay": 4.689400963537693e-05
            },
            "trial_number": 1,
            "value": 15.686274509803921
          },
          {
            "checkpoint": "artifacts/probes/intphys2/intphys2_probe_mlp_videomae_vit_huge_16_224_20260508T164741Z/layer_24/train/trial_0002/probe_best.pt",
            "eval_output_dir": "artifacts/probes/intphys2/intphys2_probe_mlp_videomae_vit_huge_16_224_20260508T164741Z/layer_24/train/trial_0002/val_eval",
            "output_dir": "artifacts/probes/intphys2/intphys2_probe_mlp_videomae_vit_huge_16_224_20260508T164741Z/layer_24/train/trial_0002",
            "params": {
              "batch_size": 256,
              "dropout": 0.04424625102595975,
              "epochs": 50,
              "hidden_dims": "256",
              "lr": 0.0011290133559092666,
              "weight_decay": 4.374364439939069e-06
            },
            "trial_number": 2,
            "value": 25.49019607843137
          },
          {
            "checkpoint": "artifacts/probes/intphys2/intphys2_probe_mlp_videomae_vit_huge_16_224_20260508T164741Z/layer_24/train/trial_0006/probe_best.pt",
            "eval_output_dir": "artifacts/probes/intphys2/intphys2_probe_mlp_videomae_vit_huge_16_224_20260508T164741Z/layer_24/train/trial_0006/val_eval",
            "output_dir": "artifacts/probes/intphys2/intphys2_probe_mlp_videomae_vit_huge_16_224_20260508T164741Z/layer_24/train/trial_0006",
            "params": {
              "batch_size": 128,
              "dropout": 0.0599326836668414,
              "epochs": 50,
              "hidden_dims": "512",
              "lr": 0.000794714742465374,
              "weight_decay": 0.0016934155410667966
            },
            "trial_number": 6,
            "value": 33.33333333333333
          },
          {
            "checkpoint": "artifacts/probes/intphys2/intphys2_probe_mlp_videomae_vit_huge_16_224_20260508T164741Z/layer_24/train/trial_0007/probe_best.pt",
            "eval_output_dir": "artifacts/probes/intphys2/intphys2_probe_mlp_videomae_vit_huge_16_224_20260508T164741Z/layer_24/train/trial_0007/val_eval",
            "output_dir": "artifacts/probes/intphys2/intphys2_probe_mlp_videomae_vit_huge_16_224_20260508T164741Z/layer_24/train/trial_0007",
            "params": {
              "batch_size": 128,
              "dropout": 0.11978094533348621,
              "epochs": 20,
              "hidden_dims": "1024x512x1024",
              "lr": 0.00010300196600986775,
              "weight_decay": 0.0045442082254883295
            },
            "trial_number": 7,
            "value": 29.411764705882355
          },
          {
            "checkpoint": "artifacts/probes/intphys2/intphys2_probe_mlp_videomae_vit_huge_16_224_20260508T164741Z/layer_24/train/trial_0008/probe_best.pt",
            "eval_output_dir": "artifacts/probes/intphys2/intphys2_probe_mlp_videomae_vit_huge_16_224_20260508T164741Z/layer_24/train/trial_0008/val_eval",
            "output_dir": "artifacts/probes/intphys2/intphys2_probe_mlp_videomae_vit_huge_16_224_20260508T164741Z/layer_24/train/trial_0008",
            "params": {
              "batch_size": 32,
              "dropout": 0.3387821809211412,
              "epochs": 50,
              "hidden_dims": "512",
              "lr": 2.7207248059486674e-05,
              "weight_decay": 8.64403589520682e-06
            },
            "trial_number": 8,
            "value": 27.450980392156865
          },
          {
            "checkpoint": "artifacts/probes/intphys2/intphys2_probe_mlp_videomae_vit_huge_16_224_20260508T164741Z/layer_24/train/trial_0009/probe_best.pt",
            "eval_output_dir": "artifacts/probes/intphys2/intphys2_probe_mlp_videomae_vit_huge_16_224_20260508T164741Z/layer_24/train/trial_0009/val_eval",
            "output_dir": "artifacts/probes/intphys2/intphys2_probe_mlp_videomae_vit_huge_16_224_20260508T164741Z/layer_24/train/trial_0009",
            "params": {
              "batch_size": 256,
              "dropout": 0.12092614545022584,
              "epochs": 50,
              "hidden_dims": "256",
              "lr": 1.1214075785991125e-05,
              "weight_decay": 1.1818390883060214e-05
            },
            "trial_number": 9,
            "value": 23.52941176470588
          },
          {
            "checkpoint": "artifacts/probes/intphys2/intphys2_probe_mlp_videomae_vit_huge_16_224_20260508T164741Z/layer_24/train/trial_0011/probe_best.pt",
            "eval_output_dir": "artifacts/probes/intphys2/intphys2_probe_mlp_videomae_vit_huge_16_224_20260508T164741Z/layer_24/train/trial_0011/val_eval",
            "output_dir": "artifacts/probes/intphys2/intphys2_probe_mlp_videomae_vit_huge_16_224_20260508T164741Z/layer_24/train/trial_0011",
            "params": {
              "batch_size": 32,
              "dropout": 0.23036595192387704,
              "epochs": 100,
              "hidden_dims": "1024",
              "lr": 0.000381663861962904,
              "weight_decay": 0.00821160806524291
            },
            "trial_number": 11,
            "value": 27.450980392156865
          },
          {
            "checkpoint": "artifacts/probes/intphys2/intphys2_probe_mlp_videomae_vit_huge_16_224_20260508T164741Z/layer_24/train/trial_0014/probe_best.pt",
            "eval_output_dir": "artifacts/probes/intphys2/intphys2_probe_mlp_videomae_vit_huge_16_224_20260508T164741Z/layer_24/train/trial_0014/val_eval",
            "output_dir": "artifacts/probes/intphys2/intphys2_probe_mlp_videomae_vit_huge_16_224_20260508T164741Z/layer_24/train/trial_0014",
            "params": {
              "batch_size": 32,
              "dropout": 0.47863040752173247,
              "epochs": 100,
              "hidden_dims": "1024x512x256",
              "lr": 0.00011038251665362917,
              "weight_decay": 0.00015990581904818112
            },
            "trial_number": 14,
            "value": 29.411764705882355
          },
          {
            "checkpoint": "artifacts/probes/intphys2/intphys2_probe_mlp_videomae_vit_huge_16_224_20260508T164741Z/layer_24/train/trial_0016/probe_best.pt",
            "eval_output_dir": "artifacts/probes/intphys2/intphys2_probe_mlp_videomae_vit_huge_16_224_20260508T164741Z/layer_24/train/trial_0016/val_eval",
            "output_dir": "artifacts/probes/intphys2/intphys2_probe_mlp_videomae_vit_huge_16_224_20260508T164741Z/layer_24/train/trial_0016",
            "params": {
              "batch_size": 128,
              "dropout": 0.016755558826512106,
              "epochs": 50,
              "hidden_dims": "512x256",
              "lr": 0.0006565628534662934,
              "weight_decay": 0.0014835106272763968
            },
            "trial_number": 16,
            "value": 31.372549019607842
          },
          {
            "checkpoint": "artifacts/probes/intphys2/intphys2_probe_mlp_videomae_vit_huge_16_224_20260508T164741Z/layer_24/train/trial_0019/probe_best.pt",
            "eval_output_dir": "artifacts/probes/intphys2/intphys2_probe_mlp_videomae_vit_huge_16_224_20260508T164741Z/layer_24/train/trial_0019/val_eval",
            "output_dir": "artifacts/probes/intphys2/intphys2_probe_mlp_videomae_vit_huge_16_224_20260508T164741Z/layer_24/train/trial_0019",
            "params": {
              "batch_size": 128,
              "dropout": 0.2884745869448389,
              "epochs": 50,
              "hidden_dims": "512",
              "lr": 0.0027623800704545468,
              "weight_decay": 6.867691807016495e-05
            },
            "trial_number": 19,
            "value": 25.49019607843137
          }
        ]
      }
    },
    {
      "checkpoint": "artifacts/probes/intphys2/intphys2_probe_mlp_videomae_vit_huge_16_224_20260508T164741Z/layer_32/train/trial_0000/probe_best.pt",
      "eval": {
        "base_eval": {
          "metrics": {
            "accuracy": 53.92156862745098,
            "accuracy_by_condition": {
              "continuity": 52.083333333333336,
              "immutability": 64.58333333333334,
              "permanence": 50.0,
              "solidity": 50.0
            },
            "n_samples": 204,
            "n_scenes": 51,
            "voe_accuracy": 29.411764705882355,
            "voe_by_condition": {
              "continuity": 16.666666666666664,
              "immutability": 66.66666666666666,
              "permanence": 41.66666666666667,
              "solidity": 0.0
            }
          },
          "output_dir": "artifacts/probes/intphys2/intphys2_probe_mlp_videomae_vit_huge_16_224_20260508T164741Z/layer_32/eval/test",
          "split_dir": "data/splits/intphys2"
        },
        "checkpoint": "artifacts/probes/intphys2/intphys2_probe_mlp_videomae_vit_huge_16_224_20260508T164741Z/layer_32/train/trial_0000/probe_best.pt",
        "dataset": "intphys2",
        "feature_signature": "1e642fe5ac5d5e7f",
        "metrics": {
          "accuracy": 53.92156862745098,
          "accuracy_by_condition": {
            "continuity": 52.083333333333336,
            "immutability": 64.58333333333334,
            "permanence": 50.0,
            "solidity": 50.0
          },
          "n_samples": 204,
          "n_scenes": 51,
          "voe_accuracy": 29.411764705882355,
          "voe_by_condition": {
            "continuity": 16.666666666666664,
            "immutability": 66.66666666666666,
            "permanence": 41.66666666666667,
            "solidity": 0.0
          }
        },
        "metrics_by_split": {
          "test": {
            "accuracy": 53.92156862745098,
            "accuracy_by_condition": {
              "continuity": 52.083333333333336,
              "immutability": 64.58333333333334,
              "permanence": 50.0,
              "solidity": 50.0
            },
            "n_samples": 204,
            "n_scenes": 51,
            "voe_accuracy": 29.411764705882355,
            "voe_by_condition": {
              "continuity": 16.666666666666664,
              "immutability": 66.66666666666666,
              "permanence": 41.66666666666667,
              "solidity": 0.0
            }
          },
          "train": {
            "accuracy": 74.17218543046357,
            "accuracy_by_condition": {
              "continuity": 76.38888888888889,
              "immutability": 72.22222222222221,
              "permanence": 72.91666666666666,
              "solidity": 75.0
            },
            "n_samples": 604,
            "n_scenes": 151,
            "voe_accuracy": 73.50993377483444,
            "voe_by_condition": {
              "continuity": 77.77777777777779,
              "immutability": 80.55555555555556,
              "permanence": 69.44444444444444,
              "solidity": 67.44186046511628
            }
          },
          "val": {
            "accuracy": 58.333333333333336,
            "accuracy_by_condition": {
              "continuity": 58.333333333333336,
              "immutability": 70.83333333333334,
              "permanence": 56.25,
              "solidity": 50.0
            },
            "n_samples": 204,
            "n_scenes": 51,
            "voe_accuracy": 29.411764705882355,
            "voe_by_condition": {
              "continuity": 33.33333333333333,
              "immutability": 50.0,
              "permanence": 33.33333333333333,
              "solidity": 6.666666666666667
            }
          }
        },
        "objective_metric": 29.411764705882355,
        "prediction_file": "artifacts/probes/intphys2/intphys2_probe_mlp_videomae_vit_huge_16_224_20260508T164741Z/layer_32/eval/test/probe_predictions.json",
        "prediction_files": {
          "test": "artifacts/probes/intphys2/intphys2_probe_mlp_videomae_vit_huge_16_224_20260508T164741Z/layer_32/eval/test/probe_predictions.json",
          "train": "artifacts/probes/intphys2/intphys2_probe_mlp_videomae_vit_huge_16_224_20260508T164741Z/layer_32/eval/train/probe_predictions.json",
          "val": "artifacts/probes/intphys2/intphys2_probe_mlp_videomae_vit_huge_16_224_20260508T164741Z/layer_32/eval/val/probe_predictions.json"
        },
        "probe_eval_dir": "artifacts/probes/intphys2/intphys2_probe_mlp_videomae_vit_huge_16_224_20260508T164741Z/layer_32/eval",
        "probe_name": "mlp",
        "reported_splits": [
          "train",
          "val",
          "test"
        ],
        "split_eval_dirs": {
          "test": "artifacts/probes/intphys2/intphys2_probe_mlp_videomae_vit_huge_16_224_20260508T164741Z/layer_32/eval/test",
          "train": "artifacts/probes/intphys2/intphys2_probe_mlp_videomae_vit_huge_16_224_20260508T164741Z/layer_32/eval/train",
          "val": "artifacts/probes/intphys2/intphys2_probe_mlp_videomae_vit_huge_16_224_20260508T164741Z/layer_32/eval/val"
        },
        "split_evals": {
          "test": {
            "base_eval": {
              "metrics": {
                "accuracy": 53.92156862745098,
                "accuracy_by_condition": {
                  "continuity": 52.083333333333336,
                  "immutability": 64.58333333333334,
                  "permanence": 50.0,
                  "solidity": 50.0
                },
                "n_samples": 204,
                "n_scenes": 51,
                "voe_accuracy": 29.411764705882355,
                "voe_by_condition": {
                  "continuity": 16.666666666666664,
                  "immutability": 66.66666666666666,
                  "permanence": 41.66666666666667,
                  "solidity": 0.0
                }
              },
              "output_dir": "artifacts/probes/intphys2/intphys2_probe_mlp_videomae_vit_huge_16_224_20260508T164741Z/layer_32/eval/test",
              "split_dir": "data/splits/intphys2"
            },
            "checkpoint": "artifacts/probes/intphys2/intphys2_probe_mlp_videomae_vit_huge_16_224_20260508T164741Z/layer_32/train/trial_0000/probe_best.pt",
            "dataset": "intphys2",
            "feature_signature": "1e642fe5ac5d5e7f",
            "metrics": {
              "accuracy": 53.92156862745098,
              "accuracy_by_condition": {
                "continuity": 52.083333333333336,
                "immutability": 64.58333333333334,
                "permanence": 50.0,
                "solidity": 50.0
              },
              "n_samples": 204,
              "n_scenes": 51,
              "voe_accuracy": 29.411764705882355,
              "voe_by_condition": {
                "continuity": 16.666666666666664,
                "immutability": 66.66666666666666,
                "permanence": 41.66666666666667,
                "solidity": 0.0
              }
            },
            "objective_metric": 29.411764705882355,
            "prediction_file": "artifacts/probes/intphys2/intphys2_probe_mlp_videomae_vit_huge_16_224_20260508T164741Z/layer_32/eval/test/probe_predictions.json",
            "probe_eval_dir": "artifacts/probes/intphys2/intphys2_probe_mlp_videomae_vit_huge_16_224_20260508T164741Z/layer_32/eval/test",
            "probe_name": "mlp",
            "split_name": "test"
          },
          "train": {
            "base_eval": {
              "metrics": {
                "accuracy": 74.17218543046357,
                "accuracy_by_condition": {
                  "continuity": 76.38888888888889,
                  "immutability": 72.22222222222221,
                  "permanence": 72.91666666666666,
                  "solidity": 75.0
                },
                "n_samples": 604,
                "n_scenes": 151,
                "voe_accuracy": 73.50993377483444,
                "voe_by_condition": {
                  "continuity": 77.77777777777779,
                  "immutability": 80.55555555555556,
                  "permanence": 69.44444444444444,
                  "solidity": 67.44186046511628
                }
              },
              "output_dir": "artifacts/probes/intphys2/intphys2_probe_mlp_videomae_vit_huge_16_224_20260508T164741Z/layer_32/eval/train",
              "split_dir": "data/splits/intphys2"
            },
            "checkpoint": "artifacts/probes/intphys2/intphys2_probe_mlp_videomae_vit_huge_16_224_20260508T164741Z/layer_32/train/trial_0000/probe_best.pt",
            "dataset": "intphys2",
            "feature_signature": "1e642fe5ac5d5e7f",
            "metrics": {
              "accuracy": 74.17218543046357,
              "accuracy_by_condition": {
                "continuity": 76.38888888888889,
                "immutability": 72.22222222222221,
                "permanence": 72.91666666666666,
                "solidity": 75.0
              },
              "n_samples": 604,
              "n_scenes": 151,
              "voe_accuracy": 73.50993377483444,
              "voe_by_condition": {
                "continuity": 77.77777777777779,
                "immutability": 80.55555555555556,
                "permanence": 69.44444444444444,
                "solidity": 67.44186046511628
              }
            },
            "objective_metric": 73.50993377483444,
            "prediction_file": "artifacts/probes/intphys2/intphys2_probe_mlp_videomae_vit_huge_16_224_20260508T164741Z/layer_32/eval/train/probe_predictions.json",
            "probe_eval_dir": "artifacts/probes/intphys2/intphys2_probe_mlp_videomae_vit_huge_16_224_20260508T164741Z/layer_32/eval/train",
            "probe_name": "mlp",
            "split_name": "train"
          },
          "val": {
            "base_eval": {
              "metrics": {
                "accuracy": 58.333333333333336,
                "accuracy_by_condition": {
                  "continuity": 58.333333333333336,
                  "immutability": 70.83333333333334,
                  "permanence": 56.25,
                  "solidity": 50.0
                },
                "n_samples": 204,
                "n_scenes": 51,
                "voe_accuracy": 29.411764705882355,
                "voe_by_condition": {
                  "continuity": 33.33333333333333,
                  "immutability": 50.0,
                  "permanence": 33.33333333333333,
                  "solidity": 6.666666666666667
                }
              },
              "output_dir": "artifacts/probes/intphys2/intphys2_probe_mlp_videomae_vit_huge_16_224_20260508T164741Z/layer_32/eval/val",
              "split_dir": "data/splits/intphys2"
            },
            "checkpoint": "artifacts/probes/intphys2/intphys2_probe_mlp_videomae_vit_huge_16_224_20260508T164741Z/layer_32/train/trial_0000/probe_best.pt",
            "dataset": "intphys2",
            "feature_signature": "1e642fe5ac5d5e7f",
            "metrics": {
              "accuracy": 58.333333333333336,
              "accuracy_by_condition": {
                "continuity": 58.333333333333336,
                "immutability": 70.83333333333334,
                "permanence": 56.25,
                "solidity": 50.0
              },
              "n_samples": 204,
              "n_scenes": 51,
              "voe_accuracy": 29.411764705882355,
              "voe_by_condition": {
                "continuity": 33.33333333333333,
                "immutability": 50.0,
                "permanence": 33.33333333333333,
                "solidity": 6.666666666666667
              }
            },
            "objective_metric": 29.411764705882355,
            "prediction_file": "artifacts/probes/intphys2/intphys2_probe_mlp_videomae_vit_huge_16_224_20260508T164741Z/layer_32/eval/val/probe_predictions.json",
            "probe_eval_dir": "artifacts/probes/intphys2/intphys2_probe_mlp_videomae_vit_huge_16_224_20260508T164741Z/layer_32/eval/val",
            "probe_name": "mlp",
            "split_name": "val"
          }
        },
        "split_name": "test"
      },
      "layer": 32,
      "layer_label": "32",
      "objective_metric": 29.411764705882355,
      "train": {
        "best_checkpoint": "artifacts/probes/intphys2/intphys2_probe_mlp_videomae_vit_huge_16_224_20260508T164741Z/layer_32/train/trial_0000/probe_best.pt",
        "best_eval_output_dir": "artifacts/probes/intphys2/intphys2_probe_mlp_videomae_vit_huge_16_224_20260508T164741Z/layer_32/train/trial_0000/val_eval",
        "best_output_dir": "artifacts/probes/intphys2/intphys2_probe_mlp_videomae_vit_huge_16_224_20260508T164741Z/layer_32/train/trial_0000",
        "best_params": {
          "batch_size": 32,
          "dropout": 0.21597250932105788,
          "epochs": 2000,
          "hidden_dims": "256",
          "lr": 0.0001329291894316216,
          "weight_decay": 0.005061576888752304
        },
        "best_trial_number": 0,
        "best_value": 29.411764705882355,
        "checkpoint": "artifacts/probes/intphys2/intphys2_probe_mlp_videomae_vit_huge_16_224_20260508T164741Z/layer_32/train/trial_0000/probe_best.pt",
        "dataset": "intphys2",
        "direction": "maximize",
        "layer": 32,
        "n_trials": 20,
        "objective_metric": "voe_accuracy",
        "output_dir": "artifacts/probes/intphys2/intphys2_probe_mlp_videomae_vit_huge_16_224_20260508T164741Z/layer_32/train",
        "probe_name": "mlp",
        "storage": "sqlite:////gpfs/home3/scur0511/Probe4Physics/artifacts/probes/intphys2/intphys2_probe_mlp_videomae_vit_huge_16_224_20260508T164741Z/layer_32/train/optuna_study.sqlite3",
        "study_name": "intphys2_mlp_videomae_vit_huge_16_224_layer_32",
        "trials": [
          {
            "checkpoint": "artifacts/probes/intphys2/intphys2_probe_mlp_videomae_vit_huge_16_224_20260508T164741Z/layer_32/train/trial_0000/probe_best.pt",
            "eval_output_dir": "artifacts/probes/intphys2/intphys2_probe_mlp_videomae_vit_huge_16_224_20260508T164741Z/layer_32/train/trial_0000/val_eval",
            "output_dir": "artifacts/probes/intphys2/intphys2_probe_mlp_videomae_vit_huge_16_224_20260508T164741Z/layer_32/train/trial_0000",
            "params": {
              "batch_size": 32,
              "dropout": 0.21597250932105788,
              "epochs": 2000,
              "hidden_dims": "256",
              "lr": 0.0001329291894316216,
              "weight_decay": 0.005061576888752304
            },
            "trial_number": 0,
            "value": 29.411764705882355
          },
          {
            "checkpoint": "artifacts/probes/intphys2/intphys2_probe_mlp_videomae_vit_huge_16_224_20260508T164741Z/layer_32/train/trial_0001/probe_best.pt",
            "eval_output_dir": "artifacts/probes/intphys2/intphys2_probe_mlp_videomae_vit_huge_16_224_20260508T164741Z/layer_32/train/trial_0001/val_eval",
            "output_dir": "artifacts/probes/intphys2/intphys2_probe_mlp_videomae_vit_huge_16_224_20260508T164741Z/layer_32/train/trial_0001",
            "params": {
              "batch_size": 256,
              "dropout": 0.048836057003191935,
              "epochs": 20,
              "hidden_dims": "512x256",
              "lr": 7.476312062252303e-05,
              "weight_decay": 4.689400963537693e-05
            },
            "trial_number": 1,
            "value": 27.450980392156865
          },
          {
            "checkpoint": "artifacts/probes/intphys2/intphys2_probe_mlp_videomae_vit_huge_16_224_20260508T164741Z/layer_32/train/trial_0002/probe_best.pt",
            "eval_output_dir": "artifacts/probes/intphys2/intphys2_probe_mlp_videomae_vit_huge_16_224_20260508T164741Z/layer_32/train/trial_0002/val_eval",
            "output_dir": "artifacts/probes/intphys2/intphys2_probe_mlp_videomae_vit_huge_16_224_20260508T164741Z/layer_32/train/trial_0002",
            "params": {
              "batch_size": 256,
              "dropout": 0.04424625102595975,
              "epochs": 50,
              "hidden_dims": "256",
              "lr": 0.0011290133559092666,
              "weight_decay": 4.374364439939069e-06
            },
            "trial_number": 2,
            "value": 23.52941176470588
          },
          {
            "checkpoint": "artifacts/probes/intphys2/intphys2_probe_mlp_videomae_vit_huge_16_224_20260508T164741Z/layer_32/train/trial_0006/probe_best.pt",
            "eval_output_dir": "artifacts/probes/intphys2/intphys2_probe_mlp_videomae_vit_huge_16_224_20260508T164741Z/layer_32/train/trial_0006/val_eval",
            "output_dir": "artifacts/probes/intphys2/intphys2_probe_mlp_videomae_vit_huge_16_224_20260508T164741Z/layer_32/train/trial_0006",
            "params": {
              "batch_size": 128,
              "dropout": 0.0599326836668414,
              "epochs": 50,
              "hidden_dims": "512",
              "lr": 0.000794714742465374,
              "weight_decay": 0.0016934155410667966
            },
            "trial_number": 6,
            "value": 23.52941176470588
          },
          {
            "checkpoint": "artifacts/probes/intphys2/intphys2_probe_mlp_videomae_vit_huge_16_224_20260508T164741Z/layer_32/train/trial_0007/probe_best.pt",
            "eval_output_dir": "artifacts/probes/intphys2/intphys2_probe_mlp_videomae_vit_huge_16_224_20260508T164741Z/layer_32/train/trial_0007/val_eval",
            "output_dir": "artifacts/probes/intphys2/intphys2_probe_mlp_videomae_vit_huge_16_224_20260508T164741Z/layer_32/train/trial_0007",
            "params": {
              "batch_size": 128,
              "dropout": 0.11978094533348621,
              "epochs": 20,
              "hidden_dims": "1024x512x1024",
              "lr": 0.00010300196600986775,
              "weight_decay": 0.0045442082254883295
            },
            "trial_number": 7,
            "value": 19.607843137254903
          },
          {
            "checkpoint": "artifacts/probes/intphys2/intphys2_probe_mlp_videomae_vit_huge_16_224_20260508T164741Z/layer_32/train/trial_0008/probe_best.pt",
            "eval_output_dir": "artifacts/probes/intphys2/intphys2_probe_mlp_videomae_vit_huge_16_224_20260508T164741Z/layer_32/train/trial_0008/val_eval",
            "output_dir": "artifacts/probes/intphys2/intphys2_probe_mlp_videomae_vit_huge_16_224_20260508T164741Z/layer_32/train/trial_0008",
            "params": {
              "batch_size": 32,
              "dropout": 0.3387821809211412,
              "epochs": 50,
              "hidden_dims": "512",
              "lr": 2.7207248059486674e-05,
              "weight_decay": 8.64403589520682e-06
            },
            "trial_number": 8,
            "value": 19.607843137254903
          },
          {
            "checkpoint": "artifacts/probes/intphys2/intphys2_probe_mlp_videomae_vit_huge_16_224_20260508T164741Z/layer_32/train/trial_0009/probe_best.pt",
            "eval_output_dir": "artifacts/probes/intphys2/intphys2_probe_mlp_videomae_vit_huge_16_224_20260508T164741Z/layer_32/train/trial_0009/val_eval",
            "output_dir": "artifacts/probes/intphys2/intphys2_probe_mlp_videomae_vit_huge_16_224_20260508T164741Z/layer_32/train/trial_0009",
            "params": {
              "batch_size": 256,
              "dropout": 0.12092614545022584,
              "epochs": 50,
              "hidden_dims": "256",
              "lr": 1.1214075785991125e-05,
              "weight_decay": 1.1818390883060214e-05
            },
            "trial_number": 9,
            "value": 13.725490196078432
          },
          {
            "checkpoint": "artifacts/probes/intphys2/intphys2_probe_mlp_videomae_vit_huge_16_224_20260508T164741Z/layer_32/train/trial_0011/probe_best.pt",
            "eval_output_dir": "artifacts/probes/intphys2/intphys2_probe_mlp_videomae_vit_huge_16_224_20260508T164741Z/layer_32/train/trial_0011/val_eval",
            "output_dir": "artifacts/probes/intphys2/intphys2_probe_mlp_videomae_vit_huge_16_224_20260508T164741Z/layer_32/train/trial_0011",
            "params": {
              "batch_size": 32,
              "dropout": 0.23223351992491975,
              "epochs": 20,
              "hidden_dims": "512x256",
              "lr": 0.0001507761241861534,
              "weight_decay": 0.0001952636185461836
            },
            "trial_number": 11,
            "value": 23.52941176470588
          },
          {
            "checkpoint": "artifacts/probes/intphys2/intphys2_probe_mlp_videomae_vit_huge_16_224_20260508T164741Z/layer_32/train/trial_0013/probe_best.pt",
            "eval_output_dir": "artifacts/probes/intphys2/intphys2_probe_mlp_videomae_vit_huge_16_224_20260508T164741Z/layer_32/train/trial_0013/val_eval",
            "output_dir": "artifacts/probes/intphys2/intphys2_probe_mlp_videomae_vit_huge_16_224_20260508T164741Z/layer_32/train/trial_0013",
            "params": {
              "batch_size": 256,
              "dropout": 0.16015259254014208,
              "epochs": 100,
              "hidden_dims": "1024",
              "lr": 0.0003961817591154835,
              "weight_decay": 0.00014128462010415776
            },
            "trial_number": 13,
            "value": 25.49019607843137
          },
          {
            "checkpoint": "artifacts/probes/intphys2/intphys2_probe_mlp_videomae_vit_huge_16_224_20260508T164741Z/layer_32/train/trial_0015/probe_best.pt",
            "eval_output_dir": "artifacts/probes/intphys2/intphys2_probe_mlp_videomae_vit_huge_16_224_20260508T164741Z/layer_32/train/trial_0015/val_eval",
            "output_dir": "artifacts/probes/intphys2/intphys2_probe_mlp_videomae_vit_huge_16_224_20260508T164741Z/layer_32/train/trial_0015",
            "params": {
              "batch_size": 256,
              "dropout": 0.30072403876432674,
              "epochs": 20,
              "hidden_dims": "1024",
              "lr": 4.9637104669171204e-05,
              "weight_decay": 4.78570419845307e-07
            },
            "trial_number": 15,
            "value": 15.686274509803921
          },
          {
            "checkpoint": "artifacts/probes/intphys2/intphys2_probe_mlp_videomae_vit_huge_16_224_20260508T164741Z/layer_32/train/trial_0016/probe_best.pt",
            "eval_output_dir": "artifacts/probes/intphys2/intphys2_probe_mlp_videomae_vit_huge_16_224_20260508T164741Z/layer_32/train/trial_0016/val_eval",
            "output_dir": "artifacts/probes/intphys2/intphys2_probe_mlp_videomae_vit_huge_16_224_20260508T164741Z/layer_32/train/trial_0016",
            "params": {
              "batch_size": 32,
              "dropout": 0.16591704146800457,
              "epochs": 100,
              "hidden_dims": "1024x512x256",
              "lr": 1.8341349739604664e-05,
              "weight_decay": 0.0008270437502580537
            },
            "trial_number": 16,
            "value": 21.568627450980394
          },
          {
            "checkpoint": "artifacts/probes/intphys2/intphys2_probe_mlp_videomae_vit_huge_16_224_20260508T164741Z/layer_32/train/trial_0019/probe_best.pt",
            "eval_output_dir": "artifacts/probes/intphys2/intphys2_probe_mlp_videomae_vit_huge_16_224_20260508T164741Z/layer_32/train/trial_0019/val_eval",
            "output_dir": "artifacts/probes/intphys2/intphys2_probe_mlp_videomae_vit_huge_16_224_20260508T164741Z/layer_32/train/trial_0019",
            "params": {
              "batch_size": 32,
              "dropout": 0.09151650142522019,
              "epochs": 20,
              "hidden_dims": "256",
              "lr": 0.0027623800704545468,
              "weight_decay": 5.444458216778845e-05
            },
            "trial_number": 19,
            "value": 21.568627450980394
          }
        ]
      }
    }
  ],
  "model_selection_split": "val",
  "objective_metric_name": "voe_accuracy",
  "probe_name": "mlp",
  "reported_splits": [
    "train",
    "val",
    "test"
  ],
  "requested_layers": [
    8,
    16,
    24,
    32
  ],
  "split_name": "test",
  "sweep_dir": "artifacts/probes/intphys2/intphys2_probe_mlp_videomae_vit_huge_16_224_20260508T164741Z",
  "train_split": "train"
}
JOB_END_UTC=2026-05-08T17:08:01Z
JOB_ELAPSED_SECONDS=1224
