===== TRAIN PROVENANCE =====
Fri May  8 16:47:07 UTC 2026
tcn108.local.snellius.surf.nl
999d19ef765342e0bd42ee07e9e2db5bba7c1441
Python 3.11.15
/home/scur0511/.conda/envs/probe4physics-gpu/bin/python
REPO_ROOT=/gpfs/home3/scur0511/Probe4Physics
DATASET_NAME=intphys2
PROBE_NAME=mlp
BACKBONE_NAME=jepa_v1
BACKBONE_VARIANT=vith16_384
PROBE_EPOCHS=<config default>
PROBE_DEVICE=cpu
PROBE_LAYER=last
PROBE_LAYERS=8,16,24,32
PROBE_FEATURE_VIEW=pooled
ENABLE_WANDB=true
WANDB_PROJECT=probe4physics
WANDB_MODE=online
EXPERIMENT_NAME=intphys2.jepa_v1_vith16_384.probe
WANDB_GROUP=intphys2_mlp_jepa_v1_vith16_384
ENABLE_OPTUNA=true
OPTUNA_N_TRIALS=20
OPTUNA_N_JOBS=1
OPTUNA_TIMEOUT_SECONDS=0
ENABLE_OPTUNA_PRUNER=true
OPTUNA_PRUNER_STARTUP_TRIALS=3
OPTUNA_PRUNER_WARMUP_STEPS=100
OPTUNA_PRUNER_INTERVAL_STEPS=1
OPTUNA_STUDY_NAME=intphys2_mlp_jepa_v1_vith16_384
OPTUNA_SEARCH_OVERRIDES=probe.optuna.search_space.epochs.enabled=true probe.optuna.search_space.epochs.choices=[20,50,100,500,1000,2000]
============================
JOB_START_UTC=2026-05-08T16:47:08Z
{
  "best_layer": null,
  "best_layer_label": null,
  "best_objective_metric": null,
  "dataset": "intphys2",
  "feature_view": "pooled",
  "layers": [
    {
      "checkpoint": "artifacts/probes/intphys2/intphys2_probe_mlp_jepa_v1_vith16_384_20260508T164713Z/layer_8/train/trial_0002/probe_best.pt",
      "eval": {
        "base_eval": {
          "metrics": {
            "accuracy": 52.450980392156865,
            "accuracy_by_condition": {
              "continuity": 50.0,
              "immutability": 50.0,
              "permanence": 50.0,
              "solidity": 58.333333333333336
            },
            "n_samples": 204,
            "n_scenes": 51,
            "voe_accuracy": 15.686274509803921,
            "voe_by_condition": {
              "continuity": 0.0,
              "immutability": 16.666666666666664,
              "permanence": 8.333333333333332,
              "solidity": 33.33333333333333
            }
          },
          "output_dir": "artifacts/probes/intphys2/intphys2_probe_mlp_jepa_v1_vith16_384_20260508T164713Z/layer_8/eval/test",
          "split_dir": "data/splits/intphys2"
        },
        "checkpoint": "artifacts/probes/intphys2/intphys2_probe_mlp_jepa_v1_vith16_384_20260508T164713Z/layer_8/train/trial_0002/probe_best.pt",
        "dataset": "intphys2",
        "feature_signature": "78346a9facde6609",
        "metrics": {
          "accuracy": 52.450980392156865,
          "accuracy_by_condition": {
            "continuity": 50.0,
            "immutability": 50.0,
            "permanence": 50.0,
            "solidity": 58.333333333333336
          },
          "n_samples": 204,
          "n_scenes": 51,
          "voe_accuracy": 15.686274509803921,
          "voe_by_condition": {
            "continuity": 0.0,
            "immutability": 16.666666666666664,
            "permanence": 8.333333333333332,
            "solidity": 33.33333333333333
          }
        },
        "metrics_by_split": {
          "test": {
            "accuracy": 52.450980392156865,
            "accuracy_by_condition": {
              "continuity": 50.0,
              "immutability": 50.0,
              "permanence": 50.0,
              "solidity": 58.333333333333336
            },
            "n_samples": 204,
            "n_scenes": 51,
            "voe_accuracy": 15.686274509803921,
            "voe_by_condition": {
              "continuity": 0.0,
              "immutability": 16.666666666666664,
              "permanence": 8.333333333333332,
              "solidity": 33.33333333333333
            }
          },
          "train": {
            "accuracy": 50.82781456953642,
            "accuracy_by_condition": {
              "continuity": 49.30555555555556,
              "immutability": 51.388888888888886,
              "permanence": 49.30555555555556,
              "solidity": 52.90697674418605
            },
            "n_samples": 604,
            "n_scenes": 151,
            "voe_accuracy": 33.11258278145696,
            "voe_by_condition": {
              "continuity": 44.44444444444444,
              "immutability": 33.33333333333333,
              "permanence": 33.33333333333333,
              "solidity": 23.25581395348837
            }
          },
          "val": {
            "accuracy": 51.9607843137255,
            "accuracy_by_condition": {
              "continuity": 50.0,
              "immutability": 50.0,
              "permanence": 54.166666666666664,
              "solidity": 53.333333333333336
            },
            "n_samples": 204,
            "n_scenes": 51,
            "voe_accuracy": 21.568627450980394,
            "voe_by_condition": {
              "continuity": 0.0,
              "immutability": 33.33333333333333,
              "permanence": 33.33333333333333,
              "solidity": 20.0
            }
          }
        },
        "objective_metric": 15.686274509803921,
        "prediction_file": "artifacts/probes/intphys2/intphys2_probe_mlp_jepa_v1_vith16_384_20260508T164713Z/layer_8/eval/test/probe_predictions.json",
        "prediction_files": {
          "test": "artifacts/probes/intphys2/intphys2_probe_mlp_jepa_v1_vith16_384_20260508T164713Z/layer_8/eval/test/probe_predictions.json",
          "train": "artifacts/probes/intphys2/intphys2_probe_mlp_jepa_v1_vith16_384_20260508T164713Z/layer_8/eval/train/probe_predictions.json",
          "val": "artifacts/probes/intphys2/intphys2_probe_mlp_jepa_v1_vith16_384_20260508T164713Z/layer_8/eval/val/probe_predictions.json"
        },
        "probe_eval_dir": "artifacts/probes/intphys2/intphys2_probe_mlp_jepa_v1_vith16_384_20260508T164713Z/layer_8/eval",
        "probe_name": "mlp",
        "reported_splits": [
          "train",
          "val",
          "test"
        ],
        "split_eval_dirs": {
          "test": "artifacts/probes/intphys2/intphys2_probe_mlp_jepa_v1_vith16_384_20260508T164713Z/layer_8/eval/test",
          "train": "artifacts/probes/intphys2/intphys2_probe_mlp_jepa_v1_vith16_384_20260508T164713Z/layer_8/eval/train",
          "val": "artifacts/probes/intphys2/intphys2_probe_mlp_jepa_v1_vith16_384_20260508T164713Z/layer_8/eval/val"
        },
        "split_evals": {
          "test": {
            "base_eval": {
              "metrics": {
                "accuracy": 52.450980392156865,
                "accuracy_by_condition": {
                  "continuity": 50.0,
                  "immutability": 50.0,
                  "permanence": 50.0,
                  "solidity": 58.333333333333336
                },
                "n_samples": 204,
                "n_scenes": 51,
                "voe_accuracy": 15.686274509803921,
                "voe_by_condition": {
                  "continuity": 0.0,
                  "immutability": 16.666666666666664,
                  "permanence": 8.333333333333332,
                  "solidity": 33.33333333333333
                }
              },
              "output_dir": "artifacts/probes/intphys2/intphys2_probe_mlp_jepa_v1_vith16_384_20260508T164713Z/layer_8/eval/test",
              "split_dir": "data/splits/intphys2"
            },
            "checkpoint": "artifacts/probes/intphys2/intphys2_probe_mlp_jepa_v1_vith16_384_20260508T164713Z/layer_8/train/trial_0002/probe_best.pt",
            "dataset": "intphys2",
            "feature_signature": "78346a9facde6609",
            "metrics": {
              "accuracy": 52.450980392156865,
              "accuracy_by_condition": {
                "continuity": 50.0,
                "immutability": 50.0,
                "permanence": 50.0,
                "solidity": 58.333333333333336
              },
              "n_samples": 204,
              "n_scenes": 51,
              "voe_accuracy": 15.686274509803921,
              "voe_by_condition": {
                "continuity": 0.0,
                "immutability": 16.666666666666664,
                "permanence": 8.333333333333332,
                "solidity": 33.33333333333333
              }
            },
            "objective_metric": 15.686274509803921,
            "prediction_file": "artifacts/probes/intphys2/intphys2_probe_mlp_jepa_v1_vith16_384_20260508T164713Z/layer_8/eval/test/probe_predictions.json",
            "probe_eval_dir": "artifacts/probes/intphys2/intphys2_probe_mlp_jepa_v1_vith16_384_20260508T164713Z/layer_8/eval/test",
            "probe_name": "mlp",
            "split_name": "test"
          },
          "train": {
            "base_eval": {
              "metrics": {
                "accuracy": 50.82781456953642,
                "accuracy_by_condition": {
                  "continuity": 49.30555555555556,
                  "immutability": 51.388888888888886,
                  "permanence": 49.30555555555556,
                  "solidity": 52.90697674418605
                },
                "n_samples": 604,
                "n_scenes": 151,
                "voe_accuracy": 33.11258278145696,
                "voe_by_condition": {
                  "continuity": 44.44444444444444,
                  "immutability": 33.33333333333333,
                  "permanence": 33.33333333333333,
                  "solidity": 23.25581395348837
                }
              },
              "output_dir": "artifacts/probes/intphys2/intphys2_probe_mlp_jepa_v1_vith16_384_20260508T164713Z/layer_8/eval/train",
              "split_dir": "data/splits/intphys2"
            },
            "checkpoint": "artifacts/probes/intphys2/intphys2_probe_mlp_jepa_v1_vith16_384_20260508T164713Z/layer_8/train/trial_0002/probe_best.pt",
            "dataset": "intphys2",
            "feature_signature": "78346a9facde6609",
            "metrics": {
              "accuracy": 50.82781456953642,
              "accuracy_by_condition": {
                "continuity": 49.30555555555556,
                "immutability": 51.388888888888886,
                "permanence": 49.30555555555556,
                "solidity": 52.90697674418605
              },
              "n_samples": 604,
              "n_scenes": 151,
              "voe_accuracy": 33.11258278145696,
              "voe_by_condition": {
                "continuity": 44.44444444444444,
                "immutability": 33.33333333333333,
                "permanence": 33.33333333333333,
                "solidity": 23.25581395348837
              }
            },
            "objective_metric": 33.11258278145696,
            "prediction_file": "artifacts/probes/intphys2/intphys2_probe_mlp_jepa_v1_vith16_384_20260508T164713Z/layer_8/eval/train/probe_predictions.json",
            "probe_eval_dir": "artifacts/probes/intphys2/intphys2_probe_mlp_jepa_v1_vith16_384_20260508T164713Z/layer_8/eval/train",
            "probe_name": "mlp",
            "split_name": "train"
          },
          "val": {
            "base_eval": {
              "metrics": {
                "accuracy": 51.9607843137255,
                "accuracy_by_condition": {
                  "continuity": 50.0,
                  "immutability": 50.0,
                  "permanence": 54.166666666666664,
                  "solidity": 53.333333333333336
                },
                "n_samples": 204,
                "n_scenes": 51,
                "voe_accuracy": 21.568627450980394,
                "voe_by_condition": {
                  "continuity": 0.0,
                  "immutability": 33.33333333333333,
                  "permanence": 33.33333333333333,
                  "solidity": 20.0
                }
              },
              "output_dir": "artifacts/probes/intphys2/intphys2_probe_mlp_jepa_v1_vith16_384_20260508T164713Z/layer_8/eval/val",
              "split_dir": "data/splits/intphys2"
            },
            "checkpoint": "artifacts/probes/intphys2/intphys2_probe_mlp_jepa_v1_vith16_384_20260508T164713Z/layer_8/train/trial_0002/probe_best.pt",
            "dataset": "intphys2",
            "feature_signature": "78346a9facde6609",
            "metrics": {
              "accuracy": 51.9607843137255,
              "accuracy_by_condition": {
                "continuity": 50.0,
                "immutability": 50.0,
                "permanence": 54.166666666666664,
                "solidity": 53.333333333333336
              },
              "n_samples": 204,
              "n_scenes": 51,
              "voe_accuracy": 21.568627450980394,
              "voe_by_condition": {
                "continuity": 0.0,
                "immutability": 33.33333333333333,
                "permanence": 33.33333333333333,
                "solidity": 20.0
              }
            },
            "objective_metric": 21.568627450980394,
            "prediction_file": "artifacts/probes/intphys2/intphys2_probe_mlp_jepa_v1_vith16_384_20260508T164713Z/layer_8/eval/val/probe_predictions.json",
            "probe_eval_dir": "artifacts/probes/intphys2/intphys2_probe_mlp_jepa_v1_vith16_384_20260508T164713Z/layer_8/eval/val",
            "probe_name": "mlp",
            "split_name": "val"
          }
        },
        "split_name": "test"
      },
      "layer": 8,
      "layer_label": "8",
      "objective_metric": 15.686274509803921,
      "train": {
        "best_checkpoint": "artifacts/probes/intphys2/intphys2_probe_mlp_jepa_v1_vith16_384_20260508T164713Z/layer_8/train/trial_0002/probe_best.pt",
        "best_eval_output_dir": "artifacts/probes/intphys2/intphys2_probe_mlp_jepa_v1_vith16_384_20260508T164713Z/layer_8/train/trial_0002/val_eval",
        "best_output_dir": "artifacts/probes/intphys2/intphys2_probe_mlp_jepa_v1_vith16_384_20260508T164713Z/layer_8/train/trial_0002",
        "best_params": {
          "batch_size": 256,
          "dropout": 0.04424625102595975,
          "epochs": 50,
          "hidden_dims": "256",
          "lr": 0.0011290133559092666,
          "weight_decay": 4.374364439939069e-06
        },
        "best_trial_number": 2,
        "best_value": 21.568627450980394,
        "checkpoint": "artifacts/probes/intphys2/intphys2_probe_mlp_jepa_v1_vith16_384_20260508T164713Z/layer_8/train/trial_0002/probe_best.pt",
        "dataset": "intphys2",
        "direction": "maximize",
        "layer": 8,
        "n_trials": 20,
        "objective_metric": "voe_accuracy",
        "output_dir": "artifacts/probes/intphys2/intphys2_probe_mlp_jepa_v1_vith16_384_20260508T164713Z/layer_8/train",
        "probe_name": "mlp",
        "storage": "sqlite:////gpfs/home3/scur0511/Probe4Physics/artifacts/probes/intphys2/intphys2_probe_mlp_jepa_v1_vith16_384_20260508T164713Z/layer_8/train/optuna_study.sqlite3",
        "study_name": "intphys2_mlp_jepa_v1_vith16_384_layer_8",
        "trials": [
          {
            "checkpoint": "artifacts/probes/intphys2/intphys2_probe_mlp_jepa_v1_vith16_384_20260508T164713Z/layer_8/train/trial_0000/probe_best.pt",
            "eval_output_dir": "artifacts/probes/intphys2/intphys2_probe_mlp_jepa_v1_vith16_384_20260508T164713Z/layer_8/train/trial_0000/val_eval",
            "output_dir": "artifacts/probes/intphys2/intphys2_probe_mlp_jepa_v1_vith16_384_20260508T164713Z/layer_8/train/trial_0000",
            "params": {
              "batch_size": 32,
              "dropout": 0.21597250932105788,
              "epochs": 2000,
              "hidden_dims": "256",
              "lr": 0.0001329291894316216,
              "weight_decay": 0.005061576888752304
            },
            "trial_number": 0,
            "value": 17.647058823529413
          },
          {
            "checkpoint": "artifacts/probes/intphys2/intphys2_probe_mlp_jepa_v1_vith16_384_20260508T164713Z/layer_8/train/trial_0001/probe_best.pt",
            "eval_output_dir": "artifacts/probes/intphys2/intphys2_probe_mlp_jepa_v1_vith16_384_20260508T164713Z/layer_8/train/trial_0001/val_eval",
            "output_dir": "artifacts/probes/intphys2/intphys2_probe_mlp_jepa_v1_vith16_384_20260508T164713Z/layer_8/train/trial_0001",
            "params": {
              "batch_size": 256,
              "dropout": 0.048836057003191935,
              "epochs": 20,
              "hidden_dims": "512x256",
              "lr": 7.476312062252303e-05,
              "weight_decay": 4.689400963537693e-05
            },
            "trial_number": 1,
            "value": 11.76470588235294
          },
          {
            "checkpoint": "artifacts/probes/intphys2/intphys2_probe_mlp_jepa_v1_vith16_384_20260508T164713Z/layer_8/train/trial_0002/probe_best.pt",
            "eval_output_dir": "artifacts/probes/intphys2/intphys2_probe_mlp_jepa_v1_vith16_384_20260508T164713Z/layer_8/train/trial_0002/val_eval",
            "output_dir": "artifacts/probes/intphys2/intphys2_probe_mlp_jepa_v1_vith16_384_20260508T164713Z/layer_8/train/trial_0002",
            "params": {
              "batch_size": 256,
              "dropout": 0.04424625102595975,
              "epochs": 50,
              "hidden_dims": "256",
              "lr": 0.0011290133559092666,
              "weight_decay": 4.374364439939069e-06
            },
            "trial_number": 2,
            "value": 21.568627450980394
          },
          {
            "checkpoint": "artifacts/probes/intphys2/intphys2_probe_mlp_jepa_v1_vith16_384_20260508T164713Z/layer_8/train/trial_0006/probe_best.pt",
            "eval_output_dir": "artifacts/probes/intphys2/intphys2_probe_mlp_jepa_v1_vith16_384_20260508T164713Z/layer_8/train/trial_0006/val_eval",
            "output_dir": "artifacts/probes/intphys2/intphys2_probe_mlp_jepa_v1_vith16_384_20260508T164713Z/layer_8/train/trial_0006",
            "params": {
              "batch_size": 128,
              "dropout": 0.0599326836668414,
              "epochs": 50,
              "hidden_dims": "512",
              "lr": 0.000794714742465374,
              "weight_decay": 0.0016934155410667966
            },
            "trial_number": 6,
            "value": 13.725490196078432
          },
          {
            "checkpoint": "artifacts/probes/intphys2/intphys2_probe_mlp_jepa_v1_vith16_384_20260508T164713Z/layer_8/train/trial_0007/probe_best.pt",
            "eval_output_dir": "artifacts/probes/intphys2/intphys2_probe_mlp_jepa_v1_vith16_384_20260508T164713Z/layer_8/train/trial_0007/val_eval",
            "output_dir": "artifacts/probes/intphys2/intphys2_probe_mlp_jepa_v1_vith16_384_20260508T164713Z/layer_8/train/trial_0007",
            "params": {
              "batch_size": 128,
              "dropout": 0.11978094533348621,
              "epochs": 20,
              "hidden_dims": "1024x512x1024",
              "lr": 0.00010300196600986775,
              "weight_decay": 0.0045442082254883295
            },
            "trial_number": 7,
            "value": 11.76470588235294
          },
          {
            "checkpoint": "artifacts/probes/intphys2/intphys2_probe_mlp_jepa_v1_vith16_384_20260508T164713Z/layer_8/train/trial_0008/probe_best.pt",
            "eval_output_dir": "artifacts/probes/intphys2/intphys2_probe_mlp_jepa_v1_vith16_384_20260508T164713Z/layer_8/train/trial_0008/val_eval",
            "output_dir": "artifacts/probes/intphys2/intphys2_probe_mlp_jepa_v1_vith16_384_20260508T164713Z/layer_8/train/trial_0008",
            "params": {
              "batch_size": 32,
              "dropout": 0.3387821809211412,
              "epochs": 50,
              "hidden_dims": "512",
              "lr": 2.7207248059486674e-05,
              "weight_decay": 8.64403589520682e-06
            },
            "trial_number": 8,
            "value": 11.76470588235294
          },
          {
            "checkpoint": "artifacts/probes/intphys2/intphys2_probe_mlp_jepa_v1_vith16_384_20260508T164713Z/layer_8/train/trial_0009/probe_best.pt",
            "eval_output_dir": "artifacts/probes/intphys2/intphys2_probe_mlp_jepa_v1_vith16_384_20260508T164713Z/layer_8/train/trial_0009/val_eval",
            "output_dir": "artifacts/probes/intphys2/intphys2_probe_mlp_jepa_v1_vith16_384_20260508T164713Z/layer_8/train/trial_0009",
            "params": {
              "batch_size": 256,
              "dropout": 0.12092614545022584,
              "epochs": 50,
              "hidden_dims": "256",
              "lr": 1.1214075785991125e-05,
              "weight_decay": 1.1818390883060214e-05
            },
            "trial_number": 9,
            "value": 13.725490196078432
          },
          {
            "checkpoint": "artifacts/probes/intphys2/intphys2_probe_mlp_jepa_v1_vith16_384_20260508T164713Z/layer_8/train/trial_0016/probe_best.pt",
            "eval_output_dir": "artifacts/probes/intphys2/intphys2_probe_mlp_jepa_v1_vith16_384_20260508T164713Z/layer_8/train/trial_0016/val_eval",
            "output_dir": "artifacts/probes/intphys2/intphys2_probe_mlp_jepa_v1_vith16_384_20260508T164713Z/layer_8/train/trial_0016",
            "params": {
              "batch_size": 32,
              "dropout": 0.16723284350489442,
              "epochs": 50,
              "hidden_dims": "512x256",
              "lr": 0.0001377376975923784,
              "weight_decay": 0.000369960521744469
            },
            "trial_number": 16,
            "value": 17.647058823529413
          },
          {
            "checkpoint": "artifacts/probes/intphys2/intphys2_probe_mlp_jepa_v1_vith16_384_20260508T164713Z/layer_8/train/trial_0019/probe_best.pt",
            "eval_output_dir": "artifacts/probes/intphys2/intphys2_probe_mlp_jepa_v1_vith16_384_20260508T164713Z/layer_8/train/trial_0019/val_eval",
            "output_dir": "artifacts/probes/intphys2/intphys2_probe_mlp_jepa_v1_vith16_384_20260508T164713Z/layer_8/train/trial_0019",
            "params": {
              "batch_size": 32,
              "dropout": 0.1579019216238744,
              "epochs": 50,
              "hidden_dims": "256",
              "lr": 0.002868473629593556,
              "weight_decay": 6.867691807016495e-05
            },
            "trial_number": 19,
            "value": 15.686274509803921
          }
        ]
      }
    },
    {
      "checkpoint": "artifacts/probes/intphys2/intphys2_probe_mlp_jepa_v1_vith16_384_20260508T164713Z/layer_16/train/trial_0000/probe_best.pt",
      "eval": {
        "base_eval": {
          "metrics": {
            "accuracy": 65.19607843137256,
            "accuracy_by_condition": {
              "continuity": 52.083333333333336,
              "immutability": 72.91666666666666,
              "permanence": 77.08333333333334,
              "solidity": 60.0
            },
            "n_samples": 204,
            "n_scenes": 51,
            "voe_accuracy": 45.09803921568628,
            "voe_by_condition": {
              "continuity": 16.666666666666664,
              "immutability": 58.333333333333336,
              "permanence": 75.0,
              "solidity": 33.33333333333333
            }
          },
          "output_dir": "artifacts/probes/intphys2/intphys2_probe_mlp_jepa_v1_vith16_384_20260508T164713Z/layer_16/eval/test",
          "split_dir": "data/splits/intphys2"
        },
        "checkpoint": "artifacts/probes/intphys2/intphys2_probe_mlp_jepa_v1_vith16_384_20260508T164713Z/layer_16/train/trial_0000/probe_best.pt",
        "dataset": "intphys2",
        "feature_signature": "78346a9facde6609",
        "metrics": {
          "accuracy": 65.19607843137256,
          "accuracy_by_condition": {
            "continuity": 52.083333333333336,
            "immutability": 72.91666666666666,
            "permanence": 77.08333333333334,
            "solidity": 60.0
          },
          "n_samples": 204,
          "n_scenes": 51,
          "voe_accuracy": 45.09803921568628,
          "voe_by_condition": {
            "continuity": 16.666666666666664,
            "immutability": 58.333333333333336,
            "permanence": 75.0,
            "solidity": 33.33333333333333
          }
        },
        "metrics_by_split": {
          "test": {
            "accuracy": 65.19607843137256,
            "accuracy_by_condition": {
              "continuity": 52.083333333333336,
              "immutability": 72.91666666666666,
              "permanence": 77.08333333333334,
              "solidity": 60.0
            },
            "n_samples": 204,
            "n_scenes": 51,
            "voe_accuracy": 45.09803921568628,
            "voe_by_condition": {
              "continuity": 16.666666666666664,
              "immutability": 58.333333333333336,
              "permanence": 75.0,
              "solidity": 33.33333333333333
            }
          },
          "train": {
            "accuracy": 94.20529801324503,
            "accuracy_by_condition": {
              "continuity": 94.44444444444444,
              "immutability": 97.22222222222221,
              "permanence": 90.27777777777779,
              "solidity": 94.76744186046511
            },
            "n_samples": 604,
            "n_scenes": 151,
            "voe_accuracy": 94.70198675496688,
            "voe_by_condition": {
              "continuity": 91.66666666666666,
              "immutability": 100.0,
              "permanence": 88.88888888888889,
              "solidity": 97.67441860465115
            }
          },
          "val": {
            "accuracy": 63.23529411764706,
            "accuracy_by_condition": {
              "continuity": 64.58333333333334,
              "immutability": 66.66666666666666,
              "permanence": 68.75,
              "solidity": 55.00000000000001
            },
            "n_samples": 204,
            "n_scenes": 51,
            "voe_accuracy": 45.09803921568628,
            "voe_by_condition": {
              "continuity": 50.0,
              "immutability": 58.333333333333336,
              "permanence": 66.66666666666666,
              "solidity": 13.333333333333334
            }
          }
        },
        "objective_metric": 45.09803921568628,
        "prediction_file": "artifacts/probes/intphys2/intphys2_probe_mlp_jepa_v1_vith16_384_20260508T164713Z/layer_16/eval/test/probe_predictions.json",
        "prediction_files": {
          "test": "artifacts/probes/intphys2/intphys2_probe_mlp_jepa_v1_vith16_384_20260508T164713Z/layer_16/eval/test/probe_predictions.json",
          "train": "artifacts/probes/intphys2/intphys2_probe_mlp_jepa_v1_vith16_384_20260508T164713Z/layer_16/eval/train/probe_predictions.json",
          "val": "artifacts/probes/intphys2/intphys2_probe_mlp_jepa_v1_vith16_384_20260508T164713Z/layer_16/eval/val/probe_predictions.json"
        },
        "probe_eval_dir": "artifacts/probes/intphys2/intphys2_probe_mlp_jepa_v1_vith16_384_20260508T164713Z/layer_16/eval",
        "probe_name": "mlp",
        "reported_splits": [
          "train",
          "val",
          "test"
        ],
        "split_eval_dirs": {
          "test": "artifacts/probes/intphys2/intphys2_probe_mlp_jepa_v1_vith16_384_20260508T164713Z/layer_16/eval/test",
          "train": "artifacts/probes/intphys2/intphys2_probe_mlp_jepa_v1_vith16_384_20260508T164713Z/layer_16/eval/train",
          "val": "artifacts/probes/intphys2/intphys2_probe_mlp_jepa_v1_vith16_384_20260508T164713Z/layer_16/eval/val"
        },
        "split_evals": {
          "test": {
            "base_eval": {
              "metrics": {
                "accuracy": 65.19607843137256,
                "accuracy_by_condition": {
                  "continuity": 52.083333333333336,
                  "immutability": 72.91666666666666,
                  "permanence": 77.08333333333334,
                  "solidity": 60.0
                },
                "n_samples": 204,
                "n_scenes": 51,
                "voe_accuracy": 45.09803921568628,
                "voe_by_condition": {
                  "continuity": 16.666666666666664,
                  "immutability": 58.333333333333336,
                  "permanence": 75.0,
                  "solidity": 33.33333333333333
                }
              },
              "output_dir": "artifacts/probes/intphys2/intphys2_probe_mlp_jepa_v1_vith16_384_20260508T164713Z/layer_16/eval/test",
              "split_dir": "data/splits/intphys2"
            },
            "checkpoint": "artifacts/probes/intphys2/intphys2_probe_mlp_jepa_v1_vith16_384_20260508T164713Z/layer_16/train/trial_0000/probe_best.pt",
            "dataset": "intphys2",
            "feature_signature": "78346a9facde6609",
            "metrics": {
              "accuracy": 65.19607843137256,
              "accuracy_by_condition": {
                "continuity": 52.083333333333336,
                "immutability": 72.91666666666666,
                "permanence": 77.08333333333334,
                "solidity": 60.0
              },
              "n_samples": 204,
              "n_scenes": 51,
              "voe_accuracy": 45.09803921568628,
              "voe_by_condition": {
                "continuity": 16.666666666666664,
                "immutability": 58.333333333333336,
                "permanence": 75.0,
                "solidity": 33.33333333333333
              }
            },
            "objective_metric": 45.09803921568628,
            "prediction_file": "artifacts/probes/intphys2/intphys2_probe_mlp_jepa_v1_vith16_384_20260508T164713Z/layer_16/eval/test/probe_predictions.json",
            "probe_eval_dir": "artifacts/probes/intphys2/intphys2_probe_mlp_jepa_v1_vith16_384_20260508T164713Z/layer_16/eval/test",
            "probe_name": "mlp",
            "split_name": "test"
          },
          "train": {
            "base_eval": {
              "metrics": {
                "accuracy": 94.20529801324503,
                "accuracy_by_condition": {
                  "continuity": 94.44444444444444,
                  "immutability": 97.22222222222221,
                  "permanence": 90.27777777777779,
                  "solidity": 94.76744186046511
                },
                "n_samples": 604,
                "n_scenes": 151,
                "voe_accuracy": 94.70198675496688,
                "voe_by_condition": {
                  "continuity": 91.66666666666666,
                  "immutability": 100.0,
                  "permanence": 88.88888888888889,
                  "solidity": 97.67441860465115
                }
              },
              "output_dir": "artifacts/probes/intphys2/intphys2_probe_mlp_jepa_v1_vith16_384_20260508T164713Z/layer_16/eval/train",
              "split_dir": "data/splits/intphys2"
            },
            "checkpoint": "artifacts/probes/intphys2/intphys2_probe_mlp_jepa_v1_vith16_384_20260508T164713Z/layer_16/train/trial_0000/probe_best.pt",
            "dataset": "intphys2",
            "feature_signature": "78346a9facde6609",
            "metrics": {
              "accuracy": 94.20529801324503,
              "accuracy_by_condition": {
                "continuity": 94.44444444444444,
                "immutability": 97.22222222222221,
                "permanence": 90.27777777777779,
                "solidity": 94.76744186046511
              },
              "n_samples": 604,
              "n_scenes": 151,
              "voe_accuracy": 94.70198675496688,
              "voe_by_condition": {
                "continuity": 91.66666666666666,
                "immutability": 100.0,
                "permanence": 88.88888888888889,
                "solidity": 97.67441860465115
              }
            },
            "objective_metric": 94.70198675496688,
            "prediction_file": "artifacts/probes/intphys2/intphys2_probe_mlp_jepa_v1_vith16_384_20260508T164713Z/layer_16/eval/train/probe_predictions.json",
            "probe_eval_dir": "artifacts/probes/intphys2/intphys2_probe_mlp_jepa_v1_vith16_384_20260508T164713Z/layer_16/eval/train",
            "probe_name": "mlp",
            "split_name": "train"
          },
          "val": {
            "base_eval": {
              "metrics": {
                "accuracy": 63.23529411764706,
                "accuracy_by_condition": {
                  "continuity": 64.58333333333334,
                  "immutability": 66.66666666666666,
                  "permanence": 68.75,
                  "solidity": 55.00000000000001
                },
                "n_samples": 204,
                "n_scenes": 51,
                "voe_accuracy": 45.09803921568628,
                "voe_by_condition": {
                  "continuity": 50.0,
                  "immutability": 58.333333333333336,
                  "permanence": 66.66666666666666,
                  "solidity": 13.333333333333334
                }
              },
              "output_dir": "artifacts/probes/intphys2/intphys2_probe_mlp_jepa_v1_vith16_384_20260508T164713Z/layer_16/eval/val",
              "split_dir": "data/splits/intphys2"
            },
            "checkpoint": "artifacts/probes/intphys2/intphys2_probe_mlp_jepa_v1_vith16_384_20260508T164713Z/layer_16/train/trial_0000/probe_best.pt",
            "dataset": "intphys2",
            "feature_signature": "78346a9facde6609",
            "metrics": {
              "accuracy": 63.23529411764706,
              "accuracy_by_condition": {
                "continuity": 64.58333333333334,
                "immutability": 66.66666666666666,
                "permanence": 68.75,
                "solidity": 55.00000000000001
              },
              "n_samples": 204,
              "n_scenes": 51,
              "voe_accuracy": 45.09803921568628,
              "voe_by_condition": {
                "continuity": 50.0,
                "immutability": 58.333333333333336,
                "permanence": 66.66666666666666,
                "solidity": 13.333333333333334
              }
            },
            "objective_metric": 45.09803921568628,
            "prediction_file": "artifacts/probes/intphys2/intphys2_probe_mlp_jepa_v1_vith16_384_20260508T164713Z/layer_16/eval/val/probe_predictions.json",
            "probe_eval_dir": "artifacts/probes/intphys2/intphys2_probe_mlp_jepa_v1_vith16_384_20260508T164713Z/layer_16/eval/val",
            "probe_name": "mlp",
            "split_name": "val"
          }
        },
        "split_name": "test"
      },
      "layer": 16,
      "layer_label": "16",
      "objective_metric": 45.09803921568628,
      "train": {
        "best_checkpoint": "artifacts/probes/intphys2/intphys2_probe_mlp_jepa_v1_vith16_384_20260508T164713Z/layer_16/train/trial_0000/probe_best.pt",
        "best_eval_output_dir": "artifacts/probes/intphys2/intphys2_probe_mlp_jepa_v1_vith16_384_20260508T164713Z/layer_16/train/trial_0000/val_eval",
        "best_output_dir": "artifacts/probes/intphys2/intphys2_probe_mlp_jepa_v1_vith16_384_20260508T164713Z/layer_16/train/trial_0000",
        "best_params": {
          "batch_size": 32,
          "dropout": 0.21597250932105788,
          "epochs": 2000,
          "hidden_dims": "256",
          "lr": 0.0001329291894316216,
          "weight_decay": 0.005061576888752304
        },
        "best_trial_number": 0,
        "best_value": 45.09803921568628,
        "checkpoint": "artifacts/probes/intphys2/intphys2_probe_mlp_jepa_v1_vith16_384_20260508T164713Z/layer_16/train/trial_0000/probe_best.pt",
        "dataset": "intphys2",
        "direction": "maximize",
        "layer": 16,
        "n_trials": 20,
        "objective_metric": "voe_accuracy",
        "output_dir": "artifacts/probes/intphys2/intphys2_probe_mlp_jepa_v1_vith16_384_20260508T164713Z/layer_16/train",
        "probe_name": "mlp",
        "storage": "sqlite:////gpfs/home3/scur0511/Probe4Physics/artifacts/probes/intphys2/intphys2_probe_mlp_jepa_v1_vith16_384_20260508T164713Z/layer_16/train/optuna_study.sqlite3",
        "study_name": "intphys2_mlp_jepa_v1_vith16_384_layer_16",
        "trials": [
          {
            "checkpoint": "artifacts/probes/intphys2/intphys2_probe_mlp_jepa_v1_vith16_384_20260508T164713Z/layer_16/train/trial_0000/probe_best.pt",
            "eval_output_dir": "artifacts/probes/intphys2/intphys2_probe_mlp_jepa_v1_vith16_384_20260508T164713Z/layer_16/train/trial_0000/val_eval",
            "output_dir": "artifacts/probes/intphys2/intphys2_probe_mlp_jepa_v1_vith16_384_20260508T164713Z/layer_16/train/trial_0000",
            "params": {
              "batch_size": 32,
              "dropout": 0.21597250932105788,
              "epochs": 2000,
              "hidden_dims": "256",
              "lr": 0.0001329291894316216,
              "weight_decay": 0.005061576888752304
            },
            "trial_number": 0,
            "value": 45.09803921568628
          },
          {
            "checkpoint": "artifacts/probes/intphys2/intphys2_probe_mlp_jepa_v1_vith16_384_20260508T164713Z/layer_16/train/trial_0001/probe_best.pt",
            "eval_output_dir": "artifacts/probes/intphys2/intphys2_probe_mlp_jepa_v1_vith16_384_20260508T164713Z/layer_16/train/trial_0001/val_eval",
            "output_dir": "artifacts/probes/intphys2/intphys2_probe_mlp_jepa_v1_vith16_384_20260508T164713Z/layer_16/train/trial_0001",
            "params": {
              "batch_size": 256,
              "dropout": 0.048836057003191935,
              "epochs": 20,
              "hidden_dims": "512x256",
              "lr": 7.476312062252303e-05,
              "weight_decay": 4.689400963537693e-05
            },
            "trial_number": 1,
            "value": 29.411764705882355
          },
          {
            "checkpoint": "artifacts/probes/intphys2/intphys2_probe_mlp_jepa_v1_vith16_384_20260508T164713Z/layer_16/train/trial_0002/probe_best.pt",
            "eval_output_dir": "artifacts/probes/intphys2/intphys2_probe_mlp_jepa_v1_vith16_384_20260508T164713Z/layer_16/train/trial_0002/val_eval",
            "output_dir": "artifacts/probes/intphys2/intphys2_probe_mlp_jepa_v1_vith16_384_20260508T164713Z/layer_16/train/trial_0002",
            "params": {
              "batch_size": 256,
              "dropout": 0.04424625102595975,
              "epochs": 50,
              "hidden_dims": "256",
              "lr": 0.0011290133559092666,
              "weight_decay": 4.374364439939069e-06
            },
            "trial_number": 2,
            "value": 35.294117647058826
          },
          {
            "checkpoint": "artifacts/probes/intphys2/intphys2_probe_mlp_jepa_v1_vith16_384_20260508T164713Z/layer_16/train/trial_0006/probe_best.pt",
            "eval_output_dir": "artifacts/probes/intphys2/intphys2_probe_mlp_jepa_v1_vith16_384_20260508T164713Z/layer_16/train/trial_0006/val_eval",
            "output_dir": "artifacts/probes/intphys2/intphys2_probe_mlp_jepa_v1_vith16_384_20260508T164713Z/layer_16/train/trial_0006",
            "params": {
              "batch_size": 128,
              "dropout": 0.0599326836668414,
              "epochs": 50,
              "hidden_dims": "512",
              "lr": 0.000794714742465374,
              "weight_decay": 0.0016934155410667966
            },
            "trial_number": 6,
            "value": 35.294117647058826
          },
          {
            "checkpoint": "artifacts/probes/intphys2/intphys2_probe_mlp_jepa_v1_vith16_384_20260508T164713Z/layer_16/train/trial_0007/probe_best.pt",
            "eval_output_dir": "artifacts/probes/intphys2/intphys2_probe_mlp_jepa_v1_vith16_384_20260508T164713Z/layer_16/train/trial_0007/val_eval",
            "output_dir": "artifacts/probes/intphys2/intphys2_probe_mlp_jepa_v1_vith16_384_20260508T164713Z/layer_16/train/trial_0007",
            "params": {
              "batch_size": 128,
              "dropout": 0.11978094533348621,
              "epochs": 20,
              "hidden_dims": "1024x512x1024",
              "lr": 0.00010300196600986775,
              "weight_decay": 0.0045442082254883295
            },
            "trial_number": 7,
            "value": 17.647058823529413
          },
          {
            "checkpoint": "artifacts/probes/intphys2/intphys2_probe_mlp_jepa_v1_vith16_384_20260508T164713Z/layer_16/train/trial_0008/probe_best.pt",
            "eval_output_dir": "artifacts/probes/intphys2/intphys2_probe_mlp_jepa_v1_vith16_384_20260508T164713Z/layer_16/train/trial_0008/val_eval",
            "output_dir": "artifacts/probes/intphys2/intphys2_probe_mlp_jepa_v1_vith16_384_20260508T164713Z/layer_16/train/trial_0008",
            "params": {
              "batch_size": 32,
              "dropout": 0.3387821809211412,
              "epochs": 50,
              "hidden_dims": "512",
              "lr": 2.7207248059486674e-05,
              "weight_decay": 8.64403589520682e-06
            },
            "trial_number": 8,
            "value": 35.294117647058826
          },
          {
            "checkpoint": "artifacts/probes/intphys2/intphys2_probe_mlp_jepa_v1_vith16_384_20260508T164713Z/layer_16/train/trial_0009/probe_best.pt",
            "eval_output_dir": "artifacts/probes/intphys2/intphys2_probe_mlp_jepa_v1_vith16_384_20260508T164713Z/layer_16/train/trial_0009/val_eval",
            "output_dir": "artifacts/probes/intphys2/intphys2_probe_mlp_jepa_v1_vith16_384_20260508T164713Z/layer_16/train/trial_0009",
            "params": {
              "batch_size": 256,
              "dropout": 0.12092614545022584,
              "epochs": 50,
              "hidden_dims": "256",
              "lr": 1.1214075785991125e-05,
              "weight_decay": 1.1818390883060214e-05
            },
            "trial_number": 9,
            "value": 21.568627450980394
          },
          {
            "checkpoint": "artifacts/probes/intphys2/intphys2_probe_mlp_jepa_v1_vith16_384_20260508T164713Z/layer_16/train/trial_0011/probe_best.pt",
            "eval_output_dir": "artifacts/probes/intphys2/intphys2_probe_mlp_jepa_v1_vith16_384_20260508T164713Z/layer_16/train/trial_0011/val_eval",
            "output_dir": "artifacts/probes/intphys2/intphys2_probe_mlp_jepa_v1_vith16_384_20260508T164713Z/layer_16/train/trial_0011",
            "params": {
              "batch_size": 32,
              "dropout": 0.23297711653873787,
              "epochs": 100,
              "hidden_dims": "1024",
              "lr": 0.0003492823457114943,
              "weight_decay": 7.619436507678932e-07
            },
            "trial_number": 11,
            "value": 39.21568627450981
          },
          {
            "checkpoint": "artifacts/probes/intphys2/intphys2_probe_mlp_jepa_v1_vith16_384_20260508T164713Z/layer_16/train/trial_0012/probe_best.pt",
            "eval_output_dir": "artifacts/probes/intphys2/intphys2_probe_mlp_jepa_v1_vith16_384_20260508T164713Z/layer_16/train/trial_0012/val_eval",
            "output_dir": "artifacts/probes/intphys2/intphys2_probe_mlp_jepa_v1_vith16_384_20260508T164713Z/layer_16/train/trial_0012",
            "params": {
              "batch_size": 32,
              "dropout": 0.24259083131402,
              "epochs": 100,
              "hidden_dims": "1024",
              "lr": 0.00024380003254969372,
              "weight_decay": 3.8788151020745613e-07
            },
            "trial_number": 12,
            "value": 37.254901960784316
          },
          {
            "checkpoint": "artifacts/probes/intphys2/intphys2_probe_mlp_jepa_v1_vith16_384_20260508T164713Z/layer_16/train/trial_0013/probe_best.pt",
            "eval_output_dir": "artifacts/probes/intphys2/intphys2_probe_mlp_jepa_v1_vith16_384_20260508T164713Z/layer_16/train/trial_0013/val_eval",
            "output_dir": "artifacts/probes/intphys2/intphys2_probe_mlp_jepa_v1_vith16_384_20260508T164713Z/layer_16/train/trial_0013",
            "params": {
              "batch_size": 32,
              "dropout": 0.18874714269275888,
              "epochs": 100,
              "hidden_dims": "1024",
              "lr": 0.000159754267808109,
              "weight_decay": 1.932990918252278e-07
            },
            "trial_number": 13,
            "value": 37.254901960784316
          },
          {
            "checkpoint": "artifacts/probes/intphys2/intphys2_probe_mlp_jepa_v1_vith16_384_20260508T164713Z/layer_16/train/trial_0016/probe_best.pt",
            "eval_output_dir": "artifacts/probes/intphys2/intphys2_probe_mlp_jepa_v1_vith16_384_20260508T164713Z/layer_16/train/trial_0016/val_eval",
            "output_dir": "artifacts/probes/intphys2/intphys2_probe_mlp_jepa_v1_vith16_384_20260508T164713Z/layer_16/train/trial_0016",
            "params": {
              "batch_size": 32,
              "dropout": 0.15501736906740068,
              "epochs": 100,
              "hidden_dims": "512x256",
              "lr": 0.0004346609466153822,
              "weight_decay": 8.479407291348395e-07
            },
            "trial_number": 16,
            "value": 33.33333333333333
          },
          {
            "checkpoint": "artifacts/probes/intphys2/intphys2_probe_mlp_jepa_v1_vith16_384_20260508T164713Z/layer_16/train/trial_0019/probe_best.pt",
            "eval_output_dir": "artifacts/probes/intphys2/intphys2_probe_mlp_jepa_v1_vith16_384_20260508T164713Z/layer_16/train/trial_0019/val_eval",
            "output_dir": "artifacts/probes/intphys2/intphys2_probe_mlp_jepa_v1_vith16_384_20260508T164713Z/layer_16/train/trial_0019",
            "params": {
              "batch_size": 64,
              "dropout": 0.1906509759084042,
              "epochs": 100,
              "hidden_dims": "1024",
              "lr": 1.9271614885597854e-05,
              "weight_decay": 7.291225533370923e-08
            },
            "trial_number": 19,
            "value": 31.372549019607842
          }
        ]
      }
    },
    {
      "checkpoint": "artifacts/probes/intphys2/intphys2_probe_mlp_jepa_v1_vith16_384_20260508T164713Z/layer_24/train/trial_0015/probe_best.pt",
      "eval": {
        "base_eval": {
          "metrics": {
            "accuracy": 63.725490196078425,
            "accuracy_by_condition": {
              "continuity": 56.25,
              "immutability": 70.83333333333334,
              "permanence": 81.25,
              "solidity": 50.0
            },
            "n_samples": 204,
            "n_scenes": 51,
            "voe_accuracy": 45.09803921568628,
            "voe_by_condition": {
              "continuity": 33.33333333333333,
              "immutability": 66.66666666666666,
              "permanence": 83.33333333333334,
              "solidity": 6.666666666666667
            }
          },
          "output_dir": "artifacts/probes/intphys2/intphys2_probe_mlp_jepa_v1_vith16_384_20260508T164713Z/layer_24/eval/test",
          "split_dir": "data/splits/intphys2"
        },
        "checkpoint": "artifacts/probes/intphys2/intphys2_probe_mlp_jepa_v1_vith16_384_20260508T164713Z/layer_24/train/trial_0015/probe_best.pt",
        "dataset": "intphys2",
        "feature_signature": "78346a9facde6609",
        "metrics": {
          "accuracy": 63.725490196078425,
          "accuracy_by_condition": {
            "continuity": 56.25,
            "immutability": 70.83333333333334,
            "permanence": 81.25,
            "solidity": 50.0
          },
          "n_samples": 204,
          "n_scenes": 51,
          "voe_accuracy": 45.09803921568628,
          "voe_by_condition": {
            "continuity": 33.33333333333333,
            "immutability": 66.66666666666666,
            "permanence": 83.33333333333334,
            "solidity": 6.666666666666667
          }
        },
        "metrics_by_split": {
          "test": {
            "accuracy": 63.725490196078425,
            "accuracy_by_condition": {
              "continuity": 56.25,
              "immutability": 70.83333333333334,
              "permanence": 81.25,
              "solidity": 50.0
            },
            "n_samples": 204,
            "n_scenes": 51,
            "voe_accuracy": 45.09803921568628,
            "voe_by_condition": {
              "continuity": 33.33333333333333,
              "immutability": 66.66666666666666,
              "permanence": 83.33333333333334,
              "solidity": 6.666666666666667
            }
          },
          "train": {
            "accuracy": 67.88079470198676,
            "accuracy_by_condition": {
              "continuity": 72.91666666666666,
              "immutability": 74.30555555555556,
              "permanence": 71.52777777777779,
              "solidity": 55.23255813953488
            },
            "n_samples": 604,
            "n_scenes": 151,
            "voe_accuracy": 63.576158940397356,
            "voe_by_condition": {
              "continuity": 75.0,
              "immutability": 86.11111111111111,
              "permanence": 69.44444444444444,
              "solidity": 30.23255813953488
            }
          },
          "val": {
            "accuracy": 63.725490196078425,
            "accuracy_by_condition": {
              "continuity": 66.66666666666666,
              "immutability": 68.75,
              "permanence": 68.75,
              "solidity": 53.333333333333336
            },
            "n_samples": 204,
            "n_scenes": 51,
            "voe_accuracy": 56.86274509803921,
            "voe_by_condition": {
              "continuity": 91.66666666666666,
              "immutability": 50.0,
              "permanence": 75.0,
              "solidity": 20.0
            }
          }
        },
        "objective_metric": 45.09803921568628,
        "prediction_file": "artifacts/probes/intphys2/intphys2_probe_mlp_jepa_v1_vith16_384_20260508T164713Z/layer_24/eval/test/probe_predictions.json",
        "prediction_files": {
          "test": "artifacts/probes/intphys2/intphys2_probe_mlp_jepa_v1_vith16_384_20260508T164713Z/layer_24/eval/test/probe_predictions.json",
          "train": "artifacts/probes/intphys2/intphys2_probe_mlp_jepa_v1_vith16_384_20260508T164713Z/layer_24/eval/train/probe_predictions.json",
          "val": "artifacts/probes/intphys2/intphys2_probe_mlp_jepa_v1_vith16_384_20260508T164713Z/layer_24/eval/val/probe_predictions.json"
        },
        "probe_eval_dir": "artifacts/probes/intphys2/intphys2_probe_mlp_jepa_v1_vith16_384_20260508T164713Z/layer_24/eval",
        "probe_name": "mlp",
        "reported_splits": [
          "train",
          "val",
          "test"
        ],
        "split_eval_dirs": {
          "test": "artifacts/probes/intphys2/intphys2_probe_mlp_jepa_v1_vith16_384_20260508T164713Z/layer_24/eval/test",
          "train": "artifacts/probes/intphys2/intphys2_probe_mlp_jepa_v1_vith16_384_20260508T164713Z/layer_24/eval/train",
          "val": "artifacts/probes/intphys2/intphys2_probe_mlp_jepa_v1_vith16_384_20260508T164713Z/layer_24/eval/val"
        },
        "split_evals": {
          "test": {
            "base_eval": {
              "metrics": {
                "accuracy": 63.725490196078425,
                "accuracy_by_condition": {
                  "continuity": 56.25,
                  "immutability": 70.83333333333334,
                  "permanence": 81.25,
                  "solidity": 50.0
                },
                "n_samples": 204,
                "n_scenes": 51,
                "voe_accuracy": 45.09803921568628,
                "voe_by_condition": {
                  "continuity": 33.33333333333333,
                  "immutability": 66.66666666666666,
                  "permanence": 83.33333333333334,
                  "solidity": 6.666666666666667
                }
              },
              "output_dir": "artifacts/probes/intphys2/intphys2_probe_mlp_jepa_v1_vith16_384_20260508T164713Z/layer_24/eval/test",
              "split_dir": "data/splits/intphys2"
            },
            "checkpoint": "artifacts/probes/intphys2/intphys2_probe_mlp_jepa_v1_vith16_384_20260508T164713Z/layer_24/train/trial_0015/probe_best.pt",
            "dataset": "intphys2",
            "feature_signature": "78346a9facde6609",
            "metrics": {
              "accuracy": 63.725490196078425,
              "accuracy_by_condition": {
                "continuity": 56.25,
                "immutability": 70.83333333333334,
                "permanence": 81.25,
                "solidity": 50.0
              },
              "n_samples": 204,
              "n_scenes": 51,
              "voe_accuracy": 45.09803921568628,
              "voe_by_condition": {
                "continuity": 33.33333333333333,
                "immutability": 66.66666666666666,
                "permanence": 83.33333333333334,
                "solidity": 6.666666666666667
              }
            },
            "objective_metric": 45.09803921568628,
            "prediction_file": "artifacts/probes/intphys2/intphys2_probe_mlp_jepa_v1_vith16_384_20260508T164713Z/layer_24/eval/test/probe_predictions.json",
            "probe_eval_dir": "artifacts/probes/intphys2/intphys2_probe_mlp_jepa_v1_vith16_384_20260508T164713Z/layer_24/eval/test",
            "probe_name": "mlp",
            "split_name": "test"
          },
          "train": {
            "base_eval": {
              "metrics": {
                "accuracy": 67.88079470198676,
                "accuracy_by_condition": {
                  "continuity": 72.91666666666666,
                  "immutability": 74.30555555555556,
                  "permanence": 71.52777777777779,
                  "solidity": 55.23255813953488
                },
                "n_samples": 604,
                "n_scenes": 151,
                "voe_accuracy": 63.576158940397356,
                "voe_by_condition": {
                  "continuity": 75.0,
                  "immutability": 86.11111111111111,
                  "permanence": 69.44444444444444,
                  "solidity": 30.23255813953488
                }
              },
              "output_dir": "artifacts/probes/intphys2/intphys2_probe_mlp_jepa_v1_vith16_384_20260508T164713Z/layer_24/eval/train",
              "split_dir": "data/splits/intphys2"
            },
            "checkpoint": "artifacts/probes/intphys2/intphys2_probe_mlp_jepa_v1_vith16_384_20260508T164713Z/layer_24/train/trial_0015/probe_best.pt",
            "dataset": "intphys2",
            "feature_signature": "78346a9facde6609",
            "metrics": {
              "accuracy": 67.88079470198676,
              "accuracy_by_condition": {
                "continuity": 72.91666666666666,
                "immutability": 74.30555555555556,
                "permanence": 71.52777777777779,
                "solidity": 55.23255813953488
              },
              "n_samples": 604,
              "n_scenes": 151,
              "voe_accuracy": 63.576158940397356,
              "voe_by_condition": {
                "continuity": 75.0,
                "immutability": 86.11111111111111,
                "permanence": 69.44444444444444,
                "solidity": 30.23255813953488
              }
            },
            "objective_metric": 63.576158940397356,
            "prediction_file": "artifacts/probes/intphys2/intphys2_probe_mlp_jepa_v1_vith16_384_20260508T164713Z/layer_24/eval/train/probe_predictions.json",
            "probe_eval_dir": "artifacts/probes/intphys2/intphys2_probe_mlp_jepa_v1_vith16_384_20260508T164713Z/layer_24/eval/train",
            "probe_name": "mlp",
            "split_name": "train"
          },
          "val": {
            "base_eval": {
              "metrics": {
                "accuracy": 63.725490196078425,
                "accuracy_by_condition": {
                  "continuity": 66.66666666666666,
                  "immutability": 68.75,
                  "permanence": 68.75,
                  "solidity": 53.333333333333336
                },
                "n_samples": 204,
                "n_scenes": 51,
                "voe_accuracy": 56.86274509803921,
                "voe_by_condition": {
                  "continuity": 91.66666666666666,
                  "immutability": 50.0,
                  "permanence": 75.0,
                  "solidity": 20.0
                }
              },
              "output_dir": "artifacts/probes/intphys2/intphys2_probe_mlp_jepa_v1_vith16_384_20260508T164713Z/layer_24/eval/val",
              "split_dir": "data/splits/intphys2"
            },
            "checkpoint": "artifacts/probes/intphys2/intphys2_probe_mlp_jepa_v1_vith16_384_20260508T164713Z/layer_24/train/trial_0015/probe_best.pt",
            "dataset": "intphys2",
            "feature_signature": "78346a9facde6609",
            "metrics": {
              "accuracy": 63.725490196078425,
              "accuracy_by_condition": {
                "continuity": 66.66666666666666,
                "immutability": 68.75,
                "permanence": 68.75,
                "solidity": 53.333333333333336
              },
              "n_samples": 204,
              "n_scenes": 51,
              "voe_accuracy": 56.86274509803921,
              "voe_by_condition": {
                "continuity": 91.66666666666666,
                "immutability": 50.0,
                "permanence": 75.0,
                "solidity": 20.0
              }
            },
            "objective_metric": 56.86274509803921,
            "prediction_file": "artifacts/probes/intphys2/intphys2_probe_mlp_jepa_v1_vith16_384_20260508T164713Z/layer_24/eval/val/probe_predictions.json",
            "probe_eval_dir": "artifacts/probes/intphys2/intphys2_probe_mlp_jepa_v1_vith16_384_20260508T164713Z/layer_24/eval/val",
            "probe_name": "mlp",
            "split_name": "val"
          }
        },
        "split_name": "test"
      },
      "layer": 24,
      "layer_label": "24",
      "objective_metric": 45.09803921568628,
      "train": {
        "best_checkpoint": "artifacts/probes/intphys2/intphys2_probe_mlp_jepa_v1_vith16_384_20260508T164713Z/layer_24/train/trial_0015/probe_best.pt",
        "best_eval_output_dir": "artifacts/probes/intphys2/intphys2_probe_mlp_jepa_v1_vith16_384_20260508T164713Z/layer_24/train/trial_0015/val_eval",
        "best_output_dir": "artifacts/probes/intphys2/intphys2_probe_mlp_jepa_v1_vith16_384_20260508T164713Z/layer_24/train/trial_0015",
        "best_params": {
          "batch_size": 32,
          "dropout": 0.15501861355280072,
          "epochs": 100,
          "hidden_dims": "1024",
          "lr": 0.000461634686337263,
          "weight_decay": 0.0005556378395446794
        },
        "best_trial_number": 15,
        "best_value": 56.86274509803921,
        "checkpoint": "artifacts/probes/intphys2/intphys2_probe_mlp_jepa_v1_vith16_384_20260508T164713Z/layer_24/train/trial_0015/probe_best.pt",
        "dataset": "intphys2",
        "direction": "maximize",
        "layer": 24,
        "n_trials": 20,
        "objective_metric": "voe_accuracy",
        "output_dir": "artifacts/probes/intphys2/intphys2_probe_mlp_jepa_v1_vith16_384_20260508T164713Z/layer_24/train",
        "probe_name": "mlp",
        "storage": "sqlite:////gpfs/home3/scur0511/Probe4Physics/artifacts/probes/intphys2/intphys2_probe_mlp_jepa_v1_vith16_384_20260508T164713Z/layer_24/train/optuna_study.sqlite3",
        "study_name": "intphys2_mlp_jepa_v1_vith16_384_layer_24",
        "trials": [
          {
            "checkpoint": "artifacts/probes/intphys2/intphys2_probe_mlp_jepa_v1_vith16_384_20260508T164713Z/layer_24/train/trial_0000/probe_best.pt",
            "eval_output_dir": "artifacts/probes/intphys2/intphys2_probe_mlp_jepa_v1_vith16_384_20260508T164713Z/layer_24/train/trial_0000/val_eval",
            "output_dir": "artifacts/probes/intphys2/intphys2_probe_mlp_jepa_v1_vith16_384_20260508T164713Z/layer_24/train/trial_0000",
            "params": {
              "batch_size": 32,
              "dropout": 0.21597250932105788,
              "epochs": 2000,
              "hidden_dims": "256",
              "lr": 0.0001329291894316216,
              "weight_decay": 0.005061576888752304
            },
            "trial_number": 0,
            "value": 50.98039215686274
          },
          {
            "checkpoint": "artifacts/probes/intphys2/intphys2_probe_mlp_jepa_v1_vith16_384_20260508T164713Z/layer_24/train/trial_0001/probe_best.pt",
            "eval_output_dir": "artifacts/probes/intphys2/intphys2_probe_mlp_jepa_v1_vith16_384_20260508T164713Z/layer_24/train/trial_0001/val_eval",
            "output_dir": "artifacts/probes/intphys2/intphys2_probe_mlp_jepa_v1_vith16_384_20260508T164713Z/layer_24/train/trial_0001",
            "params": {
              "batch_size": 256,
              "dropout": 0.048836057003191935,
              "epochs": 20,
              "hidden_dims": "512x256",
              "lr": 7.476312062252303e-05,
              "weight_decay": 4.689400963537693e-05
            },
            "trial_number": 1,
            "value": 49.01960784313725
          },
          {
            "checkpoint": "artifacts/probes/intphys2/intphys2_probe_mlp_jepa_v1_vith16_384_20260508T164713Z/layer_24/train/trial_0002/probe_best.pt",
            "eval_output_dir": "artifacts/probes/intphys2/intphys2_probe_mlp_jepa_v1_vith16_384_20260508T164713Z/layer_24/train/trial_0002/val_eval",
            "output_dir": "artifacts/probes/intphys2/intphys2_probe_mlp_jepa_v1_vith16_384_20260508T164713Z/layer_24/train/trial_0002",
            "params": {
              "batch_size": 256,
              "dropout": 0.04424625102595975,
              "epochs": 50,
              "hidden_dims": "256",
              "lr": 0.0011290133559092666,
              "weight_decay": 4.374364439939069e-06
            },
            "trial_number": 2,
            "value": 47.05882352941176
          },
          {
            "checkpoint": "artifacts/probes/intphys2/intphys2_probe_mlp_jepa_v1_vith16_384_20260508T164713Z/layer_24/train/trial_0006/probe_best.pt",
            "eval_output_dir": "artifacts/probes/intphys2/intphys2_probe_mlp_jepa_v1_vith16_384_20260508T164713Z/layer_24/train/trial_0006/val_eval",
            "output_dir": "artifacts/probes/intphys2/intphys2_probe_mlp_jepa_v1_vith16_384_20260508T164713Z/layer_24/train/trial_0006",
            "params": {
              "batch_size": 128,
              "dropout": 0.0599326836668414,
              "epochs": 50,
              "hidden_dims": "512",
              "lr": 0.000794714742465374,
              "weight_decay": 0.0016934155410667966
            },
            "trial_number": 6,
            "value": 49.01960784313725
          },
          {
            "checkpoint": "artifacts/probes/intphys2/intphys2_probe_mlp_jepa_v1_vith16_384_20260508T164713Z/layer_24/train/trial_0007/probe_best.pt",
            "eval_output_dir": "artifacts/probes/intphys2/intphys2_probe_mlp_jepa_v1_vith16_384_20260508T164713Z/layer_24/train/trial_0007/val_eval",
            "output_dir": "artifacts/probes/intphys2/intphys2_probe_mlp_jepa_v1_vith16_384_20260508T164713Z/layer_24/train/trial_0007",
            "params": {
              "batch_size": 128,
              "dropout": 0.11978094533348621,
              "epochs": 20,
              "hidden_dims": "1024x512x1024",
              "lr": 0.00010300196600986775,
              "weight_decay": 0.0045442082254883295
            },
            "trial_number": 7,
            "value": 41.17647058823529
          },
          {
            "checkpoint": "artifacts/probes/intphys2/intphys2_probe_mlp_jepa_v1_vith16_384_20260508T164713Z/layer_24/train/trial_0008/probe_best.pt",
            "eval_output_dir": "artifacts/probes/intphys2/intphys2_probe_mlp_jepa_v1_vith16_384_20260508T164713Z/layer_24/train/trial_0008/val_eval",
            "output_dir": "artifacts/probes/intphys2/intphys2_probe_mlp_jepa_v1_vith16_384_20260508T164713Z/layer_24/train/trial_0008",
            "params": {
              "batch_size": 32,
              "dropout": 0.3387821809211412,
              "epochs": 50,
              "hidden_dims": "512",
              "lr": 2.7207248059486674e-05,
              "weight_decay": 8.64403589520682e-06
            },
            "trial_number": 8,
            "value": 37.254901960784316
          },
          {
            "checkpoint": "artifacts/probes/intphys2/intphys2_probe_mlp_jepa_v1_vith16_384_20260508T164713Z/layer_24/train/trial_0009/probe_best.pt",
            "eval_output_dir": "artifacts/probes/intphys2/intphys2_probe_mlp_jepa_v1_vith16_384_20260508T164713Z/layer_24/train/trial_0009/val_eval",
            "output_dir": "artifacts/probes/intphys2/intphys2_probe_mlp_jepa_v1_vith16_384_20260508T164713Z/layer_24/train/trial_0009",
            "params": {
              "batch_size": 256,
              "dropout": 0.12092614545022584,
              "epochs": 50,
              "hidden_dims": "256",
              "lr": 1.1214075785991125e-05,
              "weight_decay": 1.1818390883060214e-05
            },
            "trial_number": 9,
            "value": 21.568627450980394
          },
          {
            "checkpoint": "artifacts/probes/intphys2/intphys2_probe_mlp_jepa_v1_vith16_384_20260508T164713Z/layer_24/train/trial_0011/probe_best.pt",
            "eval_output_dir": "artifacts/probes/intphys2/intphys2_probe_mlp_jepa_v1_vith16_384_20260508T164713Z/layer_24/train/trial_0011/val_eval",
            "output_dir": "artifacts/probes/intphys2/intphys2_probe_mlp_jepa_v1_vith16_384_20260508T164713Z/layer_24/train/trial_0011",
            "params": {
              "batch_size": 32,
              "dropout": 0.23223351992491975,
              "epochs": 20,
              "hidden_dims": "512x256",
              "lr": 0.0001507761241861534,
              "weight_decay": 0.0001952636185461836
            },
            "trial_number": 11,
            "value": 49.01960784313725
          },
          {
            "checkpoint": "artifacts/probes/intphys2/intphys2_probe_mlp_jepa_v1_vith16_384_20260508T164713Z/layer_24/train/trial_0013/probe_best.pt",
            "eval_output_dir": "artifacts/probes/intphys2/intphys2_probe_mlp_jepa_v1_vith16_384_20260508T164713Z/layer_24/train/trial_0013/val_eval",
            "output_dir": "artifacts/probes/intphys2/intphys2_probe_mlp_jepa_v1_vith16_384_20260508T164713Z/layer_24/train/trial_0013",
            "params": {
              "batch_size": 256,
              "dropout": 0.16015259254014208,
              "epochs": 100,
              "hidden_dims": "1024",
              "lr": 0.0003961817591154835,
              "weight_decay": 0.00014128462010415776
            },
            "trial_number": 13,
            "value": 54.90196078431373
          },
          {
            "checkpoint": "artifacts/probes/intphys2/intphys2_probe_mlp_jepa_v1_vith16_384_20260508T164713Z/layer_24/train/trial_0014/probe_best.pt",
            "eval_output_dir": "artifacts/probes/intphys2/intphys2_probe_mlp_jepa_v1_vith16_384_20260508T164713Z/layer_24/train/trial_0014/val_eval",
            "output_dir": "artifacts/probes/intphys2/intphys2_probe_mlp_jepa_v1_vith16_384_20260508T164713Z/layer_24/train/trial_0014",
            "params": {
              "batch_size": 32,
              "dropout": 0.17219991976094062,
              "epochs": 100,
              "hidden_dims": "1024",
              "lr": 0.00041577686510837244,
              "weight_decay": 0.007815767495177022
            },
            "trial_number": 14,
            "value": 54.90196078431373
          },
          {
            "checkpoint": "artifacts/probes/intphys2/intphys2_probe_mlp_jepa_v1_vith16_384_20260508T164713Z/layer_24/train/trial_0015/probe_best.pt",
            "eval_output_dir": "artifacts/probes/intphys2/intphys2_probe_mlp_jepa_v1_vith16_384_20260508T164713Z/layer_24/train/trial_0015/val_eval",
            "output_dir": "artifacts/probes/intphys2/intphys2_probe_mlp_jepa_v1_vith16_384_20260508T164713Z/layer_24/train/trial_0015",
            "params": {
              "batch_size": 32,
              "dropout": 0.15501861355280072,
              "epochs": 100,
              "hidden_dims": "1024",
              "lr": 0.000461634686337263,
              "weight_decay": 0.0005556378395446794
            },
            "trial_number": 15,
            "value": 56.86274509803921
          },
          {
            "checkpoint": "artifacts/probes/intphys2/intphys2_probe_mlp_jepa_v1_vith16_384_20260508T164713Z/layer_24/train/trial_0017/probe_best.pt",
            "eval_output_dir": "artifacts/probes/intphys2/intphys2_probe_mlp_jepa_v1_vith16_384_20260508T164713Z/layer_24/train/trial_0017/val_eval",
            "output_dir": "artifacts/probes/intphys2/intphys2_probe_mlp_jepa_v1_vith16_384_20260508T164713Z/layer_24/train/trial_0017",
            "params": {
              "batch_size": 64,
              "dropout": 0.003453429571250527,
              "epochs": 100,
              "hidden_dims": "1024",
              "lr": 0.0003749944803501625,
              "weight_decay": 0.00010685460950421062
            },
            "trial_number": 17,
            "value": 52.94117647058824
          },
          {
            "checkpoint": "artifacts/probes/intphys2/intphys2_probe_mlp_jepa_v1_vith16_384_20260508T164713Z/layer_24/train/trial_0018/probe_best.pt",
            "eval_output_dir": "artifacts/probes/intphys2/intphys2_probe_mlp_jepa_v1_vith16_384_20260508T164713Z/layer_24/train/trial_0018/val_eval",
            "output_dir": "artifacts/probes/intphys2/intphys2_probe_mlp_jepa_v1_vith16_384_20260508T164713Z/layer_24/train/trial_0018",
            "params": {
              "batch_size": 32,
              "dropout": 0.2997509191284597,
              "epochs": 100,
              "hidden_dims": "1024",
              "lr": 0.0011546701335989674,
              "weight_decay": 1.285671298605995e-06
            },
            "trial_number": 18,
            "value": 45.09803921568628
          },
          {
            "checkpoint": "artifacts/probes/intphys2/intphys2_probe_mlp_jepa_v1_vith16_384_20260508T164713Z/layer_24/train/trial_0019/probe_best.pt",
            "eval_output_dir": "artifacts/probes/intphys2/intphys2_probe_mlp_jepa_v1_vith16_384_20260508T164713Z/layer_24/train/trial_0019/val_eval",
            "output_dir": "artifacts/probes/intphys2/intphys2_probe_mlp_jepa_v1_vith16_384_20260508T164713Z/layer_24/train/trial_0019",
            "params": {
              "batch_size": 256,
              "dropout": 0.2884745869448389,
              "epochs": 100,
              "hidden_dims": "1024",
              "lr": 0.002979734248620862,
              "weight_decay": 0.001020205529530944
            },
            "trial_number": 19,
            "value": 45.09803921568628
          }
        ]
      }
    },
    {
      "checkpoint": "artifacts/probes/intphys2/intphys2_probe_mlp_jepa_v1_vith16_384_20260508T164713Z/layer_32/train/trial_0016/probe_best.pt",
      "eval": {
        "base_eval": {
          "metrics": {
            "accuracy": 66.17647058823529,
            "accuracy_by_condition": {
              "continuity": 54.166666666666664,
              "immutability": 77.08333333333334,
              "permanence": 79.16666666666666,
              "solidity": 56.666666666666664
            },
            "n_samples": 204,
            "n_scenes": 51,
            "voe_accuracy": 45.09803921568628,
            "voe_by_condition": {
              "continuity": 41.66666666666667,
              "immutability": 58.333333333333336,
              "permanence": 66.66666666666666,
              "solidity": 20.0
            }
          },
          "output_dir": "artifacts/probes/intphys2/intphys2_probe_mlp_jepa_v1_vith16_384_20260508T164713Z/layer_32/eval/test",
          "split_dir": "data/splits/intphys2"
        },
        "checkpoint": "artifacts/probes/intphys2/intphys2_probe_mlp_jepa_v1_vith16_384_20260508T164713Z/layer_32/train/trial_0016/probe_best.pt",
        "dataset": "intphys2",
        "feature_signature": "78346a9facde6609",
        "metrics": {
          "accuracy": 66.17647058823529,
          "accuracy_by_condition": {
            "continuity": 54.166666666666664,
            "immutability": 77.08333333333334,
            "permanence": 79.16666666666666,
            "solidity": 56.666666666666664
          },
          "n_samples": 204,
          "n_scenes": 51,
          "voe_accuracy": 45.09803921568628,
          "voe_by_condition": {
            "continuity": 41.66666666666667,
            "immutability": 58.333333333333336,
            "permanence": 66.66666666666666,
            "solidity": 20.0
          }
        },
        "metrics_by_split": {
          "test": {
            "accuracy": 66.17647058823529,
            "accuracy_by_condition": {
              "continuity": 54.166666666666664,
              "immutability": 77.08333333333334,
              "permanence": 79.16666666666666,
              "solidity": 56.666666666666664
            },
            "n_samples": 204,
            "n_scenes": 51,
            "voe_accuracy": 45.09803921568628,
            "voe_by_condition": {
              "continuity": 41.66666666666667,
              "immutability": 58.333333333333336,
              "permanence": 66.66666666666666,
              "solidity": 20.0
            }
          },
          "train": {
            "accuracy": 99.50331125827815,
            "accuracy_by_condition": {
              "continuity": 100.0,
              "immutability": 99.30555555555556,
              "permanence": 100.0,
              "solidity": 98.83720930232558
            },
            "n_samples": 604,
            "n_scenes": 151,
            "voe_accuracy": 100.0,
            "voe_by_condition": {
              "continuity": 100.0,
              "immutability": 100.0,
              "permanence": 100.0,
              "solidity": 100.0
            }
          },
          "val": {
            "accuracy": 71.07843137254902,
            "accuracy_by_condition": {
              "continuity": 70.83333333333334,
              "immutability": 70.83333333333334,
              "permanence": 85.41666666666666,
              "solidity": 60.0
            },
            "n_samples": 204,
            "n_scenes": 51,
            "voe_accuracy": 54.90196078431373,
            "voe_by_condition": {
              "continuity": 58.333333333333336,
              "immutability": 50.0,
              "permanence": 83.33333333333334,
              "solidity": 33.33333333333333
            }
          }
        },
        "objective_metric": 45.09803921568628,
        "prediction_file": "artifacts/probes/intphys2/intphys2_probe_mlp_jepa_v1_vith16_384_20260508T164713Z/layer_32/eval/test/probe_predictions.json",
        "prediction_files": {
          "test": "artifacts/probes/intphys2/intphys2_probe_mlp_jepa_v1_vith16_384_20260508T164713Z/layer_32/eval/test/probe_predictions.json",
          "train": "artifacts/probes/intphys2/intphys2_probe_mlp_jepa_v1_vith16_384_20260508T164713Z/layer_32/eval/train/probe_predictions.json",
          "val": "artifacts/probes/intphys2/intphys2_probe_mlp_jepa_v1_vith16_384_20260508T164713Z/layer_32/eval/val/probe_predictions.json"
        },
        "probe_eval_dir": "artifacts/probes/intphys2/intphys2_probe_mlp_jepa_v1_vith16_384_20260508T164713Z/layer_32/eval",
        "probe_name": "mlp",
        "reported_splits": [
          "train",
          "val",
          "test"
        ],
        "split_eval_dirs": {
          "test": "artifacts/probes/intphys2/intphys2_probe_mlp_jepa_v1_vith16_384_20260508T164713Z/layer_32/eval/test",
          "train": "artifacts/probes/intphys2/intphys2_probe_mlp_jepa_v1_vith16_384_20260508T164713Z/layer_32/eval/train",
          "val": "artifacts/probes/intphys2/intphys2_probe_mlp_jepa_v1_vith16_384_20260508T164713Z/layer_32/eval/val"
        },
        "split_evals": {
          "test": {
            "base_eval": {
              "metrics": {
                "accuracy": 66.17647058823529,
                "accuracy_by_condition": {
                  "continuity": 54.166666666666664,
                  "immutability": 77.08333333333334,
                  "permanence": 79.16666666666666,
                  "solidity": 56.666666666666664
                },
                "n_samples": 204,
                "n_scenes": 51,
                "voe_accuracy": 45.09803921568628,
                "voe_by_condition": {
                  "continuity": 41.66666666666667,
                  "immutability": 58.333333333333336,
                  "permanence": 66.66666666666666,
                  "solidity": 20.0
                }
              },
              "output_dir": "artifacts/probes/intphys2/intphys2_probe_mlp_jepa_v1_vith16_384_20260508T164713Z/layer_32/eval/test",
              "split_dir": "data/splits/intphys2"
            },
            "checkpoint": "artifacts/probes/intphys2/intphys2_probe_mlp_jepa_v1_vith16_384_20260508T164713Z/layer_32/train/trial_0016/probe_best.pt",
            "dataset": "intphys2",
            "feature_signature": "78346a9facde6609",
            "metrics": {
              "accuracy": 66.17647058823529,
              "accuracy_by_condition": {
                "continuity": 54.166666666666664,
                "immutability": 77.08333333333334,
                "permanence": 79.16666666666666,
                "solidity": 56.666666666666664
              },
              "n_samples": 204,
              "n_scenes": 51,
              "voe_accuracy": 45.09803921568628,
              "voe_by_condition": {
                "continuity": 41.66666666666667,
                "immutability": 58.333333333333336,
                "permanence": 66.66666666666666,
                "solidity": 20.0
              }
            },
            "objective_metric": 45.09803921568628,
            "prediction_file": "artifacts/probes/intphys2/intphys2_probe_mlp_jepa_v1_vith16_384_20260508T164713Z/layer_32/eval/test/probe_predictions.json",
            "probe_eval_dir": "artifacts/probes/intphys2/intphys2_probe_mlp_jepa_v1_vith16_384_20260508T164713Z/layer_32/eval/test",
            "probe_name": "mlp",
            "split_name": "test"
          },
          "train": {
            "base_eval": {
              "metrics": {
                "accuracy": 99.50331125827815,
                "accuracy_by_condition": {
                  "continuity": 100.0,
                  "immutability": 99.30555555555556,
                  "permanence": 100.0,
                  "solidity": 98.83720930232558
                },
                "n_samples": 604,
                "n_scenes": 151,
                "voe_accuracy": 100.0,
                "voe_by_condition": {
                  "continuity": 100.0,
                  "immutability": 100.0,
                  "permanence": 100.0,
                  "solidity": 100.0
                }
              },
              "output_dir": "artifacts/probes/intphys2/intphys2_probe_mlp_jepa_v1_vith16_384_20260508T164713Z/layer_32/eval/train",
              "split_dir": "data/splits/intphys2"
            },
            "checkpoint": "artifacts/probes/intphys2/intphys2_probe_mlp_jepa_v1_vith16_384_20260508T164713Z/layer_32/train/trial_0016/probe_best.pt",
            "dataset": "intphys2",
            "feature_signature": "78346a9facde6609",
            "metrics": {
              "accuracy": 99.50331125827815,
              "accuracy_by_condition": {
                "continuity": 100.0,
                "immutability": 99.30555555555556,
                "permanence": 100.0,
                "solidity": 98.83720930232558
              },
              "n_samples": 604,
              "n_scenes": 151,
              "voe_accuracy": 100.0,
              "voe_by_condition": {
                "continuity": 100.0,
                "immutability": 100.0,
                "permanence": 100.0,
                "solidity": 100.0
              }
            },
            "objective_metric": 100.0,
            "prediction_file": "artifacts/probes/intphys2/intphys2_probe_mlp_jepa_v1_vith16_384_20260508T164713Z/layer_32/eval/train/probe_predictions.json",
            "probe_eval_dir": "artifacts/probes/intphys2/intphys2_probe_mlp_jepa_v1_vith16_384_20260508T164713Z/layer_32/eval/train",
            "probe_name": "mlp",
            "split_name": "train"
          },
          "val": {
            "base_eval": {
              "metrics": {
                "accuracy": 71.07843137254902,
                "accuracy_by_condition": {
                  "continuity": 70.83333333333334,
                  "immutability": 70.83333333333334,
                  "permanence": 85.41666666666666,
                  "solidity": 60.0
                },
                "n_samples": 204,
                "n_scenes": 51,
                "voe_accuracy": 54.90196078431373,
                "voe_by_condition": {
                  "continuity": 58.333333333333336,
                  "immutability": 50.0,
                  "permanence": 83.33333333333334,
                  "solidity": 33.33333333333333
                }
              },
              "output_dir": "artifacts/probes/intphys2/intphys2_probe_mlp_jepa_v1_vith16_384_20260508T164713Z/layer_32/eval/val",
              "split_dir": "data/splits/intphys2"
            },
            "checkpoint": "artifacts/probes/intphys2/intphys2_probe_mlp_jepa_v1_vith16_384_20260508T164713Z/layer_32/train/trial_0016/probe_best.pt",
            "dataset": "intphys2",
            "feature_signature": "78346a9facde6609",
            "metrics": {
              "accuracy": 71.07843137254902,
              "accuracy_by_condition": {
                "continuity": 70.83333333333334,
                "immutability": 70.83333333333334,
                "permanence": 85.41666666666666,
                "solidity": 60.0
              },
              "n_samples": 204,
              "n_scenes": 51,
              "voe_accuracy": 54.90196078431373,
              "voe_by_condition": {
                "continuity": 58.333333333333336,
                "immutability": 50.0,
                "permanence": 83.33333333333334,
                "solidity": 33.33333333333333
              }
            },
            "objective_metric": 54.90196078431373,
            "prediction_file": "artifacts/probes/intphys2/intphys2_probe_mlp_jepa_v1_vith16_384_20260508T164713Z/layer_32/eval/val/probe_predictions.json",
            "probe_eval_dir": "artifacts/probes/intphys2/intphys2_probe_mlp_jepa_v1_vith16_384_20260508T164713Z/layer_32/eval/val",
            "probe_name": "mlp",
            "split_name": "val"
          }
        },
        "split_name": "test"
      },
      "layer": 32,
      "layer_label": "32",
      "objective_metric": 45.09803921568628,
      "train": {
        "best_checkpoint": "artifacts/probes/intphys2/intphys2_probe_mlp_jepa_v1_vith16_384_20260508T164713Z/layer_32/train/trial_0016/probe_best.pt",
        "best_eval_output_dir": "artifacts/probes/intphys2/intphys2_probe_mlp_jepa_v1_vith16_384_20260508T164713Z/layer_32/train/trial_0016/val_eval",
        "best_output_dir": "artifacts/probes/intphys2/intphys2_probe_mlp_jepa_v1_vith16_384_20260508T164713Z/layer_32/train/trial_0016",
        "best_params": {
          "batch_size": 64,
          "dropout": 0.14469269115194977,
          "epochs": 2000,
          "hidden_dims": "512",
          "lr": 0.0008311984961958987,
          "weight_decay": 0.000517091398990107
        },
        "best_trial_number": 16,
        "best_value": 54.90196078431373,
        "checkpoint": "artifacts/probes/intphys2/intphys2_probe_mlp_jepa_v1_vith16_384_20260508T164713Z/layer_32/train/trial_0016/probe_best.pt",
        "dataset": "intphys2",
        "direction": "maximize",
        "layer": 32,
        "n_trials": 20,
        "objective_metric": "voe_accuracy",
        "output_dir": "artifacts/probes/intphys2/intphys2_probe_mlp_jepa_v1_vith16_384_20260508T164713Z/layer_32/train",
        "probe_name": "mlp",
        "storage": "sqlite:////gpfs/home3/scur0511/Probe4Physics/artifacts/probes/intphys2/intphys2_probe_mlp_jepa_v1_vith16_384_20260508T164713Z/layer_32/train/optuna_study.sqlite3",
        "study_name": "intphys2_mlp_jepa_v1_vith16_384_layer_32",
        "trials": [
          {
            "checkpoint": "artifacts/probes/intphys2/intphys2_probe_mlp_jepa_v1_vith16_384_20260508T164713Z/layer_32/train/trial_0000/probe_best.pt",
            "eval_output_dir": "artifacts/probes/intphys2/intphys2_probe_mlp_jepa_v1_vith16_384_20260508T164713Z/layer_32/train/trial_0000/val_eval",
            "output_dir": "artifacts/probes/intphys2/intphys2_probe_mlp_jepa_v1_vith16_384_20260508T164713Z/layer_32/train/trial_0000",
            "params": {
              "batch_size": 32,
              "dropout": 0.21597250932105788,
              "epochs": 2000,
              "hidden_dims": "256",
              "lr": 0.0001329291894316216,
              "weight_decay": 0.005061576888752304
            },
            "trial_number": 0,
            "value": 47.05882352941176
          },
          {
            "checkpoint": "artifacts/probes/intphys2/intphys2_probe_mlp_jepa_v1_vith16_384_20260508T164713Z/layer_32/train/trial_0001/probe_best.pt",
            "eval_output_dir": "artifacts/probes/intphys2/intphys2_probe_mlp_jepa_v1_vith16_384_20260508T164713Z/layer_32/train/trial_0001/val_eval",
            "output_dir": "artifacts/probes/intphys2/intphys2_probe_mlp_jepa_v1_vith16_384_20260508T164713Z/layer_32/train/trial_0001",
            "params": {
              "batch_size": 256,
              "dropout": 0.048836057003191935,
              "epochs": 20,
              "hidden_dims": "512x256",
              "lr": 7.476312062252303e-05,
              "weight_decay": 4.689400963537693e-05
            },
            "trial_number": 1,
            "value": 33.33333333333333
          },
          {
            "checkpoint": "artifacts/probes/intphys2/intphys2_probe_mlp_jepa_v1_vith16_384_20260508T164713Z/layer_32/train/trial_0002/probe_best.pt",
            "eval_output_dir": "artifacts/probes/intphys2/intphys2_probe_mlp_jepa_v1_vith16_384_20260508T164713Z/layer_32/train/trial_0002/val_eval",
            "output_dir": "artifacts/probes/intphys2/intphys2_probe_mlp_jepa_v1_vith16_384_20260508T164713Z/layer_32/train/trial_0002",
            "params": {
              "batch_size": 256,
              "dropout": 0.04424625102595975,
              "epochs": 50,
              "hidden_dims": "256",
              "lr": 0.0011290133559092666,
              "weight_decay": 4.374364439939069e-06
            },
            "trial_number": 2,
            "value": 41.17647058823529
          },
          {
            "checkpoint": "artifacts/probes/intphys2/intphys2_probe_mlp_jepa_v1_vith16_384_20260508T164713Z/layer_32/train/trial_0006/probe_best.pt",
            "eval_output_dir": "artifacts/probes/intphys2/intphys2_probe_mlp_jepa_v1_vith16_384_20260508T164713Z/layer_32/train/trial_0006/val_eval",
            "output_dir": "artifacts/probes/intphys2/intphys2_probe_mlp_jepa_v1_vith16_384_20260508T164713Z/layer_32/train/trial_0006",
            "params": {
              "batch_size": 128,
              "dropout": 0.0599326836668414,
              "epochs": 50,
              "hidden_dims": "512",
              "lr": 0.000794714742465374,
              "weight_decay": 0.0016934155410667966
            },
            "trial_number": 6,
            "value": 45.09803921568628
          },
          {
            "checkpoint": "artifacts/probes/intphys2/intphys2_probe_mlp_jepa_v1_vith16_384_20260508T164713Z/layer_32/train/trial_0007/probe_best.pt",
            "eval_output_dir": "artifacts/probes/intphys2/intphys2_probe_mlp_jepa_v1_vith16_384_20260508T164713Z/layer_32/train/trial_0007/val_eval",
            "output_dir": "artifacts/probes/intphys2/intphys2_probe_mlp_jepa_v1_vith16_384_20260508T164713Z/layer_32/train/trial_0007",
            "params": {
              "batch_size": 128,
              "dropout": 0.11978094533348621,
              "epochs": 20,
              "hidden_dims": "1024x512x1024",
              "lr": 0.00010300196600986775,
              "weight_decay": 0.0045442082254883295
            },
            "trial_number": 7,
            "value": 43.13725490196079
          },
          {
            "checkpoint": "artifacts/probes/intphys2/intphys2_probe_mlp_jepa_v1_vith16_384_20260508T164713Z/layer_32/train/trial_0008/probe_best.pt",
            "eval_output_dir": "artifacts/probes/intphys2/intphys2_probe_mlp_jepa_v1_vith16_384_20260508T164713Z/layer_32/train/trial_0008/val_eval",
            "output_dir": "artifacts/probes/intphys2/intphys2_probe_mlp_jepa_v1_vith16_384_20260508T164713Z/layer_32/train/trial_0008",
            "params": {
              "batch_size": 32,
              "dropout": 0.3387821809211412,
              "epochs": 50,
              "hidden_dims": "512",
              "lr": 2.7207248059486674e-05,
              "weight_decay": 8.64403589520682e-06
            },
            "trial_number": 8,
            "value": 41.17647058823529
          },
          {
            "checkpoint": "artifacts/probes/intphys2/intphys2_probe_mlp_jepa_v1_vith16_384_20260508T164713Z/layer_32/train/trial_0009/probe_best.pt",
            "eval_output_dir": "artifacts/probes/intphys2/intphys2_probe_mlp_jepa_v1_vith16_384_20260508T164713Z/layer_32/train/trial_0009/val_eval",
            "output_dir": "artifacts/probes/intphys2/intphys2_probe_mlp_jepa_v1_vith16_384_20260508T164713Z/layer_32/train/trial_0009",
            "params": {
              "batch_size": 256,
              "dropout": 0.12092614545022584,
              "epochs": 50,
              "hidden_dims": "256",
              "lr": 1.1214075785991125e-05,
              "weight_decay": 1.1818390883060214e-05
            },
            "trial_number": 9,
            "value": 25.49019607843137
          },
          {
            "checkpoint": "artifacts/probes/intphys2/intphys2_probe_mlp_jepa_v1_vith16_384_20260508T164713Z/layer_32/train/trial_0011/probe_best.pt",
            "eval_output_dir": "artifacts/probes/intphys2/intphys2_probe_mlp_jepa_v1_vith16_384_20260508T164713Z/layer_32/train/trial_0011/val_eval",
            "output_dir": "artifacts/probes/intphys2/intphys2_probe_mlp_jepa_v1_vith16_384_20260508T164713Z/layer_32/train/trial_0011",
            "params": {
              "batch_size": 32,
              "dropout": 0.23036595192387704,
              "epochs": 100,
              "hidden_dims": "1024",
              "lr": 0.000381663861962904,
              "weight_decay": 0.00821160806524291
            },
            "trial_number": 11,
            "value": 41.17647058823529
          },
          {
            "checkpoint": "artifacts/probes/intphys2/intphys2_probe_mlp_jepa_v1_vith16_384_20260508T164713Z/layer_32/train/trial_0012/probe_best.pt",
            "eval_output_dir": "artifacts/probes/intphys2/intphys2_probe_mlp_jepa_v1_vith16_384_20260508T164713Z/layer_32/train/trial_0012/val_eval",
            "output_dir": "artifacts/probes/intphys2/intphys2_probe_mlp_jepa_v1_vith16_384_20260508T164713Z/layer_32/train/trial_0012",
            "params": {
              "batch_size": 128,
              "dropout": 0.14902694489357507,
              "epochs": 2000,
              "hidden_dims": "512",
              "lr": 0.00034029581608354537,
              "weight_decay": 0.001209911119774997
            },
            "trial_number": 12,
            "value": 52.94117647058824
          },
          {
            "checkpoint": "artifacts/probes/intphys2/intphys2_probe_mlp_jepa_v1_vith16_384_20260508T164713Z/layer_32/train/trial_0013/probe_best.pt",
            "eval_output_dir": "artifacts/probes/intphys2/intphys2_probe_mlp_jepa_v1_vith16_384_20260508T164713Z/layer_32/train/trial_0013/val_eval",
            "output_dir": "artifacts/probes/intphys2/intphys2_probe_mlp_jepa_v1_vith16_384_20260508T164713Z/layer_32/train/trial_0013",
            "params": {
              "batch_size": 64,
              "dropout": 0.16561030582675682,
              "epochs": 2000,
              "hidden_dims": "512",
              "lr": 0.0002128249419968085,
              "weight_decay": 0.00031488113590625243
            },
            "trial_number": 13,
            "value": 50.98039215686274
          },
          {
            "checkpoint": "artifacts/probes/intphys2/intphys2_probe_mlp_jepa_v1_vith16_384_20260508T164713Z/layer_32/train/trial_0014/probe_best.pt",
            "eval_output_dir": "artifacts/probes/intphys2/intphys2_probe_mlp_jepa_v1_vith16_384_20260508T164713Z/layer_32/train/trial_0014/val_eval",
            "output_dir": "artifacts/probes/intphys2/intphys2_probe_mlp_jepa_v1_vith16_384_20260508T164713Z/layer_32/train/trial_0014",
            "params": {
              "batch_size": 64,
              "dropout": 0.16599856570909102,
              "epochs": 2000,
              "hidden_dims": "512",
              "lr": 0.0003162053949986387,
              "weight_decay": 0.000179438022503859
            },
            "trial_number": 14,
            "value": 50.98039215686274
          },
          {
            "checkpoint": "artifacts/probes/intphys2/intphys2_probe_mlp_jepa_v1_vith16_384_20260508T164713Z/layer_32/train/trial_0016/probe_best.pt",
            "eval_output_dir": "artifacts/probes/intphys2/intphys2_probe_mlp_jepa_v1_vith16_384_20260508T164713Z/layer_32/train/trial_0016/val_eval",
            "output_dir": "artifacts/probes/intphys2/intphys2_probe_mlp_jepa_v1_vith16_384_20260508T164713Z/layer_32/train/trial_0016",
            "params": {
              "batch_size": 64,
              "dropout": 0.14469269115194977,
              "epochs": 2000,
              "hidden_dims": "512",
              "lr": 0.0008311984961958987,
              "weight_decay": 0.000517091398990107
            },
            "trial_number": 16,
            "value": 54.90196078431373
          }
        ]
      }
    }
  ],
  "model_selection_split": "val",
  "objective_metric_name": "voe_accuracy",
  "probe_name": "mlp",
  "reported_splits": [
    "train",
    "val",
    "test"
  ],
  "requested_layers": [
    8,
    16,
    24,
    32
  ],
  "split_name": "test",
  "sweep_dir": "artifacts/probes/intphys2/intphys2_probe_mlp_jepa_v1_vith16_384_20260508T164713Z",
  "train_split": "train"
}
JOB_END_UTC=2026-05-08T17:17:10Z
JOB_ELAPSED_SECONDS=1802
