===== PROVENANCE =====
Sat May  9 11:36:55 AM UTC 2026
gcn151.local.snellius.surf.nl
a890c958a20163dfe126459b1a60212f1152ad18
Python 3.11.15
/home/scur0511/.conda/envs/probe4physics-gpu/bin/python
REPO_ROOT=/gpfs/home3/scur0511/Probe4Physics
MODE=full
MAX_SAMPLES=100
BACKBONE_NAME=ltx_video
BACKBONE_VARIANT=ltxv_13b_0_9_8_distilled
BACKBONE_DEVICE=cuda
ANNOTATION_FILE=/gpfs/home3/scur0511/Probe4Physics/data/annotations/mvp_full.jsonl
OFFICIAL_REPO_ROOT=/gpfs/home3/scur0511/Probe4Physics/third_party/minimal_video_pairs
VIDEOS_ROOT=/scratch-shared/scur0511/probe4physics/data/videos/mvp
CACHE_DIR=/gpfs/home3/scur0511/Probe4Physics/data/cache/videos
SPLIT_DIR=/gpfs/home3/scur0511/Probe4Physics/data/splits/mvp/full_60_20_20
FEATURE_DIR=<config default>
HF_HOME=/scratch-shared/scur0511/.cache/huggingface
======================
JOB_START_UTC=2026-05-09T11:36:55Z
[extract.mvp] resume status: resumed=False offset=0 target=100 signature=7a044c58a91d3409
[extract.mvp] completed: signature=7a044c58a91d3409 resumed=False reused_samples=0 new_samples=100 total=100 elapsed_s=235.463 sec_per_processed_sample=2.354629 elapsed_agg_s=235.463
{
  "aggregated_elapsed_seconds": 235.46294123899133,
  "aggregated_processed_samples": 100,
  "aggregated_seconds_per_processed_sample": 2.3546294123899134,
  "aggregated_seconds_per_total_sample": 2.3546294123899134,
  "elapsed_seconds": 235.46294123899133,
  "feature_cache_dir": "/gpfs/scratch1/shared/scur0511/probe4physics/artifacts/features/mvp/ltx_video_ltxv_13b_0_9_8_distilled/train-val-test/7a044c58a91d3409",
  "n_samples": 100,
  "resume_events": "/gpfs/scratch1/shared/scur0511/probe4physics/artifacts/features/mvp/ltx_video_ltxv_13b_0_9_8_distilled/train-val-test/7a044c58a91d3409/.resume/events.jsonl",
  "resume_from_sample_offset": 0,
  "resumed": false,
  "seconds_per_processed_sample": 2.3546294123899134,
  "seconds_per_total_sample": 2.3546294123899134,
  "selected_layers": [
    1,
    2,
    3,
    4,
    5,
    6,
    7,
    8,
    9,
    10,
    11,
    12,
    13,
    14,
    15,
    16,
    17,
    18,
    19,
    20,
    21,
    22,
    23,
    24,
    25,
    26,
    27,
    28,
    29,
    30,
    31,
    32,
    33,
    34,
    35,
    36,
    37,
    38,
    39,
    40
  ],
  "signature": "7a044c58a91d3409",
  "skipped": false,
  "warning_log": "/gpfs/scratch1/shared/scur0511/probe4physics/artifacts/features/mvp/extract_warnings.log"
}
JOB_END_UTC=2026-05-09T11:43:54Z
JOB_ELAPSED_SECONDS=419
Completed at:
Sat May  9 11:43:54 AM UTC 2026
