===== PROVENANCE =====
Sat May  9 01:05:39 PM UTC 2026
gcn160.local.snellius.surf.nl
a890c958a20163dfe126459b1a60212f1152ad18
Python 3.11.15
/home/scur0511/.conda/envs/probe4physics-gpu/bin/python
REPO_ROOT=/gpfs/home3/scur0511/Probe4Physics
MODE=full
MAX_SAMPLES=<unset>
BACKBONE_NAME=ltx_video
BACKBONE_VARIANT=ltxv_13b_0_9_8_distilled
BACKBONE_DEVICE=cuda
ANNOTATION_FILE=/gpfs/home3/scur0511/Probe4Physics/data/annotations/mvp_full.jsonl
OFFICIAL_REPO_ROOT=/gpfs/home3/scur0511/Probe4Physics/third_party/minimal_video_pairs
VIDEOS_ROOT=/scratch-shared/scur0511/probe4physics/data/videos/mvp
CACHE_DIR=/gpfs/home3/scur0511/Probe4Physics/data/cache/videos
SPLIT_DIR=/gpfs/home3/scur0511/Probe4Physics/data/splits/mvp/full_60_20_20
FEATURE_DIR=<config default>
HF_HOME=/scratch-shared/scur0511/.cache/huggingface
======================
JOB_START_UTC=2026-05-09T13:05:39Z
