===== TRAIN PROVENANCE =====
Thu May  7 15:03:17 UTC 2026
tcn502.local.snellius.surf.nl
721343f8be09539143d1927e04100a5c82760f6c
Python 3.11.15
/home/scur0511/.conda/envs/probe4physics-gpu/bin/python
REPO_ROOT=/gpfs/home3/scur0511/Probe4Physics
DATASET_NAME=intphys2
PROBE_NAME=linear
BACKBONE_NAME=ltx_video
BACKBONE_VARIANT=<config default>
PROBE_EPOCHS=<config default>
PROBE_DEVICE=cpu
PROBE_LAYER=last
PROBE_LAYERS=last
PROBE_FEATURE_VIEW=pooled
ENABLE_WANDB=true
WANDB_PROJECT=probe4physics
WANDB_MODE=online
WANDB_GROUP=intphys2_linear_ltx_video
ENABLE_OPTUNA=true
OPTUNA_N_TRIALS=20
OPTUNA_N_JOBS=1
OPTUNA_TIMEOUT_SECONDS=0
ENABLE_OPTUNA_PRUNER=true
OPTUNA_PRUNER_STARTUP_TRIALS=3
OPTUNA_PRUNER_WARMUP_STEPS=100
OPTUNA_PRUNER_INTERVAL_STEPS=1
OPTUNA_STUDY_NAME=intphys2_linear_ltx_video
OPTUNA_SEARCH_OVERRIDES=<none>
============================
JOB_START_UTC=2026-05-07T15:03:18Z
