============================================================================================== 
Warning! Mixing Conda and module environments may lead to corruption of the
user environment. 
We do not recommend users mixing those two environments unless absolutely
necessary. Note that 
SURF does not provide any support for Conda environment.
For more information, please refer to our software policy page:
https://servicedesk.surf.nl/wiki/display/WIKI/Software+policy+Snellius#SoftwarepolicySnellius-UseofAnacondaandMinicondaenvironmentsonSnellius 

Remember that many packages have already been installed on the system and can
be loaded using 
the 'module load <package__name>' command. If you are uncertain if a package is
already available 
on the system, please use 'module avail' or 'module spider' to search for it.
============================================================================================== 
[I 2026-05-10 11:32:52,033] A new study created in RDB with name: mvp_linear_ltx_video_layer_noise_1.0_block_12
wandb: [wandb.login()] Loaded credentials for https://api.wandb.ai from /home/scur0511/.netrc.
wandb: Currently logged in as: caselli-niccolo-developer (caselli-niccolo-developer-university-of-amsterdam) to https://api.wandb.ai. Use `wandb login --relogin` to force relogin
wandb: setting up run tefr7vb2
wandb: Tracking run with wandb version 0.26.1
wandb: Run data is saved locally in /gpfs/home3/scur0511/Probe4Physics/wandb/run-20260510_113407-tefr7vb2
wandb: Run `wandb offline` to turn off syncing.
wandb: Syncing run mvp_linear_ltx_video_layer_noise_1.0_block_12/trial_0000
wandb: ⭐️ View project at https://wandb.ai/caselli-niccolo-developer-university-of-amsterdam/probe4physics
wandb: 🚀 View run at https://wandb.ai/caselli-niccolo-developer-university-of-amsterdam/probe4physics/runs/tefr7vb2
[eval.mvp] Starting eval | split_name=val split_dir=data/splits/mvp/full_60_20_20 predictor_mode=from_file annotation_file=data/annotations/mvp_full.jsonl
[eval.mvp] Loaded split assignments | split_pairs=989 split_samples=1978
[eval.mvp] Prepared samples | n_pairs_before_trim=989 n_samples_before_trim=1978 n_pairs_after_trim=989 n_samples_after_trim=1978 max_pairs=0
[eval.mvp] Generated predictions | n_predictions=1978
[eval.mvp] Scoring complete | accuracy=50.0000 pair_consistency=0.0000 n_pairs=989 n_samples=1978
[eval.mvp] Artifacts written | output_dir=artifacts/probes/mvp/mvp_probe_linear_ltx_video_ltxv_13b_0_9_8_distilled_20260510T093250Z/layer_noise_1.0_block_12/train/trial_0000/val_eval
wandb: updating run metadata
wandb: uploading output.log; uploading wandb-summary.json; uploading config.yaml
wandb: 
wandb: Run history:
wandb:          epoch ▁▁▂▂▂▂▃▃▃▄▄▄▄▄▅▅▅▅▅▅▅▅▅▆▆▆▆▆▆▆▆▇▇▇▇▇▇███
wandb: train_accuracy ▅▆▃▆▃▅▆▅▄█▂▅▄▂▅▂▅▆▁▄▄▆▄▄▆▄▅▄▄▆▆▆▂▅▄▃▄▂▆▅
wandb:     train_loss ▃▃▃▂▅▃▂▄▃▃▂▃▂▂▃▁▇▄▃▃▄▃▂▅▃▄▄▄▄█▄▂▂▃▃▃▃▄▄▂
wandb:   val_accuracy ▁▁▁▁▁▁▁▁▁▁▁▁▁▁▁▁▁▁▁▁▁▁▁▁▁▁▁▁▁▁▁▁▁▁▁▁▁▁▁▁
wandb:       val_loss ▁▂▁▁▂▁▁▁▂▁▂█▃▂▂▃▂▄▂▂▁▁▁▁▁▁▄▂▁▁▁▁▁▁▂▁▄▁▁▅
wandb: 
wandb: Run summary:
wandb:           best_epoch 922
wandb:    best_val_accuracy 50
wandb:        best_val_loss 0.69315
wandb: checkpoint_best_path artifacts/probes/mvp...
wandb: checkpoint_last_path artifacts/probes/mvp...
wandb:      checkpoint_path artifacts/probes/mvp...
wandb:              dataset mvp
wandb:      elapsed_seconds 565.43213
wandb:                epoch 2000
wandb:    feature_signature 7a044c58a91d3409
wandb:                  +22 ...
wandb: 
wandb: 🚀 View run mvp_linear_ltx_video_layer_noise_1.0_block_12/trial_0000 at: https://wandb.ai/caselli-niccolo-developer-university-of-amsterdam/probe4physics/runs/tefr7vb2
wandb: ⭐️ View project at: https://wandb.ai/caselli-niccolo-developer-university-of-amsterdam/probe4physics
wandb: Synced 5 W&B file(s), 0 media file(s), 0 artifact file(s) and 0 other file(s)
wandb: Find logs at: ./wandb/run-20260510_113407-tefr7vb2/logs
[I 2026-05-10 11:42:43,061] Trial 0 finished with value: 0.0 and parameters: {'lr': 0.0001329291894316216, 'weight_decay': 0.005061576888752304, 'batch_size': 32, 'epochs': 2000}. Best is trial 0 with value: 0.0.
wandb: setting up run qzjn3eis
wandb: Tracking run with wandb version 0.26.1
wandb: Run data is saved locally in /gpfs/home3/scur0511/Probe4Physics/wandb/run-20260510_114249-qzjn3eis
wandb: Run `wandb offline` to turn off syncing.
wandb: Syncing run mvp_linear_ltx_video_layer_noise_1.0_block_12/trial_0001
wandb: ⭐️ View project at https://wandb.ai/caselli-niccolo-developer-university-of-amsterdam/probe4physics
wandb: 🚀 View run at https://wandb.ai/caselli-niccolo-developer-university-of-amsterdam/probe4physics/runs/qzjn3eis
[eval.mvp] Starting eval | split_name=val split_dir=data/splits/mvp/full_60_20_20 predictor_mode=from_file annotation_file=data/annotations/mvp_full.jsonl
[eval.mvp] Loaded split assignments | split_pairs=989 split_samples=1978
[eval.mvp] Prepared samples | n_pairs_before_trim=989 n_samples_before_trim=1978 n_pairs_after_trim=989 n_samples_after_trim=1978 max_pairs=0
[eval.mvp] Generated predictions | n_predictions=1978
[eval.mvp] Scoring complete | accuracy=50.0000 pair_consistency=0.0000 n_pairs=989 n_samples=1978
[eval.mvp] Artifacts written | output_dir=artifacts/probes/mvp/mvp_probe_linear_ltx_video_ltxv_13b_0_9_8_distilled_20260510T093250Z/layer_noise_1.0_block_12/train/trial_0001/val_eval
wandb: updating run metadata
wandb: uploading history steps 99-99, summary, console lines 1-6
wandb: 
wandb: Run history:
wandb:          epoch ▁▂▂▂▂▂▂▂▂▃▃▃▃▃▃▄▄▄▄▄▅▅▅▅▆▆▆▆▆▆▇▇▇▇▇█████
wandb: train_accuracy ▆▆▅▄▄▇▅▅▄▄▇█▅▄▅▆▄▆▆▅█▅▅▄▄▁▅▆▂▅▆▄▆▃▆▅▆▆▆▄
wandb:     train_loss ▁▂▅▅▁▃▁▃▂▁▁▁▂█▄▂▁▂▂▁▁▁▁▅▂▁▃▆▃▁▂▅▅▂▃▂▁▁▁▁
wandb:   val_accuracy ▁▁▁▁▁▁▁▁▁▁▁▁▁▁▁▁▁▁▁▁▁▁▁▁▁▁▁▁▁▁▁▁▁▁▁▁▁▁▁▁
wandb:       val_loss ▁▁▂▄▇▁▂▁▅▄▂▁▁▁▁▁▂▁▆▂▂▁▁▄▁▂▁▅▂▁█▁▁▂▂▄▃▂▁▁
wandb: 
wandb: Run summary:
wandb:           best_epoch 64
wandb:    best_val_accuracy 50
wandb:        best_val_loss 0.69317
wandb: checkpoint_best_path artifacts/probes/mvp...
wandb: checkpoint_last_path artifacts/probes/mvp...
wandb:      checkpoint_path artifacts/probes/mvp...
wandb:              dataset mvp
wandb:      elapsed_seconds 18.83472
wandb:                epoch 100
wandb:    feature_signature 7a044c58a91d3409
wandb:                  +22 ...
wandb: 
wandb: 🚀 View run mvp_linear_ltx_video_layer_noise_1.0_block_12/trial_0001 at: https://wandb.ai/caselli-niccolo-developer-university-of-amsterdam/probe4physics/runs/qzjn3eis
wandb: ⭐️ View project at: https://wandb.ai/caselli-niccolo-developer-university-of-amsterdam/probe4physics
wandb: Synced 5 W&B file(s), 0 media file(s), 0 artifact file(s) and 0 other file(s)
wandb: Find logs at: ./wandb/run-20260510_114249-qzjn3eis/logs
[I 2026-05-10 11:43:10,720] Trial 1 finished with value: 0.0 and parameters: {'lr': 0.00314288089084011, 'weight_decay': 1.879466824163843e-07, 'batch_size': 256, 'epochs': 100}. Best is trial 0 with value: 0.0.
wandb: setting up run zunlng0s
wandb: Tracking run with wandb version 0.26.1
wandb: Run data is saved locally in /gpfs/home3/scur0511/Probe4Physics/wandb/run-20260510_114316-zunlng0s
wandb: Run `wandb offline` to turn off syncing.
wandb: Syncing run mvp_linear_ltx_video_layer_noise_1.0_block_12/trial_0002
wandb: ⭐️ View project at https://wandb.ai/caselli-niccolo-developer-university-of-amsterdam/probe4physics
wandb: 🚀 View run at https://wandb.ai/caselli-niccolo-developer-university-of-amsterdam/probe4physics/runs/zunlng0s
[eval.mvp] Starting eval | split_name=val split_dir=data/splits/mvp/full_60_20_20 predictor_mode=from_file annotation_file=data/annotations/mvp_full.jsonl
[eval.mvp] Loaded split assignments | split_pairs=989 split_samples=1978
[eval.mvp] Prepared samples | n_pairs_before_trim=989 n_samples_before_trim=1978 n_pairs_after_trim=989 n_samples_after_trim=1978 max_pairs=0
[eval.mvp] Generated predictions | n_predictions=1978
[eval.mvp] Scoring complete | accuracy=50.0000 pair_consistency=0.0000 n_pairs=989 n_samples=1978
[eval.mvp] Artifacts written | output_dir=artifacts/probes/mvp/mvp_probe_linear_ltx_video_ltxv_13b_0_9_8_distilled_20260510T093250Z/layer_noise_1.0_block_12/train/trial_0002/val_eval
wandb: updating run metadata
wandb: uploading output.log; uploading wandb-summary.json; uploading config.yaml
wandb: 
wandb: Run history:
wandb:          epoch ▁▁▁▁▁▁▂▂▂▃▃▃▄▄▄▄▄▄▄▄▅▅▅▅▅▆▆▆▆▆▆▇▇▇▇█████
wandb: train_accuracy ▅▅▅▆▁▄▃▄▃█▂▃▄▆▇▁▆▅▄▂▂▆▅▅▂▂▆▂▇▄▃▃▃▃█▄▃▂▂▆
wandb:     train_loss ▁▂▂▃▃█▅▂▂▄▄▂▁▂▂▄▂▃▁▂▃▂▃▃▃▂▂▃▄▂▁▃▁▁▃▁▄▂▄▂
wandb:   val_accuracy ▁▁▁▁▁▁▁▁▁▁▁▁▁▁▁▁▁▁▁▁▁▁▁▁▁▁▁▁▁▁▁▁▁▁▁▁▁▁▁▁
wandb:       val_loss ▁▁▁▂▂▃▄▁▁▂▁▁▄▃▂▁▂▂▅▁▁▁▁▃▁▁▁█▂▃▁▁▁▁▁▂▄▂▃▂
wandb: 
wandb: Run summary:
wandb:           best_epoch 283
wandb:    best_val_accuracy 50
wandb:        best_val_loss 0.69315
wandb: checkpoint_best_path artifacts/probes/mvp...
wandb: checkpoint_last_path artifacts/probes/mvp...
wandb:      checkpoint_path artifacts/probes/mvp...
wandb:              dataset mvp
wandb:      elapsed_seconds 148.23
wandb:                epoch 1000
wandb:    feature_signature 7a044c58a91d3409
wandb:                  +22 ...
wandb: 
wandb: 🚀 View run mvp_linear_ltx_video_layer_noise_1.0_block_12/trial_0002 at: https://wandb.ai/caselli-niccolo-developer-university-of-amsterdam/probe4physics/runs/zunlng0s
wandb: ⭐️ View project at: https://wandb.ai/caselli-niccolo-developer-university-of-amsterdam/probe4physics
wandb: Synced 5 W&B file(s), 0 media file(s), 0 artifact file(s) and 0 other file(s)
wandb: Find logs at: ./wandb/run-20260510_114316-zunlng0s/logs
[I 2026-05-10 11:46:05,214] Trial 2 finished with value: 0.0 and parameters: {'lr': 0.00023345864076016249, 'weight_decay': 0.0005141096648805752, 'batch_size': 128, 'epochs': 1000}. Best is trial 0 with value: 0.0.
wandb: setting up run okmhf1mg
wandb: Tracking run with wandb version 0.26.1
wandb: Run data is saved locally in /gpfs/home3/scur0511/Probe4Physics/wandb/run-20260510_114611-okmhf1mg
wandb: Run `wandb offline` to turn off syncing.
wandb: Syncing run mvp_linear_ltx_video_layer_noise_1.0_block_12/trial_0003
wandb: ⭐️ View project at https://wandb.ai/caselli-niccolo-developer-university-of-amsterdam/probe4physics
wandb: 🚀 View run at https://wandb.ai/caselli-niccolo-developer-university-of-amsterdam/probe4physics/runs/okmhf1mg
[eval.mvp] Starting eval | split_name=val split_dir=data/splits/mvp/full_60_20_20 predictor_mode=from_file annotation_file=data/annotations/mvp_full.jsonl
[eval.mvp] Loaded split assignments | split_pairs=989 split_samples=1978
[eval.mvp] Prepared samples | n_pairs_before_trim=989 n_samples_before_trim=1978 n_pairs_after_trim=989 n_samples_after_trim=1978 max_pairs=0
[eval.mvp] Generated predictions | n_predictions=1978
[eval.mvp] Scoring complete | accuracy=50.0000 pair_consistency=0.0000 n_pairs=989 n_samples=1978
[eval.mvp] Artifacts written | output_dir=artifacts/probes/mvp/mvp_probe_linear_ltx_video_ltxv_13b_0_9_8_distilled_20260510T093250Z/layer_noise_1.0_block_12/train/trial_0003/val_eval
wandb: updating run metadata
wandb: uploading output.log; uploading wandb-summary.json; uploading config.yaml
wandb: 
wandb: Run history:
wandb:          epoch ▁▁▁▁▂▂▂▂▂▃▃▃▃▃▃▄▄▄▄▄▅▅▅▅▅▅▆▆▆▆▆▆▇▇▇▇▇███
wandb: train_accuracy ▄▅▄▅▅▃▄▆█▆▁▅▂▅▆▅▄▁▃▂▅▆▃▅▃▇▅▅▆▆▇█▂▆▄▄▆▆▇▄
wandb:     train_loss ▇▃▃▅▄▂▅▃▄▂▇▅▂▄▁█▇▅▃█▃▅▇▃▄▃▃▃▅▁▃▄▃▁▃▅▂▃▄▄
wandb:   val_accuracy ▁▁▁▁▁▁▁▁▁▁▁▁▁▁▁▁▁▁▁▁▁▁▁▁▁▁▁▁▁▁▁▁▁▁▁▁▁▁▁▁
wandb:       val_loss ▂▁▁▁▁▁▁▁▂▆▂▁▁▂█▁▁▃▂▂▂▃▂▁▁▂▁▅▂▁▅▂█▄▃▆▁▁▂▃
wandb: 
wandb: Run summary:
wandb:           best_epoch 45
wandb:    best_val_accuracy 50
wandb:        best_val_loss 0.69315
wandb: checkpoint_best_path artifacts/probes/mvp...
wandb: checkpoint_last_path artifacts/probes/mvp...
wandb:      checkpoint_path artifacts/probes/mvp...
wandb:              dataset mvp
wandb:      elapsed_seconds 18.44198
wandb:                epoch 50
wandb:    feature_signature 7a044c58a91d3409
wandb:                  +22 ...
wandb: 
wandb: 🚀 View run mvp_linear_ltx_video_layer_noise_1.0_block_12/trial_0003 at: https://wandb.ai/caselli-niccolo-developer-university-of-amsterdam/probe4physics/runs/okmhf1mg
wandb: ⭐️ View project at: https://wandb.ai/caselli-niccolo-developer-university-of-amsterdam/probe4physics
wandb: Synced 5 W&B file(s), 0 media file(s), 0 artifact file(s) and 0 other file(s)
wandb: Find logs at: ./wandb/run-20260510_114611-okmhf1mg/logs
[I 2026-05-10 11:46:32,542] Trial 3 finished with value: 0.0 and parameters: {'lr': 8.200518402245828e-05, 'weight_decay': 3.855073690026179e-08, 'batch_size': 32, 'epochs': 50}. Best is trial 0 with value: 0.0.
wandb: setting up run td1jldla
wandb: Tracking run with wandb version 0.26.1
wandb: Run data is saved locally in /gpfs/home3/scur0511/Probe4Physics/wandb/run-20260510_114640-td1jldla
wandb: Run `wandb offline` to turn off syncing.
wandb: Syncing run mvp_linear_ltx_video_layer_noise_1.0_block_12/trial_0004
wandb: ⭐️ View project at https://wandb.ai/caselli-niccolo-developer-university-of-amsterdam/probe4physics
wandb: 🚀 View run at https://wandb.ai/caselli-niccolo-developer-university-of-amsterdam/probe4physics/runs/td1jldla
[eval.mvp] Starting eval | split_name=val split_dir=data/splits/mvp/full_60_20_20 predictor_mode=from_file annotation_file=data/annotations/mvp_full.jsonl
[eval.mvp] Loaded split assignments | split_pairs=989 split_samples=1978
[eval.mvp] Prepared samples | n_pairs_before_trim=989 n_samples_before_trim=1978 n_pairs_after_trim=989 n_samples_after_trim=1978 max_pairs=0
[eval.mvp] Generated predictions | n_predictions=1978
[eval.mvp] Scoring complete | accuracy=50.0000 pair_consistency=0.0000 n_pairs=989 n_samples=1978
[eval.mvp] Artifacts written | output_dir=artifacts/probes/mvp/mvp_probe_linear_ltx_video_ltxv_13b_0_9_8_distilled_20260510T093250Z/layer_noise_1.0_block_12/train/trial_0004/val_eval
wandb: updating run metadata
wandb: uploading config.yaml; uploading output.log; uploading wandb-summary.json
wandb: 
wandb: Run history:
wandb:          epoch ▁▁▁▁▂▂▂▂▂▃▃▃▃▃▄▄▄▄▄▄▅▅▅▅▅▆▆▆▆▆▆▇▇▇▇▇▇███
wandb: train_accuracy ▂▅▅▂▂▃▁▅▂▄▆▆▂▄▄▄▅▄▄█▅▁▅▁▃▃▃▁▅▅█▅▅▂▁▅▃▄▁▆
wandb:     train_loss ▇▅▄▂▂▃▃▂▁▅▂▇▃▄▄▅▃▅▃▂▂▃▁▃█▅▄▂▂▄▃▂▅▁▁▆▂▂▄▂
wandb:   val_accuracy ▁▁▁▁▁▁▁▁▁▁▁▁▁▁▁▁▁▁▁▁▁▁▁▁▁▁▁▁▁▁▁▁▁▁▁▁▁▁▁▁
wandb:       val_loss ▂▃▁▁▁▁▁▁▁▁▄▁▁▂▁▁▂▁▂▁▂▁▁█▁▁▂▁▁▂▁▁▁▁▁▁▁▂▁▁
wandb: 
wandb: Run summary:
wandb:           best_epoch 45
wandb:    best_val_accuracy 50
wandb:        best_val_loss 0.69329
wandb: checkpoint_best_path artifacts/probes/mvp...
wandb: checkpoint_last_path artifacts/probes/mvp...
wandb:      checkpoint_path artifacts/probes/mvp...
wandb:              dataset mvp
wandb:      elapsed_seconds 19.48125
wandb:                epoch 50
wandb:    feature_signature 7a044c58a91d3409
wandb:                  +22 ...
wandb: 
wandb: 🚀 View run mvp_linear_ltx_video_layer_noise_1.0_block_12/trial_0004 at: https://wandb.ai/caselli-niccolo-developer-university-of-amsterdam/probe4physics/runs/td1jldla
wandb: ⭐️ View project at: https://wandb.ai/caselli-niccolo-developer-university-of-amsterdam/probe4physics
wandb: Synced 5 W&B file(s), 0 media file(s), 0 artifact file(s) and 0 other file(s)
wandb: Find logs at: ./wandb/run-20260510_114640-td1jldla/logs
[I 2026-05-10 11:46:59,808] Trial 4 finished with value: 0.0 and parameters: {'lr': 0.00043664735929796326, 'weight_decay': 1.2856617791467908e-07, 'batch_size': 32, 'epochs': 50}. Best is trial 0 with value: 0.0.
wandb: setting up run cw0qsngl
wandb: Tracking run with wandb version 0.26.1
wandb: Run data is saved locally in /gpfs/home3/scur0511/Probe4Physics/wandb/run-20260510_114705-cw0qsngl
wandb: Run `wandb offline` to turn off syncing.
wandb: Syncing run mvp_linear_ltx_video_layer_noise_1.0_block_12/trial_0005
wandb: ⭐️ View project at https://wandb.ai/caselli-niccolo-developer-university-of-amsterdam/probe4physics
wandb: 🚀 View run at https://wandb.ai/caselli-niccolo-developer-university-of-amsterdam/probe4physics/runs/cw0qsngl
[eval.mvp] Starting eval | split_name=val split_dir=data/splits/mvp/full_60_20_20 predictor_mode=from_file annotation_file=data/annotations/mvp_full.jsonl
[eval.mvp] Loaded split assignments | split_pairs=989 split_samples=1978
[eval.mvp] Prepared samples | n_pairs_before_trim=989 n_samples_before_trim=1978 n_pairs_after_trim=989 n_samples_after_trim=1978 max_pairs=0
[eval.mvp] Generated predictions | n_predictions=1978
[eval.mvp] Scoring complete | accuracy=50.0000 pair_consistency=0.0000 n_pairs=989 n_samples=1978
[eval.mvp] Artifacts written | output_dir=artifacts/probes/mvp/mvp_probe_linear_ltx_video_ltxv_13b_0_9_8_distilled_20260510T093250Z/layer_noise_1.0_block_12/train/trial_0005/val_eval
wandb: updating run metadata
wandb: uploading output.log; uploading wandb-summary.json; uploading config.yaml
wandb: 
wandb: Run history:
wandb:          epoch ▁▁▂▂▂▂▂▂▃▃▃▄▄▄▄▄▄▅▅▅▅▅▅▅▆▆▆▆▆▆▇▇▇▇▇▇████
wandb: train_accuracy ▂▃▅▄▃▆▄▅▇▆▅█▃▂▆▆▂▅▇▄▅▄▄█▇▁▄▂▂▅▄▃▄▅▃▄▂▅▄▅
wandb:     train_loss ▅▃▃▆▅▁▅▇▄▆▇▆▇▂▃▆▄▂▆▃▃▇█▃▂▄▂▃▅▅▃▃▇▅▃▅▂▄▆▃
wandb:   val_accuracy ▁▁▁▁▁▁▁▁▁▁▁▁▁▁▁▁▁▁▁▁▁▁▁▁▁▁▁▁▁▁▁▁▁▁▁▁▁▁▁▁
wandb:       val_loss ▂▁▁▁▁▁▁▁▂▃▁▃▂▂▃▂▁█▁▁▁▂▁▁▁▁▅▁▁▅█▂▁▁▁▂▃▁▂▃
wandb: 
wandb: Run summary:
wandb:           best_epoch 69
wandb:    best_val_accuracy 50
wandb:        best_val_loss 0.69315
wandb: checkpoint_best_path artifacts/probes/mvp...
wandb: checkpoint_last_path artifacts/probes/mvp...
wandb:      checkpoint_path artifacts/probes/mvp...
wandb:              dataset mvp
wandb:      elapsed_seconds 118.61418
wandb:                epoch 500
wandb:    feature_signature 7a044c58a91d3409
wandb:                  +22 ...
wandb: 
wandb: 🚀 View run mvp_linear_ltx_video_layer_noise_1.0_block_12/trial_0005 at: https://wandb.ai/caselli-niccolo-developer-university-of-amsterdam/probe4physics/runs/cw0qsngl
wandb: ⭐️ View project at: https://wandb.ai/caselli-niccolo-developer-university-of-amsterdam/probe4physics
wandb: Synced 5 W&B file(s), 0 media file(s), 0 artifact file(s) and 0 other file(s)
wandb: Find logs at: ./wandb/run-20260510_114705-cw0qsngl/logs
[I 2026-05-10 11:49:06,053] Trial 5 finished with value: 0.0 and parameters: {'lr': 0.00014656553886225324, 'weight_decay': 4.247116662617142e-07, 'batch_size': 32, 'epochs': 500}. Best is trial 0 with value: 0.0.
wandb: setting up run lsfpye7y
wandb: Tracking run with wandb version 0.26.1
wandb: Run data is saved locally in /gpfs/home3/scur0511/Probe4Physics/wandb/run-20260510_114911-lsfpye7y
wandb: Run `wandb offline` to turn off syncing.
wandb: Syncing run mvp_linear_ltx_video_layer_noise_1.0_block_12/trial_0006
wandb: ⭐️ View project at https://wandb.ai/caselli-niccolo-developer-university-of-amsterdam/probe4physics
wandb: 🚀 View run at https://wandb.ai/caselli-niccolo-developer-university-of-amsterdam/probe4physics/runs/lsfpye7y
[eval.mvp] Starting eval | split_name=val split_dir=data/splits/mvp/full_60_20_20 predictor_mode=from_file annotation_file=data/annotations/mvp_full.jsonl
[eval.mvp] Loaded split assignments | split_pairs=989 split_samples=1978
[eval.mvp] Prepared samples | n_pairs_before_trim=989 n_samples_before_trim=1978 n_pairs_after_trim=989 n_samples_after_trim=1978 max_pairs=0
[eval.mvp] Generated predictions | n_predictions=1978
[eval.mvp] Scoring complete | accuracy=50.0000 pair_consistency=0.0000 n_pairs=989 n_samples=1978
[eval.mvp] Artifacts written | output_dir=artifacts/probes/mvp/mvp_probe_linear_ltx_video_ltxv_13b_0_9_8_distilled_20260510T093250Z/layer_noise_1.0_block_12/train/trial_0006/val_eval
wandb: updating run metadata
wandb: uploading output.log; uploading wandb-summary.json; uploading config.yaml
wandb: 
wandb: Run history:
wandb:          epoch ▁▁▁▁▁▂▂▂▂▃▃▃▄▄▄▄▄▄▄▅▅▅▅▅▆▆▆▆▆▆▇▇▇▇▇▇████
wandb: train_accuracy ▄▃▅▅▅▂▄▃▅▄▅▆▄▅▅▆▇▆▅▄▆▆▄█▁▆▇▄▅▁▇▅▇▅▅▇▁▇▃▆
wandb:     train_loss ▄▃▃▁▂▁▂▃▂▃▂▂▃▃▃▃▃▄▃▂▄▃▃▃▄▃▃▇▄▂▃▂█▃▇▄▅▂▁▆
wandb:   val_accuracy ▁▁▁▁▁▁▁▁▁▁▁▁▁▁▁▁▁▁▁▁▁▁▁▁▁▁▁▁▁▁▁▁▁▁▁▁▁▁▁▁
wandb:       val_loss ▂▂▁▁▁▃▇▁▁▁▂▁▂▃▁▅▁▂▂▃▂▁▁▁▁▁▅█▅▁▂▂▂▂▁▂▅▂▁▃
wandb: 
wandb: Run summary:
wandb:           best_epoch 12
wandb:    best_val_accuracy 50
wandb:        best_val_loss 0.69315
wandb: checkpoint_best_path artifacts/probes/mvp...
wandb: checkpoint_last_path artifacts/probes/mvp...
wandb:      checkpoint_path artifacts/probes/mvp...
wandb:              dataset mvp
wandb:      elapsed_seconds 19.48093
wandb:                epoch 100
wandb:    feature_signature 7a044c58a91d3409
wandb:                  +22 ...
wandb: 
wandb: 🚀 View run mvp_linear_ltx_video_layer_noise_1.0_block_12/trial_0006 at: https://wandb.ai/caselli-niccolo-developer-university-of-amsterdam/probe4physics/runs/lsfpye7y
wandb: ⭐️ View project at: https://wandb.ai/caselli-niccolo-developer-university-of-amsterdam/probe4physics
wandb: Synced 5 W&B file(s), 0 media file(s), 0 artifact file(s) and 0 other file(s)
wandb: Find logs at: ./wandb/run-20260510_114911-lsfpye7y/logs
[I 2026-05-10 11:49:33,763] Trial 6 finished with value: 0.0 and parameters: {'lr': 1.0388823104027935e-05, 'weight_decay': 0.0007812113973534924, 'batch_size': 128, 'epochs': 100}. Best is trial 0 with value: 0.0.
wandb: setting up run e7j5oqls
wandb: Tracking run with wandb version 0.26.1
wandb: Run data is saved locally in /gpfs/home3/scur0511/Probe4Physics/wandb/run-20260510_114944-e7j5oqls
wandb: Run `wandb offline` to turn off syncing.
wandb: Syncing run mvp_linear_ltx_video_layer_noise_1.0_block_12/trial_0007
wandb: ⭐️ View project at https://wandb.ai/caselli-niccolo-developer-university-of-amsterdam/probe4physics
wandb: 🚀 View run at https://wandb.ai/caselli-niccolo-developer-university-of-amsterdam/probe4physics/runs/e7j5oqls
[eval.mvp] Starting eval | split_name=val split_dir=data/splits/mvp/full_60_20_20 predictor_mode=from_file annotation_file=data/annotations/mvp_full.jsonl
[eval.mvp] Loaded split assignments | split_pairs=989 split_samples=1978
[eval.mvp] Prepared samples | n_pairs_before_trim=989 n_samples_before_trim=1978 n_pairs_after_trim=989 n_samples_after_trim=1978 max_pairs=0
[eval.mvp] Generated predictions | n_predictions=1978
[eval.mvp] Scoring complete | accuracy=50.0000 pair_consistency=0.0000 n_pairs=989 n_samples=1978
[eval.mvp] Artifacts written | output_dir=artifacts/probes/mvp/mvp_probe_linear_ltx_video_ltxv_13b_0_9_8_distilled_20260510T093250Z/layer_noise_1.0_block_12/train/trial_0007/val_eval
wandb: updating run metadata
wandb: uploading output.log; uploading wandb-summary.json; uploading config.yaml
wandb: 
wandb: Run history:
wandb:          epoch ▁▁▁▂▂▃▃▃▃▄▄▄▄▄▄▄▄▅▅▅▅▅▅▅▅▆▆▆▆▆▇▇▇▇▇▇▇▇▇█
wandb: train_accuracy ▇▅▄▅▄▅▃▄▅▅▅▅▄▁▂▄▄▄▄▄▄▄▄▅▃▅▅▄▃▅▄▄▄▃▅▅▃█▄▅
wandb:     train_loss ▄▄▃▅▁▃▃▅▅▂█▅▂▂▂▄▇▂▃▂▂▃▃▄▂▃▂▂▃▆▂▂▂▂▂▁▃▄▃▄
wandb:   val_accuracy ▁▁▁▁▁▁▁▁▁▁▁▁▁▁▁▁▁▁▁▁▁▁▁▁▁▁▁▁▁▁▁▁▁▁▁▁▁▁▁▁
wandb:       val_loss ▁▂▁▁▁▃▂▁▂█▂▂▂▁▁▂▁▂▁▁▂▂▁▃▁▃▁▂▂▁▂▄▁▁▁▂▁▃▁▄
wandb: 
wandb: Run summary:
wandb:           best_epoch 545
wandb:    best_val_accuracy 50
wandb:        best_val_loss 0.69315
wandb: checkpoint_best_path artifacts/probes/mvp...
wandb: checkpoint_last_path artifacts/probes/mvp...
wandb:      checkpoint_path artifacts/probes/mvp...
wandb:              dataset mvp
wandb:      elapsed_seconds 154.97376
wandb:                epoch 1000
wandb:    feature_signature 7a044c58a91d3409
wandb:                  +22 ...
wandb: 
wandb: 🚀 View run mvp_linear_ltx_video_layer_noise_1.0_block_12/trial_0007 at: https://wandb.ai/caselli-niccolo-developer-university-of-amsterdam/probe4physics/runs/e7j5oqls
wandb: ⭐️ View project at: https://wandb.ai/caselli-niccolo-developer-university-of-amsterdam/probe4physics
wandb: Synced 5 W&B file(s), 0 media file(s), 0 artifact file(s) and 0 other file(s)
wandb: Find logs at: ./wandb/run-20260510_114944-e7j5oqls/logs
[I 2026-05-10 11:52:17,276] Trial 7 finished with value: 0.0 and parameters: {'lr': 8.569331925053983e-05, 'weight_decay': 8.93511059033186e-07, 'batch_size': 128, 'epochs': 1000}. Best is trial 0 with value: 0.0.
wandb: setting up run v908njxh
wandb: Tracking run with wandb version 0.26.1
wandb: Run data is saved locally in /gpfs/home3/scur0511/Probe4Physics/wandb/run-20260510_115223-v908njxh
wandb: Run `wandb offline` to turn off syncing.
wandb: Syncing run mvp_linear_ltx_video_layer_noise_1.0_block_12/trial_0008
wandb: ⭐️ View project at https://wandb.ai/caselli-niccolo-developer-university-of-amsterdam/probe4physics
wandb: 🚀 View run at https://wandb.ai/caselli-niccolo-developer-university-of-amsterdam/probe4physics/runs/v908njxh
[eval.mvp] Starting eval | split_name=val split_dir=data/splits/mvp/full_60_20_20 predictor_mode=from_file annotation_file=data/annotations/mvp_full.jsonl
[eval.mvp] Loaded split assignments | split_pairs=989 split_samples=1978
[eval.mvp] Prepared samples | n_pairs_before_trim=989 n_samples_before_trim=1978 n_pairs_after_trim=989 n_samples_after_trim=1978 max_pairs=0
[eval.mvp] Generated predictions | n_predictions=1978
[eval.mvp] Scoring complete | accuracy=50.0000 pair_consistency=0.0000 n_pairs=989 n_samples=1978
[eval.mvp] Artifacts written | output_dir=artifacts/probes/mvp/mvp_probe_linear_ltx_video_ltxv_13b_0_9_8_distilled_20260510T093250Z/layer_noise_1.0_block_12/train/trial_0008/val_eval
wandb: updating run metadata
wandb: uploading output.log; uploading wandb-summary.json; uploading config.yaml
wandb: 
wandb: Run history:
wandb:          epoch ▁▁▁▁▂▂▂▃▃▃▃▃▃▃▃▄▄▄▄▄▄▄▅▅▅▅▅▅▅▅▆▆▆▆▆▇▇▇██
wandb: train_accuracy ▁▆▅▇▆█▃▄▄▇▅▅▄█▄▃▄▄▆▄▅▇▅▆▇▄▄▃▇▆▇▆▆▁▅▃▅█▄▆
wandb:     train_loss ▃▁▁▃▅▁▄▁▂▃▃▂▃▆▃▂▂▂▇▄▃▁▂█▂▂▂▂▃▃▄▆▄▃▅▂▅▆▄▂
wandb:   val_accuracy ▁▁▁▁▁▁▁▁▁▁▁▁▁▁▁▁▁▁▁▁▁▁▁▁▁▁▁▁▁▁▁▁▁▁▁▁▁▁▁▁
wandb:       val_loss ▂▁▃▂▁▁▂▁▅▁▂▂▁▁█▁▂▃▁▁▃▄▁▆▁▁▁▁▂▁▁▁▁▃▁▄▁▅▁▂
wandb: 
wandb: Run summary:
wandb:           best_epoch 47
wandb:    best_val_accuracy 50
wandb:        best_val_loss 0.69315
wandb: checkpoint_best_path artifacts/probes/mvp...
wandb: checkpoint_last_path artifacts/probes/mvp...
wandb:      checkpoint_path artifacts/probes/mvp...
wandb:              dataset mvp
wandb:      elapsed_seconds 18.5912
wandb:                epoch 100
wandb:    feature_signature 7a044c58a91d3409
wandb:                  +22 ...
wandb: 
wandb: 🚀 View run mvp_linear_ltx_video_layer_noise_1.0_block_12/trial_0008 at: https://wandb.ai/caselli-niccolo-developer-university-of-amsterdam/probe4physics/runs/v908njxh
wandb: ⭐️ View project at: https://wandb.ai/caselli-niccolo-developer-university-of-amsterdam/probe4physics
wandb: Synced 5 W&B file(s), 0 media file(s), 0 artifact file(s) and 0 other file(s)
wandb: Find logs at: ./wandb/run-20260510_115223-v908njxh/logs
[I 2026-05-10 11:52:43,455] Trial 8 finished with value: 0.0 and parameters: {'lr': 0.0003699972431463808, 'weight_decay': 3.6749049453053196e-06, 'batch_size': 256, 'epochs': 100}. Best is trial 0 with value: 0.0.
wandb: setting up run g278ek9j
wandb: Tracking run with wandb version 0.26.1
wandb: Run data is saved locally in /gpfs/home3/scur0511/Probe4Physics/wandb/run-20260510_115248-g278ek9j
wandb: Run `wandb offline` to turn off syncing.
wandb: Syncing run mvp_linear_ltx_video_layer_noise_1.0_block_12/trial_0009
wandb: ⭐️ View project at https://wandb.ai/caselli-niccolo-developer-university-of-amsterdam/probe4physics
wandb: 🚀 View run at https://wandb.ai/caselli-niccolo-developer-university-of-amsterdam/probe4physics/runs/g278ek9j
[eval.mvp] Starting eval | split_name=val split_dir=data/splits/mvp/full_60_20_20 predictor_mode=from_file annotation_file=data/annotations/mvp_full.jsonl
[eval.mvp] Loaded split assignments | split_pairs=989 split_samples=1978
[eval.mvp] Prepared samples | n_pairs_before_trim=989 n_samples_before_trim=1978 n_pairs_after_trim=989 n_samples_after_trim=1978 max_pairs=0
[eval.mvp] Generated predictions | n_predictions=1978
[eval.mvp] Scoring complete | accuracy=50.0000 pair_consistency=0.0000 n_pairs=989 n_samples=1978
[eval.mvp] Artifacts written | output_dir=artifacts/probes/mvp/mvp_probe_linear_ltx_video_ltxv_13b_0_9_8_distilled_20260510T093250Z/layer_noise_1.0_block_12/train/trial_0009/val_eval
wandb: updating run metadata
wandb: uploading wandb-summary.json; uploading config.yaml; uploading output.log
wandb: uploading config.yaml
wandb: 
wandb: Run history:
wandb:          epoch ▁▁▁▁▁▁▁▂▂▂▂▂▃▃▃▃▄▄▄▄▅▅▅▅▅▅▅▆▆▆▆▇▇▇▇▇▇███
wandb: train_accuracy ▆▆▅▃▃▃▅▅▂▅▅▆█▅▄▅▃▄▅▅▆▄▇▂▆▆▄▆▅▇▅▅▂▄▅▂▁█▄▇
wandb:     train_loss ▂█▂▂▃▄▄▃▂▅▂▃▂▄▆▂▂▅▆▅▂▂▃▁▂▂▂▃▁▄▄▃▂▃▂▂▂▃▁▂
wandb:   val_accuracy ▁▁▁▁▁▁▁▁▁▁▁▁▁▁▁▁▁▁▁▁▁▁▁▁▁▁▁▁▁▁▁▁▁▁▁▁▁▁▁▁
wandb:       val_loss █▁▃▁▁▂▄▄▁▁▁▃▂▁▁▂▁▂▁▁▃▁▁▁▆▂▁▂▁▂▂▂▁▃▃▂▁▁▂▄
wandb: 
wandb: Run summary:
wandb:           best_epoch 495
wandb:    best_val_accuracy 50
wandb:        best_val_loss 0.69315
wandb: checkpoint_best_path artifacts/probes/mvp...
wandb: checkpoint_last_path artifacts/probes/mvp...
wandb:      checkpoint_path artifacts/probes/mvp...
wandb:              dataset mvp
wandb:      elapsed_seconds 148.2082
wandb:                epoch 1000
wandb:    feature_signature 7a044c58a91d3409
wandb:                  +22 ...
wandb: 
wandb: 🚀 View run mvp_linear_ltx_video_layer_noise_1.0_block_12/trial_0009 at: https://wandb.ai/caselli-niccolo-developer-university-of-amsterdam/probe4physics/runs/g278ek9j
wandb: ⭐️ View project at: https://wandb.ai/caselli-niccolo-developer-university-of-amsterdam/probe4physics
wandb: Synced 5 W&B file(s), 0 media file(s), 0 artifact file(s) and 0 other file(s)
wandb: Find logs at: ./wandb/run-20260510_115248-g278ek9j/logs
[I 2026-05-10 11:55:19,652] Trial 9 finished with value: 0.0 and parameters: {'lr': 4.857295179217165e-05, 'weight_decay': 2.8965395242758635e-08, 'batch_size': 128, 'epochs': 1000}. Best is trial 0 with value: 0.0.
wandb: setting up run rgax6cyh
wandb: Tracking run with wandb version 0.26.1
wandb: Run data is saved locally in /gpfs/home3/scur0511/Probe4Physics/wandb/run-20260510_115524-rgax6cyh
wandb: Run `wandb offline` to turn off syncing.
wandb: Syncing run mvp_linear_ltx_video_layer_noise_1.0_block_12/trial_0010
wandb: ⭐️ View project at https://wandb.ai/caselli-niccolo-developer-university-of-amsterdam/probe4physics
wandb: 🚀 View run at https://wandb.ai/caselli-niccolo-developer-university-of-amsterdam/probe4physics/runs/rgax6cyh
[eval.mvp] Starting eval | split_name=val split_dir=data/splits/mvp/full_60_20_20 predictor_mode=from_file annotation_file=data/annotations/mvp_full.jsonl
[eval.mvp] Loaded split assignments | split_pairs=989 split_samples=1978
[eval.mvp] Prepared samples | n_pairs_before_trim=989 n_samples_before_trim=1978 n_pairs_after_trim=989 n_samples_after_trim=1978 max_pairs=0
[eval.mvp] Generated predictions | n_predictions=1978
[eval.mvp] Scoring complete | accuracy=50.0000 pair_consistency=0.0000 n_pairs=989 n_samples=1978
[eval.mvp] Artifacts written | output_dir=artifacts/probes/mvp/mvp_probe_linear_ltx_video_ltxv_13b_0_9_8_distilled_20260510T093250Z/layer_noise_1.0_block_12/train/trial_0010/val_eval
wandb: updating run metadata
wandb: uploading output.log; uploading wandb-summary.json; uploading config.yaml
wandb: 
wandb: Run history:
wandb:          epoch ▁▁▁▂▂▂▂▂▂▂▃▃▃▃▃▄▄▄▄▄▄▄▄▅▅▅▅▅▆▆▆▆▆▇▇▇▇▇██
wandb: train_accuracy ▅▂▇▂██▄▄▄▂▇▃▅▄▆▇▄▂▂▁▃▆▃▆▆▇▂▆▂▅▅▄▇▂▄▆▄▁▄▄
wandb:     train_loss ▁▃▄▁▂▅▇▁▂▂▁▂▇▂▂█▂▁▃▂▂▂▂▂▅▂▃▃▁▁▂▃▄▂▂▅▂▃▄▄
wandb:   val_accuracy ▁▁▁▁▁▁▁▁▁▁▁▁▁▁▁▁▁▁▁▁▁▁▁▁▁▁▁▁▁▁▁▁▁▁▁▁▁▁▁▁
wandb:       val_loss ▁▄▁▁▁▂▂▁▂▁▁▂▂▆▃▅▂▂▁▂▂▂▁▃▄▂▄▂▁▄█▁▁▁▂▂▁▂▁▄
wandb: 
wandb: Run summary:
wandb:           best_epoch 264
wandb:    best_val_accuracy 50
wandb:        best_val_loss 0.69315
wandb: checkpoint_best_path artifacts/probes/mvp...
wandb: checkpoint_last_path artifacts/probes/mvp...
wandb:      checkpoint_path artifacts/probes/mvp...
wandb:              dataset mvp
wandb:      elapsed_seconds 381.38148
wandb:                epoch 2000
wandb:    feature_signature 7a044c58a91d3409
wandb:                  +22 ...
wandb: 
wandb: 🚀 View run mvp_linear_ltx_video_layer_noise_1.0_block_12/trial_0010 at: https://wandb.ai/caselli-niccolo-developer-university-of-amsterdam/probe4physics/runs/rgax6cyh
wandb: ⭐️ View project at: https://wandb.ai/caselli-niccolo-developer-university-of-amsterdam/probe4physics
wandb: Synced 5 W&B file(s), 0 media file(s), 0 artifact file(s) and 0 other file(s)
wandb: Find logs at: ./wandb/run-20260510_115524-rgax6cyh/logs
[I 2026-05-10 12:01:49,255] Trial 10 finished with value: 0.0 and parameters: {'lr': 0.002146403547714585, 'weight_decay': 0.003955232336089218, 'batch_size': 64, 'epochs': 2000}. Best is trial 0 with value: 0.0.
wandb: setting up run u0l4ybee
wandb: Tracking run with wandb version 0.26.1
wandb: Run data is saved locally in /gpfs/home3/scur0511/Probe4Physics/wandb/run-20260510_120153-u0l4ybee
wandb: Run `wandb offline` to turn off syncing.
wandb: Syncing run mvp_linear_ltx_video_layer_noise_1.0_block_12/trial_0011
wandb: ⭐️ View project at https://wandb.ai/caselli-niccolo-developer-university-of-amsterdam/probe4physics
wandb: 🚀 View run at https://wandb.ai/caselli-niccolo-developer-university-of-amsterdam/probe4physics/runs/u0l4ybee
[eval.mvp] Starting eval | split_name=val split_dir=data/splits/mvp/full_60_20_20 predictor_mode=from_file annotation_file=data/annotations/mvp_full.jsonl
[eval.mvp] Loaded split assignments | split_pairs=989 split_samples=1978
[eval.mvp] Prepared samples | n_pairs_before_trim=989 n_samples_before_trim=1978 n_pairs_after_trim=989 n_samples_after_trim=1978 max_pairs=0
[eval.mvp] Generated predictions | n_predictions=1978
[eval.mvp] Scoring complete | accuracy=50.0000 pair_consistency=0.0000 n_pairs=989 n_samples=1978
[eval.mvp] Artifacts written | output_dir=artifacts/probes/mvp/mvp_probe_linear_ltx_video_ltxv_13b_0_9_8_distilled_20260510T093250Z/layer_noise_1.0_block_12/train/trial_0011/val_eval
wandb: updating run metadata
wandb: uploading config.yaml; uploading output.log; uploading wandb-summary.json
wandb: 
wandb: Run history:
wandb:          epoch ▁▁▂▂▂▃▃▄▄▄▅▅▅▆▆▇▇▇██
wandb: train_accuracy ▁▆▆▇▆▄▅▄▄▁▄▄▆▃▃▅▄▄▆█
wandb:     train_loss █▆▂▂▂▃▃▃▃▄▄▄▃▃███▅▁▁
wandb:   val_accuracy ▁▁▁▁▁▁▁▁▁▁▁▁▁▁▁▁▁▁▁▁
wandb:       val_loss ▅▂▁▃▃▆▄▄▄▁▁▁▆▅▆▃█▂▂▁
wandb: 
wandb: Run summary:
wandb:           best_epoch 20
wandb:    best_val_accuracy 50
wandb:        best_val_loss 0.74623
wandb: checkpoint_best_path artifacts/probes/mvp...
wandb: checkpoint_last_path artifacts/probes/mvp...
wandb:      checkpoint_path artifacts/probes/mvp...
wandb:              dataset mvp
wandb:      elapsed_seconds 7.88022
wandb:                epoch 20
wandb:    feature_signature 7a044c58a91d3409
wandb:                  +22 ...
wandb: 
wandb: 🚀 View run mvp_linear_ltx_video_layer_noise_1.0_block_12/trial_0011 at: https://wandb.ai/caselli-niccolo-developer-university-of-amsterdam/probe4physics/runs/u0l4ybee
wandb: ⭐️ View project at: https://wandb.ai/caselli-niccolo-developer-university-of-amsterdam/probe4physics
wandb: Synced 5 W&B file(s), 0 media file(s), 0 artifact file(s) and 0 other file(s)
wandb: Find logs at: ./wandb/run-20260510_120153-u0l4ybee/logs
[I 2026-05-10 12:02:04,440] Trial 11 finished with value: 0.0 and parameters: {'lr': 0.006290638535730336, 'weight_decay': 3.099069456180075e-05, 'batch_size': 256, 'epochs': 20}. Best is trial 0 with value: 0.0.
wandb: setting up run upr09qrq
wandb: Tracking run with wandb version 0.26.1
wandb: Run data is saved locally in /gpfs/home3/scur0511/Probe4Physics/wandb/run-20260510_120210-upr09qrq
wandb: Run `wandb offline` to turn off syncing.
wandb: Syncing run mvp_linear_ltx_video_layer_noise_1.0_block_12/trial_0012
wandb: ⭐️ View project at https://wandb.ai/caselli-niccolo-developer-university-of-amsterdam/probe4physics
wandb: 🚀 View run at https://wandb.ai/caselli-niccolo-developer-university-of-amsterdam/probe4physics/runs/upr09qrq
[eval.mvp] Starting eval | split_name=val split_dir=data/splits/mvp/full_60_20_20 predictor_mode=from_file annotation_file=data/annotations/mvp_full.jsonl
[eval.mvp] Loaded split assignments | split_pairs=989 split_samples=1978
[eval.mvp] Prepared samples | n_pairs_before_trim=989 n_samples_before_trim=1978 n_pairs_after_trim=989 n_samples_after_trim=1978 max_pairs=0
[eval.mvp] Generated predictions | n_predictions=1978
[eval.mvp] Scoring complete | accuracy=50.0000 pair_consistency=0.0000 n_pairs=989 n_samples=1978
[eval.mvp] Artifacts written | output_dir=artifacts/probes/mvp/mvp_probe_linear_ltx_video_ltxv_13b_0_9_8_distilled_20260510T093250Z/layer_noise_1.0_block_12/train/trial_0012/val_eval
wandb: updating run metadata
wandb: uploading history steps 1995-1999, summary, console lines 0-6
wandb: 
wandb: Run history:
wandb:          epoch ▁▂▂▂▂▂▃▃▃▃▃▃▃▄▄▄▅▅▅▅▅▆▆▆▆▆▆▆▆▇▇▇▇▇▇█████
wandb: train_accuracy ▅▁▄▇█▆▆▆▆▁▅▇▂▆▅▄▇▇▅▅▇▄▅▃▃▄▅▄▆▆▃▅█▁▇▄▆▂▇▅
wandb:     train_loss ▂▁▁▁▁▁▃▁▁▁▁▂▄▁▂▁▂▅▁▄▄▁▄▁▁▂▃▁▁▁▁▂▁▄▃▁█▅▃▄
wandb:   val_accuracy ▁▁▁▁▁▁▁▁▁▁▁▁▁▁▁▁▁▁▁▁▁▁▁▁▁▁▁▁▁▁▁▁▁▁▁▁▁▁▁▁
wandb:       val_loss ▁▂▁▂▂▁▁▃▁█▄▄▃▄▁▁▄▁▃▂▃▁▁▁▄▂▁▁▃▃▁▂▁▂▁▄▄▁▁▄
wandb: 
wandb: Run summary:
wandb:           best_epoch 890
wandb:    best_val_accuracy 50
wandb:        best_val_loss 0.69315
wandb: checkpoint_best_path artifacts/probes/mvp...
wandb: checkpoint_last_path artifacts/probes/mvp...
wandb:      checkpoint_path artifacts/probes/mvp...
wandb:              dataset mvp
wandb:      elapsed_seconds 307.17137
wandb:                epoch 2000
wandb:    feature_signature 7a044c58a91d3409
wandb:                  +22 ...
wandb: 
wandb: 🚀 View run mvp_linear_ltx_video_layer_noise_1.0_block_12/trial_0012 at: https://wandb.ai/caselli-niccolo-developer-university-of-amsterdam/probe4physics/runs/upr09qrq
wandb: ⭐️ View project at: https://wandb.ai/caselli-niccolo-developer-university-of-amsterdam/probe4physics
wandb: Synced 5 W&B file(s), 0 media file(s), 0 artifact file(s) and 0 other file(s)
wandb: Find logs at: ./wandb/run-20260510_120210-upr09qrq/logs
[I 2026-05-10 12:07:19,683] Trial 12 finished with value: 0.0 and parameters: {'lr': 0.0017138890273524052, 'weight_decay': 2.8103024558302232e-05, 'batch_size': 256, 'epochs': 2000}. Best is trial 0 with value: 0.0.
wandb: setting up run kgbeb4qq
wandb: Tracking run with wandb version 0.26.1
wandb: Run data is saved locally in /gpfs/home3/scur0511/Probe4Physics/wandb/run-20260510_120725-kgbeb4qq
wandb: Run `wandb offline` to turn off syncing.
wandb: Syncing run mvp_linear_ltx_video_layer_noise_1.0_block_12/trial_0013
wandb: ⭐️ View project at https://wandb.ai/caselli-niccolo-developer-university-of-amsterdam/probe4physics
wandb: 🚀 View run at https://wandb.ai/caselli-niccolo-developer-university-of-amsterdam/probe4physics/runs/kgbeb4qq
[eval.mvp] Starting eval | split_name=val split_dir=data/splits/mvp/full_60_20_20 predictor_mode=from_file annotation_file=data/annotations/mvp_full.jsonl
[eval.mvp] Loaded split assignments | split_pairs=989 split_samples=1978
[eval.mvp] Prepared samples | n_pairs_before_trim=989 n_samples_before_trim=1978 n_pairs_after_trim=989 n_samples_after_trim=1978 max_pairs=0
[eval.mvp] Generated predictions | n_predictions=1978
[eval.mvp] Scoring complete | accuracy=50.0000 pair_consistency=0.0000 n_pairs=989 n_samples=1978
[eval.mvp] Artifacts written | output_dir=artifacts/probes/mvp/mvp_probe_linear_ltx_video_ltxv_13b_0_9_8_distilled_20260510T093250Z/layer_noise_1.0_block_12/train/trial_0013/val_eval
wandb: updating run metadata
wandb: uploading output.log; uploading wandb-summary.json; uploading config.yaml
wandb: 
wandb: Run history:
wandb:          epoch ▁▁▁▁▁▂▂▂▂▂▂▂▃▃▃▃▃▄▄▄▄▄▄▅▅▅▅▅▆▆▆▆▆▆▇▇▇▇██
wandb: train_accuracy ▇▄█▂█▅▁▅▅▇▄▅▅▂▅▅▄▃▅▄▃▅▃█▄▆▅▅▅▃▄▁▅▅▆▅▄▄▄▃
wandb:     train_loss ▄▁▂▁▂▂▁▂▃▂▃▅▂▃▄▂▃█▂▂▃▅▃▇▄▂▂▂▂▂▂▃▂▂▃▅▁▄▇▁
wandb:   val_accuracy ▁▁▁▁▁▁▁▁▁▁▁▁▁▁▁▁▁▁▁▁▁▁▁▁▁▁▁▁▁▁▁▁▁▁▁▁▁▁▁▁
wandb:       val_loss ▁▂▁▃▁▃▇▃▁▁▁▅▁▇▅▃▂▃▂▁▃▂▂▃▃▂▂▁▂▃▅▇▁▂▂█▄▂▂▃
wandb: 
wandb: Run summary:
wandb:           best_epoch 1614
wandb:    best_val_accuracy 50
wandb:        best_val_loss 0.69315
wandb: checkpoint_best_path artifacts/probes/mvp...
wandb: checkpoint_last_path artifacts/probes/mvp...
wandb:      checkpoint_path artifacts/probes/mvp...
wandb:              dataset mvp
wandb:      elapsed_seconds 380.67455
wandb:                epoch 2000
wandb:    feature_signature 7a044c58a91d3409
wandb:                  +22 ...
wandb: 
wandb: 🚀 View run mvp_linear_ltx_video_layer_noise_1.0_block_12/trial_0013 at: https://wandb.ai/caselli-niccolo-developer-university-of-amsterdam/probe4physics/runs/kgbeb4qq
wandb: ⭐️ View project at: https://wandb.ai/caselli-niccolo-developer-university-of-amsterdam/probe4physics
wandb: Synced 5 W&B file(s), 0 media file(s), 0 artifact file(s) and 0 other file(s)
wandb: Find logs at: ./wandb/run-20260510_120725-kgbeb4qq/logs
[I 2026-05-10 12:13:48,868] Trial 13 finished with value: 0.0 and parameters: {'lr': 0.0009827696709910616, 'weight_decay': 0.008946810000979412, 'batch_size': 64, 'epochs': 2000}. Best is trial 0 with value: 0.0.
wandb: setting up run akow6ahs
wandb: Tracking run with wandb version 0.26.1
wandb: Run data is saved locally in /gpfs/home3/scur0511/Probe4Physics/wandb/run-20260510_121354-akow6ahs
wandb: Run `wandb offline` to turn off syncing.
wandb: Syncing run mvp_linear_ltx_video_layer_noise_1.0_block_12/trial_0014
wandb: ⭐️ View project at https://wandb.ai/caselli-niccolo-developer-university-of-amsterdam/probe4physics
wandb: 🚀 View run at https://wandb.ai/caselli-niccolo-developer-university-of-amsterdam/probe4physics/runs/akow6ahs
[eval.mvp] Starting eval | split_name=val split_dir=data/splits/mvp/full_60_20_20 predictor_mode=from_file annotation_file=data/annotations/mvp_full.jsonl
[eval.mvp] Loaded split assignments | split_pairs=989 split_samples=1978
[eval.mvp] Prepared samples | n_pairs_before_trim=989 n_samples_before_trim=1978 n_pairs_after_trim=989 n_samples_after_trim=1978 max_pairs=0
[eval.mvp] Generated predictions | n_predictions=1978
[eval.mvp] Scoring complete | accuracy=50.0000 pair_consistency=0.0000 n_pairs=989 n_samples=1978
[eval.mvp] Artifacts written | output_dir=artifacts/probes/mvp/mvp_probe_linear_ltx_video_ltxv_13b_0_9_8_distilled_20260510T093250Z/layer_noise_1.0_block_12/train/trial_0014/val_eval
wandb: updating run metadata
wandb: uploading output.log; uploading wandb-summary.json; uploading config.yaml
wandb: 
wandb: Run history:
wandb:          epoch ▁▁▁▁▂▂▂▂▂▃▃▃▄▄▄▄▅▅▅▅▅▅▅▅▅▆▆▆▆▆▆▇▇▇▇▇▇▇██
wandb: train_accuracy ▄▅▆▄▄▆▆▅▂▅▁▄▄▂▅▂▆█▄▂▃▅▅▄▁▅▆▁▅▅▇▇▅▄▇▆▆▄▄▃
wandb:     train_loss █▂▃▃▃▃▃▄▁▄▂▄▂▂▄▃▆▆▃▂▁▃▄▃▅▄▃▃▄▂▆▄▄▅▃▂▅▅▃▃
wandb:   val_accuracy ▁▁▁▁▁▁▁▁▁▁▁▁▁▁▁▁▁▁▁▁▁▁▁▁▁▁▁▁▁▁▁▁▁▁▁▁▁▁▁▁
wandb:       val_loss ▄▆▂▁▁▂▆▂▂▄▃▃▁▁▂▁▄▂▁▃▄▂▄▅▃▅▆▄▁▂▅█▆▃▁▃▁▂▂▆
wandb: 
wandb: Run summary:
wandb:           best_epoch 14
wandb:    best_val_accuracy 50
wandb:        best_val_loss 0.69479
wandb: checkpoint_best_path artifacts/probes/mvp...
wandb: checkpoint_last_path artifacts/probes/mvp...
wandb:      checkpoint_path artifacts/probes/mvp...
wandb:              dataset mvp
wandb:      elapsed_seconds 28.64919
wandb:                epoch 100
wandb:    feature_signature 7a044c58a91d3409
wandb:                  +22 ...
wandb: 
wandb: 🚀 View run mvp_linear_ltx_video_layer_noise_1.0_block_12/trial_0014 at: https://wandb.ai/caselli-niccolo-developer-university-of-amsterdam/probe4physics/runs/akow6ahs
wandb: ⭐️ View project at: https://wandb.ai/caselli-niccolo-developer-university-of-amsterdam/probe4physics
wandb: Synced 5 W&B file(s), 0 media file(s), 0 artifact file(s) and 0 other file(s)
wandb: Find logs at: ./wandb/run-20260510_121354-akow6ahs/logs
[I 2026-05-10 12:14:25,329] Trial 14 finished with value: 0.0 and parameters: {'lr': 0.009346845015219, 'weight_decay': 0.00010294317962430987, 'batch_size': 32, 'epochs': 100}. Best is trial 0 with value: 0.0.
wandb: setting up run uaq1xqbp
wandb: Tracking run with wandb version 0.26.1
wandb: Run data is saved locally in /gpfs/home3/scur0511/Probe4Physics/wandb/run-20260510_121431-uaq1xqbp
wandb: Run `wandb offline` to turn off syncing.
wandb: Syncing run mvp_linear_ltx_video_layer_noise_1.0_block_12/trial_0015
wandb: ⭐️ View project at https://wandb.ai/caselli-niccolo-developer-university-of-amsterdam/probe4physics
wandb: 🚀 View run at https://wandb.ai/caselli-niccolo-developer-university-of-amsterdam/probe4physics/runs/uaq1xqbp
[eval.mvp] Starting eval | split_name=val split_dir=data/splits/mvp/full_60_20_20 predictor_mode=from_file annotation_file=data/annotations/mvp_full.jsonl
[eval.mvp] Loaded split assignments | split_pairs=989 split_samples=1978
[eval.mvp] Prepared samples | n_pairs_before_trim=989 n_samples_before_trim=1978 n_pairs_after_trim=989 n_samples_after_trim=1978 max_pairs=0
[eval.mvp] Generated predictions | n_predictions=1978
[eval.mvp] Scoring complete | accuracy=50.0000 pair_consistency=0.0000 n_pairs=989 n_samples=1978
[eval.mvp] Artifacts written | output_dir=artifacts/probes/mvp/mvp_probe_linear_ltx_video_ltxv_13b_0_9_8_distilled_20260510T093250Z/layer_noise_1.0_block_12/train/trial_0015/val_eval
wandb: updating run metadata
wandb: uploading history steps 471-499, summary, console lines 0-6
wandb: 
wandb: Run history:
wandb:          epoch ▁▁▂▂▂▂▂▃▃▃▃▃▄▄▄▄▄▅▅▅▅▆▆▆▆▇▇▇▇▇▇▇▇▇▇█████
wandb: train_accuracy ▄▅▃▂▄▂▃▄▄▃▁▅▅▅▃▄▃▅▄▄▃▆▃▂▅▃▃▃▂▄▂▃▄▂▄▅▄▅█▅
wandb:     train_loss ▃▂▂▂▃▅▃▃▅▃█▃▅▂▆▃▄▁▅▄▃▂▁▃▆▄▂▁▆▇▁▃▅▂▃▂▁▃▆▂
wandb:   val_accuracy ▁▁▁▁▁▁▁▁▁▁▁▁▁▁▁▁▁▁▁▁▁▁▁▁▁▁▁▁▁▁▁▁▁▁▁▁▁▁▁▁
wandb:       val_loss ▁▁▃▁▂▄▅▁█▁▁▁▂▁▃▁▁▃▂▁▁▄▁▂▁▁▂▂▁▃▁▅▁▅▁▂▁▂▂▇
wandb: 
wandb: Run summary:
wandb:           best_epoch 311
wandb:    best_val_accuracy 50
wandb:        best_val_loss 0.69315
wandb: checkpoint_best_path artifacts/probes/mvp...
wandb: checkpoint_last_path artifacts/probes/mvp...
wandb:      checkpoint_path artifacts/probes/mvp...
wandb:              dataset mvp
wandb:      elapsed_seconds 70.96776
wandb:                epoch 500
wandb:    feature_signature 7a044c58a91d3409
wandb:                  +22 ...
wandb: 
wandb: 🚀 View run mvp_linear_ltx_video_layer_noise_1.0_block_12/trial_0015 at: https://wandb.ai/caselli-niccolo-developer-university-of-amsterdam/probe4physics/runs/uaq1xqbp
wandb: ⭐️ View project at: https://wandb.ai/caselli-niccolo-developer-university-of-amsterdam/probe4physics
wandb: Synced 5 W&B file(s), 0 media file(s), 0 artifact file(s) and 0 other file(s)
wandb: Find logs at: ./wandb/run-20260510_121431-uaq1xqbp/logs
[I 2026-05-10 12:15:45,017] Trial 15 finished with value: 0.0 and parameters: {'lr': 1.9592076566280752e-05, 'weight_decay': 5.807862910443679e-06, 'batch_size': 256, 'epochs': 500}. Best is trial 0 with value: 0.0.
wandb: setting up run kpvkv6vc
wandb: Tracking run with wandb version 0.26.1
wandb: Run data is saved locally in /gpfs/home3/scur0511/Probe4Physics/wandb/run-20260510_121551-kpvkv6vc
wandb: Run `wandb offline` to turn off syncing.
wandb: Syncing run mvp_linear_ltx_video_layer_noise_1.0_block_12/trial_0016
wandb: ⭐️ View project at https://wandb.ai/caselli-niccolo-developer-university-of-amsterdam/probe4physics
wandb: 🚀 View run at https://wandb.ai/caselli-niccolo-developer-university-of-amsterdam/probe4physics/runs/kpvkv6vc
[eval.mvp] Starting eval | split_name=val split_dir=data/splits/mvp/full_60_20_20 predictor_mode=from_file annotation_file=data/annotations/mvp_full.jsonl
[eval.mvp] Loaded split assignments | split_pairs=989 split_samples=1978
[eval.mvp] Prepared samples | n_pairs_before_trim=989 n_samples_before_trim=1978 n_pairs_after_trim=989 n_samples_after_trim=1978 max_pairs=0
[eval.mvp] Generated predictions | n_predictions=1978
[eval.mvp] Scoring complete | accuracy=50.0000 pair_consistency=0.0000 n_pairs=989 n_samples=1978
[eval.mvp] Artifacts written | output_dir=artifacts/probes/mvp/mvp_probe_linear_ltx_video_ltxv_13b_0_9_8_distilled_20260510T093250Z/layer_noise_1.0_block_12/train/trial_0016/val_eval
wandb: updating run metadata
wandb: uploading output.log; uploading wandb-summary.json; uploading config.yaml
wandb: 
wandb: Run history:
wandb:          epoch ▁▁▂▂▂▃▃▄▄▄▅▅▅▆▆▇▇▇██
wandb: train_accuracy ▃▅▅▇▅▄▅▆▄▁▄█▅▇▅▆▄▆▅▇
wandb:     train_loss █▄▄▃▃▄▅▃▄▃▂▂▂▁▂▂▁▁▁▁
wandb:   val_accuracy ▁▁▁▁▁▁▁▁▁▁▁▁▁▁▁▁▁▁▁▁
wandb:       val_loss ▁█▅▅▇▇▁▆▃▅▂▃▂▂▄▃▁▁▁▁
wandb: 
wandb: Run summary:
wandb:           best_epoch 19
wandb:    best_val_accuracy 50
wandb:        best_val_loss 0.76974
wandb: checkpoint_best_path artifacts/probes/mvp...
wandb: checkpoint_last_path artifacts/probes/mvp...
wandb:      checkpoint_path artifacts/probes/mvp...
wandb:              dataset mvp
wandb:      elapsed_seconds 9.38396
wandb:                epoch 20
wandb:    feature_signature 7a044c58a91d3409
wandb:                  +22 ...
wandb: 
wandb: 🚀 View run mvp_linear_ltx_video_layer_noise_1.0_block_12/trial_0016 at: https://wandb.ai/caselli-niccolo-developer-university-of-amsterdam/probe4physics/runs/kpvkv6vc
wandb: ⭐️ View project at: https://wandb.ai/caselli-niccolo-developer-university-of-amsterdam/probe4physics
wandb: Synced 5 W&B file(s), 0 media file(s), 0 artifact file(s) and 0 other file(s)
wandb: Find logs at: ./wandb/run-20260510_121551-kpvkv6vc/logs
[I 2026-05-10 12:16:02,263] Trial 16 finished with value: 0.0 and parameters: {'lr': 0.0035459485775337835, 'weight_decay': 2.1424483808604603e-06, 'batch_size': 256, 'epochs': 20}. Best is trial 0 with value: 0.0.
wandb: setting up run 2hme8rlf
wandb: Tracking run with wandb version 0.26.1
wandb: Run data is saved locally in /gpfs/home3/scur0511/Probe4Physics/wandb/run-20260510_121607-2hme8rlf
wandb: Run `wandb offline` to turn off syncing.
wandb: Syncing run mvp_linear_ltx_video_layer_noise_1.0_block_12/trial_0017
wandb: ⭐️ View project at https://wandb.ai/caselli-niccolo-developer-university-of-amsterdam/probe4physics
wandb: 🚀 View run at https://wandb.ai/caselli-niccolo-developer-university-of-amsterdam/probe4physics/runs/2hme8rlf
[eval.mvp] Starting eval | split_name=val split_dir=data/splits/mvp/full_60_20_20 predictor_mode=from_file annotation_file=data/annotations/mvp_full.jsonl
[eval.mvp] Loaded split assignments | split_pairs=989 split_samples=1978
[eval.mvp] Prepared samples | n_pairs_before_trim=989 n_samples_before_trim=1978 n_pairs_after_trim=989 n_samples_after_trim=1978 max_pairs=0
[eval.mvp] Generated predictions | n_predictions=1978
[eval.mvp] Scoring complete | accuracy=50.0000 pair_consistency=0.0000 n_pairs=989 n_samples=1978
[eval.mvp] Artifacts written | output_dir=artifacts/probes/mvp/mvp_probe_linear_ltx_video_ltxv_13b_0_9_8_distilled_20260510T093250Z/layer_noise_1.0_block_12/train/trial_0017/val_eval
wandb: updating run metadata
wandb: 
wandb: Run history:
wandb:          epoch ▁▁▁▁▂▂▂▂▂▂▃▃▃▃▃▄▄▄▄▄▄▅▅▅▅▆▆▆▆▆▇▇▇▇▇█████
wandb: train_accuracy ▄▄▄▄▇▅▆▃▆▇▇▇▅▅▅▃▅▆▄▆▃█▅█▅▅▆▅▆▅█▅▅▁▅▄▆▃▆▇
wandb:     train_loss ▂▃▃▂▂▃▅▂▂▄▁▁▅▂▁▂▂▃▃▃▂▅▂▃▃▂▄█▂▂▅▃▃▂▂▁▄▃▂▂
wandb:   val_accuracy ▁▁▁▁▁▁▁▁▁▁▁▁▁▁▁▁▁▁▁▁▁▁▁▁▁▁▁▁▁▁▁▁▁▁▁▁▁▁▁▁
wandb:       val_loss ▁▃▁▂█▂▅▂▃▁▁█▄▁▂▁▇▂▁▃▄▁▇▃▅▁▃▆▅▁▂▆▂▅▁▁▁▃▁▁
wandb: 
wandb: Run summary:
wandb:           best_epoch 676
wandb:    best_val_accuracy 50
wandb:        best_val_loss 0.69315
wandb: checkpoint_best_path artifacts/probes/mvp...
wandb: checkpoint_last_path artifacts/probes/mvp...
wandb:      checkpoint_path artifacts/probes/mvp...
wandb:              dataset mvp
wandb:      elapsed_seconds 501.176
wandb:                epoch 2000
wandb:    feature_signature 7a044c58a91d3409
wandb:                  +22 ...
wandb: 
wandb: 🚀 View run mvp_linear_ltx_video_layer_noise_1.0_block_12/trial_0017 at: https://wandb.ai/caselli-niccolo-developer-university-of-amsterdam/probe4physics/runs/2hme8rlf
wandb: ⭐️ View project at: https://wandb.ai/caselli-niccolo-developer-university-of-amsterdam/probe4physics
wandb: Synced 5 W&B file(s), 0 media file(s), 0 artifact file(s) and 0 other file(s)
wandb: Find logs at: ./wandb/run-20260510_121607-2hme8rlf/logs
[I 2026-05-10 12:24:31,710] Trial 17 finished with value: 0.0 and parameters: {'lr': 0.0007948707226799964, 'weight_decay': 1.4239225315245903e-08, 'batch_size': 32, 'epochs': 2000}. Best is trial 0 with value: 0.0.
wandb: setting up run oie5k0kj
wandb: Tracking run with wandb version 0.26.1
wandb: Run data is saved locally in /gpfs/home3/scur0511/Probe4Physics/wandb/run-20260510_122437-oie5k0kj
wandb: Run `wandb offline` to turn off syncing.
wandb: Syncing run mvp_linear_ltx_video_layer_noise_1.0_block_12/trial_0018
wandb: ⭐️ View project at https://wandb.ai/caselli-niccolo-developer-university-of-amsterdam/probe4physics
wandb: 🚀 View run at https://wandb.ai/caselli-niccolo-developer-university-of-amsterdam/probe4physics/runs/oie5k0kj
[eval.mvp] Starting eval | split_name=val split_dir=data/splits/mvp/full_60_20_20 predictor_mode=from_file annotation_file=data/annotations/mvp_full.jsonl
[eval.mvp] Loaded split assignments | split_pairs=989 split_samples=1978
[eval.mvp] Prepared samples | n_pairs_before_trim=989 n_samples_before_trim=1978 n_pairs_after_trim=989 n_samples_after_trim=1978 max_pairs=0
[eval.mvp] Generated predictions | n_predictions=1978
[eval.mvp] Scoring complete | accuracy=50.0000 pair_consistency=0.0000 n_pairs=989 n_samples=1978
[eval.mvp] Artifacts written | output_dir=artifacts/probes/mvp/mvp_probe_linear_ltx_video_ltxv_13b_0_9_8_distilled_20260510T093250Z/layer_noise_1.0_block_12/train/trial_0018/val_eval
wandb: updating run metadata
wandb: uploading output.log; uploading wandb-summary.json; uploading config.yaml
wandb: 
wandb: Run history:
wandb:          epoch ▁▁▁▁▂▂▂▂▃▃▃▃▄▄▄▄▄▄▄▄▅▅▅▅▅▅▅▆▆▆▆▆▆▆▇▇████
wandb: train_accuracy ▃▅▆▂▃▅▃▂▆▃▃▄▃▃▆▄▁▃▆▁▁▃▃▄▃▂▇▅▃▂▃▆▁▅█▃▃▅▄▅
wandb:     train_loss █▂▁▂▂▁▃▂▂▁▁▁▃▁▂▃▃▂▂▁▂▁▂▁▂▁▂▁▂▂▂▂▂▁▁▂▂▂▂▁
wandb:   val_accuracy ▁▁▁▁▁▁▁▁▁▁▁▁▁▁▁▁▁▁▁▁▁▁▁▁▁▁▁▁▁▁▁▁▁▁▁▁▁▁▁▁
wandb:       val_loss ▁▆▄▁▂▁▁▂▂▇▂▁▁▁▁▄▃▂▂▁▂▂▁▃▆█▂▃▄▂▅▁▂▁▁▁▂▁▁▁
wandb: 
wandb: Run summary:
wandb:           best_epoch 45
wandb:    best_val_accuracy 50
wandb:        best_val_loss 0.69315
wandb: checkpoint_best_path artifacts/probes/mvp...
wandb: checkpoint_last_path artifacts/probes/mvp...
wandb:      checkpoint_path artifacts/probes/mvp...
wandb:              dataset mvp
wandb:      elapsed_seconds 22.20651
wandb:                epoch 100
wandb:    feature_signature 7a044c58a91d3409
wandb:                  +22 ...
wandb: 
wandb: 🚀 View run mvp_linear_ltx_video_layer_noise_1.0_block_12/trial_0018 at: https://wandb.ai/caselli-niccolo-developer-university-of-amsterdam/probe4physics/runs/oie5k0kj
wandb: ⭐️ View project at: https://wandb.ai/caselli-niccolo-developer-university-of-amsterdam/probe4physics
wandb: Synced 5 W&B file(s), 0 media file(s), 0 artifact file(s) and 0 other file(s)
wandb: Find logs at: ./wandb/run-20260510_122437-oie5k0kj/logs
[I 2026-05-10 12:25:02,221] Trial 18 finished with value: 0.0 and parameters: {'lr': 4.720845304099489e-05, 'weight_decay': 1.7071783919969125e-07, 'batch_size': 64, 'epochs': 100}. Best is trial 0 with value: 0.0.
wandb: setting up run xqd3yjdg
wandb: Tracking run with wandb version 0.26.1
wandb: Run data is saved locally in /gpfs/home3/scur0511/Probe4Physics/wandb/run-20260510_122508-xqd3yjdg
wandb: Run `wandb offline` to turn off syncing.
wandb: Syncing run mvp_linear_ltx_video_layer_noise_1.0_block_12/trial_0019
wandb: ⭐️ View project at https://wandb.ai/caselli-niccolo-developer-university-of-amsterdam/probe4physics
wandb: 🚀 View run at https://wandb.ai/caselli-niccolo-developer-university-of-amsterdam/probe4physics/runs/xqd3yjdg
[eval.mvp] Starting eval | split_name=val split_dir=data/splits/mvp/full_60_20_20 predictor_mode=from_file annotation_file=data/annotations/mvp_full.jsonl
[eval.mvp] Loaded split assignments | split_pairs=989 split_samples=1978
[eval.mvp] Prepared samples | n_pairs_before_trim=989 n_samples_before_trim=1978 n_pairs_after_trim=989 n_samples_after_trim=1978 max_pairs=0
[eval.mvp] Generated predictions | n_predictions=1978
[eval.mvp] Scoring complete | accuracy=50.0000 pair_consistency=0.0000 n_pairs=989 n_samples=1978
[eval.mvp] Artifacts written | output_dir=artifacts/probes/mvp/mvp_probe_linear_ltx_video_ltxv_13b_0_9_8_distilled_20260510T093250Z/layer_noise_1.0_block_12/train/trial_0019/val_eval
wandb: updating run metadata
wandb: uploading config.yaml; uploading output.log; uploading wandb-summary.json
wandb: 
wandb: Run history:
wandb:          epoch ▁▁▁▂▂▂▃▃▃▃▄▄▄▄▄▄▄▄▄▄▅▅▅▅▆▆▆▆▆▆▆▆▆▇▇▇████
wandb: train_accuracy ▄▃▄▅▄▅▄▆▄▇▅▇▇▄▃▁▁▇▅▁▇▇▃▃▆▇▃▅▄▆▅▅▂▃█▅▆▆▃▄
wandb:     train_loss ▆▃▂▁█▂▆▄▂▅▁▂▃▂▁▂▄▂▃▁▃▁▂▂▁▁▁▁▃▂▅▃▃▃▂▂▁▁▂▁
wandb:   val_accuracy ▁▁▁▁▁▁▁▁▁▁▁▁▁▁▁▁▁▁▁▁▁▁▁▁▁▁▁▁▁▁▁▁▁▁▁▁▁▁▁▁
wandb:       val_loss ▃█▂▁▃▁▃▃▇▃▃▁▂▅▁▃▁▂▁▂▁▁▁▃▂▂▄▁▂▄▂▂▂▂▂▁▄▂▂▃
wandb: 
wandb: Run summary:
wandb:           best_epoch 460
wandb:    best_val_accuracy 50
wandb:        best_val_loss 0.69315
wandb: checkpoint_best_path artifacts/probes/mvp...
wandb: checkpoint_last_path artifacts/probes/mvp...
wandb:      checkpoint_path artifacts/probes/mvp...
wandb:              dataset mvp
wandb:      elapsed_seconds 309.70907
wandb:                epoch 2000
wandb:    feature_signature 7a044c58a91d3409
wandb:                  +22 ...
wandb: 
wandb: 🚀 View run mvp_linear_ltx_video_layer_noise_1.0_block_12/trial_0019 at: https://wandb.ai/caselli-niccolo-developer-university-of-amsterdam/probe4physics/runs/xqd3yjdg
wandb: ⭐️ View project at: https://wandb.ai/caselli-niccolo-developer-university-of-amsterdam/probe4physics
wandb: Synced 5 W&B file(s), 0 media file(s), 0 artifact file(s) and 0 other file(s)
wandb: Find logs at: ./wandb/run-20260510_122508-xqd3yjdg/logs
[I 2026-05-10 12:30:20,121] Trial 19 finished with value: 0.0 and parameters: {'lr': 0.0007392530738469641, 'weight_decay': 0.000369960521744469, 'batch_size': 256, 'epochs': 2000}. Best is trial 0 with value: 0.0.
[eval.mvp] Starting eval | split_name=train split_dir=data/splits/mvp/full_60_20_20 predictor_mode=from_file annotation_file=data/annotations/mvp_full.jsonl
[eval.mvp] Loaded split assignments | split_pairs=2965 split_samples=5930
[eval.mvp] Prepared samples | n_pairs_before_trim=2965 n_samples_before_trim=5930 n_pairs_after_trim=2965 n_samples_after_trim=5930 max_pairs=0
[eval.mvp] Generated predictions | n_predictions=5930
[eval.mvp] Scoring complete | accuracy=50.0000 pair_consistency=0.0000 n_pairs=2965 n_samples=5930
[eval.mvp] Artifacts written | output_dir=artifacts/probes/mvp/mvp_probe_linear_ltx_video_ltxv_13b_0_9_8_distilled_20260510T093250Z/layer_noise_1.0_block_12/eval/train
[eval.mvp] Starting eval | split_name=val split_dir=data/splits/mvp/full_60_20_20 predictor_mode=from_file annotation_file=data/annotations/mvp_full.jsonl
[eval.mvp] Loaded split assignments | split_pairs=989 split_samples=1978
[eval.mvp] Prepared samples | n_pairs_before_trim=989 n_samples_before_trim=1978 n_pairs_after_trim=989 n_samples_after_trim=1978 max_pairs=0
[eval.mvp] Generated predictions | n_predictions=1978
[eval.mvp] Scoring complete | accuracy=50.0000 pair_consistency=0.0000 n_pairs=989 n_samples=1978
[eval.mvp] Artifacts written | output_dir=artifacts/probes/mvp/mvp_probe_linear_ltx_video_ltxv_13b_0_9_8_distilled_20260510T093250Z/layer_noise_1.0_block_12/eval/val
[eval.mvp] Starting eval | split_name=test split_dir=data/splits/mvp/full_60_20_20 predictor_mode=from_file annotation_file=data/annotations/mvp_full.jsonl
[eval.mvp] Loaded split assignments | split_pairs=989 split_samples=1978
[eval.mvp] Prepared samples | n_pairs_before_trim=989 n_samples_before_trim=1978 n_pairs_after_trim=989 n_samples_after_trim=1978 max_pairs=0
[eval.mvp] Generated predictions | n_predictions=1978
[eval.mvp] Scoring complete | accuracy=50.0000 pair_consistency=0.0000 n_pairs=989 n_samples=1978
[eval.mvp] Artifacts written | output_dir=artifacts/probes/mvp/mvp_probe_linear_ltx_video_ltxv_13b_0_9_8_distilled_20260510T093250Z/layer_noise_1.0_block_12/eval/test
[I 2026-05-10 12:30:29,366] A new study created in RDB with name: mvp_linear_ltx_video_layer_noise_1.0_block_24
wandb: setting up run 0zdaycf0
wandb: Tracking run with wandb version 0.26.1
wandb: Run data is saved locally in /gpfs/home3/scur0511/Probe4Physics/wandb/run-20260510_123035-0zdaycf0
wandb: Run `wandb offline` to turn off syncing.
wandb: Syncing run mvp_linear_ltx_video_layer_noise_1.0_block_24/trial_0000
wandb: ⭐️ View project at https://wandb.ai/caselli-niccolo-developer-university-of-amsterdam/probe4physics
wandb: 🚀 View run at https://wandb.ai/caselli-niccolo-developer-university-of-amsterdam/probe4physics/runs/0zdaycf0
[eval.mvp] Starting eval | split_name=val split_dir=data/splits/mvp/full_60_20_20 predictor_mode=from_file annotation_file=data/annotations/mvp_full.jsonl
[eval.mvp] Loaded split assignments | split_pairs=989 split_samples=1978
[eval.mvp] Prepared samples | n_pairs_before_trim=989 n_samples_before_trim=1978 n_pairs_after_trim=989 n_samples_after_trim=1978 max_pairs=0
[eval.mvp] Generated predictions | n_predictions=1978
[eval.mvp] Scoring complete | accuracy=50.0000 pair_consistency=0.0000 n_pairs=989 n_samples=1978
[eval.mvp] Artifacts written | output_dir=artifacts/probes/mvp/mvp_probe_linear_ltx_video_ltxv_13b_0_9_8_distilled_20260510T093250Z/layer_noise_1.0_block_24/train/trial_0000/val_eval
wandb: updating run metadata
wandb: uploading output.log; uploading wandb-summary.json; uploading config.yaml
wandb: uploading history steps 1999-1999, summary, console lines 0-6
wandb: 
wandb: Run history:
wandb:          epoch ▁▁▁▁▂▂▂▂▂▂▂▂▃▃▃▃▃▃▄▄▄▅▅▅▅▅▅▆▆▆▇▇▇▇▇▇▇▇██
wandb: train_accuracy ▃▅▆▁▅▄▆▅▄▄▄▃▄▆▆▆▃▇▃▃▅▄▂▄█▄▄▂▇▅▆▇▃▂▆▄▇▃▅▇
wandb:     train_loss ▇▄▁▄▂▂▃▄▃▅▁▂▃▄▄▃▇▆▃▅▄▆▇▃▅▅▃▁▃▃▂▅▄▄█▇▃▆▄▁
wandb:   val_accuracy ▁▁▁▁▁▁▁▁▁▁▁▁▁▁▁▁▁▁▁▁▁▁▁▁▁▁▁▁▁▁▁▁▁▁▁▁▁▁▁▁
wandb:       val_loss ▅▂▇▁▃▃▄▄▃▅▁▁▂▁▅▁▄▄▂▁▁▁▂▁▁▁▁█▂▃▅▁▅▂▁▂▄▁▃▅
wandb: 
wandb: Run summary:
wandb:           best_epoch 1129
wandb:    best_val_accuracy 50
wandb:        best_val_loss 0.69315
wandb: checkpoint_best_path artifacts/probes/mvp...
wandb: checkpoint_last_path artifacts/probes/mvp...
wandb:      checkpoint_path artifacts/probes/mvp...
wandb:              dataset mvp
wandb:      elapsed_seconds 501.43938
wandb:                epoch 2000
wandb:    feature_signature 7a044c58a91d3409
wandb:                  +22 ...
wandb: 
wandb: 🚀 View run mvp_linear_ltx_video_layer_noise_1.0_block_24/trial_0000 at: https://wandb.ai/caselli-niccolo-developer-university-of-amsterdam/probe4physics/runs/0zdaycf0
wandb: ⭐️ View project at: https://wandb.ai/caselli-niccolo-developer-university-of-amsterdam/probe4physics
wandb: Synced 5 W&B file(s), 0 media file(s), 0 artifact file(s) and 0 other file(s)
wandb: Find logs at: ./wandb/run-20260510_123035-0zdaycf0/logs
[I 2026-05-10 12:38:59,101] Trial 0 finished with value: 0.0 and parameters: {'lr': 0.0001329291894316216, 'weight_decay': 0.005061576888752304, 'batch_size': 32, 'epochs': 2000}. Best is trial 0 with value: 0.0.
wandb: setting up run l33j0ll6
wandb: Tracking run with wandb version 0.26.1
wandb: Run data is saved locally in /gpfs/home3/scur0511/Probe4Physics/wandb/run-20260510_123903-l33j0ll6
wandb: Run `wandb offline` to turn off syncing.
wandb: Syncing run mvp_linear_ltx_video_layer_noise_1.0_block_24/trial_0001
wandb: ⭐️ View project at https://wandb.ai/caselli-niccolo-developer-university-of-amsterdam/probe4physics
wandb: 🚀 View run at https://wandb.ai/caselli-niccolo-developer-university-of-amsterdam/probe4physics/runs/l33j0ll6
[eval.mvp] Starting eval | split_name=val split_dir=data/splits/mvp/full_60_20_20 predictor_mode=from_file annotation_file=data/annotations/mvp_full.jsonl
[eval.mvp] Loaded split assignments | split_pairs=989 split_samples=1978
[eval.mvp] Prepared samples | n_pairs_before_trim=989 n_samples_before_trim=1978 n_pairs_after_trim=989 n_samples_after_trim=1978 max_pairs=0
[eval.mvp] Generated predictions | n_predictions=1978
[eval.mvp] Scoring complete | accuracy=50.0000 pair_consistency=0.0000 n_pairs=989 n_samples=1978
[eval.mvp] Artifacts written | output_dir=artifacts/probes/mvp/mvp_probe_linear_ltx_video_ltxv_13b_0_9_8_distilled_20260510T093250Z/layer_noise_1.0_block_24/train/trial_0001/val_eval
wandb: updating run metadata
wandb: uploading output.log; uploading wandb-summary.json; uploading config.yaml
wandb: 
wandb: Run history:
wandb:          epoch ▁▁▁▂▂▂▂▂▂▃▃▃▃▄▄▄▄▅▅▅▆▆▆▆▆▆▆▆▆▇▇▇▇▇▇▇▇███
wandb: train_accuracy ▁▃▂▄▅▃▄▄▄▁▅▆█▂▆▁▂▂▃▆▇▇▅▆▂▃▃▁▅▃▄▁▁▂▆▆▄▆▄▆
wandb:     train_loss ▃▁▂▂▃▂▁▁▇▅▅▄▃▁▄▃▄▃▄▄▆▄▂▄▁▁▄█▅▄▂▄▁▂▂▁▄▅▆▁
wandb:   val_accuracy ▁▁▁▁▁▁▁▁▁▁▁▁▁▁▁▁▁▁▁▁▁▁▁▁▁▁▁▁▁▁▁▁▁▁▁▁▁▁▁▁
wandb:       val_loss ▃▁▂▄▁▅▂▅▁▂▂▃▂▂▂▄▇▃▃▁▃▂▂▂▂▁▂▂▅█▁▁▁▁▁▂▂▁▂▂
wandb: 
wandb: Run summary:
wandb:           best_epoch 63
wandb:    best_val_accuracy 50
wandb:        best_val_loss 0.69319
wandb: checkpoint_best_path artifacts/probes/mvp...
wandb: checkpoint_last_path artifacts/probes/mvp...
wandb:      checkpoint_path artifacts/probes/mvp...
wandb:              dataset mvp
wandb:      elapsed_seconds 17.7005
wandb:                epoch 100
wandb:    feature_signature 7a044c58a91d3409
wandb:                  +22 ...
wandb: 
wandb: 🚀 View run mvp_linear_ltx_video_layer_noise_1.0_block_24/trial_0001 at: https://wandb.ai/caselli-niccolo-developer-university-of-amsterdam/probe4physics/runs/l33j0ll6
wandb: ⭐️ View project at: https://wandb.ai/caselli-niccolo-developer-university-of-amsterdam/probe4physics
wandb: Synced 5 W&B file(s), 0 media file(s), 0 artifact file(s) and 0 other file(s)
wandb: Find logs at: ./wandb/run-20260510_123903-l33j0ll6/logs
[I 2026-05-10 12:39:24,938] Trial 1 finished with value: 0.0 and parameters: {'lr': 0.00314288089084011, 'weight_decay': 1.879466824163843e-07, 'batch_size': 256, 'epochs': 100}. Best is trial 0 with value: 0.0.
wandb: setting up run 0exijvwq
wandb: Tracking run with wandb version 0.26.1
wandb: Run data is saved locally in /gpfs/home3/scur0511/Probe4Physics/wandb/run-20260510_123930-0exijvwq
wandb: Run `wandb offline` to turn off syncing.
wandb: Syncing run mvp_linear_ltx_video_layer_noise_1.0_block_24/trial_0002
wandb: ⭐️ View project at https://wandb.ai/caselli-niccolo-developer-university-of-amsterdam/probe4physics
wandb: 🚀 View run at https://wandb.ai/caselli-niccolo-developer-university-of-amsterdam/probe4physics/runs/0exijvwq
[eval.mvp] Starting eval | split_name=val split_dir=data/splits/mvp/full_60_20_20 predictor_mode=from_file annotation_file=data/annotations/mvp_full.jsonl
[eval.mvp] Loaded split assignments | split_pairs=989 split_samples=1978
[eval.mvp] Prepared samples | n_pairs_before_trim=989 n_samples_before_trim=1978 n_pairs_after_trim=989 n_samples_after_trim=1978 max_pairs=0
[eval.mvp] Generated predictions | n_predictions=1978
[eval.mvp] Scoring complete | accuracy=50.0000 pair_consistency=0.0000 n_pairs=989 n_samples=1978
[eval.mvp] Artifacts written | output_dir=artifacts/probes/mvp/mvp_probe_linear_ltx_video_ltxv_13b_0_9_8_distilled_20260510T093250Z/layer_noise_1.0_block_24/train/trial_0002/val_eval
wandb: updating run metadata
wandb: uploading output.log; uploading wandb-summary.json; uploading config.yaml
wandb: uploading data
wandb: 
wandb: Run history:
wandb:          epoch ▁▂▂▂▂▃▃▃▃▃▃▃▄▄▄▅▅▅▅▅▅▅▆▆▆▆▆▆▆▆▇▇▇▇▇▇▇███
wandb: train_accuracy ▅▄▃▃▅▅▄█▅▃▆▅▃▅▃▅▁▃▆▄▅▁▃▂▅▄▁▆▃▆▃▄▄▃▅▄▃▆▂▅
wandb:     train_loss ▂▄▂▃▃▁▁█▂▃▃▃▃▁▆▄▃▅▂▂▂▂▂▁▁▃▂▂▆▂▄▁▄▃▂▅▂▂▂▅
wandb:   val_accuracy ▁▁▁▁▁▁▁▁▁▁▁▁▁▁▁▁▁▁▁▁▁▁▁▁▁▁▁▁▁▁▁▁▁▁▁▁▁▁▁▁
wandb:       val_loss ▁▂▄▂▁▂▁▁▁▂█▁▃▂▁▂▁▁▂▃▂▁▁▁▁▁▂▂▃▃▁▄▁▄▁▁▁▁▂▁
wandb: 
wandb: Run summary:
wandb:           best_epoch 840
wandb:    best_val_accuracy 50
wandb:        best_val_loss 0.69315
wandb: checkpoint_best_path artifacts/probes/mvp...
wandb: checkpoint_last_path artifacts/probes/mvp...
wandb:      checkpoint_path artifacts/probes/mvp...
wandb:              dataset mvp
wandb:      elapsed_seconds 147.97812
wandb:                epoch 1000
wandb:    feature_signature 7a044c58a91d3409
wandb:                  +22 ...
wandb: 
wandb: 🚀 View run mvp_linear_ltx_video_layer_noise_1.0_block_24/trial_0002 at: https://wandb.ai/caselli-niccolo-developer-university-of-amsterdam/probe4physics/runs/0exijvwq
wandb: ⭐️ View project at: https://wandb.ai/caselli-niccolo-developer-university-of-amsterdam/probe4physics
wandb: Synced 5 W&B file(s), 0 media file(s), 0 artifact file(s) and 0 other file(s)
wandb: Find logs at: ./wandb/run-20260510_123930-0exijvwq/logs
[I 2026-05-10 12:42:01,880] Trial 2 finished with value: 0.0 and parameters: {'lr': 0.00023345864076016249, 'weight_decay': 0.0005141096648805752, 'batch_size': 128, 'epochs': 1000}. Best is trial 0 with value: 0.0.
wandb: setting up run e6w2i2bn
wandb: Tracking run with wandb version 0.26.1
wandb: Run data is saved locally in /gpfs/home3/scur0511/Probe4Physics/wandb/run-20260510_124208-e6w2i2bn
wandb: Run `wandb offline` to turn off syncing.
wandb: Syncing run mvp_linear_ltx_video_layer_noise_1.0_block_24/trial_0003
wandb: ⭐️ View project at https://wandb.ai/caselli-niccolo-developer-university-of-amsterdam/probe4physics
wandb: 🚀 View run at https://wandb.ai/caselli-niccolo-developer-university-of-amsterdam/probe4physics/runs/e6w2i2bn
[eval.mvp] Starting eval | split_name=val split_dir=data/splits/mvp/full_60_20_20 predictor_mode=from_file annotation_file=data/annotations/mvp_full.jsonl
[eval.mvp] Loaded split assignments | split_pairs=989 split_samples=1978
[eval.mvp] Prepared samples | n_pairs_before_trim=989 n_samples_before_trim=1978 n_pairs_after_trim=989 n_samples_after_trim=1978 max_pairs=0
[eval.mvp] Generated predictions | n_predictions=1978
[eval.mvp] Scoring complete | accuracy=50.0000 pair_consistency=0.0000 n_pairs=989 n_samples=1978
[eval.mvp] Artifacts written | output_dir=artifacts/probes/mvp/mvp_probe_linear_ltx_video_ltxv_13b_0_9_8_distilled_20260510T093250Z/layer_noise_1.0_block_24/train/trial_0003/val_eval
wandb: updating run metadata
wandb: uploading config.yaml; uploading output.log; uploading wandb-summary.json
wandb: 
wandb: Run history:
wandb:          epoch ▁▁▁▁▂▂▂▂▂▂▃▃▃▃▃▄▄▄▄▄▄▅▅▅▅▅▅▆▆▆▆▇▇▇▇▇▇███
wandb: train_accuracy ▄▄▄▅▄▃▄▆█▃▅▁▅▆▅▄▁▂▂▇▆▃▅▃▁▅▅▇▅▆▇█▂▆▄▄▆▆▇▄
wandb:     train_loss ▇▃▃▅▄▅▃▃▄▂▇▅▂▄▁█▇▅▃█▄▃▇▃▄▃▃▃▅▁▃▄▃▁▃▅▂▃▄▄
wandb:   val_accuracy ▁▁▁▁▁▁▁▁▁▁▁▁▁▁▁▁▁▁▁▁▁▁▁▁▁▁▁▁▁▁▁▁▁▁▁▁▁▁▁▁
wandb:       val_loss ▂▁▁▁▁▁▁▁▂▆▂▁▁▂█▂▁▁▃▂▁▂▃▂▁▂▁▅▂▁▅▂█▄▃▆▁▁▁▃
wandb: 
wandb: Run summary:
wandb:           best_epoch 21
wandb:    best_val_accuracy 50
wandb:        best_val_loss 0.69315
wandb: checkpoint_best_path artifacts/probes/mvp...
wandb: checkpoint_last_path artifacts/probes/mvp...
wandb:      checkpoint_path artifacts/probes/mvp...
wandb:              dataset mvp
wandb:      elapsed_seconds 18.86486
wandb:                epoch 50
wandb:    feature_signature 7a044c58a91d3409
wandb:                  +22 ...
wandb: 
wandb: 🚀 View run mvp_linear_ltx_video_layer_noise_1.0_block_24/trial_0003 at: https://wandb.ai/caselli-niccolo-developer-university-of-amsterdam/probe4physics/runs/e6w2i2bn
wandb: ⭐️ View project at: https://wandb.ai/caselli-niccolo-developer-university-of-amsterdam/probe4physics
wandb: Synced 5 W&B file(s), 0 media file(s), 0 artifact file(s) and 0 other file(s)
wandb: Find logs at: ./wandb/run-20260510_124208-e6w2i2bn/logs
[I 2026-05-10 12:42:28,799] Trial 3 finished with value: 0.0 and parameters: {'lr': 8.200518402245828e-05, 'weight_decay': 3.855073690026179e-08, 'batch_size': 32, 'epochs': 50}. Best is trial 0 with value: 0.0.
wandb: setting up run jkosjgop
wandb: Tracking run with wandb version 0.26.1
wandb: Run data is saved locally in /gpfs/home3/scur0511/Probe4Physics/wandb/run-20260510_124235-jkosjgop
wandb: Run `wandb offline` to turn off syncing.
wandb: Syncing run mvp_linear_ltx_video_layer_noise_1.0_block_24/trial_0004
wandb: ⭐️ View project at https://wandb.ai/caselli-niccolo-developer-university-of-amsterdam/probe4physics
wandb: 🚀 View run at https://wandb.ai/caselli-niccolo-developer-university-of-amsterdam/probe4physics/runs/jkosjgop
[eval.mvp] Starting eval | split_name=val split_dir=data/splits/mvp/full_60_20_20 predictor_mode=from_file annotation_file=data/annotations/mvp_full.jsonl
[eval.mvp] Loaded split assignments | split_pairs=989 split_samples=1978
[eval.mvp] Prepared samples | n_pairs_before_trim=989 n_samples_before_trim=1978 n_pairs_after_trim=989 n_samples_after_trim=1978 max_pairs=0
[eval.mvp] Generated predictions | n_predictions=1978
[eval.mvp] Scoring complete | accuracy=50.0000 pair_consistency=0.0000 n_pairs=989 n_samples=1978
[eval.mvp] Artifacts written | output_dir=artifacts/probes/mvp/mvp_probe_linear_ltx_video_ltxv_13b_0_9_8_distilled_20260510T093250Z/layer_noise_1.0_block_24/train/trial_0004/val_eval
wandb: updating run metadata
wandb: uploading output.log; uploading wandb-summary.json
wandb: 
wandb: Run history:
wandb:          epoch ▁▁▁▁▂▂▂▂▂▂▃▃▃▃▃▄▄▄▄▄▅▅▅▅▅▆▆▆▆▆▆▇▇▇▇▇▇███
wandb: train_accuracy ▂▅▄▂▂▃▄▁▄▂▄▆▅▃▃▄▄▄▄█▇▁▄▂▄▄▁▅▅▄▅▅▁▂▁▅▃▃▁▆
wandb:     train_loss ▇▅▄▂▂▃▃▁▅▂▇▃▄▄▂▃▅▃▂▃▂▁▃█▅▄▂▂▄▃▃▂▅▁▁▆▂▂▄▂
wandb:   val_accuracy ▁▁▁▁▁▁▁▁▁▁▁▁▁▁▁▁▁▁▁▁▁▁▁▁▁▁▁▁▁▁▁▁▁▁▁▁▁▁▁▁
wandb:       val_loss ▃▅▁▁▁▂▁▁▁▂▁█▁▁▄▁▁▄▁▂▁▁▂▂▂▂▁▁▄▁▃▁▁▁▁▁▁▁▄▁
wandb: 
wandb: Run summary:
wandb:           best_epoch 45
wandb:    best_val_accuracy 50
wandb:        best_val_loss 0.69324
wandb: checkpoint_best_path artifacts/probes/mvp...
wandb: checkpoint_last_path artifacts/probes/mvp...
wandb:      checkpoint_path artifacts/probes/mvp...
wandb:              dataset mvp
wandb:      elapsed_seconds 18.57909
wandb:                epoch 50
wandb:    feature_signature 7a044c58a91d3409
wandb:                  +22 ...
wandb: 
wandb: 🚀 View run mvp_linear_ltx_video_layer_noise_1.0_block_24/trial_0004 at: https://wandb.ai/caselli-niccolo-developer-university-of-amsterdam/probe4physics/runs/jkosjgop
wandb: ⭐️ View project at: https://wandb.ai/caselli-niccolo-developer-university-of-amsterdam/probe4physics
wandb: Synced 5 W&B file(s), 0 media file(s), 0 artifact file(s) and 0 other file(s)
wandb: Find logs at: ./wandb/run-20260510_124235-jkosjgop/logs
[I 2026-05-10 12:42:56,545] Trial 4 finished with value: 0.0 and parameters: {'lr': 0.00043664735929796326, 'weight_decay': 1.2856617791467908e-07, 'batch_size': 32, 'epochs': 50}. Best is trial 0 with value: 0.0.
wandb: setting up run acg04zcs
wandb: Tracking run with wandb version 0.26.1
wandb: Run data is saved locally in /gpfs/home3/scur0511/Probe4Physics/wandb/run-20260510_124303-acg04zcs
wandb: Run `wandb offline` to turn off syncing.
wandb: Syncing run mvp_linear_ltx_video_layer_noise_1.0_block_24/trial_0005
wandb: ⭐️ View project at https://wandb.ai/caselli-niccolo-developer-university-of-amsterdam/probe4physics
wandb: 🚀 View run at https://wandb.ai/caselli-niccolo-developer-university-of-amsterdam/probe4physics/runs/acg04zcs
[eval.mvp] Starting eval | split_name=val split_dir=data/splits/mvp/full_60_20_20 predictor_mode=from_file annotation_file=data/annotations/mvp_full.jsonl
[eval.mvp] Loaded split assignments | split_pairs=989 split_samples=1978
[eval.mvp] Prepared samples | n_pairs_before_trim=989 n_samples_before_trim=1978 n_pairs_after_trim=989 n_samples_after_trim=1978 max_pairs=0
[eval.mvp] Generated predictions | n_predictions=1978
[eval.mvp] Scoring complete | accuracy=50.0000 pair_consistency=0.0000 n_pairs=989 n_samples=1978
[eval.mvp] Artifacts written | output_dir=artifacts/probes/mvp/mvp_probe_linear_ltx_video_ltxv_13b_0_9_8_distilled_20260510T093250Z/layer_noise_1.0_block_24/train/trial_0005/val_eval
wandb: updating run metadata
wandb: uploading output.log; uploading wandb-summary.json; uploading config.yaml
wandb: 
wandb: Run history:
wandb:          epoch ▁▁▁▁▁▂▂▂▂▂▂▃▃▃▃▃▃▃▄▄▄▅▅▅▅▆▆▆▆▆▆▆▆▆▇▇▇▇██
wandb: train_accuracy ▄▇▆▁▂▄▅▄▅▇█▄▅▃▆▅▆▃█▄▅▅▇▃▅▂▅▅▇▆▄▄▄▄▄▆▆▂▆▅
wandb:     train_loss ▂█▃▂▃▄▂▂▃▅▆▅▁▂▂▁▃▃▂▃▁▂▁▁▄▂▁▂▂▄▄▂▂▃▂▃▄▂▄▁
wandb:   val_accuracy ▁▁▁▁▁▁▁▁▁▁▁▁▁▁▁▁▁▁▁▁▁▁▁▁▁▁▁▁▁▁▁▁▁▁▁▁▁▁▁▁
wandb:       val_loss ▃▄▁█▂▁▄▅▂▁▁▁▁▁▂▁▂▂▁▂▁▃▂▃▂▁▁▁▁▂▂▁▁▁▁▅▁▂▂▂
wandb: 
wandb: Run summary:
wandb:           best_epoch 95
wandb:    best_val_accuracy 50
wandb:        best_val_loss 0.69315
wandb: checkpoint_best_path artifacts/probes/mvp...
wandb: checkpoint_last_path artifacts/probes/mvp...
wandb:      checkpoint_path artifacts/probes/mvp...
wandb:              dataset mvp
wandb:      elapsed_seconds 119.25043
wandb:                epoch 500
wandb:    feature_signature 7a044c58a91d3409
wandb:                  +22 ...
wandb: 
wandb: 🚀 View run mvp_linear_ltx_video_layer_noise_1.0_block_24/trial_0005 at: https://wandb.ai/caselli-niccolo-developer-university-of-amsterdam/probe4physics/runs/acg04zcs
wandb: ⭐️ View project at: https://wandb.ai/caselli-niccolo-developer-university-of-amsterdam/probe4physics
wandb: Synced 5 W&B file(s), 0 media file(s), 0 artifact file(s) and 0 other file(s)
wandb: Find logs at: ./wandb/run-20260510_124303-acg04zcs/logs
[I 2026-05-10 12:45:02,869] Trial 5 finished with value: 0.0 and parameters: {'lr': 0.00014656553886225324, 'weight_decay': 4.247116662617142e-07, 'batch_size': 32, 'epochs': 500}. Best is trial 0 with value: 0.0.
wandb: setting up run chzmzn8r
wandb: Tracking run with wandb version 0.26.1
wandb: Run data is saved locally in /gpfs/home3/scur0511/Probe4Physics/wandb/run-20260510_124508-chzmzn8r
wandb: Run `wandb offline` to turn off syncing.
wandb: Syncing run mvp_linear_ltx_video_layer_noise_1.0_block_24/trial_0006
wandb: ⭐️ View project at https://wandb.ai/caselli-niccolo-developer-university-of-amsterdam/probe4physics
wandb: 🚀 View run at https://wandb.ai/caselli-niccolo-developer-university-of-amsterdam/probe4physics/runs/chzmzn8r
[eval.mvp] Starting eval | split_name=val split_dir=data/splits/mvp/full_60_20_20 predictor_mode=from_file annotation_file=data/annotations/mvp_full.jsonl
[eval.mvp] Loaded split assignments | split_pairs=989 split_samples=1978
[eval.mvp] Prepared samples | n_pairs_before_trim=989 n_samples_before_trim=1978 n_pairs_after_trim=989 n_samples_after_trim=1978 max_pairs=0
[eval.mvp] Generated predictions | n_predictions=1978
[eval.mvp] Scoring complete | accuracy=50.0000 pair_consistency=0.0000 n_pairs=989 n_samples=1978
[eval.mvp] Artifacts written | output_dir=artifacts/probes/mvp/mvp_probe_linear_ltx_video_ltxv_13b_0_9_8_distilled_20260510T093250Z/layer_noise_1.0_block_24/train/trial_0006/val_eval
wandb: updating run metadata
wandb: uploading output.log; uploading wandb-summary.json; uploading config.yaml
wandb: 
wandb: Run history:
wandb:          epoch ▁▁▁▁▁▂▂▂▂▂▂▂▃▃▃▃▃▃▄▄▄▄▄▅▅▅▅▆▆▆▆▆▆▇▇▇▇▇██
wandb: train_accuracy ▅▆▆▁▆▅▅▅▄▆▅▆▅▅▄█▄▇▆▆▅█▆▃▅▇▅▃▆▆▇▆█▅▆▇▆▆▃▅
wandb:     train_loss █▁▁▁▁▁▁▁▁▁▁▁▁▁▁▁▁▁▁▁▁▁▁▁▁▁▁▁▁▁▁▁▁▁▁▁▁▁▁▁
wandb:   val_accuracy ▁▁▁▁▁▁▁▁▁▁▁▁▁▁▁▁▁▁▁▁▁▁▁▁▁▁▁▁▁▁▁▁▁▁▁▁▁▁▁▁
wandb:       val_loss ▂▂▂▁▁▁▁▁▁▁▁▁▂▂▁▃▂▄▂▁▂▂▁▁▂▁▁▁▁▂▅▅█▂▂▂▂▁▁▄
wandb: 
wandb: Run summary:
wandb:           best_epoch 12
wandb:    best_val_accuracy 50
wandb:        best_val_loss 0.69315
wandb: checkpoint_best_path artifacts/probes/mvp...
wandb: checkpoint_last_path artifacts/probes/mvp...
wandb:      checkpoint_path artifacts/probes/mvp...
wandb:              dataset mvp
wandb:      elapsed_seconds 19.53862
wandb:                epoch 100
wandb:    feature_signature 7a044c58a91d3409
wandb:                  +22 ...
wandb: 
wandb: 🚀 View run mvp_linear_ltx_video_layer_noise_1.0_block_24/trial_0006 at: https://wandb.ai/caselli-niccolo-developer-university-of-amsterdam/probe4physics/runs/chzmzn8r
wandb: ⭐️ View project at: https://wandb.ai/caselli-niccolo-developer-university-of-amsterdam/probe4physics
wandb: Synced 5 W&B file(s), 0 media file(s), 0 artifact file(s) and 0 other file(s)
wandb: Find logs at: ./wandb/run-20260510_124508-chzmzn8r/logs
[I 2026-05-10 12:45:30,909] Trial 6 finished with value: 0.0 and parameters: {'lr': 1.0388823104027935e-05, 'weight_decay': 0.0007812113973534924, 'batch_size': 128, 'epochs': 100}. Best is trial 0 with value: 0.0.
wandb: setting up run 9u01m1q5
wandb: Tracking run with wandb version 0.26.1
wandb: Run data is saved locally in /gpfs/home3/scur0511/Probe4Physics/wandb/run-20260510_124536-9u01m1q5
wandb: Run `wandb offline` to turn off syncing.
wandb: Syncing run mvp_linear_ltx_video_layer_noise_1.0_block_24/trial_0007
wandb: ⭐️ View project at https://wandb.ai/caselli-niccolo-developer-university-of-amsterdam/probe4physics
wandb: 🚀 View run at https://wandb.ai/caselli-niccolo-developer-university-of-amsterdam/probe4physics/runs/9u01m1q5
[eval.mvp] Starting eval | split_name=val split_dir=data/splits/mvp/full_60_20_20 predictor_mode=from_file annotation_file=data/annotations/mvp_full.jsonl
[eval.mvp] Loaded split assignments | split_pairs=989 split_samples=1978
[eval.mvp] Prepared samples | n_pairs_before_trim=989 n_samples_before_trim=1978 n_pairs_after_trim=989 n_samples_after_trim=1978 max_pairs=0
[eval.mvp] Generated predictions | n_predictions=1978
[eval.mvp] Scoring complete | accuracy=50.0000 pair_consistency=0.0000 n_pairs=989 n_samples=1978
[eval.mvp] Artifacts written | output_dir=artifacts/probes/mvp/mvp_probe_linear_ltx_video_ltxv_13b_0_9_8_distilled_20260510T093250Z/layer_noise_1.0_block_24/train/trial_0007/val_eval
wandb: updating run metadata
wandb: uploading config.yaml; uploading output.log; uploading wandb-summary.json
wandb: uploading data
wandb: 
wandb: Run history:
wandb:          epoch ▁▁▂▂▂▂▂▂▂▂▃▃▃▃▃▃▄▄▄▄▅▅▅▅▅▅▅▅▆▆▆▆▆▇▇▇████
wandb: train_accuracy ▅▃▅▂▆▇▅▅▅▂▄▅▄▅▄▃▄▅▄▆█▃▅▄▆▃▃▃▃▅▃▄▆▃▃▆▅▇▅▁
wandb:     train_loss ▁▅▅▂█▃▁▂▂▁▃▂▁▂▁▆▁▂▂▂▂▂▂▄▅▃▆▂▃▄▁▂▂▃▃▃▁▂▃▃
wandb:   val_accuracy ▁▁▁▁▁▁▁▁▁▁▁▁▁▁▁▁▁▁▁▁▁▁▁▁▁▁▁▁▁▁▁▁▁▁▁▁▁▁▁▁
wandb:       val_loss ▂▂▁▄▁▂▁▁▁▄▁▁▁▁▂▂▃▂▃▄▁▄▂▂▁▁▁▂▃▂▁▂▁▃▁▃▂█▃▂
wandb: 
wandb: Run summary:
wandb:           best_epoch 837
wandb:    best_val_accuracy 50
wandb:        best_val_loss 0.69315
wandb: checkpoint_best_path artifacts/probes/mvp...
wandb: checkpoint_last_path artifacts/probes/mvp...
wandb:      checkpoint_path artifacts/probes/mvp...
wandb:              dataset mvp
wandb:      elapsed_seconds 150.27707
wandb:                epoch 1000
wandb:    feature_signature 7a044c58a91d3409
wandb:                  +22 ...
wandb: 
wandb: 🚀 View run mvp_linear_ltx_video_layer_noise_1.0_block_24/trial_0007 at: https://wandb.ai/caselli-niccolo-developer-university-of-amsterdam/probe4physics/runs/9u01m1q5
wandb: ⭐️ View project at: https://wandb.ai/caselli-niccolo-developer-university-of-amsterdam/probe4physics
wandb: Synced 5 W&B file(s), 0 media file(s), 0 artifact file(s) and 0 other file(s)
wandb: Find logs at: ./wandb/run-20260510_124536-9u01m1q5/logs
[I 2026-05-10 12:48:08,413] Trial 7 finished with value: 0.0 and parameters: {'lr': 8.569331925053983e-05, 'weight_decay': 8.93511059033186e-07, 'batch_size': 128, 'epochs': 1000}. Best is trial 0 with value: 0.0.
wandb: setting up run qc383k97
wandb: Tracking run with wandb version 0.26.1
wandb: Run data is saved locally in /gpfs/home3/scur0511/Probe4Physics/wandb/run-20260510_124815-qc383k97
wandb: Run `wandb offline` to turn off syncing.
wandb: Syncing run mvp_linear_ltx_video_layer_noise_1.0_block_24/trial_0008
wandb: ⭐️ View project at https://wandb.ai/caselli-niccolo-developer-university-of-amsterdam/probe4physics
wandb: 🚀 View run at https://wandb.ai/caselli-niccolo-developer-university-of-amsterdam/probe4physics/runs/qc383k97
[eval.mvp] Starting eval | split_name=val split_dir=data/splits/mvp/full_60_20_20 predictor_mode=from_file annotation_file=data/annotations/mvp_full.jsonl
[eval.mvp] Loaded split assignments | split_pairs=989 split_samples=1978
[eval.mvp] Prepared samples | n_pairs_before_trim=989 n_samples_before_trim=1978 n_pairs_after_trim=989 n_samples_after_trim=1978 max_pairs=0
[eval.mvp] Generated predictions | n_predictions=1978
[eval.mvp] Scoring complete | accuracy=50.0000 pair_consistency=0.0000 n_pairs=989 n_samples=1978
[eval.mvp] Artifacts written | output_dir=artifacts/probes/mvp/mvp_probe_linear_ltx_video_ltxv_13b_0_9_8_distilled_20260510T093250Z/layer_noise_1.0_block_24/train/trial_0008/val_eval
wandb: updating run metadata
wandb: 
wandb: Run history:
wandb:          epoch ▁▁▁▁▁▂▂▂▂▂▂▃▃▃▃▃▃▄▄▄▄▄▄▅▅▅▅▅▅▆▆▆▇▇▇▇▇▇██
wandb: train_accuracy ▁▄▂▇▃▅▅▇▇▅▅▇▅▅▁▄▇▄▅▆▄▃▄▆█▆▆▆█▄▃▆▆▆▂▅▅▆▅▅
wandb:     train_loss █▁▂▁▁▁▁▂▁▁▂▂▂▂▁▁▁▃▁▁▁▁▂▁▁▂▂▂▂▂▂▁▁▂▂▃▂▁▁▁
wandb:   val_accuracy ▁▁▁▁▁▁▁▁▁▁▁▁▁▁▁▁▁▁▁▁▁▁▁▁▁▁▁▁▁▁▁▁▁▁▁▁▁▁▁▁
wandb:       val_loss ▁▁▁▁▂▁▅▁▁▂▂▁▂█▁▂▁▂▁▄▁▂▁▁▁▂▂▁▁▁▃▃▃▃▁▃▄▁▂▁
wandb: 
wandb: Run summary:
wandb:           best_epoch 12
wandb:    best_val_accuracy 50
wandb:        best_val_loss 0.69315
wandb: checkpoint_best_path artifacts/probes/mvp...
wandb: checkpoint_last_path artifacts/probes/mvp...
wandb:      checkpoint_path artifacts/probes/mvp...
wandb:              dataset mvp
wandb:      elapsed_seconds 20.11357
wandb:                epoch 100
wandb:    feature_signature 7a044c58a91d3409
wandb:                  +22 ...
wandb: 
wandb: 🚀 View run mvp_linear_ltx_video_layer_noise_1.0_block_24/trial_0008 at: https://wandb.ai/caselli-niccolo-developer-university-of-amsterdam/probe4physics/runs/qc383k97
wandb: ⭐️ View project at: https://wandb.ai/caselli-niccolo-developer-university-of-amsterdam/probe4physics
wandb: Synced 5 W&B file(s), 0 media file(s), 0 artifact file(s) and 0 other file(s)
wandb: Find logs at: ./wandb/run-20260510_124815-qc383k97/logs
[I 2026-05-10 12:48:36,242] Trial 8 finished with value: 0.0 and parameters: {'lr': 0.0003699972431463808, 'weight_decay': 3.6749049453053196e-06, 'batch_size': 256, 'epochs': 100}. Best is trial 0 with value: 0.0.
wandb: setting up run zyvhx0we
wandb: Tracking run with wandb version 0.26.1
wandb: Run data is saved locally in /gpfs/home3/scur0511/Probe4Physics/wandb/run-20260510_124841-zyvhx0we
wandb: Run `wandb offline` to turn off syncing.
wandb: Syncing run mvp_linear_ltx_video_layer_noise_1.0_block_24/trial_0009
wandb: ⭐️ View project at https://wandb.ai/caselli-niccolo-developer-university-of-amsterdam/probe4physics
wandb: 🚀 View run at https://wandb.ai/caselli-niccolo-developer-university-of-amsterdam/probe4physics/runs/zyvhx0we
[2026-05-10T12:49:30.659] error: *** JOB 22613596 ON tcn477 CANCELLED AT 2026-05-10T12:49:30 DUE to SIGNAL Terminated ***
