===== TRAIN PROVENANCE =====
Mon May 11 12:53:08 UTC 2026
tcn105.local.snellius.surf.nl
f26df985262d47ceceeeb0db027fdde8087059f1
Python 3.11.15
/home/scur0511/.conda/envs/probe4physics-gpu/bin/python
REPO_ROOT=/gpfs/home3/scur0511/Probe4Physics
DATASET_NAME=mvp
PROBE_NAME=linear
BACKBONE_NAME=ltx_video
BACKBONE_VARIANT=<config default>
PROBE_EPOCHS=<config default>
PROBE_DEVICE=cpu
PROBE_LAYER=last
PROBE_LAYERS=2, 6, 10, 14, 18, 22, 26, 30, 34, 38
PROBE_FEATURE_VIEW=pooled
ENABLE_WANDB=false
WANDB_PROJECT=probe4physics
WANDB_MODE=online
WANDB_GROUP=mvp_linear_ltx_video
ENABLE_OPTUNA=true
OPTUNA_N_TRIALS=20
OPTUNA_N_JOBS=1
OPTUNA_TIMEOUT_SECONDS=0
ENABLE_OPTUNA_PRUNER=true
OPTUNA_PRUNER_STARTUP_TRIALS=3
OPTUNA_PRUNER_WARMUP_STEPS=100
OPTUNA_PRUNER_INTERVAL_STEPS=1
OPTUNA_STUDY_NAME=mvp_linear_ltx_video
OPTUNA_SEARCH_OVERRIDES=<none>
============================
JOB_START_UTC=2026-05-11T12:53:08Z
[features.mvp] using compatible legacy cache: expected_signature=b8e742eb048177da actual_signature=7a044c58a91d3409 cache_dir=/gpfs/scratch1/shared/scur0511/probe4physics/artifacts/features/mvp/ltx_video_ltxv_13b_0_9_8_distilled/train-val-test/7a044c58a91d3409
[features.mvp] using compatible legacy cache: expected_signature=b8e742eb048177da actual_signature=7a044c58a91d3409 cache_dir=/gpfs/scratch1/shared/scur0511/probe4physics/artifacts/features/mvp/ltx_video_ltxv_13b_0_9_8_distilled/train-val-test/7a044c58a91d3409
[features.mvp] using compatible legacy cache: expected_signature=b8e742eb048177da actual_signature=7a044c58a91d3409 cache_dir=/gpfs/scratch1/shared/scur0511/probe4physics/artifacts/features/mvp/ltx_video_ltxv_13b_0_9_8_distilled/train-val-test/7a044c58a91d3409
[features.mvp] using compatible legacy cache: expected_signature=b8e742eb048177da actual_signature=7a044c58a91d3409 cache_dir=/gpfs/scratch1/shared/scur0511/probe4physics/artifacts/features/mvp/ltx_video_ltxv_13b_0_9_8_distilled/train-val-test/7a044c58a91d3409
[features.mvp] using compatible legacy cache: expected_signature=b8e742eb048177da actual_signature=7a044c58a91d3409 cache_dir=/gpfs/scratch1/shared/scur0511/probe4physics/artifacts/features/mvp/ltx_video_ltxv_13b_0_9_8_distilled/train-val-test/7a044c58a91d3409
[features.mvp] using compatible legacy cache: expected_signature=b8e742eb048177da actual_signature=7a044c58a91d3409 cache_dir=/gpfs/scratch1/shared/scur0511/probe4physics/artifacts/features/mvp/ltx_video_ltxv_13b_0_9_8_distilled/train-val-test/7a044c58a91d3409
[features.mvp] using compatible legacy cache: expected_signature=b8e742eb048177da actual_signature=7a044c58a91d3409 cache_dir=/gpfs/scratch1/shared/scur0511/probe4physics/artifacts/features/mvp/ltx_video_ltxv_13b_0_9_8_distilled/train-val-test/7a044c58a91d3409
[features.mvp] using compatible legacy cache: expected_signature=b8e742eb048177da actual_signature=7a044c58a91d3409 cache_dir=/gpfs/scratch1/shared/scur0511/probe4physics/artifacts/features/mvp/ltx_video_ltxv_13b_0_9_8_distilled/train-val-test/7a044c58a91d3409
[features.mvp] using compatible legacy cache: expected_signature=b8e742eb048177da actual_signature=7a044c58a91d3409 cache_dir=/gpfs/scratch1/shared/scur0511/probe4physics/artifacts/features/mvp/ltx_video_ltxv_13b_0_9_8_distilled/train-val-test/7a044c58a91d3409
[features.mvp] using compatible legacy cache: expected_signature=b8e742eb048177da actual_signature=7a044c58a91d3409 cache_dir=/gpfs/scratch1/shared/scur0511/probe4physics/artifacts/features/mvp/ltx_video_ltxv_13b_0_9_8_distilled/train-val-test/7a044c58a91d3409
[features.mvp] using compatible legacy cache: expected_signature=b8e742eb048177da actual_signature=7a044c58a91d3409 cache_dir=/gpfs/scratch1/shared/scur0511/probe4physics/artifacts/features/mvp/ltx_video_ltxv_13b_0_9_8_distilled/train-val-test/7a044c58a91d3409
[features.mvp] using compatible legacy cache: expected_signature=b8e742eb048177da actual_signature=7a044c58a91d3409 cache_dir=/gpfs/scratch1/shared/scur0511/probe4physics/artifacts/features/mvp/ltx_video_ltxv_13b_0_9_8_distilled/train-val-test/7a044c58a91d3409
[features.mvp] using compatible legacy cache: expected_signature=b8e742eb048177da actual_signature=7a044c58a91d3409 cache_dir=/gpfs/scratch1/shared/scur0511/probe4physics/artifacts/features/mvp/ltx_video_ltxv_13b_0_9_8_distilled/train-val-test/7a044c58a91d3409
[features.mvp] using compatible legacy cache: expected_signature=b8e742eb048177da actual_signature=7a044c58a91d3409 cache_dir=/gpfs/scratch1/shared/scur0511/probe4physics/artifacts/features/mvp/ltx_video_ltxv_13b_0_9_8_distilled/train-val-test/7a044c58a91d3409
[features.mvp] using compatible legacy cache: expected_signature=b8e742eb048177da actual_signature=7a044c58a91d3409 cache_dir=/gpfs/scratch1/shared/scur0511/probe4physics/artifacts/features/mvp/ltx_video_ltxv_13b_0_9_8_distilled/train-val-test/7a044c58a91d3409
[features.mvp] using compatible legacy cache: expected_signature=b8e742eb048177da actual_signature=7a044c58a91d3409 cache_dir=/gpfs/scratch1/shared/scur0511/probe4physics/artifacts/features/mvp/ltx_video_ltxv_13b_0_9_8_distilled/train-val-test/7a044c58a91d3409
[features.mvp] using compatible legacy cache: expected_signature=b8e742eb048177da actual_signature=7a044c58a91d3409 cache_dir=/gpfs/scratch1/shared/scur0511/probe4physics/artifacts/features/mvp/ltx_video_ltxv_13b_0_9_8_distilled/train-val-test/7a044c58a91d3409
[features.mvp] using compatible legacy cache: expected_signature=b8e742eb048177da actual_signature=7a044c58a91d3409 cache_dir=/gpfs/scratch1/shared/scur0511/probe4physics/artifacts/features/mvp/ltx_video_ltxv_13b_0_9_8_distilled/train-val-test/7a044c58a91d3409
[features.mvp] using compatible legacy cache: expected_signature=b8e742eb048177da actual_signature=7a044c58a91d3409 cache_dir=/gpfs/scratch1/shared/scur0511/probe4physics/artifacts/features/mvp/ltx_video_ltxv_13b_0_9_8_distilled/train-val-test/7a044c58a91d3409
[features.mvp] using compatible legacy cache: expected_signature=b8e742eb048177da actual_signature=7a044c58a91d3409 cache_dir=/gpfs/scratch1/shared/scur0511/probe4physics/artifacts/features/mvp/ltx_video_ltxv_13b_0_9_8_distilled/train-val-test/7a044c58a91d3409
[features.mvp] using compatible legacy cache: expected_signature=b8e742eb048177da actual_signature=7a044c58a91d3409 cache_dir=/gpfs/scratch1/shared/scur0511/probe4physics/artifacts/features/mvp/ltx_video_ltxv_13b_0_9_8_distilled/train-val-test/7a044c58a91d3409
[features.mvp] using compatible legacy cache: expected_signature=b8e742eb048177da actual_signature=7a044c58a91d3409 cache_dir=/gpfs/scratch1/shared/scur0511/probe4physics/artifacts/features/mvp/ltx_video_ltxv_13b_0_9_8_distilled/train-val-test/7a044c58a91d3409
[features.mvp] using compatible legacy cache: expected_signature=b8e742eb048177da actual_signature=7a044c58a91d3409 cache_dir=/gpfs/scratch1/shared/scur0511/probe4physics/artifacts/features/mvp/ltx_video_ltxv_13b_0_9_8_distilled/train-val-test/7a044c58a91d3409
[features.mvp] using compatible legacy cache: expected_signature=b8e742eb048177da actual_signature=7a044c58a91d3409 cache_dir=/gpfs/scratch1/shared/scur0511/probe4physics/artifacts/features/mvp/ltx_video_ltxv_13b_0_9_8_distilled/train-val-test/7a044c58a91d3409
[features.mvp] using compatible legacy cache: expected_signature=b8e742eb048177da actual_signature=7a044c58a91d3409 cache_dir=/gpfs/scratch1/shared/scur0511/probe4physics/artifacts/features/mvp/ltx_video_ltxv_13b_0_9_8_distilled/train-val-test/7a044c58a91d3409
[features.mvp] using compatible legacy cache: expected_signature=b8e742eb048177da actual_signature=7a044c58a91d3409 cache_dir=/gpfs/scratch1/shared/scur0511/probe4physics/artifacts/features/mvp/ltx_video_ltxv_13b_0_9_8_distilled/train-val-test/7a044c58a91d3409
[features.mvp] using compatible legacy cache: expected_signature=b8e742eb048177da actual_signature=7a044c58a91d3409 cache_dir=/gpfs/scratch1/shared/scur0511/probe4physics/artifacts/features/mvp/ltx_video_ltxv_13b_0_9_8_distilled/train-val-test/7a044c58a91d3409
[features.mvp] using compatible legacy cache: expected_signature=b8e742eb048177da actual_signature=7a044c58a91d3409 cache_dir=/gpfs/scratch1/shared/scur0511/probe4physics/artifacts/features/mvp/ltx_video_ltxv_13b_0_9_8_distilled/train-val-test/7a044c58a91d3409
[features.mvp] using compatible legacy cache: expected_signature=b8e742eb048177da actual_signature=7a044c58a91d3409 cache_dir=/gpfs/scratch1/shared/scur0511/probe4physics/artifacts/features/mvp/ltx_video_ltxv_13b_0_9_8_distilled/train-val-test/7a044c58a91d3409
[features.mvp] using compatible legacy cache: expected_signature=b8e742eb048177da actual_signature=7a044c58a91d3409 cache_dir=/gpfs/scratch1/shared/scur0511/probe4physics/artifacts/features/mvp/ltx_video_ltxv_13b_0_9_8_distilled/train-val-test/7a044c58a91d3409
[features.mvp] using compatible legacy cache: expected_signature=b8e742eb048177da actual_signature=7a044c58a91d3409 cache_dir=/gpfs/scratch1/shared/scur0511/probe4physics/artifacts/features/mvp/ltx_video_ltxv_13b_0_9_8_distilled/train-val-test/7a044c58a91d3409
[features.mvp] using compatible legacy cache: expected_signature=b8e742eb048177da actual_signature=7a044c58a91d3409 cache_dir=/gpfs/scratch1/shared/scur0511/probe4physics/artifacts/features/mvp/ltx_video_ltxv_13b_0_9_8_distilled/train-val-test/7a044c58a91d3409
[features.mvp] using compatible legacy cache: expected_signature=b8e742eb048177da actual_signature=7a044c58a91d3409 cache_dir=/gpfs/scratch1/shared/scur0511/probe4physics/artifacts/features/mvp/ltx_video_ltxv_13b_0_9_8_distilled/train-val-test/7a044c58a91d3409
[features.mvp] using compatible legacy cache: expected_signature=b8e742eb048177da actual_signature=7a044c58a91d3409 cache_dir=/gpfs/scratch1/shared/scur0511/probe4physics/artifacts/features/mvp/ltx_video_ltxv_13b_0_9_8_distilled/train-val-test/7a044c58a91d3409
[features.mvp] using compatible legacy cache: expected_signature=b8e742eb048177da actual_signature=7a044c58a91d3409 cache_dir=/gpfs/scratch1/shared/scur0511/probe4physics/artifacts/features/mvp/ltx_video_ltxv_13b_0_9_8_distilled/train-val-test/7a044c58a91d3409
[features.mvp] using compatible legacy cache: expected_signature=b8e742eb048177da actual_signature=7a044c58a91d3409 cache_dir=/gpfs/scratch1/shared/scur0511/probe4physics/artifacts/features/mvp/ltx_video_ltxv_13b_0_9_8_distilled/train-val-test/7a044c58a91d3409
[features.mvp] using compatible legacy cache: expected_signature=b8e742eb048177da actual_signature=7a044c58a91d3409 cache_dir=/gpfs/scratch1/shared/scur0511/probe4physics/artifacts/features/mvp/ltx_video_ltxv_13b_0_9_8_distilled/train-val-test/7a044c58a91d3409
[features.mvp] using compatible legacy cache: expected_signature=b8e742eb048177da actual_signature=7a044c58a91d3409 cache_dir=/gpfs/scratch1/shared/scur0511/probe4physics/artifacts/features/mvp/ltx_video_ltxv_13b_0_9_8_distilled/train-val-test/7a044c58a91d3409
[features.mvp] using compatible legacy cache: expected_signature=b8e742eb048177da actual_signature=7a044c58a91d3409 cache_dir=/gpfs/scratch1/shared/scur0511/probe4physics/artifacts/features/mvp/ltx_video_ltxv_13b_0_9_8_distilled/train-val-test/7a044c58a91d3409
[features.mvp] using compatible legacy cache: expected_signature=b8e742eb048177da actual_signature=7a044c58a91d3409 cache_dir=/gpfs/scratch1/shared/scur0511/probe4physics/artifacts/features/mvp/ltx_video_ltxv_13b_0_9_8_distilled/train-val-test/7a044c58a91d3409
[features.mvp] using compatible legacy cache: expected_signature=b8e742eb048177da actual_signature=7a044c58a91d3409 cache_dir=/gpfs/scratch1/shared/scur0511/probe4physics/artifacts/features/mvp/ltx_video_ltxv_13b_0_9_8_distilled/train-val-test/7a044c58a91d3409
[features.mvp] using compatible legacy cache: expected_signature=b8e742eb048177da actual_signature=7a044c58a91d3409 cache_dir=/gpfs/scratch1/shared/scur0511/probe4physics/artifacts/features/mvp/ltx_video_ltxv_13b_0_9_8_distilled/train-val-test/7a044c58a91d3409
[features.mvp] using compatible legacy cache: expected_signature=b8e742eb048177da actual_signature=7a044c58a91d3409 cache_dir=/gpfs/scratch1/shared/scur0511/probe4physics/artifacts/features/mvp/ltx_video_ltxv_13b_0_9_8_distilled/train-val-test/7a044c58a91d3409
[features.mvp] using compatible legacy cache: expected_signature=b8e742eb048177da actual_signature=7a044c58a91d3409 cache_dir=/gpfs/scratch1/shared/scur0511/probe4physics/artifacts/features/mvp/ltx_video_ltxv_13b_0_9_8_distilled/train-val-test/7a044c58a91d3409
[features.mvp] using compatible legacy cache: expected_signature=b8e742eb048177da actual_signature=7a044c58a91d3409 cache_dir=/gpfs/scratch1/shared/scur0511/probe4physics/artifacts/features/mvp/ltx_video_ltxv_13b_0_9_8_distilled/train-val-test/7a044c58a91d3409
[features.mvp] using compatible legacy cache: expected_signature=b8e742eb048177da actual_signature=7a044c58a91d3409 cache_dir=/gpfs/scratch1/shared/scur0511/probe4physics/artifacts/features/mvp/ltx_video_ltxv_13b_0_9_8_distilled/train-val-test/7a044c58a91d3409
[features.mvp] using compatible legacy cache: expected_signature=b8e742eb048177da actual_signature=7a044c58a91d3409 cache_dir=/gpfs/scratch1/shared/scur0511/probe4physics/artifacts/features/mvp/ltx_video_ltxv_13b_0_9_8_distilled/train-val-test/7a044c58a91d3409
[features.mvp] using compatible legacy cache: expected_signature=b8e742eb048177da actual_signature=7a044c58a91d3409 cache_dir=/gpfs/scratch1/shared/scur0511/probe4physics/artifacts/features/mvp/ltx_video_ltxv_13b_0_9_8_distilled/train-val-test/7a044c58a91d3409
[features.mvp] using compatible legacy cache: expected_signature=b8e742eb048177da actual_signature=7a044c58a91d3409 cache_dir=/gpfs/scratch1/shared/scur0511/probe4physics/artifacts/features/mvp/ltx_video_ltxv_13b_0_9_8_distilled/train-val-test/7a044c58a91d3409
[features.mvp] using compatible legacy cache: expected_signature=b8e742eb048177da actual_signature=7a044c58a91d3409 cache_dir=/gpfs/scratch1/shared/scur0511/probe4physics/artifacts/features/mvp/ltx_video_ltxv_13b_0_9_8_distilled/train-val-test/7a044c58a91d3409
[features.mvp] using compatible legacy cache: expected_signature=b8e742eb048177da actual_signature=7a044c58a91d3409 cache_dir=/gpfs/scratch1/shared/scur0511/probe4physics/artifacts/features/mvp/ltx_video_ltxv_13b_0_9_8_distilled/train-val-test/7a044c58a91d3409
[features.mvp] using compatible legacy cache: expected_signature=b8e742eb048177da actual_signature=7a044c58a91d3409 cache_dir=/gpfs/scratch1/shared/scur0511/probe4physics/artifacts/features/mvp/ltx_video_ltxv_13b_0_9_8_distilled/train-val-test/7a044c58a91d3409
[features.mvp] using compatible legacy cache: expected_signature=b8e742eb048177da actual_signature=7a044c58a91d3409 cache_dir=/gpfs/scratch1/shared/scur0511/probe4physics/artifacts/features/mvp/ltx_video_ltxv_13b_0_9_8_distilled/train-val-test/7a044c58a91d3409
[features.mvp] using compatible legacy cache: expected_signature=b8e742eb048177da actual_signature=7a044c58a91d3409 cache_dir=/gpfs/scratch1/shared/scur0511/probe4physics/artifacts/features/mvp/ltx_video_ltxv_13b_0_9_8_distilled/train-val-test/7a044c58a91d3409
[features.mvp] using compatible legacy cache: expected_signature=b8e742eb048177da actual_signature=7a044c58a91d3409 cache_dir=/gpfs/scratch1/shared/scur0511/probe4physics/artifacts/features/mvp/ltx_video_ltxv_13b_0_9_8_distilled/train-val-test/7a044c58a91d3409
[features.mvp] using compatible legacy cache: expected_signature=b8e742eb048177da actual_signature=7a044c58a91d3409 cache_dir=/gpfs/scratch1/shared/scur0511/probe4physics/artifacts/features/mvp/ltx_video_ltxv_13b_0_9_8_distilled/train-val-test/7a044c58a91d3409
[features.mvp] using compatible legacy cache: expected_signature=b8e742eb048177da actual_signature=7a044c58a91d3409 cache_dir=/gpfs/scratch1/shared/scur0511/probe4physics/artifacts/features/mvp/ltx_video_ltxv_13b_0_9_8_distilled/train-val-test/7a044c58a91d3409
[features.mvp] using compatible legacy cache: expected_signature=b8e742eb048177da actual_signature=7a044c58a91d3409 cache_dir=/gpfs/scratch1/shared/scur0511/probe4physics/artifacts/features/mvp/ltx_video_ltxv_13b_0_9_8_distilled/train-val-test/7a044c58a91d3409
[features.mvp] using compatible legacy cache: expected_signature=b8e742eb048177da actual_signature=7a044c58a91d3409 cache_dir=/gpfs/scratch1/shared/scur0511/probe4physics/artifacts/features/mvp/ltx_video_ltxv_13b_0_9_8_distilled/train-val-test/7a044c58a91d3409
[features.mvp] using compatible legacy cache: expected_signature=b8e742eb048177da actual_signature=7a044c58a91d3409 cache_dir=/gpfs/scratch1/shared/scur0511/probe4physics/artifacts/features/mvp/ltx_video_ltxv_13b_0_9_8_distilled/train-val-test/7a044c58a91d3409
[features.mvp] using compatible legacy cache: expected_signature=b8e742eb048177da actual_signature=7a044c58a91d3409 cache_dir=/gpfs/scratch1/shared/scur0511/probe4physics/artifacts/features/mvp/ltx_video_ltxv_13b_0_9_8_distilled/train-val-test/7a044c58a91d3409
[features.mvp] using compatible legacy cache: expected_signature=b8e742eb048177da actual_signature=7a044c58a91d3409 cache_dir=/gpfs/scratch1/shared/scur0511/probe4physics/artifacts/features/mvp/ltx_video_ltxv_13b_0_9_8_distilled/train-val-test/7a044c58a91d3409
[features.mvp] using compatible legacy cache: expected_signature=b8e742eb048177da actual_signature=7a044c58a91d3409 cache_dir=/gpfs/scratch1/shared/scur0511/probe4physics/artifacts/features/mvp/ltx_video_ltxv_13b_0_9_8_distilled/train-val-test/7a044c58a91d3409
[features.mvp] using compatible legacy cache: expected_signature=b8e742eb048177da actual_signature=7a044c58a91d3409 cache_dir=/gpfs/scratch1/shared/scur0511/probe4physics/artifacts/features/mvp/ltx_video_ltxv_13b_0_9_8_distilled/train-val-test/7a044c58a91d3409
[features.mvp] using compatible legacy cache: expected_signature=b8e742eb048177da actual_signature=7a044c58a91d3409 cache_dir=/gpfs/scratch1/shared/scur0511/probe4physics/artifacts/features/mvp/ltx_video_ltxv_13b_0_9_8_distilled/train-val-test/7a044c58a91d3409
[features.mvp] using compatible legacy cache: expected_signature=b8e742eb048177da actual_signature=7a044c58a91d3409 cache_dir=/gpfs/scratch1/shared/scur0511/probe4physics/artifacts/features/mvp/ltx_video_ltxv_13b_0_9_8_distilled/train-val-test/7a044c58a91d3409
[features.mvp] using compatible legacy cache: expected_signature=b8e742eb048177da actual_signature=7a044c58a91d3409 cache_dir=/gpfs/scratch1/shared/scur0511/probe4physics/artifacts/features/mvp/ltx_video_ltxv_13b_0_9_8_distilled/train-val-test/7a044c58a91d3409
[features.mvp] using compatible legacy cache: expected_signature=b8e742eb048177da actual_signature=7a044c58a91d3409 cache_dir=/gpfs/scratch1/shared/scur0511/probe4physics/artifacts/features/mvp/ltx_video_ltxv_13b_0_9_8_distilled/train-val-test/7a044c58a91d3409
[features.mvp] using compatible legacy cache: expected_signature=b8e742eb048177da actual_signature=7a044c58a91d3409 cache_dir=/gpfs/scratch1/shared/scur0511/probe4physics/artifacts/features/mvp/ltx_video_ltxv_13b_0_9_8_distilled/train-val-test/7a044c58a91d3409
[features.mvp] using compatible legacy cache: expected_signature=b8e742eb048177da actual_signature=7a044c58a91d3409 cache_dir=/gpfs/scratch1/shared/scur0511/probe4physics/artifacts/features/mvp/ltx_video_ltxv_13b_0_9_8_distilled/train-val-test/7a044c58a91d3409
{
  "best_layer": null,
  "best_layer_label": null,
  "best_objective_metric": null,
  "dataset": "mvp",
  "feature_view": "pooled",
  "layers": [
    {
      "checkpoint": "artifacts/probes/mvp/mvp_probe_linear_ltx_video_retry_missing_20260511/layer_noise_0.2_block_24/train/trial_0015/probe_best.pt",
      "eval": {
        "base_eval": {
          "metrics": {
            "accuracy": 70.87967644084934,
            "n_pairs": 989,
            "n_samples": 1978,
            "pair_consistency": 49.3427704752275
          },
          "output_dir": "artifacts/probes/mvp/mvp_probe_linear_ltx_video_retry_missing_20260511/layer_noise_0.2_block_24/eval/test",
          "split_dir": "data/splits/mvp/full_60_20_20"
        },
        "checkpoint": "artifacts/probes/mvp/mvp_probe_linear_ltx_video_retry_missing_20260511/layer_noise_0.2_block_24/train/trial_0015/probe_best.pt",
        "dataset": "mvp",
        "feature_signature": "7a044c58a91d3409",
        "metrics": {
          "accuracy": 70.87967644084934,
          "n_pairs": 989,
          "n_samples": 1978,
          "pair_consistency": 49.3427704752275
        },
        "metrics_by_split": {
          "test": {
            "accuracy": 70.87967644084934,
            "n_pairs": 989,
            "n_samples": 1978,
            "pair_consistency": 49.3427704752275
          },
          "train": {
            "accuracy": 87.13322091062395,
            "n_pairs": 2965,
            "n_samples": 5930,
            "pair_consistency": 75.68296795952783
          },
          "val": {
            "accuracy": 68.30131445904955,
            "n_pairs": 989,
            "n_samples": 1978,
            "pair_consistency": 45.19716885743175
          }
        },
        "objective_metric": 49.3427704752275,
        "prediction_file": "artifacts/probes/mvp/mvp_probe_linear_ltx_video_retry_missing_20260511/layer_noise_0.2_block_24/eval/test/probe_predictions.json",
        "prediction_files": {
          "test": "artifacts/probes/mvp/mvp_probe_linear_ltx_video_retry_missing_20260511/layer_noise_0.2_block_24/eval/test/probe_predictions.json",
          "train": "artifacts/probes/mvp/mvp_probe_linear_ltx_video_retry_missing_20260511/layer_noise_0.2_block_24/eval/train/probe_predictions.json",
          "val": "artifacts/probes/mvp/mvp_probe_linear_ltx_video_retry_missing_20260511/layer_noise_0.2_block_24/eval/val/probe_predictions.json"
        },
        "probe_eval_dir": "artifacts/probes/mvp/mvp_probe_linear_ltx_video_retry_missing_20260511/layer_noise_0.2_block_24/eval",
        "probe_name": "linear",
        "reported_splits": [
          "train",
          "val",
          "test"
        ],
        "split_eval_dirs": {
          "test": "artifacts/probes/mvp/mvp_probe_linear_ltx_video_retry_missing_20260511/layer_noise_0.2_block_24/eval/test",
          "train": "artifacts/probes/mvp/mvp_probe_linear_ltx_video_retry_missing_20260511/layer_noise_0.2_block_24/eval/train",
          "val": "artifacts/probes/mvp/mvp_probe_linear_ltx_video_retry_missing_20260511/layer_noise_0.2_block_24/eval/val"
        },
        "split_evals": {
          "test": {
            "base_eval": {
              "metrics": {
                "accuracy": 70.87967644084934,
                "n_pairs": 989,
                "n_samples": 1978,
                "pair_consistency": 49.3427704752275
              },
              "output_dir": "artifacts/probes/mvp/mvp_probe_linear_ltx_video_retry_missing_20260511/layer_noise_0.2_block_24/eval/test",
              "split_dir": "data/splits/mvp/full_60_20_20"
            },
            "checkpoint": "artifacts/probes/mvp/mvp_probe_linear_ltx_video_retry_missing_20260511/layer_noise_0.2_block_24/train/trial_0015/probe_best.pt",
            "dataset": "mvp",
            "feature_signature": "7a044c58a91d3409",
            "metrics": {
              "accuracy": 70.87967644084934,
              "n_pairs": 989,
              "n_samples": 1978,
              "pair_consistency": 49.3427704752275
            },
            "objective_metric": 49.3427704752275,
            "prediction_file": "artifacts/probes/mvp/mvp_probe_linear_ltx_video_retry_missing_20260511/layer_noise_0.2_block_24/eval/test/probe_predictions.json",
            "probe_eval_dir": "artifacts/probes/mvp/mvp_probe_linear_ltx_video_retry_missing_20260511/layer_noise_0.2_block_24/eval/test",
            "probe_name": "linear",
            "split_name": "test"
          },
          "train": {
            "base_eval": {
              "metrics": {
                "accuracy": 87.13322091062395,
                "n_pairs": 2965,
                "n_samples": 5930,
                "pair_consistency": 75.68296795952783
              },
              "output_dir": "artifacts/probes/mvp/mvp_probe_linear_ltx_video_retry_missing_20260511/layer_noise_0.2_block_24/eval/train",
              "split_dir": "data/splits/mvp/full_60_20_20"
            },
            "checkpoint": "artifacts/probes/mvp/mvp_probe_linear_ltx_video_retry_missing_20260511/layer_noise_0.2_block_24/train/trial_0015/probe_best.pt",
            "dataset": "mvp",
            "feature_signature": "7a044c58a91d3409",
            "metrics": {
              "accuracy": 87.13322091062395,
              "n_pairs": 2965,
              "n_samples": 5930,
              "pair_consistency": 75.68296795952783
            },
            "objective_metric": 75.68296795952783,
            "prediction_file": "artifacts/probes/mvp/mvp_probe_linear_ltx_video_retry_missing_20260511/layer_noise_0.2_block_24/eval/train/probe_predictions.json",
            "probe_eval_dir": "artifacts/probes/mvp/mvp_probe_linear_ltx_video_retry_missing_20260511/layer_noise_0.2_block_24/eval/train",
            "probe_name": "linear",
            "split_name": "train"
          },
          "val": {
            "base_eval": {
              "metrics": {
                "accuracy": 68.30131445904955,
                "n_pairs": 989,
                "n_samples": 1978,
                "pair_consistency": 45.19716885743175
              },
              "output_dir": "artifacts/probes/mvp/mvp_probe_linear_ltx_video_retry_missing_20260511/layer_noise_0.2_block_24/eval/val",
              "split_dir": "data/splits/mvp/full_60_20_20"
            },
            "checkpoint": "artifacts/probes/mvp/mvp_probe_linear_ltx_video_retry_missing_20260511/layer_noise_0.2_block_24/train/trial_0015/probe_best.pt",
            "dataset": "mvp",
            "feature_signature": "7a044c58a91d3409",
            "metrics": {
              "accuracy": 68.30131445904955,
              "n_pairs": 989,
              "n_samples": 1978,
              "pair_consistency": 45.19716885743175
            },
            "objective_metric": 45.19716885743175,
            "prediction_file": "artifacts/probes/mvp/mvp_probe_linear_ltx_video_retry_missing_20260511/layer_noise_0.2_block_24/eval/val/probe_predictions.json",
            "probe_eval_dir": "artifacts/probes/mvp/mvp_probe_linear_ltx_video_retry_missing_20260511/layer_noise_0.2_block_24/eval/val",
            "probe_name": "linear",
            "split_name": "val"
          }
        },
        "split_name": "test"
      },
      "layer": 34,
      "layer_label": "noise_0.2_block_24",
      "objective_metric": 49.3427704752275,
      "train": {
        "best_checkpoint": "artifacts/probes/mvp/mvp_probe_linear_ltx_video_retry_missing_20260511/layer_noise_0.2_block_24/train/trial_0015/probe_best.pt",
        "best_eval_output_dir": "artifacts/probes/mvp/mvp_probe_linear_ltx_video_retry_missing_20260511/layer_noise_0.2_block_24/train/trial_0015/val_eval",
        "best_output_dir": "artifacts/probes/mvp/mvp_probe_linear_ltx_video_retry_missing_20260511/layer_noise_0.2_block_24/train/trial_0015",
        "best_params": {
          "batch_size": 32,
          "epochs": 2000,
          "lr": 0.0011390177735221545,
          "weight_decay": 0.0018894444733865534
        },
        "best_trial_number": 15,
        "best_value": 45.19716885743175,
        "checkpoint": "artifacts/probes/mvp/mvp_probe_linear_ltx_video_retry_missing_20260511/layer_noise_0.2_block_24/train/trial_0015/probe_best.pt",
        "dataset": "mvp",
        "direction": "maximize",
        "layer": 34,
        "n_trials": 20,
        "objective_metric": "pair_consistency",
        "output_dir": "artifacts/probes/mvp/mvp_probe_linear_ltx_video_retry_missing_20260511/layer_noise_0.2_block_24/train",
        "probe_name": "linear",
        "storage": "sqlite:////gpfs/scratch1/shared/scur0511/probe4physics/artifacts/probes/mvp/mvp_probe_linear_ltx_video_retry_missing_20260511/layer_noise_0.2_block_24/train/optuna_study.sqlite3",
        "study_name": "mvp_linear_ltx_video_layer_noise_0.2_block_24",
        "trials": [
          {
            "checkpoint": "artifacts/probes/mvp/mvp_probe_linear_ltx_video_retry_missing_20260511/layer_noise_0.2_block_24/train/trial_0000/probe_best.pt",
            "eval_output_dir": "artifacts/probes/mvp/mvp_probe_linear_ltx_video_retry_missing_20260511/layer_noise_0.2_block_24/train/trial_0000/val_eval",
            "output_dir": "artifacts/probes/mvp/mvp_probe_linear_ltx_video_retry_missing_20260511/layer_noise_0.2_block_24/train/trial_0000",
            "params": {
              "batch_size": 32,
              "epochs": 2000,
              "lr": 0.0001329291894316216,
              "weight_decay": 0.005061576888752304
            },
            "trial_number": 0,
            "value": 44.388270980788676
          },
          {
            "checkpoint": "artifacts/probes/mvp/mvp_probe_linear_ltx_video_retry_missing_20260511/layer_noise_0.2_block_24/train/trial_0001/probe_best.pt",
            "eval_output_dir": "artifacts/probes/mvp/mvp_probe_linear_ltx_video_retry_missing_20260511/layer_noise_0.2_block_24/train/trial_0001/val_eval",
            "output_dir": "artifacts/probes/mvp/mvp_probe_linear_ltx_video_retry_missing_20260511/layer_noise_0.2_block_24/train/trial_0001",
            "params": {
              "batch_size": 256,
              "epochs": 100,
              "lr": 0.00314288089084011,
              "weight_decay": 1.879466824163843e-07
            },
            "trial_number": 1,
            "value": 38.22042467138524
          },
          {
            "checkpoint": "artifacts/probes/mvp/mvp_probe_linear_ltx_video_retry_missing_20260511/layer_noise_0.2_block_24/train/trial_0002/probe_best.pt",
            "eval_output_dir": "artifacts/probes/mvp/mvp_probe_linear_ltx_video_retry_missing_20260511/layer_noise_0.2_block_24/train/trial_0002/val_eval",
            "output_dir": "artifacts/probes/mvp/mvp_probe_linear_ltx_video_retry_missing_20260511/layer_noise_0.2_block_24/train/trial_0002",
            "params": {
              "batch_size": 128,
              "epochs": 1000,
              "lr": 0.00023345864076016249,
              "weight_decay": 0.0005141096648805752
            },
            "trial_number": 2,
            "value": 43.78159757330637
          },
          {
            "checkpoint": "artifacts/probes/mvp/mvp_probe_linear_ltx_video_retry_missing_20260511/layer_noise_0.2_block_24/train/trial_0003/probe_best.pt",
            "eval_output_dir": "artifacts/probes/mvp/mvp_probe_linear_ltx_video_retry_missing_20260511/layer_noise_0.2_block_24/train/trial_0003/val_eval",
            "output_dir": "artifacts/probes/mvp/mvp_probe_linear_ltx_video_retry_missing_20260511/layer_noise_0.2_block_24/train/trial_0003",
            "params": {
              "batch_size": 32,
              "epochs": 50,
              "lr": 8.200518402245828e-05,
              "weight_decay": 3.855073690026179e-08
            },
            "trial_number": 3,
            "value": 37.31041456016178
          },
          {
            "checkpoint": "artifacts/probes/mvp/mvp_probe_linear_ltx_video_retry_missing_20260511/layer_noise_0.2_block_24/train/trial_0004/probe_best.pt",
            "eval_output_dir": "artifacts/probes/mvp/mvp_probe_linear_ltx_video_retry_missing_20260511/layer_noise_0.2_block_24/train/trial_0004/val_eval",
            "output_dir": "artifacts/probes/mvp/mvp_probe_linear_ltx_video_retry_missing_20260511/layer_noise_0.2_block_24/train/trial_0004",
            "params": {
              "batch_size": 32,
              "epochs": 50,
              "lr": 0.00043664735929796326,
              "weight_decay": 1.2856617791467908e-07
            },
            "trial_number": 4,
            "value": 38.72598584428716
          },
          {
            "checkpoint": "artifacts/probes/mvp/mvp_probe_linear_ltx_video_retry_missing_20260511/layer_noise_0.2_block_24/train/trial_0005/probe_best.pt",
            "eval_output_dir": "artifacts/probes/mvp/mvp_probe_linear_ltx_video_retry_missing_20260511/layer_noise_0.2_block_24/train/trial_0005/val_eval",
            "output_dir": "artifacts/probes/mvp/mvp_probe_linear_ltx_video_retry_missing_20260511/layer_noise_0.2_block_24/train/trial_0005",
            "params": {
              "batch_size": 32,
              "epochs": 500,
              "lr": 0.00014656553886225324,
              "weight_decay": 4.247116662617142e-07
            },
            "trial_number": 5,
            "value": 42.669362992922146
          },
          {
            "checkpoint": "artifacts/probes/mvp/mvp_probe_linear_ltx_video_retry_missing_20260511/layer_noise_0.2_block_24/train/trial_0008/probe_best.pt",
            "eval_output_dir": "artifacts/probes/mvp/mvp_probe_linear_ltx_video_retry_missing_20260511/layer_noise_0.2_block_24/train/trial_0008/val_eval",
            "output_dir": "artifacts/probes/mvp/mvp_probe_linear_ltx_video_retry_missing_20260511/layer_noise_0.2_block_24/train/trial_0008",
            "params": {
              "batch_size": 256,
              "epochs": 100,
              "lr": 0.0003699972431463808,
              "weight_decay": 3.6749049453053196e-06
            },
            "trial_number": 8,
            "value": 39.838220424671384
          },
          {
            "checkpoint": "artifacts/probes/mvp/mvp_probe_linear_ltx_video_retry_missing_20260511/layer_noise_0.2_block_24/train/trial_0011/probe_best.pt",
            "eval_output_dir": "artifacts/probes/mvp/mvp_probe_linear_ltx_video_retry_missing_20260511/layer_noise_0.2_block_24/train/trial_0011/val_eval",
            "output_dir": "artifacts/probes/mvp/mvp_probe_linear_ltx_video_retry_missing_20260511/layer_noise_0.2_block_24/train/trial_0011",
            "params": {
              "batch_size": 64,
              "epochs": 20,
              "lr": 0.0009028168422346196,
              "weight_decay": 0.00013851041848413182
            },
            "trial_number": 11,
            "value": 30.83923154701719
          },
          {
            "checkpoint": "artifacts/probes/mvp/mvp_probe_linear_ltx_video_retry_missing_20260511/layer_noise_0.2_block_24/train/trial_0013/probe_best.pt",
            "eval_output_dir": "artifacts/probes/mvp/mvp_probe_linear_ltx_video_retry_missing_20260511/layer_noise_0.2_block_24/train/trial_0013/val_eval",
            "output_dir": "artifacts/probes/mvp/mvp_probe_linear_ltx_video_retry_missing_20260511/layer_noise_0.2_block_24/train/trial_0013",
            "params": {
              "batch_size": 32,
              "epochs": 2000,
              "lr": 0.00024380003254969372,
              "weight_decay": 0.009336243604950356
            },
            "trial_number": 13,
            "value": 44.388270980788676
          },
          {
            "checkpoint": "artifacts/probes/mvp/mvp_probe_linear_ltx_video_retry_missing_20260511/layer_noise_0.2_block_24/train/trial_0014/probe_best.pt",
            "eval_output_dir": "artifacts/probes/mvp/mvp_probe_linear_ltx_video_retry_missing_20260511/layer_noise_0.2_block_24/train/trial_0014/val_eval",
            "output_dir": "artifacts/probes/mvp/mvp_probe_linear_ltx_video_retry_missing_20260511/layer_noise_0.2_block_24/train/trial_0014",
            "params": {
              "batch_size": 32,
              "epochs": 2000,
              "lr": 0.0009550389696130119,
              "weight_decay": 0.00986347391400216
            },
            "trial_number": 14,
            "value": 44.79271991911021
          },
          {
            "checkpoint": "artifacts/probes/mvp/mvp_probe_linear_ltx_video_retry_missing_20260511/layer_noise_0.2_block_24/train/trial_0015/probe_best.pt",
            "eval_output_dir": "artifacts/probes/mvp/mvp_probe_linear_ltx_video_retry_missing_20260511/layer_noise_0.2_block_24/train/trial_0015/val_eval",
            "output_dir": "artifacts/probes/mvp/mvp_probe_linear_ltx_video_retry_missing_20260511/layer_noise_0.2_block_24/train/trial_0015",
            "params": {
              "batch_size": 32,
              "epochs": 2000,
              "lr": 0.0011390177735221545,
              "weight_decay": 0.0018894444733865534
            },
            "trial_number": 15,
            "value": 45.19716885743175
          },
          {
            "checkpoint": "artifacts/probes/mvp/mvp_probe_linear_ltx_video_retry_missing_20260511/layer_noise_0.2_block_24/train/trial_0016/probe_best.pt",
            "eval_output_dir": "artifacts/probes/mvp/mvp_probe_linear_ltx_video_retry_missing_20260511/layer_noise_0.2_block_24/train/trial_0016/val_eval",
            "output_dir": "artifacts/probes/mvp/mvp_probe_linear_ltx_video_retry_missing_20260511/layer_noise_0.2_block_24/train/trial_0016",
            "params": {
              "batch_size": 32,
              "epochs": 2000,
              "lr": 0.008108039770743949,
              "weight_decay": 4.407449629697672e-05
            },
            "trial_number": 16,
            "value": 43.882709807886755
          },
          {
            "checkpoint": "artifacts/probes/mvp/mvp_probe_linear_ltx_video_retry_missing_20260511/layer_noise_0.2_block_24/train/trial_0017/probe_best.pt",
            "eval_output_dir": "artifacts/probes/mvp/mvp_probe_linear_ltx_video_retry_missing_20260511/layer_noise_0.2_block_24/train/trial_0017/val_eval",
            "output_dir": "artifacts/probes/mvp/mvp_probe_linear_ltx_video_retry_missing_20260511/layer_noise_0.2_block_24/train/trial_0017",
            "params": {
              "batch_size": 32,
              "epochs": 20,
              "lr": 0.00089752676716181,
              "weight_decay": 0.0010072788261921524
            },
            "trial_number": 17,
            "value": 31.648129423660265
          },
          {
            "checkpoint": "artifacts/probes/mvp/mvp_probe_linear_ltx_video_retry_missing_20260511/layer_noise_0.2_block_24/train/trial_0018/probe_best.pt",
            "eval_output_dir": "artifacts/probes/mvp/mvp_probe_linear_ltx_video_retry_missing_20260511/layer_noise_0.2_block_24/train/trial_0018/val_eval",
            "output_dir": "artifacts/probes/mvp/mvp_probe_linear_ltx_video_retry_missing_20260511/layer_noise_0.2_block_24/train/trial_0018",
            "params": {
              "batch_size": 32,
              "epochs": 500,
              "lr": 0.0017563372995438862,
              "weight_decay": 1.5037278504716019e-05
            },
            "trial_number": 18,
            "value": 43.78159757330637
          }
        ]
      }
    },
    {
      "checkpoint": "artifacts/probes/mvp/mvp_probe_linear_ltx_video_retry_missing_20260511/layer_noise_0.1_block_24/train/trial_0014/probe_best.pt",
      "eval": {
        "base_eval": {
          "metrics": {
            "accuracy": 69.71688574317493,
            "n_pairs": 989,
            "n_samples": 1978,
            "pair_consistency": 47.62386248736097
          },
          "output_dir": "artifacts/probes/mvp/mvp_probe_linear_ltx_video_retry_missing_20260511/layer_noise_0.1_block_24/eval/test",
          "split_dir": "data/splits/mvp/full_60_20_20"
        },
        "checkpoint": "artifacts/probes/mvp/mvp_probe_linear_ltx_video_retry_missing_20260511/layer_noise_0.1_block_24/train/trial_0014/probe_best.pt",
        "dataset": "mvp",
        "feature_signature": "7a044c58a91d3409",
        "metrics": {
          "accuracy": 69.71688574317493,
          "n_pairs": 989,
          "n_samples": 1978,
          "pair_consistency": 47.62386248736097
        },
        "metrics_by_split": {
          "test": {
            "accuracy": 69.71688574317493,
            "n_pairs": 989,
            "n_samples": 1978,
            "pair_consistency": 47.62386248736097
          },
          "train": {
            "accuracy": 86.0539629005059,
            "n_pairs": 2965,
            "n_samples": 5930,
            "pair_consistency": 73.82799325463743
          },
          "val": {
            "accuracy": 68.5540950455005,
            "n_pairs": 989,
            "n_samples": 1978,
            "pair_consistency": 46.107178968655205
          }
        },
        "objective_metric": 47.62386248736097,
        "prediction_file": "artifacts/probes/mvp/mvp_probe_linear_ltx_video_retry_missing_20260511/layer_noise_0.1_block_24/eval/test/probe_predictions.json",
        "prediction_files": {
          "test": "artifacts/probes/mvp/mvp_probe_linear_ltx_video_retry_missing_20260511/layer_noise_0.1_block_24/eval/test/probe_predictions.json",
          "train": "artifacts/probes/mvp/mvp_probe_linear_ltx_video_retry_missing_20260511/layer_noise_0.1_block_24/eval/train/probe_predictions.json",
          "val": "artifacts/probes/mvp/mvp_probe_linear_ltx_video_retry_missing_20260511/layer_noise_0.1_block_24/eval/val/probe_predictions.json"
        },
        "probe_eval_dir": "artifacts/probes/mvp/mvp_probe_linear_ltx_video_retry_missing_20260511/layer_noise_0.1_block_24/eval",
        "probe_name": "linear",
        "reported_splits": [
          "train",
          "val",
          "test"
        ],
        "split_eval_dirs": {
          "test": "artifacts/probes/mvp/mvp_probe_linear_ltx_video_retry_missing_20260511/layer_noise_0.1_block_24/eval/test",
          "train": "artifacts/probes/mvp/mvp_probe_linear_ltx_video_retry_missing_20260511/layer_noise_0.1_block_24/eval/train",
          "val": "artifacts/probes/mvp/mvp_probe_linear_ltx_video_retry_missing_20260511/layer_noise_0.1_block_24/eval/val"
        },
        "split_evals": {
          "test": {
            "base_eval": {
              "metrics": {
                "accuracy": 69.71688574317493,
                "n_pairs": 989,
                "n_samples": 1978,
                "pair_consistency": 47.62386248736097
              },
              "output_dir": "artifacts/probes/mvp/mvp_probe_linear_ltx_video_retry_missing_20260511/layer_noise_0.1_block_24/eval/test",
              "split_dir": "data/splits/mvp/full_60_20_20"
            },
            "checkpoint": "artifacts/probes/mvp/mvp_probe_linear_ltx_video_retry_missing_20260511/layer_noise_0.1_block_24/train/trial_0014/probe_best.pt",
            "dataset": "mvp",
            "feature_signature": "7a044c58a91d3409",
            "metrics": {
              "accuracy": 69.71688574317493,
              "n_pairs": 989,
              "n_samples": 1978,
              "pair_consistency": 47.62386248736097
            },
            "objective_metric": 47.62386248736097,
            "prediction_file": "artifacts/probes/mvp/mvp_probe_linear_ltx_video_retry_missing_20260511/layer_noise_0.1_block_24/eval/test/probe_predictions.json",
            "probe_eval_dir": "artifacts/probes/mvp/mvp_probe_linear_ltx_video_retry_missing_20260511/layer_noise_0.1_block_24/eval/test",
            "probe_name": "linear",
            "split_name": "test"
          },
          "train": {
            "base_eval": {
              "metrics": {
                "accuracy": 86.0539629005059,
                "n_pairs": 2965,
                "n_samples": 5930,
                "pair_consistency": 73.82799325463743
              },
              "output_dir": "artifacts/probes/mvp/mvp_probe_linear_ltx_video_retry_missing_20260511/layer_noise_0.1_block_24/eval/train",
              "split_dir": "data/splits/mvp/full_60_20_20"
            },
            "checkpoint": "artifacts/probes/mvp/mvp_probe_linear_ltx_video_retry_missing_20260511/layer_noise_0.1_block_24/train/trial_0014/probe_best.pt",
            "dataset": "mvp",
            "feature_signature": "7a044c58a91d3409",
            "metrics": {
              "accuracy": 86.0539629005059,
              "n_pairs": 2965,
              "n_samples": 5930,
              "pair_consistency": 73.82799325463743
            },
            "objective_metric": 73.82799325463743,
            "prediction_file": "artifacts/probes/mvp/mvp_probe_linear_ltx_video_retry_missing_20260511/layer_noise_0.1_block_24/eval/train/probe_predictions.json",
            "probe_eval_dir": "artifacts/probes/mvp/mvp_probe_linear_ltx_video_retry_missing_20260511/layer_noise_0.1_block_24/eval/train",
            "probe_name": "linear",
            "split_name": "train"
          },
          "val": {
            "base_eval": {
              "metrics": {
                "accuracy": 68.5540950455005,
                "n_pairs": 989,
                "n_samples": 1978,
                "pair_consistency": 46.107178968655205
              },
              "output_dir": "artifacts/probes/mvp/mvp_probe_linear_ltx_video_retry_missing_20260511/layer_noise_0.1_block_24/eval/val",
              "split_dir": "data/splits/mvp/full_60_20_20"
            },
            "checkpoint": "artifacts/probes/mvp/mvp_probe_linear_ltx_video_retry_missing_20260511/layer_noise_0.1_block_24/train/trial_0014/probe_best.pt",
            "dataset": "mvp",
            "feature_signature": "7a044c58a91d3409",
            "metrics": {
              "accuracy": 68.5540950455005,
              "n_pairs": 989,
              "n_samples": 1978,
              "pair_consistency": 46.107178968655205
            },
            "objective_metric": 46.107178968655205,
            "prediction_file": "artifacts/probes/mvp/mvp_probe_linear_ltx_video_retry_missing_20260511/layer_noise_0.1_block_24/eval/val/probe_predictions.json",
            "probe_eval_dir": "artifacts/probes/mvp/mvp_probe_linear_ltx_video_retry_missing_20260511/layer_noise_0.1_block_24/eval/val",
            "probe_name": "linear",
            "split_name": "val"
          }
        },
        "split_name": "test"
      },
      "layer": 38,
      "layer_label": "noise_0.1_block_24",
      "objective_metric": 47.62386248736097,
      "train": {
        "best_checkpoint": "artifacts/probes/mvp/mvp_probe_linear_ltx_video_retry_missing_20260511/layer_noise_0.1_block_24/train/trial_0014/probe_best.pt",
        "best_eval_output_dir": "artifacts/probes/mvp/mvp_probe_linear_ltx_video_retry_missing_20260511/layer_noise_0.1_block_24/train/trial_0014/val_eval",
        "best_output_dir": "artifacts/probes/mvp/mvp_probe_linear_ltx_video_retry_missing_20260511/layer_noise_0.1_block_24/train/trial_0014",
        "best_params": {
          "batch_size": 64,
          "epochs": 2000,
          "lr": 0.0011740085777673128,
          "weight_decay": 0.0002194902007840437
        },
        "best_trial_number": 14,
        "best_value": 46.107178968655205,
        "checkpoint": "artifacts/probes/mvp/mvp_probe_linear_ltx_video_retry_missing_20260511/layer_noise_0.1_block_24/train/trial_0014/probe_best.pt",
        "dataset": "mvp",
        "direction": "maximize",
        "layer": 38,
        "n_trials": 20,
        "objective_metric": "pair_consistency",
        "output_dir": "artifacts/probes/mvp/mvp_probe_linear_ltx_video_retry_missing_20260511/layer_noise_0.1_block_24/train",
        "probe_name": "linear",
        "storage": "sqlite:////gpfs/scratch1/shared/scur0511/probe4physics/artifacts/probes/mvp/mvp_probe_linear_ltx_video_retry_missing_20260511/layer_noise_0.1_block_24/train/optuna_study.sqlite3",
        "study_name": "mvp_linear_ltx_video_layer_noise_0.1_block_24",
        "trials": [
          {
            "checkpoint": "artifacts/probes/mvp/mvp_probe_linear_ltx_video_retry_missing_20260511/layer_noise_0.1_block_24/train/trial_0000/probe_best.pt",
            "eval_output_dir": "artifacts/probes/mvp/mvp_probe_linear_ltx_video_retry_missing_20260511/layer_noise_0.1_block_24/train/trial_0000/val_eval",
            "output_dir": "artifacts/probes/mvp/mvp_probe_linear_ltx_video_retry_missing_20260511/layer_noise_0.1_block_24/train/trial_0000",
            "params": {
              "batch_size": 32,
              "epochs": 2000,
              "lr": 0.0001329291894316216,
              "weight_decay": 0.005061576888752304
            },
            "trial_number": 0,
            "value": 42.871587462082914
          },
          {
            "checkpoint": "artifacts/probes/mvp/mvp_probe_linear_ltx_video_retry_missing_20260511/layer_noise_0.1_block_24/train/trial_0001/probe_best.pt",
            "eval_output_dir": "artifacts/probes/mvp/mvp_probe_linear_ltx_video_retry_missing_20260511/layer_noise_0.1_block_24/train/trial_0001/val_eval",
            "output_dir": "artifacts/probes/mvp/mvp_probe_linear_ltx_video_retry_missing_20260511/layer_noise_0.1_block_24/train/trial_0001",
            "params": {
              "batch_size": 256,
              "epochs": 100,
              "lr": 0.00314288089084011,
              "weight_decay": 1.879466824163843e-07
            },
            "trial_number": 1,
            "value": 38.624873609706775
          },
          {
            "checkpoint": "artifacts/probes/mvp/mvp_probe_linear_ltx_video_retry_missing_20260511/layer_noise_0.1_block_24/train/trial_0002/probe_best.pt",
            "eval_output_dir": "artifacts/probes/mvp/mvp_probe_linear_ltx_video_retry_missing_20260511/layer_noise_0.1_block_24/train/trial_0002/val_eval",
            "output_dir": "artifacts/probes/mvp/mvp_probe_linear_ltx_video_retry_missing_20260511/layer_noise_0.1_block_24/train/trial_0002",
            "params": {
              "batch_size": 128,
              "epochs": 1000,
              "lr": 0.00023345864076016249,
              "weight_decay": 0.0005141096648805752
            },
            "trial_number": 2,
            "value": 41.96157735085945
          },
          {
            "checkpoint": "artifacts/probes/mvp/mvp_probe_linear_ltx_video_retry_missing_20260511/layer_noise_0.1_block_24/train/trial_0003/probe_best.pt",
            "eval_output_dir": "artifacts/probes/mvp/mvp_probe_linear_ltx_video_retry_missing_20260511/layer_noise_0.1_block_24/train/trial_0003/val_eval",
            "output_dir": "artifacts/probes/mvp/mvp_probe_linear_ltx_video_retry_missing_20260511/layer_noise_0.1_block_24/train/trial_0003",
            "params": {
              "batch_size": 32,
              "epochs": 50,
              "lr": 8.200518402245828e-05,
              "weight_decay": 3.855073690026179e-08
            },
            "trial_number": 3,
            "value": 36.29929221435793
          },
          {
            "checkpoint": "artifacts/probes/mvp/mvp_probe_linear_ltx_video_retry_missing_20260511/layer_noise_0.1_block_24/train/trial_0004/probe_best.pt",
            "eval_output_dir": "artifacts/probes/mvp/mvp_probe_linear_ltx_video_retry_missing_20260511/layer_noise_0.1_block_24/train/trial_0004/val_eval",
            "output_dir": "artifacts/probes/mvp/mvp_probe_linear_ltx_video_retry_missing_20260511/layer_noise_0.1_block_24/train/trial_0004",
            "params": {
              "batch_size": 32,
              "epochs": 50,
              "lr": 0.00043664735929796326,
              "weight_decay": 1.2856617791467908e-07
            },
            "trial_number": 4,
            "value": 38.624873609706775
          },
          {
            "checkpoint": "artifacts/probes/mvp/mvp_probe_linear_ltx_video_retry_missing_20260511/layer_noise_0.1_block_24/train/trial_0005/probe_best.pt",
            "eval_output_dir": "artifacts/probes/mvp/mvp_probe_linear_ltx_video_retry_missing_20260511/layer_noise_0.1_block_24/train/trial_0005/val_eval",
            "output_dir": "artifacts/probes/mvp/mvp_probe_linear_ltx_video_retry_missing_20260511/layer_noise_0.1_block_24/train/trial_0005",
            "params": {
              "batch_size": 32,
              "epochs": 500,
              "lr": 0.00014656553886225324,
              "weight_decay": 4.247116662617142e-07
            },
            "trial_number": 5,
            "value": 43.07381193124368
          },
          {
            "checkpoint": "artifacts/probes/mvp/mvp_probe_linear_ltx_video_retry_missing_20260511/layer_noise_0.1_block_24/train/trial_0008/probe_best.pt",
            "eval_output_dir": "artifacts/probes/mvp/mvp_probe_linear_ltx_video_retry_missing_20260511/layer_noise_0.1_block_24/train/trial_0008/val_eval",
            "output_dir": "artifacts/probes/mvp/mvp_probe_linear_ltx_video_retry_missing_20260511/layer_noise_0.1_block_24/train/trial_0008",
            "params": {
              "batch_size": 256,
              "epochs": 100,
              "lr": 0.0003699972431463808,
              "weight_decay": 3.6749049453053196e-06
            },
            "trial_number": 8,
            "value": 37.8159757330637
          },
          {
            "checkpoint": "artifacts/probes/mvp/mvp_probe_linear_ltx_video_retry_missing_20260511/layer_noise_0.1_block_24/train/trial_0010/probe_best.pt",
            "eval_output_dir": "artifacts/probes/mvp/mvp_probe_linear_ltx_video_retry_missing_20260511/layer_noise_0.1_block_24/train/trial_0010/val_eval",
            "output_dir": "artifacts/probes/mvp/mvp_probe_linear_ltx_video_retry_missing_20260511/layer_noise_0.1_block_24/train/trial_0010",
            "params": {
              "batch_size": 64,
              "epochs": 500,
              "lr": 0.002146403547714585,
              "weight_decay": 4.305396115571913e-05
            },
            "trial_number": 10,
            "value": 41.25379170879677
          },
          {
            "checkpoint": "artifacts/probes/mvp/mvp_probe_linear_ltx_video_retry_missing_20260511/layer_noise_0.1_block_24/train/trial_0012/probe_best.pt",
            "eval_output_dir": "artifacts/probes/mvp/mvp_probe_linear_ltx_video_retry_missing_20260511/layer_noise_0.1_block_24/train/trial_0012/val_eval",
            "output_dir": "artifacts/probes/mvp/mvp_probe_linear_ltx_video_retry_missing_20260511/layer_noise_0.1_block_24/train/trial_0012",
            "params": {
              "batch_size": 32,
              "epochs": 500,
              "lr": 0.0007597154083124768,
              "weight_decay": 0.007764031315405415
            },
            "trial_number": 12,
            "value": 40.950455005055616
          },
          {
            "checkpoint": "artifacts/probes/mvp/mvp_probe_linear_ltx_video_retry_missing_20260511/layer_noise_0.1_block_24/train/trial_0013/probe_best.pt",
            "eval_output_dir": "artifacts/probes/mvp/mvp_probe_linear_ltx_video_retry_missing_20260511/layer_noise_0.1_block_24/train/trial_0013/val_eval",
            "output_dir": "artifacts/probes/mvp/mvp_probe_linear_ltx_video_retry_missing_20260511/layer_noise_0.1_block_24/train/trial_0013",
            "params": {
              "batch_size": 32,
              "epochs": 20,
              "lr": 0.00014252073771131227,
              "weight_decay": 2.928233826405194e-06
            },
            "trial_number": 13,
            "value": 32.355915065722954
          },
          {
            "checkpoint": "artifacts/probes/mvp/mvp_probe_linear_ltx_video_retry_missing_20260511/layer_noise_0.1_block_24/train/trial_0014/probe_best.pt",
            "eval_output_dir": "artifacts/probes/mvp/mvp_probe_linear_ltx_video_retry_missing_20260511/layer_noise_0.1_block_24/train/trial_0014/val_eval",
            "output_dir": "artifacts/probes/mvp/mvp_probe_linear_ltx_video_retry_missing_20260511/layer_noise_0.1_block_24/train/trial_0014",
            "params": {
              "batch_size": 64,
              "epochs": 2000,
              "lr": 0.0011740085777673128,
              "weight_decay": 0.0002194902007840437
            },
            "trial_number": 14,
            "value": 46.107178968655205
          },
          {
            "checkpoint": "artifacts/probes/mvp/mvp_probe_linear_ltx_video_retry_missing_20260511/layer_noise_0.1_block_24/train/trial_0016/probe_best.pt",
            "eval_output_dir": "artifacts/probes/mvp/mvp_probe_linear_ltx_video_retry_missing_20260511/layer_noise_0.1_block_24/train/trial_0016/val_eval",
            "output_dir": "artifacts/probes/mvp/mvp_probe_linear_ltx_video_retry_missing_20260511/layer_noise_0.1_block_24/train/trial_0016",
            "params": {
              "batch_size": 64,
              "epochs": 500,
              "lr": 0.008146134220939662,
              "weight_decay": 1.2069672517566457e-05
            },
            "trial_number": 16,
            "value": 42.46713852376138
          },
          {
            "checkpoint": "artifacts/probes/mvp/mvp_probe_linear_ltx_video_retry_missing_20260511/layer_noise_0.1_block_24/train/trial_0017/probe_best.pt",
            "eval_output_dir": "artifacts/probes/mvp/mvp_probe_linear_ltx_video_retry_missing_20260511/layer_noise_0.1_block_24/train/trial_0017/val_eval",
            "output_dir": "artifacts/probes/mvp/mvp_probe_linear_ltx_video_retry_missing_20260511/layer_noise_0.1_block_24/train/trial_0017",
            "params": {
              "batch_size": 64,
              "epochs": 20,
              "lr": 0.007985634897281529,
              "weight_decay": 4.745784882538366e-07
            },
            "trial_number": 17,
            "value": 30.434782608695656
          },
          {
            "checkpoint": "artifacts/probes/mvp/mvp_probe_linear_ltx_video_retry_missing_20260511/layer_noise_0.1_block_24/train/trial_0018/probe_best.pt",
            "eval_output_dir": "artifacts/probes/mvp/mvp_probe_linear_ltx_video_retry_missing_20260511/layer_noise_0.1_block_24/train/trial_0018/val_eval",
            "output_dir": "artifacts/probes/mvp/mvp_probe_linear_ltx_video_retry_missing_20260511/layer_noise_0.1_block_24/train/trial_0018",
            "params": {
              "batch_size": 64,
              "epochs": 500,
              "lr": 0.0008129948297847977,
              "weight_decay": 0.00038306719326197214
            },
            "trial_number": 18,
            "value": 42.77047522750253
          }
        ]
      }
    }
  ],
  "model_selection_split": "val",
  "objective_metric_name": "pair_consistency",
  "probe_name": "linear",
  "reported_splits": [
    "train",
    "val",
    "test"
  ],
  "requested_layers": [
    34,
    38
  ],
  "split_name": "test",
  "sweep_dir": "artifacts/probes/mvp/mvp_probe_linear_ltx_video_retry_missing_20260511",
  "train_split": "train"
}
JOB_END_UTC=2026-05-12T09:35:42Z
JOB_ELAPSED_SECONDS=74554
