===== TRAIN PROVENANCE =====
Wed May 13 06:51:44 UTC 2026
gcn58.local.snellius.surf.nl
f26df985262d47ceceeeb0db027fdde8087059f1
Python 3.11.15
/home/scur0511/.conda/envs/probe4physics-gpu/bin/python
REPO_ROOT=/gpfs/home3/scur0511/Probe4Physics
GROUP_SUBDIR=mvp_probe_temporal_attn_jepa_v2_1_vitG_384_lr_matrix
RUN_SUBDIR=mvp_probe_temporal_attn_jepa_v2_1_vitG_384_lr_matrix/layer_48/lr_1e-4
PROBE_LAYER=48
LR_VALUE=1e-4
PROBE_EPOCHS=30
PROBE_BATCH_SIZE=1
PROBE_EVAL_BATCH_SIZE=1
PROBE_WEIGHT_DECAY=0.01
TEMPORAL_NUM_HEADS=16
TEMPORAL_NUM_SELF_ATTN_BLOCKS=1
TEMPORAL_MLP_RATIO=2.0
TEMPORAL_DROPOUT=0.2
ENABLE_WANDB=true
WANDB_PROJECT=probe4physics
WANDB_MODE=online
WANDB_GROUP=mvp_temporal_attn_jepa_v2_1_lr_matrix
WANDB_NAME=mvp_jepa_v2_1_layer_48_lr_1e-4
============================
JOB_START_UTC=2026-05-13T06:51:44Z
==> Launching training command:
  python  run.py  train.probe.mvp  backbone.name=jepa_v2_1  +backbone.kwargs.variant=vitG_384  probe.name=temporal_attn  probe.device=cuda  probe.layer=48  probe.feature_view=tokens  probe.epochs=30  probe.lr=1e-4  probe.weight_decay=0.01  probe.batch_size=1  probe.eval_batch_size=1  probe.temporal_attn.num_heads=16  probe.temporal_attn.num_self_attn_blocks=1  probe.temporal_attn.mlp_ratio=2.0  probe.temporal_attn.dropout=0.2  probe.output_subdir=mvp_probe_temporal_attn_jepa_v2_1_vitG_384_lr_matrix/layer_48/lr_1e-4/train  probe.wandb.enabled=true  probe.wandb.project=probe4physics  probe.wandb.mode=online  probe.wandb.group=mvp_temporal_attn_jepa_v2_1_lr_matrix  probe.wandb.name=mvp_jepa_v2_1_layer_48_lr_1e-4  probe.wandb.tags=\[mvp\,jepa_v2_1\,temporal_attn\,lr_matrix\,layer_48\,lr_1e-4\]  probe.optuna.enabled=false  feature_cache.include_tokens=true
