===== TRAIN PROVENANCE =====
Mon May  4 23:43:53 UTC 2026
gcn143.local.snellius.surf.nl
6a929503ad6267515d82e8e97dd388d0c33653fd
Python 3.11.15
/home/scur0511/.conda/envs/probe4physics-gpu/bin/python
REPO_ROOT=/gpfs/home3/scur0511/Probe4Physics
DATASET_NAME=mvp
PROBE_NAME=temporal_attn
BACKBONE_NAME=jepa_v1
BACKBONE_VARIANT=vith16_384
PROBE_EPOCHS=20
PROBE_DEVICE=cuda
PROBE_LAYER=last
PROBE_LAYERS=8,16,24,32
PROBE_FEATURE_VIEW=tokens
ENABLE_WANDB=true
WANDB_PROJECT=probe4physics
WANDB_MODE=online
WANDB_GROUP=mvp_temporal_attn_jepa_v1_vith16_384
ENABLE_OPTUNA=true
OPTUNA_N_TRIALS=5
OPTUNA_N_JOBS=1
OPTUNA_TIMEOUT_SECONDS=0
ENABLE_OPTUNA_PRUNER=true
OPTUNA_PRUNER_STARTUP_TRIALS=3
OPTUNA_PRUNER_WARMUP_STEPS=5
OPTUNA_PRUNER_INTERVAL_STEPS=1
OPTUNA_STUDY_NAME=mvp_temporal_attn_jepa_v1_vith16_384
OPTUNA_SEARCH_OVERRIDES=probe.eval_batch_size=1 probe.optuna.search_space.batch_size.choices=[1]
============================
JOB_START_UTC=2026-05-04T23:43:53Z
[features.mvp] using compatible legacy cache: expected_signature=0156fa706f8393a9 actual_signature=195f8fef90088d1e cache_dir=/gpfs/scratch1/shared/scur0511/probe4physics/artifacts/features/mvp/jepa_v1_vith16_384/train-val-test/195f8fef90088d1e
[features.mvp] using compatible legacy cache: expected_signature=0156fa706f8393a9 actual_signature=195f8fef90088d1e cache_dir=/gpfs/scratch1/shared/scur0511/probe4physics/artifacts/features/mvp/jepa_v1_vith16_384/train-val-test/195f8fef90088d1e
[features.mvp] using compatible legacy cache: expected_signature=0156fa706f8393a9 actual_signature=195f8fef90088d1e cache_dir=/gpfs/scratch1/shared/scur0511/probe4physics/artifacts/features/mvp/jepa_v1_vith16_384/train-val-test/195f8fef90088d1e
[features.mvp] using compatible legacy cache: expected_signature=0156fa706f8393a9 actual_signature=195f8fef90088d1e cache_dir=/gpfs/scratch1/shared/scur0511/probe4physics/artifacts/features/mvp/jepa_v1_vith16_384/train-val-test/195f8fef90088d1e
[features.mvp] using compatible legacy cache: expected_signature=0156fa706f8393a9 actual_signature=195f8fef90088d1e cache_dir=/gpfs/scratch1/shared/scur0511/probe4physics/artifacts/features/mvp/jepa_v1_vith16_384/train-val-test/195f8fef90088d1e
[features.mvp] using compatible legacy cache: expected_signature=0156fa706f8393a9 actual_signature=195f8fef90088d1e cache_dir=/gpfs/scratch1/shared/scur0511/probe4physics/artifacts/features/mvp/jepa_v1_vith16_384/train-val-test/195f8fef90088d1e
[features.mvp] using compatible legacy cache: expected_signature=0156fa706f8393a9 actual_signature=195f8fef90088d1e cache_dir=/gpfs/scratch1/shared/scur0511/probe4physics/artifacts/features/mvp/jepa_v1_vith16_384/train-val-test/195f8fef90088d1e
[features.mvp] using compatible legacy cache: expected_signature=0156fa706f8393a9 actual_signature=195f8fef90088d1e cache_dir=/gpfs/scratch1/shared/scur0511/probe4physics/artifacts/features/mvp/jepa_v1_vith16_384/train-val-test/195f8fef90088d1e
[features.mvp] using compatible legacy cache: expected_signature=0156fa706f8393a9 actual_signature=195f8fef90088d1e cache_dir=/gpfs/scratch1/shared/scur0511/probe4physics/artifacts/features/mvp/jepa_v1_vith16_384/train-val-test/195f8fef90088d1e
[features.mvp] using compatible legacy cache: expected_signature=0156fa706f8393a9 actual_signature=195f8fef90088d1e cache_dir=/gpfs/scratch1/shared/scur0511/probe4physics/artifacts/features/mvp/jepa_v1_vith16_384/train-val-test/195f8fef90088d1e
[features.mvp] using compatible legacy cache: expected_signature=0156fa706f8393a9 actual_signature=195f8fef90088d1e cache_dir=/gpfs/scratch1/shared/scur0511/probe4physics/artifacts/features/mvp/jepa_v1_vith16_384/train-val-test/195f8fef90088d1e
{
  "best_layer": null,
  "best_layer_label": null,
  "best_objective_metric": null,
  "dataset": "mvp",
  "feature_view": "tokens",
  "layers": [
    {
      "checkpoint": "artifacts/probes/mvp_probe_temporal_attn_jepa_v1_vith16_384_20260504T234357Z/layer_32/train/trial_0004/probe_best.pt",
      "eval": {
        "base_eval": {
          "metrics": {
            "accuracy": 73.76137512639029,
            "n_pairs": 989,
            "n_samples": 1978,
            "pair_consistency": 56.31951466127402
          },
          "output_dir": "artifacts/probes/mvp_probe_temporal_attn_jepa_v1_vith16_384_20260504T234357Z/layer_32/eval/test",
          "split_dir": "data/splits/mvp/full_60_20_20"
        },
        "checkpoint": "artifacts/probes/mvp_probe_temporal_attn_jepa_v1_vith16_384_20260504T234357Z/layer_32/train/trial_0004/probe_best.pt",
        "dataset": "mvp",
        "feature_signature": "195f8fef90088d1e",
        "metrics": {
          "accuracy": 73.76137512639029,
          "n_pairs": 989,
          "n_samples": 1978,
          "pair_consistency": 56.31951466127402
        },
        "metrics_by_split": {
          "test": {
            "accuracy": 73.76137512639029,
            "n_pairs": 989,
            "n_samples": 1978,
            "pair_consistency": 56.31951466127402
          },
          "train": {
            "accuracy": 74.63743676222597,
            "n_pairs": 2965,
            "n_samples": 5930,
            "pair_consistency": 58.34738617200674
          },
          "val": {
            "accuracy": 72.34580384226491,
            "n_pairs": 989,
            "n_samples": 1978,
            "pair_consistency": 55.81395348837209
          }
        },
        "objective_metric": 56.31951466127402,
        "prediction_file": "artifacts/probes/mvp_probe_temporal_attn_jepa_v1_vith16_384_20260504T234357Z/layer_32/eval/test/probe_predictions.json",
        "prediction_files": {
          "test": "artifacts/probes/mvp_probe_temporal_attn_jepa_v1_vith16_384_20260504T234357Z/layer_32/eval/test/probe_predictions.json",
          "train": "artifacts/probes/mvp_probe_temporal_attn_jepa_v1_vith16_384_20260504T234357Z/layer_32/eval/train/probe_predictions.json",
          "val": "artifacts/probes/mvp_probe_temporal_attn_jepa_v1_vith16_384_20260504T234357Z/layer_32/eval/val/probe_predictions.json"
        },
        "probe_eval_dir": "artifacts/probes/mvp_probe_temporal_attn_jepa_v1_vith16_384_20260504T234357Z/layer_32/eval",
        "probe_name": "temporal_attn",
        "reported_splits": [
          "train",
          "val",
          "test"
        ],
        "split_eval_dirs": {
          "test": "artifacts/probes/mvp_probe_temporal_attn_jepa_v1_vith16_384_20260504T234357Z/layer_32/eval/test",
          "train": "artifacts/probes/mvp_probe_temporal_attn_jepa_v1_vith16_384_20260504T234357Z/layer_32/eval/train",
          "val": "artifacts/probes/mvp_probe_temporal_attn_jepa_v1_vith16_384_20260504T234357Z/layer_32/eval/val"
        },
        "split_evals": {
          "test": {
            "base_eval": {
              "metrics": {
                "accuracy": 73.76137512639029,
                "n_pairs": 989,
                "n_samples": 1978,
                "pair_consistency": 56.31951466127402
              },
              "output_dir": "artifacts/probes/mvp_probe_temporal_attn_jepa_v1_vith16_384_20260504T234357Z/layer_32/eval/test",
              "split_dir": "data/splits/mvp/full_60_20_20"
            },
            "checkpoint": "artifacts/probes/mvp_probe_temporal_attn_jepa_v1_vith16_384_20260504T234357Z/layer_32/train/trial_0004/probe_best.pt",
            "dataset": "mvp",
            "feature_signature": "195f8fef90088d1e",
            "metrics": {
              "accuracy": 73.76137512639029,
              "n_pairs": 989,
              "n_samples": 1978,
              "pair_consistency": 56.31951466127402
            },
            "objective_metric": 56.31951466127402,
            "prediction_file": "artifacts/probes/mvp_probe_temporal_attn_jepa_v1_vith16_384_20260504T234357Z/layer_32/eval/test/probe_predictions.json",
            "probe_eval_dir": "artifacts/probes/mvp_probe_temporal_attn_jepa_v1_vith16_384_20260504T234357Z/layer_32/eval/test",
            "probe_name": "temporal_attn",
            "split_name": "test"
          },
          "train": {
            "base_eval": {
              "metrics": {
                "accuracy": 74.63743676222597,
                "n_pairs": 2965,
                "n_samples": 5930,
                "pair_consistency": 58.34738617200674
              },
              "output_dir": "artifacts/probes/mvp_probe_temporal_attn_jepa_v1_vith16_384_20260504T234357Z/layer_32/eval/train",
              "split_dir": "data/splits/mvp/full_60_20_20"
            },
            "checkpoint": "artifacts/probes/mvp_probe_temporal_attn_jepa_v1_vith16_384_20260504T234357Z/layer_32/train/trial_0004/probe_best.pt",
            "dataset": "mvp",
            "feature_signature": "195f8fef90088d1e",
            "metrics": {
              "accuracy": 74.63743676222597,
              "n_pairs": 2965,
              "n_samples": 5930,
              "pair_consistency": 58.34738617200674
            },
            "objective_metric": 58.34738617200674,
            "prediction_file": "artifacts/probes/mvp_probe_temporal_attn_jepa_v1_vith16_384_20260504T234357Z/layer_32/eval/train/probe_predictions.json",
            "probe_eval_dir": "artifacts/probes/mvp_probe_temporal_attn_jepa_v1_vith16_384_20260504T234357Z/layer_32/eval/train",
            "probe_name": "temporal_attn",
            "split_name": "train"
          },
          "val": {
            "base_eval": {
              "metrics": {
                "accuracy": 72.34580384226491,
                "n_pairs": 989,
                "n_samples": 1978,
                "pair_consistency": 55.81395348837209
              },
              "output_dir": "artifacts/probes/mvp_probe_temporal_attn_jepa_v1_vith16_384_20260504T234357Z/layer_32/eval/val",
              "split_dir": "data/splits/mvp/full_60_20_20"
            },
            "checkpoint": "artifacts/probes/mvp_probe_temporal_attn_jepa_v1_vith16_384_20260504T234357Z/layer_32/train/trial_0004/probe_best.pt",
            "dataset": "mvp",
            "feature_signature": "195f8fef90088d1e",
            "metrics": {
              "accuracy": 72.34580384226491,
              "n_pairs": 989,
              "n_samples": 1978,
              "pair_consistency": 55.81395348837209
            },
            "objective_metric": 55.81395348837209,
            "prediction_file": "artifacts/probes/mvp_probe_temporal_attn_jepa_v1_vith16_384_20260504T234357Z/layer_32/eval/val/probe_predictions.json",
            "probe_eval_dir": "artifacts/probes/mvp_probe_temporal_attn_jepa_v1_vith16_384_20260504T234357Z/layer_32/eval/val",
            "probe_name": "temporal_attn",
            "split_name": "val"
          }
        },
        "split_name": "test"
      },
      "layer": 32,
      "layer_label": "32",
      "objective_metric": 56.31951466127402,
      "train": {
        "best_checkpoint": "artifacts/probes/mvp_probe_temporal_attn_jepa_v1_vith16_384_20260504T234357Z/layer_32/train/trial_0004/probe_best.pt",
        "best_eval_output_dir": "artifacts/probes/mvp_probe_temporal_attn_jepa_v1_vith16_384_20260504T234357Z/layer_32/train/trial_0004/val_eval",
        "best_output_dir": "artifacts/probes/mvp_probe_temporal_attn_jepa_v1_vith16_384_20260504T234357Z/layer_32/train/trial_0004",
        "best_params": {
          "batch_size": 1,
          "dropout": 0.17936999364332554,
          "lr": 5.9750279999602906e-05,
          "mlp_ratio": 2.0,
          "num_heads": 16,
          "num_self_attn_blocks": 2,
          "weight_decay": 9.44351568796269e-05
        },
        "best_trial_number": 4,
        "best_value": 55.81395348837209,
        "checkpoint": "artifacts/probes/mvp_probe_temporal_attn_jepa_v1_vith16_384_20260504T234357Z/layer_32/train/trial_0004/probe_best.pt",
        "dataset": "mvp",
        "direction": "maximize",
        "layer": 32,
        "n_trials": 5,
        "objective_metric": "pair_consistency",
        "output_dir": "artifacts/probes/mvp_probe_temporal_attn_jepa_v1_vith16_384_20260504T234357Z/layer_32/train",
        "probe_name": "temporal_attn",
        "storage": "sqlite:////gpfs/home3/scur0511/Probe4Physics/artifacts/probes/mvp_probe_temporal_attn_jepa_v1_vith16_384_20260504T234357Z/layer_32/train/optuna_study.sqlite3",
        "study_name": "mvp_temporal_attn_jepa_v1_vith16_384_layer_32",
        "trials": [
          {
            "checkpoint": "artifacts/probes/mvp_probe_temporal_attn_jepa_v1_vith16_384_20260504T234357Z/layer_32/train/trial_0000/probe_best.pt",
            "eval_output_dir": "artifacts/probes/mvp_probe_temporal_attn_jepa_v1_vith16_384_20260504T234357Z/layer_32/train/trial_0000/val_eval",
            "output_dir": "artifacts/probes/mvp_probe_temporal_attn_jepa_v1_vith16_384_20260504T234357Z/layer_32/train/trial_0000",
            "params": {
              "batch_size": 1,
              "dropout": 0.006175348288740734,
              "lr": 0.0001329291894316216,
              "mlp_ratio": 4.0,
              "num_heads": 4,
              "num_self_attn_blocks": 3,
              "weight_decay": 0.005061576888752304
            },
            "trial_number": 0,
            "value": 0.0
          },
          {
            "checkpoint": "artifacts/probes/mvp_probe_temporal_attn_jepa_v1_vith16_384_20260504T234357Z/layer_32/train/trial_0001/probe_best.pt",
            "eval_output_dir": "artifacts/probes/mvp_probe_temporal_attn_jepa_v1_vith16_384_20260504T234357Z/layer_32/train/trial_0001/val_eval",
            "output_dir": "artifacts/probes/mvp_probe_temporal_attn_jepa_v1_vith16_384_20260504T234357Z/layer_32/train/trial_0001",
            "params": {
              "batch_size": 1,
              "dropout": 0.04184815819561255,
              "lr": 0.008123245085588688,
              "mlp_ratio": 4.0,
              "num_heads": 4,
              "num_self_attn_blocks": 2,
              "weight_decay": 0.0009877700294007926
            },
            "trial_number": 1,
            "value": 0.0
          },
          {
            "checkpoint": "artifacts/probes/mvp_probe_temporal_attn_jepa_v1_vith16_384_20260504T234357Z/layer_32/train/trial_0002/probe_best.pt",
            "eval_output_dir": "artifacts/probes/mvp_probe_temporal_attn_jepa_v1_vith16_384_20260504T234357Z/layer_32/train/trial_0002/val_eval",
            "output_dir": "artifacts/probes/mvp_probe_temporal_attn_jepa_v1_vith16_384_20260504T234357Z/layer_32/train/trial_0002",
            "params": {
              "batch_size": 1,
              "dropout": 0.019515477895583853,
              "lr": 7.52374288453485e-05,
              "mlp_ratio": 2.0,
              "num_heads": 8,
              "num_self_attn_blocks": 2,
              "weight_decay": 1.5782327810795563e-06
            },
            "trial_number": 2,
            "value": 4.246713852376137
          },
          {
            "checkpoint": "artifacts/probes/mvp_probe_temporal_attn_jepa_v1_vith16_384_20260504T234357Z/layer_32/train/trial_0003/probe_best.pt",
            "eval_output_dir": "artifacts/probes/mvp_probe_temporal_attn_jepa_v1_vith16_384_20260504T234357Z/layer_32/train/trial_0003/val_eval",
            "output_dir": "artifacts/probes/mvp_probe_temporal_attn_jepa_v1_vith16_384_20260504T234357Z/layer_32/train/trial_0003",
            "params": {
              "batch_size": 1,
              "dropout": 0.2727961206236346,
              "lr": 0.007025166339242158,
              "mlp_ratio": 2.0,
              "num_heads": 4,
              "num_self_attn_blocks": 1,
              "weight_decay": 0.006220025976819169
            },
            "trial_number": 3,
            "value": 0.0
          },
          {
            "checkpoint": "artifacts/probes/mvp_probe_temporal_attn_jepa_v1_vith16_384_20260504T234357Z/layer_32/train/trial_0004/probe_best.pt",
            "eval_output_dir": "artifacts/probes/mvp_probe_temporal_attn_jepa_v1_vith16_384_20260504T234357Z/layer_32/train/trial_0004/val_eval",
            "output_dir": "artifacts/probes/mvp_probe_temporal_attn_jepa_v1_vith16_384_20260504T234357Z/layer_32/train/trial_0004",
            "params": {
              "batch_size": 1,
              "dropout": 0.17936999364332554,
              "lr": 5.9750279999602906e-05,
              "mlp_ratio": 2.0,
              "num_heads": 16,
              "num_self_attn_blocks": 2,
              "weight_decay": 9.44351568796269e-05
            },
            "trial_number": 4,
            "value": 55.81395348837209
          }
        ]
      }
    }
  ],
  "model_selection_split": "val",
  "objective_metric_name": "pair_consistency",
  "probe_name": "temporal_attn",
  "reported_splits": [
    "train",
    "val",
    "test"
  ],
  "requested_layers": [
    32
  ],
  "split_name": "test",
  "sweep_dir": "artifacts/probes/mvp_probe_temporal_attn_jepa_v1_vith16_384_20260504T234357Z",
  "train_split": "train"
}
JOB_END_UTC=2026-05-05T03:56:40Z
JOB_ELAPSED_SECONDS=15167
