===== TRAIN PROVENANCE =====
Thu May  7 15:06:25 UTC 2026
gcn142.local.snellius.surf.nl
721343f8be09539143d1927e04100a5c82760f6c
Python 3.11.15
/home/scur0511/.conda/envs/probe4physics-gpu/bin/python
REPO_ROOT=/gpfs/home3/scur0511/Probe4Physics
DATASET_NAME=mvp
PROBE_NAME=temporal_attn
BACKBONE_NAME=jepa_v1
BACKBONE_VARIANT=vith16_384
PROBE_EPOCHS=20
PROBE_DEVICE=cuda
PROBE_LAYER=32
PROBE_LAYERS=32
PROBE_FEATURE_VIEW=tokens
ENABLE_WANDB=true
WANDB_PROJECT=probe4physics
WANDB_MODE=online
WANDB_GROUP=mvp_temporal_attn_jepa_v1_vith16_384
ENABLE_OPTUNA=true
OPTUNA_N_TRIALS=5
OPTUNA_N_JOBS=1
OPTUNA_TIMEOUT_SECONDS=0
ENABLE_OPTUNA_PRUNER=true
OPTUNA_PRUNER_STARTUP_TRIALS=3
OPTUNA_PRUNER_WARMUP_STEPS=5
OPTUNA_PRUNER_INTERVAL_STEPS=1
OPTUNA_STUDY_NAME=mvp_temporal_attn_jepa_v1_vith16_384
OPTUNA_SEARCH_OVERRIDES=probe.eval_batch_size=1 probe.optuna.search_space.batch_size.choices=[1]
============================
JOB_START_UTC=2026-05-07T15:06:25Z
[features.mvp] using compatible legacy cache: expected_signature=0156fa706f8393a9 actual_signature=195f8fef90088d1e cache_dir=/gpfs/scratch1/shared/scur0511/probe4physics/artifacts/features/mvp/jepa_v1_vith16_384/train-val-test/195f8fef90088d1e
