===== TRAIN PROVENANCE =====
Wed May 13 06:53:16 UTC 2026
gcn30.local.snellius.surf.nl
f26df985262d47ceceeeb0db027fdde8087059f1
Python 3.11.15
/home/scur0511/.conda/envs/probe4physics-gpu/bin/python
REPO_ROOT=/gpfs/home3/scur0511/Probe4Physics
GROUP_SUBDIR=mvp_probe_temporal_attn_jepa_v2_1_vitG_384_lr_matrix
RUN_SUBDIR=mvp_probe_temporal_attn_jepa_v2_1_vitG_384_lr_matrix/layer_48/lr_5e-4
PROBE_LAYER=48
LR_VALUE=5e-4
PROBE_EPOCHS=30
PROBE_BATCH_SIZE=1
PROBE_EVAL_BATCH_SIZE=1
PROBE_WEIGHT_DECAY=0.01
TEMPORAL_NUM_HEADS=16
TEMPORAL_NUM_SELF_ATTN_BLOCKS=1
TEMPORAL_MLP_RATIO=2.0
TEMPORAL_DROPOUT=0.2
ENABLE_WANDB=true
WANDB_PROJECT=probe4physics
WANDB_MODE=online
WANDB_GROUP=mvp_temporal_attn_jepa_v2_1_lr_matrix
WANDB_NAME=mvp_jepa_v2_1_layer_48_lr_5e-4
============================
JOB_START_UTC=2026-05-13T06:53:16Z
==> Launching training command:
  python  run.py  train.probe.mvp  backbone.name=jepa_v2_1  +backbone.kwargs.variant=vitG_384  probe.name=temporal_attn  probe.device=cuda  probe.layer=48  probe.feature_view=tokens  probe.epochs=30  probe.lr=5e-4  probe.weight_decay=0.01  probe.batch_size=1  probe.eval_batch_size=1  probe.temporal_attn.num_heads=16  probe.temporal_attn.num_self_attn_blocks=1  probe.temporal_attn.mlp_ratio=2.0  probe.temporal_attn.dropout=0.2  probe.output_subdir=mvp_probe_temporal_attn_jepa_v2_1_vitG_384_lr_matrix/layer_48/lr_5e-4/train  probe.wandb.enabled=true  probe.wandb.project=probe4physics  probe.wandb.mode=online  probe.wandb.group=mvp_temporal_attn_jepa_v2_1_lr_matrix  probe.wandb.name=mvp_jepa_v2_1_layer_48_lr_5e-4  probe.wandb.tags=\[mvp\,jepa_v2_1\,temporal_attn\,lr_matrix\,layer_48\,lr_5e-4\]  probe.optuna.enabled=false  feature_cache.include_tokens=true
[features.mvp] using compatible legacy cache: expected_signature=4c051926fb41744c actual_signature=719e3e8eb79b9580 cache_dir=/gpfs/scratch1/shared/scur0511/probe4physics/artifacts/features/mvp/jepa_v2_1_vitG_384/train-val-test/719e3e8eb79b9580
{
  "checkpoint": "artifacts/probes/mvp/mvp_probe_temporal_attn_jepa_v2_1_vitG_384_lr_matrix/layer_48/lr_5e-4/train/probe_best.pt",
  "checkpoint_best": "artifacts/probes/mvp/mvp_probe_temporal_attn_jepa_v2_1_vitG_384_lr_matrix/layer_48/lr_5e-4/train/probe_best.pt",
  "checkpoint_last": "artifacts/probes/mvp/mvp_probe_temporal_attn_jepa_v2_1_vitG_384_lr_matrix/layer_48/lr_5e-4/train/probe_last.pt",
  "dataset": "mvp",
  "elapsed_seconds": 28243.694564970006,
  "feature_signature": "719e3e8eb79b9580",
  "feature_view": "tokens",
  "fit": {
    "best_epoch": 1,
    "best_val_accuracy": 50.0,
    "best_val_loss": NaN,
    "history": [
      {
        "epoch": 1.0,
        "train_accuracy": 49.696458684654296,
        "train_loss": NaN,
        "val_accuracy": 50.0,
        "val_loss": NaN
      },
      {
        "epoch": 2.0,
        "train_accuracy": 50.0,
        "train_loss": NaN,
        "val_accuracy": 50.0,
        "val_loss": NaN
      },
      {
        "epoch": 3.0,
        "train_accuracy": 50.0,
        "train_loss": NaN,
        "val_accuracy": 50.0,
        "val_loss": NaN
      },
      {
        "epoch": 4.0,
        "train_accuracy": 50.0,
        "train_loss": NaN,
        "val_accuracy": 50.0,
        "val_loss": NaN
      },
      {
        "epoch": 5.0,
        "train_accuracy": 50.0,
        "train_loss": NaN,
        "val_accuracy": 50.0,
        "val_loss": NaN
      },
      {
        "epoch": 6.0,
        "train_accuracy": 50.0,
        "train_loss": NaN,
        "val_accuracy": 50.0,
        "val_loss": NaN
      },
      {
        "epoch": 7.0,
        "train_accuracy": 50.0,
        "train_loss": NaN,
        "val_accuracy": 50.0,
        "val_loss": NaN
      },
      {
        "epoch": 8.0,
        "train_accuracy": 50.0,
        "train_loss": NaN,
        "val_accuracy": 50.0,
        "val_loss": NaN
      },
      {
        "epoch": 9.0,
        "train_accuracy": 50.0,
        "train_loss": NaN,
        "val_accuracy": 50.0,
        "val_loss": NaN
      },
      {
        "epoch": 10.0,
        "train_accuracy": 50.0,
        "train_loss": NaN,
        "val_accuracy": 50.0,
        "val_loss": NaN
      },
      {
        "epoch": 11.0,
        "train_accuracy": 50.0,
        "train_loss": NaN,
        "val_accuracy": 50.0,
        "val_loss": NaN
      },
      {
        "epoch": 12.0,
        "train_accuracy": 50.0,
        "train_loss": NaN,
        "val_accuracy": 50.0,
        "val_loss": NaN
      },
      {
        "epoch": 13.0,
        "train_accuracy": 50.0,
        "train_loss": NaN,
        "val_accuracy": 50.0,
        "val_loss": NaN
      },
      {
        "epoch": 14.0,
        "train_accuracy": 50.0,
        "train_loss": NaN,
        "val_accuracy": 50.0,
        "val_loss": NaN
      },
      {
        "epoch": 15.0,
        "train_accuracy": 50.0,
        "train_loss": NaN,
        "val_accuracy": 50.0,
        "val_loss": NaN
      },
      {
        "epoch": 16.0,
        "train_accuracy": 50.0,
        "train_loss": NaN,
        "val_accuracy": 50.0,
        "val_loss": NaN
      },
      {
        "epoch": 17.0,
        "train_accuracy": 50.0,
        "train_loss": NaN,
        "val_accuracy": 50.0,
        "val_loss": NaN
      },
      {
        "epoch": 18.0,
        "train_accuracy": 50.0,
        "train_loss": NaN,
        "val_accuracy": 50.0,
        "val_loss": NaN
      },
      {
        "epoch": 19.0,
        "train_accuracy": 50.0,
        "train_loss": NaN,
        "val_accuracy": 50.0,
        "val_loss": NaN
      },
      {
        "epoch": 20.0,
        "train_accuracy": 50.0,
        "train_loss": NaN,
        "val_accuracy": 50.0,
        "val_loss": NaN
      },
      {
        "epoch": 21.0,
        "train_accuracy": 50.0,
        "train_loss": NaN,
        "val_accuracy": 50.0,
        "val_loss": NaN
      },
      {
        "epoch": 22.0,
        "train_accuracy": 50.0,
        "train_loss": NaN,
        "val_accuracy": 50.0,
        "val_loss": NaN
      },
      {
        "epoch": 23.0,
        "train_accuracy": 50.0,
        "train_loss": NaN,
        "val_accuracy": 50.0,
        "val_loss": NaN
      },
      {
        "epoch": 24.0,
        "train_accuracy": 50.0,
        "train_loss": NaN,
        "val_accuracy": 50.0,
        "val_loss": NaN
      },
      {
        "epoch": 25.0,
        "train_accuracy": 50.0,
        "train_loss": NaN,
        "val_accuracy": 50.0,
        "val_loss": NaN
      },
      {
        "epoch": 26.0,
        "train_accuracy": 50.0,
        "train_loss": NaN,
        "val_accuracy": 50.0,
        "val_loss": NaN
      },
      {
        "epoch": 27.0,
        "train_accuracy": 50.0,
        "train_loss": NaN,
        "val_accuracy": 50.0,
        "val_loss": NaN
      },
      {
        "epoch": 28.0,
        "train_accuracy": 50.0,
        "train_loss": NaN,
        "val_accuracy": 50.0,
        "val_loss": NaN
      },
      {
        "epoch": 29.0,
        "train_accuracy": 50.0,
        "train_loss": NaN,
        "val_accuracy": 50.0,
        "val_loss": NaN
      },
      {
        "epoch": 30.0,
        "train_accuracy": 50.0,
        "train_loss": NaN,
        "val_accuracy": 50.0,
        "val_loss": NaN
      }
    ],
    "n_epochs": 30,
    "train_accuracy": 50.0,
    "train_loss": NaN,
    "val_accuracy": 50.0,
    "val_loss": NaN
  },
  "input_dim": 1664,
  "layer": 48,
  "n_train": 5930,
  "n_val": 1978,
  "num_classes": 2,
  "output_dir": "artifacts/probes/mvp/mvp_probe_temporal_attn_jepa_v2_1_vitG_384_lr_matrix/layer_48/lr_5e-4/train",
  "probe_hparams": {
    "batch_size": 1,
    "deterministic": false,
    "device": "cuda",
    "dropout": 0.2,
    "embed_dim": null,
    "epochs": 30,
    "eval_batch_size": 1,
    "feature_view": "tokens",
    "layer": 48,
    "lr": 0.0005,
    "mlp_ratio": 2.0,
    "name": "temporal_attn",
    "num_classes": 2,
    "num_heads": 16,
    "num_self_attn_blocks": 1,
    "weight_decay": 0.01
  },
  "probe_name": "temporal_attn",
  "seconds_per_labeled_sample": 3.571534466991655,
  "seconds_per_train_sample": 4.762848999151772
}
==> Launching evaluation command:
  python  run.py  eval.probe.mvp  backbone.name=jepa_v2_1  +backbone.kwargs.variant=vitG_384  probe.name=temporal_attn  probe.device=cuda  probe.layer=48  probe.feature_view=tokens  probe.checkpoint_path=/gpfs/home3/scur0511/Probe4Physics/artifacts/probes/mvp_probe_temporal_attn_jepa_v2_1_vitG_384_lr_matrix/layer_48/lr_5e-4/train/probe_best.pt  probe.eval_output_subdir=mvp_probe_temporal_attn_jepa_v2_1_vitG_384_lr_matrix/layer_48/lr_5e-4/eval  probe.eval_batch_size=1  feature_cache.include_tokens=true
[features.mvp] using compatible legacy cache: expected_signature=4c051926fb41744c actual_signature=719e3e8eb79b9580 cache_dir=/gpfs/scratch1/shared/scur0511/probe4physics/artifacts/features/mvp/jepa_v2_1_vitG_384/train-val-test/719e3e8eb79b9580
