===== TIMING PROVENANCE =====
Sun May 10 11:51:15 AM UTC 2026
gcn49.local.snellius.surf.nl
548189e89ff58a78b96a2838603163a54c850825
Python 3.11.15
/home/scur0511/.conda/envs/probe4physics-gpu/bin/python
REPO_ROOT=/gpfs/home3/scur0511/Probe4Physics
EXPERIMENT_MODE=storage_fix
TIMING_GROUP=mvp_temporal_attn_jepa_v1_timing_20260510T115034Z
RUN_STEM=mvp_temporal_attn_jepa_v1_timing_20260510T115034Z_storage_fix_22616821
FIXED_LAYER=32
PROBE_EPOCHS=10
TRAIN_BATCH_SIZE=1
EVAL_BATCH_SIZE=1
STORAGE_STRATEGY=scratch_node_local_layer32_token_cache
SHARED_FEATURE_ROOT=/scratch-shared/scur0511/probe4physics/artifacts/features/mvp
SHARED_PROBE_ROOT=/scratch-shared/scur0511/probe4physics/artifacts/probes/mvp_timing
SHARED_RESULT_ROOT=/scratch-shared/scur0511/probe4physics/artifacts/results/mvp_timing
TMPDIR=/scratch-node/scur0511.22616821
LOCAL_FEATURE_ROOT=/scratch-node/scur0511.22616821/scur0511_probe4physics_features_mvp_22616821
WANDB_PROJECT=probe4physics
WANDB_MODE=online
=============================
JOB_START_UTC=2026-05-10T11:51:15Z
SOURCE_CACHE_DIR=/gpfs/scratch1/shared/scur0511/probe4physics/artifacts/features/mvp/jepa_v1_vith16_384/train-val-test/195f8fef90088d1e
SOURCE_SIGNATURE=195f8fef90088d1e
TARGET_CACHE_DIR=/gpfs/scratch1/shared/scur0511/probe4physics/artifacts/features/mvp/jepa_v1_vith16_384/train-val-test/ad9b96486d5ca129
TARGET_SIGNATURE=ad9b96486d5ca129
TARGET_CACHE_STATUS=built
