===== TRAIN PROVENANCE =====
Wed May 13 06:53:16 UTC 2026
gcn20.local.snellius.surf.nl
f26df985262d47ceceeeb0db027fdde8087059f1
Python 3.11.15
/home/scur0511/.conda/envs/probe4physics-gpu/bin/python
REPO_ROOT=/gpfs/home3/scur0511/Probe4Physics
GROUP_SUBDIR=mvp_probe_temporal_attn_jepa_v2_1_vitG_384_lr_matrix
RUN_SUBDIR=mvp_probe_temporal_attn_jepa_v2_1_vitG_384_lr_matrix/layer_48/lr_1e-4
PROBE_LAYER=48
LR_VALUE=1e-4
PROBE_EPOCHS=30
PROBE_BATCH_SIZE=1
PROBE_EVAL_BATCH_SIZE=1
PROBE_WEIGHT_DECAY=0.01
TEMPORAL_NUM_HEADS=16
TEMPORAL_NUM_SELF_ATTN_BLOCKS=1
TEMPORAL_MLP_RATIO=2.0
TEMPORAL_DROPOUT=0.2
ENABLE_WANDB=true
WANDB_PROJECT=probe4physics
WANDB_MODE=online
WANDB_GROUP=mvp_temporal_attn_jepa_v2_1_lr_matrix
WANDB_NAME=mvp_jepa_v2_1_layer_48_lr_1e-4
============================
JOB_START_UTC=2026-05-13T06:53:16Z
==> Launching training command:
  python  run.py  train.probe.mvp  backbone.name=jepa_v2_1  +backbone.kwargs.variant=vitG_384  probe.name=temporal_attn  probe.device=cuda  probe.layer=48  probe.feature_view=tokens  probe.epochs=30  probe.lr=1e-4  probe.weight_decay=0.01  probe.batch_size=1  probe.eval_batch_size=1  probe.temporal_attn.num_heads=16  probe.temporal_attn.num_self_attn_blocks=1  probe.temporal_attn.mlp_ratio=2.0  probe.temporal_attn.dropout=0.2  probe.output_subdir=mvp_probe_temporal_attn_jepa_v2_1_vitG_384_lr_matrix/layer_48/lr_1e-4/train  probe.wandb.enabled=true  probe.wandb.project=probe4physics  probe.wandb.mode=online  probe.wandb.group=mvp_temporal_attn_jepa_v2_1_lr_matrix  probe.wandb.name=mvp_jepa_v2_1_layer_48_lr_1e-4  probe.wandb.tags=\[mvp\,jepa_v2_1\,temporal_attn\,lr_matrix\,layer_48\,lr_1e-4\]  probe.optuna.enabled=false  feature_cache.include_tokens=true
[features.mvp] using compatible legacy cache: expected_signature=4c051926fb41744c actual_signature=719e3e8eb79b9580 cache_dir=/gpfs/scratch1/shared/scur0511/probe4physics/artifacts/features/mvp/jepa_v2_1_vitG_384/train-val-test/719e3e8eb79b9580
{
  "checkpoint": "artifacts/probes/mvp/mvp_probe_temporal_attn_jepa_v2_1_vitG_384_lr_matrix/layer_48/lr_1e-4/train/probe_best.pt",
  "checkpoint_best": "artifacts/probes/mvp/mvp_probe_temporal_attn_jepa_v2_1_vitG_384_lr_matrix/layer_48/lr_1e-4/train/probe_best.pt",
  "checkpoint_last": "artifacts/probes/mvp/mvp_probe_temporal_attn_jepa_v2_1_vitG_384_lr_matrix/layer_48/lr_1e-4/train/probe_last.pt",
  "dataset": "mvp",
  "elapsed_seconds": 28914.182108619018,
  "feature_signature": "719e3e8eb79b9580",
  "feature_view": "tokens",
  "fit": {
    "best_epoch": 29,
    "best_val_accuracy": 80.48533872598584,
    "best_val_loss": 0.7546378046367402,
    "history": [
      {
        "epoch": 1.0,
        "train_accuracy": 48.85328836424958,
        "train_loss": 0.774887366964095,
        "val_accuracy": 49.848331648129424,
        "val_loss": 0.6935423853966295
      },
      {
        "epoch": 2.0,
        "train_accuracy": 53.305227655986506,
        "train_loss": 0.7275637805926636,
        "val_accuracy": 49.29221435793731,
        "val_loss": 1.7541424226170241
      },
      {
        "epoch": 3.0,
        "train_accuracy": 54.16526138279932,
        "train_loss": 0.7409086595511022,
        "val_accuracy": 50.0,
        "val_loss": 0.710674587392349
      },
      {
        "epoch": 4.0,
        "train_accuracy": 56.475548060708256,
        "train_loss": 0.7180837527119444,
        "val_accuracy": 59.04954499494439,
        "val_loss": 0.6732426201312589
      },
      {
        "epoch": 5.0,
        "train_accuracy": 59.03878583473862,
        "train_loss": 0.6876055420025988,
        "val_accuracy": 51.061678463094026,
        "val_loss": 1.0926969847999723
      },
      {
        "epoch": 6.0,
        "train_accuracy": 61.63575042158516,
        "train_loss": 0.8313438125361118,
        "val_accuracy": 59.555106167846304,
        "val_loss": 1.3079366734900222
      },
      {
        "epoch": 7.0,
        "train_accuracy": 60.94435075885328,
        "train_loss": 0.6680307609652626,
        "val_accuracy": 50.25278058645096,
        "val_loss": 0.7290195421446624
      },
      {
        "epoch": 8.0,
        "train_accuracy": 62.360876897133224,
        "train_loss": 0.7082378700734565,
        "val_accuracy": 61.830131445904954,
        "val_loss": 0.6561463941453652
      },
      {
        "epoch": 9.0,
        "train_accuracy": 65.22765598650928,
        "train_loss": 0.6126620494131669,
        "val_accuracy": 55.308392315470165,
        "val_loss": 0.7656392326306116
      },
      {
        "epoch": 10.0,
        "train_accuracy": 67.52107925801012,
        "train_loss": 0.5941048977063152,
        "val_accuracy": 60.616784630940344,
        "val_loss": 0.647568193097628
      },
      {
        "epoch": 11.0,
        "train_accuracy": 68.39797639123103,
        "train_loss": 0.5908592988607633,
        "val_accuracy": 66.48129423660262,
        "val_loss": 0.8046716753149693
      },
      {
        "epoch": 12.0,
        "train_accuracy": 69.13996627318718,
        "train_loss": 0.5714972982561609,
        "val_accuracy": 50.0,
        "val_loss": 1.79272235897528
      },
      {
        "epoch": 13.0,
        "train_accuracy": 71.88870151770658,
        "train_loss": 0.5482510452435568,
        "val_accuracy": 61.172901921132464,
        "val_loss": 2.9519748220224598
      },
      {
        "epoch": 14.0,
        "train_accuracy": 72.68128161888701,
        "train_loss": 0.5195311494064959,
        "val_accuracy": 67.89686552072801,
        "val_loss": 0.9631470580367655
      },
      {
        "epoch": 15.0,
        "train_accuracy": 71.77065767284991,
        "train_loss": 0.5253502286098941,
        "val_accuracy": 70.22244691607685,
        "val_loss": 0.5680202823890919
      },
      {
        "epoch": 16.0,
        "train_accuracy": 74.35075885328837,
        "train_loss": 0.49017725309164534,
        "val_accuracy": 63.397371081900914,
        "val_loss": 1.2178681838772503
      },
      {
        "epoch": 17.0,
        "train_accuracy": 75.29510961214166,
        "train_loss": 0.48171662214421407,
        "val_accuracy": 68.95854398382204,
        "val_loss": 0.6078645793341583
      },
      {
        "epoch": 18.0,
        "train_accuracy": 77.85834738617201,
        "train_loss": 0.4480180317146426,
        "val_accuracy": 66.22851365015167,
        "val_loss": 0.6232766913595215
      },
      {
        "epoch": 19.0,
        "train_accuracy": 78.7689713322091,
        "train_loss": 0.41750002622373905,
        "val_accuracy": 64.66127401415571,
        "val_loss": 2.5390263213180924
      },
      {
        "epoch": 20.0,
        "train_accuracy": 80.45531197301855,
        "train_loss": 0.3855498601667998,
        "val_accuracy": 67.13852376137513,
        "val_loss": 1.4505867086843833
      },
      {
        "epoch": 21.0,
        "train_accuracy": 80.25295109612142,
        "train_loss": 0.3993115053299072,
        "val_accuracy": 73.40748230535895,
        "val_loss": 0.6414042501075075
      },
      {
        "epoch": 22.0,
        "train_accuracy": 82.63069139966274,
        "train_loss": 0.3465485499435944,
        "val_accuracy": 75.0252780586451,
        "val_loss": 0.9735510867704392
      },
      {
        "epoch": 23.0,
        "train_accuracy": 84.03035413153457,
        "train_loss": 0.356746338147105,
        "val_accuracy": 69.61577350859454,
        "val_loss": 1.5976494196208095
      },
      {
        "epoch": 24.0,
        "train_accuracy": 84.95784148397976,
        "train_loss": 0.3411988975283227,
        "val_accuracy": 73.66026289180991,
        "val_loss": 1.1728759979838739
      },
      {
        "epoch": 25.0,
        "train_accuracy": 85.16020236087691,
        "train_loss": 0.3251236293748971,
        "val_accuracy": 76.59251769464105,
        "val_loss": 0.5682323206853903
      },
      {
        "epoch": 26.0,
        "train_accuracy": 86.070826306914,
        "train_loss": 0.3839848268515364,
        "val_accuracy": 75.07583417593528,
        "val_loss": 0.6767086655107212
      },
      {
        "epoch": 27.0,
        "train_accuracy": 87.35244519392917,
        "train_loss": 0.2900874945940378,
        "val_accuracy": 58.442871587462086,
        "val_loss": 1.2364541457598757
      },
      {
        "epoch": 28.0,
        "train_accuracy": 86.74536256323778,
        "train_loss": 0.333115412856942,
        "val_accuracy": 69.51466127401416,
        "val_loss": 0.8676740941266889
      },
      {
        "epoch": 29.0,
        "train_accuracy": 87.15008431703204,
        "train_loss": 0.29588001711250744,
        "val_accuracy": 80.48533872598584,
        "val_loss": 0.7546378046367402
      },
      {
        "epoch": 30.0,
        "train_accuracy": 87.33558178752108,
        "train_loss": 0.3117593066590044,
        "val_accuracy": 73.60970677451971,
        "val_loss": 0.8042204932127442
      }
    ],
    "n_epochs": 30,
    "train_accuracy": 87.33558178752108,
    "train_loss": 0.3117593066590044,
    "val_accuracy": 73.60970677451971,
    "val_loss": 0.8042204932127442
  },
  "input_dim": 1664,
  "layer": 48,
  "n_train": 5930,
  "n_val": 1978,
  "num_classes": 2,
  "output_dir": "artifacts/probes/mvp/mvp_probe_temporal_attn_jepa_v2_1_vitG_384_lr_matrix/layer_48/lr_1e-4/train",
  "probe_hparams": {
    "batch_size": 1,
    "deterministic": false,
    "device": "cuda",
    "dropout": 0.2,
    "embed_dim": null,
    "epochs": 30,
    "eval_batch_size": 1,
    "feature_view": "tokens",
    "layer": 48,
    "lr": 0.0001,
    "mlp_ratio": 2.0,
    "name": "temporal_attn",
    "num_classes": 2,
    "num_heads": 16,
    "num_self_attn_blocks": 1,
    "weight_decay": 0.01
  },
  "probe_name": "temporal_attn",
  "seconds_per_labeled_sample": 3.6563204487378624,
  "seconds_per_train_sample": 4.875916038552954
}
==> Launching evaluation command:
  python  run.py  eval.probe.mvp  backbone.name=jepa_v2_1  +backbone.kwargs.variant=vitG_384  probe.name=temporal_attn  probe.device=cuda  probe.layer=48  probe.feature_view=tokens  probe.checkpoint_path=/gpfs/home3/scur0511/Probe4Physics/artifacts/probes/mvp_probe_temporal_attn_jepa_v2_1_vitG_384_lr_matrix/layer_48/lr_1e-4/train/probe_best.pt  probe.eval_output_subdir=mvp_probe_temporal_attn_jepa_v2_1_vitG_384_lr_matrix/layer_48/lr_1e-4/eval  probe.eval_batch_size=1  feature_cache.include_tokens=true
[features.mvp] using compatible legacy cache: expected_signature=4c051926fb41744c actual_signature=719e3e8eb79b9580 cache_dir=/gpfs/scratch1/shared/scur0511/probe4physics/artifacts/features/mvp/jepa_v2_1_vitG_384/train-val-test/719e3e8eb79b9580
