===== TIMING PROVENANCE =====
Sun May 10 12:09:16 PM UTC 2026
gcn55.local.snellius.surf.nl
548189e89ff58a78b96a2838603163a54c850825
Python 3.11.15
/home/scur0511/.conda/envs/probe4physics-gpu/bin/python
REPO_ROOT=/gpfs/home3/scur0511/Probe4Physics
EXPERIMENT_MODE=storage_fix_bs2
TIMING_GROUP=mvp_temporal_attn_jepa_v1_timing_20260510T115034Z
RUN_STEM=mvp_temporal_attn_jepa_v1_timing_20260510T115034Z_storage_fix_bs2_22616994
FIXED_LAYER=32
PROBE_EPOCHS=10
TRAIN_BATCH_SIZE=2
EVAL_BATCH_SIZE=2
STORAGE_STRATEGY=scratch_node_local_layer32_token_cache
SHARED_FEATURE_ROOT=/scratch-shared/scur0511/probe4physics/artifacts/features/mvp
SHARED_PROBE_ROOT=/scratch-shared/scur0511/probe4physics/artifacts/probes/mvp_timing
SHARED_RESULT_ROOT=/scratch-shared/scur0511/probe4physics/artifacts/results/mvp_timing
TMPDIR=/scratch-node/scur0511.22616994
LOCAL_FEATURE_ROOT=/scratch-node/scur0511.22616994/scur0511_probe4physics_features_mvp_22616994
WANDB_PROJECT=probe4physics
WANDB_MODE=online
=============================
JOB_START_UTC=2026-05-10T12:09:16Z
SOURCE_CACHE_DIR=/gpfs/scratch1/shared/scur0511/probe4physics/artifacts/features/mvp/jepa_v1_vith16_384/train-val-test/195f8fef90088d1e
SOURCE_SIGNATURE=195f8fef90088d1e
TARGET_CACHE_DIR=/gpfs/scratch1/shared/scur0511/probe4physics/artifacts/features/mvp/jepa_v1_vith16_384/train-val-test/ad9b96486d5ca129
TARGET_SIGNATURE=ad9b96486d5ca129
TARGET_CACHE_STATUS=reused
         32.77K   0%    0.00kB/s    0:00:00          746.15K   0%  680.33MB/s    0:00:00 (xfr#1, to-chk=470/472)        750.13K   0%  684.13MB/s    0:00:00 (xfr#2, to-chk=469/472)        750.13K   0%  342.06MB/s    0:00:00 (xfr#3, to-chk=467/472)        798.39K   0%  365.08MB/s    0:00:00 (xfr#4, to-chk=466/472)        325.76M   0%  310.64MB/s    0:12:12          706.85M   0%  337.21MB/s    0:11:13            1.08G   0%  345.04MB/s    0:10:57            1.47G   0%  350.37MB/s    0:10:46            1.51G   0%  350.97MB/s    0:00:04 (xfr#5, to-chk=309/472)          1.51G   0%  350.89MB/s    0:00:04 (xfr#6, to-chk=308/472)