============================================================================================== 
Warning! Mixing Conda and module environments may lead to corruption of the
user environment. 
We do not recommend users mixing those two environments unless absolutely
necessary. Note that 
SURF does not provide any support for Conda environment.
For more information, please refer to our software policy page:
https://servicedesk.surf.nl/wiki/display/WIKI/Software+policy+Snellius#SoftwarepolicySnellius-UseofAnacondaandMinicondaenvironmentsonSnellius 

Remember that many packages have already been installed on the system and can
be loaded using 
the 'module load <package__name>' command. If you are uncertain if a package is
already available 
on the system, please use 'module avail' or 'module spider' to search for it.
============================================================================================== 
[I 2026-05-05 01:43:58,409] A new study created in RDB with name: mvp_temporal_attn_jepa_v1_vith16_384_layer_32
wandb: [wandb.login()] Loaded credentials for https://api.wandb.ai from /home/scur0511/.netrc.
wandb: Currently logged in as: caselli-niccolo-developer (caselli-niccolo-developer-university-of-amsterdam) to https://api.wandb.ai. Use `wandb login --relogin` to force relogin
wandb: setting up run mg0o50c6
wandb: Tracking run with wandb version 0.26.1
wandb: Run data is saved locally in /gpfs/home3/scur0511/Probe4Physics/wandb/run-20260505_014515-mg0o50c6
wandb: Run `wandb offline` to turn off syncing.
wandb: Syncing run mvp_temporal_attn_jepa_v1_vith16_384_layer_32/trial_0000
wandb: ⭐️ View project at https://wandb.ai/caselli-niccolo-developer-university-of-amsterdam/probe4physics
wandb: 🚀 View run at https://wandb.ai/caselli-niccolo-developer-university-of-amsterdam/probe4physics/runs/mg0o50c6
[eval.mvp] Starting eval | split_name=val split_dir=data/splits/mvp/full_60_20_20 predictor_mode=from_file annotation_file=data/annotations/mvp_full.jsonl
[eval.mvp] Loaded split assignments | split_pairs=989 split_samples=1978
[eval.mvp] Prepared samples | n_pairs_before_trim=989 n_samples_before_trim=1978 n_pairs_after_trim=989 n_samples_after_trim=1978 max_pairs=0
[eval.mvp] Generated predictions | n_predictions=1978
[eval.mvp] Scoring complete | accuracy=50.0000 pair_consistency=0.0000 n_pairs=989 n_samples=1978
[eval.mvp] Artifacts written | output_dir=artifacts/probes/mvp_probe_temporal_attn_jepa_v1_vith16_384_20260504T234357Z/layer_32/train/trial_0000/val_eval
wandb: updating run metadata
wandb: uploading history steps 4-4, summary, console lines 1-6
wandb: 
wandb: Run history:
wandb:          epoch ▁▃▅▆█
wandb: train_accuracy ▇█▅▃▁
wandb:     train_loss ▁▂▂▁█
wandb:   val_accuracy ▁█▆█▄
wandb:       val_loss ▁▁▁█▁
wandb: 
wandb: Run summary:
wandb:           best_epoch 4
wandb:    best_val_accuracy 50
wandb:        best_val_loss 1.76388
wandb: checkpoint_best_path artifacts/probes/mvp...
wandb: checkpoint_last_path artifacts/probes/mvp...
wandb:      checkpoint_path artifacts/probes/mvp...
wandb:              dataset mvp
wandb:      elapsed_seconds 4044.85394
wandb:                epoch 5
wandb:    feature_signature 195f8fef90088d1e
wandb:                  +22 ...
wandb: 
wandb: 🚀 View run mvp_temporal_attn_jepa_v1_vith16_384_layer_32/trial_0000 at: https://wandb.ai/caselli-niccolo-developer-university-of-amsterdam/probe4physics/runs/mg0o50c6
wandb: ⭐️ View project at: https://wandb.ai/caselli-niccolo-developer-university-of-amsterdam/probe4physics
wandb: Synced 5 W&B file(s), 0 media file(s), 0 artifact file(s) and 0 other file(s)
wandb: Find logs at: ./wandb/run-20260505_014515-mg0o50c6/logs
[I 2026-05-05 02:53:08,853] Trial 0 finished with value: 0.0 and parameters: {'lr': 0.0001329291894316216, 'weight_decay': 0.005061576888752304, 'batch_size': 1, 'num_heads': 4, 'num_self_attn_blocks': 3, 'mlp_ratio': 4.0, 'dropout': 0.006175348288740734}. Best is trial 0 with value: 0.0.
wandb: setting up run usvxlxkg
wandb: Tracking run with wandb version 0.26.1
wandb: Run data is saved locally in /gpfs/home3/scur0511/Probe4Physics/wandb/run-20260505_025311-usvxlxkg
wandb: Run `wandb offline` to turn off syncing.
wandb: Syncing run mvp_temporal_attn_jepa_v1_vith16_384_layer_32/trial_0001
wandb: ⭐️ View project at https://wandb.ai/caselli-niccolo-developer-university-of-amsterdam/probe4physics
wandb: 🚀 View run at https://wandb.ai/caselli-niccolo-developer-university-of-amsterdam/probe4physics/runs/usvxlxkg
[eval.mvp] Starting eval | split_name=val split_dir=data/splits/mvp/full_60_20_20 predictor_mode=from_file annotation_file=data/annotations/mvp_full.jsonl
[eval.mvp] Loaded split assignments | split_pairs=989 split_samples=1978
[eval.mvp] Prepared samples | n_pairs_before_trim=989 n_samples_before_trim=1978 n_pairs_after_trim=989 n_samples_after_trim=1978 max_pairs=0
[eval.mvp] Generated predictions | n_predictions=1978
[eval.mvp] Scoring complete | accuracy=50.0000 pair_consistency=0.0000 n_pairs=989 n_samples=1978
[eval.mvp] Artifacts written | output_dir=artifacts/probes/mvp_probe_temporal_attn_jepa_v1_vith16_384_20260504T234357Z/layer_32/train/trial_0001/val_eval
wandb: updating run metadata
wandb: uploading config.yaml; uploading output.log; uploading wandb-summary.json
wandb: uploading wandb-summary.json
wandb: 
wandb: Run history:
wandb:          epoch ▁▃▅▆█
wandb: train_accuracy █▁▁▁▁
wandb:   val_accuracy ▁▁▁▁▁
wandb:             +2 ...
wandb: 
wandb: Run summary:
wandb:           best_epoch 1
wandb:    best_val_accuracy 50
wandb: checkpoint_best_path artifacts/probes/mvp...
wandb: checkpoint_last_path artifacts/probes/mvp...
wandb:      checkpoint_path artifacts/probes/mvp...
wandb:              dataset mvp
wandb:      elapsed_seconds 2899.81632
wandb:                epoch 5
wandb:    feature_signature 195f8fef90088d1e
wandb:         feature_view tokens
wandb:                  +19 ...
wandb: 
wandb: 🚀 View run mvp_temporal_attn_jepa_v1_vith16_384_layer_32/trial_0001 at: https://wandb.ai/caselli-niccolo-developer-university-of-amsterdam/probe4physics/runs/usvxlxkg
wandb: ⭐️ View project at: https://wandb.ai/caselli-niccolo-developer-university-of-amsterdam/probe4physics
wandb: Synced 5 W&B file(s), 0 media file(s), 0 artifact file(s) and 0 other file(s)
wandb: Find logs at: ./wandb/run-20260505_025311-usvxlxkg/logs
[I 2026-05-05 03:42:53,848] Trial 1 finished with value: 0.0 and parameters: {'lr': 0.008123245085588688, 'weight_decay': 0.0009877700294007926, 'batch_size': 1, 'num_heads': 4, 'num_self_attn_blocks': 2, 'mlp_ratio': 4.0, 'dropout': 0.04184815819561255}. Best is trial 0 with value: 0.0.
wandb: setting up run yzf97srg
wandb: Tracking run with wandb version 0.26.1
wandb: Run data is saved locally in /gpfs/home3/scur0511/Probe4Physics/wandb/run-20260505_034256-yzf97srg
wandb: Run `wandb offline` to turn off syncing.
wandb: Syncing run mvp_temporal_attn_jepa_v1_vith16_384_layer_32/trial_0002
wandb: ⭐️ View project at https://wandb.ai/caselli-niccolo-developer-university-of-amsterdam/probe4physics
wandb: 🚀 View run at https://wandb.ai/caselli-niccolo-developer-university-of-amsterdam/probe4physics/runs/yzf97srg
[eval.mvp] Starting eval | split_name=val split_dir=data/splits/mvp/full_60_20_20 predictor_mode=from_file annotation_file=data/annotations/mvp_full.jsonl
[eval.mvp] Loaded split assignments | split_pairs=989 split_samples=1978
[eval.mvp] Prepared samples | n_pairs_before_trim=989 n_samples_before_trim=1978 n_pairs_after_trim=989 n_samples_after_trim=1978 max_pairs=0
[eval.mvp] Generated predictions | n_predictions=1978
[eval.mvp] Scoring complete | accuracy=50.8089 pair_consistency=4.2467 n_pairs=989 n_samples=1978
[eval.mvp] Artifacts written | output_dir=artifacts/probes/mvp_probe_temporal_attn_jepa_v1_vith16_384_20260504T234357Z/layer_32/train/trial_0002/val_eval
wandb: updating run metadata
wandb: uploading output.log; uploading wandb-summary.json; uploading config.yaml
wandb: uploading history steps 4-4, summary, console lines 1-6
wandb: 
wandb: Run history:
wandb:          epoch ▁▃▅▆█
wandb: train_accuracy ▁▄█▆▄
wandb:     train_loss █▂▁▆▅
wandb:   val_accuracy ▆▄█▅▁
wandb:       val_loss ▁█▂▁▂
wandb: 
wandb: Run summary:
wandb:           best_epoch 3
wandb:    best_val_accuracy 50.8089
wandb:        best_val_loss 0.69626
wandb: checkpoint_best_path artifacts/probes/mvp...
wandb: checkpoint_last_path artifacts/probes/mvp...
wandb:      checkpoint_path artifacts/probes/mvp...
wandb:              dataset mvp
wandb:      elapsed_seconds 2773.78914
wandb:                epoch 5
wandb:    feature_signature 195f8fef90088d1e
wandb:                  +22 ...
wandb: 
wandb: 🚀 View run mvp_temporal_attn_jepa_v1_vith16_384_layer_32/trial_0002 at: https://wandb.ai/caselli-niccolo-developer-university-of-amsterdam/probe4physics/runs/yzf97srg
wandb: ⭐️ View project at: https://wandb.ai/caselli-niccolo-developer-university-of-amsterdam/probe4physics
wandb: Synced 5 W&B file(s), 0 media file(s), 0 artifact file(s) and 0 other file(s)
wandb: Find logs at: ./wandb/run-20260505_034256-yzf97srg/logs
[I 2026-05-05 04:30:30,785] Trial 2 finished with value: 4.246713852376137 and parameters: {'lr': 7.52374288453485e-05, 'weight_decay': 1.5782327810795563e-06, 'batch_size': 1, 'num_heads': 8, 'num_self_attn_blocks': 2, 'mlp_ratio': 2.0, 'dropout': 0.019515477895583853}. Best is trial 2 with value: 4.246713852376137.
wandb: setting up run f46g7dys
wandb: Tracking run with wandb version 0.26.1
wandb: Run data is saved locally in /gpfs/home3/scur0511/Probe4Physics/wandb/run-20260505_043033-f46g7dys
wandb: Run `wandb offline` to turn off syncing.
wandb: Syncing run mvp_temporal_attn_jepa_v1_vith16_384_layer_32/trial_0003
wandb: ⭐️ View project at https://wandb.ai/caselli-niccolo-developer-university-of-amsterdam/probe4physics
wandb: 🚀 View run at https://wandb.ai/caselli-niccolo-developer-university-of-amsterdam/probe4physics/runs/f46g7dys
[eval.mvp] Starting eval | split_name=val split_dir=data/splits/mvp/full_60_20_20 predictor_mode=from_file annotation_file=data/annotations/mvp_full.jsonl
[eval.mvp] Loaded split assignments | split_pairs=989 split_samples=1978
[eval.mvp] Prepared samples | n_pairs_before_trim=989 n_samples_before_trim=1978 n_pairs_after_trim=989 n_samples_after_trim=1978 max_pairs=0
[eval.mvp] Generated predictions | n_predictions=1978
[eval.mvp] Scoring complete | accuracy=50.0000 pair_consistency=0.0000 n_pairs=989 n_samples=1978
[eval.mvp] Artifacts written | output_dir=artifacts/probes/mvp_probe_temporal_attn_jepa_v1_vith16_384_20260504T234357Z/layer_32/train/trial_0003/val_eval
wandb: updating run metadata
wandb: uploading output.log; uploading wandb-summary.json; uploading config.yaml
wandb: uploading output.log; uploading wandb-summary.json
wandb: uploading history steps 4-4, summary, console lines 1-6
wandb: 
wandb: Run history:
wandb:          epoch ▁▃▅▆█
wandb: train_accuracy █▁▁▁▁
wandb:   val_accuracy ▁▁▁▁▁
wandb:             +2 ...
wandb: 
wandb: Run summary:
wandb:           best_epoch 1
wandb:    best_val_accuracy 50
wandb: checkpoint_best_path artifacts/probes/mvp...
wandb: checkpoint_last_path artifacts/probes/mvp...
wandb:      checkpoint_path artifacts/probes/mvp...
wandb:              dataset mvp
wandb:      elapsed_seconds 1909.2048
wandb:                epoch 5
wandb:    feature_signature 195f8fef90088d1e
wandb:         feature_view tokens
wandb:                  +19 ...
wandb: 
wandb: 🚀 View run mvp_temporal_attn_jepa_v1_vith16_384_layer_32/trial_0003 at: https://wandb.ai/caselli-niccolo-developer-university-of-amsterdam/probe4physics/runs/f46g7dys
wandb: ⭐️ View project at: https://wandb.ai/caselli-niccolo-developer-university-of-amsterdam/probe4physics
wandb: Synced 5 W&B file(s), 0 media file(s), 0 artifact file(s) and 0 other file(s)
wandb: Find logs at: ./wandb/run-20260505_043033-f46g7dys/logs
[I 2026-05-05 05:03:28,251] Trial 3 finished with value: 0.0 and parameters: {'lr': 0.007025166339242158, 'weight_decay': 0.006220025976819169, 'batch_size': 1, 'num_heads': 4, 'num_self_attn_blocks': 1, 'mlp_ratio': 2.0, 'dropout': 0.2727961206236346}. Best is trial 2 with value: 4.246713852376137.
wandb: setting up run sbm8mvwx
wandb: Tracking run with wandb version 0.26.1
wandb: Run data is saved locally in /gpfs/home3/scur0511/Probe4Physics/wandb/run-20260505_050330-sbm8mvwx
wandb: Run `wandb offline` to turn off syncing.
wandb: Syncing run mvp_temporal_attn_jepa_v1_vith16_384_layer_32/trial_0004
wandb: ⭐️ View project at https://wandb.ai/caselli-niccolo-developer-university-of-amsterdam/probe4physics
wandb: 🚀 View run at https://wandb.ai/caselli-niccolo-developer-university-of-amsterdam/probe4physics/runs/sbm8mvwx
[eval.mvp] Starting eval | split_name=val split_dir=data/splits/mvp/full_60_20_20 predictor_mode=from_file annotation_file=data/annotations/mvp_full.jsonl
[eval.mvp] Loaded split assignments | split_pairs=989 split_samples=1978
[eval.mvp] Prepared samples | n_pairs_before_trim=989 n_samples_before_trim=1978 n_pairs_after_trim=989 n_samples_after_trim=1978 max_pairs=0
[eval.mvp] Generated predictions | n_predictions=1978
[eval.mvp] Scoring complete | accuracy=72.3458 pair_consistency=55.8140 n_pairs=989 n_samples=1978
[eval.mvp] Artifacts written | output_dir=artifacts/probes/mvp_probe_temporal_attn_jepa_v1_vith16_384_20260504T234357Z/layer_32/train/trial_0004/val_eval
wandb: updating run metadata
wandb: uploading output.log; uploading wandb-summary.json; uploading config.yaml
wandb: uploading history steps 4-4, summary, console lines 1-6
wandb: 
wandb: Run history:
wandb:          epoch ▁▃▅▆█
wandb: train_accuracy ▁▂▅▇█
wandb:     train_loss █▇▅▂▁
wandb:   val_accuracy ▁▄▇▇█
wandb:       val_loss ▇▅▂█▁
wandb: 
wandb: Run summary:
wandb:           best_epoch 5
wandb:    best_val_accuracy 72.3458
wandb:        best_val_loss 0.53151
wandb: checkpoint_best_path artifacts/probes/mvp...
wandb: checkpoint_last_path artifacts/probes/mvp...
wandb:      checkpoint_path artifacts/probes/mvp...
wandb:              dataset mvp
wandb:      elapsed_seconds 2725.16954
wandb:                epoch 5
wandb:    feature_signature 195f8fef90088d1e
wandb:                  +22 ...
wandb: 
wandb: 🚀 View run mvp_temporal_attn_jepa_v1_vith16_384_layer_32/trial_0004 at: https://wandb.ai/caselli-niccolo-developer-university-of-amsterdam/probe4physics/runs/sbm8mvwx
wandb: ⭐️ View project at: https://wandb.ai/caselli-niccolo-developer-university-of-amsterdam/probe4physics
wandb: Synced 5 W&B file(s), 0 media file(s), 0 artifact file(s) and 0 other file(s)
wandb: Find logs at: ./wandb/run-20260505_050330-sbm8mvwx/logs
[I 2026-05-05 05:50:13,833] Trial 4 finished with value: 55.81395348837209 and parameters: {'lr': 5.9750279999602906e-05, 'weight_decay': 9.44351568796269e-05, 'batch_size': 1, 'num_heads': 16, 'num_self_attn_blocks': 2, 'mlp_ratio': 2.0, 'dropout': 0.17936999364332554}. Best is trial 4 with value: 55.81395348837209.
[eval.mvp] Starting eval | split_name=train split_dir=data/splits/mvp/full_60_20_20 predictor_mode=from_file annotation_file=data/annotations/mvp_full.jsonl
[eval.mvp] Loaded split assignments | split_pairs=2965 split_samples=5930
[eval.mvp] Prepared samples | n_pairs_before_trim=2965 n_samples_before_trim=5930 n_pairs_after_trim=2965 n_samples_after_trim=5930 max_pairs=0
[eval.mvp] Generated predictions | n_predictions=5930
[eval.mvp] Scoring complete | accuracy=74.6374 pair_consistency=58.3474 n_pairs=2965 n_samples=5930
[eval.mvp] Artifacts written | output_dir=artifacts/probes/mvp_probe_temporal_attn_jepa_v1_vith16_384_20260504T234357Z/layer_32/eval/train
[eval.mvp] Starting eval | split_name=val split_dir=data/splits/mvp/full_60_20_20 predictor_mode=from_file annotation_file=data/annotations/mvp_full.jsonl
[eval.mvp] Loaded split assignments | split_pairs=989 split_samples=1978
[eval.mvp] Prepared samples | n_pairs_before_trim=989 n_samples_before_trim=1978 n_pairs_after_trim=989 n_samples_after_trim=1978 max_pairs=0
[eval.mvp] Generated predictions | n_predictions=1978
[eval.mvp] Scoring complete | accuracy=72.3458 pair_consistency=55.8140 n_pairs=989 n_samples=1978
[eval.mvp] Artifacts written | output_dir=artifacts/probes/mvp_probe_temporal_attn_jepa_v1_vith16_384_20260504T234357Z/layer_32/eval/val
[eval.mvp] Starting eval | split_name=test split_dir=data/splits/mvp/full_60_20_20 predictor_mode=from_file annotation_file=data/annotations/mvp_full.jsonl
[eval.mvp] Loaded split assignments | split_pairs=989 split_samples=1978
[eval.mvp] Prepared samples | n_pairs_before_trim=989 n_samples_before_trim=1978 n_pairs_after_trim=989 n_samples_after_trim=1978 max_pairs=0
[eval.mvp] Generated predictions | n_predictions=1978
[eval.mvp] Scoring complete | accuracy=73.7614 pair_consistency=56.3195 n_pairs=989 n_samples=1978
[eval.mvp] Artifacts written | output_dir=artifacts/probes/mvp_probe_temporal_attn_jepa_v1_vith16_384_20260504T234357Z/layer_32/eval/test
