============================================================================================== 
Warning! Mixing Conda and module environments may lead to corruption of the
user environment. 
We do not recommend users mixing those two environments unless absolutely
necessary. Note that 
SURF does not provide any support for Conda environment.
For more information, please refer to our software policy page:
https://servicedesk.surf.nl/wiki/display/WIKI/Software+policy+Snellius#SoftwarepolicySnellius-UseofAnacondaandMinicondaenvironmentsonSnellius 

Remember that many packages have already been installed on the system and can
be loaded using 
the 'module load <package__name>' command. If you are uncertain if a package is
already available 
on the system, please use 'module avail' or 'module spider' to search for it.
============================================================================================== 
wandb: [wandb.login()] Loaded credentials for https://api.wandb.ai from /home/scur0511/.netrc.
wandb: Currently logged in as: caselli-niccolo-developer (caselli-niccolo-developer-university-of-amsterdam) to https://api.wandb.ai. Use `wandb login --relogin` to force relogin
wandb: setting up run uetvourp
wandb: Tracking run with wandb version 0.26.1
wandb: Run data is saved locally in /gpfs/home3/scur0511/Probe4Physics/wandb/run-20260510_174045-uetvourp
wandb: Run `wandb offline` to turn off syncing.
wandb: Syncing run mvp_temporal_attn_jepa_v1_timing_bs4_e1_storage_fix_bs4_22619251_layer_32
wandb: ⭐️ View project at https://wandb.ai/caselli-niccolo-developer-university-of-amsterdam/probe4physics
wandb: 🚀 View run at https://wandb.ai/caselli-niccolo-developer-university-of-amsterdam/probe4physics/runs/uetvourp
wandb: updating run metadata
wandb: uploading history steps 0-0, summary
wandb: 
wandb: Run history:
wandb:          epoch ▁
wandb: train_accuracy ▁
wandb:     train_loss ▁
wandb:   val_accuracy ▁
wandb:       val_loss ▁
wandb: 
wandb: Run summary:
wandb:           best_epoch 1
wandb:    best_val_accuracy 50
wandb:        best_val_loss 0.79025
wandb: checkpoint_best_path /scratch-shared/scur...
wandb: checkpoint_last_path /scratch-shared/scur...
wandb:      checkpoint_path /scratch-shared/scur...
wandb:              dataset mvp
wandb:      elapsed_seconds 431.52229
wandb:                epoch 1
wandb:    feature_signature ad9b96486d5ca129
wandb:                  +19 ...
wandb: 
wandb: 🚀 View run mvp_temporal_attn_jepa_v1_timing_bs4_e1_storage_fix_bs4_22619251_layer_32 at: https://wandb.ai/caselli-niccolo-developer-university-of-amsterdam/probe4physics/runs/uetvourp
wandb: ⭐️ View project at: https://wandb.ai/caselli-niccolo-developer-university-of-amsterdam/probe4physics
wandb: Synced 4 W&B file(s), 0 media file(s), 0 artifact file(s) and 0 other file(s)
wandb: Find logs at: ./wandb/run-20260510_174045-uetvourp/logs
[eval.mvp] Starting eval | split_name=train split_dir=data/splits/mvp/full_60_20_20 predictor_mode=from_file annotation_file=data/annotations/mvp_full.jsonl
[eval.mvp] Loaded split assignments | split_pairs=2965 split_samples=5930
[eval.mvp] Prepared samples | n_pairs_before_trim=2965 n_samples_before_trim=5930 n_pairs_after_trim=2965 n_samples_after_trim=5930 max_pairs=0
[eval.mvp] Generated predictions | n_predictions=5930
[eval.mvp] Scoring complete | accuracy=50.0000 pair_consistency=0.0000 n_pairs=2965 n_samples=5930
[eval.mvp] Artifacts written | output_dir=/scratch-shared/scur0511/probe4physics/artifacts/probes/mvp_timing/mvp_temporal_attn_jepa_v1_timing_bs4_e1_storage_fix_bs4_22619251/layer_32/eval/train
[eval.mvp] Starting eval | split_name=val split_dir=data/splits/mvp/full_60_20_20 predictor_mode=from_file annotation_file=data/annotations/mvp_full.jsonl
[eval.mvp] Loaded split assignments | split_pairs=989 split_samples=1978
[eval.mvp] Prepared samples | n_pairs_before_trim=989 n_samples_before_trim=1978 n_pairs_after_trim=989 n_samples_after_trim=1978 max_pairs=0
[eval.mvp] Generated predictions | n_predictions=1978
[eval.mvp] Scoring complete | accuracy=50.0000 pair_consistency=0.0000 n_pairs=989 n_samples=1978
[eval.mvp] Artifacts written | output_dir=/scratch-shared/scur0511/probe4physics/artifacts/probes/mvp_timing/mvp_temporal_attn_jepa_v1_timing_bs4_e1_storage_fix_bs4_22619251/layer_32/eval/val
[eval.mvp] Starting eval | split_name=test split_dir=data/splits/mvp/full_60_20_20 predictor_mode=from_file annotation_file=data/annotations/mvp_full.jsonl
[eval.mvp] Loaded split assignments | split_pairs=989 split_samples=1978
[eval.mvp] Prepared samples | n_pairs_before_trim=989 n_samples_before_trim=1978 n_pairs_after_trim=989 n_samples_after_trim=1978 max_pairs=0
[eval.mvp] Generated predictions | n_predictions=1978
[eval.mvp] Scoring complete | accuracy=50.0000 pair_consistency=0.0000 n_pairs=989 n_samples=1978
[eval.mvp] Artifacts written | output_dir=/scratch-shared/scur0511/probe4physics/artifacts/probes/mvp_timing/mvp_temporal_attn_jepa_v1_timing_bs4_e1_storage_fix_bs4_22619251/layer_32/eval/test
