===== TRAIN PROVENANCE =====
Sat Apr 25 16:15:12 UTC 2026
gcn16.local.snellius.surf.nl
ee8106bccc92ddcaf41b6dc56c3f27ff12f019e0
Python 3.11.15
/home/scur0511/.conda/envs/probe4physics-gpu/bin/python
REPO_ROOT=/gpfs/home3/scur0511/Probe4Physics
BACKBONE_NAME=jepa_v1
LINEAR_PROBE_LAYER=last
LINEAR_PROBE_FEATURE_VIEW=pooled
ENABLE_WANDB=true
WANDB_PROJECT=probe4physics
WANDB_MODE=online
============================
JOB_START_UTC=2026-04-25T16:15:12Z
{
  "checkpoint": "artifacts/probes/intphys2/linear_train_20260425T161659Z/linear_probe.pt",
  "elapsed_seconds": 109.91908693592995,
  "feature_signature": "78346a9facde6609",
  "fit": {
    "history": [
      {
        "epoch": 1.0,
        "train_accuracy": 46.35761589403973,
        "train_loss": 0.7168650269508362,
        "val_accuracy": 50.490196228027344,
        "val_loss": 0.6961389183998108
      },
      {
        "epoch": 2.0,
        "train_accuracy": 49.503311258278146,
        "train_loss": 0.7071851253509521,
        "val_accuracy": 48.039215087890625,
        "val_loss": 0.6950419545173645
      },
      {
        "epoch": 3.0,
        "train_accuracy": 50.66225165562914,
        "train_loss": 0.6977585434913636,
        "val_accuracy": 50.0,
        "val_loss": 0.6996027827262878
      },
      {
        "epoch": 4.0,
        "train_accuracy": 48.01324503311258,
        "train_loss": 0.6996652841567993,
        "val_accuracy": 49.509803771972656,
        "val_loss": 0.6959956884384155
      },
      {
        "epoch": 5.0,
        "train_accuracy": 49.17218543046358,
        "train_loss": 0.6956422090530395,
        "val_accuracy": 50.0,
        "val_loss": 0.6932286024093628
      },
      {
        "epoch": 6.0,
        "train_accuracy": 49.17218543046358,
        "train_loss": 0.6967560768127441,
        "val_accuracy": 50.98039627075195,
        "val_loss": 0.693701446056366
      },
      {
        "epoch": 7.0,
        "train_accuracy": 53.47682119205298,
        "train_loss": 0.692382562160492,
        "val_accuracy": 50.98039627075195,
        "val_loss": 0.692172646522522
      },
      {
        "epoch": 8.0,
        "train_accuracy": 52.64900662251656,
        "train_loss": 0.6910602569580078,
        "val_accuracy": 54.41176223754883,
        "val_loss": 0.6920984983444214
      },
      {
        "epoch": 9.0,
        "train_accuracy": 51.65562913907284,
        "train_loss": 0.6916611671447754,
        "val_accuracy": 53.92156982421875,
        "val_loss": 0.6912320256233215
      },
      {
        "epoch": 10.0,
        "train_accuracy": 50.331125827814574,
        "train_loss": 0.6901986837387085,
        "val_accuracy": 51.960784912109375,
        "val_loss": 0.691503643989563
      },
      {
        "epoch": 11.0,
        "train_accuracy": 52.64900662251656,
        "train_loss": 0.6916423559188842,
        "val_accuracy": 55.39215850830078,
        "val_loss": 0.6911575198173523
      },
      {
        "epoch": 12.0,
        "train_accuracy": 53.31125827814569,
        "train_loss": 0.6897631764411927,
        "val_accuracy": 52.45097732543945,
        "val_loss": 0.6913374066352844
      },
      {
        "epoch": 13.0,
        "train_accuracy": 53.64238410596026,
        "train_loss": 0.6891796350479126,
        "val_accuracy": 53.431373596191406,
        "val_loss": 0.6908351182937622
      },
      {
        "epoch": 14.0,
        "train_accuracy": 53.807947019867555,
        "train_loss": 0.6875465512275696,
        "val_accuracy": 53.92156982421875,
        "val_loss": 0.6903294324874878
      },
      {
        "epoch": 15.0,
        "train_accuracy": 56.29139072847682,
        "train_loss": 0.6866254448890686,
        "val_accuracy": 50.0,
        "val_loss": 0.690665066242218
      },
      {
        "epoch": 16.0,
        "train_accuracy": 55.29801324503312,
        "train_loss": 0.6855716824531555,
        "val_accuracy": 54.90196228027344,
        "val_loss": 0.6894407272338867
      },
      {
        "epoch": 17.0,
        "train_accuracy": 57.284768211920536,
        "train_loss": 0.6874830722808838,
        "val_accuracy": 53.431373596191406,
        "val_loss": 0.6890643835067749
      },
      {
        "epoch": 18.0,
        "train_accuracy": 56.12582781456954,
        "train_loss": 0.6872386693954468,
        "val_accuracy": 57.352943420410156,
        "val_loss": 0.688966691493988
      },
      {
        "epoch": 19.0,
        "train_accuracy": 56.622516556291394,
        "train_loss": 0.6841758728027344,
        "val_accuracy": 51.960784912109375,
        "val_loss": 0.6891152858734131
      },
      {
        "epoch": 20.0,
        "train_accuracy": 55.29801324503312,
        "train_loss": 0.6869573473930359,
        "val_accuracy": 54.41176223754883,
        "val_loss": 0.6893813014030457
      },
      {
        "epoch": 21.0,
        "train_accuracy": 54.13907284768212,
        "train_loss": 0.6840306162834168,
        "val_accuracy": 50.98039627075195,
        "val_loss": 0.6896699666976929
      },
      {
        "epoch": 22.0,
        "train_accuracy": 51.82119205298014,
        "train_loss": 0.6873263835906982,
        "val_accuracy": 52.94117736816406,
        "val_loss": 0.6880979537963867
      },
      {
        "epoch": 23.0,
        "train_accuracy": 51.65562913907284,
        "train_loss": 0.6954712390899658,
        "val_accuracy": 50.98039627075195,
        "val_loss": 0.6918939352035522
      },
      {
        "epoch": 24.0,
        "train_accuracy": 55.29801324503312,
        "train_loss": 0.6826976418495179,
        "val_accuracy": 50.0,
        "val_loss": 0.6950941681861877
      },
      {
        "epoch": 25.0,
        "train_accuracy": 53.973509933774835,
        "train_loss": 0.683298122882843,
        "val_accuracy": 54.41176223754883,
        "val_loss": 0.6880342364311218
      },
      {
        "epoch": 26.0,
        "train_accuracy": 52.152317880794705,
        "train_loss": 0.69623202085495,
        "val_accuracy": 55.88235092163086,
        "val_loss": 0.6898583769798279
      },
      {
        "epoch": 27.0,
        "train_accuracy": 56.95364238410596,
        "train_loss": 0.6791337251663208,
        "val_accuracy": 49.01960754394531,
        "val_loss": 0.6971229910850525
      },
      {
        "epoch": 28.0,
        "train_accuracy": 52.317880794701985,
        "train_loss": 0.6858775734901428,
        "val_accuracy": 53.92156982421875,
        "val_loss": 0.6879118084907532
      },
      {
        "epoch": 29.0,
        "train_accuracy": 56.12582781456954,
        "train_loss": 0.6803953051567078,
        "val_accuracy": 55.88235092163086,
        "val_loss": 0.6878358721733093
      },
      {
        "epoch": 30.0,
        "train_accuracy": 59.7682119205298,
        "train_loss": 0.6794574022293091,
        "val_accuracy": 53.431373596191406,
        "val_loss": 0.6880373954772949
      }
    ],
    "n_epochs": 30,
    "train_accuracy": 59.7682119205298,
    "train_loss": 0.6794574022293091,
    "val_accuracy": 53.431373596191406,
    "val_loss": 0.6880373954772949
  },
  "input_dim": 1280,
  "n_train": 604,
  "n_val": 204,
  "output_dir": "artifacts/probes/intphys2/linear_train_20260425T161659Z",
  "seconds_per_labeled_sample": 0.1360384739306064,
  "seconds_per_train_sample": 0.18198524327140722
}
JOB_END_UTC=2026-04-25T16:17:08Z
JOB_ELAPSED_SECONDS=116
