============================================================================================== 
Warning! Mixing Conda and module environments may lead to corruption of the
user environment. 
We do not recommend users mixing those two environments unless absolutely
necessary. Note that 
SURF does not provide any support for Conda environment.
For more information, please refer to our software policy page:
https://servicedesk.surf.nl/wiki/display/WIKI/Software+policy+Snellius#SoftwarepolicySnellius-UseofAnacondaandMinicondaenvironmentsonSnellius 

Remember that many packages have already been installed on the system and can
be loaded using 
the 'module load <package__name>' command. If you are uncertain if a package is
already available 
on the system, please use 'module avail' or 'module spider' to search for it.
============================================================================================== 
wandb: [wandb.login()] Loaded credentials for https://api.wandb.ai from /home/scur0511/.netrc.
wandb: Currently logged in as: caselli-niccolo-developer (caselli-niccolo-developer-university-of-amsterdam) to https://api.wandb.ai. Use `wandb login --relogin` to force relogin
wandb: setting up run lpimqjg6
wandb: Tracking run with wandb version 0.26.1
wandb: Run data is saved locally in /gpfs/home3/scur0511/Probe4Physics/wandb/run-20260425_181702-lpimqjg6
wandb: Run `wandb offline` to turn off syncing.
wandb: Syncing run intphys2.jepa_v1.linear/intphys2/pooled/linear_train_20260425T161659Z
wandb: ⭐️ View project at https://wandb.ai/caselli-niccolo-developer-university-of-amsterdam/probe4physics
wandb: 🚀 View run at https://wandb.ai/caselli-niccolo-developer-university-of-amsterdam/probe4physics/runs/lpimqjg6
wandb: updating run metadata; uploading summary
wandb: uploading requirements.txt; uploading wandb-summary.json; uploading config.yaml; uploading wandb-metadata.json
wandb: uploading history steps 0-29, summary
wandb: 
wandb: Run history:
wandb:          epoch ▁▁▁▂▂▂▂▃▃▃▃▄▄▄▄▅▅▅▅▆▆▆▆▇▇▇▇███
wandb: train_accuracy ▁▃▃▂▂▂▅▄▄▃▄▅▅▅▆▆▇▆▆▆▅▄▄▆▅▄▇▄▆█
wandb:     train_loss █▆▄▅▄▄▃▃▃▃▃▃▃▃▂▂▃▃▂▂▂▃▄▂▂▄▁▂▁▁
wandb:   val_accuracy ▃▁▂▂▂▃▃▆▅▄▇▄▅▅▂▆▅█▄▆▃▅▃▂▆▇▂▅▇▅
wandb:       val_loss ▆▅█▆▄▄▄▄▃▃▃▃▃▂▃▂▂▂▂▂▂▁▃▅▁▂▇▁▁▁
wandb: 
wandb: Run summary:
wandb:      checkpoint_path artifacts/probes/int...
wandb:                epoch 30
wandb:    feature_signature 78346a9facde6609
wandb: final_train_accuracy 59.76821
wandb:     final_train_loss 0.67946
wandb:   final_val_accuracy 53.43137
wandb:       final_val_loss 0.68804
wandb:            input_dim 1280
wandb:             n_epochs 30
wandb:              n_train 604
wandb:                   +6 ...
wandb: 
wandb: 🚀 View run intphys2.jepa_v1.linear/intphys2/pooled/linear_train_20260425T161659Z at: https://wandb.ai/caselli-niccolo-developer-university-of-amsterdam/probe4physics/runs/lpimqjg6
wandb: ⭐️ View project at: https://wandb.ai/caselli-niccolo-developer-university-of-amsterdam/probe4physics
wandb: Synced 4 W&B file(s), 0 media file(s), 0 artifact file(s) and 0 other file(s)
wandb: Find logs at: ./wandb/run-20260425_181702-lpimqjg6/logs
