===== TRAIN PROVENANCE =====
Thu May  7 19:54:25 UTC 2026
tcn79.local.snellius.surf.nl
721343f8be09539143d1927e04100a5c82760f6c
Python 3.11.15
/home/scur0511/.conda/envs/probe4physics-gpu/bin/python
REPO_ROOT=/gpfs/home3/scur0511/Probe4Physics
DATASET_NAME=intphys2
PROBE_NAME=mlp
BACKBONE_NAME=jepa_v2
BACKBONE_VARIANT=vitg_384
PROBE_EPOCHS=<config default>
PROBE_DEVICE=cpu
PROBE_LAYER=last
PROBE_LAYERS=last
PROBE_FEATURE_VIEW=pooled
ENABLE_WANDB=true
WANDB_PROJECT=probe4physics
WANDB_MODE=online
WANDB_GROUP=intphys2_mlp_jepa_v2_vitg_384
ENABLE_OPTUNA=true
OPTUNA_N_TRIALS=20
OPTUNA_N_JOBS=1
OPTUNA_TIMEOUT_SECONDS=0
ENABLE_OPTUNA_PRUNER=true
OPTUNA_PRUNER_STARTUP_TRIALS=3
OPTUNA_PRUNER_WARMUP_STEPS=100
OPTUNA_PRUNER_INTERVAL_STEPS=1
OPTUNA_STUDY_NAME=intphys2_mlp_jepa_v2_vitg_384
OPTUNA_SEARCH_OVERRIDES=probe.optuna.search_space.epochs.enabled=true probe.optuna.search_space.epochs.choices=[20,50,100,500,1000,2000]
============================
JOB_START_UTC=2026-05-07T19:54:25Z
{
  "best_layer": null,
  "best_layer_label": null,
  "best_objective_metric": null,
  "dataset": "intphys2",
  "feature_view": "pooled",
  "layers": [
    {
      "checkpoint": "artifacts/probes/intphys2/intphys2_probe_mlp_jepa_v2_vitg_384_20260507T195430Z/layer_last/train/trial_0000/probe_best.pt",
      "eval": {
        "base_eval": {
          "metrics": {
            "accuracy": 60.29411764705882,
            "accuracy_by_condition": {
              "continuity": 50.0,
              "immutability": 64.58333333333334,
              "permanence": 64.58333333333334,
              "solidity": 61.66666666666667
            },
            "n_samples": 204,
            "n_scenes": 51,
            "voe_accuracy": 45.09803921568628,
            "voe_by_condition": {
              "continuity": 25.0,
              "immutability": 66.66666666666666,
              "permanence": 58.333333333333336,
              "solidity": 33.33333333333333
            }
          },
          "output_dir": "artifacts/probes/intphys2/intphys2_probe_mlp_jepa_v2_vitg_384_20260507T195430Z/layer_last/eval/test",
          "split_dir": "data/splits/intphys2"
        },
        "checkpoint": "artifacts/probes/intphys2/intphys2_probe_mlp_jepa_v2_vitg_384_20260507T195430Z/layer_last/train/trial_0000/probe_best.pt",
        "dataset": "intphys2",
        "feature_signature": "6370d2c41854f9d5",
        "metrics": {
          "accuracy": 60.29411764705882,
          "accuracy_by_condition": {
            "continuity": 50.0,
            "immutability": 64.58333333333334,
            "permanence": 64.58333333333334,
            "solidity": 61.66666666666667
          },
          "n_samples": 204,
          "n_scenes": 51,
          "voe_accuracy": 45.09803921568628,
          "voe_by_condition": {
            "continuity": 25.0,
            "immutability": 66.66666666666666,
            "permanence": 58.333333333333336,
            "solidity": 33.33333333333333
          }
        },
        "metrics_by_split": {
          "test": {
            "accuracy": 60.29411764705882,
            "accuracy_by_condition": {
              "continuity": 50.0,
              "immutability": 64.58333333333334,
              "permanence": 64.58333333333334,
              "solidity": 61.66666666666667
            },
            "n_samples": 204,
            "n_scenes": 51,
            "voe_accuracy": 45.09803921568628,
            "voe_by_condition": {
              "continuity": 25.0,
              "immutability": 66.66666666666666,
              "permanence": 58.333333333333336,
              "solidity": 33.33333333333333
            }
          },
          "train": {
            "accuracy": 99.66887417218543,
            "accuracy_by_condition": {
              "continuity": 99.30555555555556,
              "immutability": 100.0,
              "permanence": 99.30555555555556,
              "solidity": 100.0
            },
            "n_samples": 604,
            "n_scenes": 151,
            "voe_accuracy": 100.0,
            "voe_by_condition": {
              "continuity": 100.0,
              "immutability": 100.0,
              "permanence": 100.0,
              "solidity": 100.0
            }
          },
          "val": {
            "accuracy": 63.725490196078425,
            "accuracy_by_condition": {
              "continuity": 70.83333333333334,
              "immutability": 70.83333333333334,
              "permanence": 64.58333333333334,
              "solidity": 51.66666666666667
            },
            "n_samples": 204,
            "n_scenes": 51,
            "voe_accuracy": 37.254901960784316,
            "voe_by_condition": {
              "continuity": 58.333333333333336,
              "immutability": 41.66666666666667,
              "permanence": 50.0,
              "solidity": 6.666666666666667
            }
          }
        },
        "objective_metric": 45.09803921568628,
        "prediction_file": "artifacts/probes/intphys2/intphys2_probe_mlp_jepa_v2_vitg_384_20260507T195430Z/layer_last/eval/test/probe_predictions.json",
        "prediction_files": {
          "test": "artifacts/probes/intphys2/intphys2_probe_mlp_jepa_v2_vitg_384_20260507T195430Z/layer_last/eval/test/probe_predictions.json",
          "train": "artifacts/probes/intphys2/intphys2_probe_mlp_jepa_v2_vitg_384_20260507T195430Z/layer_last/eval/train/probe_predictions.json",
          "val": "artifacts/probes/intphys2/intphys2_probe_mlp_jepa_v2_vitg_384_20260507T195430Z/layer_last/eval/val/probe_predictions.json"
        },
        "probe_eval_dir": "artifacts/probes/intphys2/intphys2_probe_mlp_jepa_v2_vitg_384_20260507T195430Z/layer_last/eval",
        "probe_name": "mlp",
        "reported_splits": [
          "train",
          "val",
          "test"
        ],
        "split_eval_dirs": {
          "test": "artifacts/probes/intphys2/intphys2_probe_mlp_jepa_v2_vitg_384_20260507T195430Z/layer_last/eval/test",
          "train": "artifacts/probes/intphys2/intphys2_probe_mlp_jepa_v2_vitg_384_20260507T195430Z/layer_last/eval/train",
          "val": "artifacts/probes/intphys2/intphys2_probe_mlp_jepa_v2_vitg_384_20260507T195430Z/layer_last/eval/val"
        },
        "split_evals": {
          "test": {
            "base_eval": {
              "metrics": {
                "accuracy": 60.29411764705882,
                "accuracy_by_condition": {
                  "continuity": 50.0,
                  "immutability": 64.58333333333334,
                  "permanence": 64.58333333333334,
                  "solidity": 61.66666666666667
                },
                "n_samples": 204,
                "n_scenes": 51,
                "voe_accuracy": 45.09803921568628,
                "voe_by_condition": {
                  "continuity": 25.0,
                  "immutability": 66.66666666666666,
                  "permanence": 58.333333333333336,
                  "solidity": 33.33333333333333
                }
              },
              "output_dir": "artifacts/probes/intphys2/intphys2_probe_mlp_jepa_v2_vitg_384_20260507T195430Z/layer_last/eval/test",
              "split_dir": "data/splits/intphys2"
            },
            "checkpoint": "artifacts/probes/intphys2/intphys2_probe_mlp_jepa_v2_vitg_384_20260507T195430Z/layer_last/train/trial_0000/probe_best.pt",
            "dataset": "intphys2",
            "feature_signature": "6370d2c41854f9d5",
            "metrics": {
              "accuracy": 60.29411764705882,
              "accuracy_by_condition": {
                "continuity": 50.0,
                "immutability": 64.58333333333334,
                "permanence": 64.58333333333334,
                "solidity": 61.66666666666667
              },
              "n_samples": 204,
              "n_scenes": 51,
              "voe_accuracy": 45.09803921568628,
              "voe_by_condition": {
                "continuity": 25.0,
                "immutability": 66.66666666666666,
                "permanence": 58.333333333333336,
                "solidity": 33.33333333333333
              }
            },
            "objective_metric": 45.09803921568628,
            "prediction_file": "artifacts/probes/intphys2/intphys2_probe_mlp_jepa_v2_vitg_384_20260507T195430Z/layer_last/eval/test/probe_predictions.json",
            "probe_eval_dir": "artifacts/probes/intphys2/intphys2_probe_mlp_jepa_v2_vitg_384_20260507T195430Z/layer_last/eval/test",
            "probe_name": "mlp",
            "split_name": "test"
          },
          "train": {
            "base_eval": {
              "metrics": {
                "accuracy": 99.66887417218543,
                "accuracy_by_condition": {
                  "continuity": 99.30555555555556,
                  "immutability": 100.0,
                  "permanence": 99.30555555555556,
                  "solidity": 100.0
                },
                "n_samples": 604,
                "n_scenes": 151,
                "voe_accuracy": 100.0,
                "voe_by_condition": {
                  "continuity": 100.0,
                  "immutability": 100.0,
                  "permanence": 100.0,
                  "solidity": 100.0
                }
              },
              "output_dir": "artifacts/probes/intphys2/intphys2_probe_mlp_jepa_v2_vitg_384_20260507T195430Z/layer_last/eval/train",
              "split_dir": "data/splits/intphys2"
            },
            "checkpoint": "artifacts/probes/intphys2/intphys2_probe_mlp_jepa_v2_vitg_384_20260507T195430Z/layer_last/train/trial_0000/probe_best.pt",
            "dataset": "intphys2",
            "feature_signature": "6370d2c41854f9d5",
            "metrics": {
              "accuracy": 99.66887417218543,
              "accuracy_by_condition": {
                "continuity": 99.30555555555556,
                "immutability": 100.0,
                "permanence": 99.30555555555556,
                "solidity": 100.0
              },
              "n_samples": 604,
              "n_scenes": 151,
              "voe_accuracy": 100.0,
              "voe_by_condition": {
                "continuity": 100.0,
                "immutability": 100.0,
                "permanence": 100.0,
                "solidity": 100.0
              }
            },
            "objective_metric": 100.0,
            "prediction_file": "artifacts/probes/intphys2/intphys2_probe_mlp_jepa_v2_vitg_384_20260507T195430Z/layer_last/eval/train/probe_predictions.json",
            "probe_eval_dir": "artifacts/probes/intphys2/intphys2_probe_mlp_jepa_v2_vitg_384_20260507T195430Z/layer_last/eval/train",
            "probe_name": "mlp",
            "split_name": "train"
          },
          "val": {
            "base_eval": {
              "metrics": {
                "accuracy": 63.725490196078425,
                "accuracy_by_condition": {
                  "continuity": 70.83333333333334,
                  "immutability": 70.83333333333334,
                  "permanence": 64.58333333333334,
                  "solidity": 51.66666666666667
                },
                "n_samples": 204,
                "n_scenes": 51,
                "voe_accuracy": 37.254901960784316,
                "voe_by_condition": {
                  "continuity": 58.333333333333336,
                  "immutability": 41.66666666666667,
                  "permanence": 50.0,
                  "solidity": 6.666666666666667
                }
              },
              "output_dir": "artifacts/probes/intphys2/intphys2_probe_mlp_jepa_v2_vitg_384_20260507T195430Z/layer_last/eval/val",
              "split_dir": "data/splits/intphys2"
            },
            "checkpoint": "artifacts/probes/intphys2/intphys2_probe_mlp_jepa_v2_vitg_384_20260507T195430Z/layer_last/train/trial_0000/probe_best.pt",
            "dataset": "intphys2",
            "feature_signature": "6370d2c41854f9d5",
            "metrics": {
              "accuracy": 63.725490196078425,
              "accuracy_by_condition": {
                "continuity": 70.83333333333334,
                "immutability": 70.83333333333334,
                "permanence": 64.58333333333334,
                "solidity": 51.66666666666667
              },
              "n_samples": 204,
              "n_scenes": 51,
              "voe_accuracy": 37.254901960784316,
              "voe_by_condition": {
                "continuity": 58.333333333333336,
                "immutability": 41.66666666666667,
                "permanence": 50.0,
                "solidity": 6.666666666666667
              }
            },
            "objective_metric": 37.254901960784316,
            "prediction_file": "artifacts/probes/intphys2/intphys2_probe_mlp_jepa_v2_vitg_384_20260507T195430Z/layer_last/eval/val/probe_predictions.json",
            "probe_eval_dir": "artifacts/probes/intphys2/intphys2_probe_mlp_jepa_v2_vitg_384_20260507T195430Z/layer_last/eval/val",
            "probe_name": "mlp",
            "split_name": "val"
          }
        },
        "split_name": "test"
      },
      "layer": "last",
      "layer_label": "last",
      "objective_metric": 45.09803921568628,
      "train": {
        "best_checkpoint": "artifacts/probes/intphys2/intphys2_probe_mlp_jepa_v2_vitg_384_20260507T195430Z/layer_last/train/trial_0000/probe_best.pt",
        "best_eval_output_dir": "artifacts/probes/intphys2/intphys2_probe_mlp_jepa_v2_vitg_384_20260507T195430Z/layer_last/train/trial_0000/val_eval",
        "best_output_dir": "artifacts/probes/intphys2/intphys2_probe_mlp_jepa_v2_vitg_384_20260507T195430Z/layer_last/train/trial_0000",
        "best_params": {
          "batch_size": 32,
          "dropout": 0.21597250932105788,
          "epochs": 2000,
          "hidden_dims": "256",
          "lr": 0.0001329291894316216,
          "weight_decay": 0.005061576888752304
        },
        "best_trial_number": 0,
        "best_value": 37.254901960784316,
        "checkpoint": "artifacts/probes/intphys2/intphys2_probe_mlp_jepa_v2_vitg_384_20260507T195430Z/layer_last/train/trial_0000/probe_best.pt",
        "dataset": "intphys2",
        "direction": "maximize",
        "layer": "last",
        "n_trials": 20,
        "objective_metric": "voe_accuracy",
        "output_dir": "artifacts/probes/intphys2/intphys2_probe_mlp_jepa_v2_vitg_384_20260507T195430Z/layer_last/train",
        "probe_name": "mlp",
        "storage": "sqlite:////gpfs/home3/scur0511/Probe4Physics/artifacts/probes/intphys2/intphys2_probe_mlp_jepa_v2_vitg_384_20260507T195430Z/layer_last/train/optuna_study.sqlite3",
        "study_name": "intphys2_mlp_jepa_v2_vitg_384_layer_last",
        "trials": [
          {
            "checkpoint": "artifacts/probes/intphys2/intphys2_probe_mlp_jepa_v2_vitg_384_20260507T195430Z/layer_last/train/trial_0000/probe_best.pt",
            "eval_output_dir": "artifacts/probes/intphys2/intphys2_probe_mlp_jepa_v2_vitg_384_20260507T195430Z/layer_last/train/trial_0000/val_eval",
            "output_dir": "artifacts/probes/intphys2/intphys2_probe_mlp_jepa_v2_vitg_384_20260507T195430Z/layer_last/train/trial_0000",
            "params": {
              "batch_size": 32,
              "dropout": 0.21597250932105788,
              "epochs": 2000,
              "hidden_dims": "256",
              "lr": 0.0001329291894316216,
              "weight_decay": 0.005061576888752304
            },
            "trial_number": 0,
            "value": 37.254901960784316
          },
          {
            "checkpoint": "artifacts/probes/intphys2/intphys2_probe_mlp_jepa_v2_vitg_384_20260507T195430Z/layer_last/train/trial_0001/probe_best.pt",
            "eval_output_dir": "artifacts/probes/intphys2/intphys2_probe_mlp_jepa_v2_vitg_384_20260507T195430Z/layer_last/train/trial_0001/val_eval",
            "output_dir": "artifacts/probes/intphys2/intphys2_probe_mlp_jepa_v2_vitg_384_20260507T195430Z/layer_last/train/trial_0001",
            "params": {
              "batch_size": 256,
              "dropout": 0.048836057003191935,
              "epochs": 20,
              "hidden_dims": "512x256",
              "lr": 7.476312062252303e-05,
              "weight_decay": 4.689400963537693e-05
            },
            "trial_number": 1,
            "value": 21.568627450980394
          },
          {
            "checkpoint": "artifacts/probes/intphys2/intphys2_probe_mlp_jepa_v2_vitg_384_20260507T195430Z/layer_last/train/trial_0002/probe_best.pt",
            "eval_output_dir": "artifacts/probes/intphys2/intphys2_probe_mlp_jepa_v2_vitg_384_20260507T195430Z/layer_last/train/trial_0002/val_eval",
            "output_dir": "artifacts/probes/intphys2/intphys2_probe_mlp_jepa_v2_vitg_384_20260507T195430Z/layer_last/train/trial_0002",
            "params": {
              "batch_size": 256,
              "dropout": 0.04424625102595975,
              "epochs": 50,
              "hidden_dims": "256",
              "lr": 0.0011290133559092666,
              "weight_decay": 4.374364439939069e-06
            },
            "trial_number": 2,
            "value": 23.52941176470588
          },
          {
            "checkpoint": "artifacts/probes/intphys2/intphys2_probe_mlp_jepa_v2_vitg_384_20260507T195430Z/layer_last/train/trial_0006/probe_best.pt",
            "eval_output_dir": "artifacts/probes/intphys2/intphys2_probe_mlp_jepa_v2_vitg_384_20260507T195430Z/layer_last/train/trial_0006/val_eval",
            "output_dir": "artifacts/probes/intphys2/intphys2_probe_mlp_jepa_v2_vitg_384_20260507T195430Z/layer_last/train/trial_0006",
            "params": {
              "batch_size": 128,
              "dropout": 0.0599326836668414,
              "epochs": 50,
              "hidden_dims": "512",
              "lr": 0.000794714742465374,
              "weight_decay": 0.0016934155410667966
            },
            "trial_number": 6,
            "value": 29.411764705882355
          },
          {
            "checkpoint": "artifacts/probes/intphys2/intphys2_probe_mlp_jepa_v2_vitg_384_20260507T195430Z/layer_last/train/trial_0007/probe_best.pt",
            "eval_output_dir": "artifacts/probes/intphys2/intphys2_probe_mlp_jepa_v2_vitg_384_20260507T195430Z/layer_last/train/trial_0007/val_eval",
            "output_dir": "artifacts/probes/intphys2/intphys2_probe_mlp_jepa_v2_vitg_384_20260507T195430Z/layer_last/train/trial_0007",
            "params": {
              "batch_size": 128,
              "dropout": 0.11978094533348621,
              "epochs": 20,
              "hidden_dims": "1024x512x1024",
              "lr": 0.00010300196600986775,
              "weight_decay": 0.0045442082254883295
            },
            "trial_number": 7,
            "value": 21.568627450980394
          },
          {
            "checkpoint": "artifacts/probes/intphys2/intphys2_probe_mlp_jepa_v2_vitg_384_20260507T195430Z/layer_last/train/trial_0008/probe_best.pt",
            "eval_output_dir": "artifacts/probes/intphys2/intphys2_probe_mlp_jepa_v2_vitg_384_20260507T195430Z/layer_last/train/trial_0008/val_eval",
            "output_dir": "artifacts/probes/intphys2/intphys2_probe_mlp_jepa_v2_vitg_384_20260507T195430Z/layer_last/train/trial_0008",
            "params": {
              "batch_size": 32,
              "dropout": 0.3387821809211412,
              "epochs": 50,
              "hidden_dims": "512",
              "lr": 2.7207248059486674e-05,
              "weight_decay": 8.64403589520682e-06
            },
            "trial_number": 8,
            "value": 23.52941176470588
          },
          {
            "checkpoint": "artifacts/probes/intphys2/intphys2_probe_mlp_jepa_v2_vitg_384_20260507T195430Z/layer_last/train/trial_0009/probe_best.pt",
            "eval_output_dir": "artifacts/probes/intphys2/intphys2_probe_mlp_jepa_v2_vitg_384_20260507T195430Z/layer_last/train/trial_0009/val_eval",
            "output_dir": "artifacts/probes/intphys2/intphys2_probe_mlp_jepa_v2_vitg_384_20260507T195430Z/layer_last/train/trial_0009",
            "params": {
              "batch_size": 256,
              "dropout": 0.12092614545022584,
              "epochs": 50,
              "hidden_dims": "256",
              "lr": 1.1214075785991125e-05,
              "weight_decay": 1.1818390883060214e-05
            },
            "trial_number": 9,
            "value": 7.8431372549019605
          },
          {
            "checkpoint": "artifacts/probes/intphys2/intphys2_probe_mlp_jepa_v2_vitg_384_20260507T195430Z/layer_last/train/trial_0011/probe_best.pt",
            "eval_output_dir": "artifacts/probes/intphys2/intphys2_probe_mlp_jepa_v2_vitg_384_20260507T195430Z/layer_last/train/trial_0011/val_eval",
            "output_dir": "artifacts/probes/intphys2/intphys2_probe_mlp_jepa_v2_vitg_384_20260507T195430Z/layer_last/train/trial_0011",
            "params": {
              "batch_size": 32,
              "dropout": 0.23036595192387704,
              "epochs": 100,
              "hidden_dims": "1024",
              "lr": 0.000381663861962904,
              "weight_decay": 0.00821160806524291
            },
            "trial_number": 11,
            "value": 29.411764705882355
          },
          {
            "checkpoint": "artifacts/probes/intphys2/intphys2_probe_mlp_jepa_v2_vitg_384_20260507T195430Z/layer_last/train/trial_0014/probe_best.pt",
            "eval_output_dir": "artifacts/probes/intphys2/intphys2_probe_mlp_jepa_v2_vitg_384_20260507T195430Z/layer_last/train/trial_0014/val_eval",
            "output_dir": "artifacts/probes/intphys2/intphys2_probe_mlp_jepa_v2_vitg_384_20260507T195430Z/layer_last/train/trial_0014",
            "params": {
              "batch_size": 32,
              "dropout": 0.47863040752173247,
              "epochs": 100,
              "hidden_dims": "1024x512x256",
              "lr": 0.00011038251665362917,
              "weight_decay": 0.00015990581904818112
            },
            "trial_number": 14,
            "value": 29.411764705882355
          },
          {
            "checkpoint": "artifacts/probes/intphys2/intphys2_probe_mlp_jepa_v2_vitg_384_20260507T195430Z/layer_last/train/trial_0016/probe_best.pt",
            "eval_output_dir": "artifacts/probes/intphys2/intphys2_probe_mlp_jepa_v2_vitg_384_20260507T195430Z/layer_last/train/trial_0016/val_eval",
            "output_dir": "artifacts/probes/intphys2/intphys2_probe_mlp_jepa_v2_vitg_384_20260507T195430Z/layer_last/train/trial_0016",
            "params": {
              "batch_size": 128,
              "dropout": 0.016755558826512106,
              "epochs": 50,
              "hidden_dims": "512x256",
              "lr": 0.0006565628534662934,
              "weight_decay": 0.0014835106272763968
            },
            "trial_number": 16,
            "value": 19.607843137254903
          },
          {
            "checkpoint": "artifacts/probes/intphys2/intphys2_probe_mlp_jepa_v2_vitg_384_20260507T195430Z/layer_last/train/trial_0019/probe_best.pt",
            "eval_output_dir": "artifacts/probes/intphys2/intphys2_probe_mlp_jepa_v2_vitg_384_20260507T195430Z/layer_last/train/trial_0019/val_eval",
            "output_dir": "artifacts/probes/intphys2/intphys2_probe_mlp_jepa_v2_vitg_384_20260507T195430Z/layer_last/train/trial_0019",
            "params": {
              "batch_size": 128,
              "dropout": 0.2884745869448389,
              "epochs": 50,
              "hidden_dims": "512",
              "lr": 0.0027623800704545468,
              "weight_decay": 6.867691807016495e-05
            },
            "trial_number": 19,
            "value": 27.450980392156865
          }
        ]
      }
    }
  ],
  "model_selection_split": "val",
  "objective_metric_name": "voe_accuracy",
  "probe_name": "mlp",
  "reported_splits": [
    "train",
    "val",
    "test"
  ],
  "requested_layers": [
    "last"
  ],
  "split_name": "test",
  "sweep_dir": "artifacts/probes/intphys2/intphys2_probe_mlp_jepa_v2_vitg_384_20260507T195430Z",
  "train_split": "train"
}
JOB_END_UTC=2026-05-07T20:01:11Z
JOB_ELAPSED_SECONDS=406
