============================================================================================== 
Warning! Mixing Conda and module environments may lead to corruption of the
user environment. 
We do not recommend users mixing those two environments unless absolutely
necessary. Note that 
SURF does not provide any support for Conda environment.
For more information, please refer to our software policy page:
https://servicedesk.surf.nl/wiki/display/WIKI/Software+policy+Snellius#SoftwarepolicySnellius-UseofAnacondaandMinicondaenvironmentsonSnellius 

Remember that many packages have already been installed on the system and can
be loaded using 
the 'module load <package__name>' command. If you are uncertain if a package is
already available 
on the system, please use 'module avail' or 'module spider' to search for it.
============================================================================================== 
[I 2026-05-07 21:54:31,667] A new study created in RDB with name: intphys2_mlp_jepa_v2_vitg_384_layer_last
wandb: [wandb.login()] Loaded credentials for https://api.wandb.ai from /home/scur0511/.netrc.
wandb: Currently logged in as: caselli-niccolo-developer (caselli-niccolo-developer-university-of-amsterdam) to https://api.wandb.ai. Use `wandb login --relogin` to force relogin
wandb: Tracking run with wandb version 0.26.1
wandb: Run data is saved locally in /gpfs/home3/scur0511/Probe4Physics/wandb/run-20260507_215438-kiongwnc
wandb: Run `wandb offline` to turn off syncing.
wandb: Syncing run intphys2_mlp_jepa_v2_vitg_384_layer_last/trial_0000
wandb: ⭐️ View project at https://wandb.ai/caselli-niccolo-developer-university-of-amsterdam/probe4physics
wandb: 🚀 View run at https://wandb.ai/caselli-niccolo-developer-university-of-amsterdam/probe4physics/runs/kiongwnc
[eval.intphys2] Starting eval | split_name=val split_dir=data/splits/intphys2 predictor_mode=from_file metadata_file=data/annotations/intphys2_metadata.csv
[eval.intphys2] Loaded split assignments | split_scenes=51 split_samples=204
[eval.intphys2] Generated predictions | n_predictions=204
[eval.intphys2] Scoring complete | accuracy=63.7255 voe_accuracy=37.2549 n_scenes=51 n_samples=204
[eval.intphys2] Artifacts written | output_dir=artifacts/probes/intphys2/intphys2_probe_mlp_jepa_v2_vitg_384_20260507T195430Z/layer_last/train/trial_0000/val_eval
wandb: updating run metadata
wandb: uploading output.log; uploading wandb-summary.json; uploading config.yaml
wandb: 
wandb: Run history:
wandb:          epoch ▁▁▁▂▂▂▂▂▂▂▂▃▃▃▃▄▄▄▄▅▅▅▅▅▅▆▆▆▆▆▆▇▇▇▇▇████
wandb: train_accuracy ▁▁▂▁▂▄▆▆▆▆▇▇▇▇▇▇█▇███▇██████████████████
wandb:     train_loss █▆▅▅▄▄▃▂▂▂▂▂▂▃▂▂▃▂▂▁▂▁▁▂▁▁▂▁▁▁▁▂▂▂▁▁▂▁▁▁
wandb:   val_accuracy ▁▂▂▃▃▂▁▃▃▅▅▅▃▆▆▆▄▆▄▆▆▅▆▆▅█▆▇▅▇▇▆▇▆▆▆▇▅▆▆
wandb:       val_loss ▁▁▁▁▁▂▂▃▃▃▄▃▄▅▆▅▆▄▅▅▆▅▆▅▆▆▅▆▇▆▇▆▇▇▇▆█▇▇▆
wandb: 
wandb: Run summary:
wandb:           best_epoch 1389
wandb:    best_val_accuracy 63.72549
wandb:        best_val_loss 3.24849
wandb: checkpoint_best_path artifacts/probes/int...
wandb: checkpoint_last_path artifacts/probes/int...
wandb:      checkpoint_path artifacts/probes/int...
wandb:              dataset intphys2
wandb:      elapsed_seconds 163.37487
wandb:                epoch 2000
wandb:    feature_signature 6370d2c41854f9d5
wandb:                  +22 ...
wandb: 
wandb: 🚀 View run intphys2_mlp_jepa_v2_vitg_384_layer_last/trial_0000 at: https://wandb.ai/caselli-niccolo-developer-university-of-amsterdam/probe4physics/runs/kiongwnc
wandb: ⭐️ View project at: https://wandb.ai/caselli-niccolo-developer-university-of-amsterdam/probe4physics
wandb: Synced 5 W&B file(s), 0 media file(s), 0 artifact file(s) and 0 other file(s)
wandb: Find logs at: ./wandb/run-20260507_215438-kiongwnc/logs
[I 2026-05-07 21:57:16,468] Trial 0 finished with value: 37.254901960784316 and parameters: {'lr': 0.0001329291894316216, 'weight_decay': 0.005061576888752304, 'batch_size': 32, 'epochs': 2000, 'hidden_dims': '256', 'dropout': 0.21597250932105788}. Best is trial 0 with value: 37.254901960784316.
wandb: setting up run 3cjsgdpn
wandb: Tracking run with wandb version 0.26.1
wandb: Run data is saved locally in /gpfs/home3/scur0511/Probe4Physics/wandb/run-20260507_215716-3cjsgdpn
wandb: Run `wandb offline` to turn off syncing.
wandb: Syncing run intphys2_mlp_jepa_v2_vitg_384_layer_last/trial_0001
wandb: ⭐️ View project at https://wandb.ai/caselli-niccolo-developer-university-of-amsterdam/probe4physics
wandb: 🚀 View run at https://wandb.ai/caselli-niccolo-developer-university-of-amsterdam/probe4physics/runs/3cjsgdpn
[eval.intphys2] Starting eval | split_name=val split_dir=data/splits/intphys2 predictor_mode=from_file metadata_file=data/annotations/intphys2_metadata.csv
[eval.intphys2] Loaded split assignments | split_scenes=51 split_samples=204
[eval.intphys2] Generated predictions | n_predictions=204
[eval.intphys2] Scoring complete | accuracy=53.4314 voe_accuracy=21.5686 n_scenes=51 n_samples=204
[eval.intphys2] Artifacts written | output_dir=artifacts/probes/intphys2/intphys2_probe_mlp_jepa_v2_vitg_384_20260507T195430Z/layer_last/train/trial_0001/val_eval
wandb: updating run metadata
wandb: uploading wandb-metadata.json; uploading requirements.txt; uploading output.log; uploading wandb-summary.json; uploading config.yaml
wandb: uploading history steps 0-19, summary, console lines 0-4
wandb: 
wandb: Run history:
wandb:          epoch ▁▁▂▂▂▃▃▄▄▄▅▅▅▆▆▇▇▇██
wandb: train_accuracy ▂▄▄▅▅▂▆▃▁▆▃█▄▄▇▆▇▇▇▇
wandb:     train_loss █▆▅▄▄▂▃▄▄▂▄▂▃▄▁▃▂▂▂▂
wandb:   val_accuracy ▂▂▂▄▂▅█▂▂▂▃▂▂▃▂▁▅▄▆▅
wandb:       val_loss █▃▃▂▃▂▂▁▂▁▁▁▂▁▁▁▁▁▁▁
wandb: 
wandb: Run summary:
wandb:           best_epoch 7
wandb:    best_val_accuracy 53.43137
wandb:        best_val_loss 0.69405
wandb: checkpoint_best_path artifacts/probes/int...
wandb: checkpoint_last_path artifacts/probes/int...
wandb:      checkpoint_path artifacts/probes/int...
wandb:              dataset intphys2
wandb:      elapsed_seconds 1.74464
wandb:                epoch 20
wandb:    feature_signature 6370d2c41854f9d5
wandb:                  +22 ...
wandb: 
wandb: 🚀 View run intphys2_mlp_jepa_v2_vitg_384_layer_last/trial_0001 at: https://wandb.ai/caselli-niccolo-developer-university-of-amsterdam/probe4physics/runs/3cjsgdpn
wandb: ⭐️ View project at: https://wandb.ai/caselli-niccolo-developer-university-of-amsterdam/probe4physics
wandb: Synced 5 W&B file(s), 0 media file(s), 0 artifact file(s) and 0 other file(s)
wandb: Find logs at: ./wandb/run-20260507_215716-3cjsgdpn/logs
[I 2026-05-07 21:57:19,582] Trial 1 finished with value: 21.568627450980394 and parameters: {'lr': 7.476312062252303e-05, 'weight_decay': 4.689400963537693e-05, 'batch_size': 256, 'epochs': 20, 'hidden_dims': '512x256', 'dropout': 0.048836057003191935}. Best is trial 0 with value: 37.254901960784316.
wandb: setting up run v25vgpw2
wandb: Tracking run with wandb version 0.26.1
wandb: Run data is saved locally in /gpfs/home3/scur0511/Probe4Physics/wandb/run-20260507_215719-v25vgpw2
wandb: Run `wandb offline` to turn off syncing.
wandb: Syncing run intphys2_mlp_jepa_v2_vitg_384_layer_last/trial_0002
wandb: ⭐️ View project at https://wandb.ai/caselli-niccolo-developer-university-of-amsterdam/probe4physics
wandb: 🚀 View run at https://wandb.ai/caselli-niccolo-developer-university-of-amsterdam/probe4physics/runs/v25vgpw2
[eval.intphys2] Starting eval | split_name=val split_dir=data/splits/intphys2 predictor_mode=from_file metadata_file=data/annotations/intphys2_metadata.csv
[eval.intphys2] Loaded split assignments | split_scenes=51 split_samples=204
[eval.intphys2] Generated predictions | n_predictions=204
[eval.intphys2] Scoring complete | accuracy=53.4314 voe_accuracy=23.5294 n_scenes=51 n_samples=204
[eval.intphys2] Artifacts written | output_dir=artifacts/probes/intphys2/intphys2_probe_mlp_jepa_v2_vitg_384_20260507T195430Z/layer_last/train/trial_0002/val_eval
wandb: updating run metadata
wandb: uploading requirements.txt; uploading output.log; uploading wandb-summary.json; uploading config.yaml; uploading wandb-metadata.json
wandb: 
wandb: Run history:
wandb:          epoch ▁▁▁▂▂▂▂▂▂▃▃▃▃▃▃▄▄▄▄▄▅▅▅▅▅▅▆▆▆▆▆▇▇▇▇▇▇███
wandb: train_accuracy ▁▃▃▃▃▄▄▃▃▅▃▄▅▄▆▅▃▇▆▄█▆▆▄▃▅▇█▅▃▅▆▃▇▅▃▅▅▇▆
wandb:     train_loss █▂▂▁▁▁▁▁▁▁▁▁▁▁▁▁▁▁▁▁▁▁▁▁▁▁▁▁▁▁▁▁▁▁▁▁▁▁▁▁
wandb:   val_accuracy ▂▂▂▂▂▃▂▂▂▂▂▂▃▅▃▂▃▇▃▅▄▄▃▂▁▄▁▅▂▂█▃▃▂▅▂▅▅▅▄
wandb:       val_loss ▁█▂▂▃▁▁▁▁▁▁▁▁▁▁▁▁▁▁▁▁▁▁▁▁▁▁▁▁▁▁▁▁▁▁▁▁▁▁▁
wandb: 
wandb: Run summary:
wandb:           best_epoch 38
wandb:    best_val_accuracy 53.43137
wandb:        best_val_loss 0.69227
wandb: checkpoint_best_path artifacts/probes/int...
wandb: checkpoint_last_path artifacts/probes/int...
wandb:      checkpoint_path artifacts/probes/int...
wandb:              dataset intphys2
wandb:      elapsed_seconds 2.24949
wandb:                epoch 50
wandb:    feature_signature 6370d2c41854f9d5
wandb:                  +22 ...
wandb: 
wandb: 🚀 View run intphys2_mlp_jepa_v2_vitg_384_layer_last/trial_0002 at: https://wandb.ai/caselli-niccolo-developer-university-of-amsterdam/probe4physics/runs/v25vgpw2
wandb: ⭐️ View project at: https://wandb.ai/caselli-niccolo-developer-university-of-amsterdam/probe4physics
wandb: Synced 5 W&B file(s), 0 media file(s), 0 artifact file(s) and 0 other file(s)
wandb: Find logs at: ./wandb/run-20260507_215719-v25vgpw2/logs
[I 2026-05-07 21:57:22,861] Trial 2 finished with value: 23.52941176470588 and parameters: {'lr': 0.0011290133559092666, 'weight_decay': 4.374364439939069e-06, 'batch_size': 256, 'epochs': 50, 'hidden_dims': '256', 'dropout': 0.04424625102595975}. Best is trial 0 with value: 37.254901960784316.
wandb: setting up run ajxtlc1i
wandb: Tracking run with wandb version 0.26.1
wandb: Run data is saved locally in /gpfs/home3/scur0511/Probe4Physics/wandb/run-20260507_215723-ajxtlc1i
wandb: Run `wandb offline` to turn off syncing.
wandb: Syncing run intphys2_mlp_jepa_v2_vitg_384_layer_last/trial_0003
wandb: ⭐️ View project at https://wandb.ai/caselli-niccolo-developer-university-of-amsterdam/probe4physics
wandb: 🚀 View run at https://wandb.ai/caselli-niccolo-developer-university-of-amsterdam/probe4physics/runs/ajxtlc1i
wandb: updating run metadata
wandb: uploading wandb-metadata.json; uploading requirements.txt; uploading wandb-summary.json; uploading config.yaml
wandb: 
wandb: Run history:
wandb:          epoch ▁▁▂▂▂▂▂▂▃▃▃▃▄▄▄▅▅▅▅▅▅▆▆▆▆▆▆▆▇▇▇▇▇▇▇█████
wandb: train_accuracy ▄▄▁▅▄▃▅▄▃▄▄▅▆▆▄▄▅▄▇▅▅▄█▅▄▆▅▆▅▆▆▆▄▅▆▇▄▆▆▇
wandb:     train_loss ▇▆█▆▆▆▅▂█▃▃▃▄▅▄▃▂▄▄▄▃▄▄▅▄▃▃▂▃▃▃▂▂▃▃▄▃▁▂▁
wandb:   val_accuracy ▃▃▁▂▁▄▁▃▃▂▁▄▄▃▄▄▄▅▅▅▃▅█▇▇▂▅▅▅▅▄▃▇▅▅▇▅▅▅▄
wandb:       val_loss █▇▆▅▅▅▄▃▃▃▂▂▃▂▂▂▂▂▂▂▂▂▂▂▂▂▂▁▁▁▁▂▁▁▁▁▁▁▁▁
wandb: 
wandb: Run summary:
wandb:          epoch 135
wandb: train_accuracy 56.95364
wandb:     train_loss 0.6851
wandb:   val_accuracy 50.4902
wandb:       val_loss 0.69168
wandb: 
wandb: 🚀 View run intphys2_mlp_jepa_v2_vitg_384_layer_last/trial_0003 at: https://wandb.ai/caselli-niccolo-developer-university-of-amsterdam/probe4physics/runs/ajxtlc1i
wandb: ⭐️ View project at: https://wandb.ai/caselli-niccolo-developer-university-of-amsterdam/probe4physics
wandb: Synced 4 W&B file(s), 0 media file(s), 0 artifact file(s) and 0 other file(s)
wandb: Find logs at: ./wandb/run-20260507_215723-ajxtlc1i/logs
[I 2026-05-07 21:57:28,134] Trial 3 pruned. Pruned at epoch 135 with val_accuracy=50.4902
wandb: setting up run mastyhax
wandb: Tracking run with wandb version 0.26.1
wandb: Run data is saved locally in /gpfs/home3/scur0511/Probe4Physics/wandb/run-20260507_215728-mastyhax
wandb: Run `wandb offline` to turn off syncing.
wandb: Syncing run intphys2_mlp_jepa_v2_vitg_384_layer_last/trial_0004
wandb: ⭐️ View project at https://wandb.ai/caselli-niccolo-developer-university-of-amsterdam/probe4physics
wandb: 🚀 View run at https://wandb.ai/caselli-niccolo-developer-university-of-amsterdam/probe4physics/runs/mastyhax
wandb: updating run metadata
wandb: uploading wandb-summary.json; uploading config.yaml; uploading wandb-metadata.json; uploading requirements.txt
wandb: uploading requirements.txt
wandb: 
wandb: Run history:
wandb:          epoch ▁▁▁▁▂▂▂▂▂▂▃▃▃▃▃▃▃▃▃▄▄▄▄▅▅▅▅▅▆▆▇▇▇▇▇▇▇███
wandb: train_accuracy ▃▄▂▂▅▆▃▄▄▁▄▅▅▆▅▅▇▄▅▄▆▄▄▅▄▄▄▅▄▆▄█▇▇▅▄▇▆▆█
wandb:     train_loss █▂▂▂▂▂▂▂▂▂▂▂▂▂▂▂▂▂▂▂▂▁▂▁▂▂▂▂▂▁▂▁▂▂▁▁▂▁▁▁
wandb:   val_accuracy ▁▁▁▁▁▁▃▁▂▁▁▁▁▂▄▁▄▂▆▃▃▄▄▂▅▂▅▂▆▂▄▇▇▂▅██▂▇▅
wandb:       val_loss █▅▄▅▄▄▄▄▆▅▃▄▃▃▃▃▃▃▃▃▅▃▃▅▃▂▂▄▂▃▂▁▇▁▁▂▄▂▁▁
wandb: 
wandb: Run summary:
wandb:          epoch 135
wandb: train_accuracy 56.95364
wandb:     train_loss 0.68009
wandb:   val_accuracy 54.90196
wandb:       val_loss 0.69002
wandb: 
wandb: 🚀 View run intphys2_mlp_jepa_v2_vitg_384_layer_last/trial_0004 at: https://wandb.ai/caselli-niccolo-developer-university-of-amsterdam/probe4physics/runs/mastyhax
wandb: ⭐️ View project at: https://wandb.ai/caselli-niccolo-developer-university-of-amsterdam/probe4physics
wandb: Synced 4 W&B file(s), 0 media file(s), 0 artifact file(s) and 0 other file(s)
wandb: Find logs at: ./wandb/run-20260507_215728-mastyhax/logs
[I 2026-05-07 21:57:34,585] Trial 4 pruned. Pruned at epoch 135 with val_accuracy=54.9020
wandb: setting up run 884lqv9l
wandb: Tracking run with wandb version 0.26.1
wandb: Run data is saved locally in /gpfs/home3/scur0511/Probe4Physics/wandb/run-20260507_215734-884lqv9l
wandb: Run `wandb offline` to turn off syncing.
wandb: Syncing run intphys2_mlp_jepa_v2_vitg_384_layer_last/trial_0005
wandb: ⭐️ View project at https://wandb.ai/caselli-niccolo-developer-university-of-amsterdam/probe4physics
wandb: 🚀 View run at https://wandb.ai/caselli-niccolo-developer-university-of-amsterdam/probe4physics/runs/884lqv9l
wandb: updating run metadata
wandb: uploading wandb-summary.json; uploading config.yaml
wandb: 
wandb: Run history:
wandb:          epoch ▁▁▁▁▂▂▂▂▂▂▃▃▃▃▃▃▃▃▃▄▅▅▅▅▅▅▆▆▆▆▆▆▇▇▇▇▇▇██
wandb: train_accuracy ▆▇▄▄▅▄▄▃▅▃▃▅▃▃▇▇▅▆▃▅▇▅▆▆▂▁▄▄▅▄▂▅▅█▄▆▅▆▆▆
wandb:     train_loss ██▃▂▂▂▂▂▂▂▂▂▂▂▂▁▂▁▂▂▁▂▁▂▁▂▁▁▁▁▁▁▁▁▂▂▁▁▂▁
wandb:   val_accuracy ▁▁▁▁▁▁▁▁▁▁▁▁▆▁▁▁▁▁▁▁▁▁▁█▁▁▁▁█▁▃▁▁▁▁▁▁▃▁▁
wandb:       val_loss █▆▃▄▁▅▁▂▁▃▁▁▁▁▄▂▁▂▂▂▁▁▁▁▂▁▁▁▁▁▁▁▁▁▁▁▁▁▁▁
wandb: 
wandb: Run summary:
wandb:          epoch 100
wandb: train_accuracy 51.3245
wandb:     train_loss 0.69401
wandb:   val_accuracy 50
wandb:       val_loss 0.69312
wandb: 
wandb: 🚀 View run intphys2_mlp_jepa_v2_vitg_384_layer_last/trial_0005 at: https://wandb.ai/caselli-niccolo-developer-university-of-amsterdam/probe4physics/runs/884lqv9l
wandb: ⭐️ View project at: https://wandb.ai/caselli-niccolo-developer-university-of-amsterdam/probe4physics
wandb: Synced 4 W&B file(s), 0 media file(s), 0 artifact file(s) and 0 other file(s)
wandb: Find logs at: ./wandb/run-20260507_215734-884lqv9l/logs
[I 2026-05-07 21:57:52,860] Trial 5 pruned. Pruned at epoch 100 with val_accuracy=50.0000
wandb: setting up run i30ckp0h
wandb: Tracking run with wandb version 0.26.1
wandb: Run data is saved locally in /gpfs/home3/scur0511/Probe4Physics/wandb/run-20260507_215753-i30ckp0h
wandb: Run `wandb offline` to turn off syncing.
wandb: Syncing run intphys2_mlp_jepa_v2_vitg_384_layer_last/trial_0006
wandb: ⭐️ View project at https://wandb.ai/caselli-niccolo-developer-university-of-amsterdam/probe4physics
wandb: 🚀 View run at https://wandb.ai/caselli-niccolo-developer-university-of-amsterdam/probe4physics/runs/i30ckp0h
[eval.intphys2] Starting eval | split_name=val split_dir=data/splits/intphys2 predictor_mode=from_file metadata_file=data/annotations/intphys2_metadata.csv
[eval.intphys2] Loaded split assignments | split_scenes=51 split_samples=204
[eval.intphys2] Generated predictions | n_predictions=204
[eval.intphys2] Scoring complete | accuracy=54.9020 voe_accuracy=29.4118 n_scenes=51 n_samples=204
[eval.intphys2] Artifacts written | output_dir=artifacts/probes/intphys2/intphys2_probe_mlp_jepa_v2_vitg_384_20260507T195430Z/layer_last/train/trial_0006/val_eval
wandb: updating run metadata
wandb: uploading wandb-metadata.json; uploading requirements.txt; uploading output.log; uploading wandb-summary.json; uploading config.yaml
wandb: 
wandb: Run history:
wandb:          epoch ▁▁▁▁▂▂▂▂▂▂▃▃▃▃▃▄▄▄▄▄▄▅▅▅▅▅▆▆▆▆▆▆▇▇▇▇▇███
wandb: train_accuracy ▁▄▄▄▄▅▅▅▃▅▄▆▆▅▆▄▆▄▆▆▅▆▇▄▆▆▄▆▅▆█▄▇▇▆▆▄▆▆▆
wandb:     train_loss █▃▂▁▁▁▁▁▁▁▁▁▁▁▁▁▁▁▁▁▁▁▁▁▁▁▁▁▁▁▁▁▁▁▁▁▁▁▁▁
wandb:   val_accuracy ▂▂▂▃▂▂▂▂▂▂▁▂▄▇▃▂▂▄▂▄▂▂▂▂▂▂▂▅▂▂▁█▃▂▄▄▅▅▂▄
wandb:       val_loss █▁▂▁▁▁▁▁▁▁▁▁▁▁▁▁▁▁▁▁▁▁▁▁▁▁▁▁▁▁▁▁▁▁▁▁▁▁▁▁
wandb: 
wandb: Run summary:
wandb:           best_epoch 40
wandb:    best_val_accuracy 54.90196
wandb:        best_val_loss 0.69172
wandb: checkpoint_best_path artifacts/probes/int...
wandb: checkpoint_last_path artifacts/probes/int...
wandb:      checkpoint_path artifacts/probes/int...
wandb:              dataset intphys2
wandb:      elapsed_seconds 2.6681
wandb:                epoch 50
wandb:    feature_signature 6370d2c41854f9d5
wandb:                  +22 ...
wandb: 
wandb: 🚀 View run intphys2_mlp_jepa_v2_vitg_384_layer_last/trial_0006 at: https://wandb.ai/caselli-niccolo-developer-university-of-amsterdam/probe4physics/runs/i30ckp0h
wandb: ⭐️ View project at: https://wandb.ai/caselli-niccolo-developer-university-of-amsterdam/probe4physics
wandb: Synced 5 W&B file(s), 0 media file(s), 0 artifact file(s) and 0 other file(s)
wandb: Find logs at: ./wandb/run-20260507_215753-i30ckp0h/logs
[I 2026-05-07 21:57:56,544] Trial 6 finished with value: 29.411764705882355 and parameters: {'lr': 0.000794714742465374, 'weight_decay': 0.0016934155410667966, 'batch_size': 128, 'epochs': 50, 'hidden_dims': '512', 'dropout': 0.0599326836668414}. Best is trial 0 with value: 37.254901960784316.
wandb: setting up run 5ujuf5td
wandb: Tracking run with wandb version 0.26.1
wandb: Run data is saved locally in /gpfs/home3/scur0511/Probe4Physics/wandb/run-20260507_215756-5ujuf5td
wandb: Run `wandb offline` to turn off syncing.
wandb: Syncing run intphys2_mlp_jepa_v2_vitg_384_layer_last/trial_0007
wandb: ⭐️ View project at https://wandb.ai/caselli-niccolo-developer-university-of-amsterdam/probe4physics
wandb: 🚀 View run at https://wandb.ai/caselli-niccolo-developer-university-of-amsterdam/probe4physics/runs/5ujuf5td
[eval.intphys2] Starting eval | split_name=val split_dir=data/splits/intphys2 predictor_mode=from_file metadata_file=data/annotations/intphys2_metadata.csv
[eval.intphys2] Loaded split assignments | split_scenes=51 split_samples=204
[eval.intphys2] Generated predictions | n_predictions=204
[eval.intphys2] Scoring complete | accuracy=53.9216 voe_accuracy=21.5686 n_scenes=51 n_samples=204
[eval.intphys2] Artifacts written | output_dir=artifacts/probes/intphys2/intphys2_probe_mlp_jepa_v2_vitg_384_20260507T195430Z/layer_last/train/trial_0007/val_eval
wandb: updating run metadata
wandb: uploading output.log; uploading wandb-summary.json; uploading config.yaml; uploading wandb-metadata.json; uploading requirements.txt
wandb: 
wandb: Run history:
wandb:          epoch ▁▁▂▂▂▃▃▄▄▄▅▅▅▆▆▇▇▇██
wandb: train_accuracy ▄▂▂▄▂▅▄▃▃▆▂▆█▃▆▃▅█▆▁
wandb:     train_loss ▆█▇▄▄▃▃▂▂▁▄▁▁▂▂▃▂▂▂▃
wandb:   val_accuracy ▁▅▃▂▂▂▂▂▂▂▃▂▃▂▆▅▂█▃▂
wandb:       val_loss ▅▂▂█▆▆▁▁▂▂▁▂▁▁▁▁▁▁▁▂
wandb: 
wandb: Run summary:
wandb:           best_epoch 18
wandb:    best_val_accuracy 53.92157
wandb:        best_val_loss 0.69244
wandb: checkpoint_best_path artifacts/probes/int...
wandb: checkpoint_last_path artifacts/probes/int...
wandb:      checkpoint_path artifacts/probes/int...
wandb:              dataset intphys2
wandb:      elapsed_seconds 2.77587
wandb:                epoch 20
wandb:    feature_signature 6370d2c41854f9d5
wandb:                  +22 ...
wandb: 
wandb: 🚀 View run intphys2_mlp_jepa_v2_vitg_384_layer_last/trial_0007 at: https://wandb.ai/caselli-niccolo-developer-university-of-amsterdam/probe4physics/runs/5ujuf5td
wandb: ⭐️ View project at: https://wandb.ai/caselli-niccolo-developer-university-of-amsterdam/probe4physics
wandb: Synced 5 W&B file(s), 0 media file(s), 0 artifact file(s) and 0 other file(s)
wandb: Find logs at: ./wandb/run-20260507_215756-5ujuf5td/logs
[I 2026-05-07 21:58:00,448] Trial 7 finished with value: 21.568627450980394 and parameters: {'lr': 0.00010300196600986775, 'weight_decay': 0.0045442082254883295, 'batch_size': 128, 'epochs': 20, 'hidden_dims': '1024x512x1024', 'dropout': 0.11978094533348621}. Best is trial 0 with value: 37.254901960784316.
wandb: setting up run hum1r2qy
wandb: Tracking run with wandb version 0.26.1
wandb: Run data is saved locally in /gpfs/home3/scur0511/Probe4Physics/wandb/run-20260507_215800-hum1r2qy
wandb: Run `wandb offline` to turn off syncing.
wandb: Syncing run intphys2_mlp_jepa_v2_vitg_384_layer_last/trial_0008
wandb: ⭐️ View project at https://wandb.ai/caselli-niccolo-developer-university-of-amsterdam/probe4physics
wandb: 🚀 View run at https://wandb.ai/caselli-niccolo-developer-university-of-amsterdam/probe4physics/runs/hum1r2qy
[eval.intphys2] Starting eval | split_name=val split_dir=data/splits/intphys2 predictor_mode=from_file metadata_file=data/annotations/intphys2_metadata.csv
[eval.intphys2] Loaded split assignments | split_scenes=51 split_samples=204
[eval.intphys2] Generated predictions | n_predictions=204
[eval.intphys2] Scoring complete | accuracy=53.9216 voe_accuracy=23.5294 n_scenes=51 n_samples=204
[eval.intphys2] Artifacts written | output_dir=artifacts/probes/intphys2/intphys2_probe_mlp_jepa_v2_vitg_384_20260507T195430Z/layer_last/train/trial_0008/val_eval
wandb: updating run metadata
wandb: uploading wandb-metadata.json; uploading requirements.txt; uploading output.log; uploading wandb-summary.json; uploading config.yaml
wandb: 
wandb: Run history:
wandb:          epoch ▁▁▁▁▂▂▂▂▂▂▃▃▃▃▃▄▄▄▄▄▄▅▅▅▅▅▅▆▆▆▆▆▆▇▇▇▇▇██
wandb: train_accuracy ▁▄▃▂▃▃▅▃▃▃▃▃▅▃▂▄▁▃▃▅▂▄▆▄▁▁▃▄▇▄▁▂▃▄█▄▅▆▂▆
wandb:     train_loss █▅▄▇▆▃▃▃▄▃▃▁▄▄▃▄▄▃▃▂▁▃▄▂▃▃▁▂▂▂▃▂▂▃▁▃▂▁▂▂
wandb:   val_accuracy ▅▃▄▃▅▄▁▂▅▅▄▇▇▄▅▇▅▆▄▅▆▄▅▆█▅▄▆▆▆▅▄▅▆▅▇▆▇▆▆
wandb:       val_loss █▆▄▅▄▃▄▃▃▂▃▂▂▂▂▂▂▂▂▂▂▂▂▁▂▁▁▂▁▁▁▂▁▁▂▁▁▁▁▁
wandb: 
wandb: Run summary:
wandb:           best_epoch 31
wandb:    best_val_accuracy 53.92157
wandb:        best_val_loss 0.69213
wandb: checkpoint_best_path artifacts/probes/int...
wandb: checkpoint_last_path artifacts/probes/int...
wandb:      checkpoint_path artifacts/probes/int...
wandb:              dataset intphys2
wandb:      elapsed_seconds 3.99567
wandb:                epoch 50
wandb:    feature_signature 6370d2c41854f9d5
wandb:                  +22 ...
wandb: 
wandb: 🚀 View run intphys2_mlp_jepa_v2_vitg_384_layer_last/trial_0008 at: https://wandb.ai/caselli-niccolo-developer-university-of-amsterdam/probe4physics/runs/hum1r2qy
wandb: ⭐️ View project at: https://wandb.ai/caselli-niccolo-developer-university-of-amsterdam/probe4physics
wandb: Synced 5 W&B file(s), 0 media file(s), 0 artifact file(s) and 0 other file(s)
wandb: Find logs at: ./wandb/run-20260507_215800-hum1r2qy/logs
[I 2026-05-07 21:58:05,688] Trial 8 finished with value: 23.52941176470588 and parameters: {'lr': 2.7207248059486674e-05, 'weight_decay': 8.64403589520682e-06, 'batch_size': 32, 'epochs': 50, 'hidden_dims': '512', 'dropout': 0.3387821809211412}. Best is trial 0 with value: 37.254901960784316.
wandb: setting up run 2f3gyh2l
wandb: Tracking run with wandb version 0.26.1
wandb: Run data is saved locally in /gpfs/home3/scur0511/Probe4Physics/wandb/run-20260507_215805-2f3gyh2l
wandb: Run `wandb offline` to turn off syncing.
wandb: Syncing run intphys2_mlp_jepa_v2_vitg_384_layer_last/trial_0009
wandb: ⭐️ View project at https://wandb.ai/caselli-niccolo-developer-university-of-amsterdam/probe4physics
wandb: 🚀 View run at https://wandb.ai/caselli-niccolo-developer-university-of-amsterdam/probe4physics/runs/2f3gyh2l
[eval.intphys2] Starting eval | split_name=val split_dir=data/splits/intphys2 predictor_mode=from_file metadata_file=data/annotations/intphys2_metadata.csv
[eval.intphys2] Loaded split assignments | split_scenes=51 split_samples=204
[eval.intphys2] Generated predictions | n_predictions=204
[eval.intphys2] Scoring complete | accuracy=50.9804 voe_accuracy=7.8431 n_scenes=51 n_samples=204
[eval.intphys2] Artifacts written | output_dir=artifacts/probes/intphys2/intphys2_probe_mlp_jepa_v2_vitg_384_20260507T195430Z/layer_last/train/trial_0009/val_eval
wandb: updating run metadata
wandb: uploading wandb-summary.json; uploading config.yaml; uploading wandb-metadata.json; uploading requirements.txt; uploading output.log
wandb: 
wandb: Run history:
wandb:          epoch ▁▁▁▂▂▂▂▂▂▃▃▃▃▃▃▄▄▄▄▄▅▅▅▅▅▅▆▆▆▆▆▇▇▇▇▇▇███
wandb: train_accuracy ▆▅▃▅▆▄▅▆▃▃▄▇▅▅▆▃▅▇▃▆▇▃▅▃▃▄▄▆▂▁█▄▄▆▄▅▇█▄▃
wandb:     train_loss █▆▄▁▃▄▃▄▂▄▄▂▂▃▂▅▃▃▃▃▂▃▂▃▂▃▂▂▃▃▂▃▃▂▁▂▁▂▂▃
wandb:   val_accuracy ▅▇▆▅▇▅▆▆▅▅▅▅▆▄▆▄▃▄▄▅▅▅▃▅▅▅▃▄▄▄▂▁▆█▃▄▅▅▆▆
wandb:       val_loss █▄▃▃▃▃▃▃▂▂▂▂▂▂▂▂▂▂▂▂▁▁▁▁▁▁▁▁▁▁▁▁▁▁▁▁▁▁▁▁
wandb: 
wandb: Run summary:
wandb:           best_epoch 42
wandb:    best_val_accuracy 50.98039
wandb:        best_val_loss 0.69507
wandb: checkpoint_best_path artifacts/probes/int...
wandb: checkpoint_last_path artifacts/probes/int...
wandb:      checkpoint_path artifacts/probes/int...
wandb:              dataset intphys2
wandb:      elapsed_seconds 2.31701
wandb:                epoch 50
wandb:    feature_signature 6370d2c41854f9d5
wandb:                  +22 ...
wandb: 
wandb: 🚀 View run intphys2_mlp_jepa_v2_vitg_384_layer_last/trial_0009 at: https://wandb.ai/caselli-niccolo-developer-university-of-amsterdam/probe4physics/runs/2f3gyh2l
wandb: ⭐️ View project at: https://wandb.ai/caselli-niccolo-developer-university-of-amsterdam/probe4physics
wandb: Synced 5 W&B file(s), 0 media file(s), 0 artifact file(s) and 0 other file(s)
wandb: Find logs at: ./wandb/run-20260507_215805-2f3gyh2l/logs
[I 2026-05-07 21:58:09,047] Trial 9 finished with value: 7.8431372549019605 and parameters: {'lr': 1.1214075785991125e-05, 'weight_decay': 1.1818390883060214e-05, 'batch_size': 256, 'epochs': 50, 'hidden_dims': '256', 'dropout': 0.12092614545022584}. Best is trial 0 with value: 37.254901960784316.
wandb: setting up run rllepg6q
wandb: Tracking run with wandb version 0.26.1
wandb: Run data is saved locally in /gpfs/home3/scur0511/Probe4Physics/wandb/run-20260507_215809-rllepg6q
wandb: Run `wandb offline` to turn off syncing.
wandb: Syncing run intphys2_mlp_jepa_v2_vitg_384_layer_last/trial_0010
wandb: ⭐️ View project at https://wandb.ai/caselli-niccolo-developer-university-of-amsterdam/probe4physics
wandb: 🚀 View run at https://wandb.ai/caselli-niccolo-developer-university-of-amsterdam/probe4physics/runs/rllepg6q
wandb: updating run metadata
wandb: uploading wandb-summary.json; uploading config.yaml
wandb: 
wandb: Run history:
wandb:          epoch ▁▁▁▁▁▂▂▂▂▃▃▃▃▃▃▄▄▄▄▅▅▅▅▅▅▆▆▆▆▆▇▇▇▇▇█████
wandb: train_accuracy ▇▂▆▃▆▇█▆▂▅▂▅▂▃▇▃▅▆▁▅▅▁▃▅▆▃▅▄▅▆▄▇▆▄▅▂▆▂▄▅
wandb:     train_loss █▇▅▃▃▄▁▁▄▃▃▂▃▂▂▂▁▂▁▂▂▃▂▁▂▂▁▁▁▁▁▂▁▁▁▁▁▁▂▂
wandb:   val_accuracy ▁▁▁▁▁▁▁▁▁▁▁▁▁▁▁▁▁▁▁▁▁▁▁▁▁▁▁▁▁▁▁▁▁▁▁▁▁▁▁▁
wandb:       val_loss ▁▁▁▁█▁▂▄▂▁▁▁▁▁▁▂▁▁▁▁▁▁▁▁▁▁▁▁▁▁▁▁▁▁▁▁▁▁▁▁
wandb: 
wandb: Run summary:
wandb:          epoch 100
wandb: train_accuracy 49.66887
wandb:     train_loss 0.69659
wandb:   val_accuracy 50
wandb:       val_loss 0.69341
wandb: 
wandb: 🚀 View run intphys2_mlp_jepa_v2_vitg_384_layer_last/trial_0010 at: https://wandb.ai/caselli-niccolo-developer-university-of-amsterdam/probe4physics/runs/rllepg6q
wandb: ⭐️ View project at: https://wandb.ai/caselli-niccolo-developer-university-of-amsterdam/probe4physics
wandb: Synced 4 W&B file(s), 0 media file(s), 0 artifact file(s) and 0 other file(s)
wandb: Find logs at: ./wandb/run-20260507_215809-rllepg6q/logs
[I 2026-05-07 21:58:20,711] Trial 10 pruned. Pruned at epoch 100 with val_accuracy=50.0000
wandb: setting up run m8n2zbsq
wandb: Tracking run with wandb version 0.26.1
wandb: Run data is saved locally in /gpfs/home3/scur0511/Probe4Physics/wandb/run-20260507_215820-m8n2zbsq
wandb: Run `wandb offline` to turn off syncing.
wandb: Syncing run intphys2_mlp_jepa_v2_vitg_384_layer_last/trial_0011
wandb: ⭐️ View project at https://wandb.ai/caselli-niccolo-developer-university-of-amsterdam/probe4physics
wandb: 🚀 View run at https://wandb.ai/caselli-niccolo-developer-university-of-amsterdam/probe4physics/runs/m8n2zbsq
[eval.intphys2] Starting eval | split_name=val split_dir=data/splits/intphys2 predictor_mode=from_file metadata_file=data/annotations/intphys2_metadata.csv
[eval.intphys2] Loaded split assignments | split_scenes=51 split_samples=204
[eval.intphys2] Generated predictions | n_predictions=204
[eval.intphys2] Scoring complete | accuracy=54.9020 voe_accuracy=29.4118 n_scenes=51 n_samples=204
[eval.intphys2] Artifacts written | output_dir=artifacts/probes/intphys2/intphys2_probe_mlp_jepa_v2_vitg_384_20260507T195430Z/layer_last/train/trial_0011/val_eval
wandb: updating run metadata
wandb: uploading history steps 0-99, summary, console lines 0-4
wandb: 
wandb: Run history:
wandb:          epoch ▁▁▁▁▂▂▂▂▂▂▂▂▂▃▃▃▃▃▃▃▄▄▄▄▄▅▅▅▅▅▆▆▆▆▆▇▇▇▇█
wandb: train_accuracy ▁▃▄▅▂▁▄▃▃▄▁▆▇▂▅▁▆▆▄▄▅▆▆▆▄▆▆▇▆▃▆▆▅▆██▇▄▆▆
wandb:     train_loss █▂▂▂▂▂▁▂▂▂▂▁▁▂▁▂▂▁▁▂▁▁▁▁▁▁▁▂▁▂▁▂▁▁▂▂▁▁▁▁
wandb:   val_accuracy ▁▃▄▂▃▂▂▂▂▂▃▄▂▄▂▂▅█▂▃▂▆▆▇▇▄▄▅▆▄▆█▄▅▂▅▄▅▇▂
wandb:       val_loss ▆▂▂█▅▇█▃▃▄▆▂▃▂▆▂▃▄▂▂▂▂▃▂▂▅▄▂▂▂▁▁▆▂▂▃▁▃▁▄
wandb: 
wandb: Run summary:
wandb:           best_epoch 52
wandb:    best_val_accuracy 54.90196
wandb:        best_val_loss 0.69075
wandb: checkpoint_best_path artifacts/probes/int...
wandb: checkpoint_last_path artifacts/probes/int...
wandb:      checkpoint_path artifacts/probes/int...
wandb:              dataset intphys2
wandb:      elapsed_seconds 9.44284
wandb:                epoch 100
wandb:    feature_signature 6370d2c41854f9d5
wandb:                  +22 ...
wandb: 
wandb: 🚀 View run intphys2_mlp_jepa_v2_vitg_384_layer_last/trial_0011 at: https://wandb.ai/caselli-niccolo-developer-university-of-amsterdam/probe4physics/runs/m8n2zbsq
wandb: ⭐️ View project at: https://wandb.ai/caselli-niccolo-developer-university-of-amsterdam/probe4physics
wandb: Synced 5 W&B file(s), 0 media file(s), 0 artifact file(s) and 0 other file(s)
wandb: Find logs at: ./wandb/run-20260507_215820-m8n2zbsq/logs
[I 2026-05-07 21:58:32,985] Trial 11 finished with value: 29.411764705882355 and parameters: {'lr': 0.000381663861962904, 'weight_decay': 0.00821160806524291, 'batch_size': 32, 'epochs': 100, 'hidden_dims': '1024', 'dropout': 0.23036595192387704}. Best is trial 0 with value: 37.254901960784316.
wandb: setting up run js9ybfcx
wandb: Tracking run with wandb version 0.26.1
wandb: Run data is saved locally in /gpfs/home3/scur0511/Probe4Physics/wandb/run-20260507_215833-js9ybfcx
wandb: Run `wandb offline` to turn off syncing.
wandb: Syncing run intphys2_mlp_jepa_v2_vitg_384_layer_last/trial_0012
wandb: ⭐️ View project at https://wandb.ai/caselli-niccolo-developer-university-of-amsterdam/probe4physics
wandb: 🚀 View run at https://wandb.ai/caselli-niccolo-developer-university-of-amsterdam/probe4physics/runs/js9ybfcx
wandb: updating run metadata
wandb: uploading wandb-summary.json; uploading config.yaml
wandb: 
wandb: Run history:
wandb:          epoch ▁▁▁▁▁▂▂▂▂▂▃▃▃▃▃▃▃▄▄▄▅▅▅▅▅▆▆▆▆▆▆▆▆▇▇▇▇███
wandb: train_accuracy ▁▂▂▂▂▃▃▅▅▇▇▇▇▆███▇▆████████████████▇████
wandb:     train_loss █████▇▆▆▆▅▄▄▄▃▃▂▄▂▂▁▁▁▁▁▁▁▁▁▁▁▁▂▂▆▁▂▁▁▁▂
wandb:   val_accuracy ▂▁▃▄▅▄▃▄▃▄▅▆▆▆▅▇▆▇▆▇▇▇▆▇█▇▅▅▆▆▆▆▄▄▇▇█▇▆▇
wandb:       val_loss ▁▁▁▁▁▂▂▃▂▃▃▃▄▃▃▄▄▅▅▅▄▆▅▅▆▆▆▇▆▇▇▆▇▅▆▆█▇█▅
wandb: 
wandb: Run summary:
wandb:          epoch 1389
wandb: train_accuracy 100
wandb:     train_loss 0.00224
wandb:   val_accuracy 61.76471
wandb:       val_loss 3.5204
wandb: 
wandb: 🚀 View run intphys2_mlp_jepa_v2_vitg_384_layer_last/trial_0012 at: https://wandb.ai/caselli-niccolo-developer-university-of-amsterdam/probe4physics/runs/js9ybfcx
wandb: ⭐️ View project at: https://wandb.ai/caselli-niccolo-developer-university-of-amsterdam/probe4physics
wandb: Synced 4 W&B file(s), 0 media file(s), 0 artifact file(s) and 0 other file(s)
wandb: Find logs at: ./wandb/run-20260507_215833-js9ybfcx/logs
[I 2026-05-07 21:59:47,467] Trial 12 pruned. Pruned at epoch 1389 with val_accuracy=61.7647
wandb: setting up run 4b78toa2
wandb: Tracking run with wandb version 0.26.1
wandb: Run data is saved locally in /gpfs/home3/scur0511/Probe4Physics/wandb/run-20260507_215948-4b78toa2
wandb: Run `wandb offline` to turn off syncing.
wandb: Syncing run intphys2_mlp_jepa_v2_vitg_384_layer_last/trial_0013
wandb: ⭐️ View project at https://wandb.ai/caselli-niccolo-developer-university-of-amsterdam/probe4physics
wandb: 🚀 View run at https://wandb.ai/caselli-niccolo-developer-university-of-amsterdam/probe4physics/runs/4b78toa2
wandb: updating run metadata
wandb: uploading wandb-summary.json; uploading config.yaml
wandb: 
wandb: Run history:
wandb:          epoch ▁▁▂▂▂▂▃▃▃▃▃▃▃▃▃▄▄▄▄▄▅▅▅▅▅▅▅▅▆▆▆▆▆▇▇▇▇▇▇█
wandb: train_accuracy ▃▄▃▂▂▄▂▃▄▃▁▃▂▄▄▃▅▇▃▆▅▅▆▆▆▄▆▅▆▇▄▅▅█▅▆▇▇▅▇
wandb:     train_loss ▅▅▅▅▅▅█▆▆▇▅▄▆▅▆▅▄▄▄▅▄▅▆▄▃▃▄▃▅▅▃▄▄▅▂▂▂▂▁▂
wandb:   val_accuracy ▁▁▁▁▁▁▁█▃▂▅▅▃▂▂▂▂▅▆▅▄▅▃▂▅▆▇▅▅▂▇▃▂▃▅▁▃▃▅▃
wandb:       val_loss █▆▂▂▄▃▂▂▅▂▂▂▃▂▄▂▂▂▃▂▂▂▃▂▆▄▂▁▂▂▂▁▂▁▄▂▁▃▁▁
wandb: 
wandb: Run summary:
wandb:          epoch 135
wandb: train_accuracy 53.80795
wandb:     train_loss 0.68283
wandb:   val_accuracy 53.92157
wandb:       val_loss 0.68846
wandb: 
wandb: 🚀 View run intphys2_mlp_jepa_v2_vitg_384_layer_last/trial_0013 at: https://wandb.ai/caselli-niccolo-developer-university-of-amsterdam/probe4physics/runs/4b78toa2
wandb: ⭐️ View project at: https://wandb.ai/caselli-niccolo-developer-university-of-amsterdam/probe4physics
wandb: Synced 4 W&B file(s), 0 media file(s), 0 artifact file(s) and 0 other file(s)
wandb: Find logs at: ./wandb/run-20260507_215948-4b78toa2/logs
[I 2026-05-07 21:59:55,928] Trial 13 pruned. Pruned at epoch 135 with val_accuracy=53.9216
wandb: setting up run 1cw7jbb8
wandb: Tracking run with wandb version 0.26.1
wandb: Run data is saved locally in /gpfs/home3/scur0511/Probe4Physics/wandb/run-20260507_215956-1cw7jbb8
wandb: Run `wandb offline` to turn off syncing.
wandb: Syncing run intphys2_mlp_jepa_v2_vitg_384_layer_last/trial_0014
wandb: ⭐️ View project at https://wandb.ai/caselli-niccolo-developer-university-of-amsterdam/probe4physics
wandb: 🚀 View run at https://wandb.ai/caselli-niccolo-developer-university-of-amsterdam/probe4physics/runs/1cw7jbb8
[eval.intphys2] Starting eval | split_name=val split_dir=data/splits/intphys2 predictor_mode=from_file metadata_file=data/annotations/intphys2_metadata.csv
[eval.intphys2] Loaded split assignments | split_scenes=51 split_samples=204
[eval.intphys2] Generated predictions | n_predictions=204
[eval.intphys2] Scoring complete | accuracy=55.3922 voe_accuracy=29.4118 n_scenes=51 n_samples=204
[eval.intphys2] Artifacts written | output_dir=artifacts/probes/intphys2/intphys2_probe_mlp_jepa_v2_vitg_384_20260507T195430Z/layer_last/train/trial_0014/val_eval
wandb: updating run metadata
wandb: uploading output.log; uploading wandb-summary.json; uploading config.yaml
wandb: uploading config.yaml
wandb: 
wandb: Run history:
wandb:          epoch ▁▁▁▁▁▂▂▂▃▃▃▃▃▃▃▄▄▄▄▄▄▅▅▅▅▅▅▅▆▆▆▇▇▇▇▇▇▇██
wandb: train_accuracy ▁▃▂▅▃▄▅▁▆▅▆▅▃▃▃▄▂▂▃▅▂▄▃▁▃▅▃▅▃▆▆▁▃▂█▂▅▃▃▂
wandb:     train_loss █▆▅▄▃▁▃▃▂▃▃▃▂▂▃▃▂▂▂▂▃▂▂▂▂▂▂▂▂▂▂▂▂▂▁▂▂▂▂▂
wandb:   val_accuracy ▂▃▃▂▂▂▅▂▂▂▂▂▂▂▄▅▄▂▂▃▂▂▂▁▂▃▂▃▄▂█▂▂▂▂▄▄▂▄▂
wandb:       val_loss █▃▇▁▃▃▁▁▁▂▂▅▁▃▃▃▁▁▃▂▁▁▁▃▁▁▁▄▂▁▂▂▂▂▁▁▂▂▁▁
wandb: 
wandb: Run summary:
wandb:           best_epoch 12
wandb:    best_val_accuracy 55.39216
wandb:        best_val_loss 0.69281
wandb: checkpoint_best_path artifacts/probes/int...
wandb: checkpoint_last_path artifacts/probes/int...
wandb:      checkpoint_path artifacts/probes/int...
wandb:              dataset intphys2
wandb:      elapsed_seconds 23.89299
wandb:                epoch 100
wandb:    feature_signature 6370d2c41854f9d5
wandb:                  +22 ...
wandb: 
wandb: 🚀 View run intphys2_mlp_jepa_v2_vitg_384_layer_last/trial_0014 at: https://wandb.ai/caselli-niccolo-developer-university-of-amsterdam/probe4physics/runs/1cw7jbb8
wandb: ⭐️ View project at: https://wandb.ai/caselli-niccolo-developer-university-of-amsterdam/probe4physics
wandb: Synced 5 W&B file(s), 0 media file(s), 0 artifact file(s) and 0 other file(s)
wandb: Find logs at: ./wandb/run-20260507_215956-1cw7jbb8/logs
[I 2026-05-07 22:00:26,797] Trial 14 finished with value: 29.411764705882355 and parameters: {'lr': 0.00011038251665362917, 'weight_decay': 0.00015990581904818112, 'batch_size': 32, 'epochs': 100, 'hidden_dims': '1024x512x256', 'dropout': 0.47863040752173247}. Best is trial 0 with value: 37.254901960784316.
wandb: setting up run c305vclz
wandb: Tracking run with wandb version 0.26.1
wandb: Run data is saved locally in /gpfs/home3/scur0511/Probe4Physics/wandb/run-20260507_220027-c305vclz
wandb: Run `wandb offline` to turn off syncing.
wandb: Syncing run intphys2_mlp_jepa_v2_vitg_384_layer_last/trial_0015
wandb: ⭐️ View project at https://wandb.ai/caselli-niccolo-developer-university-of-amsterdam/probe4physics
wandb: 🚀 View run at https://wandb.ai/caselli-niccolo-developer-university-of-amsterdam/probe4physics/runs/c305vclz
wandb: updating run metadata
wandb: uploading wandb-summary.json; uploading config.yaml
wandb: 
wandb: Run history:
wandb:          epoch ▁▁▁▁▁▂▂▂▂▂▂▂▃▃▃▃▄▄▄▄▄▅▅▅▅▅▅▅▅▅▆▆▆▆▆▇▇▇██
wandb: train_accuracy ▄▃▃▃▂▃▃▃▃▂▄▅▄▄▅▃▁▅▃▃▃▄▄▅▄▃▇▄▅▅▆▄▆▆▆▆█▅▇▆
wandb:     train_loss █▆▄▂▁▁▁▁▁▁▁▁▁▁▁▁▂▁▁▁▂▁▁▁▂▁▁▁▁▁▁▁▁▁▁▁▁▁▁▁
wandb:   val_accuracy ▃▃▃▅▃▂▃▃▃▃▃▃█▄▃▆▇▇▃▁▅▃▇▅▃▄▄▃▄▄▅▃▅▄▃▇▃▄▃▄
wandb:       val_loss ▃▂▂▂▂▂▂▂▂▂▂▂▃▂▂▂▂▁▂▂▄▁▂▃▁▅▂▂▃▁▁▁▁▂▂█▁▂▂▃
wandb: 
wandb: Run summary:
wandb:          epoch 135
wandb: train_accuracy 57.28477
wandb:     train_loss 0.67565
wandb:   val_accuracy 54.41176
wandb:       val_loss 0.69332
wandb: 
wandb: 🚀 View run intphys2_mlp_jepa_v2_vitg_384_layer_last/trial_0015 at: https://wandb.ai/caselli-niccolo-developer-university-of-amsterdam/probe4physics/runs/c305vclz
wandb: ⭐️ View project at: https://wandb.ai/caselli-niccolo-developer-university-of-amsterdam/probe4physics
wandb: Synced 4 W&B file(s), 0 media file(s), 0 artifact file(s) and 0 other file(s)
wandb: Find logs at: ./wandb/run-20260507_220027-c305vclz/logs
[I 2026-05-07 22:00:35,952] Trial 15 pruned. Pruned at epoch 135 with val_accuracy=54.4118
wandb: setting up run kqb56k36
wandb: Tracking run with wandb version 0.26.1
wandb: Run data is saved locally in /gpfs/home3/scur0511/Probe4Physics/wandb/run-20260507_220036-kqb56k36
wandb: Run `wandb offline` to turn off syncing.
wandb: Syncing run intphys2_mlp_jepa_v2_vitg_384_layer_last/trial_0016
wandb: ⭐️ View project at https://wandb.ai/caselli-niccolo-developer-university-of-amsterdam/probe4physics
wandb: 🚀 View run at https://wandb.ai/caselli-niccolo-developer-university-of-amsterdam/probe4physics/runs/kqb56k36
[eval.intphys2] Starting eval | split_name=val split_dir=data/splits/intphys2 predictor_mode=from_file metadata_file=data/annotations/intphys2_metadata.csv
[eval.intphys2] Loaded split assignments | split_scenes=51 split_samples=204
[eval.intphys2] Generated predictions | n_predictions=204
[eval.intphys2] Scoring complete | accuracy=54.4118 voe_accuracy=19.6078 n_scenes=51 n_samples=204
[eval.intphys2] Artifacts written | output_dir=artifacts/probes/intphys2/intphys2_probe_mlp_jepa_v2_vitg_384_20260507T195430Z/layer_last/train/trial_0016/val_eval
wandb: updating run metadata
wandb: uploading wandb-metadata.json; uploading requirements.txt; uploading output.log; uploading wandb-summary.json; uploading config.yaml
wandb: 
wandb: Run history:
wandb:          epoch ▁▁▁▁▂▂▂▂▂▂▃▃▃▃▃▄▄▄▄▄▄▅▅▅▅▅▆▆▆▆▆▆▇▇▇▇▇▇██
wandb: train_accuracy ▃▄▄▅▄▁▆▅▅▃▄▅▇▅▆▂▂▄▄▇▇▅▅▆▄▆▅▆▅▂█▆▄▇▅▇█▇▆▇
wandb:     train_loss █▂▁▁▁▁▁▁▁▁▁▁▁▁▁▁▁▁▁▁▁▁▁▁▁▁▁▁▁▁▁▁▁▁▁▁▁▁▁▁
wandb:   val_accuracy ▁▁▁▁▁▁▃▁▁▁▄▁▃▁▂▁▁▁▁▁▂▄▁▁▁▁▁▁▁▁█▁▃▃▁▁▃▆▄▄
wandb:       val_loss █▄▂▁▁▁▁▁▁▁▁▁▁▁▁▁▁▁▁▁▁▁▁▁▁▁▁▁▁▁▁▁▁▁▁▁▁▁▁▁
wandb: 
wandb: Run summary:
wandb:           best_epoch 47
wandb:    best_val_accuracy 54.41176
wandb:        best_val_loss 0.69221
wandb: checkpoint_best_path artifacts/probes/int...
wandb: checkpoint_last_path artifacts/probes/int...
wandb:      checkpoint_path artifacts/probes/int...
wandb:              dataset intphys2
wandb:      elapsed_seconds 3.01301
wandb:                epoch 50
wandb:    feature_signature 6370d2c41854f9d5
wandb:                  +22 ...
wandb: 
wandb: 🚀 View run intphys2_mlp_jepa_v2_vitg_384_layer_last/trial_0016 at: https://wandb.ai/caselli-niccolo-developer-university-of-amsterdam/probe4physics/runs/kqb56k36
wandb: ⭐️ View project at: https://wandb.ai/caselli-niccolo-developer-university-of-amsterdam/probe4physics
wandb: Synced 5 W&B file(s), 0 media file(s), 0 artifact file(s) and 0 other file(s)
wandb: Find logs at: ./wandb/run-20260507_220036-kqb56k36/logs
[I 2026-05-07 22:00:40,116] Trial 16 finished with value: 19.607843137254903 and parameters: {'lr': 0.0006565628534662934, 'weight_decay': 0.0014835106272763968, 'batch_size': 128, 'epochs': 50, 'hidden_dims': '512x256', 'dropout': 0.016755558826512106}. Best is trial 0 with value: 37.254901960784316.
wandb: setting up run w07jy8pe
wandb: Tracking run with wandb version 0.26.1
wandb: Run data is saved locally in /gpfs/home3/scur0511/Probe4Physics/wandb/run-20260507_220040-w07jy8pe
wandb: Run `wandb offline` to turn off syncing.
wandb: Syncing run intphys2_mlp_jepa_v2_vitg_384_layer_last/trial_0017
wandb: ⭐️ View project at https://wandb.ai/caselli-niccolo-developer-university-of-amsterdam/probe4physics
wandb: 🚀 View run at https://wandb.ai/caselli-niccolo-developer-university-of-amsterdam/probe4physics/runs/w07jy8pe
wandb: updating run metadata
wandb: 
wandb: Run history:
wandb:          epoch ▁▁▂▂▂▂▂▂▂▃▃▃▃▃▃▃▃▄▄▄▄▅▅▅▅▆▆▆▆▆▇▇▇▇▇█████
wandb: train_accuracy ▂▁▂▂▂▂▁▃▂▃▄▃▂▁▃▃▃▃▃▂▄▂▄▄▄▅▃▄▄▅▆▅▄▇▅▅█▇▄▄
wandb:     train_loss █▆█▇▇▆▇▆▆▆▇▆▆▆▆▆▆▆▆▆▅▆▅▅▅▅▅▅▅▇▅▄▄▆▄▁▂▂▁▆
wandb:   val_accuracy ▂▂▂▁▃▂▃▅▂▃▅▂▅▂▆▇▂▆▂▄▅▄▅▄▃▇▃▆▃▄▅▃▅▅▅▅█▃▇▄
wandb:       val_loss ▂▂▂▂▂▂▂▂▂▂▃▂▂▂▂▂▁▃▁▄▂▁▂▃▂▂▂▁▃▁▁▁▃▂▂▂▁▂▆█
wandb: 
wandb: Run summary:
wandb:          epoch 135
wandb: train_accuracy 56.45695
wandb:     train_loss 0.67272
wandb:   val_accuracy 52.94118
wandb:       val_loss 0.68813
wandb: 
wandb: 🚀 View run intphys2_mlp_jepa_v2_vitg_384_layer_last/trial_0017 at: https://wandb.ai/caselli-niccolo-developer-university-of-amsterdam/probe4physics/runs/w07jy8pe
wandb: ⭐️ View project at: https://wandb.ai/caselli-niccolo-developer-university-of-amsterdam/probe4physics
wandb: Synced 4 W&B file(s), 0 media file(s), 0 artifact file(s) and 0 other file(s)
wandb: Find logs at: ./wandb/run-20260507_220040-w07jy8pe/logs
[I 2026-05-07 22:00:56,284] Trial 17 pruned. Pruned at epoch 135 with val_accuracy=52.9412
wandb: setting up run 6ofy8wb9
wandb: Tracking run with wandb version 0.26.1
wandb: Run data is saved locally in /gpfs/home3/scur0511/Probe4Physics/wandb/run-20260507_220056-6ofy8wb9
wandb: Run `wandb offline` to turn off syncing.
wandb: Syncing run intphys2_mlp_jepa_v2_vitg_384_layer_last/trial_0018
wandb: ⭐️ View project at https://wandb.ai/caselli-niccolo-developer-university-of-amsterdam/probe4physics
wandb: 🚀 View run at https://wandb.ai/caselli-niccolo-developer-university-of-amsterdam/probe4physics/runs/6ofy8wb9
wandb: updating run metadata
wandb: uploading wandb-summary.json; uploading config.yaml
wandb: 
wandb: Run history:
wandb:          epoch ▁▁▁▁▁▂▂▂▂▃▃▄▄▄▄▄▄▅▅▅▅▅▅▆▆▆▆▆▆▇▇▇▇▇▇█████
wandb: train_accuracy ▁▂▂▁▂▂▃▂▂▃▃▂▃▄▃▂▂▃▄▃▂▃▄▂▄▅▅▄▄▄▆▆▅▅▇▄▅▇██
wandb:     train_loss █▇▇▇▇▇▇▇▇▇▇▇▇▇▇▇▇▇▇▇▆▆█▇▆▆▆▆▇▆▇▅▆▅▄▄▄▄▅▁
wandb:   val_accuracy ▁▁▂▁▁▂▂▂▃▂▂▄▆▄▂▄▄▅▅▃▃▃▄▄▅▄▂▃▅▄▅▃▃▆█▄▆▅▆▇
wandb:       val_loss ▁▁▁▁▁▁▁▁▁▁▁▁▂▁▁▁▁▁▁▁▁▁▁▁▁▂▂▂▂▂▂▁▁▅▂▃▃▅▇█
wandb: 
wandb: Run summary:
wandb:          epoch 225
wandb: train_accuracy 69.03974
wandb:     train_loss 0.58191
wandb:   val_accuracy 52.45098
wandb:       val_loss 0.91112
wandb: 
wandb: 🚀 View run intphys2_mlp_jepa_v2_vitg_384_layer_last/trial_0018 at: https://wandb.ai/caselli-niccolo-developer-university-of-amsterdam/probe4physics/runs/6ofy8wb9
wandb: ⭐️ View project at: https://wandb.ai/caselli-niccolo-developer-university-of-amsterdam/probe4physics
wandb: Synced 4 W&B file(s), 0 media file(s), 0 artifact file(s) and 0 other file(s)
wandb: Find logs at: ./wandb/run-20260507_220056-6ofy8wb9/logs
[I 2026-05-07 22:01:06,770] Trial 18 pruned. Pruned at epoch 225 with val_accuracy=52.4510
wandb: setting up run ueu3iqfi
wandb: Tracking run with wandb version 0.26.1
wandb: Run data is saved locally in /gpfs/home3/scur0511/Probe4Physics/wandb/run-20260507_220107-ueu3iqfi
wandb: Run `wandb offline` to turn off syncing.
wandb: Syncing run intphys2_mlp_jepa_v2_vitg_384_layer_last/trial_0019
wandb: ⭐️ View project at https://wandb.ai/caselli-niccolo-developer-university-of-amsterdam/probe4physics
wandb: 🚀 View run at https://wandb.ai/caselli-niccolo-developer-university-of-amsterdam/probe4physics/runs/ueu3iqfi
[eval.intphys2] Starting eval | split_name=val split_dir=data/splits/intphys2 predictor_mode=from_file metadata_file=data/annotations/intphys2_metadata.csv
[eval.intphys2] Loaded split assignments | split_scenes=51 split_samples=204
[eval.intphys2] Generated predictions | n_predictions=204
[eval.intphys2] Scoring complete | accuracy=55.3922 voe_accuracy=27.4510 n_scenes=51 n_samples=204
[eval.intphys2] Artifacts written | output_dir=artifacts/probes/intphys2/intphys2_probe_mlp_jepa_v2_vitg_384_20260507T195430Z/layer_last/train/trial_0019/val_eval
wandb: updating run metadata
wandb: uploading requirements.txt; uploading output.log; uploading wandb-summary.json; uploading config.yaml; uploading wandb-metadata.json
wandb: 
wandb: Run history:
wandb:          epoch ▁▁▁▁▂▂▂▂▂▂▃▃▃▃▃▄▄▄▄▄▅▅▅▅▅▅▆▆▆▆▆▆▇▇▇▇▇███
wandb: train_accuracy ▁▅▅▄▆▆▂▆▁▆▅▇█▃▅▆▆▂▆▅▄▅▅▄▅▃▆▄█▆█▄▅▄▆▅▃▅▄▅
wandb:     train_loss █▂▂▁▁▁▁▁▁▁▁▁▁▁▁▁▁▁▁▁▁▁▁▁▁▁▁▁▁▁▁▁▁▁▁▁▁▁▁▁
wandb:   val_accuracy ▂▂▂▂▂▂▂▂▂▂▂▃▁▂▂▂▆▂▂▃▃▃▂▂▂▆▃▂▂▅▂▂▃▅▄▄▃█▅▂
wandb:       val_loss █▄▁▁▁▁▁▁▁▁▁▁▁▁▁▁▁▁▁▁▁▁▁▁▁▁▁▁▁▁▁▁▁▁▁▁▁▁▁▁
wandb: 
wandb: Run summary:
wandb:           best_epoch 47
wandb:    best_val_accuracy 55.39216
wandb:        best_val_loss 0.69171
wandb: checkpoint_best_path artifacts/probes/int...
wandb: checkpoint_last_path artifacts/probes/int...
wandb:      checkpoint_path artifacts/probes/int...
wandb:              dataset intphys2
wandb:      elapsed_seconds 2.62133
wandb:                epoch 50
wandb:    feature_signature 6370d2c41854f9d5
wandb:                  +22 ...
wandb: 
wandb: 🚀 View run intphys2_mlp_jepa_v2_vitg_384_layer_last/trial_0019 at: https://wandb.ai/caselli-niccolo-developer-university-of-amsterdam/probe4physics/runs/ueu3iqfi
wandb: ⭐️ View project at: https://wandb.ai/caselli-niccolo-developer-university-of-amsterdam/probe4physics
wandb: Synced 5 W&B file(s), 0 media file(s), 0 artifact file(s) and 0 other file(s)
wandb: Find logs at: ./wandb/run-20260507_220107-ueu3iqfi/logs
[I 2026-05-07 22:01:10,376] Trial 19 finished with value: 27.450980392156865 and parameters: {'lr': 0.0027623800704545468, 'weight_decay': 6.867691807016495e-05, 'batch_size': 128, 'epochs': 50, 'hidden_dims': '512', 'dropout': 0.2884745869448389}. Best is trial 0 with value: 37.254901960784316.
[eval.intphys2] Starting eval | split_name=train split_dir=data/splits/intphys2 predictor_mode=from_file metadata_file=data/annotations/intphys2_metadata.csv
[eval.intphys2] Loaded split assignments | split_scenes=151 split_samples=604
[eval.intphys2] Generated predictions | n_predictions=604
[eval.intphys2] Scoring complete | accuracy=99.6689 voe_accuracy=100.0000 n_scenes=151 n_samples=604
[eval.intphys2] Artifacts written | output_dir=artifacts/probes/intphys2/intphys2_probe_mlp_jepa_v2_vitg_384_20260507T195430Z/layer_last/eval/train
[eval.intphys2] Starting eval | split_name=val split_dir=data/splits/intphys2 predictor_mode=from_file metadata_file=data/annotations/intphys2_metadata.csv
[eval.intphys2] Loaded split assignments | split_scenes=51 split_samples=204
[eval.intphys2] Generated predictions | n_predictions=204
[eval.intphys2] Scoring complete | accuracy=63.7255 voe_accuracy=37.2549 n_scenes=51 n_samples=204
[eval.intphys2] Artifacts written | output_dir=artifacts/probes/intphys2/intphys2_probe_mlp_jepa_v2_vitg_384_20260507T195430Z/layer_last/eval/val
[eval.intphys2] Starting eval | split_name=test split_dir=data/splits/intphys2 predictor_mode=from_file metadata_file=data/annotations/intphys2_metadata.csv
[eval.intphys2] Loaded split assignments | split_scenes=51 split_samples=204
[eval.intphys2] Generated predictions | n_predictions=204
[eval.intphys2] Scoring complete | accuracy=60.2941 voe_accuracy=45.0980 n_scenes=51 n_samples=204
[eval.intphys2] Artifacts written | output_dir=artifacts/probes/intphys2/intphys2_probe_mlp_jepa_v2_vitg_384_20260507T195430Z/layer_last/eval/test
