===== PROVENANCE =====
Tue Apr 21 13:45:23 UTC 2026
tcn249.local.snellius.surf.nl
803c10a4efb62e4218dd6dce6c46674ff32c41a8
Python 3.11.15
/home/scur0511/.conda/envs/probe4physics-gpu/bin/python
REPO_ROOT=/gpfs/home3/scur0511/Probe4Physics
METADATA_FILE=/scratch-shared/scur0511/probe4physics/data/annotations/intphys2_metadata.csv
VIDEOS_ROOT=/scratch-shared/scur0511/probe4physics/data/videos/intphys2
SPLIT_DIR=/scratch-shared/scur0511/probe4physics/data/splits/intphys2
FEATURE_DIR=/scratch-shared/scur0511/probe4physics/artifacts/features/intphys2
BACKBONE_NAME=jepa_v1
BACKBONE_VARIANT=vitl16_224
CKPT=/gpfs/home3/scur0511/Probe4Physics/data/checkpoints/jepa_v1/vitl16.pth.tar
======================
Step: init.intphys2
{
  "manifest": "/scratch-shared/scur0511/probe4physics/data/splits/intphys2/manifest.json",
  "metadata_file": "/scratch-shared/scur0511/probe4physics/data/annotations/intphys2_metadata.csv",
  "n_samples": 1072,
  "n_scenes": 268,
  "scenes_by_split": {
    "debug": 15,
    "main": 253
  },
  "split_dir": "/scratch-shared/scur0511/probe4physics/data/splits/intphys2"
}
