============================================================================================== 
Warning! Mixing Conda and module environments may lead to corruption of the
user environment. 
We do not recommend users mixing those two environments unless absolutely
necessary. Note that 
SURF does not provide any support for Conda environment.
For more information, please refer to our software policy page:
https://servicedesk.surf.nl/wiki/display/WIKI/Software+policy+Snellius#SoftwarepolicySnellius-UseofAnacondaandMinicondaenvironmentsonSnellius 

Remember that many packages have already been installed on the system and can
be loaded using 
the 'module load <package__name>' command. If you are uncertain if a package is
already available 
on the system, please use 'module avail' or 'module spider' to search for it.
============================================================================================== 
Traceback (most recent call last):
  File "/gpfs/home2/spunzo1/Probe4Physics/run.py", line 479, in <module>
    main()
  File "/gpfs/home2/spunzo1/Probe4Physics/run.py", line 97, in main
    result = command.handler(config)
             ^^^^^^^^^^^^^^^^^^^^^^^
  File "/gpfs/home2/spunzo1/Probe4Physics/training/intphys2_extract.py", line 9, in run_intphys2_extract
    return run_intphys2_feature_extraction(config)
           ^^^^^^^^^^^^^^^^^^^^^^^^^^^^^^^^^^^^^^^
  File "/gpfs/home2/spunzo1/Probe4Physics/benchmarks/intphys2/features.py", line 387, in run_intphys2_feature_extraction
    state = _validate_or_reset_resume_state(
            ^^^^^^^^^^^^^^^^^^^^^^^^^^^^^^^^
  File "/gpfs/home2/spunzo1/Probe4Physics/benchmarks/intphys2/features.py", line 1311, in _validate_or_reset_resume_state
    raise FeatureCacheError(
benchmarks.intphys2.features.FeatureCacheError: Resume state does not match current extraction configuration. Set feature_cache.resume_strict=false to reset state automatically.
