===== PROVENANCE =====
Thu May  7 21:23:59 UTC 2026
gcn140.local.snellius.surf.nl
999d19ef765342e0bd42ee07e9e2db5bba7c1441
Python 3.11.15
/home/scur0511/.conda/envs/probe4physics-gpu/bin/python
REPO_ROOT=/gpfs/home3/scur0511/Probe4Physics
MODE=full
MAX_SAMPLES=<unset>
BACKBONE_NAME=ltx_video
BACKBONE_VARIANT=ltxv_13b_0_9_8_distilled
BACKBONE_DEVICE=cuda
METADATA_FILE=/gpfs/home3/scur0511/Probe4Physics/data/annotations/intphys2_metadata.csv
VIDEOS_ROOT=/gpfs/home3/scur0511/Probe4Physics/data/videos/intphys2
SPLIT_DIR=/gpfs/home3/scur0511/Probe4Physics/data/splits/intphys2
FEATURE_DIR=<config default>
HF_HOME=/scratch-shared/scur0511/.cache/huggingface
======================
JOB_START_UTC=2026-05-07T21:23:59Z
[extract.intphys2] resume status: resumed=True offset=1012 target=1012 signature=cc5f37ae8af7ba58
[extract.intphys2] completed: signature=cc5f37ae8af7ba58 resumed=True reused_samples=1012 new_samples=0 total=1012 elapsed_s=6.048 sec_per_processed_sample=0.000000 elapsed_agg_s=6.048
{
  "aggregated_elapsed_seconds": 6.048370926058851,
  "aggregated_processed_samples": 0,
  "aggregated_seconds_per_processed_sample": 0.0,
  "aggregated_seconds_per_total_sample": 0.005976651112706375,
  "elapsed_seconds": 6.048370926058851,
  "feature_cache_dir": "/gpfs/scratch1/shared/scur0511/probe4physics/artifacts/features/intphys2/ltx_video_ltxv_13b_0_9_8_distilled/train-val-test/cc5f37ae8af7ba58",
  "n_samples": 1012,
  "resume_events": "/gpfs/scratch1/shared/scur0511/probe4physics/artifacts/features/intphys2/ltx_video_ltxv_13b_0_9_8_distilled/train-val-test/cc5f37ae8af7ba58/.resume/events.jsonl",
  "resume_from_sample_offset": 1012,
  "resumed": true,
  "seconds_per_processed_sample": 0.0,
  "seconds_per_total_sample": 0.005976651112706375,
  "selected_layers": [
    1,
    2,
    3,
    4,
    5,
    6,
    7,
    8,
    9,
    10,
    11,
    12,
    13,
    14,
    15,
    16,
    17,
    18,
    19,
    20,
    21,
    22,
    23,
    24,
    25,
    26,
    27,
    28,
    29,
    30,
    31,
    32,
    33,
    34,
    35,
    36,
    37,
    38,
    39,
    40
  ],
  "signature": "cc5f37ae8af7ba58",
  "skipped": false,
  "warning_log": "/gpfs/scratch1/shared/scur0511/probe4physics/artifacts/features/intphys2/extract_warnings.log"
}
JOB_END_UTC=2026-05-07T21:26:41Z
JOB_ELAPSED_SECONDS=162
Completed at:
Thu May  7 21:26:41 UTC 2026
