===== PROVENANCE =====
Wed May 20 05:11:48 PM UTC 2026
gcn116.local.snellius.surf.nl
ca5f9f034a20104f66fa9512dced366ca5418c27
Python 3.11.15
/home/scur0511/.conda/envs/probe4physics-gpu/bin/python
REPO_ROOT=/gpfs/home3/scur0511/Probe4Physics
MODE=full
MAX_SAMPLES=<unset>
BACKBONE_NAME=wan_video
BACKBONE_VARIANT=wan2_1_t2v_1_3b_diffusers
BACKBONE_DEVICE=cuda
METADATA_FILE=/gpfs/home3/scur0511/Probe4Physics/data/annotations/intphys2_metadata.csv
VIDEOS_ROOT=/gpfs/home3/scur0511/Probe4Physics/data/videos/intphys2
SPLIT_DIR=/gpfs/home3/scur0511/Probe4Physics/data/splits/intphys2
FEATURE_DIR=<config default>
FEATURE_CHUNK_SIZE=16
HF_HOME=/scratch-shared/scur0511/.cache/huggingface
======================
JOB_START_UTC=2026-05-20T17:11:48Z
[extract.intphys2] resume status: resumed=False offset=0 target=1012 signature=b518d472dc6b4254
[extract.intphys2] completed: signature=b518d472dc6b4254 resumed=False reused_samples=0 new_samples=1012 total=1012 elapsed_s=1526.105 sec_per_processed_sample=1.508009 elapsed_agg_s=1526.105
{
  "aggregated_elapsed_seconds": 1526.1048679270316,
  "aggregated_processed_samples": 1012,
  "aggregated_seconds_per_processed_sample": 1.5080087627737466,
  "aggregated_seconds_per_total_sample": 1.5080087627737466,
  "elapsed_seconds": 1526.1048679270316,
  "feature_cache_dir": "/gpfs/scratch1/shared/scur0511/probe4physics/artifacts/features/intphys2/wan_video_wan2_1_t2v_1_3b_diffusers/train-val-test/b518d472dc6b4254",
  "n_samples": 1012,
  "resume_events": "/gpfs/scratch1/shared/scur0511/probe4physics/artifacts/features/intphys2/wan_video_wan2_1_t2v_1_3b_diffusers/train-val-test/b518d472dc6b4254/.resume/events.jsonl",
  "resume_from_sample_offset": 0,
  "resumed": false,
  "seconds_per_processed_sample": 1.5080087627737466,
  "seconds_per_total_sample": 1.5080087627737466,
  "selected_layers": [
    1,
    2,
    3,
    4,
    5,
    6,
    7,
    8,
    9,
    10,
    11,
    12,
    13,
    14,
    15,
    16,
    17,
    18,
    19,
    20,
    21,
    22,
    23,
    24,
    25,
    26,
    27,
    28,
    29,
    30,
    31,
    32,
    33,
    34,
    35,
    36,
    37,
    38,
    39,
    40
  ],
  "signature": "b518d472dc6b4254",
  "skipped": false,
  "warning_log": "/gpfs/scratch1/shared/scur0511/probe4physics/artifacts/features/intphys2/extract_warnings.log"
}
JOB_END_UTC=2026-05-20T17:38:17Z
JOB_ELAPSED_SECONDS=1589
Completed at:
Wed May 20 05:38:17 PM UTC 2026
