===== TRAIN PROVENANCE =====
Mon May  4 23:14:11 UTC 2026
gcn139.local.snellius.surf.nl
6a929503ad6267515d82e8e97dd388d0c33653fd
Python 3.11.15
/home/scur0511/.conda/envs/probe4physics-gpu/bin/python
REPO_ROOT=/gpfs/home3/scur0511/Probe4Physics
DATASET_NAME=intphys2
PROBE_NAME=temporal_attn
BACKBONE_NAME=videomae_v2
BACKBONE_VARIANT=vit_giant_16_224
PROBE_EPOCHS=20
PROBE_DEVICE=cuda
PROBE_LAYER=last
PROBE_LAYERS=10,20,30,40
PROBE_FEATURE_VIEW=tokens
ENABLE_WANDB=true
WANDB_PROJECT=probe4physics
WANDB_MODE=online
WANDB_GROUP=intphys2_temporal_attn_videomae_v2_vit_giant_16_224
ENABLE_OPTUNA=true
OPTUNA_N_TRIALS=5
OPTUNA_N_JOBS=1
OPTUNA_TIMEOUT_SECONDS=0
ENABLE_OPTUNA_PRUNER=true
OPTUNA_PRUNER_STARTUP_TRIALS=3
OPTUNA_PRUNER_WARMUP_STEPS=5
OPTUNA_PRUNER_INTERVAL_STEPS=1
OPTUNA_STUDY_NAME=intphys2_temporal_attn_videomae_v2_vit_giant_16_224
OPTUNA_SEARCH_OVERRIDES=probe.eval_batch_size=1 probe.optuna.search_space.batch_size.choices=[1]
============================
JOB_START_UTC=2026-05-04T23:14:11Z
{
  "best_layer": null,
  "best_layer_label": null,
  "best_objective_metric": null,
  "dataset": "intphys2",
  "feature_view": "tokens",
  "layers": [
    {
      "checkpoint": "artifacts/probes/intphys2/intphys2_probe_temporal_attn_videomae_v2_vit_giant_16_224_20260504T231416Z/layer_10/train/trial_0000/probe_best.pt",
      "eval": {
        "base_eval": {
          "metrics": {
            "accuracy": 49.50980392156863,
            "accuracy_by_condition": {
              "continuity": 50.0,
              "immutability": 50.0,
              "permanence": 50.0,
              "solidity": 48.333333333333336
            },
            "n_samples": 204,
            "n_scenes": 51,
            "voe_accuracy": 15.686274509803921,
            "voe_by_condition": {
              "continuity": 25.0,
              "immutability": 41.66666666666667,
              "permanence": 0.0,
              "solidity": 0.0
            }
          },
          "output_dir": "artifacts/probes/intphys2/intphys2_probe_temporal_attn_videomae_v2_vit_giant_16_224_20260504T231416Z/layer_10/eval/test",
          "split_dir": "data/splits/intphys2"
        },
        "checkpoint": "artifacts/probes/intphys2/intphys2_probe_temporal_attn_videomae_v2_vit_giant_16_224_20260504T231416Z/layer_10/train/trial_0000/probe_best.pt",
        "dataset": "intphys2",
        "feature_signature": "b6519b564d05bc63",
        "metrics": {
          "accuracy": 49.50980392156863,
          "accuracy_by_condition": {
            "continuity": 50.0,
            "immutability": 50.0,
            "permanence": 50.0,
            "solidity": 48.333333333333336
          },
          "n_samples": 204,
          "n_scenes": 51,
          "voe_accuracy": 15.686274509803921,
          "voe_by_condition": {
            "continuity": 25.0,
            "immutability": 41.66666666666667,
            "permanence": 0.0,
            "solidity": 0.0
          }
        },
        "metrics_by_split": {
          "test": {
            "accuracy": 49.50980392156863,
            "accuracy_by_condition": {
              "continuity": 50.0,
              "immutability": 50.0,
              "permanence": 50.0,
              "solidity": 48.333333333333336
            },
            "n_samples": 204,
            "n_scenes": 51,
            "voe_accuracy": 15.686274509803921,
            "voe_by_condition": {
              "continuity": 25.0,
              "immutability": 41.66666666666667,
              "permanence": 0.0,
              "solidity": 0.0
            }
          },
          "train": {
            "accuracy": 50.0,
            "accuracy_by_condition": {
              "continuity": 50.69444444444444,
              "immutability": 49.30555555555556,
              "permanence": 50.0,
              "solidity": 50.0
            },
            "n_samples": 604,
            "n_scenes": 151,
            "voe_accuracy": 11.920529801324504,
            "voe_by_condition": {
              "continuity": 11.11111111111111,
              "immutability": 19.444444444444446,
              "permanence": 8.333333333333332,
              "solidity": 9.30232558139535
            }
          },
          "val": {
            "accuracy": 51.470588235294116,
            "accuracy_by_condition": {
              "continuity": 52.083333333333336,
              "immutability": 50.0,
              "permanence": 52.083333333333336,
              "solidity": 51.66666666666667
            },
            "n_samples": 204,
            "n_scenes": 51,
            "voe_accuracy": 11.76470588235294,
            "voe_by_condition": {
              "continuity": 16.666666666666664,
              "immutability": 16.666666666666664,
              "permanence": 8.333333333333332,
              "solidity": 6.666666666666667
            }
          }
        },
        "objective_metric": 15.686274509803921,
        "prediction_file": "artifacts/probes/intphys2/intphys2_probe_temporal_attn_videomae_v2_vit_giant_16_224_20260504T231416Z/layer_10/eval/test/probe_predictions.json",
        "prediction_files": {
          "test": "artifacts/probes/intphys2/intphys2_probe_temporal_attn_videomae_v2_vit_giant_16_224_20260504T231416Z/layer_10/eval/test/probe_predictions.json",
          "train": "artifacts/probes/intphys2/intphys2_probe_temporal_attn_videomae_v2_vit_giant_16_224_20260504T231416Z/layer_10/eval/train/probe_predictions.json",
          "val": "artifacts/probes/intphys2/intphys2_probe_temporal_attn_videomae_v2_vit_giant_16_224_20260504T231416Z/layer_10/eval/val/probe_predictions.json"
        },
        "probe_eval_dir": "artifacts/probes/intphys2/intphys2_probe_temporal_attn_videomae_v2_vit_giant_16_224_20260504T231416Z/layer_10/eval",
        "probe_name": "temporal_attn",
        "reported_splits": [
          "train",
          "val",
          "test"
        ],
        "split_eval_dirs": {
          "test": "artifacts/probes/intphys2/intphys2_probe_temporal_attn_videomae_v2_vit_giant_16_224_20260504T231416Z/layer_10/eval/test",
          "train": "artifacts/probes/intphys2/intphys2_probe_temporal_attn_videomae_v2_vit_giant_16_224_20260504T231416Z/layer_10/eval/train",
          "val": "artifacts/probes/intphys2/intphys2_probe_temporal_attn_videomae_v2_vit_giant_16_224_20260504T231416Z/layer_10/eval/val"
        },
        "split_evals": {
          "test": {
            "base_eval": {
              "metrics": {
                "accuracy": 49.50980392156863,
                "accuracy_by_condition": {
                  "continuity": 50.0,
                  "immutability": 50.0,
                  "permanence": 50.0,
                  "solidity": 48.333333333333336
                },
                "n_samples": 204,
                "n_scenes": 51,
                "voe_accuracy": 15.686274509803921,
                "voe_by_condition": {
                  "continuity": 25.0,
                  "immutability": 41.66666666666667,
                  "permanence": 0.0,
                  "solidity": 0.0
                }
              },
              "output_dir": "artifacts/probes/intphys2/intphys2_probe_temporal_attn_videomae_v2_vit_giant_16_224_20260504T231416Z/layer_10/eval/test",
              "split_dir": "data/splits/intphys2"
            },
            "checkpoint": "artifacts/probes/intphys2/intphys2_probe_temporal_attn_videomae_v2_vit_giant_16_224_20260504T231416Z/layer_10/train/trial_0000/probe_best.pt",
            "dataset": "intphys2",
            "feature_signature": "b6519b564d05bc63",
            "metrics": {
              "accuracy": 49.50980392156863,
              "accuracy_by_condition": {
                "continuity": 50.0,
                "immutability": 50.0,
                "permanence": 50.0,
                "solidity": 48.333333333333336
              },
              "n_samples": 204,
              "n_scenes": 51,
              "voe_accuracy": 15.686274509803921,
              "voe_by_condition": {
                "continuity": 25.0,
                "immutability": 41.66666666666667,
                "permanence": 0.0,
                "solidity": 0.0
              }
            },
            "objective_metric": 15.686274509803921,
            "prediction_file": "artifacts/probes/intphys2/intphys2_probe_temporal_attn_videomae_v2_vit_giant_16_224_20260504T231416Z/layer_10/eval/test/probe_predictions.json",
            "probe_eval_dir": "artifacts/probes/intphys2/intphys2_probe_temporal_attn_videomae_v2_vit_giant_16_224_20260504T231416Z/layer_10/eval/test",
            "probe_name": "temporal_attn",
            "split_name": "test"
          },
          "train": {
            "base_eval": {
              "metrics": {
                "accuracy": 50.0,
                "accuracy_by_condition": {
                  "continuity": 50.69444444444444,
                  "immutability": 49.30555555555556,
                  "permanence": 50.0,
                  "solidity": 50.0
                },
                "n_samples": 604,
                "n_scenes": 151,
                "voe_accuracy": 11.920529801324504,
                "voe_by_condition": {
                  "continuity": 11.11111111111111,
                  "immutability": 19.444444444444446,
                  "permanence": 8.333333333333332,
                  "solidity": 9.30232558139535
                }
              },
              "output_dir": "artifacts/probes/intphys2/intphys2_probe_temporal_attn_videomae_v2_vit_giant_16_224_20260504T231416Z/layer_10/eval/train",
              "split_dir": "data/splits/intphys2"
            },
            "checkpoint": "artifacts/probes/intphys2/intphys2_probe_temporal_attn_videomae_v2_vit_giant_16_224_20260504T231416Z/layer_10/train/trial_0000/probe_best.pt",
            "dataset": "intphys2",
            "feature_signature": "b6519b564d05bc63",
            "metrics": {
              "accuracy": 50.0,
              "accuracy_by_condition": {
                "continuity": 50.69444444444444,
                "immutability": 49.30555555555556,
                "permanence": 50.0,
                "solidity": 50.0
              },
              "n_samples": 604,
              "n_scenes": 151,
              "voe_accuracy": 11.920529801324504,
              "voe_by_condition": {
                "continuity": 11.11111111111111,
                "immutability": 19.444444444444446,
                "permanence": 8.333333333333332,
                "solidity": 9.30232558139535
              }
            },
            "objective_metric": 11.920529801324504,
            "prediction_file": "artifacts/probes/intphys2/intphys2_probe_temporal_attn_videomae_v2_vit_giant_16_224_20260504T231416Z/layer_10/eval/train/probe_predictions.json",
            "probe_eval_dir": "artifacts/probes/intphys2/intphys2_probe_temporal_attn_videomae_v2_vit_giant_16_224_20260504T231416Z/layer_10/eval/train",
            "probe_name": "temporal_attn",
            "split_name": "train"
          },
          "val": {
            "base_eval": {
              "metrics": {
                "accuracy": 51.470588235294116,
                "accuracy_by_condition": {
                  "continuity": 52.083333333333336,
                  "immutability": 50.0,
                  "permanence": 52.083333333333336,
                  "solidity": 51.66666666666667
                },
                "n_samples": 204,
                "n_scenes": 51,
                "voe_accuracy": 11.76470588235294,
                "voe_by_condition": {
                  "continuity": 16.666666666666664,
                  "immutability": 16.666666666666664,
                  "permanence": 8.333333333333332,
                  "solidity": 6.666666666666667
                }
              },
              "output_dir": "artifacts/probes/intphys2/intphys2_probe_temporal_attn_videomae_v2_vit_giant_16_224_20260504T231416Z/layer_10/eval/val",
              "split_dir": "data/splits/intphys2"
            },
            "checkpoint": "artifacts/probes/intphys2/intphys2_probe_temporal_attn_videomae_v2_vit_giant_16_224_20260504T231416Z/layer_10/train/trial_0000/probe_best.pt",
            "dataset": "intphys2",
            "feature_signature": "b6519b564d05bc63",
            "metrics": {
              "accuracy": 51.470588235294116,
              "accuracy_by_condition": {
                "continuity": 52.083333333333336,
                "immutability": 50.0,
                "permanence": 52.083333333333336,
                "solidity": 51.66666666666667
              },
              "n_samples": 204,
              "n_scenes": 51,
              "voe_accuracy": 11.76470588235294,
              "voe_by_condition": {
                "continuity": 16.666666666666664,
                "immutability": 16.666666666666664,
                "permanence": 8.333333333333332,
                "solidity": 6.666666666666667
              }
            },
            "objective_metric": 11.76470588235294,
            "prediction_file": "artifacts/probes/intphys2/intphys2_probe_temporal_attn_videomae_v2_vit_giant_16_224_20260504T231416Z/layer_10/eval/val/probe_predictions.json",
            "probe_eval_dir": "artifacts/probes/intphys2/intphys2_probe_temporal_attn_videomae_v2_vit_giant_16_224_20260504T231416Z/layer_10/eval/val",
            "probe_name": "temporal_attn",
            "split_name": "val"
          }
        },
        "split_name": "test"
      },
      "layer": 10,
      "layer_label": "10",
      "objective_metric": 15.686274509803921,
      "train": {
        "best_checkpoint": "artifacts/probes/intphys2/intphys2_probe_temporal_attn_videomae_v2_vit_giant_16_224_20260504T231416Z/layer_10/train/trial_0000/probe_best.pt",
        "best_eval_output_dir": "artifacts/probes/intphys2/intphys2_probe_temporal_attn_videomae_v2_vit_giant_16_224_20260504T231416Z/layer_10/train/trial_0000/val_eval",
        "best_output_dir": "artifacts/probes/intphys2/intphys2_probe_temporal_attn_videomae_v2_vit_giant_16_224_20260504T231416Z/layer_10/train/trial_0000",
        "best_params": {
          "batch_size": 1,
          "dropout": 0.006175348288740734,
          "lr": 0.0001329291894316216,
          "mlp_ratio": 4.0,
          "num_heads": 4,
          "num_self_attn_blocks": 3,
          "weight_decay": 0.005061576888752304
        },
        "best_trial_number": 0,
        "best_value": 11.76470588235294,
        "checkpoint": "artifacts/probes/intphys2/intphys2_probe_temporal_attn_videomae_v2_vit_giant_16_224_20260504T231416Z/layer_10/train/trial_0000/probe_best.pt",
        "dataset": "intphys2",
        "direction": "maximize",
        "layer": 10,
        "n_trials": 5,
        "objective_metric": "voe_accuracy",
        "output_dir": "artifacts/probes/intphys2/intphys2_probe_temporal_attn_videomae_v2_vit_giant_16_224_20260504T231416Z/layer_10/train",
        "probe_name": "temporal_attn",
        "storage": "sqlite:////gpfs/home3/scur0511/Probe4Physics/artifacts/probes/intphys2/intphys2_probe_temporal_attn_videomae_v2_vit_giant_16_224_20260504T231416Z/layer_10/train/optuna_study.sqlite3",
        "study_name": "intphys2_temporal_attn_videomae_v2_vit_giant_16_224_layer_10",
        "trials": [
          {
            "checkpoint": "artifacts/probes/intphys2/intphys2_probe_temporal_attn_videomae_v2_vit_giant_16_224_20260504T231416Z/layer_10/train/trial_0000/probe_best.pt",
            "eval_output_dir": "artifacts/probes/intphys2/intphys2_probe_temporal_attn_videomae_v2_vit_giant_16_224_20260504T231416Z/layer_10/train/trial_0000/val_eval",
            "output_dir": "artifacts/probes/intphys2/intphys2_probe_temporal_attn_videomae_v2_vit_giant_16_224_20260504T231416Z/layer_10/train/trial_0000",
            "params": {
              "batch_size": 1,
              "dropout": 0.006175348288740734,
              "lr": 0.0001329291894316216,
              "mlp_ratio": 4.0,
              "num_heads": 4,
              "num_self_attn_blocks": 3,
              "weight_decay": 0.005061576888752304
            },
            "trial_number": 0,
            "value": 11.76470588235294
          },
          {
            "checkpoint": "artifacts/probes/intphys2/intphys2_probe_temporal_attn_videomae_v2_vit_giant_16_224_20260504T231416Z/layer_10/train/trial_0001/probe_best.pt",
            "eval_output_dir": "artifacts/probes/intphys2/intphys2_probe_temporal_attn_videomae_v2_vit_giant_16_224_20260504T231416Z/layer_10/train/trial_0001/val_eval",
            "output_dir": "artifacts/probes/intphys2/intphys2_probe_temporal_attn_videomae_v2_vit_giant_16_224_20260504T231416Z/layer_10/train/trial_0001",
            "params": {
              "batch_size": 1,
              "dropout": 0.04184815819561255,
              "lr": 0.008123245085588688,
              "mlp_ratio": 4.0,
              "num_heads": 4,
              "num_self_attn_blocks": 2,
              "weight_decay": 0.0009877700294007926
            },
            "trial_number": 1,
            "value": 0.0
          },
          {
            "checkpoint": "artifacts/probes/intphys2/intphys2_probe_temporal_attn_videomae_v2_vit_giant_16_224_20260504T231416Z/layer_10/train/trial_0002/probe_best.pt",
            "eval_output_dir": "artifacts/probes/intphys2/intphys2_probe_temporal_attn_videomae_v2_vit_giant_16_224_20260504T231416Z/layer_10/train/trial_0002/val_eval",
            "output_dir": "artifacts/probes/intphys2/intphys2_probe_temporal_attn_videomae_v2_vit_giant_16_224_20260504T231416Z/layer_10/train/trial_0002",
            "params": {
              "batch_size": 1,
              "dropout": 0.019515477895583853,
              "lr": 7.52374288453485e-05,
              "mlp_ratio": 2.0,
              "num_heads": 8,
              "num_self_attn_blocks": 2,
              "weight_decay": 1.5782327810795563e-06
            },
            "trial_number": 2,
            "value": 9.803921568627452
          },
          {
            "checkpoint": "artifacts/probes/intphys2/intphys2_probe_temporal_attn_videomae_v2_vit_giant_16_224_20260504T231416Z/layer_10/train/trial_0003/probe_best.pt",
            "eval_output_dir": "artifacts/probes/intphys2/intphys2_probe_temporal_attn_videomae_v2_vit_giant_16_224_20260504T231416Z/layer_10/train/trial_0003/val_eval",
            "output_dir": "artifacts/probes/intphys2/intphys2_probe_temporal_attn_videomae_v2_vit_giant_16_224_20260504T231416Z/layer_10/train/trial_0003",
            "params": {
              "batch_size": 1,
              "dropout": 0.2727961206236346,
              "lr": 0.007025166339242158,
              "mlp_ratio": 2.0,
              "num_heads": 4,
              "num_self_attn_blocks": 1,
              "weight_decay": 0.006220025976819169
            },
            "trial_number": 3,
            "value": 0.0
          },
          {
            "checkpoint": "artifacts/probes/intphys2/intphys2_probe_temporal_attn_videomae_v2_vit_giant_16_224_20260504T231416Z/layer_10/train/trial_0004/probe_best.pt",
            "eval_output_dir": "artifacts/probes/intphys2/intphys2_probe_temporal_attn_videomae_v2_vit_giant_16_224_20260504T231416Z/layer_10/train/trial_0004/val_eval",
            "output_dir": "artifacts/probes/intphys2/intphys2_probe_temporal_attn_videomae_v2_vit_giant_16_224_20260504T231416Z/layer_10/train/trial_0004",
            "params": {
              "batch_size": 1,
              "dropout": 0.17936999364332554,
              "lr": 5.9750279999602906e-05,
              "mlp_ratio": 2.0,
              "num_heads": 16,
              "num_self_attn_blocks": 2,
              "weight_decay": 9.44351568796269e-05
            },
            "trial_number": 4,
            "value": 5.88235294117647
          }
        ]
      }
    },
    {
      "checkpoint": "artifacts/probes/intphys2/intphys2_probe_temporal_attn_videomae_v2_vit_giant_16_224_20260504T231416Z/layer_20/train/trial_0002/probe_best.pt",
      "eval": {
        "base_eval": {
          "metrics": {
            "accuracy": 49.01960784313725,
            "accuracy_by_condition": {
              "continuity": 50.0,
              "immutability": 47.91666666666667,
              "permanence": 50.0,
              "solidity": 48.333333333333336
            },
            "n_samples": 204,
            "n_scenes": 51,
            "voe_accuracy": 15.686274509803921,
            "voe_by_condition": {
              "continuity": 16.666666666666664,
              "immutability": 25.0,
              "permanence": 16.666666666666664,
              "solidity": 6.666666666666667
            }
          },
          "output_dir": "artifacts/probes/intphys2/intphys2_probe_temporal_attn_videomae_v2_vit_giant_16_224_20260504T231416Z/layer_20/eval/test",
          "split_dir": "data/splits/intphys2"
        },
        "checkpoint": "artifacts/probes/intphys2/intphys2_probe_temporal_attn_videomae_v2_vit_giant_16_224_20260504T231416Z/layer_20/train/trial_0002/probe_best.pt",
        "dataset": "intphys2",
        "feature_signature": "b6519b564d05bc63",
        "metrics": {
          "accuracy": 49.01960784313725,
          "accuracy_by_condition": {
            "continuity": 50.0,
            "immutability": 47.91666666666667,
            "permanence": 50.0,
            "solidity": 48.333333333333336
          },
          "n_samples": 204,
          "n_scenes": 51,
          "voe_accuracy": 15.686274509803921,
          "voe_by_condition": {
            "continuity": 16.666666666666664,
            "immutability": 25.0,
            "permanence": 16.666666666666664,
            "solidity": 6.666666666666667
          }
        },
        "metrics_by_split": {
          "test": {
            "accuracy": 49.01960784313725,
            "accuracy_by_condition": {
              "continuity": 50.0,
              "immutability": 47.91666666666667,
              "permanence": 50.0,
              "solidity": 48.333333333333336
            },
            "n_samples": 204,
            "n_scenes": 51,
            "voe_accuracy": 15.686274509803921,
            "voe_by_condition": {
              "continuity": 16.666666666666664,
              "immutability": 25.0,
              "permanence": 16.666666666666664,
              "solidity": 6.666666666666667
            }
          },
          "train": {
            "accuracy": 50.0,
            "accuracy_by_condition": {
              "continuity": 50.0,
              "immutability": 50.0,
              "permanence": 49.30555555555556,
              "solidity": 50.58139534883721
            },
            "n_samples": 604,
            "n_scenes": 151,
            "voe_accuracy": 27.81456953642384,
            "voe_by_condition": {
              "continuity": 47.22222222222222,
              "immutability": 38.88888888888889,
              "permanence": 25.0,
              "solidity": 4.651162790697675
            }
          },
          "val": {
            "accuracy": 50.98039215686274,
            "accuracy_by_condition": {
              "continuity": 52.083333333333336,
              "immutability": 50.0,
              "permanence": 50.0,
              "solidity": 51.66666666666667
            },
            "n_samples": 204,
            "n_scenes": 51,
            "voe_accuracy": 29.411764705882355,
            "voe_by_condition": {
              "continuity": 41.66666666666667,
              "immutability": 50.0,
              "permanence": 16.666666666666664,
              "solidity": 13.333333333333334
            }
          }
        },
        "objective_metric": 15.686274509803921,
        "prediction_file": "artifacts/probes/intphys2/intphys2_probe_temporal_attn_videomae_v2_vit_giant_16_224_20260504T231416Z/layer_20/eval/test/probe_predictions.json",
        "prediction_files": {
          "test": "artifacts/probes/intphys2/intphys2_probe_temporal_attn_videomae_v2_vit_giant_16_224_20260504T231416Z/layer_20/eval/test/probe_predictions.json",
          "train": "artifacts/probes/intphys2/intphys2_probe_temporal_attn_videomae_v2_vit_giant_16_224_20260504T231416Z/layer_20/eval/train/probe_predictions.json",
          "val": "artifacts/probes/intphys2/intphys2_probe_temporal_attn_videomae_v2_vit_giant_16_224_20260504T231416Z/layer_20/eval/val/probe_predictions.json"
        },
        "probe_eval_dir": "artifacts/probes/intphys2/intphys2_probe_temporal_attn_videomae_v2_vit_giant_16_224_20260504T231416Z/layer_20/eval",
        "probe_name": "temporal_attn",
        "reported_splits": [
          "train",
          "val",
          "test"
        ],
        "split_eval_dirs": {
          "test": "artifacts/probes/intphys2/intphys2_probe_temporal_attn_videomae_v2_vit_giant_16_224_20260504T231416Z/layer_20/eval/test",
          "train": "artifacts/probes/intphys2/intphys2_probe_temporal_attn_videomae_v2_vit_giant_16_224_20260504T231416Z/layer_20/eval/train",
          "val": "artifacts/probes/intphys2/intphys2_probe_temporal_attn_videomae_v2_vit_giant_16_224_20260504T231416Z/layer_20/eval/val"
        },
        "split_evals": {
          "test": {
            "base_eval": {
              "metrics": {
                "accuracy": 49.01960784313725,
                "accuracy_by_condition": {
                  "continuity": 50.0,
                  "immutability": 47.91666666666667,
                  "permanence": 50.0,
                  "solidity": 48.333333333333336
                },
                "n_samples": 204,
                "n_scenes": 51,
                "voe_accuracy": 15.686274509803921,
                "voe_by_condition": {
                  "continuity": 16.666666666666664,
                  "immutability": 25.0,
                  "permanence": 16.666666666666664,
                  "solidity": 6.666666666666667
                }
              },
              "output_dir": "artifacts/probes/intphys2/intphys2_probe_temporal_attn_videomae_v2_vit_giant_16_224_20260504T231416Z/layer_20/eval/test",
              "split_dir": "data/splits/intphys2"
            },
            "checkpoint": "artifacts/probes/intphys2/intphys2_probe_temporal_attn_videomae_v2_vit_giant_16_224_20260504T231416Z/layer_20/train/trial_0002/probe_best.pt",
            "dataset": "intphys2",
            "feature_signature": "b6519b564d05bc63",
            "metrics": {
              "accuracy": 49.01960784313725,
              "accuracy_by_condition": {
                "continuity": 50.0,
                "immutability": 47.91666666666667,
                "permanence": 50.0,
                "solidity": 48.333333333333336
              },
              "n_samples": 204,
              "n_scenes": 51,
              "voe_accuracy": 15.686274509803921,
              "voe_by_condition": {
                "continuity": 16.666666666666664,
                "immutability": 25.0,
                "permanence": 16.666666666666664,
                "solidity": 6.666666666666667
              }
            },
            "objective_metric": 15.686274509803921,
            "prediction_file": "artifacts/probes/intphys2/intphys2_probe_temporal_attn_videomae_v2_vit_giant_16_224_20260504T231416Z/layer_20/eval/test/probe_predictions.json",
            "probe_eval_dir": "artifacts/probes/intphys2/intphys2_probe_temporal_attn_videomae_v2_vit_giant_16_224_20260504T231416Z/layer_20/eval/test",
            "probe_name": "temporal_attn",
            "split_name": "test"
          },
          "train": {
            "base_eval": {
              "metrics": {
                "accuracy": 50.0,
                "accuracy_by_condition": {
                  "continuity": 50.0,
                  "immutability": 50.0,
                  "permanence": 49.30555555555556,
                  "solidity": 50.58139534883721
                },
                "n_samples": 604,
                "n_scenes": 151,
                "voe_accuracy": 27.81456953642384,
                "voe_by_condition": {
                  "continuity": 47.22222222222222,
                  "immutability": 38.88888888888889,
                  "permanence": 25.0,
                  "solidity": 4.651162790697675
                }
              },
              "output_dir": "artifacts/probes/intphys2/intphys2_probe_temporal_attn_videomae_v2_vit_giant_16_224_20260504T231416Z/layer_20/eval/train",
              "split_dir": "data/splits/intphys2"
            },
            "checkpoint": "artifacts/probes/intphys2/intphys2_probe_temporal_attn_videomae_v2_vit_giant_16_224_20260504T231416Z/layer_20/train/trial_0002/probe_best.pt",
            "dataset": "intphys2",
            "feature_signature": "b6519b564d05bc63",
            "metrics": {
              "accuracy": 50.0,
              "accuracy_by_condition": {
                "continuity": 50.0,
                "immutability": 50.0,
                "permanence": 49.30555555555556,
                "solidity": 50.58139534883721
              },
              "n_samples": 604,
              "n_scenes": 151,
              "voe_accuracy": 27.81456953642384,
              "voe_by_condition": {
                "continuity": 47.22222222222222,
                "immutability": 38.88888888888889,
                "permanence": 25.0,
                "solidity": 4.651162790697675
              }
            },
            "objective_metric": 27.81456953642384,
            "prediction_file": "artifacts/probes/intphys2/intphys2_probe_temporal_attn_videomae_v2_vit_giant_16_224_20260504T231416Z/layer_20/eval/train/probe_predictions.json",
            "probe_eval_dir": "artifacts/probes/intphys2/intphys2_probe_temporal_attn_videomae_v2_vit_giant_16_224_20260504T231416Z/layer_20/eval/train",
            "probe_name": "temporal_attn",
            "split_name": "train"
          },
          "val": {
            "base_eval": {
              "metrics": {
                "accuracy": 50.98039215686274,
                "accuracy_by_condition": {
                  "continuity": 52.083333333333336,
                  "immutability": 50.0,
                  "permanence": 50.0,
                  "solidity": 51.66666666666667
                },
                "n_samples": 204,
                "n_scenes": 51,
                "voe_accuracy": 29.411764705882355,
                "voe_by_condition": {
                  "continuity": 41.66666666666667,
                  "immutability": 50.0,
                  "permanence": 16.666666666666664,
                  "solidity": 13.333333333333334
                }
              },
              "output_dir": "artifacts/probes/intphys2/intphys2_probe_temporal_attn_videomae_v2_vit_giant_16_224_20260504T231416Z/layer_20/eval/val",
              "split_dir": "data/splits/intphys2"
            },
            "checkpoint": "artifacts/probes/intphys2/intphys2_probe_temporal_attn_videomae_v2_vit_giant_16_224_20260504T231416Z/layer_20/train/trial_0002/probe_best.pt",
            "dataset": "intphys2",
            "feature_signature": "b6519b564d05bc63",
            "metrics": {
              "accuracy": 50.98039215686274,
              "accuracy_by_condition": {
                "continuity": 52.083333333333336,
                "immutability": 50.0,
                "permanence": 50.0,
                "solidity": 51.66666666666667
              },
              "n_samples": 204,
              "n_scenes": 51,
              "voe_accuracy": 29.411764705882355,
              "voe_by_condition": {
                "continuity": 41.66666666666667,
                "immutability": 50.0,
                "permanence": 16.666666666666664,
                "solidity": 13.333333333333334
              }
            },
            "objective_metric": 29.411764705882355,
            "prediction_file": "artifacts/probes/intphys2/intphys2_probe_temporal_attn_videomae_v2_vit_giant_16_224_20260504T231416Z/layer_20/eval/val/probe_predictions.json",
            "probe_eval_dir": "artifacts/probes/intphys2/intphys2_probe_temporal_attn_videomae_v2_vit_giant_16_224_20260504T231416Z/layer_20/eval/val",
            "probe_name": "temporal_attn",
            "split_name": "val"
          }
        },
        "split_name": "test"
      },
      "layer": 20,
      "layer_label": "20",
      "objective_metric": 15.686274509803921,
      "train": {
        "best_checkpoint": "artifacts/probes/intphys2/intphys2_probe_temporal_attn_videomae_v2_vit_giant_16_224_20260504T231416Z/layer_20/train/trial_0002/probe_best.pt",
        "best_eval_output_dir": "artifacts/probes/intphys2/intphys2_probe_temporal_attn_videomae_v2_vit_giant_16_224_20260504T231416Z/layer_20/train/trial_0002/val_eval",
        "best_output_dir": "artifacts/probes/intphys2/intphys2_probe_temporal_attn_videomae_v2_vit_giant_16_224_20260504T231416Z/layer_20/train/trial_0002",
        "best_params": {
          "batch_size": 1,
          "dropout": 0.019515477895583853,
          "lr": 7.52374288453485e-05,
          "mlp_ratio": 2.0,
          "num_heads": 8,
          "num_self_attn_blocks": 2,
          "weight_decay": 1.5782327810795563e-06
        },
        "best_trial_number": 2,
        "best_value": 29.411764705882355,
        "checkpoint": "artifacts/probes/intphys2/intphys2_probe_temporal_attn_videomae_v2_vit_giant_16_224_20260504T231416Z/layer_20/train/trial_0002/probe_best.pt",
        "dataset": "intphys2",
        "direction": "maximize",
        "layer": 20,
        "n_trials": 5,
        "objective_metric": "voe_accuracy",
        "output_dir": "artifacts/probes/intphys2/intphys2_probe_temporal_attn_videomae_v2_vit_giant_16_224_20260504T231416Z/layer_20/train",
        "probe_name": "temporal_attn",
        "storage": "sqlite:////gpfs/home3/scur0511/Probe4Physics/artifacts/probes/intphys2/intphys2_probe_temporal_attn_videomae_v2_vit_giant_16_224_20260504T231416Z/layer_20/train/optuna_study.sqlite3",
        "study_name": "intphys2_temporal_attn_videomae_v2_vit_giant_16_224_layer_20",
        "trials": [
          {
            "checkpoint": "artifacts/probes/intphys2/intphys2_probe_temporal_attn_videomae_v2_vit_giant_16_224_20260504T231416Z/layer_20/train/trial_0000/probe_best.pt",
            "eval_output_dir": "artifacts/probes/intphys2/intphys2_probe_temporal_attn_videomae_v2_vit_giant_16_224_20260504T231416Z/layer_20/train/trial_0000/val_eval",
            "output_dir": "artifacts/probes/intphys2/intphys2_probe_temporal_attn_videomae_v2_vit_giant_16_224_20260504T231416Z/layer_20/train/trial_0000",
            "params": {
              "batch_size": 1,
              "dropout": 0.006175348288740734,
              "lr": 0.0001329291894316216,
              "mlp_ratio": 4.0,
              "num_heads": 4,
              "num_self_attn_blocks": 3,
              "weight_decay": 0.005061576888752304
            },
            "trial_number": 0,
            "value": 17.647058823529413
          },
          {
            "checkpoint": "artifacts/probes/intphys2/intphys2_probe_temporal_attn_videomae_v2_vit_giant_16_224_20260504T231416Z/layer_20/train/trial_0001/probe_best.pt",
            "eval_output_dir": "artifacts/probes/intphys2/intphys2_probe_temporal_attn_videomae_v2_vit_giant_16_224_20260504T231416Z/layer_20/train/trial_0001/val_eval",
            "output_dir": "artifacts/probes/intphys2/intphys2_probe_temporal_attn_videomae_v2_vit_giant_16_224_20260504T231416Z/layer_20/train/trial_0001",
            "params": {
              "batch_size": 1,
              "dropout": 0.04184815819561255,
              "lr": 0.008123245085588688,
              "mlp_ratio": 4.0,
              "num_heads": 4,
              "num_self_attn_blocks": 2,
              "weight_decay": 0.0009877700294007926
            },
            "trial_number": 1,
            "value": 0.0
          },
          {
            "checkpoint": "artifacts/probes/intphys2/intphys2_probe_temporal_attn_videomae_v2_vit_giant_16_224_20260504T231416Z/layer_20/train/trial_0002/probe_best.pt",
            "eval_output_dir": "artifacts/probes/intphys2/intphys2_probe_temporal_attn_videomae_v2_vit_giant_16_224_20260504T231416Z/layer_20/train/trial_0002/val_eval",
            "output_dir": "artifacts/probes/intphys2/intphys2_probe_temporal_attn_videomae_v2_vit_giant_16_224_20260504T231416Z/layer_20/train/trial_0002",
            "params": {
              "batch_size": 1,
              "dropout": 0.019515477895583853,
              "lr": 7.52374288453485e-05,
              "mlp_ratio": 2.0,
              "num_heads": 8,
              "num_self_attn_blocks": 2,
              "weight_decay": 1.5782327810795563e-06
            },
            "trial_number": 2,
            "value": 29.411764705882355
          },
          {
            "checkpoint": "artifacts/probes/intphys2/intphys2_probe_temporal_attn_videomae_v2_vit_giant_16_224_20260504T231416Z/layer_20/train/trial_0004/probe_best.pt",
            "eval_output_dir": "artifacts/probes/intphys2/intphys2_probe_temporal_attn_videomae_v2_vit_giant_16_224_20260504T231416Z/layer_20/train/trial_0004/val_eval",
            "output_dir": "artifacts/probes/intphys2/intphys2_probe_temporal_attn_videomae_v2_vit_giant_16_224_20260504T231416Z/layer_20/train/trial_0004",
            "params": {
              "batch_size": 1,
              "dropout": 0.17936999364332554,
              "lr": 5.9750279999602906e-05,
              "mlp_ratio": 2.0,
              "num_heads": 16,
              "num_self_attn_blocks": 2,
              "weight_decay": 9.44351568796269e-05
            },
            "trial_number": 4,
            "value": 29.411764705882355
          }
        ]
      }
    },
    {
      "checkpoint": "artifacts/probes/intphys2/intphys2_probe_temporal_attn_videomae_v2_vit_giant_16_224_20260504T231416Z/layer_30/train/trial_0002/probe_best.pt",
      "eval": {
        "base_eval": {
          "metrics": {
            "accuracy": 50.49019607843137,
            "accuracy_by_condition": {
              "continuity": 52.083333333333336,
              "immutability": 47.91666666666667,
              "permanence": 50.0,
              "solidity": 51.66666666666667
            },
            "n_samples": 204,
            "n_scenes": 51,
            "voe_accuracy": 29.411764705882355,
            "voe_by_condition": {
              "continuity": 25.0,
              "immutability": 58.333333333333336,
              "permanence": 33.33333333333333,
              "solidity": 6.666666666666667
            }
          },
          "output_dir": "artifacts/probes/intphys2/intphys2_probe_temporal_attn_videomae_v2_vit_giant_16_224_20260504T231416Z/layer_30/eval/test",
          "split_dir": "data/splits/intphys2"
        },
        "checkpoint": "artifacts/probes/intphys2/intphys2_probe_temporal_attn_videomae_v2_vit_giant_16_224_20260504T231416Z/layer_30/train/trial_0002/probe_best.pt",
        "dataset": "intphys2",
        "feature_signature": "b6519b564d05bc63",
        "metrics": {
          "accuracy": 50.49019607843137,
          "accuracy_by_condition": {
            "continuity": 52.083333333333336,
            "immutability": 47.91666666666667,
            "permanence": 50.0,
            "solidity": 51.66666666666667
          },
          "n_samples": 204,
          "n_scenes": 51,
          "voe_accuracy": 29.411764705882355,
          "voe_by_condition": {
            "continuity": 25.0,
            "immutability": 58.333333333333336,
            "permanence": 33.33333333333333,
            "solidity": 6.666666666666667
          }
        },
        "metrics_by_split": {
          "test": {
            "accuracy": 50.49019607843137,
            "accuracy_by_condition": {
              "continuity": 52.083333333333336,
              "immutability": 47.91666666666667,
              "permanence": 50.0,
              "solidity": 51.66666666666667
            },
            "n_samples": 204,
            "n_scenes": 51,
            "voe_accuracy": 29.411764705882355,
            "voe_by_condition": {
              "continuity": 25.0,
              "immutability": 58.333333333333336,
              "permanence": 33.33333333333333,
              "solidity": 6.666666666666667
            }
          },
          "train": {
            "accuracy": 50.0,
            "accuracy_by_condition": {
              "continuity": 50.0,
              "immutability": 50.69444444444444,
              "permanence": 49.30555555555556,
              "solidity": 50.0
            },
            "n_samples": 604,
            "n_scenes": 151,
            "voe_accuracy": 27.1523178807947,
            "voe_by_condition": {
              "continuity": 38.88888888888889,
              "immutability": 38.88888888888889,
              "permanence": 22.22222222222222,
              "solidity": 11.627906976744185
            }
          },
          "val": {
            "accuracy": 50.49019607843137,
            "accuracy_by_condition": {
              "continuity": 50.0,
              "immutability": 52.083333333333336,
              "permanence": 50.0,
              "solidity": 50.0
            },
            "n_samples": 204,
            "n_scenes": 51,
            "voe_accuracy": 27.450980392156865,
            "voe_by_condition": {
              "continuity": 50.0,
              "immutability": 33.33333333333333,
              "permanence": 25.0,
              "solidity": 6.666666666666667
            }
          }
        },
        "objective_metric": 29.411764705882355,
        "prediction_file": "artifacts/probes/intphys2/intphys2_probe_temporal_attn_videomae_v2_vit_giant_16_224_20260504T231416Z/layer_30/eval/test/probe_predictions.json",
        "prediction_files": {
          "test": "artifacts/probes/intphys2/intphys2_probe_temporal_attn_videomae_v2_vit_giant_16_224_20260504T231416Z/layer_30/eval/test/probe_predictions.json",
          "train": "artifacts/probes/intphys2/intphys2_probe_temporal_attn_videomae_v2_vit_giant_16_224_20260504T231416Z/layer_30/eval/train/probe_predictions.json",
          "val": "artifacts/probes/intphys2/intphys2_probe_temporal_attn_videomae_v2_vit_giant_16_224_20260504T231416Z/layer_30/eval/val/probe_predictions.json"
        },
        "probe_eval_dir": "artifacts/probes/intphys2/intphys2_probe_temporal_attn_videomae_v2_vit_giant_16_224_20260504T231416Z/layer_30/eval",
        "probe_name": "temporal_attn",
        "reported_splits": [
          "train",
          "val",
          "test"
        ],
        "split_eval_dirs": {
          "test": "artifacts/probes/intphys2/intphys2_probe_temporal_attn_videomae_v2_vit_giant_16_224_20260504T231416Z/layer_30/eval/test",
          "train": "artifacts/probes/intphys2/intphys2_probe_temporal_attn_videomae_v2_vit_giant_16_224_20260504T231416Z/layer_30/eval/train",
          "val": "artifacts/probes/intphys2/intphys2_probe_temporal_attn_videomae_v2_vit_giant_16_224_20260504T231416Z/layer_30/eval/val"
        },
        "split_evals": {
          "test": {
            "base_eval": {
              "metrics": {
                "accuracy": 50.49019607843137,
                "accuracy_by_condition": {
                  "continuity": 52.083333333333336,
                  "immutability": 47.91666666666667,
                  "permanence": 50.0,
                  "solidity": 51.66666666666667
                },
                "n_samples": 204,
                "n_scenes": 51,
                "voe_accuracy": 29.411764705882355,
                "voe_by_condition": {
                  "continuity": 25.0,
                  "immutability": 58.333333333333336,
                  "permanence": 33.33333333333333,
                  "solidity": 6.666666666666667
                }
              },
              "output_dir": "artifacts/probes/intphys2/intphys2_probe_temporal_attn_videomae_v2_vit_giant_16_224_20260504T231416Z/layer_30/eval/test",
              "split_dir": "data/splits/intphys2"
            },
            "checkpoint": "artifacts/probes/intphys2/intphys2_probe_temporal_attn_videomae_v2_vit_giant_16_224_20260504T231416Z/layer_30/train/trial_0002/probe_best.pt",
            "dataset": "intphys2",
            "feature_signature": "b6519b564d05bc63",
            "metrics": {
              "accuracy": 50.49019607843137,
              "accuracy_by_condition": {
                "continuity": 52.083333333333336,
                "immutability": 47.91666666666667,
                "permanence": 50.0,
                "solidity": 51.66666666666667
              },
              "n_samples": 204,
              "n_scenes": 51,
              "voe_accuracy": 29.411764705882355,
              "voe_by_condition": {
                "continuity": 25.0,
                "immutability": 58.333333333333336,
                "permanence": 33.33333333333333,
                "solidity": 6.666666666666667
              }
            },
            "objective_metric": 29.411764705882355,
            "prediction_file": "artifacts/probes/intphys2/intphys2_probe_temporal_attn_videomae_v2_vit_giant_16_224_20260504T231416Z/layer_30/eval/test/probe_predictions.json",
            "probe_eval_dir": "artifacts/probes/intphys2/intphys2_probe_temporal_attn_videomae_v2_vit_giant_16_224_20260504T231416Z/layer_30/eval/test",
            "probe_name": "temporal_attn",
            "split_name": "test"
          },
          "train": {
            "base_eval": {
              "metrics": {
                "accuracy": 50.0,
                "accuracy_by_condition": {
                  "continuity": 50.0,
                  "immutability": 50.69444444444444,
                  "permanence": 49.30555555555556,
                  "solidity": 50.0
                },
                "n_samples": 604,
                "n_scenes": 151,
                "voe_accuracy": 27.1523178807947,
                "voe_by_condition": {
                  "continuity": 38.88888888888889,
                  "immutability": 38.88888888888889,
                  "permanence": 22.22222222222222,
                  "solidity": 11.627906976744185
                }
              },
              "output_dir": "artifacts/probes/intphys2/intphys2_probe_temporal_attn_videomae_v2_vit_giant_16_224_20260504T231416Z/layer_30/eval/train",
              "split_dir": "data/splits/intphys2"
            },
            "checkpoint": "artifacts/probes/intphys2/intphys2_probe_temporal_attn_videomae_v2_vit_giant_16_224_20260504T231416Z/layer_30/train/trial_0002/probe_best.pt",
            "dataset": "intphys2",
            "feature_signature": "b6519b564d05bc63",
            "metrics": {
              "accuracy": 50.0,
              "accuracy_by_condition": {
                "continuity": 50.0,
                "immutability": 50.69444444444444,
                "permanence": 49.30555555555556,
                "solidity": 50.0
              },
              "n_samples": 604,
              "n_scenes": 151,
              "voe_accuracy": 27.1523178807947,
              "voe_by_condition": {
                "continuity": 38.88888888888889,
                "immutability": 38.88888888888889,
                "permanence": 22.22222222222222,
                "solidity": 11.627906976744185
              }
            },
            "objective_metric": 27.1523178807947,
            "prediction_file": "artifacts/probes/intphys2/intphys2_probe_temporal_attn_videomae_v2_vit_giant_16_224_20260504T231416Z/layer_30/eval/train/probe_predictions.json",
            "probe_eval_dir": "artifacts/probes/intphys2/intphys2_probe_temporal_attn_videomae_v2_vit_giant_16_224_20260504T231416Z/layer_30/eval/train",
            "probe_name": "temporal_attn",
            "split_name": "train"
          },
          "val": {
            "base_eval": {
              "metrics": {
                "accuracy": 50.49019607843137,
                "accuracy_by_condition": {
                  "continuity": 50.0,
                  "immutability": 52.083333333333336,
                  "permanence": 50.0,
                  "solidity": 50.0
                },
                "n_samples": 204,
                "n_scenes": 51,
                "voe_accuracy": 27.450980392156865,
                "voe_by_condition": {
                  "continuity": 50.0,
                  "immutability": 33.33333333333333,
                  "permanence": 25.0,
                  "solidity": 6.666666666666667
                }
              },
              "output_dir": "artifacts/probes/intphys2/intphys2_probe_temporal_attn_videomae_v2_vit_giant_16_224_20260504T231416Z/layer_30/eval/val",
              "split_dir": "data/splits/intphys2"
            },
            "checkpoint": "artifacts/probes/intphys2/intphys2_probe_temporal_attn_videomae_v2_vit_giant_16_224_20260504T231416Z/layer_30/train/trial_0002/probe_best.pt",
            "dataset": "intphys2",
            "feature_signature": "b6519b564d05bc63",
            "metrics": {
              "accuracy": 50.49019607843137,
              "accuracy_by_condition": {
                "continuity": 50.0,
                "immutability": 52.083333333333336,
                "permanence": 50.0,
                "solidity": 50.0
              },
              "n_samples": 204,
              "n_scenes": 51,
              "voe_accuracy": 27.450980392156865,
              "voe_by_condition": {
                "continuity": 50.0,
                "immutability": 33.33333333333333,
                "permanence": 25.0,
                "solidity": 6.666666666666667
              }
            },
            "objective_metric": 27.450980392156865,
            "prediction_file": "artifacts/probes/intphys2/intphys2_probe_temporal_attn_videomae_v2_vit_giant_16_224_20260504T231416Z/layer_30/eval/val/probe_predictions.json",
            "probe_eval_dir": "artifacts/probes/intphys2/intphys2_probe_temporal_attn_videomae_v2_vit_giant_16_224_20260504T231416Z/layer_30/eval/val",
            "probe_name": "temporal_attn",
            "split_name": "val"
          }
        },
        "split_name": "test"
      },
      "layer": 30,
      "layer_label": "30",
      "objective_metric": 29.411764705882355,
      "train": {
        "best_checkpoint": "artifacts/probes/intphys2/intphys2_probe_temporal_attn_videomae_v2_vit_giant_16_224_20260504T231416Z/layer_30/train/trial_0002/probe_best.pt",
        "best_eval_output_dir": "artifacts/probes/intphys2/intphys2_probe_temporal_attn_videomae_v2_vit_giant_16_224_20260504T231416Z/layer_30/train/trial_0002/val_eval",
        "best_output_dir": "artifacts/probes/intphys2/intphys2_probe_temporal_attn_videomae_v2_vit_giant_16_224_20260504T231416Z/layer_30/train/trial_0002",
        "best_params": {
          "batch_size": 1,
          "dropout": 0.019515477895583853,
          "lr": 7.52374288453485e-05,
          "mlp_ratio": 2.0,
          "num_heads": 8,
          "num_self_attn_blocks": 2,
          "weight_decay": 1.5782327810795563e-06
        },
        "best_trial_number": 2,
        "best_value": 27.450980392156865,
        "checkpoint": "artifacts/probes/intphys2/intphys2_probe_temporal_attn_videomae_v2_vit_giant_16_224_20260504T231416Z/layer_30/train/trial_0002/probe_best.pt",
        "dataset": "intphys2",
        "direction": "maximize",
        "layer": 30,
        "n_trials": 5,
        "objective_metric": "voe_accuracy",
        "output_dir": "artifacts/probes/intphys2/intphys2_probe_temporal_attn_videomae_v2_vit_giant_16_224_20260504T231416Z/layer_30/train",
        "probe_name": "temporal_attn",
        "storage": "sqlite:////gpfs/home3/scur0511/Probe4Physics/artifacts/probes/intphys2/intphys2_probe_temporal_attn_videomae_v2_vit_giant_16_224_20260504T231416Z/layer_30/train/optuna_study.sqlite3",
        "study_name": "intphys2_temporal_attn_videomae_v2_vit_giant_16_224_layer_30",
        "trials": [
          {
            "checkpoint": "artifacts/probes/intphys2/intphys2_probe_temporal_attn_videomae_v2_vit_giant_16_224_20260504T231416Z/layer_30/train/trial_0000/probe_best.pt",
            "eval_output_dir": "artifacts/probes/intphys2/intphys2_probe_temporal_attn_videomae_v2_vit_giant_16_224_20260504T231416Z/layer_30/train/trial_0000/val_eval",
            "output_dir": "artifacts/probes/intphys2/intphys2_probe_temporal_attn_videomae_v2_vit_giant_16_224_20260504T231416Z/layer_30/train/trial_0000",
            "params": {
              "batch_size": 1,
              "dropout": 0.006175348288740734,
              "lr": 0.0001329291894316216,
              "mlp_ratio": 4.0,
              "num_heads": 4,
              "num_self_attn_blocks": 3,
              "weight_decay": 0.005061576888752304
            },
            "trial_number": 0,
            "value": 17.647058823529413
          },
          {
            "checkpoint": "artifacts/probes/intphys2/intphys2_probe_temporal_attn_videomae_v2_vit_giant_16_224_20260504T231416Z/layer_30/train/trial_0001/probe_best.pt",
            "eval_output_dir": "artifacts/probes/intphys2/intphys2_probe_temporal_attn_videomae_v2_vit_giant_16_224_20260504T231416Z/layer_30/train/trial_0001/val_eval",
            "output_dir": "artifacts/probes/intphys2/intphys2_probe_temporal_attn_videomae_v2_vit_giant_16_224_20260504T231416Z/layer_30/train/trial_0001",
            "params": {
              "batch_size": 1,
              "dropout": 0.04184815819561255,
              "lr": 0.008123245085588688,
              "mlp_ratio": 4.0,
              "num_heads": 4,
              "num_self_attn_blocks": 2,
              "weight_decay": 0.0009877700294007926
            },
            "trial_number": 1,
            "value": 0.0
          },
          {
            "checkpoint": "artifacts/probes/intphys2/intphys2_probe_temporal_attn_videomae_v2_vit_giant_16_224_20260504T231416Z/layer_30/train/trial_0002/probe_best.pt",
            "eval_output_dir": "artifacts/probes/intphys2/intphys2_probe_temporal_attn_videomae_v2_vit_giant_16_224_20260504T231416Z/layer_30/train/trial_0002/val_eval",
            "output_dir": "artifacts/probes/intphys2/intphys2_probe_temporal_attn_videomae_v2_vit_giant_16_224_20260504T231416Z/layer_30/train/trial_0002",
            "params": {
              "batch_size": 1,
              "dropout": 0.019515477895583853,
              "lr": 7.52374288453485e-05,
              "mlp_ratio": 2.0,
              "num_heads": 8,
              "num_self_attn_blocks": 2,
              "weight_decay": 1.5782327810795563e-06
            },
            "trial_number": 2,
            "value": 27.450980392156865
          },
          {
            "checkpoint": "artifacts/probes/intphys2/intphys2_probe_temporal_attn_videomae_v2_vit_giant_16_224_20260504T231416Z/layer_30/train/trial_0004/probe_best.pt",
            "eval_output_dir": "artifacts/probes/intphys2/intphys2_probe_temporal_attn_videomae_v2_vit_giant_16_224_20260504T231416Z/layer_30/train/trial_0004/val_eval",
            "output_dir": "artifacts/probes/intphys2/intphys2_probe_temporal_attn_videomae_v2_vit_giant_16_224_20260504T231416Z/layer_30/train/trial_0004",
            "params": {
              "batch_size": 1,
              "dropout": 0.17936999364332554,
              "lr": 5.9750279999602906e-05,
              "mlp_ratio": 2.0,
              "num_heads": 16,
              "num_self_attn_blocks": 2,
              "weight_decay": 9.44351568796269e-05
            },
            "trial_number": 4,
            "value": 27.450980392156865
          }
        ]
      }
    },
    {
      "checkpoint": "artifacts/probes/intphys2/intphys2_probe_temporal_attn_videomae_v2_vit_giant_16_224_20260504T231416Z/layer_40/train/trial_0002/probe_best.pt",
      "eval": {
        "base_eval": {
          "metrics": {
            "accuracy": 50.49019607843137,
            "accuracy_by_condition": {
              "continuity": 50.0,
              "immutability": 50.0,
              "permanence": 50.0,
              "solidity": 51.66666666666667
            },
            "n_samples": 204,
            "n_scenes": 51,
            "voe_accuracy": 17.647058823529413,
            "voe_by_condition": {
              "continuity": 25.0,
              "immutability": 8.333333333333332,
              "permanence": 25.0,
              "solidity": 13.333333333333334
            }
          },
          "output_dir": "artifacts/probes/intphys2/intphys2_probe_temporal_attn_videomae_v2_vit_giant_16_224_20260504T231416Z/layer_40/eval/test",
          "split_dir": "data/splits/intphys2"
        },
        "checkpoint": "artifacts/probes/intphys2/intphys2_probe_temporal_attn_videomae_v2_vit_giant_16_224_20260504T231416Z/layer_40/train/trial_0002/probe_best.pt",
        "dataset": "intphys2",
        "feature_signature": "b6519b564d05bc63",
        "metrics": {
          "accuracy": 50.49019607843137,
          "accuracy_by_condition": {
            "continuity": 50.0,
            "immutability": 50.0,
            "permanence": 50.0,
            "solidity": 51.66666666666667
          },
          "n_samples": 204,
          "n_scenes": 51,
          "voe_accuracy": 17.647058823529413,
          "voe_by_condition": {
            "continuity": 25.0,
            "immutability": 8.333333333333332,
            "permanence": 25.0,
            "solidity": 13.333333333333334
          }
        },
        "metrics_by_split": {
          "test": {
            "accuracy": 50.49019607843137,
            "accuracy_by_condition": {
              "continuity": 50.0,
              "immutability": 50.0,
              "permanence": 50.0,
              "solidity": 51.66666666666667
            },
            "n_samples": 204,
            "n_scenes": 51,
            "voe_accuracy": 17.647058823529413,
            "voe_by_condition": {
              "continuity": 25.0,
              "immutability": 8.333333333333332,
              "permanence": 25.0,
              "solidity": 13.333333333333334
            }
          },
          "train": {
            "accuracy": 50.16556291390728,
            "accuracy_by_condition": {
              "continuity": 50.0,
              "immutability": 50.0,
              "permanence": 51.388888888888886,
              "solidity": 49.41860465116279
            },
            "n_samples": 604,
            "n_scenes": 151,
            "voe_accuracy": 23.841059602649008,
            "voe_by_condition": {
              "continuity": 44.44444444444444,
              "immutability": 19.444444444444446,
              "permanence": 13.88888888888889,
              "solidity": 18.6046511627907
            }
          },
          "val": {
            "accuracy": 50.98039215686274,
            "accuracy_by_condition": {
              "continuity": 50.0,
              "immutability": 50.0,
              "permanence": 52.083333333333336,
              "solidity": 51.66666666666667
            },
            "n_samples": 204,
            "n_scenes": 51,
            "voe_accuracy": 23.52941176470588,
            "voe_by_condition": {
              "continuity": 33.33333333333333,
              "immutability": 33.33333333333333,
              "permanence": 16.666666666666664,
              "solidity": 13.333333333333334
            }
          }
        },
        "objective_metric": 17.647058823529413,
        "prediction_file": "artifacts/probes/intphys2/intphys2_probe_temporal_attn_videomae_v2_vit_giant_16_224_20260504T231416Z/layer_40/eval/test/probe_predictions.json",
        "prediction_files": {
          "test": "artifacts/probes/intphys2/intphys2_probe_temporal_attn_videomae_v2_vit_giant_16_224_20260504T231416Z/layer_40/eval/test/probe_predictions.json",
          "train": "artifacts/probes/intphys2/intphys2_probe_temporal_attn_videomae_v2_vit_giant_16_224_20260504T231416Z/layer_40/eval/train/probe_predictions.json",
          "val": "artifacts/probes/intphys2/intphys2_probe_temporal_attn_videomae_v2_vit_giant_16_224_20260504T231416Z/layer_40/eval/val/probe_predictions.json"
        },
        "probe_eval_dir": "artifacts/probes/intphys2/intphys2_probe_temporal_attn_videomae_v2_vit_giant_16_224_20260504T231416Z/layer_40/eval",
        "probe_name": "temporal_attn",
        "reported_splits": [
          "train",
          "val",
          "test"
        ],
        "split_eval_dirs": {
          "test": "artifacts/probes/intphys2/intphys2_probe_temporal_attn_videomae_v2_vit_giant_16_224_20260504T231416Z/layer_40/eval/test",
          "train": "artifacts/probes/intphys2/intphys2_probe_temporal_attn_videomae_v2_vit_giant_16_224_20260504T231416Z/layer_40/eval/train",
          "val": "artifacts/probes/intphys2/intphys2_probe_temporal_attn_videomae_v2_vit_giant_16_224_20260504T231416Z/layer_40/eval/val"
        },
        "split_evals": {
          "test": {
            "base_eval": {
              "metrics": {
                "accuracy": 50.49019607843137,
                "accuracy_by_condition": {
                  "continuity": 50.0,
                  "immutability": 50.0,
                  "permanence": 50.0,
                  "solidity": 51.66666666666667
                },
                "n_samples": 204,
                "n_scenes": 51,
                "voe_accuracy": 17.647058823529413,
                "voe_by_condition": {
                  "continuity": 25.0,
                  "immutability": 8.333333333333332,
                  "permanence": 25.0,
                  "solidity": 13.333333333333334
                }
              },
              "output_dir": "artifacts/probes/intphys2/intphys2_probe_temporal_attn_videomae_v2_vit_giant_16_224_20260504T231416Z/layer_40/eval/test",
              "split_dir": "data/splits/intphys2"
            },
            "checkpoint": "artifacts/probes/intphys2/intphys2_probe_temporal_attn_videomae_v2_vit_giant_16_224_20260504T231416Z/layer_40/train/trial_0002/probe_best.pt",
            "dataset": "intphys2",
            "feature_signature": "b6519b564d05bc63",
            "metrics": {
              "accuracy": 50.49019607843137,
              "accuracy_by_condition": {
                "continuity": 50.0,
                "immutability": 50.0,
                "permanence": 50.0,
                "solidity": 51.66666666666667
              },
              "n_samples": 204,
              "n_scenes": 51,
              "voe_accuracy": 17.647058823529413,
              "voe_by_condition": {
                "continuity": 25.0,
                "immutability": 8.333333333333332,
                "permanence": 25.0,
                "solidity": 13.333333333333334
              }
            },
            "objective_metric": 17.647058823529413,
            "prediction_file": "artifacts/probes/intphys2/intphys2_probe_temporal_attn_videomae_v2_vit_giant_16_224_20260504T231416Z/layer_40/eval/test/probe_predictions.json",
            "probe_eval_dir": "artifacts/probes/intphys2/intphys2_probe_temporal_attn_videomae_v2_vit_giant_16_224_20260504T231416Z/layer_40/eval/test",
            "probe_name": "temporal_attn",
            "split_name": "test"
          },
          "train": {
            "base_eval": {
              "metrics": {
                "accuracy": 50.16556291390728,
                "accuracy_by_condition": {
                  "continuity": 50.0,
                  "immutability": 50.0,
                  "permanence": 51.388888888888886,
                  "solidity": 49.41860465116279
                },
                "n_samples": 604,
                "n_scenes": 151,
                "voe_accuracy": 23.841059602649008,
                "voe_by_condition": {
                  "continuity": 44.44444444444444,
                  "immutability": 19.444444444444446,
                  "permanence": 13.88888888888889,
                  "solidity": 18.6046511627907
                }
              },
              "output_dir": "artifacts/probes/intphys2/intphys2_probe_temporal_attn_videomae_v2_vit_giant_16_224_20260504T231416Z/layer_40/eval/train",
              "split_dir": "data/splits/intphys2"
            },
            "checkpoint": "artifacts/probes/intphys2/intphys2_probe_temporal_attn_videomae_v2_vit_giant_16_224_20260504T231416Z/layer_40/train/trial_0002/probe_best.pt",
            "dataset": "intphys2",
            "feature_signature": "b6519b564d05bc63",
            "metrics": {
              "accuracy": 50.16556291390728,
              "accuracy_by_condition": {
                "continuity": 50.0,
                "immutability": 50.0,
                "permanence": 51.388888888888886,
                "solidity": 49.41860465116279
              },
              "n_samples": 604,
              "n_scenes": 151,
              "voe_accuracy": 23.841059602649008,
              "voe_by_condition": {
                "continuity": 44.44444444444444,
                "immutability": 19.444444444444446,
                "permanence": 13.88888888888889,
                "solidity": 18.6046511627907
              }
            },
            "objective_metric": 23.841059602649008,
            "prediction_file": "artifacts/probes/intphys2/intphys2_probe_temporal_attn_videomae_v2_vit_giant_16_224_20260504T231416Z/layer_40/eval/train/probe_predictions.json",
            "probe_eval_dir": "artifacts/probes/intphys2/intphys2_probe_temporal_attn_videomae_v2_vit_giant_16_224_20260504T231416Z/layer_40/eval/train",
            "probe_name": "temporal_attn",
            "split_name": "train"
          },
          "val": {
            "base_eval": {
              "metrics": {
                "accuracy": 50.98039215686274,
                "accuracy_by_condition": {
                  "continuity": 50.0,
                  "immutability": 50.0,
                  "permanence": 52.083333333333336,
                  "solidity": 51.66666666666667
                },
                "n_samples": 204,
                "n_scenes": 51,
                "voe_accuracy": 23.52941176470588,
                "voe_by_condition": {
                  "continuity": 33.33333333333333,
                  "immutability": 33.33333333333333,
                  "permanence": 16.666666666666664,
                  "solidity": 13.333333333333334
                }
              },
              "output_dir": "artifacts/probes/intphys2/intphys2_probe_temporal_attn_videomae_v2_vit_giant_16_224_20260504T231416Z/layer_40/eval/val",
              "split_dir": "data/splits/intphys2"
            },
            "checkpoint": "artifacts/probes/intphys2/intphys2_probe_temporal_attn_videomae_v2_vit_giant_16_224_20260504T231416Z/layer_40/train/trial_0002/probe_best.pt",
            "dataset": "intphys2",
            "feature_signature": "b6519b564d05bc63",
            "metrics": {
              "accuracy": 50.98039215686274,
              "accuracy_by_condition": {
                "continuity": 50.0,
                "immutability": 50.0,
                "permanence": 52.083333333333336,
                "solidity": 51.66666666666667
              },
              "n_samples": 204,
              "n_scenes": 51,
              "voe_accuracy": 23.52941176470588,
              "voe_by_condition": {
                "continuity": 33.33333333333333,
                "immutability": 33.33333333333333,
                "permanence": 16.666666666666664,
                "solidity": 13.333333333333334
              }
            },
            "objective_metric": 23.52941176470588,
            "prediction_file": "artifacts/probes/intphys2/intphys2_probe_temporal_attn_videomae_v2_vit_giant_16_224_20260504T231416Z/layer_40/eval/val/probe_predictions.json",
            "probe_eval_dir": "artifacts/probes/intphys2/intphys2_probe_temporal_attn_videomae_v2_vit_giant_16_224_20260504T231416Z/layer_40/eval/val",
            "probe_name": "temporal_attn",
            "split_name": "val"
          }
        },
        "split_name": "test"
      },
      "layer": 40,
      "layer_label": "40",
      "objective_metric": 17.647058823529413,
      "train": {
        "best_checkpoint": "artifacts/probes/intphys2/intphys2_probe_temporal_attn_videomae_v2_vit_giant_16_224_20260504T231416Z/layer_40/train/trial_0002/probe_best.pt",
        "best_eval_output_dir": "artifacts/probes/intphys2/intphys2_probe_temporal_attn_videomae_v2_vit_giant_16_224_20260504T231416Z/layer_40/train/trial_0002/val_eval",
        "best_output_dir": "artifacts/probes/intphys2/intphys2_probe_temporal_attn_videomae_v2_vit_giant_16_224_20260504T231416Z/layer_40/train/trial_0002",
        "best_params": {
          "batch_size": 1,
          "dropout": 0.019515477895583853,
          "lr": 7.52374288453485e-05,
          "mlp_ratio": 2.0,
          "num_heads": 8,
          "num_self_attn_blocks": 2,
          "weight_decay": 1.5782327810795563e-06
        },
        "best_trial_number": 2,
        "best_value": 23.52941176470588,
        "checkpoint": "artifacts/probes/intphys2/intphys2_probe_temporal_attn_videomae_v2_vit_giant_16_224_20260504T231416Z/layer_40/train/trial_0002/probe_best.pt",
        "dataset": "intphys2",
        "direction": "maximize",
        "layer": 40,
        "n_trials": 5,
        "objective_metric": "voe_accuracy",
        "output_dir": "artifacts/probes/intphys2/intphys2_probe_temporal_attn_videomae_v2_vit_giant_16_224_20260504T231416Z/layer_40/train",
        "probe_name": "temporal_attn",
        "storage": "sqlite:////gpfs/home3/scur0511/Probe4Physics/artifacts/probes/intphys2/intphys2_probe_temporal_attn_videomae_v2_vit_giant_16_224_20260504T231416Z/layer_40/train/optuna_study.sqlite3",
        "study_name": "intphys2_temporal_attn_videomae_v2_vit_giant_16_224_layer_40",
        "trials": [
          {
            "checkpoint": "artifacts/probes/intphys2/intphys2_probe_temporal_attn_videomae_v2_vit_giant_16_224_20260504T231416Z/layer_40/train/trial_0000/probe_best.pt",
            "eval_output_dir": "artifacts/probes/intphys2/intphys2_probe_temporal_attn_videomae_v2_vit_giant_16_224_20260504T231416Z/layer_40/train/trial_0000/val_eval",
            "output_dir": "artifacts/probes/intphys2/intphys2_probe_temporal_attn_videomae_v2_vit_giant_16_224_20260504T231416Z/layer_40/train/trial_0000",
            "params": {
              "batch_size": 1,
              "dropout": 0.006175348288740734,
              "lr": 0.0001329291894316216,
              "mlp_ratio": 4.0,
              "num_heads": 4,
              "num_self_attn_blocks": 3,
              "weight_decay": 0.005061576888752304
            },
            "trial_number": 0,
            "value": 21.568627450980394
          },
          {
            "checkpoint": "artifacts/probes/intphys2/intphys2_probe_temporal_attn_videomae_v2_vit_giant_16_224_20260504T231416Z/layer_40/train/trial_0001/probe_best.pt",
            "eval_output_dir": "artifacts/probes/intphys2/intphys2_probe_temporal_attn_videomae_v2_vit_giant_16_224_20260504T231416Z/layer_40/train/trial_0001/val_eval",
            "output_dir": "artifacts/probes/intphys2/intphys2_probe_temporal_attn_videomae_v2_vit_giant_16_224_20260504T231416Z/layer_40/train/trial_0001",
            "params": {
              "batch_size": 1,
              "dropout": 0.04184815819561255,
              "lr": 0.008123245085588688,
              "mlp_ratio": 4.0,
              "num_heads": 4,
              "num_self_attn_blocks": 2,
              "weight_decay": 0.0009877700294007926
            },
            "trial_number": 1,
            "value": 0.0
          },
          {
            "checkpoint": "artifacts/probes/intphys2/intphys2_probe_temporal_attn_videomae_v2_vit_giant_16_224_20260504T231416Z/layer_40/train/trial_0002/probe_best.pt",
            "eval_output_dir": "artifacts/probes/intphys2/intphys2_probe_temporal_attn_videomae_v2_vit_giant_16_224_20260504T231416Z/layer_40/train/trial_0002/val_eval",
            "output_dir": "artifacts/probes/intphys2/intphys2_probe_temporal_attn_videomae_v2_vit_giant_16_224_20260504T231416Z/layer_40/train/trial_0002",
            "params": {
              "batch_size": 1,
              "dropout": 0.019515477895583853,
              "lr": 7.52374288453485e-05,
              "mlp_ratio": 2.0,
              "num_heads": 8,
              "num_self_attn_blocks": 2,
              "weight_decay": 1.5782327810795563e-06
            },
            "trial_number": 2,
            "value": 23.52941176470588
          },
          {
            "checkpoint": "artifacts/probes/intphys2/intphys2_probe_temporal_attn_videomae_v2_vit_giant_16_224_20260504T231416Z/layer_40/train/trial_0004/probe_best.pt",
            "eval_output_dir": "artifacts/probes/intphys2/intphys2_probe_temporal_attn_videomae_v2_vit_giant_16_224_20260504T231416Z/layer_40/train/trial_0004/val_eval",
            "output_dir": "artifacts/probes/intphys2/intphys2_probe_temporal_attn_videomae_v2_vit_giant_16_224_20260504T231416Z/layer_40/train/trial_0004",
            "params": {
              "batch_size": 1,
              "dropout": 0.17936999364332554,
              "lr": 5.9750279999602906e-05,
              "mlp_ratio": 2.0,
              "num_heads": 16,
              "num_self_attn_blocks": 2,
              "weight_decay": 9.44351568796269e-05
            },
            "trial_number": 4,
            "value": 23.52941176470588
          }
        ]
      }
    }
  ],
  "model_selection_split": "val",
  "objective_metric_name": "voe_accuracy",
  "probe_name": "temporal_attn",
  "reported_splits": [
    "train",
    "val",
    "test"
  ],
  "requested_layers": [
    10,
    20,
    30,
    40
  ],
  "split_name": "test",
  "sweep_dir": "artifacts/probes/intphys2/intphys2_probe_temporal_attn_videomae_v2_vit_giant_16_224_20260504T231416Z",
  "train_split": "train"
}
JOB_END_UTC=2026-05-05T01:04:15Z
JOB_ELAPSED_SECONDS=6604
