===== TRAIN PROVENANCE =====
Tue May  5 10:30:35 UTC 2026
gcn132.local.snellius.surf.nl
6a929503ad6267515d82e8e97dd388d0c33653fd
Python 3.11.15
/home/scur0511/.conda/envs/probe4physics-gpu/bin/python
REPO_ROOT=/gpfs/home3/scur0511/Probe4Physics
DATASET_NAME=intphys2
PROBE_NAME=temporal_attn
BACKBONE_NAME=jepa_v2_1
BACKBONE_VARIANT=vitG_384
PROBE_EPOCHS=20
PROBE_DEVICE=cuda
PROBE_LAYER=last
PROBE_LAYERS=12,24,38,48
PROBE_FEATURE_VIEW=tokens
ENABLE_WANDB=true
WANDB_PROJECT=probe4physics
WANDB_MODE=online
WANDB_GROUP=intphys2_temporal_attn_jepa_v2_1_vitG_384
ENABLE_OPTUNA=true
OPTUNA_N_TRIALS=5
OPTUNA_N_JOBS=1
OPTUNA_TIMEOUT_SECONDS=0
ENABLE_OPTUNA_PRUNER=true
OPTUNA_PRUNER_STARTUP_TRIALS=3
OPTUNA_PRUNER_WARMUP_STEPS=5
OPTUNA_PRUNER_INTERVAL_STEPS=1
OPTUNA_STUDY_NAME=intphys2_temporal_attn_jepa_v2_1_vitG_384
OPTUNA_SEARCH_OVERRIDES=probe.eval_batch_size=1 probe.optuna.search_space.batch_size.choices=[1]
============================
JOB_START_UTC=2026-05-05T10:30:35Z
{
  "best_layer": null,
  "best_layer_label": null,
  "best_objective_metric": null,
  "dataset": "intphys2",
  "feature_view": "tokens",
  "layers": [
    {
      "checkpoint": "artifacts/probes/intphys2/intphys2_probe_temporal_attn_jepa_v2_1_vitG_384_20260505T103039Z/layer_48/train/trial_0004/probe_best.pt",
      "eval": {
        "base_eval": {
          "metrics": {
            "accuracy": 70.09803921568627,
            "accuracy_by_condition": {
              "continuity": 62.5,
              "immutability": 87.5,
              "permanence": 79.16666666666666,
              "solidity": 55.00000000000001
            },
            "n_samples": 204,
            "n_scenes": 51,
            "voe_accuracy": 45.09803921568628,
            "voe_by_condition": {
              "continuity": 50.0,
              "immutability": 83.33333333333334,
              "permanence": 50.0,
              "solidity": 6.666666666666667
            }
          },
          "output_dir": "artifacts/probes/intphys2/intphys2_probe_temporal_attn_jepa_v2_1_vitG_384_20260505T103039Z/layer_48/eval/test",
          "split_dir": "data/splits/intphys2"
        },
        "checkpoint": "artifacts/probes/intphys2/intphys2_probe_temporal_attn_jepa_v2_1_vitG_384_20260505T103039Z/layer_48/train/trial_0004/probe_best.pt",
        "dataset": "intphys2",
        "feature_signature": "5c7753635ab2bb76",
        "metrics": {
          "accuracy": 70.09803921568627,
          "accuracy_by_condition": {
            "continuity": 62.5,
            "immutability": 87.5,
            "permanence": 79.16666666666666,
            "solidity": 55.00000000000001
          },
          "n_samples": 204,
          "n_scenes": 51,
          "voe_accuracy": 45.09803921568628,
          "voe_by_condition": {
            "continuity": 50.0,
            "immutability": 83.33333333333334,
            "permanence": 50.0,
            "solidity": 6.666666666666667
          }
        },
        "metrics_by_split": {
          "test": {
            "accuracy": 70.09803921568627,
            "accuracy_by_condition": {
              "continuity": 62.5,
              "immutability": 87.5,
              "permanence": 79.16666666666666,
              "solidity": 55.00000000000001
            },
            "n_samples": 204,
            "n_scenes": 51,
            "voe_accuracy": 45.09803921568628,
            "voe_by_condition": {
              "continuity": 50.0,
              "immutability": 83.33333333333334,
              "permanence": 50.0,
              "solidity": 6.666666666666667
            }
          },
          "train": {
            "accuracy": 76.15894039735099,
            "accuracy_by_condition": {
              "continuity": 85.41666666666666,
              "immutability": 80.55555555555556,
              "permanence": 80.55555555555556,
              "solidity": 61.04651162790697
            },
            "n_samples": 604,
            "n_scenes": 151,
            "voe_accuracy": 62.913907284768214,
            "voe_by_condition": {
              "continuity": 80.55555555555556,
              "immutability": 86.11111111111111,
              "permanence": 63.888888888888886,
              "solidity": 27.906976744186046
            }
          },
          "val": {
            "accuracy": 69.11764705882352,
            "accuracy_by_condition": {
              "continuity": 81.25,
              "immutability": 62.5,
              "permanence": 77.08333333333334,
              "solidity": 58.333333333333336
            },
            "n_samples": 204,
            "n_scenes": 51,
            "voe_accuracy": 49.01960784313725,
            "voe_by_condition": {
              "continuity": 66.66666666666666,
              "immutability": 58.333333333333336,
              "permanence": 66.66666666666666,
              "solidity": 13.333333333333334
            }
          }
        },
        "objective_metric": 45.09803921568628,
        "prediction_file": "artifacts/probes/intphys2/intphys2_probe_temporal_attn_jepa_v2_1_vitG_384_20260505T103039Z/layer_48/eval/test/probe_predictions.json",
        "prediction_files": {
          "test": "artifacts/probes/intphys2/intphys2_probe_temporal_attn_jepa_v2_1_vitG_384_20260505T103039Z/layer_48/eval/test/probe_predictions.json",
          "train": "artifacts/probes/intphys2/intphys2_probe_temporal_attn_jepa_v2_1_vitG_384_20260505T103039Z/layer_48/eval/train/probe_predictions.json",
          "val": "artifacts/probes/intphys2/intphys2_probe_temporal_attn_jepa_v2_1_vitG_384_20260505T103039Z/layer_48/eval/val/probe_predictions.json"
        },
        "probe_eval_dir": "artifacts/probes/intphys2/intphys2_probe_temporal_attn_jepa_v2_1_vitG_384_20260505T103039Z/layer_48/eval",
        "probe_name": "temporal_attn",
        "reported_splits": [
          "train",
          "val",
          "test"
        ],
        "split_eval_dirs": {
          "test": "artifacts/probes/intphys2/intphys2_probe_temporal_attn_jepa_v2_1_vitG_384_20260505T103039Z/layer_48/eval/test",
          "train": "artifacts/probes/intphys2/intphys2_probe_temporal_attn_jepa_v2_1_vitG_384_20260505T103039Z/layer_48/eval/train",
          "val": "artifacts/probes/intphys2/intphys2_probe_temporal_attn_jepa_v2_1_vitG_384_20260505T103039Z/layer_48/eval/val"
        },
        "split_evals": {
          "test": {
            "base_eval": {
              "metrics": {
                "accuracy": 70.09803921568627,
                "accuracy_by_condition": {
                  "continuity": 62.5,
                  "immutability": 87.5,
                  "permanence": 79.16666666666666,
                  "solidity": 55.00000000000001
                },
                "n_samples": 204,
                "n_scenes": 51,
                "voe_accuracy": 45.09803921568628,
                "voe_by_condition": {
                  "continuity": 50.0,
                  "immutability": 83.33333333333334,
                  "permanence": 50.0,
                  "solidity": 6.666666666666667
                }
              },
              "output_dir": "artifacts/probes/intphys2/intphys2_probe_temporal_attn_jepa_v2_1_vitG_384_20260505T103039Z/layer_48/eval/test",
              "split_dir": "data/splits/intphys2"
            },
            "checkpoint": "artifacts/probes/intphys2/intphys2_probe_temporal_attn_jepa_v2_1_vitG_384_20260505T103039Z/layer_48/train/trial_0004/probe_best.pt",
            "dataset": "intphys2",
            "feature_signature": "5c7753635ab2bb76",
            "metrics": {
              "accuracy": 70.09803921568627,
              "accuracy_by_condition": {
                "continuity": 62.5,
                "immutability": 87.5,
                "permanence": 79.16666666666666,
                "solidity": 55.00000000000001
              },
              "n_samples": 204,
              "n_scenes": 51,
              "voe_accuracy": 45.09803921568628,
              "voe_by_condition": {
                "continuity": 50.0,
                "immutability": 83.33333333333334,
                "permanence": 50.0,
                "solidity": 6.666666666666667
              }
            },
            "objective_metric": 45.09803921568628,
            "prediction_file": "artifacts/probes/intphys2/intphys2_probe_temporal_attn_jepa_v2_1_vitG_384_20260505T103039Z/layer_48/eval/test/probe_predictions.json",
            "probe_eval_dir": "artifacts/probes/intphys2/intphys2_probe_temporal_attn_jepa_v2_1_vitG_384_20260505T103039Z/layer_48/eval/test",
            "probe_name": "temporal_attn",
            "split_name": "test"
          },
          "train": {
            "base_eval": {
              "metrics": {
                "accuracy": 76.15894039735099,
                "accuracy_by_condition": {
                  "continuity": 85.41666666666666,
                  "immutability": 80.55555555555556,
                  "permanence": 80.55555555555556,
                  "solidity": 61.04651162790697
                },
                "n_samples": 604,
                "n_scenes": 151,
                "voe_accuracy": 62.913907284768214,
                "voe_by_condition": {
                  "continuity": 80.55555555555556,
                  "immutability": 86.11111111111111,
                  "permanence": 63.888888888888886,
                  "solidity": 27.906976744186046
                }
              },
              "output_dir": "artifacts/probes/intphys2/intphys2_probe_temporal_attn_jepa_v2_1_vitG_384_20260505T103039Z/layer_48/eval/train",
              "split_dir": "data/splits/intphys2"
            },
            "checkpoint": "artifacts/probes/intphys2/intphys2_probe_temporal_attn_jepa_v2_1_vitG_384_20260505T103039Z/layer_48/train/trial_0004/probe_best.pt",
            "dataset": "intphys2",
            "feature_signature": "5c7753635ab2bb76",
            "metrics": {
              "accuracy": 76.15894039735099,
              "accuracy_by_condition": {
                "continuity": 85.41666666666666,
                "immutability": 80.55555555555556,
                "permanence": 80.55555555555556,
                "solidity": 61.04651162790697
              },
              "n_samples": 604,
              "n_scenes": 151,
              "voe_accuracy": 62.913907284768214,
              "voe_by_condition": {
                "continuity": 80.55555555555556,
                "immutability": 86.11111111111111,
                "permanence": 63.888888888888886,
                "solidity": 27.906976744186046
              }
            },
            "objective_metric": 62.913907284768214,
            "prediction_file": "artifacts/probes/intphys2/intphys2_probe_temporal_attn_jepa_v2_1_vitG_384_20260505T103039Z/layer_48/eval/train/probe_predictions.json",
            "probe_eval_dir": "artifacts/probes/intphys2/intphys2_probe_temporal_attn_jepa_v2_1_vitG_384_20260505T103039Z/layer_48/eval/train",
            "probe_name": "temporal_attn",
            "split_name": "train"
          },
          "val": {
            "base_eval": {
              "metrics": {
                "accuracy": 69.11764705882352,
                "accuracy_by_condition": {
                  "continuity": 81.25,
                  "immutability": 62.5,
                  "permanence": 77.08333333333334,
                  "solidity": 58.333333333333336
                },
                "n_samples": 204,
                "n_scenes": 51,
                "voe_accuracy": 49.01960784313725,
                "voe_by_condition": {
                  "continuity": 66.66666666666666,
                  "immutability": 58.333333333333336,
                  "permanence": 66.66666666666666,
                  "solidity": 13.333333333333334
                }
              },
              "output_dir": "artifacts/probes/intphys2/intphys2_probe_temporal_attn_jepa_v2_1_vitG_384_20260505T103039Z/layer_48/eval/val",
              "split_dir": "data/splits/intphys2"
            },
            "checkpoint": "artifacts/probes/intphys2/intphys2_probe_temporal_attn_jepa_v2_1_vitG_384_20260505T103039Z/layer_48/train/trial_0004/probe_best.pt",
            "dataset": "intphys2",
            "feature_signature": "5c7753635ab2bb76",
            "metrics": {
              "accuracy": 69.11764705882352,
              "accuracy_by_condition": {
                "continuity": 81.25,
                "immutability": 62.5,
                "permanence": 77.08333333333334,
                "solidity": 58.333333333333336
              },
              "n_samples": 204,
              "n_scenes": 51,
              "voe_accuracy": 49.01960784313725,
              "voe_by_condition": {
                "continuity": 66.66666666666666,
                "immutability": 58.333333333333336,
                "permanence": 66.66666666666666,
                "solidity": 13.333333333333334
              }
            },
            "objective_metric": 49.01960784313725,
            "prediction_file": "artifacts/probes/intphys2/intphys2_probe_temporal_attn_jepa_v2_1_vitG_384_20260505T103039Z/layer_48/eval/val/probe_predictions.json",
            "probe_eval_dir": "artifacts/probes/intphys2/intphys2_probe_temporal_attn_jepa_v2_1_vitG_384_20260505T103039Z/layer_48/eval/val",
            "probe_name": "temporal_attn",
            "split_name": "val"
          }
        },
        "split_name": "test"
      },
      "layer": 48,
      "layer_label": "48",
      "objective_metric": 45.09803921568628,
      "train": {
        "best_checkpoint": "artifacts/probes/intphys2/intphys2_probe_temporal_attn_jepa_v2_1_vitG_384_20260505T103039Z/layer_48/train/trial_0004/probe_best.pt",
        "best_eval_output_dir": "artifacts/probes/intphys2/intphys2_probe_temporal_attn_jepa_v2_1_vitG_384_20260505T103039Z/layer_48/train/trial_0004/val_eval",
        "best_output_dir": "artifacts/probes/intphys2/intphys2_probe_temporal_attn_jepa_v2_1_vitG_384_20260505T103039Z/layer_48/train/trial_0004",
        "best_params": {
          "batch_size": 1,
          "dropout": 0.17936999364332554,
          "lr": 5.9750279999602906e-05,
          "mlp_ratio": 2.0,
          "num_heads": 16,
          "num_self_attn_blocks": 2,
          "weight_decay": 9.44351568796269e-05
        },
        "best_trial_number": 4,
        "best_value": 49.01960784313725,
        "checkpoint": "artifacts/probes/intphys2/intphys2_probe_temporal_attn_jepa_v2_1_vitG_384_20260505T103039Z/layer_48/train/trial_0004/probe_best.pt",
        "dataset": "intphys2",
        "direction": "maximize",
        "layer": 48,
        "n_trials": 5,
        "objective_metric": "voe_accuracy",
        "output_dir": "artifacts/probes/intphys2/intphys2_probe_temporal_attn_jepa_v2_1_vitG_384_20260505T103039Z/layer_48/train",
        "probe_name": "temporal_attn",
        "storage": "sqlite:////gpfs/home3/scur0511/Probe4Physics/artifacts/probes/intphys2/intphys2_probe_temporal_attn_jepa_v2_1_vitG_384_20260505T103039Z/layer_48/train/optuna_study.sqlite3",
        "study_name": "intphys2_temporal_attn_jepa_v2_1_vitG_384_layer_48",
        "trials": [
          {
            "checkpoint": "artifacts/probes/intphys2/intphys2_probe_temporal_attn_jepa_v2_1_vitG_384_20260505T103039Z/layer_48/train/trial_0000/probe_best.pt",
            "eval_output_dir": "artifacts/probes/intphys2/intphys2_probe_temporal_attn_jepa_v2_1_vitG_384_20260505T103039Z/layer_48/train/trial_0000/val_eval",
            "output_dir": "artifacts/probes/intphys2/intphys2_probe_temporal_attn_jepa_v2_1_vitG_384_20260505T103039Z/layer_48/train/trial_0000",
            "params": {
              "batch_size": 1,
              "dropout": 0.006175348288740734,
              "lr": 0.0001329291894316216,
              "mlp_ratio": 4.0,
              "num_heads": 4,
              "num_self_attn_blocks": 3,
              "weight_decay": 0.005061576888752304
            },
            "trial_number": 0,
            "value": 19.607843137254903
          },
          {
            "checkpoint": "artifacts/probes/intphys2/intphys2_probe_temporal_attn_jepa_v2_1_vitG_384_20260505T103039Z/layer_48/train/trial_0001/probe_best.pt",
            "eval_output_dir": "artifacts/probes/intphys2/intphys2_probe_temporal_attn_jepa_v2_1_vitG_384_20260505T103039Z/layer_48/train/trial_0001/val_eval",
            "output_dir": "artifacts/probes/intphys2/intphys2_probe_temporal_attn_jepa_v2_1_vitG_384_20260505T103039Z/layer_48/train/trial_0001",
            "params": {
              "batch_size": 1,
              "dropout": 0.04184815819561255,
              "lr": 0.008123245085588688,
              "mlp_ratio": 4.0,
              "num_heads": 4,
              "num_self_attn_blocks": 2,
              "weight_decay": 0.0009877700294007926
            },
            "trial_number": 1,
            "value": 0.0
          },
          {
            "checkpoint": "artifacts/probes/intphys2/intphys2_probe_temporal_attn_jepa_v2_1_vitG_384_20260505T103039Z/layer_48/train/trial_0002/probe_best.pt",
            "eval_output_dir": "artifacts/probes/intphys2/intphys2_probe_temporal_attn_jepa_v2_1_vitG_384_20260505T103039Z/layer_48/train/trial_0002/val_eval",
            "output_dir": "artifacts/probes/intphys2/intphys2_probe_temporal_attn_jepa_v2_1_vitG_384_20260505T103039Z/layer_48/train/trial_0002",
            "params": {
              "batch_size": 1,
              "dropout": 0.019515477895583853,
              "lr": 7.52374288453485e-05,
              "mlp_ratio": 2.0,
              "num_heads": 8,
              "num_self_attn_blocks": 2,
              "weight_decay": 1.5782327810795563e-06
            },
            "trial_number": 2,
            "value": 13.725490196078432
          },
          {
            "checkpoint": "artifacts/probes/intphys2/intphys2_probe_temporal_attn_jepa_v2_1_vitG_384_20260505T103039Z/layer_48/train/trial_0003/probe_best.pt",
            "eval_output_dir": "artifacts/probes/intphys2/intphys2_probe_temporal_attn_jepa_v2_1_vitG_384_20260505T103039Z/layer_48/train/trial_0003/val_eval",
            "output_dir": "artifacts/probes/intphys2/intphys2_probe_temporal_attn_jepa_v2_1_vitG_384_20260505T103039Z/layer_48/train/trial_0003",
            "params": {
              "batch_size": 1,
              "dropout": 0.2727961206236346,
              "lr": 0.007025166339242158,
              "mlp_ratio": 2.0,
              "num_heads": 4,
              "num_self_attn_blocks": 1,
              "weight_decay": 0.006220025976819169
            },
            "trial_number": 3,
            "value": 0.0
          },
          {
            "checkpoint": "artifacts/probes/intphys2/intphys2_probe_temporal_attn_jepa_v2_1_vitG_384_20260505T103039Z/layer_48/train/trial_0004/probe_best.pt",
            "eval_output_dir": "artifacts/probes/intphys2/intphys2_probe_temporal_attn_jepa_v2_1_vitG_384_20260505T103039Z/layer_48/train/trial_0004/val_eval",
            "output_dir": "artifacts/probes/intphys2/intphys2_probe_temporal_attn_jepa_v2_1_vitG_384_20260505T103039Z/layer_48/train/trial_0004",
            "params": {
              "batch_size": 1,
              "dropout": 0.17936999364332554,
              "lr": 5.9750279999602906e-05,
              "mlp_ratio": 2.0,
              "num_heads": 16,
              "num_self_attn_blocks": 2,
              "weight_decay": 9.44351568796269e-05
            },
            "trial_number": 4,
            "value": 49.01960784313725
          }
        ]
      }
    }
  ],
  "model_selection_split": "val",
  "objective_metric_name": "voe_accuracy",
  "probe_name": "temporal_attn",
  "reported_splits": [
    "train",
    "val",
    "test"
  ],
  "requested_layers": [
    48
  ],
  "split_name": "test",
  "sweep_dir": "artifacts/probes/intphys2/intphys2_probe_temporal_attn_jepa_v2_1_vitG_384_20260505T103039Z",
  "train_split": "train"
}
JOB_END_UTC=2026-05-05T12:08:20Z
JOB_ELAPSED_SECONDS=5865
