===== TRAIN PROVENANCE =====
Mon May  4 23:14:11 UTC 2026
gcn132.local.snellius.surf.nl
6a929503ad6267515d82e8e97dd388d0c33653fd
Python 3.11.15
/home/scur0511/.conda/envs/probe4physics-gpu/bin/python
REPO_ROOT=/gpfs/home3/scur0511/Probe4Physics
DATASET_NAME=intphys2
PROBE_NAME=temporal_attn
BACKBONE_NAME=jepa_v2
BACKBONE_VARIANT=vitg_384
PROBE_EPOCHS=20
PROBE_DEVICE=cuda
PROBE_LAYER=last
PROBE_LAYERS=10,20,30,40
PROBE_FEATURE_VIEW=tokens
ENABLE_WANDB=true
WANDB_PROJECT=probe4physics
WANDB_MODE=online
WANDB_GROUP=intphys2_temporal_attn_jepa_v2_vitg_384
ENABLE_OPTUNA=true
OPTUNA_N_TRIALS=5
OPTUNA_N_JOBS=1
OPTUNA_TIMEOUT_SECONDS=0
ENABLE_OPTUNA_PRUNER=true
OPTUNA_PRUNER_STARTUP_TRIALS=3
OPTUNA_PRUNER_WARMUP_STEPS=5
OPTUNA_PRUNER_INTERVAL_STEPS=1
OPTUNA_STUDY_NAME=intphys2_temporal_attn_jepa_v2_vitg_384
OPTUNA_SEARCH_OVERRIDES=probe.eval_batch_size=1 probe.optuna.search_space.batch_size.choices=[1]
============================
JOB_START_UTC=2026-05-04T23:14:11Z
{
  "best_layer": null,
  "best_layer_label": null,
  "best_objective_metric": null,
  "dataset": "intphys2",
  "feature_view": "tokens",
  "layers": [
    {
      "checkpoint": "artifacts/probes/intphys2/intphys2_probe_temporal_attn_jepa_v2_vitg_384_20260504T231416Z/layer_10/train/trial_0000/probe_best.pt",
      "eval": {
        "base_eval": {
          "metrics": {
            "accuracy": 45.588235294117645,
            "accuracy_by_condition": {
              "continuity": 54.166666666666664,
              "immutability": 41.66666666666667,
              "permanence": 37.5,
              "solidity": 48.333333333333336
            },
            "n_samples": 204,
            "n_scenes": 51,
            "voe_accuracy": 17.647058823529413,
            "voe_by_condition": {
              "continuity": 16.666666666666664,
              "immutability": 8.333333333333332,
              "permanence": 16.666666666666664,
              "solidity": 26.666666666666668
            }
          },
          "output_dir": "artifacts/probes/intphys2/intphys2_probe_temporal_attn_jepa_v2_vitg_384_20260504T231416Z/layer_10/eval/test",
          "split_dir": "data/splits/intphys2"
        },
        "checkpoint": "artifacts/probes/intphys2/intphys2_probe_temporal_attn_jepa_v2_vitg_384_20260504T231416Z/layer_10/train/trial_0000/probe_best.pt",
        "dataset": "intphys2",
        "feature_signature": "6370d2c41854f9d5",
        "metrics": {
          "accuracy": 45.588235294117645,
          "accuracy_by_condition": {
            "continuity": 54.166666666666664,
            "immutability": 41.66666666666667,
            "permanence": 37.5,
            "solidity": 48.333333333333336
          },
          "n_samples": 204,
          "n_scenes": 51,
          "voe_accuracy": 17.647058823529413,
          "voe_by_condition": {
            "continuity": 16.666666666666664,
            "immutability": 8.333333333333332,
            "permanence": 16.666666666666664,
            "solidity": 26.666666666666668
          }
        },
        "metrics_by_split": {
          "test": {
            "accuracy": 45.588235294117645,
            "accuracy_by_condition": {
              "continuity": 54.166666666666664,
              "immutability": 41.66666666666667,
              "permanence": 37.5,
              "solidity": 48.333333333333336
            },
            "n_samples": 204,
            "n_scenes": 51,
            "voe_accuracy": 17.647058823529413,
            "voe_by_condition": {
              "continuity": 16.666666666666664,
              "immutability": 8.333333333333332,
              "permanence": 16.666666666666664,
              "solidity": 26.666666666666668
            }
          },
          "train": {
            "accuracy": 53.807947019867555,
            "accuracy_by_condition": {
              "continuity": 50.0,
              "immutability": 52.77777777777778,
              "permanence": 56.94444444444444,
              "solidity": 55.23255813953488
            },
            "n_samples": 604,
            "n_scenes": 151,
            "voe_accuracy": 18.543046357615893,
            "voe_by_condition": {
              "continuity": 11.11111111111111,
              "immutability": 25.0,
              "permanence": 22.22222222222222,
              "solidity": 16.27906976744186
            }
          },
          "val": {
            "accuracy": 53.92156862745098,
            "accuracy_by_condition": {
              "continuity": 47.91666666666667,
              "immutability": 56.25,
              "permanence": 56.25,
              "solidity": 55.00000000000001
            },
            "n_samples": 204,
            "n_scenes": 51,
            "voe_accuracy": 25.49019607843137,
            "voe_by_condition": {
              "continuity": 8.333333333333332,
              "immutability": 33.33333333333333,
              "permanence": 41.66666666666667,
              "solidity": 20.0
            }
          }
        },
        "objective_metric": 17.647058823529413,
        "prediction_file": "artifacts/probes/intphys2/intphys2_probe_temporal_attn_jepa_v2_vitg_384_20260504T231416Z/layer_10/eval/test/probe_predictions.json",
        "prediction_files": {
          "test": "artifacts/probes/intphys2/intphys2_probe_temporal_attn_jepa_v2_vitg_384_20260504T231416Z/layer_10/eval/test/probe_predictions.json",
          "train": "artifacts/probes/intphys2/intphys2_probe_temporal_attn_jepa_v2_vitg_384_20260504T231416Z/layer_10/eval/train/probe_predictions.json",
          "val": "artifacts/probes/intphys2/intphys2_probe_temporal_attn_jepa_v2_vitg_384_20260504T231416Z/layer_10/eval/val/probe_predictions.json"
        },
        "probe_eval_dir": "artifacts/probes/intphys2/intphys2_probe_temporal_attn_jepa_v2_vitg_384_20260504T231416Z/layer_10/eval",
        "probe_name": "temporal_attn",
        "reported_splits": [
          "train",
          "val",
          "test"
        ],
        "split_eval_dirs": {
          "test": "artifacts/probes/intphys2/intphys2_probe_temporal_attn_jepa_v2_vitg_384_20260504T231416Z/layer_10/eval/test",
          "train": "artifacts/probes/intphys2/intphys2_probe_temporal_attn_jepa_v2_vitg_384_20260504T231416Z/layer_10/eval/train",
          "val": "artifacts/probes/intphys2/intphys2_probe_temporal_attn_jepa_v2_vitg_384_20260504T231416Z/layer_10/eval/val"
        },
        "split_evals": {
          "test": {
            "base_eval": {
              "metrics": {
                "accuracy": 45.588235294117645,
                "accuracy_by_condition": {
                  "continuity": 54.166666666666664,
                  "immutability": 41.66666666666667,
                  "permanence": 37.5,
                  "solidity": 48.333333333333336
                },
                "n_samples": 204,
                "n_scenes": 51,
                "voe_accuracy": 17.647058823529413,
                "voe_by_condition": {
                  "continuity": 16.666666666666664,
                  "immutability": 8.333333333333332,
                  "permanence": 16.666666666666664,
                  "solidity": 26.666666666666668
                }
              },
              "output_dir": "artifacts/probes/intphys2/intphys2_probe_temporal_attn_jepa_v2_vitg_384_20260504T231416Z/layer_10/eval/test",
              "split_dir": "data/splits/intphys2"
            },
            "checkpoint": "artifacts/probes/intphys2/intphys2_probe_temporal_attn_jepa_v2_vitg_384_20260504T231416Z/layer_10/train/trial_0000/probe_best.pt",
            "dataset": "intphys2",
            "feature_signature": "6370d2c41854f9d5",
            "metrics": {
              "accuracy": 45.588235294117645,
              "accuracy_by_condition": {
                "continuity": 54.166666666666664,
                "immutability": 41.66666666666667,
                "permanence": 37.5,
                "solidity": 48.333333333333336
              },
              "n_samples": 204,
              "n_scenes": 51,
              "voe_accuracy": 17.647058823529413,
              "voe_by_condition": {
                "continuity": 16.666666666666664,
                "immutability": 8.333333333333332,
                "permanence": 16.666666666666664,
                "solidity": 26.666666666666668
              }
            },
            "objective_metric": 17.647058823529413,
            "prediction_file": "artifacts/probes/intphys2/intphys2_probe_temporal_attn_jepa_v2_vitg_384_20260504T231416Z/layer_10/eval/test/probe_predictions.json",
            "probe_eval_dir": "artifacts/probes/intphys2/intphys2_probe_temporal_attn_jepa_v2_vitg_384_20260504T231416Z/layer_10/eval/test",
            "probe_name": "temporal_attn",
            "split_name": "test"
          },
          "train": {
            "base_eval": {
              "metrics": {
                "accuracy": 53.807947019867555,
                "accuracy_by_condition": {
                  "continuity": 50.0,
                  "immutability": 52.77777777777778,
                  "permanence": 56.94444444444444,
                  "solidity": 55.23255813953488
                },
                "n_samples": 604,
                "n_scenes": 151,
                "voe_accuracy": 18.543046357615893,
                "voe_by_condition": {
                  "continuity": 11.11111111111111,
                  "immutability": 25.0,
                  "permanence": 22.22222222222222,
                  "solidity": 16.27906976744186
                }
              },
              "output_dir": "artifacts/probes/intphys2/intphys2_probe_temporal_attn_jepa_v2_vitg_384_20260504T231416Z/layer_10/eval/train",
              "split_dir": "data/splits/intphys2"
            },
            "checkpoint": "artifacts/probes/intphys2/intphys2_probe_temporal_attn_jepa_v2_vitg_384_20260504T231416Z/layer_10/train/trial_0000/probe_best.pt",
            "dataset": "intphys2",
            "feature_signature": "6370d2c41854f9d5",
            "metrics": {
              "accuracy": 53.807947019867555,
              "accuracy_by_condition": {
                "continuity": 50.0,
                "immutability": 52.77777777777778,
                "permanence": 56.94444444444444,
                "solidity": 55.23255813953488
              },
              "n_samples": 604,
              "n_scenes": 151,
              "voe_accuracy": 18.543046357615893,
              "voe_by_condition": {
                "continuity": 11.11111111111111,
                "immutability": 25.0,
                "permanence": 22.22222222222222,
                "solidity": 16.27906976744186
              }
            },
            "objective_metric": 18.543046357615893,
            "prediction_file": "artifacts/probes/intphys2/intphys2_probe_temporal_attn_jepa_v2_vitg_384_20260504T231416Z/layer_10/eval/train/probe_predictions.json",
            "probe_eval_dir": "artifacts/probes/intphys2/intphys2_probe_temporal_attn_jepa_v2_vitg_384_20260504T231416Z/layer_10/eval/train",
            "probe_name": "temporal_attn",
            "split_name": "train"
          },
          "val": {
            "base_eval": {
              "metrics": {
                "accuracy": 53.92156862745098,
                "accuracy_by_condition": {
                  "continuity": 47.91666666666667,
                  "immutability": 56.25,
                  "permanence": 56.25,
                  "solidity": 55.00000000000001
                },
                "n_samples": 204,
                "n_scenes": 51,
                "voe_accuracy": 25.49019607843137,
                "voe_by_condition": {
                  "continuity": 8.333333333333332,
                  "immutability": 33.33333333333333,
                  "permanence": 41.66666666666667,
                  "solidity": 20.0
                }
              },
              "output_dir": "artifacts/probes/intphys2/intphys2_probe_temporal_attn_jepa_v2_vitg_384_20260504T231416Z/layer_10/eval/val",
              "split_dir": "data/splits/intphys2"
            },
            "checkpoint": "artifacts/probes/intphys2/intphys2_probe_temporal_attn_jepa_v2_vitg_384_20260504T231416Z/layer_10/train/trial_0000/probe_best.pt",
            "dataset": "intphys2",
            "feature_signature": "6370d2c41854f9d5",
            "metrics": {
              "accuracy": 53.92156862745098,
              "accuracy_by_condition": {
                "continuity": 47.91666666666667,
                "immutability": 56.25,
                "permanence": 56.25,
                "solidity": 55.00000000000001
              },
              "n_samples": 204,
              "n_scenes": 51,
              "voe_accuracy": 25.49019607843137,
              "voe_by_condition": {
                "continuity": 8.333333333333332,
                "immutability": 33.33333333333333,
                "permanence": 41.66666666666667,
                "solidity": 20.0
              }
            },
            "objective_metric": 25.49019607843137,
            "prediction_file": "artifacts/probes/intphys2/intphys2_probe_temporal_attn_jepa_v2_vitg_384_20260504T231416Z/layer_10/eval/val/probe_predictions.json",
            "probe_eval_dir": "artifacts/probes/intphys2/intphys2_probe_temporal_attn_jepa_v2_vitg_384_20260504T231416Z/layer_10/eval/val",
            "probe_name": "temporal_attn",
            "split_name": "val"
          }
        },
        "split_name": "test"
      },
      "layer": 10,
      "layer_label": "10",
      "objective_metric": 17.647058823529413,
      "train": {
        "best_checkpoint": "artifacts/probes/intphys2/intphys2_probe_temporal_attn_jepa_v2_vitg_384_20260504T231416Z/layer_10/train/trial_0000/probe_best.pt",
        "best_eval_output_dir": "artifacts/probes/intphys2/intphys2_probe_temporal_attn_jepa_v2_vitg_384_20260504T231416Z/layer_10/train/trial_0000/val_eval",
        "best_output_dir": "artifacts/probes/intphys2/intphys2_probe_temporal_attn_jepa_v2_vitg_384_20260504T231416Z/layer_10/train/trial_0000",
        "best_params": {
          "batch_size": 1,
          "dropout": 0.006175348288740734,
          "lr": 0.0001329291894316216,
          "mlp_ratio": 4.0,
          "num_heads": 4,
          "num_self_attn_blocks": 3,
          "weight_decay": 0.005061576888752304
        },
        "best_trial_number": 0,
        "best_value": 25.49019607843137,
        "checkpoint": "artifacts/probes/intphys2/intphys2_probe_temporal_attn_jepa_v2_vitg_384_20260504T231416Z/layer_10/train/trial_0000/probe_best.pt",
        "dataset": "intphys2",
        "direction": "maximize",
        "layer": 10,
        "n_trials": 5,
        "objective_metric": "voe_accuracy",
        "output_dir": "artifacts/probes/intphys2/intphys2_probe_temporal_attn_jepa_v2_vitg_384_20260504T231416Z/layer_10/train",
        "probe_name": "temporal_attn",
        "storage": "sqlite:////gpfs/home3/scur0511/Probe4Physics/artifacts/probes/intphys2/intphys2_probe_temporal_attn_jepa_v2_vitg_384_20260504T231416Z/layer_10/train/optuna_study.sqlite3",
        "study_name": "intphys2_temporal_attn_jepa_v2_vitg_384_layer_10",
        "trials": [
          {
            "checkpoint": "artifacts/probes/intphys2/intphys2_probe_temporal_attn_jepa_v2_vitg_384_20260504T231416Z/layer_10/train/trial_0000/probe_best.pt",
            "eval_output_dir": "artifacts/probes/intphys2/intphys2_probe_temporal_attn_jepa_v2_vitg_384_20260504T231416Z/layer_10/train/trial_0000/val_eval",
            "output_dir": "artifacts/probes/intphys2/intphys2_probe_temporal_attn_jepa_v2_vitg_384_20260504T231416Z/layer_10/train/trial_0000",
            "params": {
              "batch_size": 1,
              "dropout": 0.006175348288740734,
              "lr": 0.0001329291894316216,
              "mlp_ratio": 4.0,
              "num_heads": 4,
              "num_self_attn_blocks": 3,
              "weight_decay": 0.005061576888752304
            },
            "trial_number": 0,
            "value": 25.49019607843137
          },
          {
            "checkpoint": "artifacts/probes/intphys2/intphys2_probe_temporal_attn_jepa_v2_vitg_384_20260504T231416Z/layer_10/train/trial_0001/probe_best.pt",
            "eval_output_dir": "artifacts/probes/intphys2/intphys2_probe_temporal_attn_jepa_v2_vitg_384_20260504T231416Z/layer_10/train/trial_0001/val_eval",
            "output_dir": "artifacts/probes/intphys2/intphys2_probe_temporal_attn_jepa_v2_vitg_384_20260504T231416Z/layer_10/train/trial_0001",
            "params": {
              "batch_size": 1,
              "dropout": 0.04184815819561255,
              "lr": 0.008123245085588688,
              "mlp_ratio": 4.0,
              "num_heads": 4,
              "num_self_attn_blocks": 2,
              "weight_decay": 0.0009877700294007926
            },
            "trial_number": 1,
            "value": 0.0
          },
          {
            "checkpoint": "artifacts/probes/intphys2/intphys2_probe_temporal_attn_jepa_v2_vitg_384_20260504T231416Z/layer_10/train/trial_0002/probe_best.pt",
            "eval_output_dir": "artifacts/probes/intphys2/intphys2_probe_temporal_attn_jepa_v2_vitg_384_20260504T231416Z/layer_10/train/trial_0002/val_eval",
            "output_dir": "artifacts/probes/intphys2/intphys2_probe_temporal_attn_jepa_v2_vitg_384_20260504T231416Z/layer_10/train/trial_0002",
            "params": {
              "batch_size": 1,
              "dropout": 0.019515477895583853,
              "lr": 7.52374288453485e-05,
              "mlp_ratio": 2.0,
              "num_heads": 8,
              "num_self_attn_blocks": 2,
              "weight_decay": 1.5782327810795563e-06
            },
            "trial_number": 2,
            "value": 13.725490196078432
          },
          {
            "checkpoint": "artifacts/probes/intphys2/intphys2_probe_temporal_attn_jepa_v2_vitg_384_20260504T231416Z/layer_10/train/trial_0004/probe_best.pt",
            "eval_output_dir": "artifacts/probes/intphys2/intphys2_probe_temporal_attn_jepa_v2_vitg_384_20260504T231416Z/layer_10/train/trial_0004/val_eval",
            "output_dir": "artifacts/probes/intphys2/intphys2_probe_temporal_attn_jepa_v2_vitg_384_20260504T231416Z/layer_10/train/trial_0004",
            "params": {
              "batch_size": 1,
              "dropout": 0.17936999364332554,
              "lr": 5.9750279999602906e-05,
              "mlp_ratio": 2.0,
              "num_heads": 16,
              "num_self_attn_blocks": 2,
              "weight_decay": 9.44351568796269e-05
            },
            "trial_number": 4,
            "value": 7.8431372549019605
          }
        ]
      }
    },
    {
      "checkpoint": "artifacts/probes/intphys2/intphys2_probe_temporal_attn_jepa_v2_vitg_384_20260504T231416Z/layer_20/train/trial_0002/probe_best.pt",
      "eval": {
        "base_eval": {
          "metrics": {
            "accuracy": 49.50980392156863,
            "accuracy_by_condition": {
              "continuity": 50.0,
              "immutability": 50.0,
              "permanence": 47.91666666666667,
              "solidity": 50.0
            },
            "n_samples": 204,
            "n_scenes": 51,
            "voe_accuracy": 19.607843137254903,
            "voe_by_condition": {
              "continuity": 8.333333333333332,
              "immutability": 25.0,
              "permanence": 25.0,
              "solidity": 20.0
            }
          },
          "output_dir": "artifacts/probes/intphys2/intphys2_probe_temporal_attn_jepa_v2_vitg_384_20260504T231416Z/layer_20/eval/test",
          "split_dir": "data/splits/intphys2"
        },
        "checkpoint": "artifacts/probes/intphys2/intphys2_probe_temporal_attn_jepa_v2_vitg_384_20260504T231416Z/layer_20/train/trial_0002/probe_best.pt",
        "dataset": "intphys2",
        "feature_signature": "6370d2c41854f9d5",
        "metrics": {
          "accuracy": 49.50980392156863,
          "accuracy_by_condition": {
            "continuity": 50.0,
            "immutability": 50.0,
            "permanence": 47.91666666666667,
            "solidity": 50.0
          },
          "n_samples": 204,
          "n_scenes": 51,
          "voe_accuracy": 19.607843137254903,
          "voe_by_condition": {
            "continuity": 8.333333333333332,
            "immutability": 25.0,
            "permanence": 25.0,
            "solidity": 20.0
          }
        },
        "metrics_by_split": {
          "test": {
            "accuracy": 49.50980392156863,
            "accuracy_by_condition": {
              "continuity": 50.0,
              "immutability": 50.0,
              "permanence": 47.91666666666667,
              "solidity": 50.0
            },
            "n_samples": 204,
            "n_scenes": 51,
            "voe_accuracy": 19.607843137254903,
            "voe_by_condition": {
              "continuity": 8.333333333333332,
              "immutability": 25.0,
              "permanence": 25.0,
              "solidity": 20.0
            }
          },
          "train": {
            "accuracy": 50.0,
            "accuracy_by_condition": {
              "continuity": 50.0,
              "immutability": 50.0,
              "permanence": 50.0,
              "solidity": 50.0
            },
            "n_samples": 604,
            "n_scenes": 151,
            "voe_accuracy": 12.582781456953644,
            "voe_by_condition": {
              "continuity": 13.88888888888889,
              "immutability": 11.11111111111111,
              "permanence": 13.88888888888889,
              "solidity": 11.627906976744185
            }
          },
          "val": {
            "accuracy": 50.49019607843137,
            "accuracy_by_condition": {
              "continuity": 50.0,
              "immutability": 50.0,
              "permanence": 52.083333333333336,
              "solidity": 50.0
            },
            "n_samples": 204,
            "n_scenes": 51,
            "voe_accuracy": 13.725490196078432,
            "voe_by_condition": {
              "continuity": 0.0,
              "immutability": 33.33333333333333,
              "permanence": 16.666666666666664,
              "solidity": 6.666666666666667
            }
          }
        },
        "objective_metric": 19.607843137254903,
        "prediction_file": "artifacts/probes/intphys2/intphys2_probe_temporal_attn_jepa_v2_vitg_384_20260504T231416Z/layer_20/eval/test/probe_predictions.json",
        "prediction_files": {
          "test": "artifacts/probes/intphys2/intphys2_probe_temporal_attn_jepa_v2_vitg_384_20260504T231416Z/layer_20/eval/test/probe_predictions.json",
          "train": "artifacts/probes/intphys2/intphys2_probe_temporal_attn_jepa_v2_vitg_384_20260504T231416Z/layer_20/eval/train/probe_predictions.json",
          "val": "artifacts/probes/intphys2/intphys2_probe_temporal_attn_jepa_v2_vitg_384_20260504T231416Z/layer_20/eval/val/probe_predictions.json"
        },
        "probe_eval_dir": "artifacts/probes/intphys2/intphys2_probe_temporal_attn_jepa_v2_vitg_384_20260504T231416Z/layer_20/eval",
        "probe_name": "temporal_attn",
        "reported_splits": [
          "train",
          "val",
          "test"
        ],
        "split_eval_dirs": {
          "test": "artifacts/probes/intphys2/intphys2_probe_temporal_attn_jepa_v2_vitg_384_20260504T231416Z/layer_20/eval/test",
          "train": "artifacts/probes/intphys2/intphys2_probe_temporal_attn_jepa_v2_vitg_384_20260504T231416Z/layer_20/eval/train",
          "val": "artifacts/probes/intphys2/intphys2_probe_temporal_attn_jepa_v2_vitg_384_20260504T231416Z/layer_20/eval/val"
        },
        "split_evals": {
          "test": {
            "base_eval": {
              "metrics": {
                "accuracy": 49.50980392156863,
                "accuracy_by_condition": {
                  "continuity": 50.0,
                  "immutability": 50.0,
                  "permanence": 47.91666666666667,
                  "solidity": 50.0
                },
                "n_samples": 204,
                "n_scenes": 51,
                "voe_accuracy": 19.607843137254903,
                "voe_by_condition": {
                  "continuity": 8.333333333333332,
                  "immutability": 25.0,
                  "permanence": 25.0,
                  "solidity": 20.0
                }
              },
              "output_dir": "artifacts/probes/intphys2/intphys2_probe_temporal_attn_jepa_v2_vitg_384_20260504T231416Z/layer_20/eval/test",
              "split_dir": "data/splits/intphys2"
            },
            "checkpoint": "artifacts/probes/intphys2/intphys2_probe_temporal_attn_jepa_v2_vitg_384_20260504T231416Z/layer_20/train/trial_0002/probe_best.pt",
            "dataset": "intphys2",
            "feature_signature": "6370d2c41854f9d5",
            "metrics": {
              "accuracy": 49.50980392156863,
              "accuracy_by_condition": {
                "continuity": 50.0,
                "immutability": 50.0,
                "permanence": 47.91666666666667,
                "solidity": 50.0
              },
              "n_samples": 204,
              "n_scenes": 51,
              "voe_accuracy": 19.607843137254903,
              "voe_by_condition": {
                "continuity": 8.333333333333332,
                "immutability": 25.0,
                "permanence": 25.0,
                "solidity": 20.0
              }
            },
            "objective_metric": 19.607843137254903,
            "prediction_file": "artifacts/probes/intphys2/intphys2_probe_temporal_attn_jepa_v2_vitg_384_20260504T231416Z/layer_20/eval/test/probe_predictions.json",
            "probe_eval_dir": "artifacts/probes/intphys2/intphys2_probe_temporal_attn_jepa_v2_vitg_384_20260504T231416Z/layer_20/eval/test",
            "probe_name": "temporal_attn",
            "split_name": "test"
          },
          "train": {
            "base_eval": {
              "metrics": {
                "accuracy": 50.0,
                "accuracy_by_condition": {
                  "continuity": 50.0,
                  "immutability": 50.0,
                  "permanence": 50.0,
                  "solidity": 50.0
                },
                "n_samples": 604,
                "n_scenes": 151,
                "voe_accuracy": 12.582781456953644,
                "voe_by_condition": {
                  "continuity": 13.88888888888889,
                  "immutability": 11.11111111111111,
                  "permanence": 13.88888888888889,
                  "solidity": 11.627906976744185
                }
              },
              "output_dir": "artifacts/probes/intphys2/intphys2_probe_temporal_attn_jepa_v2_vitg_384_20260504T231416Z/layer_20/eval/train",
              "split_dir": "data/splits/intphys2"
            },
            "checkpoint": "artifacts/probes/intphys2/intphys2_probe_temporal_attn_jepa_v2_vitg_384_20260504T231416Z/layer_20/train/trial_0002/probe_best.pt",
            "dataset": "intphys2",
            "feature_signature": "6370d2c41854f9d5",
            "metrics": {
              "accuracy": 50.0,
              "accuracy_by_condition": {
                "continuity": 50.0,
                "immutability": 50.0,
                "permanence": 50.0,
                "solidity": 50.0
              },
              "n_samples": 604,
              "n_scenes": 151,
              "voe_accuracy": 12.582781456953644,
              "voe_by_condition": {
                "continuity": 13.88888888888889,
                "immutability": 11.11111111111111,
                "permanence": 13.88888888888889,
                "solidity": 11.627906976744185
              }
            },
            "objective_metric": 12.582781456953644,
            "prediction_file": "artifacts/probes/intphys2/intphys2_probe_temporal_attn_jepa_v2_vitg_384_20260504T231416Z/layer_20/eval/train/probe_predictions.json",
            "probe_eval_dir": "artifacts/probes/intphys2/intphys2_probe_temporal_attn_jepa_v2_vitg_384_20260504T231416Z/layer_20/eval/train",
            "probe_name": "temporal_attn",
            "split_name": "train"
          },
          "val": {
            "base_eval": {
              "metrics": {
                "accuracy": 50.49019607843137,
                "accuracy_by_condition": {
                  "continuity": 50.0,
                  "immutability": 50.0,
                  "permanence": 52.083333333333336,
                  "solidity": 50.0
                },
                "n_samples": 204,
                "n_scenes": 51,
                "voe_accuracy": 13.725490196078432,
                "voe_by_condition": {
                  "continuity": 0.0,
                  "immutability": 33.33333333333333,
                  "permanence": 16.666666666666664,
                  "solidity": 6.666666666666667
                }
              },
              "output_dir": "artifacts/probes/intphys2/intphys2_probe_temporal_attn_jepa_v2_vitg_384_20260504T231416Z/layer_20/eval/val",
              "split_dir": "data/splits/intphys2"
            },
            "checkpoint": "artifacts/probes/intphys2/intphys2_probe_temporal_attn_jepa_v2_vitg_384_20260504T231416Z/layer_20/train/trial_0002/probe_best.pt",
            "dataset": "intphys2",
            "feature_signature": "6370d2c41854f9d5",
            "metrics": {
              "accuracy": 50.49019607843137,
              "accuracy_by_condition": {
                "continuity": 50.0,
                "immutability": 50.0,
                "permanence": 52.083333333333336,
                "solidity": 50.0
              },
              "n_samples": 204,
              "n_scenes": 51,
              "voe_accuracy": 13.725490196078432,
              "voe_by_condition": {
                "continuity": 0.0,
                "immutability": 33.33333333333333,
                "permanence": 16.666666666666664,
                "solidity": 6.666666666666667
              }
            },
            "objective_metric": 13.725490196078432,
            "prediction_file": "artifacts/probes/intphys2/intphys2_probe_temporal_attn_jepa_v2_vitg_384_20260504T231416Z/layer_20/eval/val/probe_predictions.json",
            "probe_eval_dir": "artifacts/probes/intphys2/intphys2_probe_temporal_attn_jepa_v2_vitg_384_20260504T231416Z/layer_20/eval/val",
            "probe_name": "temporal_attn",
            "split_name": "val"
          }
        },
        "split_name": "test"
      },
      "layer": 20,
      "layer_label": "20",
      "objective_metric": 19.607843137254903,
      "train": {
        "best_checkpoint": "artifacts/probes/intphys2/intphys2_probe_temporal_attn_jepa_v2_vitg_384_20260504T231416Z/layer_20/train/trial_0002/probe_best.pt",
        "best_eval_output_dir": "artifacts/probes/intphys2/intphys2_probe_temporal_attn_jepa_v2_vitg_384_20260504T231416Z/layer_20/train/trial_0002/val_eval",
        "best_output_dir": "artifacts/probes/intphys2/intphys2_probe_temporal_attn_jepa_v2_vitg_384_20260504T231416Z/layer_20/train/trial_0002",
        "best_params": {
          "batch_size": 1,
          "dropout": 0.019515477895583853,
          "lr": 7.52374288453485e-05,
          "mlp_ratio": 2.0,
          "num_heads": 8,
          "num_self_attn_blocks": 2,
          "weight_decay": 1.5782327810795563e-06
        },
        "best_trial_number": 2,
        "best_value": 13.725490196078432,
        "checkpoint": "artifacts/probes/intphys2/intphys2_probe_temporal_attn_jepa_v2_vitg_384_20260504T231416Z/layer_20/train/trial_0002/probe_best.pt",
        "dataset": "intphys2",
        "direction": "maximize",
        "layer": 20,
        "n_trials": 5,
        "objective_metric": "voe_accuracy",
        "output_dir": "artifacts/probes/intphys2/intphys2_probe_temporal_attn_jepa_v2_vitg_384_20260504T231416Z/layer_20/train",
        "probe_name": "temporal_attn",
        "storage": "sqlite:////gpfs/home3/scur0511/Probe4Physics/artifacts/probes/intphys2/intphys2_probe_temporal_attn_jepa_v2_vitg_384_20260504T231416Z/layer_20/train/optuna_study.sqlite3",
        "study_name": "intphys2_temporal_attn_jepa_v2_vitg_384_layer_20",
        "trials": [
          {
            "checkpoint": "artifacts/probes/intphys2/intphys2_probe_temporal_attn_jepa_v2_vitg_384_20260504T231416Z/layer_20/train/trial_0000/probe_best.pt",
            "eval_output_dir": "artifacts/probes/intphys2/intphys2_probe_temporal_attn_jepa_v2_vitg_384_20260504T231416Z/layer_20/train/trial_0000/val_eval",
            "output_dir": "artifacts/probes/intphys2/intphys2_probe_temporal_attn_jepa_v2_vitg_384_20260504T231416Z/layer_20/train/trial_0000",
            "params": {
              "batch_size": 1,
              "dropout": 0.006175348288740734,
              "lr": 0.0001329291894316216,
              "mlp_ratio": 4.0,
              "num_heads": 4,
              "num_self_attn_blocks": 3,
              "weight_decay": 0.005061576888752304
            },
            "trial_number": 0,
            "value": 3.9215686274509802
          },
          {
            "checkpoint": "artifacts/probes/intphys2/intphys2_probe_temporal_attn_jepa_v2_vitg_384_20260504T231416Z/layer_20/train/trial_0001/probe_best.pt",
            "eval_output_dir": "artifacts/probes/intphys2/intphys2_probe_temporal_attn_jepa_v2_vitg_384_20260504T231416Z/layer_20/train/trial_0001/val_eval",
            "output_dir": "artifacts/probes/intphys2/intphys2_probe_temporal_attn_jepa_v2_vitg_384_20260504T231416Z/layer_20/train/trial_0001",
            "params": {
              "batch_size": 1,
              "dropout": 0.04184815819561255,
              "lr": 0.008123245085588688,
              "mlp_ratio": 4.0,
              "num_heads": 4,
              "num_self_attn_blocks": 2,
              "weight_decay": 0.0009877700294007926
            },
            "trial_number": 1,
            "value": 0.0
          },
          {
            "checkpoint": "artifacts/probes/intphys2/intphys2_probe_temporal_attn_jepa_v2_vitg_384_20260504T231416Z/layer_20/train/trial_0002/probe_best.pt",
            "eval_output_dir": "artifacts/probes/intphys2/intphys2_probe_temporal_attn_jepa_v2_vitg_384_20260504T231416Z/layer_20/train/trial_0002/val_eval",
            "output_dir": "artifacts/probes/intphys2/intphys2_probe_temporal_attn_jepa_v2_vitg_384_20260504T231416Z/layer_20/train/trial_0002",
            "params": {
              "batch_size": 1,
              "dropout": 0.019515477895583853,
              "lr": 7.52374288453485e-05,
              "mlp_ratio": 2.0,
              "num_heads": 8,
              "num_self_attn_blocks": 2,
              "weight_decay": 1.5782327810795563e-06
            },
            "trial_number": 2,
            "value": 13.725490196078432
          },
          {
            "checkpoint": "artifacts/probes/intphys2/intphys2_probe_temporal_attn_jepa_v2_vitg_384_20260504T231416Z/layer_20/train/trial_0003/probe_best.pt",
            "eval_output_dir": "artifacts/probes/intphys2/intphys2_probe_temporal_attn_jepa_v2_vitg_384_20260504T231416Z/layer_20/train/trial_0003/val_eval",
            "output_dir": "artifacts/probes/intphys2/intphys2_probe_temporal_attn_jepa_v2_vitg_384_20260504T231416Z/layer_20/train/trial_0003",
            "params": {
              "batch_size": 1,
              "dropout": 0.2727961206236346,
              "lr": 0.007025166339242158,
              "mlp_ratio": 2.0,
              "num_heads": 4,
              "num_self_attn_blocks": 1,
              "weight_decay": 0.006220025976819169
            },
            "trial_number": 3,
            "value": 0.0
          },
          {
            "checkpoint": "artifacts/probes/intphys2/intphys2_probe_temporal_attn_jepa_v2_vitg_384_20260504T231416Z/layer_20/train/trial_0004/probe_best.pt",
            "eval_output_dir": "artifacts/probes/intphys2/intphys2_probe_temporal_attn_jepa_v2_vitg_384_20260504T231416Z/layer_20/train/trial_0004/val_eval",
            "output_dir": "artifacts/probes/intphys2/intphys2_probe_temporal_attn_jepa_v2_vitg_384_20260504T231416Z/layer_20/train/trial_0004",
            "params": {
              "batch_size": 1,
              "dropout": 0.17936999364332554,
              "lr": 5.9750279999602906e-05,
              "mlp_ratio": 2.0,
              "num_heads": 16,
              "num_self_attn_blocks": 2,
              "weight_decay": 9.44351568796269e-05
            },
            "trial_number": 4,
            "value": 9.803921568627452
          }
        ]
      }
    },
    {
      "checkpoint": "artifacts/probes/intphys2/intphys2_probe_temporal_attn_jepa_v2_vitg_384_20260504T231416Z/layer_30/train/trial_0000/probe_best.pt",
      "eval": {
        "base_eval": {
          "metrics": {
            "accuracy": 53.431372549019606,
            "accuracy_by_condition": {
              "continuity": 47.91666666666667,
              "immutability": 56.25,
              "permanence": 64.58333333333334,
              "solidity": 46.666666666666664
            },
            "n_samples": 204,
            "n_scenes": 51,
            "voe_accuracy": 13.725490196078432,
            "voe_by_condition": {
              "continuity": 0.0,
              "immutability": 0.0,
              "permanence": 33.33333333333333,
              "solidity": 20.0
            }
          },
          "output_dir": "artifacts/probes/intphys2/intphys2_probe_temporal_attn_jepa_v2_vitg_384_20260504T231416Z/layer_30/eval/test",
          "split_dir": "data/splits/intphys2"
        },
        "checkpoint": "artifacts/probes/intphys2/intphys2_probe_temporal_attn_jepa_v2_vitg_384_20260504T231416Z/layer_30/train/trial_0000/probe_best.pt",
        "dataset": "intphys2",
        "feature_signature": "6370d2c41854f9d5",
        "metrics": {
          "accuracy": 53.431372549019606,
          "accuracy_by_condition": {
            "continuity": 47.91666666666667,
            "immutability": 56.25,
            "permanence": 64.58333333333334,
            "solidity": 46.666666666666664
          },
          "n_samples": 204,
          "n_scenes": 51,
          "voe_accuracy": 13.725490196078432,
          "voe_by_condition": {
            "continuity": 0.0,
            "immutability": 0.0,
            "permanence": 33.33333333333333,
            "solidity": 20.0
          }
        },
        "metrics_by_split": {
          "test": {
            "accuracy": 53.431372549019606,
            "accuracy_by_condition": {
              "continuity": 47.91666666666667,
              "immutability": 56.25,
              "permanence": 64.58333333333334,
              "solidity": 46.666666666666664
            },
            "n_samples": 204,
            "n_scenes": 51,
            "voe_accuracy": 13.725490196078432,
            "voe_by_condition": {
              "continuity": 0.0,
              "immutability": 0.0,
              "permanence": 33.33333333333333,
              "solidity": 20.0
            }
          },
          "train": {
            "accuracy": 48.50993377483444,
            "accuracy_by_condition": {
              "continuity": 53.47222222222222,
              "immutability": 47.22222222222222,
              "permanence": 47.91666666666667,
              "solidity": 45.93023255813954
            },
            "n_samples": 604,
            "n_scenes": 151,
            "voe_accuracy": 14.56953642384106,
            "voe_by_condition": {
              "continuity": 25.0,
              "immutability": 13.88888888888889,
              "permanence": 8.333333333333332,
              "solidity": 11.627906976744185
            }
          },
          "val": {
            "accuracy": 53.92156862745098,
            "accuracy_by_condition": {
              "continuity": 52.083333333333336,
              "immutability": 62.5,
              "permanence": 47.91666666666667,
              "solidity": 53.333333333333336
            },
            "n_samples": 204,
            "n_scenes": 51,
            "voe_accuracy": 27.450980392156865,
            "voe_by_condition": {
              "continuity": 16.666666666666664,
              "immutability": 33.33333333333333,
              "permanence": 25.0,
              "solidity": 33.33333333333333
            }
          }
        },
        "objective_metric": 13.725490196078432,
        "prediction_file": "artifacts/probes/intphys2/intphys2_probe_temporal_attn_jepa_v2_vitg_384_20260504T231416Z/layer_30/eval/test/probe_predictions.json",
        "prediction_files": {
          "test": "artifacts/probes/intphys2/intphys2_probe_temporal_attn_jepa_v2_vitg_384_20260504T231416Z/layer_30/eval/test/probe_predictions.json",
          "train": "artifacts/probes/intphys2/intphys2_probe_temporal_attn_jepa_v2_vitg_384_20260504T231416Z/layer_30/eval/train/probe_predictions.json",
          "val": "artifacts/probes/intphys2/intphys2_probe_temporal_attn_jepa_v2_vitg_384_20260504T231416Z/layer_30/eval/val/probe_predictions.json"
        },
        "probe_eval_dir": "artifacts/probes/intphys2/intphys2_probe_temporal_attn_jepa_v2_vitg_384_20260504T231416Z/layer_30/eval",
        "probe_name": "temporal_attn",
        "reported_splits": [
          "train",
          "val",
          "test"
        ],
        "split_eval_dirs": {
          "test": "artifacts/probes/intphys2/intphys2_probe_temporal_attn_jepa_v2_vitg_384_20260504T231416Z/layer_30/eval/test",
          "train": "artifacts/probes/intphys2/intphys2_probe_temporal_attn_jepa_v2_vitg_384_20260504T231416Z/layer_30/eval/train",
          "val": "artifacts/probes/intphys2/intphys2_probe_temporal_attn_jepa_v2_vitg_384_20260504T231416Z/layer_30/eval/val"
        },
        "split_evals": {
          "test": {
            "base_eval": {
              "metrics": {
                "accuracy": 53.431372549019606,
                "accuracy_by_condition": {
                  "continuity": 47.91666666666667,
                  "immutability": 56.25,
                  "permanence": 64.58333333333334,
                  "solidity": 46.666666666666664
                },
                "n_samples": 204,
                "n_scenes": 51,
                "voe_accuracy": 13.725490196078432,
                "voe_by_condition": {
                  "continuity": 0.0,
                  "immutability": 0.0,
                  "permanence": 33.33333333333333,
                  "solidity": 20.0
                }
              },
              "output_dir": "artifacts/probes/intphys2/intphys2_probe_temporal_attn_jepa_v2_vitg_384_20260504T231416Z/layer_30/eval/test",
              "split_dir": "data/splits/intphys2"
            },
            "checkpoint": "artifacts/probes/intphys2/intphys2_probe_temporal_attn_jepa_v2_vitg_384_20260504T231416Z/layer_30/train/trial_0000/probe_best.pt",
            "dataset": "intphys2",
            "feature_signature": "6370d2c41854f9d5",
            "metrics": {
              "accuracy": 53.431372549019606,
              "accuracy_by_condition": {
                "continuity": 47.91666666666667,
                "immutability": 56.25,
                "permanence": 64.58333333333334,
                "solidity": 46.666666666666664
              },
              "n_samples": 204,
              "n_scenes": 51,
              "voe_accuracy": 13.725490196078432,
              "voe_by_condition": {
                "continuity": 0.0,
                "immutability": 0.0,
                "permanence": 33.33333333333333,
                "solidity": 20.0
              }
            },
            "objective_metric": 13.725490196078432,
            "prediction_file": "artifacts/probes/intphys2/intphys2_probe_temporal_attn_jepa_v2_vitg_384_20260504T231416Z/layer_30/eval/test/probe_predictions.json",
            "probe_eval_dir": "artifacts/probes/intphys2/intphys2_probe_temporal_attn_jepa_v2_vitg_384_20260504T231416Z/layer_30/eval/test",
            "probe_name": "temporal_attn",
            "split_name": "test"
          },
          "train": {
            "base_eval": {
              "metrics": {
                "accuracy": 48.50993377483444,
                "accuracy_by_condition": {
                  "continuity": 53.47222222222222,
                  "immutability": 47.22222222222222,
                  "permanence": 47.91666666666667,
                  "solidity": 45.93023255813954
                },
                "n_samples": 604,
                "n_scenes": 151,
                "voe_accuracy": 14.56953642384106,
                "voe_by_condition": {
                  "continuity": 25.0,
                  "immutability": 13.88888888888889,
                  "permanence": 8.333333333333332,
                  "solidity": 11.627906976744185
                }
              },
              "output_dir": "artifacts/probes/intphys2/intphys2_probe_temporal_attn_jepa_v2_vitg_384_20260504T231416Z/layer_30/eval/train",
              "split_dir": "data/splits/intphys2"
            },
            "checkpoint": "artifacts/probes/intphys2/intphys2_probe_temporal_attn_jepa_v2_vitg_384_20260504T231416Z/layer_30/train/trial_0000/probe_best.pt",
            "dataset": "intphys2",
            "feature_signature": "6370d2c41854f9d5",
            "metrics": {
              "accuracy": 48.50993377483444,
              "accuracy_by_condition": {
                "continuity": 53.47222222222222,
                "immutability": 47.22222222222222,
                "permanence": 47.91666666666667,
                "solidity": 45.93023255813954
              },
              "n_samples": 604,
              "n_scenes": 151,
              "voe_accuracy": 14.56953642384106,
              "voe_by_condition": {
                "continuity": 25.0,
                "immutability": 13.88888888888889,
                "permanence": 8.333333333333332,
                "solidity": 11.627906976744185
              }
            },
            "objective_metric": 14.56953642384106,
            "prediction_file": "artifacts/probes/intphys2/intphys2_probe_temporal_attn_jepa_v2_vitg_384_20260504T231416Z/layer_30/eval/train/probe_predictions.json",
            "probe_eval_dir": "artifacts/probes/intphys2/intphys2_probe_temporal_attn_jepa_v2_vitg_384_20260504T231416Z/layer_30/eval/train",
            "probe_name": "temporal_attn",
            "split_name": "train"
          },
          "val": {
            "base_eval": {
              "metrics": {
                "accuracy": 53.92156862745098,
                "accuracy_by_condition": {
                  "continuity": 52.083333333333336,
                  "immutability": 62.5,
                  "permanence": 47.91666666666667,
                  "solidity": 53.333333333333336
                },
                "n_samples": 204,
                "n_scenes": 51,
                "voe_accuracy": 27.450980392156865,
                "voe_by_condition": {
                  "continuity": 16.666666666666664,
                  "immutability": 33.33333333333333,
                  "permanence": 25.0,
                  "solidity": 33.33333333333333
                }
              },
              "output_dir": "artifacts/probes/intphys2/intphys2_probe_temporal_attn_jepa_v2_vitg_384_20260504T231416Z/layer_30/eval/val",
              "split_dir": "data/splits/intphys2"
            },
            "checkpoint": "artifacts/probes/intphys2/intphys2_probe_temporal_attn_jepa_v2_vitg_384_20260504T231416Z/layer_30/train/trial_0000/probe_best.pt",
            "dataset": "intphys2",
            "feature_signature": "6370d2c41854f9d5",
            "metrics": {
              "accuracy": 53.92156862745098,
              "accuracy_by_condition": {
                "continuity": 52.083333333333336,
                "immutability": 62.5,
                "permanence": 47.91666666666667,
                "solidity": 53.333333333333336
              },
              "n_samples": 204,
              "n_scenes": 51,
              "voe_accuracy": 27.450980392156865,
              "voe_by_condition": {
                "continuity": 16.666666666666664,
                "immutability": 33.33333333333333,
                "permanence": 25.0,
                "solidity": 33.33333333333333
              }
            },
            "objective_metric": 27.450980392156865,
            "prediction_file": "artifacts/probes/intphys2/intphys2_probe_temporal_attn_jepa_v2_vitg_384_20260504T231416Z/layer_30/eval/val/probe_predictions.json",
            "probe_eval_dir": "artifacts/probes/intphys2/intphys2_probe_temporal_attn_jepa_v2_vitg_384_20260504T231416Z/layer_30/eval/val",
            "probe_name": "temporal_attn",
            "split_name": "val"
          }
        },
        "split_name": "test"
      },
      "layer": 30,
      "layer_label": "30",
      "objective_metric": 13.725490196078432,
      "train": {
        "best_checkpoint": "artifacts/probes/intphys2/intphys2_probe_temporal_attn_jepa_v2_vitg_384_20260504T231416Z/layer_30/train/trial_0000/probe_best.pt",
        "best_eval_output_dir": "artifacts/probes/intphys2/intphys2_probe_temporal_attn_jepa_v2_vitg_384_20260504T231416Z/layer_30/train/trial_0000/val_eval",
        "best_output_dir": "artifacts/probes/intphys2/intphys2_probe_temporal_attn_jepa_v2_vitg_384_20260504T231416Z/layer_30/train/trial_0000",
        "best_params": {
          "batch_size": 1,
          "dropout": 0.006175348288740734,
          "lr": 0.0001329291894316216,
          "mlp_ratio": 4.0,
          "num_heads": 4,
          "num_self_attn_blocks": 3,
          "weight_decay": 0.005061576888752304
        },
        "best_trial_number": 0,
        "best_value": 27.450980392156865,
        "checkpoint": "artifacts/probes/intphys2/intphys2_probe_temporal_attn_jepa_v2_vitg_384_20260504T231416Z/layer_30/train/trial_0000/probe_best.pt",
        "dataset": "intphys2",
        "direction": "maximize",
        "layer": 30,
        "n_trials": 5,
        "objective_metric": "voe_accuracy",
        "output_dir": "artifacts/probes/intphys2/intphys2_probe_temporal_attn_jepa_v2_vitg_384_20260504T231416Z/layer_30/train",
        "probe_name": "temporal_attn",
        "storage": "sqlite:////gpfs/home3/scur0511/Probe4Physics/artifacts/probes/intphys2/intphys2_probe_temporal_attn_jepa_v2_vitg_384_20260504T231416Z/layer_30/train/optuna_study.sqlite3",
        "study_name": "intphys2_temporal_attn_jepa_v2_vitg_384_layer_30",
        "trials": [
          {
            "checkpoint": "artifacts/probes/intphys2/intphys2_probe_temporal_attn_jepa_v2_vitg_384_20260504T231416Z/layer_30/train/trial_0000/probe_best.pt",
            "eval_output_dir": "artifacts/probes/intphys2/intphys2_probe_temporal_attn_jepa_v2_vitg_384_20260504T231416Z/layer_30/train/trial_0000/val_eval",
            "output_dir": "artifacts/probes/intphys2/intphys2_probe_temporal_attn_jepa_v2_vitg_384_20260504T231416Z/layer_30/train/trial_0000",
            "params": {
              "batch_size": 1,
              "dropout": 0.006175348288740734,
              "lr": 0.0001329291894316216,
              "mlp_ratio": 4.0,
              "num_heads": 4,
              "num_self_attn_blocks": 3,
              "weight_decay": 0.005061576888752304
            },
            "trial_number": 0,
            "value": 27.450980392156865
          },
          {
            "checkpoint": "artifacts/probes/intphys2/intphys2_probe_temporal_attn_jepa_v2_vitg_384_20260504T231416Z/layer_30/train/trial_0001/probe_best.pt",
            "eval_output_dir": "artifacts/probes/intphys2/intphys2_probe_temporal_attn_jepa_v2_vitg_384_20260504T231416Z/layer_30/train/trial_0001/val_eval",
            "output_dir": "artifacts/probes/intphys2/intphys2_probe_temporal_attn_jepa_v2_vitg_384_20260504T231416Z/layer_30/train/trial_0001",
            "params": {
              "batch_size": 1,
              "dropout": 0.04184815819561255,
              "lr": 0.008123245085588688,
              "mlp_ratio": 4.0,
              "num_heads": 4,
              "num_self_attn_blocks": 2,
              "weight_decay": 0.0009877700294007926
            },
            "trial_number": 1,
            "value": 0.0
          },
          {
            "checkpoint": "artifacts/probes/intphys2/intphys2_probe_temporal_attn_jepa_v2_vitg_384_20260504T231416Z/layer_30/train/trial_0002/probe_best.pt",
            "eval_output_dir": "artifacts/probes/intphys2/intphys2_probe_temporal_attn_jepa_v2_vitg_384_20260504T231416Z/layer_30/train/trial_0002/val_eval",
            "output_dir": "artifacts/probes/intphys2/intphys2_probe_temporal_attn_jepa_v2_vitg_384_20260504T231416Z/layer_30/train/trial_0002",
            "params": {
              "batch_size": 1,
              "dropout": 0.019515477895583853,
              "lr": 7.52374288453485e-05,
              "mlp_ratio": 2.0,
              "num_heads": 8,
              "num_self_attn_blocks": 2,
              "weight_decay": 1.5782327810795563e-06
            },
            "trial_number": 2,
            "value": 17.647058823529413
          },
          {
            "checkpoint": "artifacts/probes/intphys2/intphys2_probe_temporal_attn_jepa_v2_vitg_384_20260504T231416Z/layer_30/train/trial_0003/probe_best.pt",
            "eval_output_dir": "artifacts/probes/intphys2/intphys2_probe_temporal_attn_jepa_v2_vitg_384_20260504T231416Z/layer_30/train/trial_0003/val_eval",
            "output_dir": "artifacts/probes/intphys2/intphys2_probe_temporal_attn_jepa_v2_vitg_384_20260504T231416Z/layer_30/train/trial_0003",
            "params": {
              "batch_size": 1,
              "dropout": 0.2727961206236346,
              "lr": 0.007025166339242158,
              "mlp_ratio": 2.0,
              "num_heads": 4,
              "num_self_attn_blocks": 1,
              "weight_decay": 0.006220025976819169
            },
            "trial_number": 3,
            "value": 0.0
          },
          {
            "checkpoint": "artifacts/probes/intphys2/intphys2_probe_temporal_attn_jepa_v2_vitg_384_20260504T231416Z/layer_30/train/trial_0004/probe_best.pt",
            "eval_output_dir": "artifacts/probes/intphys2/intphys2_probe_temporal_attn_jepa_v2_vitg_384_20260504T231416Z/layer_30/train/trial_0004/val_eval",
            "output_dir": "artifacts/probes/intphys2/intphys2_probe_temporal_attn_jepa_v2_vitg_384_20260504T231416Z/layer_30/train/trial_0004",
            "params": {
              "batch_size": 1,
              "dropout": 0.17936999364332554,
              "lr": 5.9750279999602906e-05,
              "mlp_ratio": 2.0,
              "num_heads": 16,
              "num_self_attn_blocks": 2,
              "weight_decay": 9.44351568796269e-05
            },
            "trial_number": 4,
            "value": 21.568627450980394
          }
        ]
      }
    },
    {
      "checkpoint": "artifacts/probes/intphys2/intphys2_probe_temporal_attn_jepa_v2_vitg_384_20260504T231416Z/layer_40/train/trial_0004/probe_best.pt",
      "eval": {
        "base_eval": {
          "metrics": {
            "accuracy": 56.372549019607845,
            "accuracy_by_condition": {
              "continuity": 54.166666666666664,
              "immutability": 64.58333333333334,
              "permanence": 60.416666666666664,
              "solidity": 48.333333333333336
            },
            "n_samples": 204,
            "n_scenes": 51,
            "voe_accuracy": 37.254901960784316,
            "voe_by_condition": {
              "continuity": 33.33333333333333,
              "immutability": 58.333333333333336,
              "permanence": 58.333333333333336,
              "solidity": 6.666666666666667
            }
          },
          "output_dir": "artifacts/probes/intphys2/intphys2_probe_temporal_attn_jepa_v2_vitg_384_20260504T231416Z/layer_40/eval/test",
          "split_dir": "data/splits/intphys2"
        },
        "checkpoint": "artifacts/probes/intphys2/intphys2_probe_temporal_attn_jepa_v2_vitg_384_20260504T231416Z/layer_40/train/trial_0004/probe_best.pt",
        "dataset": "intphys2",
        "feature_signature": "6370d2c41854f9d5",
        "metrics": {
          "accuracy": 56.372549019607845,
          "accuracy_by_condition": {
            "continuity": 54.166666666666664,
            "immutability": 64.58333333333334,
            "permanence": 60.416666666666664,
            "solidity": 48.333333333333336
          },
          "n_samples": 204,
          "n_scenes": 51,
          "voe_accuracy": 37.254901960784316,
          "voe_by_condition": {
            "continuity": 33.33333333333333,
            "immutability": 58.333333333333336,
            "permanence": 58.333333333333336,
            "solidity": 6.666666666666667
          }
        },
        "metrics_by_split": {
          "test": {
            "accuracy": 56.372549019607845,
            "accuracy_by_condition": {
              "continuity": 54.166666666666664,
              "immutability": 64.58333333333334,
              "permanence": 60.416666666666664,
              "solidity": 48.333333333333336
            },
            "n_samples": 204,
            "n_scenes": 51,
            "voe_accuracy": 37.254901960784316,
            "voe_by_condition": {
              "continuity": 33.33333333333333,
              "immutability": 58.333333333333336,
              "permanence": 58.333333333333336,
              "solidity": 6.666666666666667
            }
          },
          "train": {
            "accuracy": 54.966887417218544,
            "accuracy_by_condition": {
              "continuity": 56.94444444444444,
              "immutability": 56.94444444444444,
              "permanence": 55.55555555555556,
              "solidity": 51.162790697674424
            },
            "n_samples": 604,
            "n_scenes": 151,
            "voe_accuracy": 32.450331125827816,
            "voe_by_condition": {
              "continuity": 36.11111111111111,
              "immutability": 47.22222222222222,
              "permanence": 38.88888888888889,
              "solidity": 11.627906976744185
            }
          },
          "val": {
            "accuracy": 54.90196078431373,
            "accuracy_by_condition": {
              "continuity": 54.166666666666664,
              "immutability": 50.0,
              "permanence": 60.416666666666664,
              "solidity": 55.00000000000001
            },
            "n_samples": 204,
            "n_scenes": 51,
            "voe_accuracy": 25.49019607843137,
            "voe_by_condition": {
              "continuity": 16.666666666666664,
              "immutability": 33.33333333333333,
              "permanence": 33.33333333333333,
              "solidity": 20.0
            }
          }
        },
        "objective_metric": 37.254901960784316,
        "prediction_file": "artifacts/probes/intphys2/intphys2_probe_temporal_attn_jepa_v2_vitg_384_20260504T231416Z/layer_40/eval/test/probe_predictions.json",
        "prediction_files": {
          "test": "artifacts/probes/intphys2/intphys2_probe_temporal_attn_jepa_v2_vitg_384_20260504T231416Z/layer_40/eval/test/probe_predictions.json",
          "train": "artifacts/probes/intphys2/intphys2_probe_temporal_attn_jepa_v2_vitg_384_20260504T231416Z/layer_40/eval/train/probe_predictions.json",
          "val": "artifacts/probes/intphys2/intphys2_probe_temporal_attn_jepa_v2_vitg_384_20260504T231416Z/layer_40/eval/val/probe_predictions.json"
        },
        "probe_eval_dir": "artifacts/probes/intphys2/intphys2_probe_temporal_attn_jepa_v2_vitg_384_20260504T231416Z/layer_40/eval",
        "probe_name": "temporal_attn",
        "reported_splits": [
          "train",
          "val",
          "test"
        ],
        "split_eval_dirs": {
          "test": "artifacts/probes/intphys2/intphys2_probe_temporal_attn_jepa_v2_vitg_384_20260504T231416Z/layer_40/eval/test",
          "train": "artifacts/probes/intphys2/intphys2_probe_temporal_attn_jepa_v2_vitg_384_20260504T231416Z/layer_40/eval/train",
          "val": "artifacts/probes/intphys2/intphys2_probe_temporal_attn_jepa_v2_vitg_384_20260504T231416Z/layer_40/eval/val"
        },
        "split_evals": {
          "test": {
            "base_eval": {
              "metrics": {
                "accuracy": 56.372549019607845,
                "accuracy_by_condition": {
                  "continuity": 54.166666666666664,
                  "immutability": 64.58333333333334,
                  "permanence": 60.416666666666664,
                  "solidity": 48.333333333333336
                },
                "n_samples": 204,
                "n_scenes": 51,
                "voe_accuracy": 37.254901960784316,
                "voe_by_condition": {
                  "continuity": 33.33333333333333,
                  "immutability": 58.333333333333336,
                  "permanence": 58.333333333333336,
                  "solidity": 6.666666666666667
                }
              },
              "output_dir": "artifacts/probes/intphys2/intphys2_probe_temporal_attn_jepa_v2_vitg_384_20260504T231416Z/layer_40/eval/test",
              "split_dir": "data/splits/intphys2"
            },
            "checkpoint": "artifacts/probes/intphys2/intphys2_probe_temporal_attn_jepa_v2_vitg_384_20260504T231416Z/layer_40/train/trial_0004/probe_best.pt",
            "dataset": "intphys2",
            "feature_signature": "6370d2c41854f9d5",
            "metrics": {
              "accuracy": 56.372549019607845,
              "accuracy_by_condition": {
                "continuity": 54.166666666666664,
                "immutability": 64.58333333333334,
                "permanence": 60.416666666666664,
                "solidity": 48.333333333333336
              },
              "n_samples": 204,
              "n_scenes": 51,
              "voe_accuracy": 37.254901960784316,
              "voe_by_condition": {
                "continuity": 33.33333333333333,
                "immutability": 58.333333333333336,
                "permanence": 58.333333333333336,
                "solidity": 6.666666666666667
              }
            },
            "objective_metric": 37.254901960784316,
            "prediction_file": "artifacts/probes/intphys2/intphys2_probe_temporal_attn_jepa_v2_vitg_384_20260504T231416Z/layer_40/eval/test/probe_predictions.json",
            "probe_eval_dir": "artifacts/probes/intphys2/intphys2_probe_temporal_attn_jepa_v2_vitg_384_20260504T231416Z/layer_40/eval/test",
            "probe_name": "temporal_attn",
            "split_name": "test"
          },
          "train": {
            "base_eval": {
              "metrics": {
                "accuracy": 54.966887417218544,
                "accuracy_by_condition": {
                  "continuity": 56.94444444444444,
                  "immutability": 56.94444444444444,
                  "permanence": 55.55555555555556,
                  "solidity": 51.162790697674424
                },
                "n_samples": 604,
                "n_scenes": 151,
                "voe_accuracy": 32.450331125827816,
                "voe_by_condition": {
                  "continuity": 36.11111111111111,
                  "immutability": 47.22222222222222,
                  "permanence": 38.88888888888889,
                  "solidity": 11.627906976744185
                }
              },
              "output_dir": "artifacts/probes/intphys2/intphys2_probe_temporal_attn_jepa_v2_vitg_384_20260504T231416Z/layer_40/eval/train",
              "split_dir": "data/splits/intphys2"
            },
            "checkpoint": "artifacts/probes/intphys2/intphys2_probe_temporal_attn_jepa_v2_vitg_384_20260504T231416Z/layer_40/train/trial_0004/probe_best.pt",
            "dataset": "intphys2",
            "feature_signature": "6370d2c41854f9d5",
            "metrics": {
              "accuracy": 54.966887417218544,
              "accuracy_by_condition": {
                "continuity": 56.94444444444444,
                "immutability": 56.94444444444444,
                "permanence": 55.55555555555556,
                "solidity": 51.162790697674424
              },
              "n_samples": 604,
              "n_scenes": 151,
              "voe_accuracy": 32.450331125827816,
              "voe_by_condition": {
                "continuity": 36.11111111111111,
                "immutability": 47.22222222222222,
                "permanence": 38.88888888888889,
                "solidity": 11.627906976744185
              }
            },
            "objective_metric": 32.450331125827816,
            "prediction_file": "artifacts/probes/intphys2/intphys2_probe_temporal_attn_jepa_v2_vitg_384_20260504T231416Z/layer_40/eval/train/probe_predictions.json",
            "probe_eval_dir": "artifacts/probes/intphys2/intphys2_probe_temporal_attn_jepa_v2_vitg_384_20260504T231416Z/layer_40/eval/train",
            "probe_name": "temporal_attn",
            "split_name": "train"
          },
          "val": {
            "base_eval": {
              "metrics": {
                "accuracy": 54.90196078431373,
                "accuracy_by_condition": {
                  "continuity": 54.166666666666664,
                  "immutability": 50.0,
                  "permanence": 60.416666666666664,
                  "solidity": 55.00000000000001
                },
                "n_samples": 204,
                "n_scenes": 51,
                "voe_accuracy": 25.49019607843137,
                "voe_by_condition": {
                  "continuity": 16.666666666666664,
                  "immutability": 33.33333333333333,
                  "permanence": 33.33333333333333,
                  "solidity": 20.0
                }
              },
              "output_dir": "artifacts/probes/intphys2/intphys2_probe_temporal_attn_jepa_v2_vitg_384_20260504T231416Z/layer_40/eval/val",
              "split_dir": "data/splits/intphys2"
            },
            "checkpoint": "artifacts/probes/intphys2/intphys2_probe_temporal_attn_jepa_v2_vitg_384_20260504T231416Z/layer_40/train/trial_0004/probe_best.pt",
            "dataset": "intphys2",
            "feature_signature": "6370d2c41854f9d5",
            "metrics": {
              "accuracy": 54.90196078431373,
              "accuracy_by_condition": {
                "continuity": 54.166666666666664,
                "immutability": 50.0,
                "permanence": 60.416666666666664,
                "solidity": 55.00000000000001
              },
              "n_samples": 204,
              "n_scenes": 51,
              "voe_accuracy": 25.49019607843137,
              "voe_by_condition": {
                "continuity": 16.666666666666664,
                "immutability": 33.33333333333333,
                "permanence": 33.33333333333333,
                "solidity": 20.0
              }
            },
            "objective_metric": 25.49019607843137,
            "prediction_file": "artifacts/probes/intphys2/intphys2_probe_temporal_attn_jepa_v2_vitg_384_20260504T231416Z/layer_40/eval/val/probe_predictions.json",
            "probe_eval_dir": "artifacts/probes/intphys2/intphys2_probe_temporal_attn_jepa_v2_vitg_384_20260504T231416Z/layer_40/eval/val",
            "probe_name": "temporal_attn",
            "split_name": "val"
          }
        },
        "split_name": "test"
      },
      "layer": 40,
      "layer_label": "40",
      "objective_metric": 37.254901960784316,
      "train": {
        "best_checkpoint": "artifacts/probes/intphys2/intphys2_probe_temporal_attn_jepa_v2_vitg_384_20260504T231416Z/layer_40/train/trial_0004/probe_best.pt",
        "best_eval_output_dir": "artifacts/probes/intphys2/intphys2_probe_temporal_attn_jepa_v2_vitg_384_20260504T231416Z/layer_40/train/trial_0004/val_eval",
        "best_output_dir": "artifacts/probes/intphys2/intphys2_probe_temporal_attn_jepa_v2_vitg_384_20260504T231416Z/layer_40/train/trial_0004",
        "best_params": {
          "batch_size": 1,
          "dropout": 0.17936999364332554,
          "lr": 5.9750279999602906e-05,
          "mlp_ratio": 2.0,
          "num_heads": 16,
          "num_self_attn_blocks": 2,
          "weight_decay": 9.44351568796269e-05
        },
        "best_trial_number": 4,
        "best_value": 25.49019607843137,
        "checkpoint": "artifacts/probes/intphys2/intphys2_probe_temporal_attn_jepa_v2_vitg_384_20260504T231416Z/layer_40/train/trial_0004/probe_best.pt",
        "dataset": "intphys2",
        "direction": "maximize",
        "layer": 40,
        "n_trials": 5,
        "objective_metric": "voe_accuracy",
        "output_dir": "artifacts/probes/intphys2/intphys2_probe_temporal_attn_jepa_v2_vitg_384_20260504T231416Z/layer_40/train",
        "probe_name": "temporal_attn",
        "storage": "sqlite:////gpfs/home3/scur0511/Probe4Physics/artifacts/probes/intphys2/intphys2_probe_temporal_attn_jepa_v2_vitg_384_20260504T231416Z/layer_40/train/optuna_study.sqlite3",
        "study_name": "intphys2_temporal_attn_jepa_v2_vitg_384_layer_40",
        "trials": [
          {
            "checkpoint": "artifacts/probes/intphys2/intphys2_probe_temporal_attn_jepa_v2_vitg_384_20260504T231416Z/layer_40/train/trial_0000/probe_best.pt",
            "eval_output_dir": "artifacts/probes/intphys2/intphys2_probe_temporal_attn_jepa_v2_vitg_384_20260504T231416Z/layer_40/train/trial_0000/val_eval",
            "output_dir": "artifacts/probes/intphys2/intphys2_probe_temporal_attn_jepa_v2_vitg_384_20260504T231416Z/layer_40/train/trial_0000",
            "params": {
              "batch_size": 1,
              "dropout": 0.006175348288740734,
              "lr": 0.0001329291894316216,
              "mlp_ratio": 4.0,
              "num_heads": 4,
              "num_self_attn_blocks": 3,
              "weight_decay": 0.005061576888752304
            },
            "trial_number": 0,
            "value": 17.647058823529413
          },
          {
            "checkpoint": "artifacts/probes/intphys2/intphys2_probe_temporal_attn_jepa_v2_vitg_384_20260504T231416Z/layer_40/train/trial_0001/probe_best.pt",
            "eval_output_dir": "artifacts/probes/intphys2/intphys2_probe_temporal_attn_jepa_v2_vitg_384_20260504T231416Z/layer_40/train/trial_0001/val_eval",
            "output_dir": "artifacts/probes/intphys2/intphys2_probe_temporal_attn_jepa_v2_vitg_384_20260504T231416Z/layer_40/train/trial_0001",
            "params": {
              "batch_size": 1,
              "dropout": 0.04184815819561255,
              "lr": 0.008123245085588688,
              "mlp_ratio": 4.0,
              "num_heads": 4,
              "num_self_attn_blocks": 2,
              "weight_decay": 0.0009877700294007926
            },
            "trial_number": 1,
            "value": 0.0
          },
          {
            "checkpoint": "artifacts/probes/intphys2/intphys2_probe_temporal_attn_jepa_v2_vitg_384_20260504T231416Z/layer_40/train/trial_0002/probe_best.pt",
            "eval_output_dir": "artifacts/probes/intphys2/intphys2_probe_temporal_attn_jepa_v2_vitg_384_20260504T231416Z/layer_40/train/trial_0002/val_eval",
            "output_dir": "artifacts/probes/intphys2/intphys2_probe_temporal_attn_jepa_v2_vitg_384_20260504T231416Z/layer_40/train/trial_0002",
            "params": {
              "batch_size": 1,
              "dropout": 0.019515477895583853,
              "lr": 7.52374288453485e-05,
              "mlp_ratio": 2.0,
              "num_heads": 8,
              "num_self_attn_blocks": 2,
              "weight_decay": 1.5782327810795563e-06
            },
            "trial_number": 2,
            "value": 11.76470588235294
          },
          {
            "checkpoint": "artifacts/probes/intphys2/intphys2_probe_temporal_attn_jepa_v2_vitg_384_20260504T231416Z/layer_40/train/trial_0003/probe_best.pt",
            "eval_output_dir": "artifacts/probes/intphys2/intphys2_probe_temporal_attn_jepa_v2_vitg_384_20260504T231416Z/layer_40/train/trial_0003/val_eval",
            "output_dir": "artifacts/probes/intphys2/intphys2_probe_temporal_attn_jepa_v2_vitg_384_20260504T231416Z/layer_40/train/trial_0003",
            "params": {
              "batch_size": 1,
              "dropout": 0.2727961206236346,
              "lr": 0.007025166339242158,
              "mlp_ratio": 2.0,
              "num_heads": 4,
              "num_self_attn_blocks": 1,
              "weight_decay": 0.006220025976819169
            },
            "trial_number": 3,
            "value": 0.0
          },
          {
            "checkpoint": "artifacts/probes/intphys2/intphys2_probe_temporal_attn_jepa_v2_vitg_384_20260504T231416Z/layer_40/train/trial_0004/probe_best.pt",
            "eval_output_dir": "artifacts/probes/intphys2/intphys2_probe_temporal_attn_jepa_v2_vitg_384_20260504T231416Z/layer_40/train/trial_0004/val_eval",
            "output_dir": "artifacts/probes/intphys2/intphys2_probe_temporal_attn_jepa_v2_vitg_384_20260504T231416Z/layer_40/train/trial_0004",
            "params": {
              "batch_size": 1,
              "dropout": 0.17936999364332554,
              "lr": 5.9750279999602906e-05,
              "mlp_ratio": 2.0,
              "num_heads": 16,
              "num_self_attn_blocks": 2,
              "weight_decay": 9.44351568796269e-05
            },
            "trial_number": 4,
            "value": 25.49019607843137
          }
        ]
      }
    }
  ],
  "model_selection_split": "val",
  "objective_metric_name": "voe_accuracy",
  "probe_name": "temporal_attn",
  "reported_splits": [
    "train",
    "val",
    "test"
  ],
  "requested_layers": [
    10,
    20,
    30,
    40
  ],
  "split_name": "test",
  "sweep_dir": "artifacts/probes/intphys2/intphys2_probe_temporal_attn_jepa_v2_vitg_384_20260504T231416Z",
  "train_split": "train"
}
JOB_END_UTC=2026-05-05T04:17:48Z
JOB_ELAPSED_SECONDS=18217
