===== TRAIN PROVENANCE =====
Mon May  4 23:14:13 UTC 2026
gcn135.local.snellius.surf.nl
6a929503ad6267515d82e8e97dd388d0c33653fd
Python 3.11.15
/home/scur0511/.conda/envs/probe4physics-gpu/bin/python
REPO_ROOT=/gpfs/home3/scur0511/Probe4Physics
DATASET_NAME=intphys2
PROBE_NAME=temporal_attn
BACKBONE_NAME=videomae
BACKBONE_VARIANT=vit_huge_16_224
PROBE_EPOCHS=20
PROBE_DEVICE=cuda
PROBE_LAYER=last
PROBE_LAYERS=8,16,24,32
PROBE_FEATURE_VIEW=tokens
ENABLE_WANDB=true
WANDB_PROJECT=probe4physics
WANDB_MODE=online
WANDB_GROUP=intphys2_temporal_attn_videomae_vit_huge_16_224
ENABLE_OPTUNA=true
OPTUNA_N_TRIALS=5
OPTUNA_N_JOBS=1
OPTUNA_TIMEOUT_SECONDS=0
ENABLE_OPTUNA_PRUNER=true
OPTUNA_PRUNER_STARTUP_TRIALS=3
OPTUNA_PRUNER_WARMUP_STEPS=5
OPTUNA_PRUNER_INTERVAL_STEPS=1
OPTUNA_STUDY_NAME=intphys2_temporal_attn_videomae_vit_huge_16_224
OPTUNA_SEARCH_OVERRIDES=probe.eval_batch_size=1 probe.optuna.search_space.batch_size.choices=[1]
============================
JOB_START_UTC=2026-05-04T23:14:13Z
{
  "best_layer": null,
  "best_layer_label": null,
  "best_objective_metric": null,
  "dataset": "intphys2",
  "feature_view": "tokens",
  "layers": [
    {
      "checkpoint": "artifacts/probes/intphys2/intphys2_probe_temporal_attn_videomae_vit_huge_16_224_20260504T231417Z/layer_8/train/trial_0002/probe_best.pt",
      "eval": {
        "base_eval": {
          "metrics": {
            "accuracy": 50.0,
            "accuracy_by_condition": {
              "continuity": 50.0,
              "immutability": 50.0,
              "permanence": 50.0,
              "solidity": 50.0
            },
            "n_samples": 204,
            "n_scenes": 51,
            "voe_accuracy": 5.88235294117647,
            "voe_by_condition": {
              "continuity": 8.333333333333332,
              "immutability": 8.333333333333332,
              "permanence": 8.333333333333332,
              "solidity": 0.0
            }
          },
          "output_dir": "artifacts/probes/intphys2/intphys2_probe_temporal_attn_videomae_vit_huge_16_224_20260504T231417Z/layer_8/eval/test",
          "split_dir": "data/splits/intphys2"
        },
        "checkpoint": "artifacts/probes/intphys2/intphys2_probe_temporal_attn_videomae_vit_huge_16_224_20260504T231417Z/layer_8/train/trial_0002/probe_best.pt",
        "dataset": "intphys2",
        "feature_signature": "1e642fe5ac5d5e7f",
        "metrics": {
          "accuracy": 50.0,
          "accuracy_by_condition": {
            "continuity": 50.0,
            "immutability": 50.0,
            "permanence": 50.0,
            "solidity": 50.0
          },
          "n_samples": 204,
          "n_scenes": 51,
          "voe_accuracy": 5.88235294117647,
          "voe_by_condition": {
            "continuity": 8.333333333333332,
            "immutability": 8.333333333333332,
            "permanence": 8.333333333333332,
            "solidity": 0.0
          }
        },
        "metrics_by_split": {
          "test": {
            "accuracy": 50.0,
            "accuracy_by_condition": {
              "continuity": 50.0,
              "immutability": 50.0,
              "permanence": 50.0,
              "solidity": 50.0
            },
            "n_samples": 204,
            "n_scenes": 51,
            "voe_accuracy": 5.88235294117647,
            "voe_by_condition": {
              "continuity": 8.333333333333332,
              "immutability": 8.333333333333332,
              "permanence": 8.333333333333332,
              "solidity": 0.0
            }
          },
          "train": {
            "accuracy": 49.83443708609271,
            "accuracy_by_condition": {
              "continuity": 49.30555555555556,
              "immutability": 50.0,
              "permanence": 50.0,
              "solidity": 50.0
            },
            "n_samples": 604,
            "n_scenes": 151,
            "voe_accuracy": 15.894039735099339,
            "voe_by_condition": {
              "continuity": 16.666666666666664,
              "immutability": 16.666666666666664,
              "permanence": 22.22222222222222,
              "solidity": 9.30232558139535
            }
          },
          "val": {
            "accuracy": 50.49019607843137,
            "accuracy_by_condition": {
              "continuity": 50.0,
              "immutability": 52.083333333333336,
              "permanence": 50.0,
              "solidity": 50.0
            },
            "n_samples": 204,
            "n_scenes": 51,
            "voe_accuracy": 15.686274509803921,
            "voe_by_condition": {
              "continuity": 33.33333333333333,
              "immutability": 33.33333333333333,
              "permanence": 0.0,
              "solidity": 0.0
            }
          }
        },
        "objective_metric": 5.88235294117647,
        "prediction_file": "artifacts/probes/intphys2/intphys2_probe_temporal_attn_videomae_vit_huge_16_224_20260504T231417Z/layer_8/eval/test/probe_predictions.json",
        "prediction_files": {
          "test": "artifacts/probes/intphys2/intphys2_probe_temporal_attn_videomae_vit_huge_16_224_20260504T231417Z/layer_8/eval/test/probe_predictions.json",
          "train": "artifacts/probes/intphys2/intphys2_probe_temporal_attn_videomae_vit_huge_16_224_20260504T231417Z/layer_8/eval/train/probe_predictions.json",
          "val": "artifacts/probes/intphys2/intphys2_probe_temporal_attn_videomae_vit_huge_16_224_20260504T231417Z/layer_8/eval/val/probe_predictions.json"
        },
        "probe_eval_dir": "artifacts/probes/intphys2/intphys2_probe_temporal_attn_videomae_vit_huge_16_224_20260504T231417Z/layer_8/eval",
        "probe_name": "temporal_attn",
        "reported_splits": [
          "train",
          "val",
          "test"
        ],
        "split_eval_dirs": {
          "test": "artifacts/probes/intphys2/intphys2_probe_temporal_attn_videomae_vit_huge_16_224_20260504T231417Z/layer_8/eval/test",
          "train": "artifacts/probes/intphys2/intphys2_probe_temporal_attn_videomae_vit_huge_16_224_20260504T231417Z/layer_8/eval/train",
          "val": "artifacts/probes/intphys2/intphys2_probe_temporal_attn_videomae_vit_huge_16_224_20260504T231417Z/layer_8/eval/val"
        },
        "split_evals": {
          "test": {
            "base_eval": {
              "metrics": {
                "accuracy": 50.0,
                "accuracy_by_condition": {
                  "continuity": 50.0,
                  "immutability": 50.0,
                  "permanence": 50.0,
                  "solidity": 50.0
                },
                "n_samples": 204,
                "n_scenes": 51,
                "voe_accuracy": 5.88235294117647,
                "voe_by_condition": {
                  "continuity": 8.333333333333332,
                  "immutability": 8.333333333333332,
                  "permanence": 8.333333333333332,
                  "solidity": 0.0
                }
              },
              "output_dir": "artifacts/probes/intphys2/intphys2_probe_temporal_attn_videomae_vit_huge_16_224_20260504T231417Z/layer_8/eval/test",
              "split_dir": "data/splits/intphys2"
            },
            "checkpoint": "artifacts/probes/intphys2/intphys2_probe_temporal_attn_videomae_vit_huge_16_224_20260504T231417Z/layer_8/train/trial_0002/probe_best.pt",
            "dataset": "intphys2",
            "feature_signature": "1e642fe5ac5d5e7f",
            "metrics": {
              "accuracy": 50.0,
              "accuracy_by_condition": {
                "continuity": 50.0,
                "immutability": 50.0,
                "permanence": 50.0,
                "solidity": 50.0
              },
              "n_samples": 204,
              "n_scenes": 51,
              "voe_accuracy": 5.88235294117647,
              "voe_by_condition": {
                "continuity": 8.333333333333332,
                "immutability": 8.333333333333332,
                "permanence": 8.333333333333332,
                "solidity": 0.0
              }
            },
            "objective_metric": 5.88235294117647,
            "prediction_file": "artifacts/probes/intphys2/intphys2_probe_temporal_attn_videomae_vit_huge_16_224_20260504T231417Z/layer_8/eval/test/probe_predictions.json",
            "probe_eval_dir": "artifacts/probes/intphys2/intphys2_probe_temporal_attn_videomae_vit_huge_16_224_20260504T231417Z/layer_8/eval/test",
            "probe_name": "temporal_attn",
            "split_name": "test"
          },
          "train": {
            "base_eval": {
              "metrics": {
                "accuracy": 49.83443708609271,
                "accuracy_by_condition": {
                  "continuity": 49.30555555555556,
                  "immutability": 50.0,
                  "permanence": 50.0,
                  "solidity": 50.0
                },
                "n_samples": 604,
                "n_scenes": 151,
                "voe_accuracy": 15.894039735099339,
                "voe_by_condition": {
                  "continuity": 16.666666666666664,
                  "immutability": 16.666666666666664,
                  "permanence": 22.22222222222222,
                  "solidity": 9.30232558139535
                }
              },
              "output_dir": "artifacts/probes/intphys2/intphys2_probe_temporal_attn_videomae_vit_huge_16_224_20260504T231417Z/layer_8/eval/train",
              "split_dir": "data/splits/intphys2"
            },
            "checkpoint": "artifacts/probes/intphys2/intphys2_probe_temporal_attn_videomae_vit_huge_16_224_20260504T231417Z/layer_8/train/trial_0002/probe_best.pt",
            "dataset": "intphys2",
            "feature_signature": "1e642fe5ac5d5e7f",
            "metrics": {
              "accuracy": 49.83443708609271,
              "accuracy_by_condition": {
                "continuity": 49.30555555555556,
                "immutability": 50.0,
                "permanence": 50.0,
                "solidity": 50.0
              },
              "n_samples": 604,
              "n_scenes": 151,
              "voe_accuracy": 15.894039735099339,
              "voe_by_condition": {
                "continuity": 16.666666666666664,
                "immutability": 16.666666666666664,
                "permanence": 22.22222222222222,
                "solidity": 9.30232558139535
              }
            },
            "objective_metric": 15.894039735099339,
            "prediction_file": "artifacts/probes/intphys2/intphys2_probe_temporal_attn_videomae_vit_huge_16_224_20260504T231417Z/layer_8/eval/train/probe_predictions.json",
            "probe_eval_dir": "artifacts/probes/intphys2/intphys2_probe_temporal_attn_videomae_vit_huge_16_224_20260504T231417Z/layer_8/eval/train",
            "probe_name": "temporal_attn",
            "split_name": "train"
          },
          "val": {
            "base_eval": {
              "metrics": {
                "accuracy": 50.49019607843137,
                "accuracy_by_condition": {
                  "continuity": 50.0,
                  "immutability": 52.083333333333336,
                  "permanence": 50.0,
                  "solidity": 50.0
                },
                "n_samples": 204,
                "n_scenes": 51,
                "voe_accuracy": 15.686274509803921,
                "voe_by_condition": {
                  "continuity": 33.33333333333333,
                  "immutability": 33.33333333333333,
                  "permanence": 0.0,
                  "solidity": 0.0
                }
              },
              "output_dir": "artifacts/probes/intphys2/intphys2_probe_temporal_attn_videomae_vit_huge_16_224_20260504T231417Z/layer_8/eval/val",
              "split_dir": "data/splits/intphys2"
            },
            "checkpoint": "artifacts/probes/intphys2/intphys2_probe_temporal_attn_videomae_vit_huge_16_224_20260504T231417Z/layer_8/train/trial_0002/probe_best.pt",
            "dataset": "intphys2",
            "feature_signature": "1e642fe5ac5d5e7f",
            "metrics": {
              "accuracy": 50.49019607843137,
              "accuracy_by_condition": {
                "continuity": 50.0,
                "immutability": 52.083333333333336,
                "permanence": 50.0,
                "solidity": 50.0
              },
              "n_samples": 204,
              "n_scenes": 51,
              "voe_accuracy": 15.686274509803921,
              "voe_by_condition": {
                "continuity": 33.33333333333333,
                "immutability": 33.33333333333333,
                "permanence": 0.0,
                "solidity": 0.0
              }
            },
            "objective_metric": 15.686274509803921,
            "prediction_file": "artifacts/probes/intphys2/intphys2_probe_temporal_attn_videomae_vit_huge_16_224_20260504T231417Z/layer_8/eval/val/probe_predictions.json",
            "probe_eval_dir": "artifacts/probes/intphys2/intphys2_probe_temporal_attn_videomae_vit_huge_16_224_20260504T231417Z/layer_8/eval/val",
            "probe_name": "temporal_attn",
            "split_name": "val"
          }
        },
        "split_name": "test"
      },
      "layer": 8,
      "layer_label": "8",
      "objective_metric": 5.88235294117647,
      "train": {
        "best_checkpoint": "artifacts/probes/intphys2/intphys2_probe_temporal_attn_videomae_vit_huge_16_224_20260504T231417Z/layer_8/train/trial_0002/probe_best.pt",
        "best_eval_output_dir": "artifacts/probes/intphys2/intphys2_probe_temporal_attn_videomae_vit_huge_16_224_20260504T231417Z/layer_8/train/trial_0002/val_eval",
        "best_output_dir": "artifacts/probes/intphys2/intphys2_probe_temporal_attn_videomae_vit_huge_16_224_20260504T231417Z/layer_8/train/trial_0002",
        "best_params": {
          "batch_size": 1,
          "dropout": 0.019515477895583853,
          "lr": 7.52374288453485e-05,
          "mlp_ratio": 2.0,
          "num_heads": 8,
          "num_self_attn_blocks": 2,
          "weight_decay": 1.5782327810795563e-06
        },
        "best_trial_number": 2,
        "best_value": 15.686274509803921,
        "checkpoint": "artifacts/probes/intphys2/intphys2_probe_temporal_attn_videomae_vit_huge_16_224_20260504T231417Z/layer_8/train/trial_0002/probe_best.pt",
        "dataset": "intphys2",
        "direction": "maximize",
        "layer": 8,
        "n_trials": 5,
        "objective_metric": "voe_accuracy",
        "output_dir": "artifacts/probes/intphys2/intphys2_probe_temporal_attn_videomae_vit_huge_16_224_20260504T231417Z/layer_8/train",
        "probe_name": "temporal_attn",
        "storage": "sqlite:////gpfs/home3/scur0511/Probe4Physics/artifacts/probes/intphys2/intphys2_probe_temporal_attn_videomae_vit_huge_16_224_20260504T231417Z/layer_8/train/optuna_study.sqlite3",
        "study_name": "intphys2_temporal_attn_videomae_vit_huge_16_224_layer_8",
        "trials": [
          {
            "checkpoint": "artifacts/probes/intphys2/intphys2_probe_temporal_attn_videomae_vit_huge_16_224_20260504T231417Z/layer_8/train/trial_0000/probe_best.pt",
            "eval_output_dir": "artifacts/probes/intphys2/intphys2_probe_temporal_attn_videomae_vit_huge_16_224_20260504T231417Z/layer_8/train/trial_0000/val_eval",
            "output_dir": "artifacts/probes/intphys2/intphys2_probe_temporal_attn_videomae_vit_huge_16_224_20260504T231417Z/layer_8/train/trial_0000",
            "params": {
              "batch_size": 1,
              "dropout": 0.006175348288740734,
              "lr": 0.0001329291894316216,
              "mlp_ratio": 4.0,
              "num_heads": 4,
              "num_self_attn_blocks": 3,
              "weight_decay": 0.005061576888752304
            },
            "trial_number": 0,
            "value": 13.725490196078432
          },
          {
            "checkpoint": "artifacts/probes/intphys2/intphys2_probe_temporal_attn_videomae_vit_huge_16_224_20260504T231417Z/layer_8/train/trial_0001/probe_best.pt",
            "eval_output_dir": "artifacts/probes/intphys2/intphys2_probe_temporal_attn_videomae_vit_huge_16_224_20260504T231417Z/layer_8/train/trial_0001/val_eval",
            "output_dir": "artifacts/probes/intphys2/intphys2_probe_temporal_attn_videomae_vit_huge_16_224_20260504T231417Z/layer_8/train/trial_0001",
            "params": {
              "batch_size": 1,
              "dropout": 0.04184815819561255,
              "lr": 0.008123245085588688,
              "mlp_ratio": 4.0,
              "num_heads": 4,
              "num_self_attn_blocks": 2,
              "weight_decay": 0.0009877700294007926
            },
            "trial_number": 1,
            "value": 0.0
          },
          {
            "checkpoint": "artifacts/probes/intphys2/intphys2_probe_temporal_attn_videomae_vit_huge_16_224_20260504T231417Z/layer_8/train/trial_0002/probe_best.pt",
            "eval_output_dir": "artifacts/probes/intphys2/intphys2_probe_temporal_attn_videomae_vit_huge_16_224_20260504T231417Z/layer_8/train/trial_0002/val_eval",
            "output_dir": "artifacts/probes/intphys2/intphys2_probe_temporal_attn_videomae_vit_huge_16_224_20260504T231417Z/layer_8/train/trial_0002",
            "params": {
              "batch_size": 1,
              "dropout": 0.019515477895583853,
              "lr": 7.52374288453485e-05,
              "mlp_ratio": 2.0,
              "num_heads": 8,
              "num_self_attn_blocks": 2,
              "weight_decay": 1.5782327810795563e-06
            },
            "trial_number": 2,
            "value": 15.686274509803921
          },
          {
            "checkpoint": "artifacts/probes/intphys2/intphys2_probe_temporal_attn_videomae_vit_huge_16_224_20260504T231417Z/layer_8/train/trial_0003/probe_best.pt",
            "eval_output_dir": "artifacts/probes/intphys2/intphys2_probe_temporal_attn_videomae_vit_huge_16_224_20260504T231417Z/layer_8/train/trial_0003/val_eval",
            "output_dir": "artifacts/probes/intphys2/intphys2_probe_temporal_attn_videomae_vit_huge_16_224_20260504T231417Z/layer_8/train/trial_0003",
            "params": {
              "batch_size": 1,
              "dropout": 0.2727961206236346,
              "lr": 0.007025166339242158,
              "mlp_ratio": 2.0,
              "num_heads": 4,
              "num_self_attn_blocks": 1,
              "weight_decay": 0.006220025976819169
            },
            "trial_number": 3,
            "value": 0.0
          },
          {
            "checkpoint": "artifacts/probes/intphys2/intphys2_probe_temporal_attn_videomae_vit_huge_16_224_20260504T231417Z/layer_8/train/trial_0004/probe_best.pt",
            "eval_output_dir": "artifacts/probes/intphys2/intphys2_probe_temporal_attn_videomae_vit_huge_16_224_20260504T231417Z/layer_8/train/trial_0004/val_eval",
            "output_dir": "artifacts/probes/intphys2/intphys2_probe_temporal_attn_videomae_vit_huge_16_224_20260504T231417Z/layer_8/train/trial_0004",
            "params": {
              "batch_size": 1,
              "dropout": 0.17936999364332554,
              "lr": 5.9750279999602906e-05,
              "mlp_ratio": 2.0,
              "num_heads": 16,
              "num_self_attn_blocks": 2,
              "weight_decay": 9.44351568796269e-05
            },
            "trial_number": 4,
            "value": 13.725490196078432
          }
        ]
      }
    },
    {
      "checkpoint": "artifacts/probes/intphys2/intphys2_probe_temporal_attn_videomae_vit_huge_16_224_20260504T231417Z/layer_16/train/trial_0002/probe_best.pt",
      "eval": {
        "base_eval": {
          "metrics": {
            "accuracy": 49.50980392156863,
            "accuracy_by_condition": {
              "continuity": 50.0,
              "immutability": 50.0,
              "permanence": 50.0,
              "solidity": 48.333333333333336
            },
            "n_samples": 204,
            "n_scenes": 51,
            "voe_accuracy": 19.607843137254903,
            "voe_by_condition": {
              "continuity": 16.666666666666664,
              "immutability": 16.666666666666664,
              "permanence": 33.33333333333333,
              "solidity": 13.333333333333334
            }
          },
          "output_dir": "artifacts/probes/intphys2/intphys2_probe_temporal_attn_videomae_vit_huge_16_224_20260504T231417Z/layer_16/eval/test",
          "split_dir": "data/splits/intphys2"
        },
        "checkpoint": "artifacts/probes/intphys2/intphys2_probe_temporal_attn_videomae_vit_huge_16_224_20260504T231417Z/layer_16/train/trial_0002/probe_best.pt",
        "dataset": "intphys2",
        "feature_signature": "1e642fe5ac5d5e7f",
        "metrics": {
          "accuracy": 49.50980392156863,
          "accuracy_by_condition": {
            "continuity": 50.0,
            "immutability": 50.0,
            "permanence": 50.0,
            "solidity": 48.333333333333336
          },
          "n_samples": 204,
          "n_scenes": 51,
          "voe_accuracy": 19.607843137254903,
          "voe_by_condition": {
            "continuity": 16.666666666666664,
            "immutability": 16.666666666666664,
            "permanence": 33.33333333333333,
            "solidity": 13.333333333333334
          }
        },
        "metrics_by_split": {
          "test": {
            "accuracy": 49.50980392156863,
            "accuracy_by_condition": {
              "continuity": 50.0,
              "immutability": 50.0,
              "permanence": 50.0,
              "solidity": 48.333333333333336
            },
            "n_samples": 204,
            "n_scenes": 51,
            "voe_accuracy": 19.607843137254903,
            "voe_by_condition": {
              "continuity": 16.666666666666664,
              "immutability": 16.666666666666664,
              "permanence": 33.33333333333333,
              "solidity": 13.333333333333334
            }
          },
          "train": {
            "accuracy": 50.16556291390728,
            "accuracy_by_condition": {
              "continuity": 50.69444444444444,
              "immutability": 50.0,
              "permanence": 50.0,
              "solidity": 50.0
            },
            "n_samples": 604,
            "n_scenes": 151,
            "voe_accuracy": 25.165562913907287,
            "voe_by_condition": {
              "continuity": 33.33333333333333,
              "immutability": 27.77777777777778,
              "permanence": 27.77777777777778,
              "solidity": 13.953488372093023
            }
          },
          "val": {
            "accuracy": 51.470588235294116,
            "accuracy_by_condition": {
              "continuity": 50.0,
              "immutability": 54.166666666666664,
              "permanence": 50.0,
              "solidity": 51.66666666666667
            },
            "n_samples": 204,
            "n_scenes": 51,
            "voe_accuracy": 25.49019607843137,
            "voe_by_condition": {
              "continuity": 33.33333333333333,
              "immutability": 41.66666666666667,
              "permanence": 33.33333333333333,
              "solidity": 0.0
            }
          }
        },
        "objective_metric": 19.607843137254903,
        "prediction_file": "artifacts/probes/intphys2/intphys2_probe_temporal_attn_videomae_vit_huge_16_224_20260504T231417Z/layer_16/eval/test/probe_predictions.json",
        "prediction_files": {
          "test": "artifacts/probes/intphys2/intphys2_probe_temporal_attn_videomae_vit_huge_16_224_20260504T231417Z/layer_16/eval/test/probe_predictions.json",
          "train": "artifacts/probes/intphys2/intphys2_probe_temporal_attn_videomae_vit_huge_16_224_20260504T231417Z/layer_16/eval/train/probe_predictions.json",
          "val": "artifacts/probes/intphys2/intphys2_probe_temporal_attn_videomae_vit_huge_16_224_20260504T231417Z/layer_16/eval/val/probe_predictions.json"
        },
        "probe_eval_dir": "artifacts/probes/intphys2/intphys2_probe_temporal_attn_videomae_vit_huge_16_224_20260504T231417Z/layer_16/eval",
        "probe_name": "temporal_attn",
        "reported_splits": [
          "train",
          "val",
          "test"
        ],
        "split_eval_dirs": {
          "test": "artifacts/probes/intphys2/intphys2_probe_temporal_attn_videomae_vit_huge_16_224_20260504T231417Z/layer_16/eval/test",
          "train": "artifacts/probes/intphys2/intphys2_probe_temporal_attn_videomae_vit_huge_16_224_20260504T231417Z/layer_16/eval/train",
          "val": "artifacts/probes/intphys2/intphys2_probe_temporal_attn_videomae_vit_huge_16_224_20260504T231417Z/layer_16/eval/val"
        },
        "split_evals": {
          "test": {
            "base_eval": {
              "metrics": {
                "accuracy": 49.50980392156863,
                "accuracy_by_condition": {
                  "continuity": 50.0,
                  "immutability": 50.0,
                  "permanence": 50.0,
                  "solidity": 48.333333333333336
                },
                "n_samples": 204,
                "n_scenes": 51,
                "voe_accuracy": 19.607843137254903,
                "voe_by_condition": {
                  "continuity": 16.666666666666664,
                  "immutability": 16.666666666666664,
                  "permanence": 33.33333333333333,
                  "solidity": 13.333333333333334
                }
              },
              "output_dir": "artifacts/probes/intphys2/intphys2_probe_temporal_attn_videomae_vit_huge_16_224_20260504T231417Z/layer_16/eval/test",
              "split_dir": "data/splits/intphys2"
            },
            "checkpoint": "artifacts/probes/intphys2/intphys2_probe_temporal_attn_videomae_vit_huge_16_224_20260504T231417Z/layer_16/train/trial_0002/probe_best.pt",
            "dataset": "intphys2",
            "feature_signature": "1e642fe5ac5d5e7f",
            "metrics": {
              "accuracy": 49.50980392156863,
              "accuracy_by_condition": {
                "continuity": 50.0,
                "immutability": 50.0,
                "permanence": 50.0,
                "solidity": 48.333333333333336
              },
              "n_samples": 204,
              "n_scenes": 51,
              "voe_accuracy": 19.607843137254903,
              "voe_by_condition": {
                "continuity": 16.666666666666664,
                "immutability": 16.666666666666664,
                "permanence": 33.33333333333333,
                "solidity": 13.333333333333334
              }
            },
            "objective_metric": 19.607843137254903,
            "prediction_file": "artifacts/probes/intphys2/intphys2_probe_temporal_attn_videomae_vit_huge_16_224_20260504T231417Z/layer_16/eval/test/probe_predictions.json",
            "probe_eval_dir": "artifacts/probes/intphys2/intphys2_probe_temporal_attn_videomae_vit_huge_16_224_20260504T231417Z/layer_16/eval/test",
            "probe_name": "temporal_attn",
            "split_name": "test"
          },
          "train": {
            "base_eval": {
              "metrics": {
                "accuracy": 50.16556291390728,
                "accuracy_by_condition": {
                  "continuity": 50.69444444444444,
                  "immutability": 50.0,
                  "permanence": 50.0,
                  "solidity": 50.0
                },
                "n_samples": 604,
                "n_scenes": 151,
                "voe_accuracy": 25.165562913907287,
                "voe_by_condition": {
                  "continuity": 33.33333333333333,
                  "immutability": 27.77777777777778,
                  "permanence": 27.77777777777778,
                  "solidity": 13.953488372093023
                }
              },
              "output_dir": "artifacts/probes/intphys2/intphys2_probe_temporal_attn_videomae_vit_huge_16_224_20260504T231417Z/layer_16/eval/train",
              "split_dir": "data/splits/intphys2"
            },
            "checkpoint": "artifacts/probes/intphys2/intphys2_probe_temporal_attn_videomae_vit_huge_16_224_20260504T231417Z/layer_16/train/trial_0002/probe_best.pt",
            "dataset": "intphys2",
            "feature_signature": "1e642fe5ac5d5e7f",
            "metrics": {
              "accuracy": 50.16556291390728,
              "accuracy_by_condition": {
                "continuity": 50.69444444444444,
                "immutability": 50.0,
                "permanence": 50.0,
                "solidity": 50.0
              },
              "n_samples": 604,
              "n_scenes": 151,
              "voe_accuracy": 25.165562913907287,
              "voe_by_condition": {
                "continuity": 33.33333333333333,
                "immutability": 27.77777777777778,
                "permanence": 27.77777777777778,
                "solidity": 13.953488372093023
              }
            },
            "objective_metric": 25.165562913907287,
            "prediction_file": "artifacts/probes/intphys2/intphys2_probe_temporal_attn_videomae_vit_huge_16_224_20260504T231417Z/layer_16/eval/train/probe_predictions.json",
            "probe_eval_dir": "artifacts/probes/intphys2/intphys2_probe_temporal_attn_videomae_vit_huge_16_224_20260504T231417Z/layer_16/eval/train",
            "probe_name": "temporal_attn",
            "split_name": "train"
          },
          "val": {
            "base_eval": {
              "metrics": {
                "accuracy": 51.470588235294116,
                "accuracy_by_condition": {
                  "continuity": 50.0,
                  "immutability": 54.166666666666664,
                  "permanence": 50.0,
                  "solidity": 51.66666666666667
                },
                "n_samples": 204,
                "n_scenes": 51,
                "voe_accuracy": 25.49019607843137,
                "voe_by_condition": {
                  "continuity": 33.33333333333333,
                  "immutability": 41.66666666666667,
                  "permanence": 33.33333333333333,
                  "solidity": 0.0
                }
              },
              "output_dir": "artifacts/probes/intphys2/intphys2_probe_temporal_attn_videomae_vit_huge_16_224_20260504T231417Z/layer_16/eval/val",
              "split_dir": "data/splits/intphys2"
            },
            "checkpoint": "artifacts/probes/intphys2/intphys2_probe_temporal_attn_videomae_vit_huge_16_224_20260504T231417Z/layer_16/train/trial_0002/probe_best.pt",
            "dataset": "intphys2",
            "feature_signature": "1e642fe5ac5d5e7f",
            "metrics": {
              "accuracy": 51.470588235294116,
              "accuracy_by_condition": {
                "continuity": 50.0,
                "immutability": 54.166666666666664,
                "permanence": 50.0,
                "solidity": 51.66666666666667
              },
              "n_samples": 204,
              "n_scenes": 51,
              "voe_accuracy": 25.49019607843137,
              "voe_by_condition": {
                "continuity": 33.33333333333333,
                "immutability": 41.66666666666667,
                "permanence": 33.33333333333333,
                "solidity": 0.0
              }
            },
            "objective_metric": 25.49019607843137,
            "prediction_file": "artifacts/probes/intphys2/intphys2_probe_temporal_attn_videomae_vit_huge_16_224_20260504T231417Z/layer_16/eval/val/probe_predictions.json",
            "probe_eval_dir": "artifacts/probes/intphys2/intphys2_probe_temporal_attn_videomae_vit_huge_16_224_20260504T231417Z/layer_16/eval/val",
            "probe_name": "temporal_attn",
            "split_name": "val"
          }
        },
        "split_name": "test"
      },
      "layer": 16,
      "layer_label": "16",
      "objective_metric": 19.607843137254903,
      "train": {
        "best_checkpoint": "artifacts/probes/intphys2/intphys2_probe_temporal_attn_videomae_vit_huge_16_224_20260504T231417Z/layer_16/train/trial_0002/probe_best.pt",
        "best_eval_output_dir": "artifacts/probes/intphys2/intphys2_probe_temporal_attn_videomae_vit_huge_16_224_20260504T231417Z/layer_16/train/trial_0002/val_eval",
        "best_output_dir": "artifacts/probes/intphys2/intphys2_probe_temporal_attn_videomae_vit_huge_16_224_20260504T231417Z/layer_16/train/trial_0002",
        "best_params": {
          "batch_size": 1,
          "dropout": 0.019515477895583853,
          "lr": 7.52374288453485e-05,
          "mlp_ratio": 2.0,
          "num_heads": 8,
          "num_self_attn_blocks": 2,
          "weight_decay": 1.5782327810795563e-06
        },
        "best_trial_number": 2,
        "best_value": 25.49019607843137,
        "checkpoint": "artifacts/probes/intphys2/intphys2_probe_temporal_attn_videomae_vit_huge_16_224_20260504T231417Z/layer_16/train/trial_0002/probe_best.pt",
        "dataset": "intphys2",
        "direction": "maximize",
        "layer": 16,
        "n_trials": 5,
        "objective_metric": "voe_accuracy",
        "output_dir": "artifacts/probes/intphys2/intphys2_probe_temporal_attn_videomae_vit_huge_16_224_20260504T231417Z/layer_16/train",
        "probe_name": "temporal_attn",
        "storage": "sqlite:////gpfs/home3/scur0511/Probe4Physics/artifacts/probes/intphys2/intphys2_probe_temporal_attn_videomae_vit_huge_16_224_20260504T231417Z/layer_16/train/optuna_study.sqlite3",
        "study_name": "intphys2_temporal_attn_videomae_vit_huge_16_224_layer_16",
        "trials": [
          {
            "checkpoint": "artifacts/probes/intphys2/intphys2_probe_temporal_attn_videomae_vit_huge_16_224_20260504T231417Z/layer_16/train/trial_0000/probe_best.pt",
            "eval_output_dir": "artifacts/probes/intphys2/intphys2_probe_temporal_attn_videomae_vit_huge_16_224_20260504T231417Z/layer_16/train/trial_0000/val_eval",
            "output_dir": "artifacts/probes/intphys2/intphys2_probe_temporal_attn_videomae_vit_huge_16_224_20260504T231417Z/layer_16/train/trial_0000",
            "params": {
              "batch_size": 1,
              "dropout": 0.006175348288740734,
              "lr": 0.0001329291894316216,
              "mlp_ratio": 4.0,
              "num_heads": 4,
              "num_self_attn_blocks": 3,
              "weight_decay": 0.005061576888752304
            },
            "trial_number": 0,
            "value": 15.686274509803921
          },
          {
            "checkpoint": "artifacts/probes/intphys2/intphys2_probe_temporal_attn_videomae_vit_huge_16_224_20260504T231417Z/layer_16/train/trial_0001/probe_best.pt",
            "eval_output_dir": "artifacts/probes/intphys2/intphys2_probe_temporal_attn_videomae_vit_huge_16_224_20260504T231417Z/layer_16/train/trial_0001/val_eval",
            "output_dir": "artifacts/probes/intphys2/intphys2_probe_temporal_attn_videomae_vit_huge_16_224_20260504T231417Z/layer_16/train/trial_0001",
            "params": {
              "batch_size": 1,
              "dropout": 0.04184815819561255,
              "lr": 0.008123245085588688,
              "mlp_ratio": 4.0,
              "num_heads": 4,
              "num_self_attn_blocks": 2,
              "weight_decay": 0.0009877700294007926
            },
            "trial_number": 1,
            "value": 0.0
          },
          {
            "checkpoint": "artifacts/probes/intphys2/intphys2_probe_temporal_attn_videomae_vit_huge_16_224_20260504T231417Z/layer_16/train/trial_0002/probe_best.pt",
            "eval_output_dir": "artifacts/probes/intphys2/intphys2_probe_temporal_attn_videomae_vit_huge_16_224_20260504T231417Z/layer_16/train/trial_0002/val_eval",
            "output_dir": "artifacts/probes/intphys2/intphys2_probe_temporal_attn_videomae_vit_huge_16_224_20260504T231417Z/layer_16/train/trial_0002",
            "params": {
              "batch_size": 1,
              "dropout": 0.019515477895583853,
              "lr": 7.52374288453485e-05,
              "mlp_ratio": 2.0,
              "num_heads": 8,
              "num_self_attn_blocks": 2,
              "weight_decay": 1.5782327810795563e-06
            },
            "trial_number": 2,
            "value": 25.49019607843137
          }
        ]
      }
    },
    {
      "checkpoint": "artifacts/probes/intphys2/intphys2_probe_temporal_attn_videomae_vit_huge_16_224_20260504T231417Z/layer_24/train/trial_0002/probe_best.pt",
      "eval": {
        "base_eval": {
          "metrics": {
            "accuracy": 71.56862745098039,
            "accuracy_by_condition": {
              "continuity": 66.66666666666666,
              "immutability": 87.5,
              "permanence": 79.16666666666666,
              "solidity": 56.666666666666664
            },
            "n_samples": 204,
            "n_scenes": 51,
            "voe_accuracy": 54.90196078431373,
            "voe_by_condition": {
              "continuity": 41.66666666666667,
              "immutability": 91.66666666666666,
              "permanence": 91.66666666666666,
              "solidity": 6.666666666666667
            }
          },
          "output_dir": "artifacts/probes/intphys2/intphys2_probe_temporal_attn_videomae_vit_huge_16_224_20260504T231417Z/layer_24/eval/test",
          "split_dir": "data/splits/intphys2"
        },
        "checkpoint": "artifacts/probes/intphys2/intphys2_probe_temporal_attn_videomae_vit_huge_16_224_20260504T231417Z/layer_24/train/trial_0002/probe_best.pt",
        "dataset": "intphys2",
        "feature_signature": "1e642fe5ac5d5e7f",
        "metrics": {
          "accuracy": 71.56862745098039,
          "accuracy_by_condition": {
            "continuity": 66.66666666666666,
            "immutability": 87.5,
            "permanence": 79.16666666666666,
            "solidity": 56.666666666666664
          },
          "n_samples": 204,
          "n_scenes": 51,
          "voe_accuracy": 54.90196078431373,
          "voe_by_condition": {
            "continuity": 41.66666666666667,
            "immutability": 91.66666666666666,
            "permanence": 91.66666666666666,
            "solidity": 6.666666666666667
          }
        },
        "metrics_by_split": {
          "test": {
            "accuracy": 71.56862745098039,
            "accuracy_by_condition": {
              "continuity": 66.66666666666666,
              "immutability": 87.5,
              "permanence": 79.16666666666666,
              "solidity": 56.666666666666664
            },
            "n_samples": 204,
            "n_scenes": 51,
            "voe_accuracy": 54.90196078431373,
            "voe_by_condition": {
              "continuity": 41.66666666666667,
              "immutability": 91.66666666666666,
              "permanence": 91.66666666666666,
              "solidity": 6.666666666666667
            }
          },
          "train": {
            "accuracy": 81.78807947019867,
            "accuracy_by_condition": {
              "continuity": 86.11111111111111,
              "immutability": 87.5,
              "permanence": 89.58333333333334,
              "solidity": 66.86046511627907
            },
            "n_samples": 604,
            "n_scenes": 151,
            "voe_accuracy": 74.17218543046357,
            "voe_by_condition": {
              "continuity": 83.33333333333334,
              "immutability": 86.11111111111111,
              "permanence": 83.33333333333334,
              "solidity": 48.837209302325576
            }
          },
          "val": {
            "accuracy": 73.0392156862745,
            "accuracy_by_condition": {
              "continuity": 75.0,
              "immutability": 91.66666666666666,
              "permanence": 77.08333333333334,
              "solidity": 53.333333333333336
            },
            "n_samples": 204,
            "n_scenes": 51,
            "voe_accuracy": 62.745098039215684,
            "voe_by_condition": {
              "continuity": 66.66666666666666,
              "immutability": 83.33333333333334,
              "permanence": 83.33333333333334,
              "solidity": 26.666666666666668
            }
          }
        },
        "objective_metric": 54.90196078431373,
        "prediction_file": "artifacts/probes/intphys2/intphys2_probe_temporal_attn_videomae_vit_huge_16_224_20260504T231417Z/layer_24/eval/test/probe_predictions.json",
        "prediction_files": {
          "test": "artifacts/probes/intphys2/intphys2_probe_temporal_attn_videomae_vit_huge_16_224_20260504T231417Z/layer_24/eval/test/probe_predictions.json",
          "train": "artifacts/probes/intphys2/intphys2_probe_temporal_attn_videomae_vit_huge_16_224_20260504T231417Z/layer_24/eval/train/probe_predictions.json",
          "val": "artifacts/probes/intphys2/intphys2_probe_temporal_attn_videomae_vit_huge_16_224_20260504T231417Z/layer_24/eval/val/probe_predictions.json"
        },
        "probe_eval_dir": "artifacts/probes/intphys2/intphys2_probe_temporal_attn_videomae_vit_huge_16_224_20260504T231417Z/layer_24/eval",
        "probe_name": "temporal_attn",
        "reported_splits": [
          "train",
          "val",
          "test"
        ],
        "split_eval_dirs": {
          "test": "artifacts/probes/intphys2/intphys2_probe_temporal_attn_videomae_vit_huge_16_224_20260504T231417Z/layer_24/eval/test",
          "train": "artifacts/probes/intphys2/intphys2_probe_temporal_attn_videomae_vit_huge_16_224_20260504T231417Z/layer_24/eval/train",
          "val": "artifacts/probes/intphys2/intphys2_probe_temporal_attn_videomae_vit_huge_16_224_20260504T231417Z/layer_24/eval/val"
        },
        "split_evals": {
          "test": {
            "base_eval": {
              "metrics": {
                "accuracy": 71.56862745098039,
                "accuracy_by_condition": {
                  "continuity": 66.66666666666666,
                  "immutability": 87.5,
                  "permanence": 79.16666666666666,
                  "solidity": 56.666666666666664
                },
                "n_samples": 204,
                "n_scenes": 51,
                "voe_accuracy": 54.90196078431373,
                "voe_by_condition": {
                  "continuity": 41.66666666666667,
                  "immutability": 91.66666666666666,
                  "permanence": 91.66666666666666,
                  "solidity": 6.666666666666667
                }
              },
              "output_dir": "artifacts/probes/intphys2/intphys2_probe_temporal_attn_videomae_vit_huge_16_224_20260504T231417Z/layer_24/eval/test",
              "split_dir": "data/splits/intphys2"
            },
            "checkpoint": "artifacts/probes/intphys2/intphys2_probe_temporal_attn_videomae_vit_huge_16_224_20260504T231417Z/layer_24/train/trial_0002/probe_best.pt",
            "dataset": "intphys2",
            "feature_signature": "1e642fe5ac5d5e7f",
            "metrics": {
              "accuracy": 71.56862745098039,
              "accuracy_by_condition": {
                "continuity": 66.66666666666666,
                "immutability": 87.5,
                "permanence": 79.16666666666666,
                "solidity": 56.666666666666664
              },
              "n_samples": 204,
              "n_scenes": 51,
              "voe_accuracy": 54.90196078431373,
              "voe_by_condition": {
                "continuity": 41.66666666666667,
                "immutability": 91.66666666666666,
                "permanence": 91.66666666666666,
                "solidity": 6.666666666666667
              }
            },
            "objective_metric": 54.90196078431373,
            "prediction_file": "artifacts/probes/intphys2/intphys2_probe_temporal_attn_videomae_vit_huge_16_224_20260504T231417Z/layer_24/eval/test/probe_predictions.json",
            "probe_eval_dir": "artifacts/probes/intphys2/intphys2_probe_temporal_attn_videomae_vit_huge_16_224_20260504T231417Z/layer_24/eval/test",
            "probe_name": "temporal_attn",
            "split_name": "test"
          },
          "train": {
            "base_eval": {
              "metrics": {
                "accuracy": 81.78807947019867,
                "accuracy_by_condition": {
                  "continuity": 86.11111111111111,
                  "immutability": 87.5,
                  "permanence": 89.58333333333334,
                  "solidity": 66.86046511627907
                },
                "n_samples": 604,
                "n_scenes": 151,
                "voe_accuracy": 74.17218543046357,
                "voe_by_condition": {
                  "continuity": 83.33333333333334,
                  "immutability": 86.11111111111111,
                  "permanence": 83.33333333333334,
                  "solidity": 48.837209302325576
                }
              },
              "output_dir": "artifacts/probes/intphys2/intphys2_probe_temporal_attn_videomae_vit_huge_16_224_20260504T231417Z/layer_24/eval/train",
              "split_dir": "data/splits/intphys2"
            },
            "checkpoint": "artifacts/probes/intphys2/intphys2_probe_temporal_attn_videomae_vit_huge_16_224_20260504T231417Z/layer_24/train/trial_0002/probe_best.pt",
            "dataset": "intphys2",
            "feature_signature": "1e642fe5ac5d5e7f",
            "metrics": {
              "accuracy": 81.78807947019867,
              "accuracy_by_condition": {
                "continuity": 86.11111111111111,
                "immutability": 87.5,
                "permanence": 89.58333333333334,
                "solidity": 66.86046511627907
              },
              "n_samples": 604,
              "n_scenes": 151,
              "voe_accuracy": 74.17218543046357,
              "voe_by_condition": {
                "continuity": 83.33333333333334,
                "immutability": 86.11111111111111,
                "permanence": 83.33333333333334,
                "solidity": 48.837209302325576
              }
            },
            "objective_metric": 74.17218543046357,
            "prediction_file": "artifacts/probes/intphys2/intphys2_probe_temporal_attn_videomae_vit_huge_16_224_20260504T231417Z/layer_24/eval/train/probe_predictions.json",
            "probe_eval_dir": "artifacts/probes/intphys2/intphys2_probe_temporal_attn_videomae_vit_huge_16_224_20260504T231417Z/layer_24/eval/train",
            "probe_name": "temporal_attn",
            "split_name": "train"
          },
          "val": {
            "base_eval": {
              "metrics": {
                "accuracy": 73.0392156862745,
                "accuracy_by_condition": {
                  "continuity": 75.0,
                  "immutability": 91.66666666666666,
                  "permanence": 77.08333333333334,
                  "solidity": 53.333333333333336
                },
                "n_samples": 204,
                "n_scenes": 51,
                "voe_accuracy": 62.745098039215684,
                "voe_by_condition": {
                  "continuity": 66.66666666666666,
                  "immutability": 83.33333333333334,
                  "permanence": 83.33333333333334,
                  "solidity": 26.666666666666668
                }
              },
              "output_dir": "artifacts/probes/intphys2/intphys2_probe_temporal_attn_videomae_vit_huge_16_224_20260504T231417Z/layer_24/eval/val",
              "split_dir": "data/splits/intphys2"
            },
            "checkpoint": "artifacts/probes/intphys2/intphys2_probe_temporal_attn_videomae_vit_huge_16_224_20260504T231417Z/layer_24/train/trial_0002/probe_best.pt",
            "dataset": "intphys2",
            "feature_signature": "1e642fe5ac5d5e7f",
            "metrics": {
              "accuracy": 73.0392156862745,
              "accuracy_by_condition": {
                "continuity": 75.0,
                "immutability": 91.66666666666666,
                "permanence": 77.08333333333334,
                "solidity": 53.333333333333336
              },
              "n_samples": 204,
              "n_scenes": 51,
              "voe_accuracy": 62.745098039215684,
              "voe_by_condition": {
                "continuity": 66.66666666666666,
                "immutability": 83.33333333333334,
                "permanence": 83.33333333333334,
                "solidity": 26.666666666666668
              }
            },
            "objective_metric": 62.745098039215684,
            "prediction_file": "artifacts/probes/intphys2/intphys2_probe_temporal_attn_videomae_vit_huge_16_224_20260504T231417Z/layer_24/eval/val/probe_predictions.json",
            "probe_eval_dir": "artifacts/probes/intphys2/intphys2_probe_temporal_attn_videomae_vit_huge_16_224_20260504T231417Z/layer_24/eval/val",
            "probe_name": "temporal_attn",
            "split_name": "val"
          }
        },
        "split_name": "test"
      },
      "layer": 24,
      "layer_label": "24",
      "objective_metric": 54.90196078431373,
      "train": {
        "best_checkpoint": "artifacts/probes/intphys2/intphys2_probe_temporal_attn_videomae_vit_huge_16_224_20260504T231417Z/layer_24/train/trial_0002/probe_best.pt",
        "best_eval_output_dir": "artifacts/probes/intphys2/intphys2_probe_temporal_attn_videomae_vit_huge_16_224_20260504T231417Z/layer_24/train/trial_0002/val_eval",
        "best_output_dir": "artifacts/probes/intphys2/intphys2_probe_temporal_attn_videomae_vit_huge_16_224_20260504T231417Z/layer_24/train/trial_0002",
        "best_params": {
          "batch_size": 1,
          "dropout": 0.019515477895583853,
          "lr": 7.52374288453485e-05,
          "mlp_ratio": 2.0,
          "num_heads": 8,
          "num_self_attn_blocks": 2,
          "weight_decay": 1.5782327810795563e-06
        },
        "best_trial_number": 2,
        "best_value": 62.745098039215684,
        "checkpoint": "artifacts/probes/intphys2/intphys2_probe_temporal_attn_videomae_vit_huge_16_224_20260504T231417Z/layer_24/train/trial_0002/probe_best.pt",
        "dataset": "intphys2",
        "direction": "maximize",
        "layer": 24,
        "n_trials": 5,
        "objective_metric": "voe_accuracy",
        "output_dir": "artifacts/probes/intphys2/intphys2_probe_temporal_attn_videomae_vit_huge_16_224_20260504T231417Z/layer_24/train",
        "probe_name": "temporal_attn",
        "storage": "sqlite:////gpfs/home3/scur0511/Probe4Physics/artifacts/probes/intphys2/intphys2_probe_temporal_attn_videomae_vit_huge_16_224_20260504T231417Z/layer_24/train/optuna_study.sqlite3",
        "study_name": "intphys2_temporal_attn_videomae_vit_huge_16_224_layer_24",
        "trials": [
          {
            "checkpoint": "artifacts/probes/intphys2/intphys2_probe_temporal_attn_videomae_vit_huge_16_224_20260504T231417Z/layer_24/train/trial_0000/probe_best.pt",
            "eval_output_dir": "artifacts/probes/intphys2/intphys2_probe_temporal_attn_videomae_vit_huge_16_224_20260504T231417Z/layer_24/train/trial_0000/val_eval",
            "output_dir": "artifacts/probes/intphys2/intphys2_probe_temporal_attn_videomae_vit_huge_16_224_20260504T231417Z/layer_24/train/trial_0000",
            "params": {
              "batch_size": 1,
              "dropout": 0.006175348288740734,
              "lr": 0.0001329291894316216,
              "mlp_ratio": 4.0,
              "num_heads": 4,
              "num_self_attn_blocks": 3,
              "weight_decay": 0.005061576888752304
            },
            "trial_number": 0,
            "value": 15.686274509803921
          },
          {
            "checkpoint": "artifacts/probes/intphys2/intphys2_probe_temporal_attn_videomae_vit_huge_16_224_20260504T231417Z/layer_24/train/trial_0001/probe_best.pt",
            "eval_output_dir": "artifacts/probes/intphys2/intphys2_probe_temporal_attn_videomae_vit_huge_16_224_20260504T231417Z/layer_24/train/trial_0001/val_eval",
            "output_dir": "artifacts/probes/intphys2/intphys2_probe_temporal_attn_videomae_vit_huge_16_224_20260504T231417Z/layer_24/train/trial_0001",
            "params": {
              "batch_size": 1,
              "dropout": 0.04184815819561255,
              "lr": 0.008123245085588688,
              "mlp_ratio": 4.0,
              "num_heads": 4,
              "num_self_attn_blocks": 2,
              "weight_decay": 0.0009877700294007926
            },
            "trial_number": 1,
            "value": 0.0
          },
          {
            "checkpoint": "artifacts/probes/intphys2/intphys2_probe_temporal_attn_videomae_vit_huge_16_224_20260504T231417Z/layer_24/train/trial_0002/probe_best.pt",
            "eval_output_dir": "artifacts/probes/intphys2/intphys2_probe_temporal_attn_videomae_vit_huge_16_224_20260504T231417Z/layer_24/train/trial_0002/val_eval",
            "output_dir": "artifacts/probes/intphys2/intphys2_probe_temporal_attn_videomae_vit_huge_16_224_20260504T231417Z/layer_24/train/trial_0002",
            "params": {
              "batch_size": 1,
              "dropout": 0.019515477895583853,
              "lr": 7.52374288453485e-05,
              "mlp_ratio": 2.0,
              "num_heads": 8,
              "num_self_attn_blocks": 2,
              "weight_decay": 1.5782327810795563e-06
            },
            "trial_number": 2,
            "value": 62.745098039215684
          }
        ]
      }
    },
    {
      "checkpoint": "artifacts/probes/intphys2/intphys2_probe_temporal_attn_videomae_vit_huge_16_224_20260504T231417Z/layer_32/train/trial_0004/probe_best.pt",
      "eval": {
        "base_eval": {
          "metrics": {
            "accuracy": 62.254901960784316,
            "accuracy_by_condition": {
              "continuity": 50.0,
              "immutability": 72.91666666666666,
              "permanence": 81.25,
              "solidity": 48.333333333333336
            },
            "n_samples": 204,
            "n_scenes": 51,
            "voe_accuracy": 41.17647058823529,
            "voe_by_condition": {
              "continuity": 16.666666666666664,
              "immutability": 66.66666666666666,
              "permanence": 66.66666666666666,
              "solidity": 20.0
            }
          },
          "output_dir": "artifacts/probes/intphys2/intphys2_probe_temporal_attn_videomae_vit_huge_16_224_20260504T231417Z/layer_32/eval/test",
          "split_dir": "data/splits/intphys2"
        },
        "checkpoint": "artifacts/probes/intphys2/intphys2_probe_temporal_attn_videomae_vit_huge_16_224_20260504T231417Z/layer_32/train/trial_0004/probe_best.pt",
        "dataset": "intphys2",
        "feature_signature": "1e642fe5ac5d5e7f",
        "metrics": {
          "accuracy": 62.254901960784316,
          "accuracy_by_condition": {
            "continuity": 50.0,
            "immutability": 72.91666666666666,
            "permanence": 81.25,
            "solidity": 48.333333333333336
          },
          "n_samples": 204,
          "n_scenes": 51,
          "voe_accuracy": 41.17647058823529,
          "voe_by_condition": {
            "continuity": 16.666666666666664,
            "immutability": 66.66666666666666,
            "permanence": 66.66666666666666,
            "solidity": 20.0
          }
        },
        "metrics_by_split": {
          "test": {
            "accuracy": 62.254901960784316,
            "accuracy_by_condition": {
              "continuity": 50.0,
              "immutability": 72.91666666666666,
              "permanence": 81.25,
              "solidity": 48.333333333333336
            },
            "n_samples": 204,
            "n_scenes": 51,
            "voe_accuracy": 41.17647058823529,
            "voe_by_condition": {
              "continuity": 16.666666666666664,
              "immutability": 66.66666666666666,
              "permanence": 66.66666666666666,
              "solidity": 20.0
            }
          },
          "train": {
            "accuracy": 92.3841059602649,
            "accuracy_by_condition": {
              "continuity": 90.97222222222221,
              "immutability": 95.83333333333334,
              "permanence": 93.75,
              "solidity": 89.53488372093024
            },
            "n_samples": 604,
            "n_scenes": 151,
            "voe_accuracy": 97.35099337748345,
            "voe_by_condition": {
              "continuity": 100.0,
              "immutability": 97.22222222222221,
              "permanence": 94.44444444444444,
              "solidity": 97.67441860465115
            }
          },
          "val": {
            "accuracy": 62.745098039215684,
            "accuracy_by_condition": {
              "continuity": 66.66666666666666,
              "immutability": 66.66666666666666,
              "permanence": 68.75,
              "solidity": 51.66666666666667
            },
            "n_samples": 204,
            "n_scenes": 51,
            "voe_accuracy": 37.254901960784316,
            "voe_by_condition": {
              "continuity": 41.66666666666667,
              "immutability": 50.0,
              "permanence": 58.333333333333336,
              "solidity": 6.666666666666667
            }
          }
        },
        "objective_metric": 41.17647058823529,
        "prediction_file": "artifacts/probes/intphys2/intphys2_probe_temporal_attn_videomae_vit_huge_16_224_20260504T231417Z/layer_32/eval/test/probe_predictions.json",
        "prediction_files": {
          "test": "artifacts/probes/intphys2/intphys2_probe_temporal_attn_videomae_vit_huge_16_224_20260504T231417Z/layer_32/eval/test/probe_predictions.json",
          "train": "artifacts/probes/intphys2/intphys2_probe_temporal_attn_videomae_vit_huge_16_224_20260504T231417Z/layer_32/eval/train/probe_predictions.json",
          "val": "artifacts/probes/intphys2/intphys2_probe_temporal_attn_videomae_vit_huge_16_224_20260504T231417Z/layer_32/eval/val/probe_predictions.json"
        },
        "probe_eval_dir": "artifacts/probes/intphys2/intphys2_probe_temporal_attn_videomae_vit_huge_16_224_20260504T231417Z/layer_32/eval",
        "probe_name": "temporal_attn",
        "reported_splits": [
          "train",
          "val",
          "test"
        ],
        "split_eval_dirs": {
          "test": "artifacts/probes/intphys2/intphys2_probe_temporal_attn_videomae_vit_huge_16_224_20260504T231417Z/layer_32/eval/test",
          "train": "artifacts/probes/intphys2/intphys2_probe_temporal_attn_videomae_vit_huge_16_224_20260504T231417Z/layer_32/eval/train",
          "val": "artifacts/probes/intphys2/intphys2_probe_temporal_attn_videomae_vit_huge_16_224_20260504T231417Z/layer_32/eval/val"
        },
        "split_evals": {
          "test": {
            "base_eval": {
              "metrics": {
                "accuracy": 62.254901960784316,
                "accuracy_by_condition": {
                  "continuity": 50.0,
                  "immutability": 72.91666666666666,
                  "permanence": 81.25,
                  "solidity": 48.333333333333336
                },
                "n_samples": 204,
                "n_scenes": 51,
                "voe_accuracy": 41.17647058823529,
                "voe_by_condition": {
                  "continuity": 16.666666666666664,
                  "immutability": 66.66666666666666,
                  "permanence": 66.66666666666666,
                  "solidity": 20.0
                }
              },
              "output_dir": "artifacts/probes/intphys2/intphys2_probe_temporal_attn_videomae_vit_huge_16_224_20260504T231417Z/layer_32/eval/test",
              "split_dir": "data/splits/intphys2"
            },
            "checkpoint": "artifacts/probes/intphys2/intphys2_probe_temporal_attn_videomae_vit_huge_16_224_20260504T231417Z/layer_32/train/trial_0004/probe_best.pt",
            "dataset": "intphys2",
            "feature_signature": "1e642fe5ac5d5e7f",
            "metrics": {
              "accuracy": 62.254901960784316,
              "accuracy_by_condition": {
                "continuity": 50.0,
                "immutability": 72.91666666666666,
                "permanence": 81.25,
                "solidity": 48.333333333333336
              },
              "n_samples": 204,
              "n_scenes": 51,
              "voe_accuracy": 41.17647058823529,
              "voe_by_condition": {
                "continuity": 16.666666666666664,
                "immutability": 66.66666666666666,
                "permanence": 66.66666666666666,
                "solidity": 20.0
              }
            },
            "objective_metric": 41.17647058823529,
            "prediction_file": "artifacts/probes/intphys2/intphys2_probe_temporal_attn_videomae_vit_huge_16_224_20260504T231417Z/layer_32/eval/test/probe_predictions.json",
            "probe_eval_dir": "artifacts/probes/intphys2/intphys2_probe_temporal_attn_videomae_vit_huge_16_224_20260504T231417Z/layer_32/eval/test",
            "probe_name": "temporal_attn",
            "split_name": "test"
          },
          "train": {
            "base_eval": {
              "metrics": {
                "accuracy": 92.3841059602649,
                "accuracy_by_condition": {
                  "continuity": 90.97222222222221,
                  "immutability": 95.83333333333334,
                  "permanence": 93.75,
                  "solidity": 89.53488372093024
                },
                "n_samples": 604,
                "n_scenes": 151,
                "voe_accuracy": 97.35099337748345,
                "voe_by_condition": {
                  "continuity": 100.0,
                  "immutability": 97.22222222222221,
                  "permanence": 94.44444444444444,
                  "solidity": 97.67441860465115
                }
              },
              "output_dir": "artifacts/probes/intphys2/intphys2_probe_temporal_attn_videomae_vit_huge_16_224_20260504T231417Z/layer_32/eval/train",
              "split_dir": "data/splits/intphys2"
            },
            "checkpoint": "artifacts/probes/intphys2/intphys2_probe_temporal_attn_videomae_vit_huge_16_224_20260504T231417Z/layer_32/train/trial_0004/probe_best.pt",
            "dataset": "intphys2",
            "feature_signature": "1e642fe5ac5d5e7f",
            "metrics": {
              "accuracy": 92.3841059602649,
              "accuracy_by_condition": {
                "continuity": 90.97222222222221,
                "immutability": 95.83333333333334,
                "permanence": 93.75,
                "solidity": 89.53488372093024
              },
              "n_samples": 604,
              "n_scenes": 151,
              "voe_accuracy": 97.35099337748345,
              "voe_by_condition": {
                "continuity": 100.0,
                "immutability": 97.22222222222221,
                "permanence": 94.44444444444444,
                "solidity": 97.67441860465115
              }
            },
            "objective_metric": 97.35099337748345,
            "prediction_file": "artifacts/probes/intphys2/intphys2_probe_temporal_attn_videomae_vit_huge_16_224_20260504T231417Z/layer_32/eval/train/probe_predictions.json",
            "probe_eval_dir": "artifacts/probes/intphys2/intphys2_probe_temporal_attn_videomae_vit_huge_16_224_20260504T231417Z/layer_32/eval/train",
            "probe_name": "temporal_attn",
            "split_name": "train"
          },
          "val": {
            "base_eval": {
              "metrics": {
                "accuracy": 62.745098039215684,
                "accuracy_by_condition": {
                  "continuity": 66.66666666666666,
                  "immutability": 66.66666666666666,
                  "permanence": 68.75,
                  "solidity": 51.66666666666667
                },
                "n_samples": 204,
                "n_scenes": 51,
                "voe_accuracy": 37.254901960784316,
                "voe_by_condition": {
                  "continuity": 41.66666666666667,
                  "immutability": 50.0,
                  "permanence": 58.333333333333336,
                  "solidity": 6.666666666666667
                }
              },
              "output_dir": "artifacts/probes/intphys2/intphys2_probe_temporal_attn_videomae_vit_huge_16_224_20260504T231417Z/layer_32/eval/val",
              "split_dir": "data/splits/intphys2"
            },
            "checkpoint": "artifacts/probes/intphys2/intphys2_probe_temporal_attn_videomae_vit_huge_16_224_20260504T231417Z/layer_32/train/trial_0004/probe_best.pt",
            "dataset": "intphys2",
            "feature_signature": "1e642fe5ac5d5e7f",
            "metrics": {
              "accuracy": 62.745098039215684,
              "accuracy_by_condition": {
                "continuity": 66.66666666666666,
                "immutability": 66.66666666666666,
                "permanence": 68.75,
                "solidity": 51.66666666666667
              },
              "n_samples": 204,
              "n_scenes": 51,
              "voe_accuracy": 37.254901960784316,
              "voe_by_condition": {
                "continuity": 41.66666666666667,
                "immutability": 50.0,
                "permanence": 58.333333333333336,
                "solidity": 6.666666666666667
              }
            },
            "objective_metric": 37.254901960784316,
            "prediction_file": "artifacts/probes/intphys2/intphys2_probe_temporal_attn_videomae_vit_huge_16_224_20260504T231417Z/layer_32/eval/val/probe_predictions.json",
            "probe_eval_dir": "artifacts/probes/intphys2/intphys2_probe_temporal_attn_videomae_vit_huge_16_224_20260504T231417Z/layer_32/eval/val",
            "probe_name": "temporal_attn",
            "split_name": "val"
          }
        },
        "split_name": "test"
      },
      "layer": 32,
      "layer_label": "32",
      "objective_metric": 41.17647058823529,
      "train": {
        "best_checkpoint": "artifacts/probes/intphys2/intphys2_probe_temporal_attn_videomae_vit_huge_16_224_20260504T231417Z/layer_32/train/trial_0004/probe_best.pt",
        "best_eval_output_dir": "artifacts/probes/intphys2/intphys2_probe_temporal_attn_videomae_vit_huge_16_224_20260504T231417Z/layer_32/train/trial_0004/val_eval",
        "best_output_dir": "artifacts/probes/intphys2/intphys2_probe_temporal_attn_videomae_vit_huge_16_224_20260504T231417Z/layer_32/train/trial_0004",
        "best_params": {
          "batch_size": 1,
          "dropout": 0.17936999364332554,
          "lr": 5.9750279999602906e-05,
          "mlp_ratio": 2.0,
          "num_heads": 16,
          "num_self_attn_blocks": 2,
          "weight_decay": 9.44351568796269e-05
        },
        "best_trial_number": 4,
        "best_value": 37.254901960784316,
        "checkpoint": "artifacts/probes/intphys2/intphys2_probe_temporal_attn_videomae_vit_huge_16_224_20260504T231417Z/layer_32/train/trial_0004/probe_best.pt",
        "dataset": "intphys2",
        "direction": "maximize",
        "layer": 32,
        "n_trials": 5,
        "objective_metric": "voe_accuracy",
        "output_dir": "artifacts/probes/intphys2/intphys2_probe_temporal_attn_videomae_vit_huge_16_224_20260504T231417Z/layer_32/train",
        "probe_name": "temporal_attn",
        "storage": "sqlite:////gpfs/home3/scur0511/Probe4Physics/artifacts/probes/intphys2/intphys2_probe_temporal_attn_videomae_vit_huge_16_224_20260504T231417Z/layer_32/train/optuna_study.sqlite3",
        "study_name": "intphys2_temporal_attn_videomae_vit_huge_16_224_layer_32",
        "trials": [
          {
            "checkpoint": "artifacts/probes/intphys2/intphys2_probe_temporal_attn_videomae_vit_huge_16_224_20260504T231417Z/layer_32/train/trial_0000/probe_best.pt",
            "eval_output_dir": "artifacts/probes/intphys2/intphys2_probe_temporal_attn_videomae_vit_huge_16_224_20260504T231417Z/layer_32/train/trial_0000/val_eval",
            "output_dir": "artifacts/probes/intphys2/intphys2_probe_temporal_attn_videomae_vit_huge_16_224_20260504T231417Z/layer_32/train/trial_0000",
            "params": {
              "batch_size": 1,
              "dropout": 0.006175348288740734,
              "lr": 0.0001329291894316216,
              "mlp_ratio": 4.0,
              "num_heads": 4,
              "num_self_attn_blocks": 3,
              "weight_decay": 0.005061576888752304
            },
            "trial_number": 0,
            "value": 19.607843137254903
          },
          {
            "checkpoint": "artifacts/probes/intphys2/intphys2_probe_temporal_attn_videomae_vit_huge_16_224_20260504T231417Z/layer_32/train/trial_0001/probe_best.pt",
            "eval_output_dir": "artifacts/probes/intphys2/intphys2_probe_temporal_attn_videomae_vit_huge_16_224_20260504T231417Z/layer_32/train/trial_0001/val_eval",
            "output_dir": "artifacts/probes/intphys2/intphys2_probe_temporal_attn_videomae_vit_huge_16_224_20260504T231417Z/layer_32/train/trial_0001",
            "params": {
              "batch_size": 1,
              "dropout": 0.04184815819561255,
              "lr": 0.008123245085588688,
              "mlp_ratio": 4.0,
              "num_heads": 4,
              "num_self_attn_blocks": 2,
              "weight_decay": 0.0009877700294007926
            },
            "trial_number": 1,
            "value": 0.0
          },
          {
            "checkpoint": "artifacts/probes/intphys2/intphys2_probe_temporal_attn_videomae_vit_huge_16_224_20260504T231417Z/layer_32/train/trial_0002/probe_best.pt",
            "eval_output_dir": "artifacts/probes/intphys2/intphys2_probe_temporal_attn_videomae_vit_huge_16_224_20260504T231417Z/layer_32/train/trial_0002/val_eval",
            "output_dir": "artifacts/probes/intphys2/intphys2_probe_temporal_attn_videomae_vit_huge_16_224_20260504T231417Z/layer_32/train/trial_0002",
            "params": {
              "batch_size": 1,
              "dropout": 0.019515477895583853,
              "lr": 7.52374288453485e-05,
              "mlp_ratio": 2.0,
              "num_heads": 8,
              "num_self_attn_blocks": 2,
              "weight_decay": 1.5782327810795563e-06
            },
            "trial_number": 2,
            "value": 29.411764705882355
          },
          {
            "checkpoint": "artifacts/probes/intphys2/intphys2_probe_temporal_attn_videomae_vit_huge_16_224_20260504T231417Z/layer_32/train/trial_0004/probe_best.pt",
            "eval_output_dir": "artifacts/probes/intphys2/intphys2_probe_temporal_attn_videomae_vit_huge_16_224_20260504T231417Z/layer_32/train/trial_0004/val_eval",
            "output_dir": "artifacts/probes/intphys2/intphys2_probe_temporal_attn_videomae_vit_huge_16_224_20260504T231417Z/layer_32/train/trial_0004",
            "params": {
              "batch_size": 1,
              "dropout": 0.17936999364332554,
              "lr": 5.9750279999602906e-05,
              "mlp_ratio": 2.0,
              "num_heads": 16,
              "num_self_attn_blocks": 2,
              "weight_decay": 9.44351568796269e-05
            },
            "trial_number": 4,
            "value": 37.254901960784316
          }
        ]
      }
    }
  ],
  "model_selection_split": "val",
  "objective_metric_name": "voe_accuracy",
  "probe_name": "temporal_attn",
  "reported_splits": [
    "train",
    "val",
    "test"
  ],
  "requested_layers": [
    8,
    16,
    24,
    32
  ],
  "split_name": "test",
  "sweep_dir": "artifacts/probes/intphys2/intphys2_probe_temporal_attn_videomae_vit_huge_16_224_20260504T231417Z",
  "train_split": "train"
}
JOB_END_UTC=2026-05-05T00:25:06Z
JOB_ELAPSED_SECONDS=4253
