===== TRAIN PROVENANCE =====
Mon May  4 14:50:12 UTC 2026
gcn118.local.snellius.surf.nl
b9fb3b11fe644f0bae750283a88c418c11f9c15b
Python 3.11.15
/home/scur0511/.conda/envs/probe4physics-gpu/bin/python
REPO_ROOT=/gpfs/home3/scur0511/Probe4Physics
DATASET_NAME=intphys2
PROBE_NAME=temporal_attn
BACKBONE_NAME=jepa_v1
BACKBONE_VARIANT=vith16_384
PROBE_EPOCHS=20
PROBE_DEVICE=cuda
PROBE_LAYER=last
PROBE_LAYERS=8,16,24,32
PROBE_FEATURE_VIEW=tokens
ENABLE_WANDB=true
WANDB_PROJECT=probe4physics
WANDB_MODE=online
WANDB_GROUP=intphys2_temporal_attn_jepa_v1_vith16_384
ENABLE_OPTUNA=true
OPTUNA_N_TRIALS=5
OPTUNA_N_JOBS=1
OPTUNA_TIMEOUT_SECONDS=0
ENABLE_OPTUNA_PRUNER=true
OPTUNA_PRUNER_STARTUP_TRIALS=3
OPTUNA_PRUNER_WARMUP_STEPS=5
OPTUNA_PRUNER_INTERVAL_STEPS=1
OPTUNA_STUDY_NAME=intphys2_temporal_attn_jepa_v1_vith16_384
OPTUNA_SEARCH_OVERRIDES=probe.eval_batch_size=1 probe.optuna.search_space.batch_size.choices=[1]
============================
JOB_START_UTC=2026-05-04T14:50:12Z
{
  "best_layer": null,
  "best_layer_label": null,
  "best_objective_metric": null,
  "dataset": "intphys2",
  "feature_view": "tokens",
  "layers": [
    {
      "checkpoint": "artifacts/probes/intphys2/intphys2_probe_temporal_attn_jepa_v1_vith16_384_20260504T145015Z/layer_8/train/trial_0000/probe_best.pt",
      "eval": {
        "base_eval": {
          "metrics": {
            "accuracy": 51.470588235294116,
            "accuracy_by_condition": {
              "continuity": 54.166666666666664,
              "immutability": 43.75,
              "permanence": 45.83333333333333,
              "solidity": 60.0
            },
            "n_samples": 204,
            "n_scenes": 51,
            "voe_accuracy": 15.686274509803921,
            "voe_by_condition": {
              "continuity": 25.0,
              "immutability": 16.666666666666664,
              "permanence": 16.666666666666664,
              "solidity": 6.666666666666667
            }
          },
          "output_dir": "artifacts/probes/intphys2/intphys2_probe_temporal_attn_jepa_v1_vith16_384_20260504T145015Z/layer_8/eval/test",
          "split_dir": "data/splits/intphys2"
        },
        "checkpoint": "artifacts/probes/intphys2/intphys2_probe_temporal_attn_jepa_v1_vith16_384_20260504T145015Z/layer_8/train/trial_0000/probe_best.pt",
        "dataset": "intphys2",
        "feature_signature": "78346a9facde6609",
        "metrics": {
          "accuracy": 51.470588235294116,
          "accuracy_by_condition": {
            "continuity": 54.166666666666664,
            "immutability": 43.75,
            "permanence": 45.83333333333333,
            "solidity": 60.0
          },
          "n_samples": 204,
          "n_scenes": 51,
          "voe_accuracy": 15.686274509803921,
          "voe_by_condition": {
            "continuity": 25.0,
            "immutability": 16.666666666666664,
            "permanence": 16.666666666666664,
            "solidity": 6.666666666666667
          }
        },
        "metrics_by_split": {
          "test": {
            "accuracy": 51.470588235294116,
            "accuracy_by_condition": {
              "continuity": 54.166666666666664,
              "immutability": 43.75,
              "permanence": 45.83333333333333,
              "solidity": 60.0
            },
            "n_samples": 204,
            "n_scenes": 51,
            "voe_accuracy": 15.686274509803921,
            "voe_by_condition": {
              "continuity": 25.0,
              "immutability": 16.666666666666664,
              "permanence": 16.666666666666664,
              "solidity": 6.666666666666667
            }
          },
          "train": {
            "accuracy": 47.18543046357616,
            "accuracy_by_condition": {
              "continuity": 39.58333333333333,
              "immutability": 50.69444444444444,
              "permanence": 47.91666666666667,
              "solidity": 50.0
            },
            "n_samples": 604,
            "n_scenes": 151,
            "voe_accuracy": 14.56953642384106,
            "voe_by_condition": {
              "continuity": 0.0,
              "immutability": 22.22222222222222,
              "permanence": 19.444444444444446,
              "solidity": 16.27906976744186
            }
          },
          "val": {
            "accuracy": 52.94117647058824,
            "accuracy_by_condition": {
              "continuity": 56.25,
              "immutability": 50.0,
              "permanence": 60.416666666666664,
              "solidity": 46.666666666666664
            },
            "n_samples": 204,
            "n_scenes": 51,
            "voe_accuracy": 19.607843137254903,
            "voe_by_condition": {
              "continuity": 25.0,
              "immutability": 16.666666666666664,
              "permanence": 33.33333333333333,
              "solidity": 6.666666666666667
            }
          }
        },
        "objective_metric": 15.686274509803921,
        "prediction_file": "artifacts/probes/intphys2/intphys2_probe_temporal_attn_jepa_v1_vith16_384_20260504T145015Z/layer_8/eval/test/probe_predictions.json",
        "prediction_files": {
          "test": "artifacts/probes/intphys2/intphys2_probe_temporal_attn_jepa_v1_vith16_384_20260504T145015Z/layer_8/eval/test/probe_predictions.json",
          "train": "artifacts/probes/intphys2/intphys2_probe_temporal_attn_jepa_v1_vith16_384_20260504T145015Z/layer_8/eval/train/probe_predictions.json",
          "val": "artifacts/probes/intphys2/intphys2_probe_temporal_attn_jepa_v1_vith16_384_20260504T145015Z/layer_8/eval/val/probe_predictions.json"
        },
        "probe_eval_dir": "artifacts/probes/intphys2/intphys2_probe_temporal_attn_jepa_v1_vith16_384_20260504T145015Z/layer_8/eval",
        "probe_name": "temporal_attn",
        "reported_splits": [
          "train",
          "val",
          "test"
        ],
        "split_eval_dirs": {
          "test": "artifacts/probes/intphys2/intphys2_probe_temporal_attn_jepa_v1_vith16_384_20260504T145015Z/layer_8/eval/test",
          "train": "artifacts/probes/intphys2/intphys2_probe_temporal_attn_jepa_v1_vith16_384_20260504T145015Z/layer_8/eval/train",
          "val": "artifacts/probes/intphys2/intphys2_probe_temporal_attn_jepa_v1_vith16_384_20260504T145015Z/layer_8/eval/val"
        },
        "split_evals": {
          "test": {
            "base_eval": {
              "metrics": {
                "accuracy": 51.470588235294116,
                "accuracy_by_condition": {
                  "continuity": 54.166666666666664,
                  "immutability": 43.75,
                  "permanence": 45.83333333333333,
                  "solidity": 60.0
                },
                "n_samples": 204,
                "n_scenes": 51,
                "voe_accuracy": 15.686274509803921,
                "voe_by_condition": {
                  "continuity": 25.0,
                  "immutability": 16.666666666666664,
                  "permanence": 16.666666666666664,
                  "solidity": 6.666666666666667
                }
              },
              "output_dir": "artifacts/probes/intphys2/intphys2_probe_temporal_attn_jepa_v1_vith16_384_20260504T145015Z/layer_8/eval/test",
              "split_dir": "data/splits/intphys2"
            },
            "checkpoint": "artifacts/probes/intphys2/intphys2_probe_temporal_attn_jepa_v1_vith16_384_20260504T145015Z/layer_8/train/trial_0000/probe_best.pt",
            "dataset": "intphys2",
            "feature_signature": "78346a9facde6609",
            "metrics": {
              "accuracy": 51.470588235294116,
              "accuracy_by_condition": {
                "continuity": 54.166666666666664,
                "immutability": 43.75,
                "permanence": 45.83333333333333,
                "solidity": 60.0
              },
              "n_samples": 204,
              "n_scenes": 51,
              "voe_accuracy": 15.686274509803921,
              "voe_by_condition": {
                "continuity": 25.0,
                "immutability": 16.666666666666664,
                "permanence": 16.666666666666664,
                "solidity": 6.666666666666667
              }
            },
            "objective_metric": 15.686274509803921,
            "prediction_file": "artifacts/probes/intphys2/intphys2_probe_temporal_attn_jepa_v1_vith16_384_20260504T145015Z/layer_8/eval/test/probe_predictions.json",
            "probe_eval_dir": "artifacts/probes/intphys2/intphys2_probe_temporal_attn_jepa_v1_vith16_384_20260504T145015Z/layer_8/eval/test",
            "probe_name": "temporal_attn",
            "split_name": "test"
          },
          "train": {
            "base_eval": {
              "metrics": {
                "accuracy": 47.18543046357616,
                "accuracy_by_condition": {
                  "continuity": 39.58333333333333,
                  "immutability": 50.69444444444444,
                  "permanence": 47.91666666666667,
                  "solidity": 50.0
                },
                "n_samples": 604,
                "n_scenes": 151,
                "voe_accuracy": 14.56953642384106,
                "voe_by_condition": {
                  "continuity": 0.0,
                  "immutability": 22.22222222222222,
                  "permanence": 19.444444444444446,
                  "solidity": 16.27906976744186
                }
              },
              "output_dir": "artifacts/probes/intphys2/intphys2_probe_temporal_attn_jepa_v1_vith16_384_20260504T145015Z/layer_8/eval/train",
              "split_dir": "data/splits/intphys2"
            },
            "checkpoint": "artifacts/probes/intphys2/intphys2_probe_temporal_attn_jepa_v1_vith16_384_20260504T145015Z/layer_8/train/trial_0000/probe_best.pt",
            "dataset": "intphys2",
            "feature_signature": "78346a9facde6609",
            "metrics": {
              "accuracy": 47.18543046357616,
              "accuracy_by_condition": {
                "continuity": 39.58333333333333,
                "immutability": 50.69444444444444,
                "permanence": 47.91666666666667,
                "solidity": 50.0
              },
              "n_samples": 604,
              "n_scenes": 151,
              "voe_accuracy": 14.56953642384106,
              "voe_by_condition": {
                "continuity": 0.0,
                "immutability": 22.22222222222222,
                "permanence": 19.444444444444446,
                "solidity": 16.27906976744186
              }
            },
            "objective_metric": 14.56953642384106,
            "prediction_file": "artifacts/probes/intphys2/intphys2_probe_temporal_attn_jepa_v1_vith16_384_20260504T145015Z/layer_8/eval/train/probe_predictions.json",
            "probe_eval_dir": "artifacts/probes/intphys2/intphys2_probe_temporal_attn_jepa_v1_vith16_384_20260504T145015Z/layer_8/eval/train",
            "probe_name": "temporal_attn",
            "split_name": "train"
          },
          "val": {
            "base_eval": {
              "metrics": {
                "accuracy": 52.94117647058824,
                "accuracy_by_condition": {
                  "continuity": 56.25,
                  "immutability": 50.0,
                  "permanence": 60.416666666666664,
                  "solidity": 46.666666666666664
                },
                "n_samples": 204,
                "n_scenes": 51,
                "voe_accuracy": 19.607843137254903,
                "voe_by_condition": {
                  "continuity": 25.0,
                  "immutability": 16.666666666666664,
                  "permanence": 33.33333333333333,
                  "solidity": 6.666666666666667
                }
              },
              "output_dir": "artifacts/probes/intphys2/intphys2_probe_temporal_attn_jepa_v1_vith16_384_20260504T145015Z/layer_8/eval/val",
              "split_dir": "data/splits/intphys2"
            },
            "checkpoint": "artifacts/probes/intphys2/intphys2_probe_temporal_attn_jepa_v1_vith16_384_20260504T145015Z/layer_8/train/trial_0000/probe_best.pt",
            "dataset": "intphys2",
            "feature_signature": "78346a9facde6609",
            "metrics": {
              "accuracy": 52.94117647058824,
              "accuracy_by_condition": {
                "continuity": 56.25,
                "immutability": 50.0,
                "permanence": 60.416666666666664,
                "solidity": 46.666666666666664
              },
              "n_samples": 204,
              "n_scenes": 51,
              "voe_accuracy": 19.607843137254903,
              "voe_by_condition": {
                "continuity": 25.0,
                "immutability": 16.666666666666664,
                "permanence": 33.33333333333333,
                "solidity": 6.666666666666667
              }
            },
            "objective_metric": 19.607843137254903,
            "prediction_file": "artifacts/probes/intphys2/intphys2_probe_temporal_attn_jepa_v1_vith16_384_20260504T145015Z/layer_8/eval/val/probe_predictions.json",
            "probe_eval_dir": "artifacts/probes/intphys2/intphys2_probe_temporal_attn_jepa_v1_vith16_384_20260504T145015Z/layer_8/eval/val",
            "probe_name": "temporal_attn",
            "split_name": "val"
          }
        },
        "split_name": "test"
      },
      "layer": 8,
      "layer_label": "8",
      "objective_metric": 15.686274509803921,
      "train": {
        "best_checkpoint": "artifacts/probes/intphys2/intphys2_probe_temporal_attn_jepa_v1_vith16_384_20260504T145015Z/layer_8/train/trial_0000/probe_best.pt",
        "best_eval_output_dir": "artifacts/probes/intphys2/intphys2_probe_temporal_attn_jepa_v1_vith16_384_20260504T145015Z/layer_8/train/trial_0000/val_eval",
        "best_output_dir": "artifacts/probes/intphys2/intphys2_probe_temporal_attn_jepa_v1_vith16_384_20260504T145015Z/layer_8/train/trial_0000",
        "best_params": {
          "batch_size": 1,
          "dropout": 0.006175348288740734,
          "lr": 0.0001329291894316216,
          "mlp_ratio": 4.0,
          "num_heads": 4,
          "num_self_attn_blocks": 3,
          "weight_decay": 0.005061576888752304
        },
        "best_trial_number": 0,
        "best_value": 19.607843137254903,
        "checkpoint": "artifacts/probes/intphys2/intphys2_probe_temporal_attn_jepa_v1_vith16_384_20260504T145015Z/layer_8/train/trial_0000/probe_best.pt",
        "dataset": "intphys2",
        "direction": "maximize",
        "layer": 8,
        "n_trials": 5,
        "objective_metric": "voe_accuracy",
        "output_dir": "artifacts/probes/intphys2/intphys2_probe_temporal_attn_jepa_v1_vith16_384_20260504T145015Z/layer_8/train",
        "probe_name": "temporal_attn",
        "storage": "sqlite:////gpfs/home3/scur0511/Probe4Physics/artifacts/probes/intphys2/intphys2_probe_temporal_attn_jepa_v1_vith16_384_20260504T145015Z/layer_8/train/optuna_study.sqlite3",
        "study_name": "intphys2_temporal_attn_jepa_v1_vith16_384_layer_8",
        "trials": [
          {
            "checkpoint": "artifacts/probes/intphys2/intphys2_probe_temporal_attn_jepa_v1_vith16_384_20260504T145015Z/layer_8/train/trial_0000/probe_best.pt",
            "eval_output_dir": "artifacts/probes/intphys2/intphys2_probe_temporal_attn_jepa_v1_vith16_384_20260504T145015Z/layer_8/train/trial_0000/val_eval",
            "output_dir": "artifacts/probes/intphys2/intphys2_probe_temporal_attn_jepa_v1_vith16_384_20260504T145015Z/layer_8/train/trial_0000",
            "params": {
              "batch_size": 1,
              "dropout": 0.006175348288740734,
              "lr": 0.0001329291894316216,
              "mlp_ratio": 4.0,
              "num_heads": 4,
              "num_self_attn_blocks": 3,
              "weight_decay": 0.005061576888752304
            },
            "trial_number": 0,
            "value": 19.607843137254903
          },
          {
            "checkpoint": "artifacts/probes/intphys2/intphys2_probe_temporal_attn_jepa_v1_vith16_384_20260504T145015Z/layer_8/train/trial_0001/probe_best.pt",
            "eval_output_dir": "artifacts/probes/intphys2/intphys2_probe_temporal_attn_jepa_v1_vith16_384_20260504T145015Z/layer_8/train/trial_0001/val_eval",
            "output_dir": "artifacts/probes/intphys2/intphys2_probe_temporal_attn_jepa_v1_vith16_384_20260504T145015Z/layer_8/train/trial_0001",
            "params": {
              "batch_size": 1,
              "dropout": 0.04184815819561255,
              "lr": 0.008123245085588688,
              "mlp_ratio": 4.0,
              "num_heads": 4,
              "num_self_attn_blocks": 2,
              "weight_decay": 0.0009877700294007926
            },
            "trial_number": 1,
            "value": 0.0
          },
          {
            "checkpoint": "artifacts/probes/intphys2/intphys2_probe_temporal_attn_jepa_v1_vith16_384_20260504T145015Z/layer_8/train/trial_0002/probe_best.pt",
            "eval_output_dir": "artifacts/probes/intphys2/intphys2_probe_temporal_attn_jepa_v1_vith16_384_20260504T145015Z/layer_8/train/trial_0002/val_eval",
            "output_dir": "artifacts/probes/intphys2/intphys2_probe_temporal_attn_jepa_v1_vith16_384_20260504T145015Z/layer_8/train/trial_0002",
            "params": {
              "batch_size": 1,
              "dropout": 0.019515477895583853,
              "lr": 7.52374288453485e-05,
              "mlp_ratio": 2.0,
              "num_heads": 8,
              "num_self_attn_blocks": 2,
              "weight_decay": 1.5782327810795563e-06
            },
            "trial_number": 2,
            "value": 7.8431372549019605
          },
          {
            "checkpoint": "artifacts/probes/intphys2/intphys2_probe_temporal_attn_jepa_v1_vith16_384_20260504T145015Z/layer_8/train/trial_0003/probe_best.pt",
            "eval_output_dir": "artifacts/probes/intphys2/intphys2_probe_temporal_attn_jepa_v1_vith16_384_20260504T145015Z/layer_8/train/trial_0003/val_eval",
            "output_dir": "artifacts/probes/intphys2/intphys2_probe_temporal_attn_jepa_v1_vith16_384_20260504T145015Z/layer_8/train/trial_0003",
            "params": {
              "batch_size": 1,
              "dropout": 0.2727961206236346,
              "lr": 0.007025166339242158,
              "mlp_ratio": 2.0,
              "num_heads": 4,
              "num_self_attn_blocks": 1,
              "weight_decay": 0.006220025976819169
            },
            "trial_number": 3,
            "value": 0.0
          },
          {
            "checkpoint": "artifacts/probes/intphys2/intphys2_probe_temporal_attn_jepa_v1_vith16_384_20260504T145015Z/layer_8/train/trial_0004/probe_best.pt",
            "eval_output_dir": "artifacts/probes/intphys2/intphys2_probe_temporal_attn_jepa_v1_vith16_384_20260504T145015Z/layer_8/train/trial_0004/val_eval",
            "output_dir": "artifacts/probes/intphys2/intphys2_probe_temporal_attn_jepa_v1_vith16_384_20260504T145015Z/layer_8/train/trial_0004",
            "params": {
              "batch_size": 1,
              "dropout": 0.17936999364332554,
              "lr": 5.9750279999602906e-05,
              "mlp_ratio": 2.0,
              "num_heads": 16,
              "num_self_attn_blocks": 2,
              "weight_decay": 9.44351568796269e-05
            },
            "trial_number": 4,
            "value": 17.647058823529413
          }
        ]
      }
    },
    {
      "checkpoint": "artifacts/probes/intphys2/intphys2_probe_temporal_attn_jepa_v1_vith16_384_20260504T145015Z/layer_16/train/trial_0000/probe_best.pt",
      "eval": {
        "base_eval": {
          "metrics": {
            "accuracy": 50.98039215686274,
            "accuracy_by_condition": {
              "continuity": 50.0,
              "immutability": 50.0,
              "permanence": 56.25,
              "solidity": 48.333333333333336
            },
            "n_samples": 204,
            "n_scenes": 51,
            "voe_accuracy": 9.803921568627452,
            "voe_by_condition": {
              "continuity": 16.666666666666664,
              "immutability": 0.0,
              "permanence": 8.333333333333332,
              "solidity": 13.333333333333334
            }
          },
          "output_dir": "artifacts/probes/intphys2/intphys2_probe_temporal_attn_jepa_v1_vith16_384_20260504T145015Z/layer_16/eval/test",
          "split_dir": "data/splits/intphys2"
        },
        "checkpoint": "artifacts/probes/intphys2/intphys2_probe_temporal_attn_jepa_v1_vith16_384_20260504T145015Z/layer_16/train/trial_0000/probe_best.pt",
        "dataset": "intphys2",
        "feature_signature": "78346a9facde6609",
        "metrics": {
          "accuracy": 50.98039215686274,
          "accuracy_by_condition": {
            "continuity": 50.0,
            "immutability": 50.0,
            "permanence": 56.25,
            "solidity": 48.333333333333336
          },
          "n_samples": 204,
          "n_scenes": 51,
          "voe_accuracy": 9.803921568627452,
          "voe_by_condition": {
            "continuity": 16.666666666666664,
            "immutability": 0.0,
            "permanence": 8.333333333333332,
            "solidity": 13.333333333333334
          }
        },
        "metrics_by_split": {
          "test": {
            "accuracy": 50.98039215686274,
            "accuracy_by_condition": {
              "continuity": 50.0,
              "immutability": 50.0,
              "permanence": 56.25,
              "solidity": 48.333333333333336
            },
            "n_samples": 204,
            "n_scenes": 51,
            "voe_accuracy": 9.803921568627452,
            "voe_by_condition": {
              "continuity": 16.666666666666664,
              "immutability": 0.0,
              "permanence": 8.333333333333332,
              "solidity": 13.333333333333334
            }
          },
          "train": {
            "accuracy": 50.496688741721854,
            "accuracy_by_condition": {
              "continuity": 49.30555555555556,
              "immutability": 50.0,
              "permanence": 52.083333333333336,
              "solidity": 50.58139534883721
            },
            "n_samples": 604,
            "n_scenes": 151,
            "voe_accuracy": 17.880794701986755,
            "voe_by_condition": {
              "continuity": 22.22222222222222,
              "immutability": 13.88888888888889,
              "permanence": 22.22222222222222,
              "solidity": 13.953488372093023
            }
          },
          "val": {
            "accuracy": 50.98039215686274,
            "accuracy_by_condition": {
              "continuity": 50.0,
              "immutability": 54.166666666666664,
              "permanence": 50.0,
              "solidity": 50.0
            },
            "n_samples": 204,
            "n_scenes": 51,
            "voe_accuracy": 15.686274509803921,
            "voe_by_condition": {
              "continuity": 25.0,
              "immutability": 25.0,
              "permanence": 0.0,
              "solidity": 13.333333333333334
            }
          }
        },
        "objective_metric": 9.803921568627452,
        "prediction_file": "artifacts/probes/intphys2/intphys2_probe_temporal_attn_jepa_v1_vith16_384_20260504T145015Z/layer_16/eval/test/probe_predictions.json",
        "prediction_files": {
          "test": "artifacts/probes/intphys2/intphys2_probe_temporal_attn_jepa_v1_vith16_384_20260504T145015Z/layer_16/eval/test/probe_predictions.json",
          "train": "artifacts/probes/intphys2/intphys2_probe_temporal_attn_jepa_v1_vith16_384_20260504T145015Z/layer_16/eval/train/probe_predictions.json",
          "val": "artifacts/probes/intphys2/intphys2_probe_temporal_attn_jepa_v1_vith16_384_20260504T145015Z/layer_16/eval/val/probe_predictions.json"
        },
        "probe_eval_dir": "artifacts/probes/intphys2/intphys2_probe_temporal_attn_jepa_v1_vith16_384_20260504T145015Z/layer_16/eval",
        "probe_name": "temporal_attn",
        "reported_splits": [
          "train",
          "val",
          "test"
        ],
        "split_eval_dirs": {
          "test": "artifacts/probes/intphys2/intphys2_probe_temporal_attn_jepa_v1_vith16_384_20260504T145015Z/layer_16/eval/test",
          "train": "artifacts/probes/intphys2/intphys2_probe_temporal_attn_jepa_v1_vith16_384_20260504T145015Z/layer_16/eval/train",
          "val": "artifacts/probes/intphys2/intphys2_probe_temporal_attn_jepa_v1_vith16_384_20260504T145015Z/layer_16/eval/val"
        },
        "split_evals": {
          "test": {
            "base_eval": {
              "metrics": {
                "accuracy": 50.98039215686274,
                "accuracy_by_condition": {
                  "continuity": 50.0,
                  "immutability": 50.0,
                  "permanence": 56.25,
                  "solidity": 48.333333333333336
                },
                "n_samples": 204,
                "n_scenes": 51,
                "voe_accuracy": 9.803921568627452,
                "voe_by_condition": {
                  "continuity": 16.666666666666664,
                  "immutability": 0.0,
                  "permanence": 8.333333333333332,
                  "solidity": 13.333333333333334
                }
              },
              "output_dir": "artifacts/probes/intphys2/intphys2_probe_temporal_attn_jepa_v1_vith16_384_20260504T145015Z/layer_16/eval/test",
              "split_dir": "data/splits/intphys2"
            },
            "checkpoint": "artifacts/probes/intphys2/intphys2_probe_temporal_attn_jepa_v1_vith16_384_20260504T145015Z/layer_16/train/trial_0000/probe_best.pt",
            "dataset": "intphys2",
            "feature_signature": "78346a9facde6609",
            "metrics": {
              "accuracy": 50.98039215686274,
              "accuracy_by_condition": {
                "continuity": 50.0,
                "immutability": 50.0,
                "permanence": 56.25,
                "solidity": 48.333333333333336
              },
              "n_samples": 204,
              "n_scenes": 51,
              "voe_accuracy": 9.803921568627452,
              "voe_by_condition": {
                "continuity": 16.666666666666664,
                "immutability": 0.0,
                "permanence": 8.333333333333332,
                "solidity": 13.333333333333334
              }
            },
            "objective_metric": 9.803921568627452,
            "prediction_file": "artifacts/probes/intphys2/intphys2_probe_temporal_attn_jepa_v1_vith16_384_20260504T145015Z/layer_16/eval/test/probe_predictions.json",
            "probe_eval_dir": "artifacts/probes/intphys2/intphys2_probe_temporal_attn_jepa_v1_vith16_384_20260504T145015Z/layer_16/eval/test",
            "probe_name": "temporal_attn",
            "split_name": "test"
          },
          "train": {
            "base_eval": {
              "metrics": {
                "accuracy": 50.496688741721854,
                "accuracy_by_condition": {
                  "continuity": 49.30555555555556,
                  "immutability": 50.0,
                  "permanence": 52.083333333333336,
                  "solidity": 50.58139534883721
                },
                "n_samples": 604,
                "n_scenes": 151,
                "voe_accuracy": 17.880794701986755,
                "voe_by_condition": {
                  "continuity": 22.22222222222222,
                  "immutability": 13.88888888888889,
                  "permanence": 22.22222222222222,
                  "solidity": 13.953488372093023
                }
              },
              "output_dir": "artifacts/probes/intphys2/intphys2_probe_temporal_attn_jepa_v1_vith16_384_20260504T145015Z/layer_16/eval/train",
              "split_dir": "data/splits/intphys2"
            },
            "checkpoint": "artifacts/probes/intphys2/intphys2_probe_temporal_attn_jepa_v1_vith16_384_20260504T145015Z/layer_16/train/trial_0000/probe_best.pt",
            "dataset": "intphys2",
            "feature_signature": "78346a9facde6609",
            "metrics": {
              "accuracy": 50.496688741721854,
              "accuracy_by_condition": {
                "continuity": 49.30555555555556,
                "immutability": 50.0,
                "permanence": 52.083333333333336,
                "solidity": 50.58139534883721
              },
              "n_samples": 604,
              "n_scenes": 151,
              "voe_accuracy": 17.880794701986755,
              "voe_by_condition": {
                "continuity": 22.22222222222222,
                "immutability": 13.88888888888889,
                "permanence": 22.22222222222222,
                "solidity": 13.953488372093023
              }
            },
            "objective_metric": 17.880794701986755,
            "prediction_file": "artifacts/probes/intphys2/intphys2_probe_temporal_attn_jepa_v1_vith16_384_20260504T145015Z/layer_16/eval/train/probe_predictions.json",
            "probe_eval_dir": "artifacts/probes/intphys2/intphys2_probe_temporal_attn_jepa_v1_vith16_384_20260504T145015Z/layer_16/eval/train",
            "probe_name": "temporal_attn",
            "split_name": "train"
          },
          "val": {
            "base_eval": {
              "metrics": {
                "accuracy": 50.98039215686274,
                "accuracy_by_condition": {
                  "continuity": 50.0,
                  "immutability": 54.166666666666664,
                  "permanence": 50.0,
                  "solidity": 50.0
                },
                "n_samples": 204,
                "n_scenes": 51,
                "voe_accuracy": 15.686274509803921,
                "voe_by_condition": {
                  "continuity": 25.0,
                  "immutability": 25.0,
                  "permanence": 0.0,
                  "solidity": 13.333333333333334
                }
              },
              "output_dir": "artifacts/probes/intphys2/intphys2_probe_temporal_attn_jepa_v1_vith16_384_20260504T145015Z/layer_16/eval/val",
              "split_dir": "data/splits/intphys2"
            },
            "checkpoint": "artifacts/probes/intphys2/intphys2_probe_temporal_attn_jepa_v1_vith16_384_20260504T145015Z/layer_16/train/trial_0000/probe_best.pt",
            "dataset": "intphys2",
            "feature_signature": "78346a9facde6609",
            "metrics": {
              "accuracy": 50.98039215686274,
              "accuracy_by_condition": {
                "continuity": 50.0,
                "immutability": 54.166666666666664,
                "permanence": 50.0,
                "solidity": 50.0
              },
              "n_samples": 204,
              "n_scenes": 51,
              "voe_accuracy": 15.686274509803921,
              "voe_by_condition": {
                "continuity": 25.0,
                "immutability": 25.0,
                "permanence": 0.0,
                "solidity": 13.333333333333334
              }
            },
            "objective_metric": 15.686274509803921,
            "prediction_file": "artifacts/probes/intphys2/intphys2_probe_temporal_attn_jepa_v1_vith16_384_20260504T145015Z/layer_16/eval/val/probe_predictions.json",
            "probe_eval_dir": "artifacts/probes/intphys2/intphys2_probe_temporal_attn_jepa_v1_vith16_384_20260504T145015Z/layer_16/eval/val",
            "probe_name": "temporal_attn",
            "split_name": "val"
          }
        },
        "split_name": "test"
      },
      "layer": 16,
      "layer_label": "16",
      "objective_metric": 9.803921568627452,
      "train": {
        "best_checkpoint": "artifacts/probes/intphys2/intphys2_probe_temporal_attn_jepa_v1_vith16_384_20260504T145015Z/layer_16/train/trial_0000/probe_best.pt",
        "best_eval_output_dir": "artifacts/probes/intphys2/intphys2_probe_temporal_attn_jepa_v1_vith16_384_20260504T145015Z/layer_16/train/trial_0000/val_eval",
        "best_output_dir": "artifacts/probes/intphys2/intphys2_probe_temporal_attn_jepa_v1_vith16_384_20260504T145015Z/layer_16/train/trial_0000",
        "best_params": {
          "batch_size": 1,
          "dropout": 0.006175348288740734,
          "lr": 0.0001329291894316216,
          "mlp_ratio": 4.0,
          "num_heads": 4,
          "num_self_attn_blocks": 3,
          "weight_decay": 0.005061576888752304
        },
        "best_trial_number": 0,
        "best_value": 15.686274509803921,
        "checkpoint": "artifacts/probes/intphys2/intphys2_probe_temporal_attn_jepa_v1_vith16_384_20260504T145015Z/layer_16/train/trial_0000/probe_best.pt",
        "dataset": "intphys2",
        "direction": "maximize",
        "layer": 16,
        "n_trials": 5,
        "objective_metric": "voe_accuracy",
        "output_dir": "artifacts/probes/intphys2/intphys2_probe_temporal_attn_jepa_v1_vith16_384_20260504T145015Z/layer_16/train",
        "probe_name": "temporal_attn",
        "storage": "sqlite:////gpfs/home3/scur0511/Probe4Physics/artifacts/probes/intphys2/intphys2_probe_temporal_attn_jepa_v1_vith16_384_20260504T145015Z/layer_16/train/optuna_study.sqlite3",
        "study_name": "intphys2_temporal_attn_jepa_v1_vith16_384_layer_16",
        "trials": [
          {
            "checkpoint": "artifacts/probes/intphys2/intphys2_probe_temporal_attn_jepa_v1_vith16_384_20260504T145015Z/layer_16/train/trial_0000/probe_best.pt",
            "eval_output_dir": "artifacts/probes/intphys2/intphys2_probe_temporal_attn_jepa_v1_vith16_384_20260504T145015Z/layer_16/train/trial_0000/val_eval",
            "output_dir": "artifacts/probes/intphys2/intphys2_probe_temporal_attn_jepa_v1_vith16_384_20260504T145015Z/layer_16/train/trial_0000",
            "params": {
              "batch_size": 1,
              "dropout": 0.006175348288740734,
              "lr": 0.0001329291894316216,
              "mlp_ratio": 4.0,
              "num_heads": 4,
              "num_self_attn_blocks": 3,
              "weight_decay": 0.005061576888752304
            },
            "trial_number": 0,
            "value": 15.686274509803921
          },
          {
            "checkpoint": "artifacts/probes/intphys2/intphys2_probe_temporal_attn_jepa_v1_vith16_384_20260504T145015Z/layer_16/train/trial_0001/probe_best.pt",
            "eval_output_dir": "artifacts/probes/intphys2/intphys2_probe_temporal_attn_jepa_v1_vith16_384_20260504T145015Z/layer_16/train/trial_0001/val_eval",
            "output_dir": "artifacts/probes/intphys2/intphys2_probe_temporal_attn_jepa_v1_vith16_384_20260504T145015Z/layer_16/train/trial_0001",
            "params": {
              "batch_size": 1,
              "dropout": 0.04184815819561255,
              "lr": 0.008123245085588688,
              "mlp_ratio": 4.0,
              "num_heads": 4,
              "num_self_attn_blocks": 2,
              "weight_decay": 0.0009877700294007926
            },
            "trial_number": 1,
            "value": 0.0
          },
          {
            "checkpoint": "artifacts/probes/intphys2/intphys2_probe_temporal_attn_jepa_v1_vith16_384_20260504T145015Z/layer_16/train/trial_0002/probe_best.pt",
            "eval_output_dir": "artifacts/probes/intphys2/intphys2_probe_temporal_attn_jepa_v1_vith16_384_20260504T145015Z/layer_16/train/trial_0002/val_eval",
            "output_dir": "artifacts/probes/intphys2/intphys2_probe_temporal_attn_jepa_v1_vith16_384_20260504T145015Z/layer_16/train/trial_0002",
            "params": {
              "batch_size": 1,
              "dropout": 0.019515477895583853,
              "lr": 7.52374288453485e-05,
              "mlp_ratio": 2.0,
              "num_heads": 8,
              "num_self_attn_blocks": 2,
              "weight_decay": 1.5782327810795563e-06
            },
            "trial_number": 2,
            "value": 15.686274509803921
          }
        ]
      }
    },
    {
      "checkpoint": "artifacts/probes/intphys2/intphys2_probe_temporal_attn_jepa_v1_vith16_384_20260504T145015Z/layer_24/train/trial_0004/probe_best.pt",
      "eval": {
        "base_eval": {
          "metrics": {
            "accuracy": 75.49019607843137,
            "accuracy_by_condition": {
              "continuity": 70.83333333333334,
              "immutability": 89.58333333333334,
              "permanence": 93.75,
              "solidity": 53.333333333333336
            },
            "n_samples": 204,
            "n_scenes": 51,
            "voe_accuracy": 62.745098039215684,
            "voe_by_condition": {
              "continuity": 58.333333333333336,
              "immutability": 83.33333333333334,
              "permanence": 100.0,
              "solidity": 20.0
            }
          },
          "output_dir": "artifacts/probes/intphys2/intphys2_probe_temporal_attn_jepa_v1_vith16_384_20260504T145015Z/layer_24/eval/test",
          "split_dir": "data/splits/intphys2"
        },
        "checkpoint": "artifacts/probes/intphys2/intphys2_probe_temporal_attn_jepa_v1_vith16_384_20260504T145015Z/layer_24/train/trial_0004/probe_best.pt",
        "dataset": "intphys2",
        "feature_signature": "78346a9facde6609",
        "metrics": {
          "accuracy": 75.49019607843137,
          "accuracy_by_condition": {
            "continuity": 70.83333333333334,
            "immutability": 89.58333333333334,
            "permanence": 93.75,
            "solidity": 53.333333333333336
          },
          "n_samples": 204,
          "n_scenes": 51,
          "voe_accuracy": 62.745098039215684,
          "voe_by_condition": {
            "continuity": 58.333333333333336,
            "immutability": 83.33333333333334,
            "permanence": 100.0,
            "solidity": 20.0
          }
        },
        "metrics_by_split": {
          "test": {
            "accuracy": 75.49019607843137,
            "accuracy_by_condition": {
              "continuity": 70.83333333333334,
              "immutability": 89.58333333333334,
              "permanence": 93.75,
              "solidity": 53.333333333333336
            },
            "n_samples": 204,
            "n_scenes": 51,
            "voe_accuracy": 62.745098039215684,
            "voe_by_condition": {
              "continuity": 58.333333333333336,
              "immutability": 83.33333333333334,
              "permanence": 100.0,
              "solidity": 20.0
            }
          },
          "train": {
            "accuracy": 84.60264900662253,
            "accuracy_by_condition": {
              "continuity": 89.58333333333334,
              "immutability": 93.75,
              "permanence": 93.05555555555556,
              "solidity": 65.69767441860465
            },
            "n_samples": 604,
            "n_scenes": 151,
            "voe_accuracy": 88.74172185430463,
            "voe_by_condition": {
              "continuity": 94.44444444444444,
              "immutability": 94.44444444444444,
              "permanence": 88.88888888888889,
              "solidity": 79.06976744186046
            }
          },
          "val": {
            "accuracy": 73.52941176470588,
            "accuracy_by_condition": {
              "continuity": 87.5,
              "immutability": 72.91666666666666,
              "permanence": 89.58333333333334,
              "solidity": 50.0
            },
            "n_samples": 204,
            "n_scenes": 51,
            "voe_accuracy": 64.70588235294117,
            "voe_by_condition": {
              "continuity": 91.66666666666666,
              "immutability": 66.66666666666666,
              "permanence": 83.33333333333334,
              "solidity": 26.666666666666668
            }
          }
        },
        "objective_metric": 62.745098039215684,
        "prediction_file": "artifacts/probes/intphys2/intphys2_probe_temporal_attn_jepa_v1_vith16_384_20260504T145015Z/layer_24/eval/test/probe_predictions.json",
        "prediction_files": {
          "test": "artifacts/probes/intphys2/intphys2_probe_temporal_attn_jepa_v1_vith16_384_20260504T145015Z/layer_24/eval/test/probe_predictions.json",
          "train": "artifacts/probes/intphys2/intphys2_probe_temporal_attn_jepa_v1_vith16_384_20260504T145015Z/layer_24/eval/train/probe_predictions.json",
          "val": "artifacts/probes/intphys2/intphys2_probe_temporal_attn_jepa_v1_vith16_384_20260504T145015Z/layer_24/eval/val/probe_predictions.json"
        },
        "probe_eval_dir": "artifacts/probes/intphys2/intphys2_probe_temporal_attn_jepa_v1_vith16_384_20260504T145015Z/layer_24/eval",
        "probe_name": "temporal_attn",
        "reported_splits": [
          "train",
          "val",
          "test"
        ],
        "split_eval_dirs": {
          "test": "artifacts/probes/intphys2/intphys2_probe_temporal_attn_jepa_v1_vith16_384_20260504T145015Z/layer_24/eval/test",
          "train": "artifacts/probes/intphys2/intphys2_probe_temporal_attn_jepa_v1_vith16_384_20260504T145015Z/layer_24/eval/train",
          "val": "artifacts/probes/intphys2/intphys2_probe_temporal_attn_jepa_v1_vith16_384_20260504T145015Z/layer_24/eval/val"
        },
        "split_evals": {
          "test": {
            "base_eval": {
              "metrics": {
                "accuracy": 75.49019607843137,
                "accuracy_by_condition": {
                  "continuity": 70.83333333333334,
                  "immutability": 89.58333333333334,
                  "permanence": 93.75,
                  "solidity": 53.333333333333336
                },
                "n_samples": 204,
                "n_scenes": 51,
                "voe_accuracy": 62.745098039215684,
                "voe_by_condition": {
                  "continuity": 58.333333333333336,
                  "immutability": 83.33333333333334,
                  "permanence": 100.0,
                  "solidity": 20.0
                }
              },
              "output_dir": "artifacts/probes/intphys2/intphys2_probe_temporal_attn_jepa_v1_vith16_384_20260504T145015Z/layer_24/eval/test",
              "split_dir": "data/splits/intphys2"
            },
            "checkpoint": "artifacts/probes/intphys2/intphys2_probe_temporal_attn_jepa_v1_vith16_384_20260504T145015Z/layer_24/train/trial_0004/probe_best.pt",
            "dataset": "intphys2",
            "feature_signature": "78346a9facde6609",
            "metrics": {
              "accuracy": 75.49019607843137,
              "accuracy_by_condition": {
                "continuity": 70.83333333333334,
                "immutability": 89.58333333333334,
                "permanence": 93.75,
                "solidity": 53.333333333333336
              },
              "n_samples": 204,
              "n_scenes": 51,
              "voe_accuracy": 62.745098039215684,
              "voe_by_condition": {
                "continuity": 58.333333333333336,
                "immutability": 83.33333333333334,
                "permanence": 100.0,
                "solidity": 20.0
              }
            },
            "objective_metric": 62.745098039215684,
            "prediction_file": "artifacts/probes/intphys2/intphys2_probe_temporal_attn_jepa_v1_vith16_384_20260504T145015Z/layer_24/eval/test/probe_predictions.json",
            "probe_eval_dir": "artifacts/probes/intphys2/intphys2_probe_temporal_attn_jepa_v1_vith16_384_20260504T145015Z/layer_24/eval/test",
            "probe_name": "temporal_attn",
            "split_name": "test"
          },
          "train": {
            "base_eval": {
              "metrics": {
                "accuracy": 84.60264900662253,
                "accuracy_by_condition": {
                  "continuity": 89.58333333333334,
                  "immutability": 93.75,
                  "permanence": 93.05555555555556,
                  "solidity": 65.69767441860465
                },
                "n_samples": 604,
                "n_scenes": 151,
                "voe_accuracy": 88.74172185430463,
                "voe_by_condition": {
                  "continuity": 94.44444444444444,
                  "immutability": 94.44444444444444,
                  "permanence": 88.88888888888889,
                  "solidity": 79.06976744186046
                }
              },
              "output_dir": "artifacts/probes/intphys2/intphys2_probe_temporal_attn_jepa_v1_vith16_384_20260504T145015Z/layer_24/eval/train",
              "split_dir": "data/splits/intphys2"
            },
            "checkpoint": "artifacts/probes/intphys2/intphys2_probe_temporal_attn_jepa_v1_vith16_384_20260504T145015Z/layer_24/train/trial_0004/probe_best.pt",
            "dataset": "intphys2",
            "feature_signature": "78346a9facde6609",
            "metrics": {
              "accuracy": 84.60264900662253,
              "accuracy_by_condition": {
                "continuity": 89.58333333333334,
                "immutability": 93.75,
                "permanence": 93.05555555555556,
                "solidity": 65.69767441860465
              },
              "n_samples": 604,
              "n_scenes": 151,
              "voe_accuracy": 88.74172185430463,
              "voe_by_condition": {
                "continuity": 94.44444444444444,
                "immutability": 94.44444444444444,
                "permanence": 88.88888888888889,
                "solidity": 79.06976744186046
              }
            },
            "objective_metric": 88.74172185430463,
            "prediction_file": "artifacts/probes/intphys2/intphys2_probe_temporal_attn_jepa_v1_vith16_384_20260504T145015Z/layer_24/eval/train/probe_predictions.json",
            "probe_eval_dir": "artifacts/probes/intphys2/intphys2_probe_temporal_attn_jepa_v1_vith16_384_20260504T145015Z/layer_24/eval/train",
            "probe_name": "temporal_attn",
            "split_name": "train"
          },
          "val": {
            "base_eval": {
              "metrics": {
                "accuracy": 73.52941176470588,
                "accuracy_by_condition": {
                  "continuity": 87.5,
                  "immutability": 72.91666666666666,
                  "permanence": 89.58333333333334,
                  "solidity": 50.0
                },
                "n_samples": 204,
                "n_scenes": 51,
                "voe_accuracy": 64.70588235294117,
                "voe_by_condition": {
                  "continuity": 91.66666666666666,
                  "immutability": 66.66666666666666,
                  "permanence": 83.33333333333334,
                  "solidity": 26.666666666666668
                }
              },
              "output_dir": "artifacts/probes/intphys2/intphys2_probe_temporal_attn_jepa_v1_vith16_384_20260504T145015Z/layer_24/eval/val",
              "split_dir": "data/splits/intphys2"
            },
            "checkpoint": "artifacts/probes/intphys2/intphys2_probe_temporal_attn_jepa_v1_vith16_384_20260504T145015Z/layer_24/train/trial_0004/probe_best.pt",
            "dataset": "intphys2",
            "feature_signature": "78346a9facde6609",
            "metrics": {
              "accuracy": 73.52941176470588,
              "accuracy_by_condition": {
                "continuity": 87.5,
                "immutability": 72.91666666666666,
                "permanence": 89.58333333333334,
                "solidity": 50.0
              },
              "n_samples": 204,
              "n_scenes": 51,
              "voe_accuracy": 64.70588235294117,
              "voe_by_condition": {
                "continuity": 91.66666666666666,
                "immutability": 66.66666666666666,
                "permanence": 83.33333333333334,
                "solidity": 26.666666666666668
              }
            },
            "objective_metric": 64.70588235294117,
            "prediction_file": "artifacts/probes/intphys2/intphys2_probe_temporal_attn_jepa_v1_vith16_384_20260504T145015Z/layer_24/eval/val/probe_predictions.json",
            "probe_eval_dir": "artifacts/probes/intphys2/intphys2_probe_temporal_attn_jepa_v1_vith16_384_20260504T145015Z/layer_24/eval/val",
            "probe_name": "temporal_attn",
            "split_name": "val"
          }
        },
        "split_name": "test"
      },
      "layer": 24,
      "layer_label": "24",
      "objective_metric": 62.745098039215684,
      "train": {
        "best_checkpoint": "artifacts/probes/intphys2/intphys2_probe_temporal_attn_jepa_v1_vith16_384_20260504T145015Z/layer_24/train/trial_0004/probe_best.pt",
        "best_eval_output_dir": "artifacts/probes/intphys2/intphys2_probe_temporal_attn_jepa_v1_vith16_384_20260504T145015Z/layer_24/train/trial_0004/val_eval",
        "best_output_dir": "artifacts/probes/intphys2/intphys2_probe_temporal_attn_jepa_v1_vith16_384_20260504T145015Z/layer_24/train/trial_0004",
        "best_params": {
          "batch_size": 1,
          "dropout": 0.17936999364332554,
          "lr": 5.9750279999602906e-05,
          "mlp_ratio": 2.0,
          "num_heads": 16,
          "num_self_attn_blocks": 2,
          "weight_decay": 9.44351568796269e-05
        },
        "best_trial_number": 4,
        "best_value": 64.70588235294117,
        "checkpoint": "artifacts/probes/intphys2/intphys2_probe_temporal_attn_jepa_v1_vith16_384_20260504T145015Z/layer_24/train/trial_0004/probe_best.pt",
        "dataset": "intphys2",
        "direction": "maximize",
        "layer": 24,
        "n_trials": 5,
        "objective_metric": "voe_accuracy",
        "output_dir": "artifacts/probes/intphys2/intphys2_probe_temporal_attn_jepa_v1_vith16_384_20260504T145015Z/layer_24/train",
        "probe_name": "temporal_attn",
        "storage": "sqlite:////gpfs/home3/scur0511/Probe4Physics/artifacts/probes/intphys2/intphys2_probe_temporal_attn_jepa_v1_vith16_384_20260504T145015Z/layer_24/train/optuna_study.sqlite3",
        "study_name": "intphys2_temporal_attn_jepa_v1_vith16_384_layer_24",
        "trials": [
          {
            "checkpoint": "artifacts/probes/intphys2/intphys2_probe_temporal_attn_jepa_v1_vith16_384_20260504T145015Z/layer_24/train/trial_0000/probe_best.pt",
            "eval_output_dir": "artifacts/probes/intphys2/intphys2_probe_temporal_attn_jepa_v1_vith16_384_20260504T145015Z/layer_24/train/trial_0000/val_eval",
            "output_dir": "artifacts/probes/intphys2/intphys2_probe_temporal_attn_jepa_v1_vith16_384_20260504T145015Z/layer_24/train/trial_0000",
            "params": {
              "batch_size": 1,
              "dropout": 0.006175348288740734,
              "lr": 0.0001329291894316216,
              "mlp_ratio": 4.0,
              "num_heads": 4,
              "num_self_attn_blocks": 3,
              "weight_decay": 0.005061576888752304
            },
            "trial_number": 0,
            "value": 13.725490196078432
          },
          {
            "checkpoint": "artifacts/probes/intphys2/intphys2_probe_temporal_attn_jepa_v1_vith16_384_20260504T145015Z/layer_24/train/trial_0001/probe_best.pt",
            "eval_output_dir": "artifacts/probes/intphys2/intphys2_probe_temporal_attn_jepa_v1_vith16_384_20260504T145015Z/layer_24/train/trial_0001/val_eval",
            "output_dir": "artifacts/probes/intphys2/intphys2_probe_temporal_attn_jepa_v1_vith16_384_20260504T145015Z/layer_24/train/trial_0001",
            "params": {
              "batch_size": 1,
              "dropout": 0.04184815819561255,
              "lr": 0.008123245085588688,
              "mlp_ratio": 4.0,
              "num_heads": 4,
              "num_self_attn_blocks": 2,
              "weight_decay": 0.0009877700294007926
            },
            "trial_number": 1,
            "value": 0.0
          },
          {
            "checkpoint": "artifacts/probes/intphys2/intphys2_probe_temporal_attn_jepa_v1_vith16_384_20260504T145015Z/layer_24/train/trial_0002/probe_best.pt",
            "eval_output_dir": "artifacts/probes/intphys2/intphys2_probe_temporal_attn_jepa_v1_vith16_384_20260504T145015Z/layer_24/train/trial_0002/val_eval",
            "output_dir": "artifacts/probes/intphys2/intphys2_probe_temporal_attn_jepa_v1_vith16_384_20260504T145015Z/layer_24/train/trial_0002",
            "params": {
              "batch_size": 1,
              "dropout": 0.019515477895583853,
              "lr": 7.52374288453485e-05,
              "mlp_ratio": 2.0,
              "num_heads": 8,
              "num_self_attn_blocks": 2,
              "weight_decay": 1.5782327810795563e-06
            },
            "trial_number": 2,
            "value": 33.33333333333333
          },
          {
            "checkpoint": "artifacts/probes/intphys2/intphys2_probe_temporal_attn_jepa_v1_vith16_384_20260504T145015Z/layer_24/train/trial_0003/probe_best.pt",
            "eval_output_dir": "artifacts/probes/intphys2/intphys2_probe_temporal_attn_jepa_v1_vith16_384_20260504T145015Z/layer_24/train/trial_0003/val_eval",
            "output_dir": "artifacts/probes/intphys2/intphys2_probe_temporal_attn_jepa_v1_vith16_384_20260504T145015Z/layer_24/train/trial_0003",
            "params": {
              "batch_size": 1,
              "dropout": 0.2727961206236346,
              "lr": 0.007025166339242158,
              "mlp_ratio": 2.0,
              "num_heads": 4,
              "num_self_attn_blocks": 1,
              "weight_decay": 0.006220025976819169
            },
            "trial_number": 3,
            "value": 0.0
          },
          {
            "checkpoint": "artifacts/probes/intphys2/intphys2_probe_temporal_attn_jepa_v1_vith16_384_20260504T145015Z/layer_24/train/trial_0004/probe_best.pt",
            "eval_output_dir": "artifacts/probes/intphys2/intphys2_probe_temporal_attn_jepa_v1_vith16_384_20260504T145015Z/layer_24/train/trial_0004/val_eval",
            "output_dir": "artifacts/probes/intphys2/intphys2_probe_temporal_attn_jepa_v1_vith16_384_20260504T145015Z/layer_24/train/trial_0004",
            "params": {
              "batch_size": 1,
              "dropout": 0.17936999364332554,
              "lr": 5.9750279999602906e-05,
              "mlp_ratio": 2.0,
              "num_heads": 16,
              "num_self_attn_blocks": 2,
              "weight_decay": 9.44351568796269e-05
            },
            "trial_number": 4,
            "value": 64.70588235294117
          }
        ]
      }
    },
    {
      "checkpoint": "artifacts/probes/intphys2/intphys2_probe_temporal_attn_jepa_v1_vith16_384_20260504T145015Z/layer_32/train/trial_0004/probe_best.pt",
      "eval": {
        "base_eval": {
          "metrics": {
            "accuracy": 73.0392156862745,
            "accuracy_by_condition": {
              "continuity": 70.83333333333334,
              "immutability": 87.5,
              "permanence": 85.41666666666666,
              "solidity": 53.333333333333336
            },
            "n_samples": 204,
            "n_scenes": 51,
            "voe_accuracy": 56.86274509803921,
            "voe_by_condition": {
              "continuity": 50.0,
              "immutability": 83.33333333333334,
              "permanence": 83.33333333333334,
              "solidity": 20.0
            }
          },
          "output_dir": "artifacts/probes/intphys2/intphys2_probe_temporal_attn_jepa_v1_vith16_384_20260504T145015Z/layer_32/eval/test",
          "split_dir": "data/splits/intphys2"
        },
        "checkpoint": "artifacts/probes/intphys2/intphys2_probe_temporal_attn_jepa_v1_vith16_384_20260504T145015Z/layer_32/train/trial_0004/probe_best.pt",
        "dataset": "intphys2",
        "feature_signature": "78346a9facde6609",
        "metrics": {
          "accuracy": 73.0392156862745,
          "accuracy_by_condition": {
            "continuity": 70.83333333333334,
            "immutability": 87.5,
            "permanence": 85.41666666666666,
            "solidity": 53.333333333333336
          },
          "n_samples": 204,
          "n_scenes": 51,
          "voe_accuracy": 56.86274509803921,
          "voe_by_condition": {
            "continuity": 50.0,
            "immutability": 83.33333333333334,
            "permanence": 83.33333333333334,
            "solidity": 20.0
          }
        },
        "metrics_by_split": {
          "test": {
            "accuracy": 73.0392156862745,
            "accuracy_by_condition": {
              "continuity": 70.83333333333334,
              "immutability": 87.5,
              "permanence": 85.41666666666666,
              "solidity": 53.333333333333336
            },
            "n_samples": 204,
            "n_scenes": 51,
            "voe_accuracy": 56.86274509803921,
            "voe_by_condition": {
              "continuity": 50.0,
              "immutability": 83.33333333333334,
              "permanence": 83.33333333333334,
              "solidity": 20.0
            }
          },
          "train": {
            "accuracy": 94.5364238410596,
            "accuracy_by_condition": {
              "continuity": 93.75,
              "immutability": 94.44444444444444,
              "permanence": 96.52777777777779,
              "solidity": 93.6046511627907
            },
            "n_samples": 604,
            "n_scenes": 151,
            "voe_accuracy": 98.67549668874173,
            "voe_by_condition": {
              "continuity": 97.22222222222221,
              "immutability": 97.22222222222221,
              "permanence": 100.0,
              "solidity": 100.0
            }
          },
          "val": {
            "accuracy": 71.56862745098039,
            "accuracy_by_condition": {
              "continuity": 83.33333333333334,
              "immutability": 68.75,
              "permanence": 83.33333333333334,
              "solidity": 55.00000000000001
            },
            "n_samples": 204,
            "n_scenes": 51,
            "voe_accuracy": 58.82352941176471,
            "voe_by_condition": {
              "continuity": 75.0,
              "immutability": 58.333333333333336,
              "permanence": 83.33333333333334,
              "solidity": 26.666666666666668
            }
          }
        },
        "objective_metric": 56.86274509803921,
        "prediction_file": "artifacts/probes/intphys2/intphys2_probe_temporal_attn_jepa_v1_vith16_384_20260504T145015Z/layer_32/eval/test/probe_predictions.json",
        "prediction_files": {
          "test": "artifacts/probes/intphys2/intphys2_probe_temporal_attn_jepa_v1_vith16_384_20260504T145015Z/layer_32/eval/test/probe_predictions.json",
          "train": "artifacts/probes/intphys2/intphys2_probe_temporal_attn_jepa_v1_vith16_384_20260504T145015Z/layer_32/eval/train/probe_predictions.json",
          "val": "artifacts/probes/intphys2/intphys2_probe_temporal_attn_jepa_v1_vith16_384_20260504T145015Z/layer_32/eval/val/probe_predictions.json"
        },
        "probe_eval_dir": "artifacts/probes/intphys2/intphys2_probe_temporal_attn_jepa_v1_vith16_384_20260504T145015Z/layer_32/eval",
        "probe_name": "temporal_attn",
        "reported_splits": [
          "train",
          "val",
          "test"
        ],
        "split_eval_dirs": {
          "test": "artifacts/probes/intphys2/intphys2_probe_temporal_attn_jepa_v1_vith16_384_20260504T145015Z/layer_32/eval/test",
          "train": "artifacts/probes/intphys2/intphys2_probe_temporal_attn_jepa_v1_vith16_384_20260504T145015Z/layer_32/eval/train",
          "val": "artifacts/probes/intphys2/intphys2_probe_temporal_attn_jepa_v1_vith16_384_20260504T145015Z/layer_32/eval/val"
        },
        "split_evals": {
          "test": {
            "base_eval": {
              "metrics": {
                "accuracy": 73.0392156862745,
                "accuracy_by_condition": {
                  "continuity": 70.83333333333334,
                  "immutability": 87.5,
                  "permanence": 85.41666666666666,
                  "solidity": 53.333333333333336
                },
                "n_samples": 204,
                "n_scenes": 51,
                "voe_accuracy": 56.86274509803921,
                "voe_by_condition": {
                  "continuity": 50.0,
                  "immutability": 83.33333333333334,
                  "permanence": 83.33333333333334,
                  "solidity": 20.0
                }
              },
              "output_dir": "artifacts/probes/intphys2/intphys2_probe_temporal_attn_jepa_v1_vith16_384_20260504T145015Z/layer_32/eval/test",
              "split_dir": "data/splits/intphys2"
            },
            "checkpoint": "artifacts/probes/intphys2/intphys2_probe_temporal_attn_jepa_v1_vith16_384_20260504T145015Z/layer_32/train/trial_0004/probe_best.pt",
            "dataset": "intphys2",
            "feature_signature": "78346a9facde6609",
            "metrics": {
              "accuracy": 73.0392156862745,
              "accuracy_by_condition": {
                "continuity": 70.83333333333334,
                "immutability": 87.5,
                "permanence": 85.41666666666666,
                "solidity": 53.333333333333336
              },
              "n_samples": 204,
              "n_scenes": 51,
              "voe_accuracy": 56.86274509803921,
              "voe_by_condition": {
                "continuity": 50.0,
                "immutability": 83.33333333333334,
                "permanence": 83.33333333333334,
                "solidity": 20.0
              }
            },
            "objective_metric": 56.86274509803921,
            "prediction_file": "artifacts/probes/intphys2/intphys2_probe_temporal_attn_jepa_v1_vith16_384_20260504T145015Z/layer_32/eval/test/probe_predictions.json",
            "probe_eval_dir": "artifacts/probes/intphys2/intphys2_probe_temporal_attn_jepa_v1_vith16_384_20260504T145015Z/layer_32/eval/test",
            "probe_name": "temporal_attn",
            "split_name": "test"
          },
          "train": {
            "base_eval": {
              "metrics": {
                "accuracy": 94.5364238410596,
                "accuracy_by_condition": {
                  "continuity": 93.75,
                  "immutability": 94.44444444444444,
                  "permanence": 96.52777777777779,
                  "solidity": 93.6046511627907
                },
                "n_samples": 604,
                "n_scenes": 151,
                "voe_accuracy": 98.67549668874173,
                "voe_by_condition": {
                  "continuity": 97.22222222222221,
                  "immutability": 97.22222222222221,
                  "permanence": 100.0,
                  "solidity": 100.0
                }
              },
              "output_dir": "artifacts/probes/intphys2/intphys2_probe_temporal_attn_jepa_v1_vith16_384_20260504T145015Z/layer_32/eval/train",
              "split_dir": "data/splits/intphys2"
            },
            "checkpoint": "artifacts/probes/intphys2/intphys2_probe_temporal_attn_jepa_v1_vith16_384_20260504T145015Z/layer_32/train/trial_0004/probe_best.pt",
            "dataset": "intphys2",
            "feature_signature": "78346a9facde6609",
            "metrics": {
              "accuracy": 94.5364238410596,
              "accuracy_by_condition": {
                "continuity": 93.75,
                "immutability": 94.44444444444444,
                "permanence": 96.52777777777779,
                "solidity": 93.6046511627907
              },
              "n_samples": 604,
              "n_scenes": 151,
              "voe_accuracy": 98.67549668874173,
              "voe_by_condition": {
                "continuity": 97.22222222222221,
                "immutability": 97.22222222222221,
                "permanence": 100.0,
                "solidity": 100.0
              }
            },
            "objective_metric": 98.67549668874173,
            "prediction_file": "artifacts/probes/intphys2/intphys2_probe_temporal_attn_jepa_v1_vith16_384_20260504T145015Z/layer_32/eval/train/probe_predictions.json",
            "probe_eval_dir": "artifacts/probes/intphys2/intphys2_probe_temporal_attn_jepa_v1_vith16_384_20260504T145015Z/layer_32/eval/train",
            "probe_name": "temporal_attn",
            "split_name": "train"
          },
          "val": {
            "base_eval": {
              "metrics": {
                "accuracy": 71.56862745098039,
                "accuracy_by_condition": {
                  "continuity": 83.33333333333334,
                  "immutability": 68.75,
                  "permanence": 83.33333333333334,
                  "solidity": 55.00000000000001
                },
                "n_samples": 204,
                "n_scenes": 51,
                "voe_accuracy": 58.82352941176471,
                "voe_by_condition": {
                  "continuity": 75.0,
                  "immutability": 58.333333333333336,
                  "permanence": 83.33333333333334,
                  "solidity": 26.666666666666668
                }
              },
              "output_dir": "artifacts/probes/intphys2/intphys2_probe_temporal_attn_jepa_v1_vith16_384_20260504T145015Z/layer_32/eval/val",
              "split_dir": "data/splits/intphys2"
            },
            "checkpoint": "artifacts/probes/intphys2/intphys2_probe_temporal_attn_jepa_v1_vith16_384_20260504T145015Z/layer_32/train/trial_0004/probe_best.pt",
            "dataset": "intphys2",
            "feature_signature": "78346a9facde6609",
            "metrics": {
              "accuracy": 71.56862745098039,
              "accuracy_by_condition": {
                "continuity": 83.33333333333334,
                "immutability": 68.75,
                "permanence": 83.33333333333334,
                "solidity": 55.00000000000001
              },
              "n_samples": 204,
              "n_scenes": 51,
              "voe_accuracy": 58.82352941176471,
              "voe_by_condition": {
                "continuity": 75.0,
                "immutability": 58.333333333333336,
                "permanence": 83.33333333333334,
                "solidity": 26.666666666666668
              }
            },
            "objective_metric": 58.82352941176471,
            "prediction_file": "artifacts/probes/intphys2/intphys2_probe_temporal_attn_jepa_v1_vith16_384_20260504T145015Z/layer_32/eval/val/probe_predictions.json",
            "probe_eval_dir": "artifacts/probes/intphys2/intphys2_probe_temporal_attn_jepa_v1_vith16_384_20260504T145015Z/layer_32/eval/val",
            "probe_name": "temporal_attn",
            "split_name": "val"
          }
        },
        "split_name": "test"
      },
      "layer": 32,
      "layer_label": "32",
      "objective_metric": 56.86274509803921,
      "train": {
        "best_checkpoint": "artifacts/probes/intphys2/intphys2_probe_temporal_attn_jepa_v1_vith16_384_20260504T145015Z/layer_32/train/trial_0004/probe_best.pt",
        "best_eval_output_dir": "artifacts/probes/intphys2/intphys2_probe_temporal_attn_jepa_v1_vith16_384_20260504T145015Z/layer_32/train/trial_0004/val_eval",
        "best_output_dir": "artifacts/probes/intphys2/intphys2_probe_temporal_attn_jepa_v1_vith16_384_20260504T145015Z/layer_32/train/trial_0004",
        "best_params": {
          "batch_size": 1,
          "dropout": 0.17936999364332554,
          "lr": 5.9750279999602906e-05,
          "mlp_ratio": 2.0,
          "num_heads": 16,
          "num_self_attn_blocks": 2,
          "weight_decay": 9.44351568796269e-05
        },
        "best_trial_number": 4,
        "best_value": 58.82352941176471,
        "checkpoint": "artifacts/probes/intphys2/intphys2_probe_temporal_attn_jepa_v1_vith16_384_20260504T145015Z/layer_32/train/trial_0004/probe_best.pt",
        "dataset": "intphys2",
        "direction": "maximize",
        "layer": 32,
        "n_trials": 5,
        "objective_metric": "voe_accuracy",
        "output_dir": "artifacts/probes/intphys2/intphys2_probe_temporal_attn_jepa_v1_vith16_384_20260504T145015Z/layer_32/train",
        "probe_name": "temporal_attn",
        "storage": "sqlite:////gpfs/home3/scur0511/Probe4Physics/artifacts/probes/intphys2/intphys2_probe_temporal_attn_jepa_v1_vith16_384_20260504T145015Z/layer_32/train/optuna_study.sqlite3",
        "study_name": "intphys2_temporal_attn_jepa_v1_vith16_384_layer_32",
        "trials": [
          {
            "checkpoint": "artifacts/probes/intphys2/intphys2_probe_temporal_attn_jepa_v1_vith16_384_20260504T145015Z/layer_32/train/trial_0000/probe_best.pt",
            "eval_output_dir": "artifacts/probes/intphys2/intphys2_probe_temporal_attn_jepa_v1_vith16_384_20260504T145015Z/layer_32/train/trial_0000/val_eval",
            "output_dir": "artifacts/probes/intphys2/intphys2_probe_temporal_attn_jepa_v1_vith16_384_20260504T145015Z/layer_32/train/trial_0000",
            "params": {
              "batch_size": 1,
              "dropout": 0.006175348288740734,
              "lr": 0.0001329291894316216,
              "mlp_ratio": 4.0,
              "num_heads": 4,
              "num_self_attn_blocks": 3,
              "weight_decay": 0.005061576888752304
            },
            "trial_number": 0,
            "value": 17.647058823529413
          },
          {
            "checkpoint": "artifacts/probes/intphys2/intphys2_probe_temporal_attn_jepa_v1_vith16_384_20260504T145015Z/layer_32/train/trial_0001/probe_best.pt",
            "eval_output_dir": "artifacts/probes/intphys2/intphys2_probe_temporal_attn_jepa_v1_vith16_384_20260504T145015Z/layer_32/train/trial_0001/val_eval",
            "output_dir": "artifacts/probes/intphys2/intphys2_probe_temporal_attn_jepa_v1_vith16_384_20260504T145015Z/layer_32/train/trial_0001",
            "params": {
              "batch_size": 1,
              "dropout": 0.04184815819561255,
              "lr": 0.008123245085588688,
              "mlp_ratio": 4.0,
              "num_heads": 4,
              "num_self_attn_blocks": 2,
              "weight_decay": 0.0009877700294007926
            },
            "trial_number": 1,
            "value": 0.0
          },
          {
            "checkpoint": "artifacts/probes/intphys2/intphys2_probe_temporal_attn_jepa_v1_vith16_384_20260504T145015Z/layer_32/train/trial_0002/probe_best.pt",
            "eval_output_dir": "artifacts/probes/intphys2/intphys2_probe_temporal_attn_jepa_v1_vith16_384_20260504T145015Z/layer_32/train/trial_0002/val_eval",
            "output_dir": "artifacts/probes/intphys2/intphys2_probe_temporal_attn_jepa_v1_vith16_384_20260504T145015Z/layer_32/train/trial_0002",
            "params": {
              "batch_size": 1,
              "dropout": 0.019515477895583853,
              "lr": 7.52374288453485e-05,
              "mlp_ratio": 2.0,
              "num_heads": 8,
              "num_self_attn_blocks": 2,
              "weight_decay": 1.5782327810795563e-06
            },
            "trial_number": 2,
            "value": 49.01960784313725
          },
          {
            "checkpoint": "artifacts/probes/intphys2/intphys2_probe_temporal_attn_jepa_v1_vith16_384_20260504T145015Z/layer_32/train/trial_0004/probe_best.pt",
            "eval_output_dir": "artifacts/probes/intphys2/intphys2_probe_temporal_attn_jepa_v1_vith16_384_20260504T145015Z/layer_32/train/trial_0004/val_eval",
            "output_dir": "artifacts/probes/intphys2/intphys2_probe_temporal_attn_jepa_v1_vith16_384_20260504T145015Z/layer_32/train/trial_0004",
            "params": {
              "batch_size": 1,
              "dropout": 0.17936999364332554,
              "lr": 5.9750279999602906e-05,
              "mlp_ratio": 2.0,
              "num_heads": 16,
              "num_self_attn_blocks": 2,
              "weight_decay": 9.44351568796269e-05
            },
            "trial_number": 4,
            "value": 58.82352941176471
          }
        ]
      }
    }
  ],
  "model_selection_split": "val",
  "objective_metric_name": "voe_accuracy",
  "probe_name": "temporal_attn",
  "reported_splits": [
    "train",
    "val",
    "test"
  ],
  "requested_layers": [
    8,
    16,
    24,
    32
  ],
  "split_name": "test",
  "sweep_dir": "artifacts/probes/intphys2/intphys2_probe_temporal_attn_jepa_v1_vith16_384_20260504T145015Z",
  "train_split": "train"
}
JOB_END_UTC=2026-05-04T19:19:44Z
JOB_ELAPSED_SECONDS=16172
