============================================================================================== 
Warning! Mixing Conda and module environments may lead to corruption of the
user environment. 
We do not recommend users mixing those two environments unless absolutely
necessary. Note that 
SURF does not provide any support for Conda environment.
For more information, please refer to our software policy page:
https://servicedesk.surf.nl/wiki/display/WIKI/Software+policy+Snellius#SoftwarepolicySnellius-UseofAnacondaandMinicondaenvironmentsonSnellius 

Remember that many packages have already been installed on the system and can
be loaded using 
the 'module load <package__name>' command. If you are uncertain if a package is
already available 
on the system, please use 'module avail' or 'module spider' to search for it.
============================================================================================== 
[I 2026-05-05 01:14:18,757] A new study created in RDB with name: intphys2_temporal_attn_jepa_v2_1_vitG_384_layer_12
wandb: [wandb.login()] Loaded credentials for https://api.wandb.ai from /home/scur0511/.netrc.
wandb: Currently logged in as: caselli-niccolo-developer (caselli-niccolo-developer-university-of-amsterdam) to https://api.wandb.ai. Use `wandb login --relogin` to force relogin
wandb: Tracking run with wandb version 0.26.1
wandb: Run data is saved locally in /gpfs/home3/scur0511/Probe4Physics/wandb/run-20260505_011450-cmzc0wyo
wandb: Run `wandb offline` to turn off syncing.
wandb: Syncing run intphys2_temporal_attn_jepa_v2_1_vitG_384_layer_12/trial_0000
wandb: ⭐️ View project at https://wandb.ai/caselli-niccolo-developer-university-of-amsterdam/probe4physics
wandb: 🚀 View run at https://wandb.ai/caselli-niccolo-developer-university-of-amsterdam/probe4physics/runs/cmzc0wyo
[eval.intphys2] Starting eval | split_name=val split_dir=data/splits/intphys2 predictor_mode=from_file metadata_file=data/annotations/intphys2_metadata.csv
[eval.intphys2] Loaded split assignments | split_scenes=51 split_samples=204
[eval.intphys2] Generated predictions | n_predictions=204
[eval.intphys2] Scoring complete | accuracy=52.9412 voe_accuracy=11.7647 n_scenes=51 n_samples=204
[eval.intphys2] Artifacts written | output_dir=artifacts/probes/intphys2/intphys2_probe_temporal_attn_jepa_v2_1_vitG_384_20260504T231417Z/layer_12/train/trial_0000/val_eval
wandb: updating run metadata
wandb: uploading wandb-summary.json; uploading config.yaml; uploading output.log
wandb: 
wandb: Run history:
wandb:          epoch ▁▁▂▂▂▃▃▄▄▄▅▅▅▆▆▇▇▇██
wandb: train_accuracy ▅▄▃▃▄▃▆▃█▁▃▄▇▅▃▄▆▄▃▅
wandb:     train_loss ▂▁▁▁▁▁█▁▁▁▁▂▁▁▁▂▁▂▁▁
wandb:   val_accuracy ▄▄▄▄▄▄▄▁█▄▄▄▄▇▄▄▅▄▄▄
wandb:       val_loss ▁▁▁▁▁▁█▁▁▂▂▁▂▁▁▃▁▃▁▁
wandb: 
wandb: Run summary:
wandb:           best_epoch 9
wandb:    best_val_accuracy 52.94118
wandb:        best_val_loss 0.71838
wandb: checkpoint_best_path artifacts/probes/int...
wandb: checkpoint_last_path artifacts/probes/int...
wandb:      checkpoint_path artifacts/probes/int...
wandb:              dataset intphys2
wandb:      elapsed_seconds 1786.7446
wandb:                epoch 20
wandb:    feature_signature 5c7753635ab2bb76
wandb:                  +22 ...
wandb: 
wandb: 🚀 View run intphys2_temporal_attn_jepa_v2_1_vitG_384_layer_12/trial_0000 at: https://wandb.ai/caselli-niccolo-developer-university-of-amsterdam/probe4physics/runs/cmzc0wyo
wandb: ⭐️ View project at: https://wandb.ai/caselli-niccolo-developer-university-of-amsterdam/probe4physics
wandb: Synced 5 W&B file(s), 0 media file(s), 0 artifact file(s) and 0 other file(s)
wandb: Find logs at: ./wandb/run-20260505_011450-cmzc0wyo/logs
[I 2026-05-05 01:44:54,113] Trial 0 finished with value: 11.76470588235294 and parameters: {'lr': 0.0001329291894316216, 'weight_decay': 0.005061576888752304, 'batch_size': 1, 'num_heads': 4, 'num_self_attn_blocks': 3, 'mlp_ratio': 4.0, 'dropout': 0.006175348288740734}. Best is trial 0 with value: 11.76470588235294.
wandb: setting up run qbm4tj71
wandb: Tracking run with wandb version 0.26.1
wandb: Run data is saved locally in /gpfs/home3/scur0511/Probe4Physics/wandb/run-20260505_014516-qbm4tj71
wandb: Run `wandb offline` to turn off syncing.
wandb: Syncing run intphys2_temporal_attn_jepa_v2_1_vitG_384_layer_12/trial_0001
wandb: ⭐️ View project at https://wandb.ai/caselli-niccolo-developer-university-of-amsterdam/probe4physics
wandb: 🚀 View run at https://wandb.ai/caselli-niccolo-developer-university-of-amsterdam/probe4physics/runs/qbm4tj71
[eval.intphys2] Starting eval | split_name=val split_dir=data/splits/intphys2 predictor_mode=from_file metadata_file=data/annotations/intphys2_metadata.csv
[eval.intphys2] Loaded split assignments | split_scenes=51 split_samples=204
[eval.intphys2] Generated predictions | n_predictions=204
[eval.intphys2] Scoring complete | accuracy=50.0000 voe_accuracy=0.0000 n_scenes=51 n_samples=204
[eval.intphys2] Artifacts written | output_dir=artifacts/probes/intphys2/intphys2_probe_temporal_attn_jepa_v2_1_vitG_384_20260504T231417Z/layer_12/train/trial_0001/val_eval
wandb: updating run metadata
wandb: uploading output.log; uploading wandb-summary.json; uploading config.yaml
wandb: 
wandb: Run history:
wandb:          epoch ▁▁▂▂▂▃▃▄▄▄▅▅▅▆▆▇▇▇██
wandb: train_accuracy ▁███████████████████
wandb:   val_accuracy ▁▁▁▁▁▁▁▁▁▁▁▁▁▁▁▁▁▁▁▁
wandb:             +2 ...
wandb: 
wandb: Run summary:
wandb:           best_epoch 1
wandb:    best_val_accuracy 50
wandb: checkpoint_best_path artifacts/probes/int...
wandb: checkpoint_last_path artifacts/probes/int...
wandb:      checkpoint_path artifacts/probes/int...
wandb:              dataset intphys2
wandb:      elapsed_seconds 1228.72007
wandb:                epoch 20
wandb:    feature_signature 5c7753635ab2bb76
wandb:         feature_view tokens
wandb:                  +19 ...
wandb: 
wandb: 🚀 View run intphys2_temporal_attn_jepa_v2_1_vitG_384_layer_12/trial_0001 at: https://wandb.ai/caselli-niccolo-developer-university-of-amsterdam/probe4physics/runs/qbm4tj71
wandb: ⭐️ View project at: https://wandb.ai/caselli-niccolo-developer-university-of-amsterdam/probe4physics
wandb: Synced 5 W&B file(s), 0 media file(s), 0 artifact file(s) and 0 other file(s)
wandb: Find logs at: ./wandb/run-20260505_014516-qbm4tj71/logs
[I 2026-05-05 02:05:52,517] Trial 1 finished with value: 0.0 and parameters: {'lr': 0.008123245085588688, 'weight_decay': 0.0009877700294007926, 'batch_size': 1, 'num_heads': 4, 'num_self_attn_blocks': 2, 'mlp_ratio': 4.0, 'dropout': 0.04184815819561255}. Best is trial 0 with value: 11.76470588235294.
wandb: setting up run vivr2sjt
wandb: Tracking run with wandb version 0.26.1
wandb: Run data is saved locally in /gpfs/home3/scur0511/Probe4Physics/wandb/run-20260505_020614-vivr2sjt
wandb: Run `wandb offline` to turn off syncing.
wandb: Syncing run intphys2_temporal_attn_jepa_v2_1_vitG_384_layer_12/trial_0002
wandb: ⭐️ View project at https://wandb.ai/caselli-niccolo-developer-university-of-amsterdam/probe4physics
wandb: 🚀 View run at https://wandb.ai/caselli-niccolo-developer-university-of-amsterdam/probe4physics/runs/vivr2sjt
[eval.intphys2] Starting eval | split_name=val split_dir=data/splits/intphys2 predictor_mode=from_file metadata_file=data/annotations/intphys2_metadata.csv
[eval.intphys2] Loaded split assignments | split_scenes=51 split_samples=204
[eval.intphys2] Generated predictions | n_predictions=204
[eval.intphys2] Scoring complete | accuracy=50.9804 voe_accuracy=13.7255 n_scenes=51 n_samples=204
[eval.intphys2] Artifacts written | output_dir=artifacts/probes/intphys2/intphys2_probe_temporal_attn_jepa_v2_1_vitG_384_20260504T231417Z/layer_12/train/trial_0002/val_eval
wandb: updating run metadata
wandb: uploading output.log; uploading wandb-summary.json; uploading config.yaml
wandb: uploading history steps 19-19, summary, console lines 0-4
wandb: 
wandb: Run history:
wandb:          epoch ▁▁▂▂▂▃▃▄▄▄▅▅▅▆▆▇▇▇██
wandb: train_accuracy █▅█▅▂▂▅▄▆▄▅▁▇▆▄▄▂▄▇▂
wandb:     train_loss █▄▇▂▂▁▁▁▁▁▁▁▁▂▁▁▂▁▂▁
wandb:   val_accuracy ▅▅▅▅▅▄▅▅▇▅▇▇▁▅█▅▅▅▅█
wandb:       val_loss █▆▄▃▁▁▁▁▁▁▁▁▁▂▁▁▁▂▁▁
wandb: 
wandb: Run summary:
wandb:           best_epoch 20
wandb:    best_val_accuracy 50.98039
wandb:        best_val_loss 0.69314
wandb: checkpoint_best_path artifacts/probes/int...
wandb: checkpoint_last_path artifacts/probes/int...
wandb:      checkpoint_path artifacts/probes/int...
wandb:              dataset intphys2
wandb:      elapsed_seconds 1016.71146
wandb:                epoch 20
wandb:    feature_signature 5c7753635ab2bb76
wandb:                  +22 ...
wandb: 
wandb: 🚀 View run intphys2_temporal_attn_jepa_v2_1_vitG_384_layer_12/trial_0002 at: https://wandb.ai/caselli-niccolo-developer-university-of-amsterdam/probe4physics/runs/vivr2sjt
wandb: ⭐️ View project at: https://wandb.ai/caselli-niccolo-developer-university-of-amsterdam/probe4physics
wandb: Synced 5 W&B file(s), 0 media file(s), 0 artifact file(s) and 0 other file(s)
wandb: Find logs at: ./wandb/run-20260505_020614-vivr2sjt/logs
[I 2026-05-05 02:23:16,702] Trial 2 finished with value: 13.725490196078432 and parameters: {'lr': 7.52374288453485e-05, 'weight_decay': 1.5782327810795563e-06, 'batch_size': 1, 'num_heads': 8, 'num_self_attn_blocks': 2, 'mlp_ratio': 2.0, 'dropout': 0.019515477895583853}. Best is trial 2 with value: 13.725490196078432.
wandb: setting up run hm9lnxnq
wandb: Tracking run with wandb version 0.26.1
wandb: Run data is saved locally in /gpfs/home3/scur0511/Probe4Physics/wandb/run-20260505_022339-hm9lnxnq
wandb: Run `wandb offline` to turn off syncing.
wandb: Syncing run intphys2_temporal_attn_jepa_v2_1_vitG_384_layer_12/trial_0003
wandb: ⭐️ View project at https://wandb.ai/caselli-niccolo-developer-university-of-amsterdam/probe4physics
wandb: 🚀 View run at https://wandb.ai/caselli-niccolo-developer-university-of-amsterdam/probe4physics/runs/hm9lnxnq
wandb: updating run metadata
wandb: uploading history steps 7-8, summary
wandb: 
wandb: Run history:
wandb:          epoch ▁▂▃▄▅▅▆▇█
wandb: train_accuracy ▁████████
wandb:   val_accuracy ▁▁▁▁▁▁▁▁▁
wandb:             +2 ...
wandb: 
wandb: Run summary:
wandb:          epoch 9
wandb: train_accuracy 50
wandb:     train_loss nan
wandb:   val_accuracy 50
wandb:       val_loss nan
wandb: 
wandb: 🚀 View run intphys2_temporal_attn_jepa_v2_1_vitG_384_layer_12/trial_0003 at: https://wandb.ai/caselli-niccolo-developer-university-of-amsterdam/probe4physics/runs/hm9lnxnq
wandb: ⭐️ View project at: https://wandb.ai/caselli-niccolo-developer-university-of-amsterdam/probe4physics
wandb: Synced 4 W&B file(s), 0 media file(s), 0 artifact file(s) and 0 other file(s)
wandb: Find logs at: ./wandb/run-20260505_022339-hm9lnxnq/logs
[I 2026-05-05 02:28:00,147] Trial 3 pruned. Pruned at epoch 9 with val_accuracy=50.0000
wandb: setting up run zxjfld57
wandb: Tracking run with wandb version 0.26.1
wandb: Run data is saved locally in /gpfs/home3/scur0511/Probe4Physics/wandb/run-20260505_022824-zxjfld57
wandb: Run `wandb offline` to turn off syncing.
wandb: Syncing run intphys2_temporal_attn_jepa_v2_1_vitG_384_layer_12/trial_0004
wandb: ⭐️ View project at https://wandb.ai/caselli-niccolo-developer-university-of-amsterdam/probe4physics
wandb: 🚀 View run at https://wandb.ai/caselli-niccolo-developer-university-of-amsterdam/probe4physics/runs/zxjfld57
[eval.intphys2] Starting eval | split_name=val split_dir=data/splits/intphys2 predictor_mode=from_file metadata_file=data/annotations/intphys2_metadata.csv
[eval.intphys2] Loaded split assignments | split_scenes=51 split_samples=204
[eval.intphys2] Generated predictions | n_predictions=204
[eval.intphys2] Scoring complete | accuracy=51.4706 voe_accuracy=17.6471 n_scenes=51 n_samples=204
[eval.intphys2] Artifacts written | output_dir=artifacts/probes/intphys2/intphys2_probe_temporal_attn_jepa_v2_1_vitG_384_20260504T231417Z/layer_12/train/trial_0004/val_eval
wandb: updating run metadata
wandb: uploading output.log; uploading wandb-summary.json
wandb: uploading history steps 19-19, summary, console lines 0-4
wandb: 
wandb: Run history:
wandb:          epoch ▁▁▂▂▂▃▃▄▄▄▅▅▅▆▆▇▇▇██
wandb: train_accuracy ▇█▆▅▅▁█▃▅▁▂▂▅▅▆▅▂▃▆▅
wandb:     train_loss █▄▃▂▂▃▄▁▁▁▁▁▁▁▁▂▁▁▁▁
wandb:   val_accuracy ▂▄▄▄▄▂▄▄▅▅▄█▄▅▄▄▄▄▄▁
wandb:       val_loss █▅▂▃▁▁▂▁▁▁▁▁▁▁▁▁▁▂▁▁
wandb: 
wandb: Run summary:
wandb:           best_epoch 12
wandb:    best_val_accuracy 51.47059
wandb:        best_val_loss 0.69546
wandb: checkpoint_best_path artifacts/probes/int...
wandb: checkpoint_last_path artifacts/probes/int...
wandb:      checkpoint_path artifacts/probes/int...
wandb:              dataset intphys2
wandb:      elapsed_seconds 1016.86806
wandb:                epoch 20
wandb:    feature_signature 5c7753635ab2bb76
wandb:                  +22 ...
wandb: 
wandb: 🚀 View run intphys2_temporal_attn_jepa_v2_1_vitG_384_layer_12/trial_0004 at: https://wandb.ai/caselli-niccolo-developer-university-of-amsterdam/probe4physics/runs/zxjfld57
wandb: ⭐️ View project at: https://wandb.ai/caselli-niccolo-developer-university-of-amsterdam/probe4physics
wandb: Synced 5 W&B file(s), 0 media file(s), 0 artifact file(s) and 0 other file(s)
wandb: Find logs at: ./wandb/run-20260505_022824-zxjfld57/logs
[I 2026-05-05 02:45:25,632] Trial 4 finished with value: 17.647058823529413 and parameters: {'lr': 5.9750279999602906e-05, 'weight_decay': 9.44351568796269e-05, 'batch_size': 1, 'num_heads': 16, 'num_self_attn_blocks': 2, 'mlp_ratio': 2.0, 'dropout': 0.17936999364332554}. Best is trial 4 with value: 17.647058823529413.
[eval.intphys2] Starting eval | split_name=train split_dir=data/splits/intphys2 predictor_mode=from_file metadata_file=data/annotations/intphys2_metadata.csv
[eval.intphys2] Loaded split assignments | split_scenes=151 split_samples=604
[eval.intphys2] Generated predictions | n_predictions=604
[eval.intphys2] Scoring complete | accuracy=49.6689 voe_accuracy=7.2848 n_scenes=151 n_samples=604
[eval.intphys2] Artifacts written | output_dir=artifacts/probes/intphys2/intphys2_probe_temporal_attn_jepa_v2_1_vitG_384_20260504T231417Z/layer_12/eval/train
[eval.intphys2] Starting eval | split_name=val split_dir=data/splits/intphys2 predictor_mode=from_file metadata_file=data/annotations/intphys2_metadata.csv
[eval.intphys2] Loaded split assignments | split_scenes=51 split_samples=204
[eval.intphys2] Generated predictions | n_predictions=204
[eval.intphys2] Scoring complete | accuracy=51.4706 voe_accuracy=17.6471 n_scenes=51 n_samples=204
[eval.intphys2] Artifacts written | output_dir=artifacts/probes/intphys2/intphys2_probe_temporal_attn_jepa_v2_1_vitG_384_20260504T231417Z/layer_12/eval/val
[eval.intphys2] Starting eval | split_name=test split_dir=data/splits/intphys2 predictor_mode=from_file metadata_file=data/annotations/intphys2_metadata.csv
[eval.intphys2] Loaded split assignments | split_scenes=51 split_samples=204
[eval.intphys2] Generated predictions | n_predictions=204
[eval.intphys2] Scoring complete | accuracy=50.0000 voe_accuracy=9.8039 n_scenes=51 n_samples=204
[eval.intphys2] Artifacts written | output_dir=artifacts/probes/intphys2/intphys2_probe_temporal_attn_jepa_v2_1_vitG_384_20260504T231417Z/layer_12/eval/test
[I 2026-05-05 02:46:10,852] A new study created in RDB with name: intphys2_temporal_attn_jepa_v2_1_vitG_384_layer_24
wandb: setting up run v0e84h2m
wandb: Tracking run with wandb version 0.26.1
wandb: Run data is saved locally in /gpfs/home3/scur0511/Probe4Physics/wandb/run-20260505_024634-v0e84h2m
wandb: Run `wandb offline` to turn off syncing.
wandb: Syncing run intphys2_temporal_attn_jepa_v2_1_vitG_384_layer_24/trial_0000
wandb: ⭐️ View project at https://wandb.ai/caselli-niccolo-developer-university-of-amsterdam/probe4physics
wandb: 🚀 View run at https://wandb.ai/caselli-niccolo-developer-university-of-amsterdam/probe4physics/runs/v0e84h2m
[eval.intphys2] Starting eval | split_name=val split_dir=data/splits/intphys2 predictor_mode=from_file metadata_file=data/annotations/intphys2_metadata.csv
[eval.intphys2] Loaded split assignments | split_scenes=51 split_samples=204
[eval.intphys2] Generated predictions | n_predictions=204
[eval.intphys2] Scoring complete | accuracy=52.9412 voe_accuracy=21.5686 n_scenes=51 n_samples=204
[eval.intphys2] Artifacts written | output_dir=artifacts/probes/intphys2/intphys2_probe_temporal_attn_jepa_v2_1_vitG_384_20260504T231417Z/layer_24/train/trial_0000/val_eval
wandb: updating run metadata
wandb: uploading output.log; uploading wandb-summary.json; uploading config.yaml
wandb: uploading history steps 19-19, summary, console lines 0-4
wandb: 
wandb: Run history:
wandb:          epoch ▁▁▂▂▂▃▃▄▄▄▅▅▅▆▆▇▇▇██
wandb: train_accuracy ▅▃█▅▆▃▆▆▅▆▄▁▆█▆▃▁▅▄▇
wandb:     train_loss ▁▁▁▁▁▁▁▁▁▁▁▁▁▁█▁▁▁▂▁
wandb:   val_accuracy ▆▅▅▅▅▅▇▅▅▄▅▇▅▁▃▃█▂▃▇
wandb:       val_loss ▂▁▁▁▁▁▁▁▃▁▁▁▁▁▂▄█▄▁▁
wandb: 
wandb: Run summary:
wandb:           best_epoch 17
wandb:    best_val_accuracy 52.94118
wandb:        best_val_loss 6.93427
wandb: checkpoint_best_path artifacts/probes/int...
wandb: checkpoint_last_path artifacts/probes/int...
wandb:      checkpoint_path artifacts/probes/int...
wandb:              dataset intphys2
wandb:      elapsed_seconds 1776.93439
wandb:                epoch 20
wandb:    feature_signature 5c7753635ab2bb76
wandb:                  +22 ...
wandb: 
wandb: 🚀 View run intphys2_temporal_attn_jepa_v2_1_vitG_384_layer_24/trial_0000 at: https://wandb.ai/caselli-niccolo-developer-university-of-amsterdam/probe4physics/runs/v0e84h2m
wandb: ⭐️ View project at: https://wandb.ai/caselli-niccolo-developer-university-of-amsterdam/probe4physics
wandb: Synced 5 W&B file(s), 0 media file(s), 0 artifact file(s) and 0 other file(s)
wandb: Find logs at: ./wandb/run-20260505_024634-v0e84h2m/logs
[I 2026-05-05 03:16:19,435] Trial 0 finished with value: 21.568627450980394 and parameters: {'lr': 0.0001329291894316216, 'weight_decay': 0.005061576888752304, 'batch_size': 1, 'num_heads': 4, 'num_self_attn_blocks': 3, 'mlp_ratio': 4.0, 'dropout': 0.006175348288740734}. Best is trial 0 with value: 21.568627450980394.
wandb: setting up run gqwmzi9o
wandb: Tracking run with wandb version 0.26.1
wandb: Run data is saved locally in /gpfs/home3/scur0511/Probe4Physics/wandb/run-20260505_031642-gqwmzi9o
wandb: Run `wandb offline` to turn off syncing.
wandb: Syncing run intphys2_temporal_attn_jepa_v2_1_vitG_384_layer_24/trial_0001
wandb: ⭐️ View project at https://wandb.ai/caselli-niccolo-developer-university-of-amsterdam/probe4physics
wandb: 🚀 View run at https://wandb.ai/caselli-niccolo-developer-university-of-amsterdam/probe4physics/runs/gqwmzi9o
[eval.intphys2] Starting eval | split_name=val split_dir=data/splits/intphys2 predictor_mode=from_file metadata_file=data/annotations/intphys2_metadata.csv
[eval.intphys2] Loaded split assignments | split_scenes=51 split_samples=204
[eval.intphys2] Generated predictions | n_predictions=204
[eval.intphys2] Scoring complete | accuracy=50.0000 voe_accuracy=0.0000 n_scenes=51 n_samples=204
[eval.intphys2] Artifacts written | output_dir=artifacts/probes/intphys2/intphys2_probe_temporal_attn_jepa_v2_1_vitG_384_20260504T231417Z/layer_24/train/trial_0001/val_eval
wandb: updating run metadata
wandb: uploading output.log; uploading wandb-summary.json; uploading config.yaml
wandb: 
wandb: Run history:
wandb:          epoch ▁▁▂▂▂▃▃▄▄▄▅▅▅▆▆▇▇▇██
wandb: train_accuracy ▁███████████████████
wandb:   val_accuracy ▁▁▁▁▁▁▁▁▁▁▁▁▁▁▁▁▁▁▁▁
wandb:             +2 ...
wandb: 
wandb: Run summary:
wandb:           best_epoch 1
wandb:    best_val_accuracy 50
wandb: checkpoint_best_path artifacts/probes/int...
wandb: checkpoint_last_path artifacts/probes/int...
wandb:      checkpoint_path artifacts/probes/int...
wandb:              dataset intphys2
wandb:      elapsed_seconds 1229.19772
wandb:                epoch 20
wandb:    feature_signature 5c7753635ab2bb76
wandb:         feature_view tokens
wandb:                  +19 ...
wandb: 
wandb: 🚀 View run intphys2_temporal_attn_jepa_v2_1_vitG_384_layer_24/trial_0001 at: https://wandb.ai/caselli-niccolo-developer-university-of-amsterdam/probe4physics/runs/gqwmzi9o
wandb: ⭐️ View project at: https://wandb.ai/caselli-niccolo-developer-university-of-amsterdam/probe4physics
wandb: Synced 5 W&B file(s), 0 media file(s), 0 artifact file(s) and 0 other file(s)
wandb: Find logs at: ./wandb/run-20260505_031642-gqwmzi9o/logs
[I 2026-05-05 03:37:17,373] Trial 1 finished with value: 0.0 and parameters: {'lr': 0.008123245085588688, 'weight_decay': 0.0009877700294007926, 'batch_size': 1, 'num_heads': 4, 'num_self_attn_blocks': 2, 'mlp_ratio': 4.0, 'dropout': 0.04184815819561255}. Best is trial 0 with value: 21.568627450980394.
wandb: setting up run z5owdjey
wandb: Tracking run with wandb version 0.26.1
wandb: Run data is saved locally in /gpfs/home3/scur0511/Probe4Physics/wandb/run-20260505_033739-z5owdjey
wandb: Run `wandb offline` to turn off syncing.
wandb: Syncing run intphys2_temporal_attn_jepa_v2_1_vitG_384_layer_24/trial_0002
wandb: ⭐️ View project at https://wandb.ai/caselli-niccolo-developer-university-of-amsterdam/probe4physics
wandb: 🚀 View run at https://wandb.ai/caselli-niccolo-developer-university-of-amsterdam/probe4physics/runs/z5owdjey
[eval.intphys2] Starting eval | split_name=val split_dir=data/splits/intphys2 predictor_mode=from_file metadata_file=data/annotations/intphys2_metadata.csv
[eval.intphys2] Loaded split assignments | split_scenes=51 split_samples=204
[eval.intphys2] Generated predictions | n_predictions=204
[eval.intphys2] Scoring complete | accuracy=50.4902 voe_accuracy=7.8431 n_scenes=51 n_samples=204
[eval.intphys2] Artifacts written | output_dir=artifacts/probes/intphys2/intphys2_probe_temporal_attn_jepa_v2_1_vitG_384_20260504T231417Z/layer_24/train/trial_0002/val_eval
wandb: updating run metadata
wandb: uploading wandb-summary.json; uploading config.yaml; uploading output.log
wandb: uploading history steps 19-19, summary, console lines 0-4
wandb: 
wandb: Run history:
wandb:          epoch ▁▁▂▂▂▃▃▄▄▄▅▅▅▆▆▇▇▇██
wandb: train_accuracy ▆▆▇▆▆▅▆▅▆▅▇▁█▇█▆▅▇▇▆
wandb:     train_loss █▄▃▂▅▁▁▁▁▁▁▁▄▁▁▁▁▄▁▂
wandb:   val_accuracy ▆▆▆▆▆█▆▆▁▆▆█▆▃▆█▁▆██
wandb:       val_loss █▄▂▂▁▁▂▁▁▁▁▁▃▁▁▁▁▂▁▁
wandb: 
wandb: Run summary:
wandb:           best_epoch 6
wandb:    best_val_accuracy 50.4902
wandb:        best_val_loss 0.69327
wandb: checkpoint_best_path artifacts/probes/int...
wandb: checkpoint_last_path artifacts/probes/int...
wandb:      checkpoint_path artifacts/probes/int...
wandb:              dataset intphys2
wandb:      elapsed_seconds 1015.83494
wandb:                epoch 20
wandb:    feature_signature 5c7753635ab2bb76
wandb:                  +22 ...
wandb: 
wandb: 🚀 View run intphys2_temporal_attn_jepa_v2_1_vitG_384_layer_24/trial_0002 at: https://wandb.ai/caselli-niccolo-developer-university-of-amsterdam/probe4physics/runs/z5owdjey
wandb: ⭐️ View project at: https://wandb.ai/caselli-niccolo-developer-university-of-amsterdam/probe4physics
wandb: Synced 5 W&B file(s), 0 media file(s), 0 artifact file(s) and 0 other file(s)
wandb: Find logs at: ./wandb/run-20260505_033739-z5owdjey/logs
[I 2026-05-05 03:54:40,930] Trial 2 finished with value: 7.8431372549019605 and parameters: {'lr': 7.52374288453485e-05, 'weight_decay': 1.5782327810795563e-06, 'batch_size': 1, 'num_heads': 8, 'num_self_attn_blocks': 2, 'mlp_ratio': 2.0, 'dropout': 0.019515477895583853}. Best is trial 0 with value: 21.568627450980394.
wandb: setting up run m50uzkao
wandb: Tracking run with wandb version 0.26.1
wandb: Run data is saved locally in /gpfs/home3/scur0511/Probe4Physics/wandb/run-20260505_035502-m50uzkao
wandb: Run `wandb offline` to turn off syncing.
wandb: Syncing run intphys2_temporal_attn_jepa_v2_1_vitG_384_layer_24/trial_0003
wandb: ⭐️ View project at https://wandb.ai/caselli-niccolo-developer-university-of-amsterdam/probe4physics
wandb: 🚀 View run at https://wandb.ai/caselli-niccolo-developer-university-of-amsterdam/probe4physics/runs/m50uzkao
wandb: updating run metadata
wandb: uploading wandb-summary.json; uploading config.yaml
wandb: uploading wandb-summary.json
wandb: 
wandb: Run history:
wandb:          epoch ▁▂▂▃▄▄▅▅▆▇▇█
wandb: train_accuracy ▁███████████
wandb:   val_accuracy ▁▁▁▁▁▁▁▁▁▁▁▁
wandb:             +2 ...
wandb: 
wandb: Run summary:
wandb:          epoch 12
wandb: train_accuracy 50
wandb:     train_loss nan
wandb:   val_accuracy 50
wandb:       val_loss nan
wandb: 
wandb: 🚀 View run intphys2_temporal_attn_jepa_v2_1_vitG_384_layer_24/trial_0003 at: https://wandb.ai/caselli-niccolo-developer-university-of-amsterdam/probe4physics/runs/m50uzkao
wandb: ⭐️ View project at: https://wandb.ai/caselli-niccolo-developer-university-of-amsterdam/probe4physics
wandb: Synced 4 W&B file(s), 0 media file(s), 0 artifact file(s) and 0 other file(s)
wandb: Find logs at: ./wandb/run-20260505_035502-m50uzkao/logs
[I 2026-05-05 04:00:49,146] Trial 3 pruned. Pruned at epoch 12 with val_accuracy=50.0000
wandb: setting up run 68krwsy6
wandb: Tracking run with wandb version 0.26.1
wandb: Run data is saved locally in /gpfs/home3/scur0511/Probe4Physics/wandb/run-20260505_040111-68krwsy6
wandb: Run `wandb offline` to turn off syncing.
wandb: Syncing run intphys2_temporal_attn_jepa_v2_1_vitG_384_layer_24/trial_0004
wandb: ⭐️ View project at https://wandb.ai/caselli-niccolo-developer-university-of-amsterdam/probe4physics
wandb: 🚀 View run at https://wandb.ai/caselli-niccolo-developer-university-of-amsterdam/probe4physics/runs/68krwsy6
wandb: updating run metadata
wandb: uploading wandb-summary.json; uploading config.yaml
wandb: 
wandb: Run history:
wandb:          epoch ▁▂▂▃▄▄▅▅▆▇▇█
wandb: train_accuracy ▇▅▇▆▅▁█▆▆▅▅▁
wandb:     train_loss █▄▄▂▂▂▂▃▁▁▁▁
wandb:   val_accuracy ▅███▁▅███▅██
wandb:       val_loss █▅▂▄▁▁▂▁▁▁▁▁
wandb: 
wandb: Run summary:
wandb:          epoch 12
wandb: train_accuracy 44.53642
wandb:     train_loss 0.69795
wandb:   val_accuracy 50
wandb:       val_loss 0.69402
wandb: 
wandb: 🚀 View run intphys2_temporal_attn_jepa_v2_1_vitG_384_layer_24/trial_0004 at: https://wandb.ai/caselli-niccolo-developer-university-of-amsterdam/probe4physics/runs/68krwsy6
wandb: ⭐️ View project at: https://wandb.ai/caselli-niccolo-developer-university-of-amsterdam/probe4physics
wandb: Synced 4 W&B file(s), 0 media file(s), 0 artifact file(s) and 0 other file(s)
wandb: Find logs at: ./wandb/run-20260505_040111-68krwsy6/logs
[I 2026-05-05 04:11:08,432] Trial 4 pruned. Pruned at epoch 12 with val_accuracy=50.0000
[eval.intphys2] Starting eval | split_name=train split_dir=data/splits/intphys2 predictor_mode=from_file metadata_file=data/annotations/intphys2_metadata.csv
[eval.intphys2] Loaded split assignments | split_scenes=151 split_samples=604
[eval.intphys2] Generated predictions | n_predictions=604
[eval.intphys2] Scoring complete | accuracy=48.8411 voe_accuracy=7.2848 n_scenes=151 n_samples=604
[eval.intphys2] Artifacts written | output_dir=artifacts/probes/intphys2/intphys2_probe_temporal_attn_jepa_v2_1_vitG_384_20260504T231417Z/layer_24/eval/train
[eval.intphys2] Starting eval | split_name=val split_dir=data/splits/intphys2 predictor_mode=from_file metadata_file=data/annotations/intphys2_metadata.csv
[eval.intphys2] Loaded split assignments | split_scenes=51 split_samples=204
[eval.intphys2] Generated predictions | n_predictions=204
[eval.intphys2] Scoring complete | accuracy=52.9412 voe_accuracy=21.5686 n_scenes=51 n_samples=204
[eval.intphys2] Artifacts written | output_dir=artifacts/probes/intphys2/intphys2_probe_temporal_attn_jepa_v2_1_vitG_384_20260504T231417Z/layer_24/eval/val
[eval.intphys2] Starting eval | split_name=test split_dir=data/splits/intphys2 predictor_mode=from_file metadata_file=data/annotations/intphys2_metadata.csv
[eval.intphys2] Loaded split assignments | split_scenes=51 split_samples=204
[eval.intphys2] Generated predictions | n_predictions=204
[eval.intphys2] Scoring complete | accuracy=49.5098 voe_accuracy=11.7647 n_scenes=51 n_samples=204
[eval.intphys2] Artifacts written | output_dir=artifacts/probes/intphys2/intphys2_probe_temporal_attn_jepa_v2_1_vitG_384_20260504T231417Z/layer_24/eval/test
[I 2026-05-05 04:12:08,511] A new study created in RDB with name: intphys2_temporal_attn_jepa_v2_1_vitG_384_layer_38
wandb: setting up run qk9xkhmp
wandb: Tracking run with wandb version 0.26.1
wandb: Run data is saved locally in /gpfs/home3/scur0511/Probe4Physics/wandb/run-20260505_041237-qk9xkhmp
wandb: Run `wandb offline` to turn off syncing.
wandb: Syncing run intphys2_temporal_attn_jepa_v2_1_vitG_384_layer_38/trial_0000
wandb: ⭐️ View project at https://wandb.ai/caselli-niccolo-developer-university-of-amsterdam/probe4physics
wandb: 🚀 View run at https://wandb.ai/caselli-niccolo-developer-university-of-amsterdam/probe4physics/runs/qk9xkhmp
[eval.intphys2] Starting eval | split_name=val split_dir=data/splits/intphys2 predictor_mode=from_file metadata_file=data/annotations/intphys2_metadata.csv
[eval.intphys2] Loaded split assignments | split_scenes=51 split_samples=204
[eval.intphys2] Generated predictions | n_predictions=204
[eval.intphys2] Scoring complete | accuracy=51.9608 voe_accuracy=13.7255 n_scenes=51 n_samples=204
[eval.intphys2] Artifacts written | output_dir=artifacts/probes/intphys2/intphys2_probe_temporal_attn_jepa_v2_1_vitG_384_20260504T231417Z/layer_38/train/trial_0000/val_eval
wandb: updating run metadata
wandb: uploading output.log; uploading wandb-summary.json; uploading config.yaml
wandb: 
wandb: Run history:
wandb:          epoch ▁▁▂▂▂▃▃▄▄▄▅▅▅▆▆▇▇▇██
wandb: train_accuracy ▄▆▆▄▃▇▄▆▂▁▄▄█▆▄▂█▅▄▄
wandb:     train_loss ▂▁▁▁▁▂▁▁▁▁▅▂▂▁▁▂█▂▁▁
wandb:   val_accuracy ▅▅▅▅▅▇▅▅▅▅▄▅▅▁▆▅█▅▅▅
wandb:       val_loss ▁█▁▁▁▁▁▁▁▁▁▄▁▁▁▂▅▁▁▃
wandb: 
wandb: Run summary:
wandb:           best_epoch 17
wandb:    best_val_accuracy 51.96078
wandb:        best_val_loss 3.39099
wandb: checkpoint_best_path artifacts/probes/int...
wandb: checkpoint_last_path artifacts/probes/int...
wandb:      checkpoint_path artifacts/probes/int...
wandb:              dataset intphys2
wandb:      elapsed_seconds 1781.60976
wandb:                epoch 20
wandb:    feature_signature 5c7753635ab2bb76
wandb:                  +22 ...
wandb: 
wandb: 🚀 View run intphys2_temporal_attn_jepa_v2_1_vitG_384_layer_38/trial_0000 at: https://wandb.ai/caselli-niccolo-developer-university-of-amsterdam/probe4physics/runs/qk9xkhmp
wandb: ⭐️ View project at: https://wandb.ai/caselli-niccolo-developer-university-of-amsterdam/probe4physics
wandb: Synced 5 W&B file(s), 0 media file(s), 0 artifact file(s) and 0 other file(s)
wandb: Find logs at: ./wandb/run-20260505_041237-qk9xkhmp/logs
[I 2026-05-05 04:42:21,221] Trial 0 finished with value: 13.725490196078432 and parameters: {'lr': 0.0001329291894316216, 'weight_decay': 0.005061576888752304, 'batch_size': 1, 'num_heads': 4, 'num_self_attn_blocks': 3, 'mlp_ratio': 4.0, 'dropout': 0.006175348288740734}. Best is trial 0 with value: 13.725490196078432.
wandb: setting up run cp7or1ru
wandb: Tracking run with wandb version 0.26.1
wandb: Run data is saved locally in /gpfs/home3/scur0511/Probe4Physics/wandb/run-20260505_044243-cp7or1ru
wandb: Run `wandb offline` to turn off syncing.
wandb: Syncing run intphys2_temporal_attn_jepa_v2_1_vitG_384_layer_38/trial_0001
wandb: ⭐️ View project at https://wandb.ai/caselli-niccolo-developer-university-of-amsterdam/probe4physics
wandb: 🚀 View run at https://wandb.ai/caselli-niccolo-developer-university-of-amsterdam/probe4physics/runs/cp7or1ru
[eval.intphys2] Starting eval | split_name=val split_dir=data/splits/intphys2 predictor_mode=from_file metadata_file=data/annotations/intphys2_metadata.csv
[eval.intphys2] Loaded split assignments | split_scenes=51 split_samples=204
[eval.intphys2] Generated predictions | n_predictions=204
[eval.intphys2] Scoring complete | accuracy=50.0000 voe_accuracy=0.0000 n_scenes=51 n_samples=204
[eval.intphys2] Artifacts written | output_dir=artifacts/probes/intphys2/intphys2_probe_temporal_attn_jepa_v2_1_vitG_384_20260504T231417Z/layer_38/train/trial_0001/val_eval
wandb: updating run metadata
wandb: uploading output.log; uploading wandb-summary.json; uploading config.yaml
wandb: uploading history steps 19-19, summary, console lines 0-4
wandb: 
wandb: Run history:
wandb:          epoch ▁▁▂▂▂▃▃▄▄▄▅▅▅▆▆▇▇▇██
wandb: train_accuracy ▁███████████████████
wandb:   val_accuracy ▁▁▁▁▁▁▁▁▁▁▁▁▁▁▁▁▁▁▁▁
wandb:             +2 ...
wandb: 
wandb: Run summary:
wandb:           best_epoch 1
wandb:    best_val_accuracy 50
wandb: checkpoint_best_path artifacts/probes/int...
wandb: checkpoint_last_path artifacts/probes/int...
wandb:      checkpoint_path artifacts/probes/int...
wandb:              dataset intphys2
wandb:      elapsed_seconds 1227.92027
wandb:                epoch 20
wandb:    feature_signature 5c7753635ab2bb76
wandb:         feature_view tokens
wandb:                  +19 ...
wandb: 
wandb: 🚀 View run intphys2_temporal_attn_jepa_v2_1_vitG_384_layer_38/trial_0001 at: https://wandb.ai/caselli-niccolo-developer-university-of-amsterdam/probe4physics/runs/cp7or1ru
wandb: ⭐️ View project at: https://wandb.ai/caselli-niccolo-developer-university-of-amsterdam/probe4physics
wandb: Synced 5 W&B file(s), 0 media file(s), 0 artifact file(s) and 0 other file(s)
wandb: Find logs at: ./wandb/run-20260505_044243-cp7or1ru/logs
[I 2026-05-05 05:03:18,299] Trial 1 finished with value: 0.0 and parameters: {'lr': 0.008123245085588688, 'weight_decay': 0.0009877700294007926, 'batch_size': 1, 'num_heads': 4, 'num_self_attn_blocks': 2, 'mlp_ratio': 4.0, 'dropout': 0.04184815819561255}. Best is trial 0 with value: 13.725490196078432.
wandb: setting up run c2labh7h
wandb: Tracking run with wandb version 0.26.1
wandb: Run data is saved locally in /gpfs/home3/scur0511/Probe4Physics/wandb/run-20260505_050340-c2labh7h
wandb: Run `wandb offline` to turn off syncing.
wandb: Syncing run intphys2_temporal_attn_jepa_v2_1_vitG_384_layer_38/trial_0002
wandb: ⭐️ View project at https://wandb.ai/caselli-niccolo-developer-university-of-amsterdam/probe4physics
wandb: 🚀 View run at https://wandb.ai/caselli-niccolo-developer-university-of-amsterdam/probe4physics/runs/c2labh7h
[eval.intphys2] Starting eval | split_name=val split_dir=data/splits/intphys2 predictor_mode=from_file metadata_file=data/annotations/intphys2_metadata.csv
[eval.intphys2] Loaded split assignments | split_scenes=51 split_samples=204
[eval.intphys2] Generated predictions | n_predictions=204
[eval.intphys2] Scoring complete | accuracy=50.0000 voe_accuracy=21.5686 n_scenes=51 n_samples=204
[eval.intphys2] Artifacts written | output_dir=artifacts/probes/intphys2/intphys2_probe_temporal_attn_jepa_v2_1_vitG_384_20260504T231417Z/layer_38/train/trial_0002/val_eval
wandb: updating run metadata
wandb: uploading output.log; uploading wandb-summary.json; uploading config.yaml
wandb: 
wandb: Run history:
wandb:          epoch ▁▁▂▂▂▃▃▄▄▄▅▅▅▆▆▇▇▇██
wandb: train_accuracy ▇▄█▆▆▁█▃▄▁█▃▇▅▅▇▅▄▇█
wandb:     train_loss █▃▄▂▄▂▁▁▁▁▁▁▂▁▁▂▃▁▁▁
wandb:   val_accuracy █████████▁█▁██▁█████
wandb:       val_loss ▆▆▄▂▁▁▂▁▁▁▁▁▁▁▁█▁▁▁▁
wandb: 
wandb: Run summary:
wandb:           best_epoch 9
wandb:    best_val_accuracy 50
wandb:        best_val_loss 0.69314
wandb: checkpoint_best_path artifacts/probes/int...
wandb: checkpoint_last_path artifacts/probes/int...
wandb:      checkpoint_path artifacts/probes/int...
wandb:              dataset intphys2
wandb:      elapsed_seconds 1015.57958
wandb:                epoch 20
wandb:    feature_signature 5c7753635ab2bb76
wandb:                  +22 ...
wandb: 
wandb: 🚀 View run intphys2_temporal_attn_jepa_v2_1_vitG_384_layer_38/trial_0002 at: https://wandb.ai/caselli-niccolo-developer-university-of-amsterdam/probe4physics/runs/c2labh7h
wandb: ⭐️ View project at: https://wandb.ai/caselli-niccolo-developer-university-of-amsterdam/probe4physics
wandb: Synced 5 W&B file(s), 0 media file(s), 0 artifact file(s) and 0 other file(s)
wandb: Find logs at: ./wandb/run-20260505_050340-c2labh7h/logs
[I 2026-05-05 05:20:42,300] Trial 2 finished with value: 21.568627450980394 and parameters: {'lr': 7.52374288453485e-05, 'weight_decay': 1.5782327810795563e-06, 'batch_size': 1, 'num_heads': 8, 'num_self_attn_blocks': 2, 'mlp_ratio': 2.0, 'dropout': 0.019515477895583853}. Best is trial 2 with value: 21.568627450980394.
wandb: setting up run 2d2ygxgo
wandb: Tracking run with wandb version 0.26.1
wandb: Run data is saved locally in /gpfs/home3/scur0511/Probe4Physics/wandb/run-20260505_052104-2d2ygxgo
wandb: Run `wandb offline` to turn off syncing.
wandb: Syncing run intphys2_temporal_attn_jepa_v2_1_vitG_384_layer_38/trial_0003
wandb: ⭐️ View project at https://wandb.ai/caselli-niccolo-developer-university-of-amsterdam/probe4physics
wandb: 🚀 View run at https://wandb.ai/caselli-niccolo-developer-university-of-amsterdam/probe4physics/runs/2d2ygxgo
[eval.intphys2] Starting eval | split_name=val split_dir=data/splits/intphys2 predictor_mode=from_file metadata_file=data/annotations/intphys2_metadata.csv
[eval.intphys2] Loaded split assignments | split_scenes=51 split_samples=204
[eval.intphys2] Generated predictions | n_predictions=204
[eval.intphys2] Scoring complete | accuracy=50.0000 voe_accuracy=0.0000 n_scenes=51 n_samples=204
[eval.intphys2] Artifacts written | output_dir=artifacts/probes/intphys2/intphys2_probe_temporal_attn_jepa_v2_1_vitG_384_20260504T231417Z/layer_38/train/trial_0003/val_eval
wandb: updating run metadata
wandb: uploading output.log; uploading wandb-summary.json; uploading config.yaml
wandb: uploading output.log; uploading wandb-summary.json
wandb: 
wandb: Run history:
wandb:          epoch ▁▁▂▂▂▃▃▄▄▄▅▅▅▆▆▇▇▇██
wandb: train_accuracy ▁███████████████████
wandb:   val_accuracy ▁▁▁▁▁▁▁▁▁▁▁▁▁▁▁▁▁▁▁▁
wandb:             +2 ...
wandb: 
wandb: Run summary:
wandb:           best_epoch 1
wandb:    best_val_accuracy 50
wandb: checkpoint_best_path artifacts/probes/int...
wandb: checkpoint_last_path artifacts/probes/int...
wandb:      checkpoint_path artifacts/probes/int...
wandb:              dataset intphys2
wandb:      elapsed_seconds 596.62972
wandb:                epoch 20
wandb:    feature_signature 5c7753635ab2bb76
wandb:         feature_view tokens
wandb:                  +19 ...
wandb: 
wandb: 🚀 View run intphys2_temporal_attn_jepa_v2_1_vitG_384_layer_38/trial_0003 at: https://wandb.ai/caselli-niccolo-developer-university-of-amsterdam/probe4physics/runs/2d2ygxgo
wandb: ⭐️ View project at: https://wandb.ai/caselli-niccolo-developer-university-of-amsterdam/probe4physics
wandb: Synced 5 W&B file(s), 0 media file(s), 0 artifact file(s) and 0 other file(s)
wandb: Find logs at: ./wandb/run-20260505_052104-2d2ygxgo/logs
[I 2026-05-05 05:31:04,819] Trial 3 finished with value: 0.0 and parameters: {'lr': 0.007025166339242158, 'weight_decay': 0.006220025976819169, 'batch_size': 1, 'num_heads': 4, 'num_self_attn_blocks': 1, 'mlp_ratio': 2.0, 'dropout': 0.2727961206236346}. Best is trial 2 with value: 21.568627450980394.
wandb: setting up run 88re27ss
wandb: Tracking run with wandb version 0.26.1
wandb: Run data is saved locally in /gpfs/home3/scur0511/Probe4Physics/wandb/run-20260505_053126-88re27ss
wandb: Run `wandb offline` to turn off syncing.
wandb: Syncing run intphys2_temporal_attn_jepa_v2_1_vitG_384_layer_38/trial_0004
wandb: ⭐️ View project at https://wandb.ai/caselli-niccolo-developer-university-of-amsterdam/probe4physics
wandb: 🚀 View run at https://wandb.ai/caselli-niccolo-developer-university-of-amsterdam/probe4physics/runs/88re27ss
[eval.intphys2] Starting eval | split_name=val split_dir=data/splits/intphys2 predictor_mode=from_file metadata_file=data/annotations/intphys2_metadata.csv
[eval.intphys2] Loaded split assignments | split_scenes=51 split_samples=204
[eval.intphys2] Generated predictions | n_predictions=204
[eval.intphys2] Scoring complete | accuracy=51.4706 voe_accuracy=17.6471 n_scenes=51 n_samples=204
[eval.intphys2] Artifacts written | output_dir=artifacts/probes/intphys2/intphys2_probe_temporal_attn_jepa_v2_1_vitG_384_20260504T231417Z/layer_38/train/trial_0004/val_eval
wandb: updating run metadata
wandb: uploading config.yaml; uploading output.log; uploading wandb-summary.json
wandb: uploading history steps 19-19, summary, console lines 0-4
wandb: 
wandb: Run history:
wandb:          epoch ▁▁▂▂▂▃▃▄▄▄▅▅▅▆▆▇▇▇██
wandb: train_accuracy █▄▇█▆▁▇▄▇▆▃▂▇▇▆▅▅▄▇▅
wandb:     train_loss █▄▄▂▃▃▂▁▁▂▁▁▁▂▁▁▁▂▁▁
wandb:   val_accuracy ▁▁▁▁█▁▁▁▁▃▆▃▁▁▁▁▁▁▃▁
wandb:       val_loss ▅█▂▅▂▁▃▁▁▁▁▁▁▁▁▁▁▂▁▁
wandb: 
wandb: Run summary:
wandb:           best_epoch 5
wandb:    best_val_accuracy 51.47059
wandb:        best_val_loss 0.71414
wandb: checkpoint_best_path artifacts/probes/int...
wandb: checkpoint_last_path artifacts/probes/int...
wandb:      checkpoint_path artifacts/probes/int...
wandb:              dataset intphys2
wandb:      elapsed_seconds 1013.82239
wandb:                epoch 20
wandb:    feature_signature 5c7753635ab2bb76
wandb:                  +22 ...
wandb: 
wandb: 🚀 View run intphys2_temporal_attn_jepa_v2_1_vitG_384_layer_38/trial_0004 at: https://wandb.ai/caselli-niccolo-developer-university-of-amsterdam/probe4physics/runs/88re27ss
wandb: ⭐️ View project at: https://wandb.ai/caselli-niccolo-developer-university-of-amsterdam/probe4physics
wandb: Synced 5 W&B file(s), 0 media file(s), 0 artifact file(s) and 0 other file(s)
wandb: Find logs at: ./wandb/run-20260505_053126-88re27ss/logs
[I 2026-05-05 05:48:26,239] Trial 4 finished with value: 17.647058823529413 and parameters: {'lr': 5.9750279999602906e-05, 'weight_decay': 9.44351568796269e-05, 'batch_size': 1, 'num_heads': 16, 'num_self_attn_blocks': 2, 'mlp_ratio': 2.0, 'dropout': 0.17936999364332554}. Best is trial 2 with value: 21.568627450980394.
[eval.intphys2] Starting eval | split_name=train split_dir=data/splits/intphys2 predictor_mode=from_file metadata_file=data/annotations/intphys2_metadata.csv
[eval.intphys2] Loaded split assignments | split_scenes=151 split_samples=604
[eval.intphys2] Generated predictions | n_predictions=604
[eval.intphys2] Scoring complete | accuracy=50.9934 voe_accuracy=17.2185 n_scenes=151 n_samples=604
[eval.intphys2] Artifacts written | output_dir=artifacts/probes/intphys2/intphys2_probe_temporal_attn_jepa_v2_1_vitG_384_20260504T231417Z/layer_38/eval/train
[eval.intphys2] Starting eval | split_name=val split_dir=data/splits/intphys2 predictor_mode=from_file metadata_file=data/annotations/intphys2_metadata.csv
[eval.intphys2] Loaded split assignments | split_scenes=51 split_samples=204
[eval.intphys2] Generated predictions | n_predictions=204
[eval.intphys2] Scoring complete | accuracy=50.0000 voe_accuracy=21.5686 n_scenes=51 n_samples=204
[eval.intphys2] Artifacts written | output_dir=artifacts/probes/intphys2/intphys2_probe_temporal_attn_jepa_v2_1_vitG_384_20260504T231417Z/layer_38/eval/val
[eval.intphys2] Starting eval | split_name=test split_dir=data/splits/intphys2 predictor_mode=from_file metadata_file=data/annotations/intphys2_metadata.csv
[eval.intphys2] Loaded split assignments | split_scenes=51 split_samples=204
[eval.intphys2] Generated predictions | n_predictions=204
[eval.intphys2] Scoring complete | accuracy=50.0000 voe_accuracy=13.7255 n_scenes=51 n_samples=204
[eval.intphys2] Artifacts written | output_dir=artifacts/probes/intphys2/intphys2_probe_temporal_attn_jepa_v2_1_vitG_384_20260504T231417Z/layer_38/eval/test
[I 2026-05-05 05:49:09,896] A new study created in RDB with name: intphys2_temporal_attn_jepa_v2_1_vitG_384_layer_48
wandb: setting up run 6ylhpzhi
wandb: Tracking run with wandb version 0.26.1
wandb: Run data is saved locally in /gpfs/home3/scur0511/Probe4Physics/wandb/run-20260505_054932-6ylhpzhi
wandb: Run `wandb offline` to turn off syncing.
wandb: Syncing run intphys2_temporal_attn_jepa_v2_1_vitG_384_layer_48/trial_0000
wandb: ⭐️ View project at https://wandb.ai/caselli-niccolo-developer-university-of-amsterdam/probe4physics
wandb: 🚀 View run at https://wandb.ai/caselli-niccolo-developer-university-of-amsterdam/probe4physics/runs/6ylhpzhi
wandb: updating run metadata
wandb: uploading history steps 18-19, summary
wandb: 
wandb: Run history:
wandb:          epoch ▁▁▂▂▂▃▃▄▄▄▅▅▅▆▆▇▇▇██
wandb: train_accuracy ▄▃▅▄▃▃▄▃█▁▅▁▇▂▄▂▆▅▆▆
wandb:     train_loss ▃▁▁▁▁▁▁█▁▁▂▂▁▁▁▁▁▁▁▁
wandb:   val_accuracy ▁█▄▄▄▄▄▄▅▄▄▄▂▅▄▄▁▄▄▄
wandb:       val_loss ▁▁▁▁▁▁▁▁▁▁█▁▁▁▁▁▁▁▁▁
wandb: 
wandb: Run summary:
wandb:          epoch 20
wandb: train_accuracy 50.99338
wandb:     train_loss 0.80888
wandb:   val_accuracy 50
wandb:       val_loss 0.74282
wandb: 
wandb: 🚀 View run intphys2_temporal_attn_jepa_v2_1_vitG_384_layer_48/trial_0000 at: https://wandb.ai/caselli-niccolo-developer-university-of-amsterdam/probe4physics/runs/6ylhpzhi
wandb: ⭐️ View project at: https://wandb.ai/caselli-niccolo-developer-university-of-amsterdam/probe4physics
wandb: Synced 4 W&B file(s), 0 media file(s), 0 artifact file(s) and 0 other file(s)
wandb: Find logs at: ./wandb/run-20260505_054932-6ylhpzhi/logs
Traceback (most recent call last):
  File "/home/scur0511/.conda/envs/probe4physics-gpu/lib/python3.11/site-packages/sqlalchemy/engine/base.py", line 1967, in _exec_single_context
    self.dialect.do_execute(
  File "/home/scur0511/.conda/envs/probe4physics-gpu/lib/python3.11/site-packages/sqlalchemy/engine/default.py", line 952, in do_execute
    cursor.execute(statement, parameters)
sqlite3.OperationalError: unable to open database file

The above exception was the direct cause of the following exception:

Traceback (most recent call last):
  File "/home/scur0511/.conda/envs/probe4physics-gpu/lib/python3.11/site-packages/optuna/storages/_rdb/storage.py", line 80, in _create_scoped_session
    session.commit()
  File "/home/scur0511/.conda/envs/probe4physics-gpu/lib/python3.11/site-packages/sqlalchemy/orm/session.py", line 2030, in commit
    trans.commit(_to_root=True)
  File "<string>", line 2, in commit
  File "/home/scur0511/.conda/envs/probe4physics-gpu/lib/python3.11/site-packages/sqlalchemy/orm/state_changes.py", line 137, in _go
    ret_value = fn(self, *arg, **kw)
                ^^^^^^^^^^^^^^^^^^^^
  File "/home/scur0511/.conda/envs/probe4physics-gpu/lib/python3.11/site-packages/sqlalchemy/orm/session.py", line 1311, in commit
    self._prepare_impl()
  File "<string>", line 2, in _prepare_impl
  File "/home/scur0511/.conda/envs/probe4physics-gpu/lib/python3.11/site-packages/sqlalchemy/orm/state_changes.py", line 137, in _go
    ret_value = fn(self, *arg, **kw)
                ^^^^^^^^^^^^^^^^^^^^
  File "/home/scur0511/.conda/envs/probe4physics-gpu/lib/python3.11/site-packages/sqlalchemy/orm/session.py", line 1286, in _prepare_impl
    self.session.flush()
  File "/home/scur0511/.conda/envs/probe4physics-gpu/lib/python3.11/site-packages/sqlalchemy/orm/session.py", line 4331, in flush
    self._flush(objects)
  File "/home/scur0511/.conda/envs/probe4physics-gpu/lib/python3.11/site-packages/sqlalchemy/orm/session.py", line 4466, in _flush
    with util.safe_reraise():
  File "/home/scur0511/.conda/envs/probe4physics-gpu/lib/python3.11/site-packages/sqlalchemy/util/langhelpers.py", line 121, in __exit__
    raise exc_value.with_traceback(exc_tb)
  File "/home/scur0511/.conda/envs/probe4physics-gpu/lib/python3.11/site-packages/sqlalchemy/orm/session.py", line 4427, in _flush
    flush_context.execute()
  File "/home/scur0511/.conda/envs/probe4physics-gpu/lib/python3.11/site-packages/sqlalchemy/orm/unitofwork.py", line 466, in execute
    rec.execute(self)
  File "/home/scur0511/.conda/envs/probe4physics-gpu/lib/python3.11/site-packages/sqlalchemy/orm/unitofwork.py", line 642, in execute
    util.preloaded.orm_persistence.save_obj(
  File "/home/scur0511/.conda/envs/probe4physics-gpu/lib/python3.11/site-packages/sqlalchemy/orm/persistence.py", line 85, in save_obj
    _emit_update_statements(
  File "/home/scur0511/.conda/envs/probe4physics-gpu/lib/python3.11/site-packages/sqlalchemy/orm/persistence.py", line 912, in _emit_update_statements
    c = connection.execute(
        ^^^^^^^^^^^^^^^^^^^
  File "/home/scur0511/.conda/envs/probe4physics-gpu/lib/python3.11/site-packages/sqlalchemy/engine/base.py", line 1419, in execute
    return meth(
           ^^^^^
  File "/home/scur0511/.conda/envs/probe4physics-gpu/lib/python3.11/site-packages/sqlalchemy/sql/elements.py", line 527, in _execute_on_connection
    return connection._execute_clauseelement(
           ^^^^^^^^^^^^^^^^^^^^^^^^^^^^^^^^^^
  File "/home/scur0511/.conda/envs/probe4physics-gpu/lib/python3.11/site-packages/sqlalchemy/engine/base.py", line 1641, in _execute_clauseelement
    ret = self._execute_context(
          ^^^^^^^^^^^^^^^^^^^^^^
  File "/home/scur0511/.conda/envs/probe4physics-gpu/lib/python3.11/site-packages/sqlalchemy/engine/base.py", line 1846, in _execute_context
    return self._exec_single_context(
           ^^^^^^^^^^^^^^^^^^^^^^^^^^
  File "/home/scur0511/.conda/envs/probe4physics-gpu/lib/python3.11/site-packages/sqlalchemy/engine/base.py", line 1986, in _exec_single_context
    self._handle_dbapi_exception(
  File "/home/scur0511/.conda/envs/probe4physics-gpu/lib/python3.11/site-packages/sqlalchemy/engine/base.py", line 2363, in _handle_dbapi_exception
    raise sqlalchemy_exception.with_traceback(exc_info[2]) from e
  File "/home/scur0511/.conda/envs/probe4physics-gpu/lib/python3.11/site-packages/sqlalchemy/engine/base.py", line 1967, in _exec_single_context
    self.dialect.do_execute(
  File "/home/scur0511/.conda/envs/probe4physics-gpu/lib/python3.11/site-packages/sqlalchemy/engine/default.py", line 952, in do_execute
    cursor.execute(statement, parameters)
sqlalchemy.exc.OperationalError: (sqlite3.OperationalError) unable to open database file
[SQL: UPDATE trials SET state=?, datetime_complete=? WHERE trials.trial_id = ?]
[parameters: ('FAIL', '2026-05-05 06:18:46.459054', 1)]
(Background on this error at: https://sqlalche.me/e/20/e3q8)

The above exception was the direct cause of the following exception:

Traceback (most recent call last):
  File "/home/scur0511/.conda/envs/probe4physics-gpu/lib/python3.11/site-packages/optuna/study/_optimize.py", line 218, in _run_trial
    updated_state, values, warning_message = _tell_with_warning(
                                             ^^^^^^^^^^^^^^^^^^^
  File "/home/scur0511/.conda/envs/probe4physics-gpu/lib/python3.11/site-packages/optuna/study/_tell.py", line 174, in _tell_with_warning
    study._storage.set_trial_state_values(frozen_trial._trial_id, state, values)
  File "/home/scur0511/.conda/envs/probe4physics-gpu/lib/python3.11/site-packages/optuna/storages/_cached_storage.py", line 194, in set_trial_state_values
    return self._backend.set_trial_state_values(trial_id, state=state, values=values)
           ^^^^^^^^^^^^^^^^^^^^^^^^^^^^^^^^^^^^^^^^^^^^^^^^^^^^^^^^^^^^^^^^^^^^^^^^^^
  File "/home/scur0511/.conda/envs/probe4physics-gpu/lib/python3.11/site-packages/optuna/storages/_rdb/storage.py", line 657, in set_trial_state_values
    with _create_scoped_session(self.scoped_session) as session:
  File "/home/scur0511/.conda/envs/probe4physics-gpu/lib/python3.11/contextlib.py", line 144, in __exit__
    next(self.gen)
  File "/home/scur0511/.conda/envs/probe4physics-gpu/lib/python3.11/site-packages/optuna/storages/_rdb/storage.py", line 98, in _create_scoped_session
    raise optuna.exceptions.StorageInternalError(message) from e
optuna.exceptions.StorageInternalError: An exception is raised during the commit. This typically happens due to invalid data in the commit, e.g. exceeding max length. 

During handling of the above exception, another exception occurred:

Traceback (most recent call last):
  File "/gpfs/home3/scur0511/Probe4Physics/run.py", line 382, in <module>
    main()
  File "/gpfs/home3/scur0511/Probe4Physics/run.py", line 83, in main
    result = command.handler(config)
             ^^^^^^^^^^^^^^^^^^^^^^^
  File "/gpfs/home3/scur0511/Probe4Physics/training/run_probe.py", line 297, in run_intphys2_train_eval_probe
    return run_probe_train_eval("intphys2", config)
           ^^^^^^^^^^^^^^^^^^^^^^^^^^^^^^^^^^^^^^^^
  File "/gpfs/home3/scur0511/Probe4Physics/training/run_probe.py", line 337, in run_probe_train_eval
    train_summary = _run_train_workflow(
                    ^^^^^^^^^^^^^^^^^^^^
  File "/gpfs/home3/scur0511/Probe4Physics/training/run_probe.py", line 397, in _run_train_workflow
    return _run_optuna_study(dataset, config, probe_cfg, study_root=output_dir)
           ^^^^^^^^^^^^^^^^^^^^^^^^^^^^^^^^^^^^^^^^^^^^^^^^^^^^^^^^^^^^^^^^^^^^
  File "/gpfs/home3/scur0511/Probe4Physics/training/run_probe.py", line 1196, in _run_optuna_study
    study.optimize(
  File "/home/scur0511/.conda/envs/probe4physics-gpu/lib/python3.11/site-packages/optuna/study/study.py", line 490, in optimize
    _optimize(
  File "/home/scur0511/.conda/envs/probe4physics-gpu/lib/python3.11/site-packages/optuna/study/_optimize.py", line 68, in _optimize
    _optimize_sequential(
  File "/home/scur0511/.conda/envs/probe4physics-gpu/lib/python3.11/site-packages/optuna/study/_optimize.py", line 165, in _optimize_sequential
    frozen_trial_id = _run_trial(study, func, catch)
                      ^^^^^^^^^^^^^^^^^^^^^^^^^^^^^^
  File "/home/scur0511/.conda/envs/probe4physics-gpu/lib/python3.11/site-packages/optuna/study/_optimize.py", line 256, in _run_trial
    assert False, "Should not reach."
           ^^^^^
AssertionError: Should not reach.
