===== TRAIN PROVENANCE =====
Tue May  5 08:52:03 UTC 2026
gcn152.local.snellius.surf.nl
6a929503ad6267515d82e8e97dd388d0c33653fd
Python 3.11.15
/home/scur0511/.conda/envs/probe4physics-gpu/bin/python
REPO_ROOT=/gpfs/home3/scur0511/Probe4Physics
DATASET_NAME=intphys2
PROBE_NAME=temporal_attn
BACKBONE_NAME=jepa_v2_1
BACKBONE_VARIANT=vitG_384
PROBE_EPOCHS=20
PROBE_DEVICE=cuda
PROBE_LAYER=last
PROBE_LAYERS=12,24,38,48
PROBE_FEATURE_VIEW=tokens
ENABLE_WANDB=true
WANDB_PROJECT=probe4physics
WANDB_MODE=online
WANDB_GROUP=intphys2_temporal_attn_jepa_v2_1_vitG_384
ENABLE_OPTUNA=true
OPTUNA_N_TRIALS=5
OPTUNA_N_JOBS=1
OPTUNA_TIMEOUT_SECONDS=0
ENABLE_OPTUNA_PRUNER=true
OPTUNA_PRUNER_STARTUP_TRIALS=3
OPTUNA_PRUNER_WARMUP_STEPS=5
OPTUNA_PRUNER_INTERVAL_STEPS=1
OPTUNA_STUDY_NAME=intphys2_temporal_attn_jepa_v2_1_vitG_384
OPTUNA_SEARCH_OVERRIDES=probe.eval_batch_size=1 probe.optuna.search_space.batch_size.choices=[1]
============================
JOB_START_UTC=2026-05-05T08:52:03Z
