============================================================================================== 
Warning! Mixing Conda and module environments may lead to corruption of the
user environment. 
We do not recommend users mixing those two environments unless absolutely
necessary. Note that 
SURF does not provide any support for Conda environment.
For more information, please refer to our software policy page:
https://servicedesk.surf.nl/wiki/display/WIKI/Software+policy+Snellius#SoftwarepolicySnellius-UseofAnacondaandMinicondaenvironmentsonSnellius 

Remember that many packages have already been installed on the system and can
be loaded using 
the 'module load <package__name>' command. If you are uncertain if a package is
already available 
on the system, please use 'module avail' or 'module spider' to search for it.
============================================================================================== 
[I 2026-05-02 02:58:34,961] A new study created in RDB with name: intphys2_temporal_attn_jepa_v2_1_vitG_384_layer_12
wandb: [wandb.login()] Loaded credentials for https://api.wandb.ai from /home/scur0511/.netrc.
wandb: Currently logged in as: caselli-niccolo-developer (caselli-niccolo-developer-university-of-amsterdam) to https://api.wandb.ai. Use `wandb login --relogin` to force relogin
wandb: Tracking run with wandb version 0.26.1
wandb: Run data is saved locally in /gpfs/home3/scur0511/Probe4Physics/wandb/run-20260502_025916-rpeb00af
wandb: Run `wandb offline` to turn off syncing.
wandb: Syncing run intphys2_temporal_attn_jepa_v2_1_vitG_384_layer_12/trial_0000
wandb: ⭐️ View project at https://wandb.ai/caselli-niccolo-developer-university-of-amsterdam/probe4physics
wandb: 🚀 View run at https://wandb.ai/caselli-niccolo-developer-university-of-amsterdam/probe4physics/runs/rpeb00af
[eval.intphys2] Starting eval | split_name=val split_dir=data/splits/intphys2 predictor_mode=from_file metadata_file=data/annotations/intphys2_metadata.csv
[eval.intphys2] Loaded split assignments | split_scenes=51 split_samples=204
[eval.intphys2] Generated predictions | n_predictions=204
[eval.intphys2] Scoring complete | accuracy=53.4314 voe_accuracy=21.5686 n_scenes=51 n_samples=204
[eval.intphys2] Artifacts written | output_dir=artifacts/probes/intphys2/intphys2_probe_temporal_attn_jepa_v2_1_vitG_384_20260502T005833Z/layer_12/train/trial_0000/val_eval
wandb: updating run metadata
wandb: uploading output.log; uploading wandb-summary.json; uploading config.yaml
wandb: uploading history steps 99-99, summary, console lines 0-4
wandb: 
wandb: Run history:
wandb:          epoch ▁▁▁▁▂▂▂▂▂▂▃▃▃▃▃▃▄▄▄▄▄▅▅▅▅▆▆▆▆▆▇▇▇▇▇▇████
wandb: train_accuracy ▆▄▄▄▄▆▇▅▅█▆▅▅▄▄▆▃▃▆▆▁▆▅▆█▄▂▄▆▆▃█▆▃▅▆▆▄█▄
wandb:     train_loss ▁▁▃▁▁▂▂▁▅▁▂▃▁▂▁█▁▁▆▇▂▆▂▂▂▄▂▃▃▂▂▃▃▃▂▃▂▂▂▂
wandb:   val_accuracy ▆▆▆▆▆█▁▆▅▆▆▆▃▆▃▆▇▆▆▆▅▆▆▄▇▆▃▇▆▃▆▃▅▆▆▆▆▃▆▅
wandb:       val_loss ▁▃▁▁▁▁▁▁▁▁▂▁▂▂▂▁▂▁█▁▄▁▁▁▂▃▁▂▁▂▁▁▁▁▅▁▁▁▂▁
wandb: 
wandb: Run summary:
wandb:           best_epoch 85
wandb:    best_val_accuracy 53.43137
wandb:        best_val_loss 1.05401
wandb: checkpoint_best_path artifacts/probes/int...
wandb: checkpoint_last_path artifacts/probes/int...
wandb:      checkpoint_path artifacts/probes/int...
wandb:              dataset intphys2
wandb:      elapsed_seconds 4944.86391
wandb:                epoch 100
wandb:    feature_signature 5c7753635ab2bb76
wandb:                  +22 ...
wandb: 
wandb: 🚀 View run intphys2_temporal_attn_jepa_v2_1_vitG_384_layer_12/trial_0000 at: https://wandb.ai/caselli-niccolo-developer-university-of-amsterdam/probe4physics/runs/rpeb00af
wandb: ⭐️ View project at: https://wandb.ai/caselli-niccolo-developer-university-of-amsterdam/probe4physics
wandb: Synced 5 W&B file(s), 0 media file(s), 0 artifact file(s) and 0 other file(s)
wandb: Find logs at: ./wandb/run-20260502_025916-rpeb00af/logs
[I 2026-05-02 04:21:26,903] Trial 0 finished with value: 21.568627450980394 and parameters: {'lr': 0.0001329291894316216, 'weight_decay': 0.005061576888752304, 'batch_size': 1, 'num_heads': 16, 'num_self_attn_blocks': 2, 'mlp_ratio': 2.0, 'dropout': 0.06370173320348284}. Best is trial 0 with value: 21.568627450980394.
wandb: setting up run 3hci2h38
wandb: Tracking run with wandb version 0.26.1
wandb: Run data is saved locally in /gpfs/home3/scur0511/Probe4Physics/wandb/run-20260502_042149-3hci2h38
wandb: Run `wandb offline` to turn off syncing.
wandb: Syncing run intphys2_temporal_attn_jepa_v2_1_vitG_384_layer_12/trial_0001
wandb: ⭐️ View project at https://wandb.ai/caselli-niccolo-developer-university-of-amsterdam/probe4physics
wandb: 🚀 View run at https://wandb.ai/caselli-niccolo-developer-university-of-amsterdam/probe4physics/runs/3hci2h38
[eval.intphys2] Starting eval | split_name=val split_dir=data/splits/intphys2 predictor_mode=from_file metadata_file=data/annotations/intphys2_metadata.csv
[eval.intphys2] Loaded split assignments | split_scenes=51 split_samples=204
[eval.intphys2] Generated predictions | n_predictions=204
[eval.intphys2] Scoring complete | accuracy=56.3725 voe_accuracy=15.6863 n_scenes=51 n_samples=204
[eval.intphys2] Artifacts written | output_dir=artifacts/probes/intphys2/intphys2_probe_temporal_attn_jepa_v2_1_vitG_384_20260502T005833Z/layer_12/train/trial_0001/val_eval
wandb: updating run metadata
wandb: uploading config.yaml; uploading output.log; uploading wandb-summary.json
wandb: uploading history steps 99-99, summary, console lines 0-4
wandb: 
wandb: Run history:
wandb:          epoch ▁▁▁▁▂▂▂▂▂▂▃▃▃▃▃▃▄▄▄▄▄▅▅▅▅▅▅▅▆▆▆▇▇▇▇▇▇███
wandb: train_accuracy ▂▁▂▂▂▁▂▂▂▁▂▁▁▂▂▂▂▂▂▂▂▂▂▂▂▃▂▂▂▂▂▂▃▃▃▄▄▅▆█
wandb:     train_loss █▇▇▆▆▆▆▆▆▆▆▆▆▆▆▆▆▆▆▆▆▆▆▆▆▆▆▆▆▆▆▆▆▆▆▆▅▅▄▁
wandb:   val_accuracy ▃▁▁▂▁▁▁▃▂▂▁▁▁▂▁▂▂▁▂▁▁▃▂▃▃▁▃▁▂▁▃▂▂▅▃▄▃▃▃█
wandb:       val_loss ▂▂▁▂▂▁▁▁▁▂▁▁▁▁▁▁▁▁▁▁▁▁▁▁▁▁▁▁▁▁▁▁▁▁▁▁▁▁▁█
wandb: 
wandb: Run summary:
wandb:           best_epoch 98
wandb:    best_val_accuracy 56.37255
wandb:        best_val_loss 1.71674
wandb: checkpoint_best_path artifacts/probes/int...
wandb: checkpoint_last_path artifacts/probes/int...
wandb:      checkpoint_path artifacts/probes/int...
wandb:              dataset intphys2
wandb:      elapsed_seconds 6808.74333
wandb:                epoch 100
wandb:    feature_signature 5c7753635ab2bb76
wandb:                  +22 ...
wandb: 
wandb: 🚀 View run intphys2_temporal_attn_jepa_v2_1_vitG_384_layer_12/trial_0001 at: https://wandb.ai/caselli-niccolo-developer-university-of-amsterdam/probe4physics/runs/3hci2h38
wandb: ⭐️ View project at: https://wandb.ai/caselli-niccolo-developer-university-of-amsterdam/probe4physics
wandb: Synced 5 W&B file(s), 0 media file(s), 0 artifact file(s) and 0 other file(s)
wandb: Find logs at: ./wandb/run-20260502_042149-3hci2h38/logs
[I 2026-05-02 06:15:24,285] Trial 1 finished with value: 15.686274509803921 and parameters: {'lr': 3.511356313970405e-05, 'weight_decay': 1.2601639723276798e-07, 'batch_size': 2, 'num_heads': 8, 'num_self_attn_blocks': 3, 'mlp_ratio': 2.0, 'dropout': 0.15427033152408348}. Best is trial 0 with value: 21.568627450980394.
wandb: setting up run 6x7fggvn
wandb: Tracking run with wandb version 0.26.1
wandb: Run data is saved locally in /gpfs/home3/scur0511/Probe4Physics/wandb/run-20260502_061545-6x7fggvn
wandb: Run `wandb offline` to turn off syncing.
wandb: Syncing run intphys2_temporal_attn_jepa_v2_1_vitG_384_layer_12/trial_0002
wandb: ⭐️ View project at https://wandb.ai/caselli-niccolo-developer-university-of-amsterdam/probe4physics
wandb: 🚀 View run at https://wandb.ai/caselli-niccolo-developer-university-of-amsterdam/probe4physics/runs/6x7fggvn
[eval.intphys2] Starting eval | split_name=val split_dir=data/splits/intphys2 predictor_mode=from_file metadata_file=data/annotations/intphys2_metadata.csv
[eval.intphys2] Loaded split assignments | split_scenes=51 split_samples=204
[eval.intphys2] Generated predictions | n_predictions=204
[eval.intphys2] Scoring complete | accuracy=50.4902 voe_accuracy=3.9216 n_scenes=51 n_samples=204
[eval.intphys2] Artifacts written | output_dir=artifacts/probes/intphys2/intphys2_probe_temporal_attn_jepa_v2_1_vitG_384_20260502T005833Z/layer_12/train/trial_0002/val_eval
wandb: updating run metadata
wandb: uploading config.yaml; uploading output.log; uploading wandb-summary.json
wandb: uploading history steps 99-99, summary, console lines 0-4
wandb: 
wandb: Run history:
wandb:          epoch ▁▁▂▂▂▂▂▂▃▃▃▃▄▄▄▄▄▄▅▅▅▅▅▅▅▆▆▆▆▆▇▇▇▇▇▇▇▇██
wandb: train_accuracy ▁▅█▃▃▃▃▃▃▃▃▃▃▃▃▃▃▃▃▃▃▃▃▃▃▃▃▃▃▃▃▃▃▃▃▃▃▃▃▃
wandb:     train_loss █▁                                      
wandb:   val_accuracy █▁▆▆▆▆▆▆▆▆▆▆▆▆▆▆▆▆▆▆▆▆▆▆▆▆▆▆▆▆▆▆▆▆▆▆▆▆▆▆
wandb:       val_loss █▁▅                                     
wandb: 
wandb: Run summary:
wandb:           best_epoch 1
wandb:    best_val_accuracy 50.4902
wandb:        best_val_loss 757.4231
wandb: checkpoint_best_path artifacts/probes/int...
wandb: checkpoint_last_path artifacts/probes/int...
wandb:      checkpoint_path artifacts/probes/int...
wandb:              dataset intphys2
wandb:      elapsed_seconds 6994.23033
wandb:                epoch 100
wandb:    feature_signature 5c7753635ab2bb76
wandb:                  +20 ...
wandb: 
wandb: 🚀 View run intphys2_temporal_attn_jepa_v2_1_vitG_384_layer_12/trial_0002 at: https://wandb.ai/caselli-niccolo-developer-university-of-amsterdam/probe4physics/runs/6x7fggvn
wandb: ⭐️ View project at: https://wandb.ai/caselli-niccolo-developer-university-of-amsterdam/probe4physics
wandb: Synced 5 W&B file(s), 0 media file(s), 0 artifact file(s) and 0 other file(s)
wandb: Find logs at: ./wandb/run-20260502_061545-6x7fggvn/logs
[I 2026-05-02 08:12:27,472] Trial 2 finished with value: 3.9215686274509802 and parameters: {'lr': 0.0005987474910461401, 'weight_decay': 1.8997763474111273e-08, 'batch_size': 1, 'num_heads': 8, 'num_self_attn_blocks': 3, 'mlp_ratio': 2.0, 'dropout': 0.14855307303338106}. Best is trial 0 with value: 21.568627450980394.
wandb: setting up run j3l7gzol
wandb: Tracking run with wandb version 0.26.1
wandb: Run data is saved locally in /gpfs/home3/scur0511/Probe4Physics/wandb/run-20260502_081248-j3l7gzol
wandb: Run `wandb offline` to turn off syncing.
wandb: Syncing run intphys2_temporal_attn_jepa_v2_1_vitG_384_layer_12/trial_0003
wandb: ⭐️ View project at https://wandb.ai/caselli-niccolo-developer-university-of-amsterdam/probe4physics
wandb: 🚀 View run at https://wandb.ai/caselli-niccolo-developer-university-of-amsterdam/probe4physics/runs/j3l7gzol
[eval.intphys2] Starting eval | split_name=val split_dir=data/splits/intphys2 predictor_mode=from_file metadata_file=data/annotations/intphys2_metadata.csv
[eval.intphys2] Loaded split assignments | split_scenes=51 split_samples=204
[eval.intphys2] Generated predictions | n_predictions=204
[eval.intphys2] Scoring complete | accuracy=54.4118 voe_accuracy=17.6471 n_scenes=51 n_samples=204
[eval.intphys2] Artifacts written | output_dir=artifacts/probes/intphys2/intphys2_probe_temporal_attn_jepa_v2_1_vitG_384_20260502T005833Z/layer_12/train/trial_0003/val_eval
wandb: updating run metadata
wandb: uploading history steps 99-99, summary, console lines 0-4
wandb: 
wandb: Run history:
wandb:          epoch ▁▁▁▂▂▂▂▃▃▃▃▃▃▄▄▄▄▄▄▄▅▅▅▅▅▆▆▆▆▆▇▇▇▇▇▇▇▇▇█
wandb: train_accuracy ▃▃▁▃▃▃▅▄▂▃▁▃▄▃▄▄▅▄▅▅▄▄▅▄▅▄▄▅▃▆▄█▆▆▇▇▇███
wandb:     train_loss █▆▆▆▅▅▆▅▅▅▅▅▅▅▅▅▅▅▅▅▅▅▅▅▅▄▄▅▄▄▄▄▄▄▄▃▃▃▁▁
wandb:   val_accuracy ▂▂▂▃▂▂▄▂▃▅▂▄▂▂▃▂▄▄▄▂▅▅▇▃█▄▂▅▃▁▆▅▄▃▄▃▆▄▄▅
wandb:       val_loss ▂▂▁▁▂▁▁▁▁▁▁▁▁▁▁▁▁▁▁▁▁▁▁▂▁▁▁▁▂▁▂▃▃▂▆▂▃▄██
wandb: 
wandb: Run summary:
wandb:           best_epoch 64
wandb:    best_val_accuracy 54.41177
wandb:        best_val_loss 0.70653
wandb: checkpoint_best_path artifacts/probes/int...
wandb: checkpoint_last_path artifacts/probes/int...
wandb:      checkpoint_path artifacts/probes/int...
wandb:              dataset intphys2
wandb:      elapsed_seconds 2635.6361
wandb:                epoch 100
wandb:    feature_signature 5c7753635ab2bb76
wandb:                  +22 ...
wandb: 
wandb: 🚀 View run intphys2_temporal_attn_jepa_v2_1_vitG_384_layer_12/trial_0003 at: https://wandb.ai/caselli-niccolo-developer-university-of-amsterdam/probe4physics/runs/j3l7gzol
wandb: ⭐️ View project at: https://wandb.ai/caselli-niccolo-developer-university-of-amsterdam/probe4physics
wandb: Synced 5 W&B file(s), 0 media file(s), 0 artifact file(s) and 0 other file(s)
wandb: Find logs at: ./wandb/run-20260502_081248-j3l7gzol/logs
[I 2026-05-02 08:56:48,160] Trial 3 finished with value: 17.647058823529413 and parameters: {'lr': 1.2681352169084594e-05, 'weight_decay': 0.0028570800750407216, 'batch_size': 2, 'num_heads': 8, 'num_self_attn_blocks': 1, 'mlp_ratio': 2.0, 'dropout': 0.27656227050693505}. Best is trial 0 with value: 21.568627450980394.
wandb: setting up run 3st7t5tr
wandb: Tracking run with wandb version 0.26.1
wandb: Run data is saved locally in /gpfs/home3/scur0511/Probe4Physics/wandb/run-20260502_085709-3st7t5tr
wandb: Run `wandb offline` to turn off syncing.
wandb: Syncing run intphys2_temporal_attn_jepa_v2_1_vitG_384_layer_12/trial_0004
wandb: ⭐️ View project at https://wandb.ai/caselli-niccolo-developer-university-of-amsterdam/probe4physics
wandb: 🚀 View run at https://wandb.ai/caselli-niccolo-developer-university-of-amsterdam/probe4physics/runs/3st7t5tr
[eval.intphys2] Starting eval | split_name=val split_dir=data/splits/intphys2 predictor_mode=from_file metadata_file=data/annotations/intphys2_metadata.csv
[eval.intphys2] Loaded split assignments | split_scenes=51 split_samples=204
[eval.intphys2] Generated predictions | n_predictions=204
[eval.intphys2] Scoring complete | accuracy=54.4118 voe_accuracy=21.5686 n_scenes=51 n_samples=204
[eval.intphys2] Artifacts written | output_dir=artifacts/probes/intphys2/intphys2_probe_temporal_attn_jepa_v2_1_vitG_384_20260502T005833Z/layer_12/train/trial_0004/val_eval
wandb: updating run metadata
wandb: uploading output.log; uploading wandb-summary.json; uploading config.yaml
wandb: uploading history steps 99-99, summary, console lines 0-4
wandb: 
wandb: Run history:
wandb:          epoch ▁▁▁▁▁▂▂▂▂▂▂▂▃▃▃▃▃▃▃▄▄▄▄▅▅▅▅▅▅▆▆▇▇▇▇▇▇███
wandb: train_accuracy ▂▃▃▃▁▃▅▂▄▁▂▄▂▂▄▄▃▃▄▃▄▅▄▄▄▄▇▃▄▃▄▆▅▆▅▇█▇▇█
wandb:     train_loss ██▇▇▇▇▇▇▆▆▆▆▆▆▆▇▆▆▆▆▆▅▆▆▆▅▆▅▅▅▅▄▄▄▄▄▁▁▂▁
wandb:   val_accuracy ▂▂▂▂▄▂▃▂▄▂▃▂▄▄▅▄▃▂▂▄▄▅▄▅▆▄▅▄▂▄█▇▁▄▅▃▄▃▇▆
wandb:       val_loss ▁▂▁▁▁▁▁▁▁▁▁▁▁▁▁▁▁▁▁▁▁▁▁▁▁▁▁▁▁▂▁▁▂▁▂▂▃█▃▃
wandb: 
wandb: Run summary:
wandb:           best_epoch 79
wandb:    best_val_accuracy 54.41177
wandb:        best_val_loss 0.70663
wandb: checkpoint_best_path artifacts/probes/int...
wandb: checkpoint_last_path artifacts/probes/int...
wandb:      checkpoint_path artifacts/probes/int...
wandb:              dataset intphys2
wandb:      elapsed_seconds 4602.81675
wandb:                epoch 100
wandb:    feature_signature 5c7753635ab2bb76
wandb:                  +22 ...
wandb: 
wandb: 🚀 View run intphys2_temporal_attn_jepa_v2_1_vitG_384_layer_12/trial_0004 at: https://wandb.ai/caselli-niccolo-developer-university-of-amsterdam/probe4physics/runs/3st7t5tr
wandb: ⭐️ View project at: https://wandb.ai/caselli-niccolo-developer-university-of-amsterdam/probe4physics
wandb: Synced 5 W&B file(s), 0 media file(s), 0 artifact file(s) and 0 other file(s)
wandb: Find logs at: ./wandb/run-20260502_085709-3st7t5tr/logs
[I 2026-05-02 10:13:58,137] Trial 4 finished with value: 21.568627450980394 and parameters: {'lr': 1.8427970406864546e-05, 'weight_decay': 1.499329805509153e-07, 'batch_size': 4, 'num_heads': 8, 'num_self_attn_blocks': 2, 'mlp_ratio': 2.0, 'dropout': 0.2960660809801552}. Best is trial 0 with value: 21.568627450980394.
wandb: setting up run v9w8az6h
wandb: Tracking run with wandb version 0.26.1
wandb: Run data is saved locally in /gpfs/home3/scur0511/Probe4Physics/wandb/run-20260502_101419-v9w8az6h
wandb: Run `wandb offline` to turn off syncing.
wandb: Syncing run intphys2_temporal_attn_jepa_v2_1_vitG_384_layer_12/trial_0005
wandb: ⭐️ View project at https://wandb.ai/caselli-niccolo-developer-university-of-amsterdam/probe4physics
wandb: 🚀 View run at https://wandb.ai/caselli-niccolo-developer-university-of-amsterdam/probe4physics/runs/v9w8az6h
wandb: updating run metadata
wandb: uploading wandb-summary.json; uploading config.yaml
wandb: 
wandb: Run history:
wandb:          epoch ▁▁▁▁▂▂▂▂▂▂▃▃▃▃▃▄▄▄▄▄▄▄▄▅▅▅▅▅▅▅▆▆▆▆▇▇▇███
wandb: train_accuracy ▁█▁▁▁▁▁▁▁▁▁▁▁▁▁▁▁▁▁▁▁▁▁▁▁▁▁▁▁▁▁▁▁▁▁▁▁▁▁▁
wandb:     train_loss ▁                                       
wandb:   val_accuracy ▁███████████████████████████████████████
wandb:             +1 ...
wandb: 
wandb: Run summary:
wandb:          epoch 100
wandb: train_accuracy 50
wandb:     train_loss nan
wandb:   val_accuracy 50
wandb:       val_loss nan
wandb: 
wandb: 🚀 View run intphys2_temporal_attn_jepa_v2_1_vitG_384_layer_12/trial_0005 at: https://wandb.ai/caselli-niccolo-developer-university-of-amsterdam/probe4physics/runs/v9w8az6h
wandb: ⭐️ View project at: https://wandb.ai/caselli-niccolo-developer-university-of-amsterdam/probe4physics
wandb: Synced 4 W&B file(s), 0 media file(s), 0 artifact file(s) and 0 other file(s)
wandb: Find logs at: ./wandb/run-20260502_101419-v9w8az6h/logs
[I 2026-05-02 12:05:22,500] Trial 5 pruned. Pruned at epoch 100 with val_accuracy=50.0000
/gpfs/home3/scur0511/Probe4Physics/jobs/train/intphys2/temporal_attn/run_train.sh: line 138: 375959 Killed                  "${cmd[@]}"
[2026-05-02T12:05:30.371] error: Detected 1 oom_kill event in StepId=22413453.batch. Some of the step tasks have been OOM Killed.
