===== TRAIN PROVENANCE =====
Fri May  1 20:56:05 UTC 2026
gcn2.local.snellius.surf.nl
47eca25c95a8b39ef1cc944c210428b687f15350
Python 3.11.15
/home/scur0511/.conda/envs/probe4physics-gpu/bin/python
REPO_ROOT=/gpfs/home3/scur0511/Probe4Physics
DATASET_NAME=intphys2
PROBE_NAME=temporal_attn
BACKBONE_NAME=jepa_v1
BACKBONE_VARIANT=vith16_384
PROBE_EPOCHS=100
PROBE_DEVICE=cpu
PROBE_LAYER=last
PROBE_LAYERS=8,16,24,32
PROBE_FEATURE_VIEW=tokens
ENABLE_WANDB=true
WANDB_PROJECT=probe4physics
WANDB_MODE=online
WANDB_GROUP=intphys2_temporal_attn_jepa_v1_vith16_384
ENABLE_OPTUNA=true
OPTUNA_N_TRIALS=20
OPTUNA_N_JOBS=1
OPTUNA_TIMEOUT_SECONDS=0
ENABLE_OPTUNA_PRUNER=true
OPTUNA_PRUNER_STARTUP_TRIALS=3
OPTUNA_PRUNER_WARMUP_STEPS=100
OPTUNA_PRUNER_INTERVAL_STEPS=1
OPTUNA_STUDY_NAME=intphys2_temporal_attn_jepa_v1_vith16_384
OPTUNA_SEARCH_OVERRIDES=<none>
============================
JOB_START_UTC=2026-05-01T20:56:05Z
