============================================================================================== 
Warning! Mixing Conda and module environments may lead to corruption of the
user environment. 
We do not recommend users mixing those two environments unless absolutely
necessary. Note that 
SURF does not provide any support for Conda environment.
For more information, please refer to our software policy page:
https://servicedesk.surf.nl/wiki/display/WIKI/Software+policy+Snellius#SoftwarepolicySnellius-UseofAnacondaandMinicondaenvironmentsonSnellius 

Remember that many packages have already been installed on the system and can
be loaded using 
the 'module load <package__name>' command. If you are uncertain if a package is
already available 
on the system, please use 'module avail' or 'module spider' to search for it.
============================================================================================== 
[I 2026-05-02 02:58:32,304] A new study created in RDB with name: intphys2_temporal_attn_jepa_v1_vith16_384_layer_8
wandb: [wandb.login()] Loaded credentials for https://api.wandb.ai from /home/scur0511/.netrc.
wandb: Currently logged in as: caselli-niccolo-developer (caselli-niccolo-developer-university-of-amsterdam) to https://api.wandb.ai. Use `wandb login --relogin` to force relogin
wandb: setting up run afp91lyt
wandb: Tracking run with wandb version 0.26.1
wandb: Run data is saved locally in /gpfs/home3/scur0511/Probe4Physics/wandb/run-20260502_025859-afp91lyt
wandb: Run `wandb offline` to turn off syncing.
wandb: Syncing run intphys2_temporal_attn_jepa_v1_vith16_384_layer_8/trial_0000
wandb: ⭐️ View project at https://wandb.ai/caselli-niccolo-developer-university-of-amsterdam/probe4physics
wandb: 🚀 View run at https://wandb.ai/caselli-niccolo-developer-university-of-amsterdam/probe4physics/runs/afp91lyt
[eval.intphys2] Starting eval | split_name=val split_dir=data/splits/intphys2 predictor_mode=from_file metadata_file=data/annotations/intphys2_metadata.csv
[eval.intphys2] Loaded split assignments | split_scenes=51 split_samples=204
[eval.intphys2] Generated predictions | n_predictions=204
[eval.intphys2] Scoring complete | accuracy=54.9020 voe_accuracy=17.6471 n_scenes=51 n_samples=204
[eval.intphys2] Artifacts written | output_dir=artifacts/probes/intphys2/intphys2_probe_temporal_attn_jepa_v1_vith16_384_20260502T005830Z/layer_8/train/trial_0000/val_eval
wandb: updating run metadata
wandb: uploading config.yaml; uploading output.log; uploading wandb-summary.json
wandb: 
wandb: Run history:
wandb:          epoch ▁▁▂▂▂▂▂▂▂▃▃▃▃▃▄▄▄▄▄▄▄▅▅▅▅▅▆▆▆▆▆▆▇▇▇▇▇▇▇█
wandb: train_accuracy ▅▃▆▄▇▁▅▅▅▄▄▃▃▅▆▅▄▅▆▁▅▅▆▆▃▄▃▅▄▃▃▃▆▅▅▅▆▅█▇
wandb:     train_loss ▂▁▁▁▁▁▁▁▂▁▁▂▁▂▂▃▂▆▄▂▂▅▄▆▃▄▃▄▄█▃▃▅▄▆▄▂▄▃▄
wandb:   val_accuracy ▅▅▅▄▅▅▅▅▅▄▅▅▅▅▆▅▂▅▅▄▅▅▅█▁▅▅▅▅▅▅▅▆▅▄▆▅▄▅▄
wandb:       val_loss ▁▁▁▁▁▁▁▁▁▁▁▁▁▁▁▁▁▁▁▁▂▁▁▃▁█▁▁▃▂▃▁▁▇▂▇▂▂▁▁
wandb: 
wandb: Run summary:
wandb:           best_epoch 54
wandb:    best_val_accuracy 54.90196
wandb:        best_val_loss 0.69131
wandb: checkpoint_best_path artifacts/probes/int...
wandb: checkpoint_last_path artifacts/probes/int...
wandb:      checkpoint_path artifacts/probes/int...
wandb:              dataset intphys2
wandb:      elapsed_seconds 3900.1505
wandb:                epoch 100
wandb:    feature_signature 78346a9facde6609
wandb:                  +22 ...
wandb: 
wandb: 🚀 View run intphys2_temporal_attn_jepa_v1_vith16_384_layer_8/trial_0000 at: https://wandb.ai/caselli-niccolo-developer-university-of-amsterdam/probe4physics/runs/afp91lyt
wandb: ⭐️ View project at: https://wandb.ai/caselli-niccolo-developer-university-of-amsterdam/probe4physics
wandb: Synced 5 W&B file(s), 0 media file(s), 0 artifact file(s) and 0 other file(s)
wandb: Find logs at: ./wandb/run-20260502_025859-afp91lyt/logs
[I 2026-05-02 04:03:54,122] Trial 0 finished with value: 17.647058823529413 and parameters: {'lr': 0.0001329291894316216, 'weight_decay': 0.005061576888752304, 'batch_size': 1, 'num_heads': 16, 'num_self_attn_blocks': 2, 'mlp_ratio': 2.0, 'dropout': 0.06370173320348284}. Best is trial 0 with value: 17.647058823529413.
wandb: setting up run 2vxeg0e3
wandb: Tracking run with wandb version 0.26.1
wandb: Run data is saved locally in /gpfs/home3/scur0511/Probe4Physics/wandb/run-20260502_040411-2vxeg0e3
wandb: Run `wandb offline` to turn off syncing.
wandb: Syncing run intphys2_temporal_attn_jepa_v1_vith16_384_layer_8/trial_0001
wandb: ⭐️ View project at https://wandb.ai/caselli-niccolo-developer-university-of-amsterdam/probe4physics
wandb: 🚀 View run at https://wandb.ai/caselli-niccolo-developer-university-of-amsterdam/probe4physics/runs/2vxeg0e3
[eval.intphys2] Starting eval | split_name=val split_dir=data/splits/intphys2 predictor_mode=from_file metadata_file=data/annotations/intphys2_metadata.csv
[eval.intphys2] Loaded split assignments | split_scenes=51 split_samples=204
[eval.intphys2] Generated predictions | n_predictions=204
[eval.intphys2] Scoring complete | accuracy=50.9804 voe_accuracy=7.8431 n_scenes=51 n_samples=204
[eval.intphys2] Artifacts written | output_dir=artifacts/probes/intphys2/intphys2_probe_temporal_attn_jepa_v1_vith16_384_20260502T005830Z/layer_8/train/trial_0001/val_eval
wandb: updating run metadata
wandb: uploading wandb-summary.json; uploading config.yaml; uploading output.log
wandb: uploading history steps 99-99, summary, console lines 0-4
wandb: 
wandb: Run history:
wandb:          epoch ▁▁▁▁▂▂▂▂▂▂▃▃▃▃▄▄▄▄▄▄▅▅▅▅▅▅▆▆▆▆▇▇▇▇▇▇████
wandb: train_accuracy ▆▂▃▁▂▅▆▆▄▂▄▅▂▇▃█▄▁▂▅▄▂▂▅▂▄▄▂▅▅▃▃▃▂▃▂▆▄▇▂
wandb:     train_loss █▄▃▃▃▂▂▂▂▁▂▂▁▁▁▁▁▁▁▁▁▁▁▁▁▁▁▁▁▂▁▁▁▁▁▁▁▁▁▁
wandb:   val_accuracy ▄██▄▄▄▄▄▄█▄▄█▄▄▄▄▄▄▄█▄▄▄▄▄▄▄▄▁▄▄▁█▄▄▄▄▄▄
wandb:       val_loss █▁▂▄▁▁▁▁▁▁▁▁▁▁▁▁▁▁▁▁▁▁▁▁▁▁▁▁▁▁▁▁▁▁▁▁▁▁▁▁
wandb: 
wandb: Run summary:
wandb:           best_epoch 31
wandb:    best_val_accuracy 50.9804
wandb:        best_val_loss 0.69334
wandb: checkpoint_best_path artifacts/probes/int...
wandb: checkpoint_last_path artifacts/probes/int...
wandb:      checkpoint_path artifacts/probes/int...
wandb:              dataset intphys2
wandb:      elapsed_seconds 5014.02169
wandb:                epoch 100
wandb:    feature_signature 78346a9facde6609
wandb:                  +22 ...
wandb: 
wandb: 🚀 View run intphys2_temporal_attn_jepa_v1_vith16_384_layer_8/trial_0001 at: https://wandb.ai/caselli-niccolo-developer-university-of-amsterdam/probe4physics/runs/2vxeg0e3
wandb: ⭐️ View project at: https://wandb.ai/caselli-niccolo-developer-university-of-amsterdam/probe4physics
wandb: Synced 5 W&B file(s), 0 media file(s), 0 artifact file(s) and 0 other file(s)
wandb: Find logs at: ./wandb/run-20260502_040411-2vxeg0e3/logs
[I 2026-05-02 05:27:50,555] Trial 1 finished with value: 7.8431372549019605 and parameters: {'lr': 3.511356313970405e-05, 'weight_decay': 1.2601639723276798e-07, 'batch_size': 2, 'num_heads': 8, 'num_self_attn_blocks': 3, 'mlp_ratio': 2.0, 'dropout': 0.15427033152408348}. Best is trial 0 with value: 17.647058823529413.
wandb: setting up run oinof53b
wandb: Tracking run with wandb version 0.26.1
wandb: Run data is saved locally in /gpfs/home3/scur0511/Probe4Physics/wandb/run-20260502_052807-oinof53b
wandb: Run `wandb offline` to turn off syncing.
wandb: Syncing run intphys2_temporal_attn_jepa_v1_vith16_384_layer_8/trial_0002
wandb: ⭐️ View project at https://wandb.ai/caselli-niccolo-developer-university-of-amsterdam/probe4physics
wandb: 🚀 View run at https://wandb.ai/caselli-niccolo-developer-university-of-amsterdam/probe4physics/runs/oinof53b
[eval.intphys2] Starting eval | split_name=val split_dir=data/splits/intphys2 predictor_mode=from_file metadata_file=data/annotations/intphys2_metadata.csv
[eval.intphys2] Loaded split assignments | split_scenes=51 split_samples=204
[eval.intphys2] Generated predictions | n_predictions=204
[eval.intphys2] Scoring complete | accuracy=50.0000 voe_accuracy=15.6863 n_scenes=51 n_samples=204
[eval.intphys2] Artifacts written | output_dir=artifacts/probes/intphys2/intphys2_probe_temporal_attn_jepa_v1_vith16_384_20260502T005830Z/layer_8/train/trial_0002/val_eval
wandb: updating run metadata
wandb: uploading output.log; uploading wandb-summary.json; uploading config.yaml
wandb: uploading data
wandb: 
wandb: Run history:
wandb:          epoch ▁▁▁▂▂▂▂▂▂▂▃▃▃▃▃▄▄▄▅▅▅▅▅▅▅▆▆▆▆▆▇▇▇▇▇▇████
wandb: train_accuracy █▁▁▁▁▁▁▁▁▁▁▁▁▁▁▁▁▁▁▁▁▁▁▁▁▁▁▁▁▁▁▁▁▁▁▁▁▁▁▁
wandb:     train_loss ▁█▂                                     
wandb:   val_accuracy ▁▁▁▁▁▁▁▁▁▁▁▁▁▁▁▁▁▁▁▁▁▁▁▁▁▁▁▁▁▁▁▁▁▁▁▁▁▁▁▁
wandb:       val_loss ▁█                                      
wandb: 
wandb: Run summary:
wandb:           best_epoch 2
wandb:    best_val_accuracy 50
wandb:        best_val_loss 0.82241
wandb: checkpoint_best_path artifacts/probes/int...
wandb: checkpoint_last_path artifacts/probes/int...
wandb:      checkpoint_path artifacts/probes/int...
wandb:              dataset intphys2
wandb:      elapsed_seconds 5236.80741
wandb:                epoch 100
wandb:    feature_signature 78346a9facde6609
wandb:                  +20 ...
wandb: 
wandb: 🚀 View run intphys2_temporal_attn_jepa_v1_vith16_384_layer_8/trial_0002 at: https://wandb.ai/caselli-niccolo-developer-university-of-amsterdam/probe4physics/runs/oinof53b
wandb: ⭐️ View project at: https://wandb.ai/caselli-niccolo-developer-university-of-amsterdam/probe4physics
wandb: Synced 5 W&B file(s), 0 media file(s), 0 artifact file(s) and 0 other file(s)
wandb: Find logs at: ./wandb/run-20260502_052807-oinof53b/logs
[I 2026-05-02 06:55:29,535] Trial 2 finished with value: 15.686274509803921 and parameters: {'lr': 0.0005987474910461401, 'weight_decay': 1.8997763474111273e-08, 'batch_size': 1, 'num_heads': 8, 'num_self_attn_blocks': 3, 'mlp_ratio': 2.0, 'dropout': 0.14855307303338106}. Best is trial 0 with value: 17.647058823529413.
wandb: setting up run 2nhng0q9
wandb: Tracking run with wandb version 0.26.1
wandb: Run data is saved locally in /gpfs/home3/scur0511/Probe4Physics/wandb/run-20260502_065545-2nhng0q9
wandb: Run `wandb offline` to turn off syncing.
wandb: Syncing run intphys2_temporal_attn_jepa_v1_vith16_384_layer_8/trial_0003
wandb: ⭐️ View project at https://wandb.ai/caselli-niccolo-developer-university-of-amsterdam/probe4physics
wandb: 🚀 View run at https://wandb.ai/caselli-niccolo-developer-university-of-amsterdam/probe4physics/runs/2nhng0q9
[eval.intphys2] Starting eval | split_name=val split_dir=data/splits/intphys2 predictor_mode=from_file metadata_file=data/annotations/intphys2_metadata.csv
[eval.intphys2] Loaded split assignments | split_scenes=51 split_samples=204
[eval.intphys2] Generated predictions | n_predictions=204
[eval.intphys2] Scoring complete | accuracy=57.3529 voe_accuracy=15.6863 n_scenes=51 n_samples=204
[eval.intphys2] Artifacts written | output_dir=artifacts/probes/intphys2/intphys2_probe_temporal_attn_jepa_v1_vith16_384_20260502T005830Z/layer_8/train/trial_0003/val_eval
wandb: updating run metadata
wandb: uploading wandb-summary.json; uploading config.yaml; uploading output.log
wandb: uploading history steps 99-99, summary, console lines 0-4
wandb: 
wandb: Run history:
wandb:          epoch ▁▁▁▁▂▂▂▂▂▂▃▃▃▃▃▃▃▃▄▄▄▄▄▅▅▅▅▅▆▆▆▆▆▇▇▇▇███
wandb: train_accuracy ▂▁▂▂▂▂▂▁▁▂▂▁▂▁▂▂▂▂▂▂▂▃▂▂▂▂▃▂▂▂▃▃▃▄▅▆▆▇▇█
wandb:     train_loss ███████████████▇█▇▇▇███▇▇█▇▇▇▇▇▆▆▅▅▄▃▂▂▁
wandb:   val_accuracy ▂▂▁▂▂▃▂▂▂▂▂▂▃▂▃▂▃▂▂▂▂▃▂▁▃▂▂▂▁▁▄▂▄▄▂▄█▃▇▄
wandb:       val_loss ▁▁▁▁▁▁▁▁▁▁▁▁▁▁▁▁▁▁▁▁▁▁▁▁▁▁▁▁▁▁▁▁▁▂▁▃▃▅▅█
wandb: 
wandb: Run summary:
wandb:           best_epoch 91
wandb:    best_val_accuracy 57.35294
wandb:        best_val_loss 1.15279
wandb: checkpoint_best_path artifacts/probes/int...
wandb: checkpoint_last_path artifacts/probes/int...
wandb:      checkpoint_path artifacts/probes/int...
wandb:              dataset intphys2
wandb:      elapsed_seconds 1963.62757
wandb:                epoch 100
wandb:    feature_signature 78346a9facde6609
wandb:                  +22 ...
wandb: 
wandb: 🚀 View run intphys2_temporal_attn_jepa_v1_vith16_384_layer_8/trial_0003 at: https://wandb.ai/caselli-niccolo-developer-university-of-amsterdam/probe4physics/runs/2nhng0q9
wandb: ⭐️ View project at: https://wandb.ai/caselli-niccolo-developer-university-of-amsterdam/probe4physics
wandb: Synced 5 W&B file(s), 0 media file(s), 0 artifact file(s) and 0 other file(s)
wandb: Find logs at: ./wandb/run-20260502_065545-2nhng0q9/logs
[I 2026-05-02 07:28:35,465] Trial 3 finished with value: 15.686274509803921 and parameters: {'lr': 1.2681352169084594e-05, 'weight_decay': 0.0028570800750407216, 'batch_size': 2, 'num_heads': 8, 'num_self_attn_blocks': 1, 'mlp_ratio': 2.0, 'dropout': 0.27656227050693505}. Best is trial 0 with value: 17.647058823529413.
wandb: setting up run lc6yp4xa
wandb: Tracking run with wandb version 0.26.1
wandb: Run data is saved locally in /gpfs/home3/scur0511/Probe4Physics/wandb/run-20260502_072857-lc6yp4xa
wandb: Run `wandb offline` to turn off syncing.
wandb: Syncing run intphys2_temporal_attn_jepa_v1_vith16_384_layer_8/trial_0004
wandb: ⭐️ View project at https://wandb.ai/caselli-niccolo-developer-university-of-amsterdam/probe4physics
wandb: 🚀 View run at https://wandb.ai/caselli-niccolo-developer-university-of-amsterdam/probe4physics/runs/lc6yp4xa
[eval.intphys2] Starting eval | split_name=val split_dir=data/splits/intphys2 predictor_mode=from_file metadata_file=data/annotations/intphys2_metadata.csv
[eval.intphys2] Loaded split assignments | split_scenes=51 split_samples=204
[eval.intphys2] Generated predictions | n_predictions=204
[eval.intphys2] Scoring complete | accuracy=60.2941 voe_accuracy=27.4510 n_scenes=51 n_samples=204
[eval.intphys2] Artifacts written | output_dir=artifacts/probes/intphys2/intphys2_probe_temporal_attn_jepa_v1_vith16_384_20260502T005830Z/layer_8/train/trial_0004/val_eval
wandb: updating run metadata
wandb: uploading history steps 99-99, summary, console lines 0-4
wandb: 
wandb: Run history:
wandb:          epoch ▁▁▁▁▂▂▂▂▂▂▃▃▃▃▄▄▄▄▄▄▅▅▅▅▅▅▅▅▅▅▆▆▆▇▇▇▇▇▇█
wandb: train_accuracy ▂▂▁▂▂▁▂▂▂▂▃▁▂▂▁▂▂▂▁▁▂▂▂▂▂▂▂▂▂▂▂▂▂▂▃▅▅▇▇█
wandb:     train_loss ██▇█▇▇▇▇▇▇▇▇▇▇▇▇▇▇▇▇▇▇▇▇▇▇▇▇▇▇▇▇▇▇▇▅▅▅▃▁
wandb:   val_accuracy ▂▂▂▂▁▂▁▂▃▂▂▂▂▂▂▂▂▂▂▂▂▂▁▂▂▁▂▂▂▂▂▄▄▃▄▅▅█▇▄
wandb:       val_loss ▁▁▁▁▁▁▁▁▁▁▁▁▁▁▁▁▁▁▁▁▁▁▁▁▁▁▁▁▁▁▁▁▁▁▁▁▂▃█▃
wandb: 
wandb: Run summary:
wandb:           best_epoch 100
wandb:    best_val_accuracy 60.29412
wandb:        best_val_loss 0.99069
wandb: checkpoint_best_path artifacts/probes/int...
wandb: checkpoint_last_path artifacts/probes/int...
wandb:      checkpoint_path artifacts/probes/int...
wandb:              dataset intphys2
wandb:      elapsed_seconds 3377.25283
wandb:                epoch 100
wandb:    feature_signature 78346a9facde6609
wandb:                  +22 ...
wandb: 
wandb: 🚀 View run intphys2_temporal_attn_jepa_v1_vith16_384_layer_8/trial_0004 at: https://wandb.ai/caselli-niccolo-developer-university-of-amsterdam/probe4physics/runs/lc6yp4xa
wandb: ⭐️ View project at: https://wandb.ai/caselli-niccolo-developer-university-of-amsterdam/probe4physics
wandb: Synced 5 W&B file(s), 0 media file(s), 0 artifact file(s) and 0 other file(s)
wandb: Find logs at: ./wandb/run-20260502_072857-lc6yp4xa/logs
[I 2026-05-02 08:25:16,123] Trial 4 finished with value: 27.450980392156865 and parameters: {'lr': 1.8427970406864546e-05, 'weight_decay': 1.499329805509153e-07, 'batch_size': 4, 'num_heads': 8, 'num_self_attn_blocks': 2, 'mlp_ratio': 2.0, 'dropout': 0.2960660809801552}. Best is trial 4 with value: 27.450980392156865.
wandb: setting up run hrpofnuv
wandb: Tracking run with wandb version 0.26.1
wandb: Run data is saved locally in /gpfs/home3/scur0511/Probe4Physics/wandb/run-20260502_082533-hrpofnuv
wandb: Run `wandb offline` to turn off syncing.
wandb: Syncing run intphys2_temporal_attn_jepa_v1_vith16_384_layer_8/trial_0005
wandb: ⭐️ View project at https://wandb.ai/caselli-niccolo-developer-university-of-amsterdam/probe4physics
wandb: 🚀 View run at https://wandb.ai/caselli-niccolo-developer-university-of-amsterdam/probe4physics/runs/hrpofnuv
[eval.intphys2] Starting eval | split_name=val split_dir=data/splits/intphys2 predictor_mode=from_file metadata_file=data/annotations/intphys2_metadata.csv
[eval.intphys2] Loaded split assignments | split_scenes=51 split_samples=204
[eval.intphys2] Generated predictions | n_predictions=204
[eval.intphys2] Scoring complete | accuracy=50.0000 voe_accuracy=0.0000 n_scenes=51 n_samples=204
[eval.intphys2] Artifacts written | output_dir=artifacts/probes/intphys2/intphys2_probe_temporal_attn_jepa_v1_vith16_384_20260502T005830Z/layer_8/train/trial_0005/val_eval
wandb: updating run metadata
wandb: uploading history steps 99-99, summary, console lines 0-4
wandb: 
wandb: Run history:
wandb:          epoch ▁▁▁▁▁▂▂▂▂▂▃▃▃▃▃▄▄▄▅▅▅▅▅▆▆▆▆▆▆▆▇▇▇▇▇▇▇▇██
wandb: train_accuracy ▁█▃▃▃▃▃▃▃▃▃▃▃▃▃▃▃▃▃▃▃▃▃▃▃▃▃▃▃▃▃▃▃▃▃▃▃▃▃▃
wandb:   val_accuracy ▁▁▁▁▁▁▁▁▁▁▁▁▁▁▁▁▁▁▁▁▁▁▁▁▁▁▁▁▁▁▁▁▁▁▁▁▁▁▁▁
wandb:       val_loss ▁                                       
wandb:             +1 ...
wandb: 
wandb: Run summary:
wandb:           best_epoch 1
wandb:    best_val_accuracy 50
wandb:        best_val_loss 369.36774
wandb: checkpoint_best_path artifacts/probes/int...
wandb: checkpoint_last_path artifacts/probes/int...
wandb:      checkpoint_path artifacts/probes/int...
wandb:              dataset intphys2
wandb:      elapsed_seconds 4948.95422
wandb:                epoch 100
wandb:    feature_signature 78346a9facde6609
wandb:                  +20 ...
wandb: 
wandb: 🚀 View run intphys2_temporal_attn_jepa_v1_vith16_384_layer_8/trial_0005 at: https://wandb.ai/caselli-niccolo-developer-university-of-amsterdam/probe4physics/runs/hrpofnuv
wandb: ⭐️ View project at: https://wandb.ai/caselli-niccolo-developer-university-of-amsterdam/probe4physics
wandb: Synced 5 W&B file(s), 0 media file(s), 0 artifact file(s) and 0 other file(s)
wandb: Find logs at: ./wandb/run-20260502_082533-hrpofnuv/logs
[I 2026-05-02 09:48:09,769] Trial 5 finished with value: 0.0 and parameters: {'lr': 0.0020736445177905022, 'weight_decay': 1.5570196345516594e-07, 'batch_size': 2, 'num_heads': 8, 'num_self_attn_blocks': 3, 'mlp_ratio': 2.0, 'dropout': 0.01906750508580709}. Best is trial 4 with value: 27.450980392156865.
wandb: Tracking run with wandb version 0.26.1
wandb: Run data is saved locally in /gpfs/home3/scur0511/Probe4Physics/wandb/run-20260502_094830-8ww3pncv
wandb: Run `wandb offline` to turn off syncing.
wandb: Syncing run intphys2_temporal_attn_jepa_v1_vith16_384_layer_8/trial_0006
wandb: ⭐️ View project at https://wandb.ai/caselli-niccolo-developer-university-of-amsterdam/probe4physics
wandb: 🚀 View run at https://wandb.ai/caselli-niccolo-developer-university-of-amsterdam/probe4physics/runs/8ww3pncv
[eval.intphys2] Starting eval | split_name=val split_dir=data/splits/intphys2 predictor_mode=from_file metadata_file=data/annotations/intphys2_metadata.csv
[eval.intphys2] Loaded split assignments | split_scenes=51 split_samples=204
[eval.intphys2] Generated predictions | n_predictions=204
[eval.intphys2] Scoring complete | accuracy=50.9804 voe_accuracy=7.8431 n_scenes=51 n_samples=204
[eval.intphys2] Artifacts written | output_dir=artifacts/probes/intphys2/intphys2_probe_temporal_attn_jepa_v1_vith16_384_20260502T005830Z/layer_8/train/trial_0006/val_eval
wandb: updating run metadata
wandb: uploading output.log; uploading wandb-summary.json; uploading config.yaml
wandb: 
wandb: Run history:
wandb:          epoch ▁▁▁▁▁▂▂▂▂▂▂▃▃▃▃▃▄▄▄▄▄▄▄▅▅▅▅▆▆▆▆▆▇▇▇▇▇▇██
wandb: train_accuracy █▅▄▃▅▄▄▆▄▃▄▄▆▃▅▃▃▁▄▆▃▂▆▂▁▂▄▅▃▄▄▄▅▆▅▄▅▆█▄
wandb:     train_loss █▅▂▁▂▁▁▁▁▁▁▁▁▁▁▂▂▁▁▁▁▁▂▁▁▁▁▁▁▁▁▁▁▁▂▁▁▁▁▁
wandb:   val_accuracy ▃▄▄▄▄▄▄▄▄▄▄▄█▄▄▃▄▆▆▄▄▁▃▄▄▄▄▆▆▄▄▃▃▄▄▄▄▄▄▄
wandb:       val_loss █▂▁▁▁▁▁▁▁▁▁▁▁▁▁▁▁▁▁▁▁▁▁▁▁▁▁▁▁▁▁▁▁▁▁▁▁▁▁▃
wandb: 
wandb: Run summary:
wandb:           best_epoch 31
wandb:    best_val_accuracy 50.9804
wandb:        best_val_loss 0.69316
wandb: checkpoint_best_path artifacts/probes/int...
wandb: checkpoint_last_path artifacts/probes/int...
wandb:      checkpoint_path artifacts/probes/int...
wandb:              dataset intphys2
wandb:      elapsed_seconds 6020.86519
wandb:                epoch 100
wandb:    feature_signature 78346a9facde6609
wandb:                  +22 ...
wandb: 
wandb: 🚀 View run intphys2_temporal_attn_jepa_v1_vith16_384_layer_8/trial_0006 at: https://wandb.ai/caselli-niccolo-developer-university-of-amsterdam/probe4physics/runs/8ww3pncv
wandb: ⭐️ View project at: https://wandb.ai/caselli-niccolo-developer-university-of-amsterdam/probe4physics
wandb: Synced 5 W&B file(s), 0 media file(s), 0 artifact file(s) and 0 other file(s)
wandb: Find logs at: ./wandb/run-20260502_094830-8ww3pncv/logs
[I 2026-05-02 11:28:58,052] Trial 6 finished with value: 7.8431372549019605 and parameters: {'lr': 8.569331925053983e-05, 'weight_decay': 8.93511059033186e-07, 'batch_size': 4, 'num_heads': 16, 'num_self_attn_blocks': 3, 'mlp_ratio': 4.0, 'dropout': 0.12826230550756487}. Best is trial 4 with value: 27.450980392156865.
wandb: setting up run zc8kr3g9
wandb: Tracking run with wandb version 0.26.1
wandb: Run data is saved locally in /gpfs/home3/scur0511/Probe4Physics/wandb/run-20260502_112918-zc8kr3g9
wandb: Run `wandb offline` to turn off syncing.
wandb: Syncing run intphys2_temporal_attn_jepa_v1_vith16_384_layer_8/trial_0007
wandb: ⭐️ View project at https://wandb.ai/caselli-niccolo-developer-university-of-amsterdam/probe4physics
wandb: 🚀 View run at https://wandb.ai/caselli-niccolo-developer-university-of-amsterdam/probe4physics/runs/zc8kr3g9
[eval.intphys2] Starting eval | split_name=val split_dir=data/splits/intphys2 predictor_mode=from_file metadata_file=data/annotations/intphys2_metadata.csv
[eval.intphys2] Loaded split assignments | split_scenes=51 split_samples=204
[eval.intphys2] Generated predictions | n_predictions=204
[eval.intphys2] Scoring complete | accuracy=53.4314 voe_accuracy=11.7647 n_scenes=51 n_samples=204
[eval.intphys2] Artifacts written | output_dir=artifacts/probes/intphys2/intphys2_probe_temporal_attn_jepa_v1_vith16_384_20260502T005830Z/layer_8/train/trial_0007/val_eval
wandb: updating run metadata
wandb: uploading output.log; uploading wandb-summary.json; uploading config.yaml
wandb: 
wandb: Run history:
wandb:          epoch ▁▁▁▁▁▂▂▂▂▂▂▃▃▃▃▄▄▄▄▄▄▅▅▅▅▅▅▆▆▆▆▆▆▆▇▇▇███
wandb: train_accuracy ▅▄▂▁▆▆▂▇▅▁▇▅▂▄▆▄▅▅▇▅▆▆▄▄▇▃▃▃▄▅▄▄▅█▅▅▄▇▇▆
wandb:     train_loss █▆▅▃▃▃▃▃▂▃▃▃▃▂▂▂▂▂▂▂▂▂▂▂▂▂▂▂▂▂▂▂▂▂▂▁▂▂▁▁
wandb:   val_accuracy ▄▂▄▄▄▄█▄▄▄▄▄▄▄▄▄▄▄▄▄▇▄▄▄▄▂▅▄▅▄▁▄▄▄▄▇▄▂▄▅
wandb:       val_loss ▂▃▂▂▂▂▂▁▁▁▁▁▁▂▁▁▂▁▁▁▁▂▁▁▂▁▁▁▁▁▁▁▁▁▁▂▁█▁▁
wandb: 
wandb: Run summary:
wandb:           best_epoch 97
wandb:    best_val_accuracy 53.43137
wandb:        best_val_loss 0.69507
wandb: checkpoint_best_path artifacts/probes/int...
wandb: checkpoint_last_path artifacts/probes/int...
wandb:      checkpoint_path artifacts/probes/int...
wandb:              dataset intphys2
wandb:      elapsed_seconds 3986.657
wandb:                epoch 100
wandb:    feature_signature 78346a9facde6609
wandb:                  +22 ...
wandb: 
wandb: 🚀 View run intphys2_temporal_attn_jepa_v1_vith16_384_layer_8/trial_0007 at: https://wandb.ai/caselli-niccolo-developer-university-of-amsterdam/probe4physics/runs/zc8kr3g9
wandb: ⭐️ View project at: https://wandb.ai/caselli-niccolo-developer-university-of-amsterdam/probe4physics
wandb: Synced 5 W&B file(s), 0 media file(s), 0 artifact file(s) and 0 other file(s)
wandb: Find logs at: ./wandb/run-20260502_112918-zc8kr3g9/logs
[I 2026-05-02 12:35:48,430] Trial 7 finished with value: 11.76470588235294 and parameters: {'lr': 1.1919481947918725e-05, 'weight_decay': 4.439648242927518e-08, 'batch_size': 2, 'num_heads': 8, 'num_self_attn_blocks': 2, 'mlp_ratio': 4.0, 'dropout': 0.04836638617620132}. Best is trial 4 with value: 27.450980392156865.
wandb: Tracking run with wandb version 0.26.1
wandb: Run data is saved locally in /gpfs/home3/scur0511/Probe4Physics/wandb/run-20260502_123608-yki2e6jf
wandb: Run `wandb offline` to turn off syncing.
wandb: Syncing run intphys2_temporal_attn_jepa_v1_vith16_384_layer_8/trial_0008
wandb: ⭐️ View project at https://wandb.ai/caselli-niccolo-developer-university-of-amsterdam/probe4physics
wandb: 🚀 View run at https://wandb.ai/caselli-niccolo-developer-university-of-amsterdam/probe4physics/runs/yki2e6jf
[2026-05-02T12:58:28.298] error: *** JOB 22413451 ON gcn97 CANCELLED AT 2026-05-02T12:58:28 DUE TO TIME LIMIT ***
