============================================================================================== 
Warning! Mixing Conda and module environments may lead to corruption of the
user environment. 
We do not recommend users mixing those two environments unless absolutely
necessary. Note that 
SURF does not provide any support for Conda environment.
For more information, please refer to our software policy page:
https://servicedesk.surf.nl/wiki/display/WIKI/Software+policy+Snellius#SoftwarepolicySnellius-UseofAnacondaandMinicondaenvironmentsonSnellius 

Remember that many packages have already been installed on the system and can
be loaded using 
the 'module load <package__name>' command. If you are uncertain if a package is
already available 
on the system, please use 'module avail' or 'module spider' to search for it.
============================================================================================== 
[I 2026-05-02 02:58:34,961] A new study created in RDB with name: intphys2_temporal_attn_videomae_vit_huge_16_224_layer_8
wandb: [wandb.login()] Loaded credentials for https://api.wandb.ai from /home/scur0511/.netrc.
wandb: Currently logged in as: caselli-niccolo-developer (caselli-niccolo-developer-university-of-amsterdam) to https://api.wandb.ai. Use `wandb login --relogin` to force relogin
wandb: setting up run 8a0dwdom
wandb: Tracking run with wandb version 0.26.1
wandb: Run data is saved locally in /gpfs/home3/scur0511/Probe4Physics/wandb/run-20260502_025900-8a0dwdom
wandb: Run `wandb offline` to turn off syncing.
wandb: Syncing run intphys2_temporal_attn_videomae_vit_huge_16_224_layer_8/trial_0000
wandb: ⭐️ View project at https://wandb.ai/caselli-niccolo-developer-university-of-amsterdam/probe4physics
wandb: 🚀 View run at https://wandb.ai/caselli-niccolo-developer-university-of-amsterdam/probe4physics/runs/8a0dwdom
[eval.intphys2] Starting eval | split_name=val split_dir=data/splits/intphys2 predictor_mode=from_file metadata_file=data/annotations/intphys2_metadata.csv
[eval.intphys2] Loaded split assignments | split_scenes=51 split_samples=204
[eval.intphys2] Generated predictions | n_predictions=204
[eval.intphys2] Scoring complete | accuracy=52.4510 voe_accuracy=7.8431 n_scenes=51 n_samples=204
[eval.intphys2] Artifacts written | output_dir=artifacts/probes/intphys2/intphys2_probe_temporal_attn_videomae_vit_huge_16_224_20260502T005833Z/layer_8/train/trial_0000/val_eval
wandb: updating run metadata
wandb: uploading output.log; uploading wandb-summary.json; uploading config.yaml
wandb: uploading history steps 98-99, summary, console lines 0-4
wandb: 
wandb: Run history:
wandb:          epoch ▁▁▁▁▂▂▂▂▂▂▃▃▃▃▄▄▄▄▄▄▅▆▆▆▆▆▆▆▆▆▇▇▇▇▇▇████
wandb: train_accuracy ▆█▇▆▁▆█▅▅▃▆▄▆▅▆▄▅▁▄▃▄▃▄▄▃▃▃▄▅▅▄▃▅▃▅█▂▆▅▆
wandb:     train_loss ▅▃▁▁▁▁▂▁▁▁▂▁▁▁▁▁▁█▁▁▁▁▁▁▁▁▁▁▂▁▁▁▁▂▁▁▁▁▁▁
wandb:   val_accuracy ▃▄▅▄▄▅▃▄▄▅▃▅█▄▅▃▄▃▃▄▄▄▅▁▆▄▄▂▆▃▄▄▅▄▅▄▇▅▄▄
wandb:       val_loss ▂▁▂▁▁▁▂▁▁▁▁▁▁▁▁▁▁▂▁▅▂▅▁▁▁▁▁▁▁▁▁▁▂▁▁▁▁▁█▁
wandb: 
wandb: Run summary:
wandb:           best_epoch 27
wandb:    best_val_accuracy 52.45098
wandb:        best_val_loss 0.69485
wandb: checkpoint_best_path artifacts/probes/int...
wandb: checkpoint_last_path artifacts/probes/int...
wandb:      checkpoint_path artifacts/probes/int...
wandb:              dataset intphys2
wandb:      elapsed_seconds 1053.91861
wandb:                epoch 100
wandb:    feature_signature 1e642fe5ac5d5e7f
wandb:                  +22 ...
wandb: 
wandb: 🚀 View run intphys2_temporal_attn_videomae_vit_huge_16_224_layer_8/trial_0000 at: https://wandb.ai/caselli-niccolo-developer-university-of-amsterdam/probe4physics/runs/8a0dwdom
wandb: ⭐️ View project at: https://wandb.ai/caselli-niccolo-developer-university-of-amsterdam/probe4physics
wandb: Synced 5 W&B file(s), 0 media file(s), 0 artifact file(s) and 0 other file(s)
wandb: Find logs at: ./wandb/run-20260502_025900-8a0dwdom/logs
[I 2026-05-02 03:16:18,238] Trial 0 finished with value: 7.8431372549019605 and parameters: {'lr': 0.0001329291894316216, 'weight_decay': 0.005061576888752304, 'batch_size': 1, 'num_heads': 16, 'num_self_attn_blocks': 2, 'mlp_ratio': 2.0, 'dropout': 0.06370173320348284}. Best is trial 0 with value: 7.8431372549019605.
wandb: setting up run pta6x4co
wandb: Tracking run with wandb version 0.26.1
wandb: Run data is saved locally in /gpfs/home3/scur0511/Probe4Physics/wandb/run-20260502_031624-pta6x4co
wandb: Run `wandb offline` to turn off syncing.
wandb: Syncing run intphys2_temporal_attn_videomae_vit_huge_16_224_layer_8/trial_0001
wandb: ⭐️ View project at https://wandb.ai/caselli-niccolo-developer-university-of-amsterdam/probe4physics
wandb: 🚀 View run at https://wandb.ai/caselli-niccolo-developer-university-of-amsterdam/probe4physics/runs/pta6x4co
[eval.intphys2] Starting eval | split_name=val split_dir=data/splits/intphys2 predictor_mode=from_file metadata_file=data/annotations/intphys2_metadata.csv
[eval.intphys2] Loaded split assignments | split_scenes=51 split_samples=204
[eval.intphys2] Generated predictions | n_predictions=204
[eval.intphys2] Scoring complete | accuracy=57.3529 voe_accuracy=15.6863 n_scenes=51 n_samples=204
[eval.intphys2] Artifacts written | output_dir=artifacts/probes/intphys2/intphys2_probe_temporal_attn_videomae_vit_huge_16_224_20260502T005833Z/layer_8/train/trial_0001/val_eval
wandb: updating run metadata
wandb: uploading output.log; uploading wandb-summary.json; uploading config.yaml
wandb: uploading wandb-summary.json
wandb: 
wandb: Run history:
wandb:          epoch ▁▁▁▁▁▂▂▂▂▂▂▂▃▃▃▃▃▄▄▄▄▅▅▅▅▅▆▆▆▆▆▇▇▇▇▇████
wandb: train_accuracy ▃▄▃▃▃▃▃▃▃▁▂▃▃▃▄▃▁▄▃▃▃▃▃▃▃▂▃▃▂▃▁▂▃▂▂▃▄▅▅█
wandb:     train_loss █▆▅▅▅▅▅▅▅▅▅▅▅▄▅▄▄▄▄▄▄▄▄▄▄▄▄▄▄▄▄▄▄▄▄▃▃▃▂▁
wandb:   val_accuracy ▂▂▂▂▂▂▁▂▂▂▂▂▂▁▂▂▂▂▂▂▂▂▂▂▂▂▄▂▂▂▂▂▂▄▂▆▆▅▆█
wandb:       val_loss █▂▄▂▂▁▁▆▁▂▂▁▁▂▂▃▁▁▁▂▁▁▁▁▁▂▁▁▁▂▁▁▁▁▁▁▁▁▁▃
wandb: 
wandb: Run summary:
wandb:           best_epoch 97
wandb:    best_val_accuracy 57.35294
wandb:        best_val_loss 0.71148
wandb: checkpoint_best_path artifacts/probes/int...
wandb: checkpoint_last_path artifacts/probes/int...
wandb:      checkpoint_path artifacts/probes/int...
wandb:              dataset intphys2
wandb:      elapsed_seconds 1198.58855
wandb:                epoch 100
wandb:    feature_signature 1e642fe5ac5d5e7f
wandb:                  +22 ...
wandb: 
wandb: 🚀 View run intphys2_temporal_attn_videomae_vit_huge_16_224_layer_8/trial_0001 at: https://wandb.ai/caselli-niccolo-developer-university-of-amsterdam/probe4physics/runs/pta6x4co
wandb: ⭐️ View project at: https://wandb.ai/caselli-niccolo-developer-university-of-amsterdam/probe4physics
wandb: Synced 5 W&B file(s), 0 media file(s), 0 artifact file(s) and 0 other file(s)
wandb: Find logs at: ./wandb/run-20260502_031624-pta6x4co/logs
[I 2026-05-02 03:36:25,647] Trial 1 finished with value: 15.686274509803921 and parameters: {'lr': 3.511356313970405e-05, 'weight_decay': 1.2601639723276798e-07, 'batch_size': 2, 'num_heads': 8, 'num_self_attn_blocks': 3, 'mlp_ratio': 2.0, 'dropout': 0.15427033152408348}. Best is trial 1 with value: 15.686274509803921.
wandb: setting up run pck4vcbh
wandb: Tracking run with wandb version 0.26.1
wandb: Run data is saved locally in /gpfs/home3/scur0511/Probe4Physics/wandb/run-20260502_033632-pck4vcbh
wandb: Run `wandb offline` to turn off syncing.
wandb: Syncing run intphys2_temporal_attn_videomae_vit_huge_16_224_layer_8/trial_0002
wandb: ⭐️ View project at https://wandb.ai/caselli-niccolo-developer-university-of-amsterdam/probe4physics
wandb: 🚀 View run at https://wandb.ai/caselli-niccolo-developer-university-of-amsterdam/probe4physics/runs/pck4vcbh
[eval.intphys2] Starting eval | split_name=val split_dir=data/splits/intphys2 predictor_mode=from_file metadata_file=data/annotations/intphys2_metadata.csv
[eval.intphys2] Loaded split assignments | split_scenes=51 split_samples=204
[eval.intphys2] Generated predictions | n_predictions=204
[eval.intphys2] Scoring complete | accuracy=51.4706 voe_accuracy=0.0000 n_scenes=51 n_samples=204
[eval.intphys2] Artifacts written | output_dir=artifacts/probes/intphys2/intphys2_probe_temporal_attn_videomae_vit_huge_16_224_20260502T005833Z/layer_8/train/trial_0002/val_eval
wandb: updating run metadata
wandb: uploading wandb-summary.json; uploading config.yaml; uploading output.log
wandb: uploading history steps 99-99, summary, console lines 0-4
wandb: 
wandb: Run history:
wandb:          epoch ▁▁▁▁▁▂▂▂▃▃▃▃▃▄▄▄▄▄▄▄▄▄▅▅▅▅▆▆▆▆▆▆▆▇▇▇▇▇██
wandb: train_accuracy ▂▄▅▃▅▆▃▄▁▄█▅▅▅▅▅▅▅▅▅▅▅▅▅▅▅▅▅▅▅▅▅▅▅▅▅▅▅▅▅
wandb:     train_loss ▁▁▁▁▁█▃▆▆                               
wandb:   val_accuracy ▄▁▄▄▄▄▄█▄▄▄▂▄▄▄▄▄▄▄▄▄▄▄▄▄▄▄▄▄▄▄▄▄▄▄▄▄▄▄▄
wandb:       val_loss ▁▁▁▁▁██▂▁▁                              
wandb: 
wandb: Run summary:
wandb:           best_epoch 16
wandb:    best_val_accuracy 51.47059
wandb:        best_val_loss 2954.71143
wandb: checkpoint_best_path artifacts/probes/int...
wandb: checkpoint_last_path artifacts/probes/int...
wandb:      checkpoint_path artifacts/probes/int...
wandb:              dataset intphys2
wandb:      elapsed_seconds 1313.92055
wandb:                epoch 100
wandb:    feature_signature 1e642fe5ac5d5e7f
wandb:                  +20 ...
wandb: 
wandb: 🚀 View run intphys2_temporal_attn_videomae_vit_huge_16_224_layer_8/trial_0002 at: https://wandb.ai/caselli-niccolo-developer-university-of-amsterdam/probe4physics/runs/pck4vcbh
wandb: ⭐️ View project at: https://wandb.ai/caselli-niccolo-developer-university-of-amsterdam/probe4physics
wandb: Synced 5 W&B file(s), 0 media file(s), 0 artifact file(s) and 0 other file(s)
wandb: Find logs at: ./wandb/run-20260502_033632-pck4vcbh/logs
[I 2026-05-02 03:58:28,560] Trial 2 finished with value: 0.0 and parameters: {'lr': 0.0005987474910461401, 'weight_decay': 1.8997763474111273e-08, 'batch_size': 1, 'num_heads': 8, 'num_self_attn_blocks': 3, 'mlp_ratio': 2.0, 'dropout': 0.14855307303338106}. Best is trial 1 with value: 15.686274509803921.
wandb: setting up run jpwdluzb
wandb: Tracking run with wandb version 0.26.1
wandb: Run data is saved locally in /gpfs/home3/scur0511/Probe4Physics/wandb/run-20260502_035834-jpwdluzb
wandb: Run `wandb offline` to turn off syncing.
wandb: Syncing run intphys2_temporal_attn_videomae_vit_huge_16_224_layer_8/trial_0003
wandb: ⭐️ View project at https://wandb.ai/caselli-niccolo-developer-university-of-amsterdam/probe4physics
wandb: 🚀 View run at https://wandb.ai/caselli-niccolo-developer-university-of-amsterdam/probe4physics/runs/jpwdluzb
[eval.intphys2] Starting eval | split_name=val split_dir=data/splits/intphys2 predictor_mode=from_file metadata_file=data/annotations/intphys2_metadata.csv
[eval.intphys2] Loaded split assignments | split_scenes=51 split_samples=204
[eval.intphys2] Generated predictions | n_predictions=204
[eval.intphys2] Scoring complete | accuracy=51.4706 voe_accuracy=9.8039 n_scenes=51 n_samples=204
[eval.intphys2] Artifacts written | output_dir=artifacts/probes/intphys2/intphys2_probe_temporal_attn_videomae_vit_huge_16_224_20260502T005833Z/layer_8/train/trial_0003/val_eval
wandb: updating run metadata
wandb: uploading output.log; uploading wandb-summary.json; uploading config.yaml
wandb: 
wandb: Run history:
wandb:          epoch ▁▁▁▁▁▂▂▂▂▂▃▃▃▃▃▄▄▄▄▄▄▄▅▅▅▅▅▆▆▆▆▆▆▇▇▇▇▇██
wandb: train_accuracy ▅▄▃▅▆▃▆▁▃▅▆▄▃▆▆▄▅▄▇▆▆▅▅▄▅▅▆▁▅▅▃▅▃█▆▅▂▆▆▆
wandb:     train_loss █▅▄▃▃▂▂▂▂▂▂▂▂▂▂▂▂▂▂▂▂▂▂▁▂▁▁▂▁▁▁▂▁▁▁▂▁▁▁▁
wandb:   val_accuracy ▄▄▄▄▂▄▄▄▄▄▄▄█▄▄▄▄▇▄▄▄▁▄▄▃▄▄▄▄▄▄▄▄▆▄▂▄▄▄▆
wandb:       val_loss █▄▄▂▁▄▁▁▄▁▂▁▁▂▁▂▁▁▁▂▂▁▂▁▁▁▁▁▁▁▁▁▁▁▁▁▁▁▆▁
wandb: 
wandb: Run summary:
wandb:           best_epoch 78
wandb:    best_val_accuracy 51.47059
wandb:        best_val_loss 0.69342
wandb: checkpoint_best_path artifacts/probes/int...
wandb: checkpoint_last_path artifacts/probes/int...
wandb:      checkpoint_path artifacts/probes/int...
wandb:              dataset intphys2
wandb:      elapsed_seconds 502.7158
wandb:                epoch 100
wandb:    feature_signature 1e642fe5ac5d5e7f
wandb:                  +22 ...
wandb: 
wandb: 🚀 View run intphys2_temporal_attn_videomae_vit_huge_16_224_layer_8/trial_0003 at: https://wandb.ai/caselli-niccolo-developer-university-of-amsterdam/probe4physics/runs/jpwdluzb
wandb: ⭐️ View project at: https://wandb.ai/caselli-niccolo-developer-university-of-amsterdam/probe4physics
wandb: Synced 5 W&B file(s), 0 media file(s), 0 artifact file(s) and 0 other file(s)
wandb: Find logs at: ./wandb/run-20260502_035834-jpwdluzb/logs
[I 2026-05-02 04:06:58,687] Trial 3 finished with value: 9.803921568627452 and parameters: {'lr': 1.2681352169084594e-05, 'weight_decay': 0.0028570800750407216, 'batch_size': 2, 'num_heads': 8, 'num_self_attn_blocks': 1, 'mlp_ratio': 2.0, 'dropout': 0.27656227050693505}. Best is trial 1 with value: 15.686274509803921.
wandb: setting up run dlwoeru8
wandb: Tracking run with wandb version 0.26.1
wandb: Run data is saved locally in /gpfs/home3/scur0511/Probe4Physics/wandb/run-20260502_040705-dlwoeru8
wandb: Run `wandb offline` to turn off syncing.
wandb: Syncing run intphys2_temporal_attn_videomae_vit_huge_16_224_layer_8/trial_0004
wandb: ⭐️ View project at https://wandb.ai/caselli-niccolo-developer-university-of-amsterdam/probe4physics
wandb: 🚀 View run at https://wandb.ai/caselli-niccolo-developer-university-of-amsterdam/probe4physics/runs/dlwoeru8
[eval.intphys2] Starting eval | split_name=val split_dir=data/splits/intphys2 predictor_mode=from_file metadata_file=data/annotations/intphys2_metadata.csv
[eval.intphys2] Loaded split assignments | split_scenes=51 split_samples=204
[eval.intphys2] Generated predictions | n_predictions=204
[eval.intphys2] Scoring complete | accuracy=51.4706 voe_accuracy=7.8431 n_scenes=51 n_samples=204
[eval.intphys2] Artifacts written | output_dir=artifacts/probes/intphys2/intphys2_probe_temporal_attn_videomae_vit_huge_16_224_20260502T005833Z/layer_8/train/trial_0004/val_eval
wandb: updating run metadata
wandb: uploading output.log; uploading wandb-summary.json; uploading config.yaml
wandb: uploading history steps 98-99, summary, console lines 0-4
wandb: 
wandb: Run history:
wandb:          epoch ▁▁▁▁▂▂▂▂▃▃▃▃▄▄▄▄▄▄▅▅▅▅▅▅▅▅▆▆▆▆▇▇▇▇▇█████
wandb: train_accuracy █▃▄▆▄▁▁▂▅▄▄▃▄▄▆▅▅▆▄▄▆▄▆▄▅▃▃▆▅▂▄▃▅▅▇▅▆▆▇▅
wandb:     train_loss ▆█▃▄▃▃▃▃▂▂▂▂▂▂▂▂▂▁▂▂▂▁▁▂▁▂▁▁▁▁▁▁▁▁▁▁▁▁▁▁
wandb:   val_accuracy ▂▁▂▄▄▁▄▄▅▄▄▄▄▄▄▄▄▅▄▄▄█▄▄▁▅▂▄▄▄▄▄▄▄█▄▄▂▄▂
wandb:       val_loss ▂▂▂▂▂▁▃▁▁▂▂▁▁▁▁▁▁▁▁▁▁▂▁▁▂▁▁▁▁▁▁▁▁▁▁▁█▁▁▁
wandb: 
wandb: Run summary:
wandb:           best_epoch 61
wandb:    best_val_accuracy 51.47059
wandb:        best_val_loss 0.6936
wandb: checkpoint_best_path artifacts/probes/int...
wandb: checkpoint_last_path artifacts/probes/int...
wandb:      checkpoint_path artifacts/probes/int...
wandb:              dataset intphys2
wandb:      elapsed_seconds 783.07806
wandb:                epoch 100
wandb:    feature_signature 1e642fe5ac5d5e7f
wandb:                  +22 ...
wandb: 
wandb: 🚀 View run intphys2_temporal_attn_videomae_vit_huge_16_224_layer_8/trial_0004 at: https://wandb.ai/caselli-niccolo-developer-university-of-amsterdam/probe4physics/runs/dlwoeru8
wandb: ⭐️ View project at: https://wandb.ai/caselli-niccolo-developer-university-of-amsterdam/probe4physics
wandb: Synced 5 W&B file(s), 0 media file(s), 0 artifact file(s) and 0 other file(s)
wandb: Find logs at: ./wandb/run-20260502_040705-dlwoeru8/logs
[I 2026-05-02 04:20:09,952] Trial 4 finished with value: 7.8431372549019605 and parameters: {'lr': 1.8427970406864546e-05, 'weight_decay': 1.499329805509153e-07, 'batch_size': 4, 'num_heads': 8, 'num_self_attn_blocks': 2, 'mlp_ratio': 2.0, 'dropout': 0.2960660809801552}. Best is trial 1 with value: 15.686274509803921.
wandb: setting up run 0iu81grb
wandb: Tracking run with wandb version 0.26.1
wandb: Run data is saved locally in /gpfs/home3/scur0511/Probe4Physics/wandb/run-20260502_042016-0iu81grb
wandb: Run `wandb offline` to turn off syncing.
wandb: Syncing run intphys2_temporal_attn_videomae_vit_huge_16_224_layer_8/trial_0005
wandb: ⭐️ View project at https://wandb.ai/caselli-niccolo-developer-university-of-amsterdam/probe4physics
wandb: 🚀 View run at https://wandb.ai/caselli-niccolo-developer-university-of-amsterdam/probe4physics/runs/0iu81grb
[eval.intphys2] Starting eval | split_name=val split_dir=data/splits/intphys2 predictor_mode=from_file metadata_file=data/annotations/intphys2_metadata.csv
[eval.intphys2] Loaded split assignments | split_scenes=51 split_samples=204
[eval.intphys2] Generated predictions | n_predictions=204
[eval.intphys2] Scoring complete | accuracy=50.0000 voe_accuracy=0.0000 n_scenes=51 n_samples=204
[eval.intphys2] Artifacts written | output_dir=artifacts/probes/intphys2/intphys2_probe_temporal_attn_videomae_vit_huge_16_224_20260502T005833Z/layer_8/train/trial_0005/val_eval
wandb: updating run metadata
wandb: uploading output.log; uploading wandb-summary.json; uploading config.yaml
wandb: 
wandb: Run history:
wandb:          epoch ▁▁▁▁▂▂▂▂▃▃▃▃▃▃▃▄▄▄▄▄▅▅▅▅▅▅▅▆▆▆▆▆▆▇▇▇████
wandb: train_accuracy ▁▁▁▁▁▁▁▁▁▁▁▁▁▁▁▁▁▁▁▁▁▁▁▁▁▁▁▁▁▁▁▁▁▁▁▁▁▁▁▁
wandb:   val_accuracy ▁▁▁▁▁▁▁▁▁▁▁▁▁▁▁▁▁▁▁▁▁▁▁▁▁▁▁▁▁▁▁▁▁▁▁▁▁▁▁▁
wandb:             +2 ...
wandb: 
wandb: Run summary:
wandb:           best_epoch 1
wandb:    best_val_accuracy 50
wandb:        best_val_loss 15774.2627
wandb: checkpoint_best_path artifacts/probes/int...
wandb: checkpoint_last_path artifacts/probes/int...
wandb:      checkpoint_path artifacts/probes/int...
wandb:              dataset intphys2
wandb:      elapsed_seconds 1189.85262
wandb:                epoch 100
wandb:    feature_signature 1e642fe5ac5d5e7f
wandb:                  +20 ...
wandb: 
wandb: 🚀 View run intphys2_temporal_attn_videomae_vit_huge_16_224_layer_8/trial_0005 at: https://wandb.ai/caselli-niccolo-developer-university-of-amsterdam/probe4physics/runs/0iu81grb
wandb: ⭐️ View project at: https://wandb.ai/caselli-niccolo-developer-university-of-amsterdam/probe4physics
wandb: Synced 5 W&B file(s), 0 media file(s), 0 artifact file(s) and 0 other file(s)
wandb: Find logs at: ./wandb/run-20260502_042016-0iu81grb/logs
[I 2026-05-02 04:40:08,832] Trial 5 finished with value: 0.0 and parameters: {'lr': 0.0020736445177905022, 'weight_decay': 1.5570196345516594e-07, 'batch_size': 2, 'num_heads': 8, 'num_self_attn_blocks': 3, 'mlp_ratio': 2.0, 'dropout': 0.01906750508580709}. Best is trial 1 with value: 15.686274509803921.
wandb: setting up run xl73i6us
wandb: Tracking run with wandb version 0.26.1
wandb: Run data is saved locally in /gpfs/home3/scur0511/Probe4Physics/wandb/run-20260502_044015-xl73i6us
wandb: Run `wandb offline` to turn off syncing.
wandb: Syncing run intphys2_temporal_attn_videomae_vit_huge_16_224_layer_8/trial_0006
wandb: ⭐️ View project at https://wandb.ai/caselli-niccolo-developer-university-of-amsterdam/probe4physics
wandb: 🚀 View run at https://wandb.ai/caselli-niccolo-developer-university-of-amsterdam/probe4physics/runs/xl73i6us
[eval.intphys2] Starting eval | split_name=val split_dir=data/splits/intphys2 predictor_mode=from_file metadata_file=data/annotations/intphys2_metadata.csv
[eval.intphys2] Loaded split assignments | split_scenes=51 split_samples=204
[eval.intphys2] Generated predictions | n_predictions=204
[eval.intphys2] Scoring complete | accuracy=50.9804 voe_accuracy=7.8431 n_scenes=51 n_samples=204
[eval.intphys2] Artifacts written | output_dir=artifacts/probes/intphys2/intphys2_probe_temporal_attn_videomae_vit_huge_16_224_20260502T005833Z/layer_8/train/trial_0006/val_eval
wandb: updating run metadata
wandb: uploading history steps 98-99, summary, console lines 0-4
wandb: 
wandb: Run history:
wandb:          epoch ▁▁▁▁▁▂▂▃▃▃▃▃▃▄▄▄▄▄▄▄▅▅▅▅▅▅▆▆▆▆▆▇▇▇▇▇▇▇██
wandb: train_accuracy █▃▅▆▆▄▆▂▅▂▄▄▃▄▄▁▅▄▄▂▃▄▆▃▃▂▅▅▆█▄▄▆▂▅▄▄▄▅▅
wandb:     train_loss █▃▃▃▂▂▂▂▂▁▁▁▁▁▁▁▁▁▁▁▁▁▁▁▁▁▁▁▁▁▁▁▁▁▁▁▁▁▂▁
wandb:   val_accuracy ▄▄▄█▄▄▄▄▄▄▄▄▆▁▆▄▄▁▄▄█▄▁▄▄▄▆▄▄▄▃▄▄▄▄▄▄▆▄▆
wandb:       val_loss █▄▁▂▂▁▁▃▁▁▁▁▂▁▁▁▁▁▁▁▁▁▁▁▁▁▁▁▁▁▁▁▁▁▁▁▁▁▄▁
wandb: 
wandb: Run summary:
wandb:           best_epoch 54
wandb:    best_val_accuracy 50.9804
wandb:        best_val_loss 0.69326
wandb: checkpoint_best_path artifacts/probes/int...
wandb: checkpoint_last_path artifacts/probes/int...
wandb:      checkpoint_path artifacts/probes/int...
wandb:              dataset intphys2
wandb:      elapsed_seconds 1441.81345
wandb:                epoch 100
wandb:    feature_signature 1e642fe5ac5d5e7f
wandb:                  +22 ...
wandb: 
wandb: 🚀 View run intphys2_temporal_attn_videomae_vit_huge_16_224_layer_8/trial_0006 at: https://wandb.ai/caselli-niccolo-developer-university-of-amsterdam/probe4physics/runs/xl73i6us
wandb: ⭐️ View project at: https://wandb.ai/caselli-niccolo-developer-university-of-amsterdam/probe4physics
wandb: Synced 5 W&B file(s), 0 media file(s), 0 artifact file(s) and 0 other file(s)
wandb: Find logs at: ./wandb/run-20260502_044015-xl73i6us/logs
[I 2026-05-02 05:04:19,982] Trial 6 finished with value: 7.8431372549019605 and parameters: {'lr': 8.569331925053983e-05, 'weight_decay': 8.93511059033186e-07, 'batch_size': 4, 'num_heads': 16, 'num_self_attn_blocks': 3, 'mlp_ratio': 4.0, 'dropout': 0.12826230550756487}. Best is trial 1 with value: 15.686274509803921.
wandb: setting up run k76npqv8
wandb: Tracking run with wandb version 0.26.1
wandb: Run data is saved locally in /gpfs/home3/scur0511/Probe4Physics/wandb/run-20260502_050426-k76npqv8
wandb: Run `wandb offline` to turn off syncing.
wandb: Syncing run intphys2_temporal_attn_videomae_vit_huge_16_224_layer_8/trial_0007
wandb: ⭐️ View project at https://wandb.ai/caselli-niccolo-developer-university-of-amsterdam/probe4physics
wandb: 🚀 View run at https://wandb.ai/caselli-niccolo-developer-university-of-amsterdam/probe4physics/runs/k76npqv8
[eval.intphys2] Starting eval | split_name=val split_dir=data/splits/intphys2 predictor_mode=from_file metadata_file=data/annotations/intphys2_metadata.csv
[eval.intphys2] Loaded split assignments | split_scenes=51 split_samples=204
[eval.intphys2] Generated predictions | n_predictions=204
[eval.intphys2] Scoring complete | accuracy=51.4706 voe_accuracy=0.0000 n_scenes=51 n_samples=204
[eval.intphys2] Artifacts written | output_dir=artifacts/probes/intphys2/intphys2_probe_temporal_attn_videomae_vit_huge_16_224_20260502T005833Z/layer_8/train/trial_0007/val_eval
wandb: updating run metadata
wandb: uploading history steps 98-99, summary, console lines 0-4
wandb: 
wandb: Run history:
wandb:          epoch ▁▁▁▁▁▂▂▂▂▂▃▃▃▃▃▄▄▄▄▄▄▅▅▅▅▆▆▆▆▆▇▇▇▇▇▇████
wandb: train_accuracy ▆▇▅▂▅▆█▆▄█▄▇█▁▃▃█▆▁▆▇▄▆▅▅█▆▆▄▆▄▅▇▆▅▆▃▄▆▆
wandb:     train_loss █▇▄▃▃▂▂▂▂▂▂▂▁▂▁▂▁▁▁▁▂▁▁▁▁▂▁▂▁▁▁▁▁▁▁▁▁▁▁▁
wandb:   val_accuracy ▆█▆▆▆▆▆▆▅▅▆▄▆▆▆▆▆▆▁▅▆▆▆▆▆▆▆▆▆▆▆▅▅▅▆▆▆▆▆▆
wandb:       val_loss █▄▃▆▅▂▂▃▃▁▁▁▁▅█▂▂▂▁▁▁▃▁▃▁▂▁▁▁▃▃▁▁▁▂▂▂▁▁▃
wandb: 
wandb: Run summary:
wandb:           best_epoch 2
wandb:    best_val_accuracy 51.47059
wandb:        best_val_loss 0.75049
wandb: checkpoint_best_path artifacts/probes/int...
wandb: checkpoint_last_path artifacts/probes/int...
wandb:      checkpoint_path artifacts/probes/int...
wandb:              dataset intphys2
wandb:      elapsed_seconds 1053.15616
wandb:                epoch 100
wandb:    feature_signature 1e642fe5ac5d5e7f
wandb:                  +22 ...
wandb: 
wandb: 🚀 View run intphys2_temporal_attn_videomae_vit_huge_16_224_layer_8/trial_0007 at: https://wandb.ai/caselli-niccolo-developer-university-of-amsterdam/probe4physics/runs/k76npqv8
wandb: ⭐️ View project at: https://wandb.ai/caselli-niccolo-developer-university-of-amsterdam/probe4physics
wandb: Synced 5 W&B file(s), 0 media file(s), 0 artifact file(s) and 0 other file(s)
wandb: Find logs at: ./wandb/run-20260502_050426-k76npqv8/logs
[I 2026-05-02 05:22:02,227] Trial 7 finished with value: 0.0 and parameters: {'lr': 1.1919481947918725e-05, 'weight_decay': 4.439648242927518e-08, 'batch_size': 2, 'num_heads': 8, 'num_self_attn_blocks': 2, 'mlp_ratio': 4.0, 'dropout': 0.04836638617620132}. Best is trial 1 with value: 15.686274509803921.
wandb: setting up run pezzy5gx
wandb: Tracking run with wandb version 0.26.1
wandb: Run data is saved locally in /gpfs/home3/scur0511/Probe4Physics/wandb/run-20260502_052208-pezzy5gx
wandb: Run `wandb offline` to turn off syncing.
wandb: Syncing run intphys2_temporal_attn_videomae_vit_huge_16_224_layer_8/trial_0008
wandb: ⭐️ View project at https://wandb.ai/caselli-niccolo-developer-university-of-amsterdam/probe4physics
wandb: 🚀 View run at https://wandb.ai/caselli-niccolo-developer-university-of-amsterdam/probe4physics/runs/pezzy5gx
[eval.intphys2] Starting eval | split_name=val split_dir=data/splits/intphys2 predictor_mode=from_file metadata_file=data/annotations/intphys2_metadata.csv
[eval.intphys2] Loaded split assignments | split_scenes=51 split_samples=204
[eval.intphys2] Generated predictions | n_predictions=204
[eval.intphys2] Scoring complete | accuracy=50.0000 voe_accuracy=0.0000 n_scenes=51 n_samples=204
[eval.intphys2] Artifacts written | output_dir=artifacts/probes/intphys2/intphys2_probe_temporal_attn_videomae_vit_huge_16_224_20260502T005833Z/layer_8/train/trial_0008/val_eval
wandb: updating run metadata
wandb: uploading wandb-summary.json; uploading config.yaml; uploading output.log
wandb: 
wandb: Run history:
wandb:          epoch ▁▁▁▁▁▂▂▂▂▂▂▂▃▃▃▃▃▃▃▄▄▄▄▄▅▅▅▅▅▅▆▆▆▆▆▆▇▇▇█
wandb: train_accuracy ▁▁▁▁▁▁▁▁▁▁▁▁▁▁▁▁▁▁▁▁▁▁▁▁▁▁▁▁▁▁▁▁▁▁▁▁▁▁▁▁
wandb:   val_accuracy ▁▁▁▁▁▁▁▁▁▁▁▁▁▁▁▁▁▁▁▁▁▁▁▁▁▁▁▁▁▁▁▁▁▁▁▁▁▁▁▁
wandb:             +2 ...
wandb: 
wandb: Run summary:
wandb:           best_epoch 1
wandb:    best_val_accuracy 50
wandb: checkpoint_best_path artifacts/probes/int...
wandb: checkpoint_last_path artifacts/probes/int...
wandb:      checkpoint_path artifacts/probes/int...
wandb:              dataset intphys2
wandb:      elapsed_seconds 1047.78904
wandb:                epoch 100
wandb:    feature_signature 1e642fe5ac5d5e7f
wandb:         feature_view tokens
wandb:                  +19 ...
wandb: 
wandb: 🚀 View run intphys2_temporal_attn_videomae_vit_huge_16_224_layer_8/trial_0008 at: https://wandb.ai/caselli-niccolo-developer-university-of-amsterdam/probe4physics/runs/pezzy5gx
wandb: ⭐️ View project at: https://wandb.ai/caselli-niccolo-developer-university-of-amsterdam/probe4physics
wandb: Synced 5 W&B file(s), 0 media file(s), 0 artifact file(s) and 0 other file(s)
wandb: Find logs at: ./wandb/run-20260502_052208-pezzy5gx/logs
[I 2026-05-02 05:39:38,455] Trial 8 finished with value: 0.0 and parameters: {'lr': 0.006153085601625313, 'weight_decay': 0.0007058660227368654, 'batch_size': 2, 'num_heads': 8, 'num_self_attn_blocks': 2, 'mlp_ratio': 4.0, 'dropout': 0.1281323365878769}. Best is trial 1 with value: 15.686274509803921.
wandb: setting up run vx94xg73
wandb: Tracking run with wandb version 0.26.1
wandb: Run data is saved locally in /gpfs/home3/scur0511/Probe4Physics/wandb/run-20260502_053944-vx94xg73
wandb: Run `wandb offline` to turn off syncing.
wandb: Syncing run intphys2_temporal_attn_videomae_vit_huge_16_224_layer_8/trial_0009
wandb: ⭐️ View project at https://wandb.ai/caselli-niccolo-developer-university-of-amsterdam/probe4physics
wandb: 🚀 View run at https://wandb.ai/caselli-niccolo-developer-university-of-amsterdam/probe4physics/runs/vx94xg73
[eval.intphys2] Starting eval | split_name=val split_dir=data/splits/intphys2 predictor_mode=from_file metadata_file=data/annotations/intphys2_metadata.csv
[eval.intphys2] Loaded split assignments | split_scenes=51 split_samples=204
[eval.intphys2] Generated predictions | n_predictions=204
[eval.intphys2] Scoring complete | accuracy=50.0000 voe_accuracy=0.0000 n_scenes=51 n_samples=204
[eval.intphys2] Artifacts written | output_dir=artifacts/probes/intphys2/intphys2_probe_temporal_attn_videomae_vit_huge_16_224_20260502T005833Z/layer_8/train/trial_0009/val_eval
wandb: updating run metadata
wandb: uploading output.log; uploading wandb-summary.json; uploading config.yaml
wandb: uploading history steps 99-99, summary, console lines 0-4
wandb: 
wandb: Run history:
wandb:          epoch ▁▁▁▁▁▂▂▂▂▂▃▃▃▃▃▃▄▄▄▄▅▅▅▅▅▆▆▆▆▆▇▇▇▇▇▇▇▇██
wandb: train_accuracy █▁▁▁▁▁▁▁▁▁▁▁▁▁▁▁▁▁▁▁▁▁▁▁▁▁▁▁▁▁▁▁▁▁▁▁▁▁▁▁
wandb:     train_loss ▁                                       
wandb:   val_accuracy ▁▁▁▁▁▁▁▁▁▁▁▁▁▁▁▁▁▁▁▁▁▁▁▁▁▁▁▁▁▁▁▁▁▁▁▁▁▁▁▁
wandb:       val_loss █▁                                      
wandb: 
wandb: Run summary:
wandb:           best_epoch 2
wandb:    best_val_accuracy 50
wandb:        best_val_loss 5354.10791
wandb: checkpoint_best_path artifacts/probes/int...
wandb: checkpoint_last_path artifacts/probes/int...
wandb:      checkpoint_path artifacts/probes/int...
wandb:              dataset intphys2
wandb:      elapsed_seconds 520.62976
wandb:                epoch 100
wandb:    feature_signature 1e642fe5ac5d5e7f
wandb:                  +20 ...
wandb: 
wandb: 🚀 View run intphys2_temporal_attn_videomae_vit_huge_16_224_layer_8/trial_0009 at: https://wandb.ai/caselli-niccolo-developer-university-of-amsterdam/probe4physics/runs/vx94xg73
wandb: ⭐️ View project at: https://wandb.ai/caselli-niccolo-developer-university-of-amsterdam/probe4physics
wandb: Synced 5 W&B file(s), 0 media file(s), 0 artifact file(s) and 0 other file(s)
wandb: Find logs at: ./wandb/run-20260502_053944-vx94xg73/logs
[I 2026-05-02 05:48:26,720] Trial 9 finished with value: 0.0 and parameters: {'lr': 0.00284475125551182, 'weight_decay': 0.0014601030210159508, 'batch_size': 2, 'num_heads': 16, 'num_self_attn_blocks': 1, 'mlp_ratio': 2.0, 'dropout': 0.29153462481628817}. Best is trial 1 with value: 15.686274509803921.
wandb: setting up run bne2lh3a
wandb: Tracking run with wandb version 0.26.1
wandb: Run data is saved locally in /gpfs/home3/scur0511/Probe4Physics/wandb/run-20260502_054833-bne2lh3a
wandb: Run `wandb offline` to turn off syncing.
wandb: Syncing run intphys2_temporal_attn_videomae_vit_huge_16_224_layer_8/trial_0010
wandb: ⭐️ View project at https://wandb.ai/caselli-niccolo-developer-university-of-amsterdam/probe4physics
wandb: 🚀 View run at https://wandb.ai/caselli-niccolo-developer-university-of-amsterdam/probe4physics/runs/bne2lh3a
[eval.intphys2] Starting eval | split_name=val split_dir=data/splits/intphys2 predictor_mode=from_file metadata_file=data/annotations/intphys2_metadata.csv
[eval.intphys2] Loaded split assignments | split_scenes=51 split_samples=204
[eval.intphys2] Generated predictions | n_predictions=204
[eval.intphys2] Scoring complete | accuracy=51.4706 voe_accuracy=19.6078 n_scenes=51 n_samples=204
[eval.intphys2] Artifacts written | output_dir=artifacts/probes/intphys2/intphys2_probe_temporal_attn_videomae_vit_huge_16_224_20260502T005833Z/layer_8/train/trial_0010/val_eval
wandb: updating run metadata
wandb: uploading config.yaml; uploading output.log; uploading wandb-summary.json
wandb: uploading history steps 98-99, summary, console lines 0-4
wandb: 
wandb: Run history:
wandb:          epoch ▁▁▁▁▁▂▂▂▂▂▃▃▃▃▃▃▃▃▃▄▄▄▄▄▄▅▅▅▅▅▅▅▆▆▆▇▇▇██
wandb: train_accuracy ▆▇▆▅█▆▄▇▅▁▅▅▆▆▃▄▆▃▃▆▆▅▃▆▄▃▄▄▅▅▂▅▄█▅▂▆██▅
wandb:     train_loss █▄▃▃▁▁▁▁▁▁▁▁▂▁▁▁▃▁▁▁▁▁▁▁▂▁▁▁▁▆▁▁▁▂▁▂▁▂▁▁
wandb:   val_accuracy ▆▃▃▃▆▆▃▃▃▃▃▃▁▃▁▃▃▆▃▃▃▃▁▃▃▁▃▃▆▆▃▃▁▃▃▃█▆▃█
wandb:       val_loss █▄▁▁▃▁▁▁▁▁▁▁▁▁▂▁▂▁▁▃▁▁▁▁▁▁▁▁▁▁▁▁▁▁▁▁▁▁▁▁
wandb: 
wandb: Run summary:
wandb:           best_epoch 62
wandb:    best_val_accuracy 51.47059
wandb:        best_val_loss 0.69306
wandb: checkpoint_best_path artifacts/probes/int...
wandb: checkpoint_last_path artifacts/probes/int...
wandb:      checkpoint_path artifacts/probes/int...
wandb:              dataset intphys2
wandb:      elapsed_seconds 1649.58143
wandb:                epoch 100
wandb:    feature_signature 1e642fe5ac5d5e7f
wandb:                  +22 ...
wandb: 
wandb: 🚀 View run intphys2_temporal_attn_videomae_vit_huge_16_224_layer_8/trial_0010 at: https://wandb.ai/caselli-niccolo-developer-university-of-amsterdam/probe4physics/runs/bne2lh3a
wandb: ⭐️ View project at: https://wandb.ai/caselli-niccolo-developer-university-of-amsterdam/probe4physics
wandb: Synced 5 W&B file(s), 0 media file(s), 0 artifact file(s) and 0 other file(s)
wandb: Find logs at: ./wandb/run-20260502_054833-bne2lh3a/logs
[I 2026-05-02 06:16:07,244] Trial 10 finished with value: 19.607843137254903 and parameters: {'lr': 6.296065504917154e-05, 'weight_decay': 1.956212368528226e-05, 'batch_size': 1, 'num_heads': 4, 'num_self_attn_blocks': 3, 'mlp_ratio': 4.0, 'dropout': 0.21189325808134918}. Best is trial 10 with value: 19.607843137254903.
wandb: setting up run 2gy97ubp
wandb: Tracking run with wandb version 0.26.1
wandb: Run data is saved locally in /gpfs/home3/scur0511/Probe4Physics/wandb/run-20260502_061613-2gy97ubp
wandb: Run `wandb offline` to turn off syncing.
wandb: Syncing run intphys2_temporal_attn_videomae_vit_huge_16_224_layer_8/trial_0011
wandb: ⭐️ View project at https://wandb.ai/caselli-niccolo-developer-university-of-amsterdam/probe4physics
wandb: 🚀 View run at https://wandb.ai/caselli-niccolo-developer-university-of-amsterdam/probe4physics/runs/2gy97ubp
[eval.intphys2] Starting eval | split_name=val split_dir=data/splits/intphys2 predictor_mode=from_file metadata_file=data/annotations/intphys2_metadata.csv
[eval.intphys2] Loaded split assignments | split_scenes=51 split_samples=204
[eval.intphys2] Generated predictions | n_predictions=204
[eval.intphys2] Scoring complete | accuracy=51.9608 voe_accuracy=13.7255 n_scenes=51 n_samples=204
[eval.intphys2] Artifacts written | output_dir=artifacts/probes/intphys2/intphys2_probe_temporal_attn_videomae_vit_huge_16_224_20260502T005833Z/layer_8/train/trial_0011/val_eval
wandb: updating run metadata
wandb: uploading output.log; uploading wandb-summary.json; uploading config.yaml
wandb: 
wandb: Run history:
wandb:          epoch ▁▁▁▁▁▂▂▂▃▃▃▃▃▃▄▄▄▄▄▄▅▅▅▅▅▅▆▆▆▆▇▇▇▇▇▇▇███
wandb: train_accuracy ▃▇▇█▂▅▅▆▂▇▃▂▃▇▄▆▅▅▅▇▆▇▄▄▄▄█▁▅▅▅▃▅▃▂▃█▅▂▃
wandb:     train_loss █▄▃▂▁▂▂▁▁▁▁▁▁▁▁▁▁▁▁▁▁▁▁▁▁▁▁▁▁▁▁▁▁▁▁▁▁▁▁▁
wandb:   val_accuracy ▅▄▃▄▄▄▃▄▆▄▅▄▁▄▄▄▄▅▅▄▅▄▅▄▃▄▄▄▃▄▄▃▄▄▄▄▄█▄▄
wandb:       val_loss ▆▂▂█▁▁▁▁▁▁▁▁▂▁▁▁▁▁▁▁▁▁▁▁▁▁▁▁▁▁▁▁▁▂▁▁▆▁▁▁
wandb: 
wandb: Run summary:
wandb:           best_epoch 90
wandb:    best_val_accuracy 51.96078
wandb:        best_val_loss 0.6937
wandb: checkpoint_best_path artifacts/probes/int...
wandb: checkpoint_last_path artifacts/probes/int...
wandb:      checkpoint_path artifacts/probes/int...
wandb:              dataset intphys2
wandb:      elapsed_seconds 1650.49606
wandb:                epoch 100
wandb:    feature_signature 1e642fe5ac5d5e7f
wandb:                  +22 ...
wandb: 
wandb: 🚀 View run intphys2_temporal_attn_videomae_vit_huge_16_224_layer_8/trial_0011 at: https://wandb.ai/caselli-niccolo-developer-university-of-amsterdam/probe4physics/runs/2gy97ubp
wandb: ⭐️ View project at: https://wandb.ai/caselli-niccolo-developer-university-of-amsterdam/probe4physics
wandb: Synced 5 W&B file(s), 0 media file(s), 0 artifact file(s) and 0 other file(s)
wandb: Find logs at: ./wandb/run-20260502_061613-2gy97ubp/logs
[I 2026-05-02 06:43:46,549] Trial 11 finished with value: 13.725490196078432 and parameters: {'lr': 5.612138208926611e-05, 'weight_decay': 2.650252112100782e-05, 'batch_size': 1, 'num_heads': 4, 'num_self_attn_blocks': 3, 'mlp_ratio': 4.0, 'dropout': 0.21250849297660224}. Best is trial 10 with value: 19.607843137254903.
wandb: setting up run hxyunucr
wandb: Tracking run with wandb version 0.26.1
wandb: Run data is saved locally in /gpfs/home3/scur0511/Probe4Physics/wandb/run-20260502_064352-hxyunucr
wandb: Run `wandb offline` to turn off syncing.
wandb: Syncing run intphys2_temporal_attn_videomae_vit_huge_16_224_layer_8/trial_0012
wandb: ⭐️ View project at https://wandb.ai/caselli-niccolo-developer-university-of-amsterdam/probe4physics
wandb: 🚀 View run at https://wandb.ai/caselli-niccolo-developer-university-of-amsterdam/probe4physics/runs/hxyunucr
[eval.intphys2] Starting eval | split_name=val split_dir=data/splits/intphys2 predictor_mode=from_file metadata_file=data/annotations/intphys2_metadata.csv
[eval.intphys2] Loaded split assignments | split_scenes=51 split_samples=204
[eval.intphys2] Generated predictions | n_predictions=204
[eval.intphys2] Scoring complete | accuracy=51.9608 voe_accuracy=17.6471 n_scenes=51 n_samples=204
[eval.intphys2] Artifacts written | output_dir=artifacts/probes/intphys2/intphys2_probe_temporal_attn_videomae_vit_huge_16_224_20260502T005833Z/layer_8/train/trial_0012/val_eval
wandb: updating run metadata
wandb: uploading output.log; uploading wandb-summary.json; uploading config.yaml
wandb: uploading history steps 99-99, summary, console lines 0-4
wandb: 
wandb: Run history:
wandb:          epoch ▁▁▁▁▁▂▂▂▂▂▂▂▃▃▃▃▃▃▄▄▄▄▄▅▅▅▅▅▆▆▆▆▇▇▇▇▇███
wandb: train_accuracy ▆█▁▆▃▃▄▅▅▂▃▆▆▄▄▄▆▂▅▃▇▅▄▄▄▄▄▄▄▄▄▄▄▄▄▄▄▄▄▄
wandb:     train_loss ▁█▁▂▅▂▂▂▂▁▂▃▄▂▃▂▃▂▁                     
wandb:   val_accuracy ▇▇▇▇▇▇▇▇▇▇▇▆█▇▆▇▁▇▆▇▇▇▇▇▇▇▇▇▇▇▇▇▇▇▇▇▇▇▇▇
wandb:       val_loss ▁▁▆▁▁▄▁▃▃▂▂▁▂▃█▃▃▃▃▂▂▂▃▁▁               
wandb: 
wandb: Run summary:
wandb:           best_epoch 56
wandb:    best_val_accuracy 51.96078
wandb:        best_val_loss 2.22195
wandb: checkpoint_best_path artifacts/probes/int...
wandb: checkpoint_last_path artifacts/probes/int...
wandb:      checkpoint_path artifacts/probes/int...
wandb:              dataset intphys2
wandb:      elapsed_seconds 1626.87124
wandb:                epoch 100
wandb:    feature_signature 1e642fe5ac5d5e7f
wandb:                  +20 ...
wandb: 
wandb: 🚀 View run intphys2_temporal_attn_videomae_vit_huge_16_224_layer_8/trial_0012 at: https://wandb.ai/caselli-niccolo-developer-university-of-amsterdam/probe4physics/runs/hxyunucr
wandb: ⭐️ View project at: https://wandb.ai/caselli-niccolo-developer-university-of-amsterdam/probe4physics
wandb: Synced 5 W&B file(s), 0 media file(s), 0 artifact file(s) and 0 other file(s)
wandb: Find logs at: ./wandb/run-20260502_064352-hxyunucr/logs
[I 2026-05-02 07:11:02,583] Trial 12 finished with value: 17.647058823529413 and parameters: {'lr': 0.00027905447346229274, 'weight_decay': 1.7819622456372568e-05, 'batch_size': 1, 'num_heads': 4, 'num_self_attn_blocks': 3, 'mlp_ratio': 4.0, 'dropout': 0.21571948756320578}. Best is trial 10 with value: 19.607843137254903.
wandb: setting up run s9nk0j3r
wandb: Tracking run with wandb version 0.26.1
wandb: Run data is saved locally in /gpfs/home3/scur0511/Probe4Physics/wandb/run-20260502_071109-s9nk0j3r
wandb: Run `wandb offline` to turn off syncing.
wandb: Syncing run intphys2_temporal_attn_videomae_vit_huge_16_224_layer_8/trial_0013
wandb: ⭐️ View project at https://wandb.ai/caselli-niccolo-developer-university-of-amsterdam/probe4physics
wandb: 🚀 View run at https://wandb.ai/caselli-niccolo-developer-university-of-amsterdam/probe4physics/runs/s9nk0j3r
[eval.intphys2] Starting eval | split_name=val split_dir=data/splits/intphys2 predictor_mode=from_file metadata_file=data/annotations/intphys2_metadata.csv
[eval.intphys2] Loaded split assignments | split_scenes=51 split_samples=204
[eval.intphys2] Generated predictions | n_predictions=204
[eval.intphys2] Scoring complete | accuracy=52.9412 voe_accuracy=13.7255 n_scenes=51 n_samples=204
[eval.intphys2] Artifacts written | output_dir=artifacts/probes/intphys2/intphys2_probe_temporal_attn_videomae_vit_huge_16_224_20260502T005833Z/layer_8/train/trial_0013/val_eval
wandb: updating run metadata
wandb: uploading history steps 98-99, summary, console lines 0-4
wandb: 
wandb: Run history:
wandb:          epoch ▁▁▁▁▁▂▂▂▂▂▃▃▃▃▃▄▄▄▄▄▄▄▄▅▅▅▆▆▆▆▆▆▆▇▇▇▇▇▇█
wandb: train_accuracy ▃█▃▃▆▆▇█▇▇▆▁▃▄▃▅▅▅▅▅▅▅▅▅▅▅▅▅▅▅▅▅▅▅▅▅▅▅▅▅
wandb:     train_loss ▁▂▁▁▂▄▂▇▂▂▃▂█▂▃                         
wandb:   val_accuracy ▄▁▄█▄▅▄▄▄▄▅▂▆▃▂▄▄▄▄▄▄▄▄▄▄▄▄▄▄▄▄▄▄▄▄▄▄▄▄▄
wandb:       val_loss ▁▁▁▁▁▁▁▁█▂▁▂▁▁▁                         
wandb: 
wandb: Run summary:
wandb:           best_epoch 4
wandb:    best_val_accuracy 52.94118
wandb:        best_val_loss 1.19112
wandb: checkpoint_best_path artifacts/probes/int...
wandb: checkpoint_last_path artifacts/probes/int...
wandb:      checkpoint_path artifacts/probes/int...
wandb:              dataset intphys2
wandb:      elapsed_seconds 1623.85581
wandb:                epoch 100
wandb:    feature_signature 1e642fe5ac5d5e7f
wandb:                  +20 ...
wandb: 
wandb: 🚀 View run intphys2_temporal_attn_videomae_vit_huge_16_224_layer_8/trial_0013 at: https://wandb.ai/caselli-niccolo-developer-university-of-amsterdam/probe4physics/runs/s9nk0j3r
wandb: ⭐️ View project at: https://wandb.ai/caselli-niccolo-developer-university-of-amsterdam/probe4physics
wandb: Synced 5 W&B file(s), 0 media file(s), 0 artifact file(s) and 0 other file(s)
wandb: Find logs at: ./wandb/run-20260502_071109-s9nk0j3r/logs
[I 2026-05-02 07:38:15,881] Trial 13 finished with value: 13.725490196078432 and parameters: {'lr': 0.00038312163647116824, 'weight_decay': 4.028666195675737e-05, 'batch_size': 1, 'num_heads': 4, 'num_self_attn_blocks': 3, 'mlp_ratio': 4.0, 'dropout': 0.21359334066402347}. Best is trial 10 with value: 19.607843137254903.
wandb: setting up run znfe7ydz
wandb: Tracking run with wandb version 0.26.1
wandb: Run data is saved locally in /gpfs/home3/scur0511/Probe4Physics/wandb/run-20260502_073822-znfe7ydz
wandb: Run `wandb offline` to turn off syncing.
wandb: Syncing run intphys2_temporal_attn_videomae_vit_huge_16_224_layer_8/trial_0014
wandb: ⭐️ View project at https://wandb.ai/caselli-niccolo-developer-university-of-amsterdam/probe4physics
wandb: 🚀 View run at https://wandb.ai/caselli-niccolo-developer-university-of-amsterdam/probe4physics/runs/znfe7ydz
[eval.intphys2] Starting eval | split_name=val split_dir=data/splits/intphys2 predictor_mode=from_file metadata_file=data/annotations/intphys2_metadata.csv
[eval.intphys2] Loaded split assignments | split_scenes=51 split_samples=204
[eval.intphys2] Generated predictions | n_predictions=204
[eval.intphys2] Scoring complete | accuracy=56.3725 voe_accuracy=25.4902 n_scenes=51 n_samples=204
[eval.intphys2] Artifacts written | output_dir=artifacts/probes/intphys2/intphys2_probe_temporal_attn_videomae_vit_huge_16_224_20260502T005833Z/layer_8/train/trial_0014/val_eval
wandb: updating run metadata
wandb: uploading output.log; uploading wandb-summary.json; uploading config.yaml
wandb: 
wandb: Run history:
wandb:          epoch ▁▁▁▁▂▂▂▂▂▂▃▃▃▃▃▃▄▄▅▅▅▅▆▆▆▆▆▆▆▇▇▇▇▇▇▇▇███
wandb: train_accuracy ▇▄▅▄▅▄▅▃▃▅▄█▂▅▂▆▅▃▂▅▂▇▄▃▄▄▂▂▆▁▂▄▄▅▆▄▅▅▅▅
wandb:     train_loss ▁▅▁▁▆▁▂▂▁▅▂▁▂▁▂▂▃▂▁▁▃▂▃▆█▂▂▂▂▂▁▂▁▂▁▁▁▁▁▁
wandb:   val_accuracy ▁▅▄▆▄▄█▄▃▄▃▃▄▄▄▁▄▄▄▄▁▄▅▄▄▄▅▄▄▄▄▄▅▄▄▅▅▄▄▄
wandb:       val_loss ▁▁▁▂▁▁▁▁▁▁▁▂▁▂▁▁▁▂▁▂▃▆▁▂▄▁▁▂▂█▁▁▁▁▃▂▁▂▃▁
wandb: 
wandb: Run summary:
wandb:           best_epoch 32
wandb:    best_val_accuracy 56.37255
wandb:        best_val_loss 0.82274
wandb: checkpoint_best_path artifacts/probes/int...
wandb: checkpoint_last_path artifacts/probes/int...
wandb:      checkpoint_path artifacts/probes/int...
wandb:              dataset intphys2
wandb:      elapsed_seconds 1632.53288
wandb:                epoch 100
wandb:    feature_signature 1e642fe5ac5d5e7f
wandb:                  +22 ...
wandb: 
wandb: 🚀 View run intphys2_temporal_attn_videomae_vit_huge_16_224_layer_8/trial_0014 at: https://wandb.ai/caselli-niccolo-developer-university-of-amsterdam/probe4physics/runs/znfe7ydz
wandb: ⭐️ View project at: https://wandb.ai/caselli-niccolo-developer-university-of-amsterdam/probe4physics
wandb: Synced 5 W&B file(s), 0 media file(s), 0 artifact file(s) and 0 other file(s)
wandb: Find logs at: ./wandb/run-20260502_073822-znfe7ydz/logs
[I 2026-05-02 08:05:37,253] Trial 14 finished with value: 25.49019607843137 and parameters: {'lr': 0.00018018375266066613, 'weight_decay': 3.4187448667477225e-06, 'batch_size': 1, 'num_heads': 4, 'num_self_attn_blocks': 3, 'mlp_ratio': 4.0, 'dropout': 0.22004269265751022}. Best is trial 14 with value: 25.49019607843137.
wandb: setting up run pmo5avya
wandb: Tracking run with wandb version 0.26.1
wandb: Run data is saved locally in /gpfs/home3/scur0511/Probe4Physics/wandb/run-20260502_080543-pmo5avya
wandb: Run `wandb offline` to turn off syncing.
wandb: Syncing run intphys2_temporal_attn_videomae_vit_huge_16_224_layer_8/trial_0015
wandb: ⭐️ View project at https://wandb.ai/caselli-niccolo-developer-university-of-amsterdam/probe4physics
wandb: 🚀 View run at https://wandb.ai/caselli-niccolo-developer-university-of-amsterdam/probe4physics/runs/pmo5avya
[eval.intphys2] Starting eval | split_name=val split_dir=data/splits/intphys2 predictor_mode=from_file metadata_file=data/annotations/intphys2_metadata.csv
[eval.intphys2] Loaded split assignments | split_scenes=51 split_samples=204
[eval.intphys2] Generated predictions | n_predictions=204
[eval.intphys2] Scoring complete | accuracy=55.3922 voe_accuracy=15.6863 n_scenes=51 n_samples=204
[eval.intphys2] Artifacts written | output_dir=artifacts/probes/intphys2/intphys2_probe_temporal_attn_videomae_vit_huge_16_224_20260502T005833Z/layer_8/train/trial_0015/val_eval
wandb: updating run metadata
wandb: uploading config.yaml; uploading output.log; uploading wandb-summary.json
wandb: 
wandb: Run history:
wandb:          epoch ▁▂▂▂▂▃▃▃▃▃▃▃▄▄▄▄▄▅▅▅▅▅▅▅▅▅▆▆▆▇▇▇▇▇▇▇▇▇██
wandb: train_accuracy ▇▇▂▆▆▇▇▃▃▆▅█▅█▅▅▄▆▃▁▅▆▇▆▁▄▄▄▆▂▃▇▂▄▇▃▅▅▅▅
wandb:     train_loss ▁▁▁▁▁▁▁▁▁▁▁▁▁▁▁▁▁▁▁▁▁▁▁▁▁▁▁▁▁▁▁▁█▃      
wandb:   val_accuracy ▄▄▄▄▄▄▄▄▁▅▃▅▅▄▃▅▄▄▄▄▄█▅▄▂▄▃▄▄▇▇▄▄▅▄▄▄▄▄▄
wandb:       val_loss ▁▁▁▁▁▁▁▁▁▁▁▁▁▁▁▁▁▁▁▁▁▁▁▁▁▁▁▁▁▁▁▁▁▁▁█    
wandb: 
wandb: Run summary:
wandb:           best_epoch 57
wandb:    best_val_accuracy 55.39216
wandb:        best_val_loss 3.70125
wandb: checkpoint_best_path artifacts/probes/int...
wandb: checkpoint_last_path artifacts/probes/int...
wandb:      checkpoint_path artifacts/probes/int...
wandb:              dataset intphys2
wandb:      elapsed_seconds 1628.26938
wandb:                epoch 100
wandb:    feature_signature 1e642fe5ac5d5e7f
wandb:                  +20 ...
wandb: 
wandb: 🚀 View run intphys2_temporal_attn_videomae_vit_huge_16_224_layer_8/trial_0015 at: https://wandb.ai/caselli-niccolo-developer-university-of-amsterdam/probe4physics/runs/pmo5avya
wandb: ⭐️ View project at: https://wandb.ai/caselli-niccolo-developer-university-of-amsterdam/probe4physics
wandb: Synced 5 W&B file(s), 0 media file(s), 0 artifact file(s) and 0 other file(s)
wandb: Find logs at: ./wandb/run-20260502_080543-pmo5avya/logs
[I 2026-05-02 08:32:54,279] Trial 15 finished with value: 15.686274509803921 and parameters: {'lr': 0.00018880609790145958, 'weight_decay': 2.7414242860802334e-06, 'batch_size': 1, 'num_heads': 4, 'num_self_attn_blocks': 3, 'mlp_ratio': 4.0, 'dropout': 0.24318917277786334}. Best is trial 14 with value: 25.49019607843137.
wandb: setting up run e800kbr5
wandb: Tracking run with wandb version 0.26.1
wandb: Run data is saved locally in /gpfs/home3/scur0511/Probe4Physics/wandb/run-20260502_083300-e800kbr5
wandb: Run `wandb offline` to turn off syncing.
wandb: Syncing run intphys2_temporal_attn_videomae_vit_huge_16_224_layer_8/trial_0016
wandb: ⭐️ View project at https://wandb.ai/caselli-niccolo-developer-university-of-amsterdam/probe4physics
wandb: 🚀 View run at https://wandb.ai/caselli-niccolo-developer-university-of-amsterdam/probe4physics/runs/e800kbr5
[eval.intphys2] Starting eval | split_name=val split_dir=data/splits/intphys2 predictor_mode=from_file metadata_file=data/annotations/intphys2_metadata.csv
[eval.intphys2] Loaded split assignments | split_scenes=51 split_samples=204
[eval.intphys2] Generated predictions | n_predictions=204
[eval.intphys2] Scoring complete | accuracy=53.9216 voe_accuracy=3.9216 n_scenes=51 n_samples=204
[eval.intphys2] Artifacts written | output_dir=artifacts/probes/intphys2/intphys2_probe_temporal_attn_videomae_vit_huge_16_224_20260502T005833Z/layer_8/train/trial_0016/val_eval
wandb: updating run metadata
wandb: uploading output.log; uploading wandb-summary.json; uploading config.yaml
wandb: 
wandb: Run history:
wandb:          epoch ▁▁▁▂▂▂▂▃▃▃▃▃▄▄▄▄▄▄▄▅▅▅▅▅▅▅▆▆▆▆▇▇▇▇▇█████
wandb: train_accuracy ▇▁▄▅█▅▅▅▅▅▅▅▅▅▅▅▅▅▅▅▅▅▅▅▅▅▅▅▅▅▅▅▅▅▅▅▅▅▅▅
wandb:     train_loss █▄▁                                     
wandb:   val_accuracy █▁▁▁▁▁▁▁▁▁▁▁▁▁▁▁▁▁▁▁▁▁▁▁▁▁▁▁▁▁▁▁▁▁▁▁▁▁▁▁
wandb:       val_loss ▁█                                      
wandb: 
wandb: Run summary:
wandb:           best_epoch 3
wandb:    best_val_accuracy 53.92157
wandb:        best_val_loss 103.22781
wandb: checkpoint_best_path artifacts/probes/int...
wandb: checkpoint_last_path artifacts/probes/int...
wandb:      checkpoint_path artifacts/probes/int...
wandb:              dataset intphys2
wandb:      elapsed_seconds 687.14188
wandb:                epoch 100
wandb:    feature_signature 1e642fe5ac5d5e7f
wandb:                  +20 ...
wandb: 
wandb: 🚀 View run intphys2_temporal_attn_videomae_vit_huge_16_224_layer_8/trial_0016 at: https://wandb.ai/caselli-niccolo-developer-university-of-amsterdam/probe4physics/runs/e800kbr5
wandb: ⭐️ View project at: https://wandb.ai/caselli-niccolo-developer-university-of-amsterdam/probe4physics
wandb: Synced 5 W&B file(s), 0 media file(s), 0 artifact file(s) and 0 other file(s)
wandb: Find logs at: ./wandb/run-20260502_083300-e800kbr5/logs
[I 2026-05-02 08:44:29,141] Trial 16 finished with value: 3.9215686274509802 and parameters: {'lr': 0.0010720674388017858, 'weight_decay': 0.00020374980913975943, 'batch_size': 1, 'num_heads': 4, 'num_self_attn_blocks': 1, 'mlp_ratio': 4.0, 'dropout': 0.18179821976056185}. Best is trial 14 with value: 25.49019607843137.
wandb: setting up run 3p1mpxka
wandb: Tracking run with wandb version 0.26.1
wandb: Run data is saved locally in /gpfs/home3/scur0511/Probe4Physics/wandb/run-20260502_084435-3p1mpxka
wandb: Run `wandb offline` to turn off syncing.
wandb: Syncing run intphys2_temporal_attn_videomae_vit_huge_16_224_layer_8/trial_0017
wandb: ⭐️ View project at https://wandb.ai/caselli-niccolo-developer-university-of-amsterdam/probe4physics
wandb: 🚀 View run at https://wandb.ai/caselli-niccolo-developer-university-of-amsterdam/probe4physics/runs/3p1mpxka
[eval.intphys2] Starting eval | split_name=val split_dir=data/splits/intphys2 predictor_mode=from_file metadata_file=data/annotations/intphys2_metadata.csv
[eval.intphys2] Loaded split assignments | split_scenes=51 split_samples=204
[eval.intphys2] Generated predictions | n_predictions=204
[eval.intphys2] Scoring complete | accuracy=57.8431 voe_accuracy=15.6863 n_scenes=51 n_samples=204
[eval.intphys2] Artifacts written | output_dir=artifacts/probes/intphys2/intphys2_probe_temporal_attn_videomae_vit_huge_16_224_20260502T005833Z/layer_8/train/trial_0017/val_eval
wandb: updating run metadata
wandb: uploading output.log; uploading wandb-summary.json; uploading config.yaml
wandb: 
wandb: Run history:
wandb:          epoch ▁▂▂▂▂▃▃▃▃▃▃▃▃▃▃▄▄▄▄▄▄▅▅▅▅▆▆▆▆▆▇▇▇▇▇▇▇███
wandb: train_accuracy ▂▁▁▂▂▁▂▂▃▁▂▁▂▁▂▂▂▁▂▂▂▂▂▂▂▂▁▂▁▂▂▂▁▂▂▃▅▆▇█
wandb:     train_loss █▆▆▅▅▅▅▅▅▅▅▅▅▅▅▅▅▅▅▅▅▅▅▅▅▅▅▅▅▅▅▄▄▄▄▃▃▂▂▁
wandb:   val_accuracy ▁▁▁▁▁▁▂▂▁▁▁▂▁▁▁▁▁▁▁▂▁▁▁▁▁▁▂▂▁▁▁▁▁▁▂█▄▇▆▆
wandb:       val_loss █▃▅▃▄▄▃▂▁▂▂▂▂▁▁▂▁▂▁▁▂▁▁▁▁▁▂▁▁▁▁▁▁▁▁▂▁▁▂▆
wandb: 
wandb: Run summary:
wandb:           best_epoch 93
wandb:    best_val_accuracy 57.84314
wandb:        best_val_loss 0.67949
wandb: checkpoint_best_path artifacts/probes/int...
wandb: checkpoint_last_path artifacts/probes/int...
wandb:      checkpoint_path artifacts/probes/int...
wandb:              dataset intphys2
wandb:      elapsed_seconds 1354.07965
wandb:                epoch 100
wandb:    feature_signature 1e642fe5ac5d5e7f
wandb:                  +22 ...
wandb: 
wandb: 🚀 View run intphys2_temporal_attn_videomae_vit_huge_16_224_layer_8/trial_0017 at: https://wandb.ai/caselli-niccolo-developer-university-of-amsterdam/probe4physics/runs/3p1mpxka
wandb: ⭐️ View project at: https://wandb.ai/caselli-niccolo-developer-university-of-amsterdam/probe4physics
wandb: Synced 5 W&B file(s), 0 media file(s), 0 artifact file(s) and 0 other file(s)
wandb: Find logs at: ./wandb/run-20260502_084435-3p1mpxka/logs
[I 2026-05-02 09:07:12,152] Trial 17 finished with value: 15.686274509803921 and parameters: {'lr': 4.3266320545388154e-05, 'weight_decay': 3.243832396954462e-06, 'batch_size': 4, 'num_heads': 4, 'num_self_attn_blocks': 3, 'mlp_ratio': 4.0, 'dropout': 0.24833617783726228}. Best is trial 14 with value: 25.49019607843137.
wandb: setting up run f766335q
wandb: Tracking run with wandb version 0.26.1
wandb: Run data is saved locally in /gpfs/home3/scur0511/Probe4Physics/wandb/run-20260502_090718-f766335q
wandb: Run `wandb offline` to turn off syncing.
wandb: Syncing run intphys2_temporal_attn_videomae_vit_huge_16_224_layer_8/trial_0018
wandb: ⭐️ View project at https://wandb.ai/caselli-niccolo-developer-university-of-amsterdam/probe4physics
wandb: 🚀 View run at https://wandb.ai/caselli-niccolo-developer-university-of-amsterdam/probe4physics/runs/f766335q
[eval.intphys2] Starting eval | split_name=val split_dir=data/splits/intphys2 predictor_mode=from_file metadata_file=data/annotations/intphys2_metadata.csv
[eval.intphys2] Loaded split assignments | split_scenes=51 split_samples=204
[eval.intphys2] Generated predictions | n_predictions=204
[eval.intphys2] Scoring complete | accuracy=52.9412 voe_accuracy=19.6078 n_scenes=51 n_samples=204
[eval.intphys2] Artifacts written | output_dir=artifacts/probes/intphys2/intphys2_probe_temporal_attn_videomae_vit_huge_16_224_20260502T005833Z/layer_8/train/trial_0018/val_eval
wandb: updating run metadata
wandb: uploading output.log; uploading wandb-summary.json; uploading config.yaml
wandb: 
wandb: Run history:
wandb:          epoch ▁▁▁▂▂▂▂▃▃▃▃▃▃▄▄▄▄▄▄▄▅▅▅▆▆▆▆▆▆▆▇▇▇▇▇▇▇▇██
wandb: train_accuracy ▇▆▅▃▆▅▄▅▇▄▅▆▅▃█▄█▄▄▄▂▆▃▆▅▄▄▅▃▆▄▁▅▄▆▅▄▇▃▅
wandb:     train_loss ▁▁▁▁▃▁▁▂▁▁▁▁▂▁▁▁▁▁▂▃▁▁▁▂▂▁▂▂▁▃▂▁▃█▂▂▂▁▂▂
wandb:   val_accuracy ▇▇▆▇▇▆▆▇▅█▇█▇▇▇▇▇▇▄▇▄▇▆▅▇▆▆▇█▃▅▇▇▇▇▇▁▇▇▇
wandb:       val_loss ▁▁▁▁▁▁▂▁▁▁▂▁▁█▁▂▁▁▃▂▁▁▁▁▁▁▁▁▁▁▁▂▇▂▂▂▃▁▁▁
wandb: 
wandb: Run summary:
wandb:           best_epoch 82
wandb:    best_val_accuracy 52.94118
wandb:        best_val_loss 2.1328
wandb: checkpoint_best_path artifacts/probes/int...
wandb: checkpoint_last_path artifacts/probes/int...
wandb:      checkpoint_path artifacts/probes/int...
wandb:              dataset intphys2
wandb:      elapsed_seconds 1633.06385
wandb:                epoch 100
wandb:    feature_signature 1e642fe5ac5d5e7f
wandb:                  +22 ...
wandb: 
wandb: 🚀 View run intphys2_temporal_attn_videomae_vit_huge_16_224_layer_8/trial_0018 at: https://wandb.ai/caselli-niccolo-developer-university-of-amsterdam/probe4physics/runs/f766335q
wandb: ⭐️ View project at: https://wandb.ai/caselli-niccolo-developer-university-of-amsterdam/probe4physics
wandb: Synced 5 W&B file(s), 0 media file(s), 0 artifact file(s) and 0 other file(s)
wandb: Find logs at: ./wandb/run-20260502_090718-f766335q/logs
[I 2026-05-02 09:34:33,920] Trial 18 finished with value: 19.607843137254903 and parameters: {'lr': 0.00011507437372383485, 'weight_decay': 0.00010955463205368016, 'batch_size': 1, 'num_heads': 4, 'num_self_attn_blocks': 3, 'mlp_ratio': 4.0, 'dropout': 0.1860446723353672}. Best is trial 14 with value: 25.49019607843137.
wandb: setting up run l03rh36n
wandb: Tracking run with wandb version 0.26.1
wandb: Run data is saved locally in /gpfs/home3/scur0511/Probe4Physics/wandb/run-20260502_093440-l03rh36n
wandb: Run `wandb offline` to turn off syncing.
wandb: Syncing run intphys2_temporal_attn_videomae_vit_huge_16_224_layer_8/trial_0019
wandb: ⭐️ View project at https://wandb.ai/caselli-niccolo-developer-university-of-amsterdam/probe4physics
wandb: 🚀 View run at https://wandb.ai/caselli-niccolo-developer-university-of-amsterdam/probe4physics/runs/l03rh36n
[eval.intphys2] Starting eval | split_name=val split_dir=data/splits/intphys2 predictor_mode=from_file metadata_file=data/annotations/intphys2_metadata.csv
[eval.intphys2] Loaded split assignments | split_scenes=51 split_samples=204
[eval.intphys2] Generated predictions | n_predictions=204
[eval.intphys2] Scoring complete | accuracy=56.8627 voe_accuracy=13.7255 n_scenes=51 n_samples=204
[eval.intphys2] Artifacts written | output_dir=artifacts/probes/intphys2/intphys2_probe_temporal_attn_videomae_vit_huge_16_224_20260502T005833Z/layer_8/train/trial_0019/val_eval
wandb: updating run metadata
wandb: uploading wandb-summary.json; uploading config.yaml; uploading output.log
wandb: 
wandb: Run history:
wandb:          epoch ▁▁▂▂▂▂▂▂▂▃▃▃▃▃▃▃▃▄▄▅▅▅▅▅▆▆▆▆▆▆▆▇▇▇▇▇████
wandb: train_accuracy ▆▄▁▄▄▅▃▃▃▃▂▄▄▆▅▃▃▂▁▃▅▅▇▅▇▄▅▅▆▇▄█▃▇▃▇▅▇▃▃
wandb:     train_loss ▁▃▁▃▁▁▂▁▁▁▂▂▂▁▁▂▁▂▁▄▁▁▁▁▃▂▂▂▂▂▅▁▂▂▂▁▁▁▂█
wandb:   val_accuracy ▅▅▅█▄▄▃▄▄▃▂▄▄▃▆▄▅▄▄▂▄▄▁▅▂▁▅▄▄▄▆▅▄▂▆▂▃▄▄▄
wandb:       val_loss █▁▁▁▁▁▁▃▁▁▁▁▂▂▃▁▁▁▂▁▁▁▁▂▂▂▁▁▁▁▁▁▁▁▂▁▃▁▁▁
wandb: 
wandb: Run summary:
wandb:           best_epoch 99
wandb:    best_val_accuracy 56.86275
wandb:        best_val_loss 37.96926
wandb: checkpoint_best_path artifacts/probes/int...
wandb: checkpoint_last_path artifacts/probes/int...
wandb:      checkpoint_path artifacts/probes/int...
wandb:              dataset intphys2
wandb:      elapsed_seconds 687.91383
wandb:                epoch 100
wandb:    feature_signature 1e642fe5ac5d5e7f
wandb:                  +22 ...
wandb: 
wandb: 🚀 View run intphys2_temporal_attn_videomae_vit_huge_16_224_layer_8/trial_0019 at: https://wandb.ai/caselli-niccolo-developer-university-of-amsterdam/probe4physics/runs/l03rh36n
wandb: ⭐️ View project at: https://wandb.ai/caselli-niccolo-developer-university-of-amsterdam/probe4physics
wandb: Synced 5 W&B file(s), 0 media file(s), 0 artifact file(s) and 0 other file(s)
wandb: Find logs at: ./wandb/run-20260502_093440-l03rh36n/logs
[I 2026-05-02 09:46:09,821] Trial 19 finished with value: 13.725490196078432 and parameters: {'lr': 0.0006293939054842916, 'weight_decay': 4.1422568635315395e-06, 'batch_size': 1, 'num_heads': 4, 'num_self_attn_blocks': 1, 'mlp_ratio': 4.0, 'dropout': 0.09610192057737499}. Best is trial 14 with value: 25.49019607843137.
[eval.intphys2] Starting eval | split_name=train split_dir=data/splits/intphys2 predictor_mode=from_file metadata_file=data/annotations/intphys2_metadata.csv
[eval.intphys2] Loaded split assignments | split_scenes=151 split_samples=604
[eval.intphys2] Generated predictions | n_predictions=604
[eval.intphys2] Scoring complete | accuracy=47.6821 voe_accuracy=14.5695 n_scenes=151 n_samples=604
[eval.intphys2] Artifacts written | output_dir=artifacts/probes/intphys2/intphys2_probe_temporal_attn_videomae_vit_huge_16_224_20260502T005833Z/layer_8/eval/train
[eval.intphys2] Starting eval | split_name=val split_dir=data/splits/intphys2 predictor_mode=from_file metadata_file=data/annotations/intphys2_metadata.csv
[eval.intphys2] Loaded split assignments | split_scenes=51 split_samples=204
[eval.intphys2] Generated predictions | n_predictions=204
[eval.intphys2] Scoring complete | accuracy=56.3725 voe_accuracy=25.4902 n_scenes=51 n_samples=204
[eval.intphys2] Artifacts written | output_dir=artifacts/probes/intphys2/intphys2_probe_temporal_attn_videomae_vit_huge_16_224_20260502T005833Z/layer_8/eval/val
[eval.intphys2] Starting eval | split_name=test split_dir=data/splits/intphys2 predictor_mode=from_file metadata_file=data/annotations/intphys2_metadata.csv
[eval.intphys2] Loaded split assignments | split_scenes=51 split_samples=204
[eval.intphys2] Generated predictions | n_predictions=204
[eval.intphys2] Scoring complete | accuracy=45.5882 voe_accuracy=7.8431 n_scenes=51 n_samples=204
[eval.intphys2] Artifacts written | output_dir=artifacts/probes/intphys2/intphys2_probe_temporal_attn_videomae_vit_huge_16_224_20260502T005833Z/layer_8/eval/test
[I 2026-05-02 09:46:23,562] A new study created in RDB with name: intphys2_temporal_attn_videomae_vit_huge_16_224_layer_16
wandb: setting up run iki7u8oh
wandb: Tracking run with wandb version 0.26.1
wandb: Run data is saved locally in /gpfs/home3/scur0511/Probe4Physics/wandb/run-20260502_094629-iki7u8oh
wandb: Run `wandb offline` to turn off syncing.
wandb: Syncing run intphys2_temporal_attn_videomae_vit_huge_16_224_layer_16/trial_0000
wandb: ⭐️ View project at https://wandb.ai/caselli-niccolo-developer-university-of-amsterdam/probe4physics
wandb: 🚀 View run at https://wandb.ai/caselli-niccolo-developer-university-of-amsterdam/probe4physics/runs/iki7u8oh
[eval.intphys2] Starting eval | split_name=val split_dir=data/splits/intphys2 predictor_mode=from_file metadata_file=data/annotations/intphys2_metadata.csv
[eval.intphys2] Loaded split assignments | split_scenes=51 split_samples=204
[eval.intphys2] Generated predictions | n_predictions=204
[eval.intphys2] Scoring complete | accuracy=53.9216 voe_accuracy=29.4118 n_scenes=51 n_samples=204
[eval.intphys2] Artifacts written | output_dir=artifacts/probes/intphys2/intphys2_probe_temporal_attn_videomae_vit_huge_16_224_20260502T005833Z/layer_16/train/trial_0000/val_eval
wandb: updating run metadata
wandb: uploading history steps 99-99, summary, console lines 0-4
wandb: 
wandb: Run history:
wandb:          epoch ▁▁▁▁▂▂▂▂▂▂▃▃▃▄▄▄▄▅▅▅▅▅▅▅▅▆▆▆▆▆▇▇▇▇▇▇▇███
wandb: train_accuracy ▆▄▄▅▅▆▄▄▂▄▄▃▅▅▄▅▃▃▂▅▃▃▄▄▄▃▄▂▂▅▃▄▁▄▄▅▅▃▂█
wandb:     train_loss ▄▁▁▁▂▁▂▁▂▁▁▃█▁▁▁▁▃▁▁▁▁▁▁▁▁▁▁▁▁▁▃▁▁▁▁▁▁▁▂
wandb:   val_accuracy ▄▂▃▂▃▃▄▃▄▃▄▃▂▃▄▃▄▃▂▃▃█▂▃▄▃▂▂▄▁▄▃▃▃▁▃▂▃▃▃
wandb:       val_loss █▆▁▂▆▁▁▁▁▂▁▁▁▂▁▁▁▇▂▂▂▁▁▁▁▁▁▆▂▁▃▁▂▁▁▁▁▂▁▁
wandb: 
wandb: Run summary:
wandb:           best_epoch 48
wandb:    best_val_accuracy 53.92157
wandb:        best_val_loss 0.69547
wandb: checkpoint_best_path artifacts/probes/int...
wandb: checkpoint_last_path artifacts/probes/int...
wandb:      checkpoint_path artifacts/probes/int...
wandb:              dataset intphys2
wandb:      elapsed_seconds 1028.92924
wandb:                epoch 100
wandb:    feature_signature 1e642fe5ac5d5e7f
wandb:                  +22 ...
wandb: 
wandb: 🚀 View run intphys2_temporal_attn_videomae_vit_huge_16_224_layer_16/trial_0000 at: https://wandb.ai/caselli-niccolo-developer-university-of-amsterdam/probe4physics/runs/iki7u8oh
wandb: ⭐️ View project at: https://wandb.ai/caselli-niccolo-developer-university-of-amsterdam/probe4physics
wandb: Synced 5 W&B file(s), 0 media file(s), 0 artifact file(s) and 0 other file(s)
wandb: Find logs at: ./wandb/run-20260502_094629-iki7u8oh/logs
[I 2026-05-02 10:03:40,682] Trial 0 finished with value: 29.411764705882355 and parameters: {'lr': 0.0001329291894316216, 'weight_decay': 0.005061576888752304, 'batch_size': 1, 'num_heads': 16, 'num_self_attn_blocks': 2, 'mlp_ratio': 2.0, 'dropout': 0.06370173320348284}. Best is trial 0 with value: 29.411764705882355.
wandb: setting up run f31bvfwh
wandb: Tracking run with wandb version 0.26.1
wandb: Run data is saved locally in /gpfs/home3/scur0511/Probe4Physics/wandb/run-20260502_100347-f31bvfwh
wandb: Run `wandb offline` to turn off syncing.
wandb: Syncing run intphys2_temporal_attn_videomae_vit_huge_16_224_layer_16/trial_0001
wandb: ⭐️ View project at https://wandb.ai/caselli-niccolo-developer-university-of-amsterdam/probe4physics
wandb: 🚀 View run at https://wandb.ai/caselli-niccolo-developer-university-of-amsterdam/probe4physics/runs/f31bvfwh
[eval.intphys2] Starting eval | split_name=val split_dir=data/splits/intphys2 predictor_mode=from_file metadata_file=data/annotations/intphys2_metadata.csv
[eval.intphys2] Loaded split assignments | split_scenes=51 split_samples=204
[eval.intphys2] Generated predictions | n_predictions=204
[eval.intphys2] Scoring complete | accuracy=76.9608 voe_accuracy=58.8235 n_scenes=51 n_samples=204
[eval.intphys2] Artifacts written | output_dir=artifacts/probes/intphys2/intphys2_probe_temporal_attn_videomae_vit_huge_16_224_20260502T005833Z/layer_16/train/trial_0001/val_eval
wandb: updating run metadata
wandb: uploading output.log; uploading wandb-summary.json; uploading config.yaml
wandb: uploading output.log
wandb: 
wandb: Run history:
wandb:          epoch ▁▁▁▂▂▂▂▂▃▃▃▃▃▃▃▃▄▄▄▄▄▅▅▅▅▅▆▆▆▆▆▇▇▇▇▇▇▇██
wandb: train_accuracy ▂▂▂▁▂▁▁▁▁▂▁▂▁▁▄▅▅▅▅▆▆▇▇▇▇███████████████
wandb:     train_loss ██████▇▇▇▇▇▇▅▄▄▃▃▃▃▂▂▂▂▂▁▂▁▁▂▂▂▁▁▁▂▁▁▁▁▁
wandb:   val_accuracy ▁▁▁▁▁▁▁▁▂▅▆▆▇▆▆▆▆▆▆▇▇▇▇▇▆▇▇▇▇██▇▆▆▆▇▇█▇▇
wandb:       val_loss ▂▂▂▂▂▂▂▂▂▂▂▂▂▂▁▂▁▁▂▂▁▄▃▃▅▆▇▁▆▄▃█▆▃█▆▆▃▇▄
wandb: 
wandb: Run summary:
wandb:           best_epoch 55
wandb:    best_val_accuracy 76.96078
wandb:        best_val_loss 0.67955
wandb: checkpoint_best_path artifacts/probes/int...
wandb: checkpoint_last_path artifacts/probes/int...
wandb:      checkpoint_path artifacts/probes/int...
wandb:              dataset intphys2
wandb:      elapsed_seconds 1197.51364
wandb:                epoch 100
wandb:    feature_signature 1e642fe5ac5d5e7f
wandb:                  +22 ...
wandb: 
wandb: 🚀 View run intphys2_temporal_attn_videomae_vit_huge_16_224_layer_16/trial_0001 at: https://wandb.ai/caselli-niccolo-developer-university-of-amsterdam/probe4physics/runs/f31bvfwh
wandb: ⭐️ View project at: https://wandb.ai/caselli-niccolo-developer-university-of-amsterdam/probe4physics
wandb: Synced 5 W&B file(s), 0 media file(s), 0 artifact file(s) and 0 other file(s)
wandb: Find logs at: ./wandb/run-20260502_100347-f31bvfwh/logs
[I 2026-05-02 10:23:46,817] Trial 1 finished with value: 58.82352941176471 and parameters: {'lr': 3.511356313970405e-05, 'weight_decay': 1.2601639723276798e-07, 'batch_size': 2, 'num_heads': 8, 'num_self_attn_blocks': 3, 'mlp_ratio': 2.0, 'dropout': 0.15427033152408348}. Best is trial 1 with value: 58.82352941176471.
wandb: setting up run 3qgtcica
wandb: Tracking run with wandb version 0.26.1
wandb: Run data is saved locally in /gpfs/home3/scur0511/Probe4Physics/wandb/run-20260502_102352-3qgtcica
wandb: Run `wandb offline` to turn off syncing.
wandb: Syncing run intphys2_temporal_attn_videomae_vit_huge_16_224_layer_16/trial_0002
wandb: ⭐️ View project at https://wandb.ai/caselli-niccolo-developer-university-of-amsterdam/probe4physics
wandb: 🚀 View run at https://wandb.ai/caselli-niccolo-developer-university-of-amsterdam/probe4physics/runs/3qgtcica
[eval.intphys2] Starting eval | split_name=val split_dir=data/splits/intphys2 predictor_mode=from_file metadata_file=data/annotations/intphys2_metadata.csv
[eval.intphys2] Loaded split assignments | split_scenes=51 split_samples=204
[eval.intphys2] Generated predictions | n_predictions=204
[eval.intphys2] Scoring complete | accuracy=51.4706 voe_accuracy=15.6863 n_scenes=51 n_samples=204
[eval.intphys2] Artifacts written | output_dir=artifacts/probes/intphys2/intphys2_probe_temporal_attn_videomae_vit_huge_16_224_20260502T005833Z/layer_16/train/trial_0002/val_eval
wandb: updating run metadata
wandb: uploading wandb-summary.json; uploading config.yaml; uploading output.log
wandb: 
wandb: Run history:
wandb:          epoch ▁▁▁▁▂▂▂▂▃▃▃▃▄▄▄▄▄▄▄▅▅▅▅▅▆▆▆▆▆▇▇▇▇▇▇▇████
wandb: train_accuracy ▆▄▅▆▆▇▄▅▅▅▃▄▇██▄▁▂▅▇▅▅▅▅▅▅▅▅▅▅▅▅▅▅▅▅▅▅▅▅
wandb:     train_loss ▁▁▁▁▁▁▁▁▅▅▃▂▃▃▃▂▂▆█▅                    
wandb:   val_accuracy ▆▆▆█▁▆▆▆▆▆▆▆▆▆▆▆▆▆▆▆▆▆▆▆▆▆▆▆▆▆▆▆▆▆▆▆▆▆▆▆
wandb:       val_loss ▁▁▁▁▁▂▁▄▁█▂▃▂█▄▅▄▃▄▇                    
wandb: 
wandb: Run summary:
wandb:           best_epoch 7
wandb:    best_val_accuracy 51.47059
wandb:        best_val_loss 36.04233
wandb: checkpoint_best_path artifacts/probes/int...
wandb: checkpoint_last_path artifacts/probes/int...
wandb:      checkpoint_path artifacts/probes/int...
wandb:              dataset intphys2
wandb:      elapsed_seconds 1314.61445
wandb:                epoch 100
wandb:    feature_signature 1e642fe5ac5d5e7f
wandb:                  +20 ...
wandb: 
wandb: 🚀 View run intphys2_temporal_attn_videomae_vit_huge_16_224_layer_16/trial_0002 at: https://wandb.ai/caselli-niccolo-developer-university-of-amsterdam/probe4physics/runs/3qgtcica
wandb: ⭐️ View project at: https://wandb.ai/caselli-niccolo-developer-university-of-amsterdam/probe4physics
wandb: Synced 5 W&B file(s), 0 media file(s), 0 artifact file(s) and 0 other file(s)
wandb: Find logs at: ./wandb/run-20260502_102352-3qgtcica/logs
[I 2026-05-02 10:45:49,664] Trial 2 finished with value: 15.686274509803921 and parameters: {'lr': 0.0005987474910461401, 'weight_decay': 1.8997763474111273e-08, 'batch_size': 1, 'num_heads': 8, 'num_self_attn_blocks': 3, 'mlp_ratio': 2.0, 'dropout': 0.14855307303338106}. Best is trial 1 with value: 58.82352941176471.
wandb: setting up run xh0dbum8
wandb: Tracking run with wandb version 0.26.1
wandb: Run data is saved locally in /gpfs/home3/scur0511/Probe4Physics/wandb/run-20260502_104555-xh0dbum8
wandb: Run `wandb offline` to turn off syncing.
wandb: Syncing run intphys2_temporal_attn_videomae_vit_huge_16_224_layer_16/trial_0003
wandb: ⭐️ View project at https://wandb.ai/caselli-niccolo-developer-university-of-amsterdam/probe4physics
wandb: 🚀 View run at https://wandb.ai/caselli-niccolo-developer-university-of-amsterdam/probe4physics/runs/xh0dbum8
[eval.intphys2] Starting eval | split_name=val split_dir=data/splits/intphys2 predictor_mode=from_file metadata_file=data/annotations/intphys2_metadata.csv
[eval.intphys2] Loaded split assignments | split_scenes=51 split_samples=204
[eval.intphys2] Generated predictions | n_predictions=204
[eval.intphys2] Scoring complete | accuracy=74.5098 voe_accuracy=50.9804 n_scenes=51 n_samples=204
[eval.intphys2] Artifacts written | output_dir=artifacts/probes/intphys2/intphys2_probe_temporal_attn_videomae_vit_huge_16_224_20260502T005833Z/layer_16/train/trial_0003/val_eval
wandb: updating run metadata
wandb: uploading output.log; uploading wandb-summary.json; uploading config.yaml
wandb: uploading history steps 99-99, summary, console lines 0-4
wandb: 
wandb: Run history:
wandb:          epoch ▁▁▁▁▁▂▂▂▂▂▃▃▃▃▃▃▄▄▄▄▄▅▅▅▅▅▅▅▅▆▇▇▇▇▇▇▇███
wandb: train_accuracy ▂▁▂▂▁▁▂▂▂▂▁▅▅▅▆▆▆▆▆▇▇▇▇▇▇▇▇█████████████
wandb:     train_loss ███▇▇▇▇▇▇▇▇▆▆▅▅▄▄▄▃▃▂▂▂▂▂▂▂▂▂▂▂▁▂▁▁▁▁▁▁▁
wandb:   val_accuracy ▂▂▂▂▁▂▂▂▂▂▂▂▂▂▆▇▇▇▇▇▇▇▇▇▇▇▇▆▇█▇▇█▇▇▇██▇▇
wandb:       val_loss ▂▂▂▂▂▂▂▂▂▂▂▂▁▁▁▁▁▁▁▁▁▂▂▃▂▃▃▅▄▄▄▆▅▆▆█▅▅▆█
wandb: 
wandb: Run summary:
wandb:           best_epoch 40
wandb:    best_val_accuracy 74.5098
wandb:        best_val_loss 0.52532
wandb: checkpoint_best_path artifacts/probes/int...
wandb: checkpoint_last_path artifacts/probes/int...
wandb:      checkpoint_path artifacts/probes/int...
wandb:              dataset intphys2
wandb:      elapsed_seconds 502.30022
wandb:                epoch 100
wandb:    feature_signature 1e642fe5ac5d5e7f
wandb:                  +22 ...
wandb: 
wandb: 🚀 View run intphys2_temporal_attn_videomae_vit_huge_16_224_layer_16/trial_0003 at: https://wandb.ai/caselli-niccolo-developer-university-of-amsterdam/probe4physics/runs/xh0dbum8
wandb: ⭐️ View project at: https://wandb.ai/caselli-niccolo-developer-university-of-amsterdam/probe4physics
wandb: Synced 5 W&B file(s), 0 media file(s), 0 artifact file(s) and 0 other file(s)
wandb: Find logs at: ./wandb/run-20260502_104555-xh0dbum8/logs
[I 2026-05-02 10:54:19,662] Trial 3 finished with value: 50.98039215686274 and parameters: {'lr': 1.2681352169084594e-05, 'weight_decay': 0.0028570800750407216, 'batch_size': 2, 'num_heads': 8, 'num_self_attn_blocks': 1, 'mlp_ratio': 2.0, 'dropout': 0.27656227050693505}. Best is trial 1 with value: 58.82352941176471.
wandb: setting up run oahtyigt
wandb: Tracking run with wandb version 0.26.1
wandb: Run data is saved locally in /gpfs/home3/scur0511/Probe4Physics/wandb/run-20260502_105425-oahtyigt
wandb: Run `wandb offline` to turn off syncing.
wandb: Syncing run intphys2_temporal_attn_videomae_vit_huge_16_224_layer_16/trial_0004
wandb: ⭐️ View project at https://wandb.ai/caselli-niccolo-developer-university-of-amsterdam/probe4physics
wandb: 🚀 View run at https://wandb.ai/caselli-niccolo-developer-university-of-amsterdam/probe4physics/runs/oahtyigt
[eval.intphys2] Starting eval | split_name=val split_dir=data/splits/intphys2 predictor_mode=from_file metadata_file=data/annotations/intphys2_metadata.csv
[eval.intphys2] Loaded split assignments | split_scenes=51 split_samples=204
[eval.intphys2] Generated predictions | n_predictions=204
[eval.intphys2] Scoring complete | accuracy=75.0000 voe_accuracy=54.9020 n_scenes=51 n_samples=204
[eval.intphys2] Artifacts written | output_dir=artifacts/probes/intphys2/intphys2_probe_temporal_attn_videomae_vit_huge_16_224_20260502T005833Z/layer_16/train/trial_0004/val_eval
wandb: updating run metadata
wandb: uploading output.log; uploading wandb-summary.json; uploading config.yaml
wandb: uploading history steps 98-99, summary, console lines 0-4
wandb: 
wandb: Run history:
wandb:          epoch ▁▁▁▁▁▂▂▂▂▂▂▂▃▃▃▃▃▃▄▄▄▄▅▅▅▅▅▅▅▅▆▆▆▆▇▇▇███
wandb: train_accuracy ▂▂▂▁▁▁▂▂▁▂▂▂▁▁▁▃▄▄▅▅▆▆▆▆▇▇▇▇████████████
wandb:     train_loss ██▇▇▇▇▇▇▇▇▅▄▄▄▄▄▃▄▃▃▃▃▃▂▃▂▂▂▂▁▁▁▂▁▁▁▁▁▁▁
wandb:   val_accuracy ▁▁▁▁▁▁▂▁▁▁▂▂▂▅▆▇▇████▇▇█▇▇▆▇▇▇▇▇▇▇▇▇▇▇▆█
wandb:       val_loss ▂▂▂▂▂▂▂▂▂▂▂▂▁▁▁▁▂▁▂▃▃▄▃▂▄▄▄▅▅▇▅▆▇▅▅▆█▆▇▄
wandb: 
wandb: Run summary:
wandb:           best_epoch 57
wandb:    best_val_accuracy 75
wandb:        best_val_loss 0.68343
wandb: checkpoint_best_path artifacts/probes/int...
wandb: checkpoint_last_path artifacts/probes/int...
wandb:      checkpoint_path artifacts/probes/int...
wandb:              dataset intphys2
wandb:      elapsed_seconds 784.30004
wandb:                epoch 100
wandb:    feature_signature 1e642fe5ac5d5e7f
wandb:                  +22 ...
wandb: 
wandb: 🚀 View run intphys2_temporal_attn_videomae_vit_huge_16_224_layer_16/trial_0004 at: https://wandb.ai/caselli-niccolo-developer-university-of-amsterdam/probe4physics/runs/oahtyigt
wandb: ⭐️ View project at: https://wandb.ai/caselli-niccolo-developer-university-of-amsterdam/probe4physics
wandb: Synced 5 W&B file(s), 0 media file(s), 0 artifact file(s) and 0 other file(s)
wandb: Find logs at: ./wandb/run-20260502_105425-oahtyigt/logs
[I 2026-05-02 11:07:32,315] Trial 4 finished with value: 54.90196078431373 and parameters: {'lr': 1.8427970406864546e-05, 'weight_decay': 1.499329805509153e-07, 'batch_size': 4, 'num_heads': 8, 'num_self_attn_blocks': 2, 'mlp_ratio': 2.0, 'dropout': 0.2960660809801552}. Best is trial 1 with value: 58.82352941176471.
wandb: setting up run sob3nov3
wandb: Tracking run with wandb version 0.26.1
wandb: Run data is saved locally in /gpfs/home3/scur0511/Probe4Physics/wandb/run-20260502_110738-sob3nov3
wandb: Run `wandb offline` to turn off syncing.
wandb: Syncing run intphys2_temporal_attn_videomae_vit_huge_16_224_layer_16/trial_0005
wandb: ⭐️ View project at https://wandb.ai/caselli-niccolo-developer-university-of-amsterdam/probe4physics
wandb: 🚀 View run at https://wandb.ai/caselli-niccolo-developer-university-of-amsterdam/probe4physics/runs/sob3nov3
wandb: updating run metadata
wandb: uploading wandb-summary.json; uploading config.yaml
wandb: 
wandb: Run history:
wandb:          epoch ▁▁▁▁▂▂▂▂▃▃▃▄▄▄▄▄▄▅▅▅▅▅▅▅▅▆▆▆▆▆▇▇▇▇▇▇▇▇██
wandb: train_accuracy ▁▁▁▁▁▁▁▁▁▁▁▁▁▁▁▁▁▁▁▁▁▁▁▁▁▁▁▁▁▁▁▁▁▁▁▁▁▁▁▁
wandb:     train_loss ▁                                       
wandb:   val_accuracy ▁▁▁▁▁▁▁▁▁▁▁▁▁▁▁▁▁▁▁▁▁▁▁▁▁▁▁▁▁▁▁▁▁▁▁▁▁▁▁▁
wandb:             +1 ...
wandb: 
wandb: Run summary:
wandb:          epoch 100
wandb: train_accuracy 50
wandb:     train_loss nan
wandb:   val_accuracy 50
wandb:       val_loss nan
wandb: 
wandb: 🚀 View run intphys2_temporal_attn_videomae_vit_huge_16_224_layer_16/trial_0005 at: https://wandb.ai/caselli-niccolo-developer-university-of-amsterdam/probe4physics/runs/sob3nov3
wandb: ⭐️ View project at: https://wandb.ai/caselli-niccolo-developer-university-of-amsterdam/probe4physics
wandb: Synced 4 W&B file(s), 0 media file(s), 0 artifact file(s) and 0 other file(s)
wandb: Find logs at: ./wandb/run-20260502_110738-sob3nov3/logs
[I 2026-05-02 11:27:22,090] Trial 5 pruned. Pruned at epoch 100 with val_accuracy=50.0000
wandb: setting up run le1nmzmd
wandb: Tracking run with wandb version 0.26.1
wandb: Run data is saved locally in /gpfs/home3/scur0511/Probe4Physics/wandb/run-20260502_112728-le1nmzmd
wandb: Run `wandb offline` to turn off syncing.
wandb: Syncing run intphys2_temporal_attn_videomae_vit_huge_16_224_layer_16/trial_0006
wandb: ⭐️ View project at https://wandb.ai/caselli-niccolo-developer-university-of-amsterdam/probe4physics
wandb: 🚀 View run at https://wandb.ai/caselli-niccolo-developer-university-of-amsterdam/probe4physics/runs/le1nmzmd
[eval.intphys2] Starting eval | split_name=val split_dir=data/splits/intphys2 predictor_mode=from_file metadata_file=data/annotations/intphys2_metadata.csv
[eval.intphys2] Loaded split assignments | split_scenes=51 split_samples=204
[eval.intphys2] Generated predictions | n_predictions=204
[eval.intphys2] Scoring complete | accuracy=75.4902 voe_accuracy=54.9020 n_scenes=51 n_samples=204
[eval.intphys2] Artifacts written | output_dir=artifacts/probes/intphys2/intphys2_probe_temporal_attn_videomae_vit_huge_16_224_20260502T005833Z/layer_16/train/trial_0006/val_eval
wandb: updating run metadata
wandb: uploading output.log; uploading wandb-summary.json; uploading config.yaml
wandb: 
wandb: Run history:
wandb:          epoch ▁▁▁▁▁▂▂▂▂▂▂▂▃▃▃▃▃▃▃▄▅▅▅▅▆▆▆▆▆▆▇▇▇▇▇█████
wandb: train_accuracy ▂▂▂▁▂▂▁▁▁▂▁▁▁▁▂▁▂▁▂▁▄▅▅▆▇▇███▇████▇████▇
wandb:     train_loss █▆▆▆▆▆▆▆▆▆▆▆▆▆▆▆▆▅▄▄▃▃▃▂▂▂▂▁▂▂▁▁▁▁▁▂▁▁▁▂
wandb:   val_accuracy ▁▁▁▁▁▁▁▁▁▁▁▁▁▁▁▁▁▆▆▆▆▇▇▇▇▇█▇▇▇▇▇█▆▇▇▇▇▇▇
wandb:       val_loss ▂▂▂▂▂▂▂▂▂▂▂▂▂▂▁▁▁▁▁▁▁▂▂▃▃▃▃▅▅▃▄▂▄▇█▄▆▂▂▄
wandb: 
wandb: Run summary:
wandb:           best_epoch 80
wandb:    best_val_accuracy 75.4902
wandb:        best_val_loss 1.30349
wandb: checkpoint_best_path artifacts/probes/int...
wandb: checkpoint_last_path artifacts/probes/int...
wandb:      checkpoint_path artifacts/probes/int...
wandb:              dataset intphys2
wandb:      elapsed_seconds 1441.90786
wandb:                epoch 100
wandb:    feature_signature 1e642fe5ac5d5e7f
wandb:                  +22 ...
wandb: 
wandb: 🚀 View run intphys2_temporal_attn_videomae_vit_huge_16_224_layer_16/trial_0006 at: https://wandb.ai/caselli-niccolo-developer-university-of-amsterdam/probe4physics/runs/le1nmzmd
wandb: ⭐️ View project at: https://wandb.ai/caselli-niccolo-developer-university-of-amsterdam/probe4physics
wandb: Synced 5 W&B file(s), 0 media file(s), 0 artifact file(s) and 0 other file(s)
wandb: Find logs at: ./wandb/run-20260502_112728-le1nmzmd/logs
[I 2026-05-02 11:51:33,329] Trial 6 finished with value: 54.90196078431373 and parameters: {'lr': 8.569331925053983e-05, 'weight_decay': 8.93511059033186e-07, 'batch_size': 4, 'num_heads': 16, 'num_self_attn_blocks': 3, 'mlp_ratio': 4.0, 'dropout': 0.12826230550756487}. Best is trial 1 with value: 58.82352941176471.
wandb: setting up run 753e767l
wandb: Tracking run with wandb version 0.26.1
wandb: Run data is saved locally in /gpfs/home3/scur0511/Probe4Physics/wandb/run-20260502_115140-753e767l
wandb: Run `wandb offline` to turn off syncing.
wandb: Syncing run intphys2_temporal_attn_videomae_vit_huge_16_224_layer_16/trial_0007
wandb: ⭐️ View project at https://wandb.ai/caselli-niccolo-developer-university-of-amsterdam/probe4physics
wandb: 🚀 View run at https://wandb.ai/caselli-niccolo-developer-university-of-amsterdam/probe4physics/runs/753e767l
[eval.intphys2] Starting eval | split_name=val split_dir=data/splits/intphys2 predictor_mode=from_file metadata_file=data/annotations/intphys2_metadata.csv
[eval.intphys2] Loaded split assignments | split_scenes=51 split_samples=204
[eval.intphys2] Generated predictions | n_predictions=204
[eval.intphys2] Scoring complete | accuracy=74.0196 voe_accuracy=50.9804 n_scenes=51 n_samples=204
[eval.intphys2] Artifacts written | output_dir=artifacts/probes/intphys2/intphys2_probe_temporal_attn_videomae_vit_huge_16_224_20260502T005833Z/layer_16/train/trial_0007/val_eval
wandb: updating run metadata
wandb: uploading output.log; uploading wandb-summary.json; uploading config.yaml
wandb: 
wandb: Run history:
wandb:          epoch ▁▁▁▂▂▂▂▂▂▂▃▃▃▃▃▄▄▄▄▄▅▅▅▅▅▆▆▆▆▆▆▇▇▇▇▇▇███
wandb: train_accuracy ▂▂▂▂▂▂▂▁▁▂▂▂▁▂▁▂▃▄▄▄▅▆▆▆▇▇▇█▇███████████
wandb:     train_loss ██▇▇▇▇▇▇▇▇▇▇▇▇▇▇▇▇▇▆▅▅▄▄▃▃▃▃▂▂▂▂▂▁▂▁▁▁▁▁
wandb:   val_accuracy ▁▁▁▁▁▁▁▁▁▁▁▂▅▆▇▆▇▇▇▆▆▆▇▆▇▆▇▆▇█▇█▇▇▇▇▇▆█▇
wandb:       val_loss ▂▂▂▂▂▂▂▂▂▂▂▂▂▂▁▁▂▁▁▁▂▃▄▃▂▄▅▅▆▆▇▆▅▇▆▇▅▄▄█
wandb: 
wandb: Run summary:
wandb:           best_epoch 79
wandb:    best_val_accuracy 74.01961
wandb:        best_val_loss 1.49372
wandb: checkpoint_best_path artifacts/probes/int...
wandb: checkpoint_last_path artifacts/probes/int...
wandb:      checkpoint_path artifacts/probes/int...
wandb:              dataset intphys2
wandb:      elapsed_seconds 1052.93849
wandb:                epoch 100
wandb:    feature_signature 1e642fe5ac5d5e7f
wandb:                  +22 ...
wandb: 
wandb: 🚀 View run intphys2_temporal_attn_videomae_vit_huge_16_224_layer_16/trial_0007 at: https://wandb.ai/caselli-niccolo-developer-university-of-amsterdam/probe4physics/runs/753e767l
wandb: ⭐️ View project at: https://wandb.ai/caselli-niccolo-developer-university-of-amsterdam/probe4physics
wandb: Synced 5 W&B file(s), 0 media file(s), 0 artifact file(s) and 0 other file(s)
wandb: Find logs at: ./wandb/run-20260502_115140-753e767l/logs
[I 2026-05-02 12:09:14,600] Trial 7 finished with value: 50.98039215686274 and parameters: {'lr': 1.1919481947918725e-05, 'weight_decay': 4.439648242927518e-08, 'batch_size': 2, 'num_heads': 8, 'num_self_attn_blocks': 2, 'mlp_ratio': 4.0, 'dropout': 0.04836638617620132}. Best is trial 1 with value: 58.82352941176471.
wandb: setting up run 58hsepl3
wandb: Tracking run with wandb version 0.26.1
wandb: Run data is saved locally in /gpfs/home3/scur0511/Probe4Physics/wandb/run-20260502_120920-58hsepl3
wandb: Run `wandb offline` to turn off syncing.
wandb: Syncing run intphys2_temporal_attn_videomae_vit_huge_16_224_layer_16/trial_0008
wandb: ⭐️ View project at https://wandb.ai/caselli-niccolo-developer-university-of-amsterdam/probe4physics
wandb: 🚀 View run at https://wandb.ai/caselli-niccolo-developer-university-of-amsterdam/probe4physics/runs/58hsepl3
wandb: updating run metadata
wandb: uploading wandb-summary.json; uploading config.yaml
wandb: 
wandb: Run history:
wandb:          epoch ▁▁▁▁▁▂▂▂▂▂▃▃▃▃▃▃▄▄▄▄▄▄▄▅▅▅▅▅▆▆▆▆▇▇▇▇▇▇██
wandb: train_accuracy ▁▁▁▁▁▁▁▁▁▁▁▁▁▁▁▁▁▁▁▁▁▁▁▁▁▁▁▁▁▁▁▁▁▁▁▁▁▁▁▁
wandb:   val_accuracy ▁▁▁▁▁▁▁▁▁▁▁▁▁▁▁▁▁▁▁▁▁▁▁▁▁▁▁▁▁▁▁▁▁▁▁▁▁▁▁▁
wandb:             +2 ...
wandb: 
wandb: Run summary:
wandb:          epoch 100
wandb: train_accuracy 50
wandb:     train_loss nan
wandb:   val_accuracy 50
wandb:       val_loss nan
wandb: 
wandb: 🚀 View run intphys2_temporal_attn_videomae_vit_huge_16_224_layer_16/trial_0008 at: https://wandb.ai/caselli-niccolo-developer-university-of-amsterdam/probe4physics/runs/58hsepl3
wandb: ⭐️ View project at: https://wandb.ai/caselli-niccolo-developer-university-of-amsterdam/probe4physics
wandb: Synced 4 W&B file(s), 0 media file(s), 0 artifact file(s) and 0 other file(s)
wandb: Find logs at: ./wandb/run-20260502_120920-58hsepl3/logs
[I 2026-05-02 12:26:41,903] Trial 8 pruned. Pruned at epoch 100 with val_accuracy=50.0000
wandb: setting up run 9bk34ycl
wandb: Tracking run with wandb version 0.26.1
wandb: Run data is saved locally in /gpfs/home3/scur0511/Probe4Physics/wandb/run-20260502_122648-9bk34ycl
wandb: Run `wandb offline` to turn off syncing.
wandb: Syncing run intphys2_temporal_attn_videomae_vit_huge_16_224_layer_16/trial_0009
wandb: ⭐️ View project at https://wandb.ai/caselli-niccolo-developer-university-of-amsterdam/probe4physics
wandb: 🚀 View run at https://wandb.ai/caselli-niccolo-developer-university-of-amsterdam/probe4physics/runs/9bk34ycl
wandb: updating run metadata
wandb: uploading wandb-summary.json; uploading config.yaml
wandb: uploading history steps 96-99, summary
wandb: 
wandb: Run history:
wandb:          epoch ▁▁▂▂▂▂▂▃▃▃▃▃▃▃▃▄▄▄▄▄▅▅▅▅▅▆▆▆▆▆▆▇▇▇▇▇▇███
wandb: train_accuracy █▇▁█▇▇▇▇▇▇▇▇▇▇▇▇▇▇▇▇▇▇▇▇▇▇▇▇▇▇▇▇▇▇▇▇▇▇▇▇
wandb:     train_loss █▁                                      
wandb:   val_accuracy █▁▄▄▄▄▄▄▄▄▄▄▄▄▄▄▄▄▄▄▄▄▄▄▄▄▄▄▄▄▄▄▄▄▄▄▄▄▄▄
wandb:       val_loss ▁                                       
wandb: 
wandb: Run summary:
wandb:          epoch 100
wandb: train_accuracy 50
wandb:     train_loss nan
wandb:   val_accuracy 50
wandb:       val_loss nan
wandb: 
wandb: 🚀 View run intphys2_temporal_attn_videomae_vit_huge_16_224_layer_16/trial_0009 at: https://wandb.ai/caselli-niccolo-developer-university-of-amsterdam/probe4physics/runs/9bk34ycl
wandb: ⭐️ View project at: https://wandb.ai/caselli-niccolo-developer-university-of-amsterdam/probe4physics
wandb: Synced 4 W&B file(s), 0 media file(s), 0 artifact file(s) and 0 other file(s)
wandb: Find logs at: ./wandb/run-20260502_122648-9bk34ycl/logs
[I 2026-05-02 12:35:22,623] Trial 9 pruned. Pruned at epoch 100 with val_accuracy=50.0000
wandb: setting up run ct5tv5pc
wandb: Tracking run with wandb version 0.26.1
wandb: Run data is saved locally in /gpfs/home3/scur0511/Probe4Physics/wandb/run-20260502_123529-ct5tv5pc
wandb: Run `wandb offline` to turn off syncing.
wandb: Syncing run intphys2_temporal_attn_videomae_vit_huge_16_224_layer_16/trial_0010
wandb: ⭐️ View project at https://wandb.ai/caselli-niccolo-developer-university-of-amsterdam/probe4physics
wandb: 🚀 View run at https://wandb.ai/caselli-niccolo-developer-university-of-amsterdam/probe4physics/runs/ct5tv5pc
[2026-05-02T12:58:28.298] error: *** JOB 22413454 ON gcn108 CANCELLED AT 2026-05-02T12:58:28 DUE TO TIME LIMIT ***
