===== TRAIN PROVENANCE =====
Sat May  2 00:58:29 UTC 2026
gcn108.local.snellius.surf.nl
47eca25c95a8b39ef1cc944c210428b687f15350
Python 3.11.15
/home/scur0511/.conda/envs/probe4physics-gpu/bin/python
REPO_ROOT=/gpfs/home3/scur0511/Probe4Physics
DATASET_NAME=intphys2
PROBE_NAME=temporal_attn
BACKBONE_NAME=jepa_v2_1
BACKBONE_VARIANT=vitG_384
PROBE_EPOCHS=100
PROBE_DEVICE=cuda
PROBE_LAYER=last
PROBE_LAYERS=12,24,38,48
PROBE_FEATURE_VIEW=tokens
ENABLE_WANDB=true
WANDB_PROJECT=probe4physics
WANDB_MODE=online
WANDB_GROUP=intphys2_temporal_attn_jepa_v2_1_vitG_384
ENABLE_OPTUNA=true
OPTUNA_N_TRIALS=20
OPTUNA_N_JOBS=1
OPTUNA_TIMEOUT_SECONDS=0
ENABLE_OPTUNA_PRUNER=true
OPTUNA_PRUNER_STARTUP_TRIALS=3
OPTUNA_PRUNER_WARMUP_STEPS=100
OPTUNA_PRUNER_INTERVAL_STEPS=1
OPTUNA_STUDY_NAME=intphys2_temporal_attn_jepa_v2_1_vitG_384
OPTUNA_SEARCH_OVERRIDES=probe.eval_batch_size=1 probe.optuna.search_space.batch_size.choices=[1,2,4]
============================
JOB_START_UTC=2026-05-02T00:58:29Z
