============================================================================================== 
Warning! Mixing Conda and module environments may lead to corruption of the
user environment. 
We do not recommend users mixing those two environments unless absolutely
necessary. Note that 
SURF does not provide any support for Conda environment.
For more information, please refer to our software policy page:
https://servicedesk.surf.nl/wiki/display/WIKI/Software+policy+Snellius#SoftwarepolicySnellius-UseofAnacondaandMinicondaenvironmentsonSnellius 

Remember that many packages have already been installed on the system and can
be loaded using 
the 'module load <package__name>' command. If you are uncertain if a package is
already available 
on the system, please use 'module avail' or 'module spider' to search for it.
============================================================================================== 
[I 2026-05-04 16:50:17,600] A new study created in RDB with name: intphys2_temporal_attn_jepa_v1_vith16_384_layer_8
wandb: [wandb.login()] Loaded credentials for https://api.wandb.ai from /home/scur0511/.netrc.
wandb: Currently logged in as: caselli-niccolo-developer (caselli-niccolo-developer-university-of-amsterdam) to https://api.wandb.ai. Use `wandb login --relogin` to force relogin
wandb: setting up run a7fpll1w
wandb: Tracking run with wandb version 0.26.1
wandb: Run data is saved locally in /gpfs/home3/scur0511/Probe4Physics/wandb/run-20260504_165038-a7fpll1w
wandb: Run `wandb offline` to turn off syncing.
wandb: Syncing run intphys2_temporal_attn_jepa_v1_vith16_384_layer_8/trial_0000
wandb: ⭐️ View project at https://wandb.ai/caselli-niccolo-developer-university-of-amsterdam/probe4physics
wandb: 🚀 View run at https://wandb.ai/caselli-niccolo-developer-university-of-amsterdam/probe4physics/runs/a7fpll1w
[eval.intphys2] Starting eval | split_name=val split_dir=data/splits/intphys2 predictor_mode=from_file metadata_file=data/annotations/intphys2_metadata.csv
[eval.intphys2] Loaded split assignments | split_scenes=51 split_samples=204
[eval.intphys2] Generated predictions | n_predictions=204
[eval.intphys2] Scoring complete | accuracy=52.9412 voe_accuracy=19.6078 n_scenes=51 n_samples=204
[eval.intphys2] Artifacts written | output_dir=artifacts/probes/intphys2/intphys2_probe_temporal_attn_jepa_v1_vith16_384_20260504T145015Z/layer_8/train/trial_0000/val_eval
wandb: updating run metadata
wandb: uploading output.log; uploading wandb-summary.json; uploading config.yaml
wandb: uploading config.yaml; uploading history steps 19-19, summary, console lines 0-4
wandb: 
wandb: Run history:
wandb:          epoch ▁▁▂▂▂▃▃▄▄▄▅▅▅▆▆▇▇▇██
wandb: train_accuracy ▅▄▆▅▇▆▇▂▆▂▃▁▇█▆▅▃▂▃▇
wandb:     train_loss ▃▃▁▁▁▁▁▁▁▂█▃▂▁▁▂▂▁▁▂
wandb:   val_accuracy ▅▄▄▄▄▄▅▅▄▄▅▇▄▅▁▁▅▄█▄
wandb:       val_loss ▇▃▁▂▁▂▁▁▁▁█▁▃▁▁▁▁▁▁▂
wandb: 
wandb: Run summary:
wandb:           best_epoch 19
wandb:    best_val_accuracy 52.94118
wandb:        best_val_loss 0.73953
wandb: checkpoint_best_path artifacts/probes/int...
wandb: checkpoint_last_path artifacts/probes/int...
wandb:      checkpoint_path artifacts/probes/int...
wandb:              dataset intphys2
wandb:      elapsed_seconds 1234.88933
wandb:                epoch 20
wandb:    feature_signature 78346a9facde6609
wandb:                  +22 ...
wandb: 
wandb: 🚀 View run intphys2_temporal_attn_jepa_v1_vith16_384_layer_8/trial_0000 at: https://wandb.ai/caselli-niccolo-developer-university-of-amsterdam/probe4physics/runs/a7fpll1w
wandb: ⭐️ View project at: https://wandb.ai/caselli-niccolo-developer-university-of-amsterdam/probe4physics
wandb: Synced 5 W&B file(s), 0 media file(s), 0 artifact file(s) and 0 other file(s)
wandb: Find logs at: ./wandb/run-20260504_165038-a7fpll1w/logs
[I 2026-05-04 17:11:16,377] Trial 0 finished with value: 19.607843137254903 and parameters: {'lr': 0.0001329291894316216, 'weight_decay': 0.005061576888752304, 'batch_size': 1, 'num_heads': 4, 'num_self_attn_blocks': 3, 'mlp_ratio': 4.0, 'dropout': 0.006175348288740734}. Best is trial 0 with value: 19.607843137254903.
wandb: setting up run vho2x2ff
wandb: Tracking run with wandb version 0.26.1
wandb: Run data is saved locally in /gpfs/home3/scur0511/Probe4Physics/wandb/run-20260504_171133-vho2x2ff
wandb: Run `wandb offline` to turn off syncing.
wandb: Syncing run intphys2_temporal_attn_jepa_v1_vith16_384_layer_8/trial_0001
wandb: ⭐️ View project at https://wandb.ai/caselli-niccolo-developer-university-of-amsterdam/probe4physics
wandb: 🚀 View run at https://wandb.ai/caselli-niccolo-developer-university-of-amsterdam/probe4physics/runs/vho2x2ff
[eval.intphys2] Starting eval | split_name=val split_dir=data/splits/intphys2 predictor_mode=from_file metadata_file=data/annotations/intphys2_metadata.csv
[eval.intphys2] Loaded split assignments | split_scenes=51 split_samples=204
[eval.intphys2] Generated predictions | n_predictions=204
[eval.intphys2] Scoring complete | accuracy=50.0000 voe_accuracy=0.0000 n_scenes=51 n_samples=204
[eval.intphys2] Artifacts written | output_dir=artifacts/probes/intphys2/intphys2_probe_temporal_attn_jepa_v1_vith16_384_20260504T145015Z/layer_8/train/trial_0001/val_eval
wandb: updating run metadata
wandb: uploading output.log; uploading wandb-summary.json; uploading config.yaml
wandb: 
wandb: Run history:
wandb:          epoch ▁▁▂▂▂▃▃▄▄▄▅▅▅▆▆▇▇▇██
wandb: train_accuracy ▁███████████████████
wandb:   val_accuracy ▁▁▁▁▁▁▁▁▁▁▁▁▁▁▁▁▁▁▁▁
wandb:             +2 ...
wandb: 
wandb: Run summary:
wandb:           best_epoch 1
wandb:    best_val_accuracy 50
wandb: checkpoint_best_path artifacts/probes/int...
wandb: checkpoint_last_path artifacts/probes/int...
wandb:      checkpoint_path artifacts/probes/int...
wandb:              dataset intphys2
wandb:      elapsed_seconds 846.56332
wandb:                epoch 20
wandb:    feature_signature 78346a9facde6609
wandb:         feature_view tokens
wandb:                  +19 ...
wandb: 
wandb: 🚀 View run intphys2_temporal_attn_jepa_v1_vith16_384_layer_8/trial_0001 at: https://wandb.ai/caselli-niccolo-developer-university-of-amsterdam/probe4physics/runs/vho2x2ff
wandb: ⭐️ View project at: https://wandb.ai/caselli-niccolo-developer-university-of-amsterdam/probe4physics
wandb: Synced 5 W&B file(s), 0 media file(s), 0 artifact file(s) and 0 other file(s)
wandb: Find logs at: ./wandb/run-20260504_171133-vho2x2ff/logs
[I 2026-05-04 17:25:44,382] Trial 1 finished with value: 0.0 and parameters: {'lr': 0.008123245085588688, 'weight_decay': 0.0009877700294007926, 'batch_size': 1, 'num_heads': 4, 'num_self_attn_blocks': 2, 'mlp_ratio': 4.0, 'dropout': 0.04184815819561255}. Best is trial 0 with value: 19.607843137254903.
wandb: setting up run 8qd78a5k
wandb: Tracking run with wandb version 0.26.1
wandb: Run data is saved locally in /gpfs/home3/scur0511/Probe4Physics/wandb/run-20260504_172600-8qd78a5k
wandb: Run `wandb offline` to turn off syncing.
wandb: Syncing run intphys2_temporal_attn_jepa_v1_vith16_384_layer_8/trial_0002
wandb: ⭐️ View project at https://wandb.ai/caselli-niccolo-developer-university-of-amsterdam/probe4physics
wandb: 🚀 View run at https://wandb.ai/caselli-niccolo-developer-university-of-amsterdam/probe4physics/runs/8qd78a5k
[eval.intphys2] Starting eval | split_name=val split_dir=data/splits/intphys2 predictor_mode=from_file metadata_file=data/annotations/intphys2_metadata.csv
[eval.intphys2] Loaded split assignments | split_scenes=51 split_samples=204
[eval.intphys2] Generated predictions | n_predictions=204
[eval.intphys2] Scoring complete | accuracy=50.4902 voe_accuracy=7.8431 n_scenes=51 n_samples=204
[eval.intphys2] Artifacts written | output_dir=artifacts/probes/intphys2/intphys2_probe_temporal_attn_jepa_v1_vith16_384_20260504T145015Z/layer_8/train/trial_0002/val_eval
wandb: updating run metadata
wandb: uploading output.log; uploading wandb-summary.json; uploading config.yaml
wandb: uploading history steps 19-19, summary, console lines 0-4
wandb: 
wandb: Run history:
wandb:          epoch ▁▁▂▂▂▃▃▄▄▄▅▅▅▆▆▇▇▇██
wandb: train_accuracy █▅▄▄▂▁▁▂▃▃▄▁█▄▄▆▂▄▂▃
wandb:     train_loss █▄▃▂▃▂▁▁▁▁▁▁▂▁▁▂▁▁▂▂
wandb:   val_accuracy ▇▇▇▇▇▇▇▇▇▁▇▅▇▇█▅▇▇▇▇
wandb:       val_loss █▂▁▂▁▁▂▁▁▁▁▁▁▁▁▁▁▂▁▁
wandb: 
wandb: Run summary:
wandb:           best_epoch 15
wandb:    best_val_accuracy 50.4902
wandb:        best_val_loss 0.69319
wandb: checkpoint_best_path artifacts/probes/int...
wandb: checkpoint_last_path artifacts/probes/int...
wandb:      checkpoint_path artifacts/probes/int...
wandb:              dataset intphys2
wandb:      elapsed_seconds 759.76439
wandb:                epoch 20
wandb:    feature_signature 78346a9facde6609
wandb:                  +22 ...
wandb: 
wandb: 🚀 View run intphys2_temporal_attn_jepa_v1_vith16_384_layer_8/trial_0002 at: https://wandb.ai/caselli-niccolo-developer-university-of-amsterdam/probe4physics/runs/8qd78a5k
wandb: ⭐️ View project at: https://wandb.ai/caselli-niccolo-developer-university-of-amsterdam/probe4physics
wandb: Synced 5 W&B file(s), 0 media file(s), 0 artifact file(s) and 0 other file(s)
wandb: Find logs at: ./wandb/run-20260504_172600-8qd78a5k/logs
[I 2026-05-04 17:38:45,598] Trial 2 finished with value: 7.8431372549019605 and parameters: {'lr': 7.52374288453485e-05, 'weight_decay': 1.5782327810795563e-06, 'batch_size': 1, 'num_heads': 8, 'num_self_attn_blocks': 2, 'mlp_ratio': 2.0, 'dropout': 0.019515477895583853}. Best is trial 0 with value: 19.607843137254903.
wandb: setting up run ghf89p8i
wandb: Tracking run with wandb version 0.26.1
wandb: Run data is saved locally in /gpfs/home3/scur0511/Probe4Physics/wandb/run-20260504_173902-ghf89p8i
wandb: Run `wandb offline` to turn off syncing.
wandb: Syncing run intphys2_temporal_attn_jepa_v1_vith16_384_layer_8/trial_0003
wandb: ⭐️ View project at https://wandb.ai/caselli-niccolo-developer-university-of-amsterdam/probe4physics
wandb: 🚀 View run at https://wandb.ai/caselli-niccolo-developer-university-of-amsterdam/probe4physics/runs/ghf89p8i
[eval.intphys2] Starting eval | split_name=val split_dir=data/splits/intphys2 predictor_mode=from_file metadata_file=data/annotations/intphys2_metadata.csv
[eval.intphys2] Loaded split assignments | split_scenes=51 split_samples=204
[eval.intphys2] Generated predictions | n_predictions=204
[eval.intphys2] Scoring complete | accuracy=50.0000 voe_accuracy=0.0000 n_scenes=51 n_samples=204
[eval.intphys2] Artifacts written | output_dir=artifacts/probes/intphys2/intphys2_probe_temporal_attn_jepa_v1_vith16_384_20260504T145015Z/layer_8/train/trial_0003/val_eval
wandb: updating run metadata
wandb: uploading output.log; uploading wandb-summary.json; uploading config.yaml
wandb: 
wandb: Run history:
wandb:          epoch ▁▁▂▂▂▃▃▄▄▄▅▅▅▆▆▇▇▇██
wandb: train_accuracy ▁███████████████████
wandb:   val_accuracy ▁▁▁▁▁▁▁▁▁▁▁▁▁▁▁▁▁▁▁▁
wandb:             +2 ...
wandb: 
wandb: Run summary:
wandb:           best_epoch 1
wandb:    best_val_accuracy 50
wandb: checkpoint_best_path artifacts/probes/int...
wandb: checkpoint_last_path artifacts/probes/int...
wandb:      checkpoint_path artifacts/probes/int...
wandb:              dataset intphys2
wandb:      elapsed_seconds 419.63194
wandb:                epoch 20
wandb:    feature_signature 78346a9facde6609
wandb:         feature_view tokens
wandb:                  +19 ...
wandb: 
wandb: 🚀 View run intphys2_temporal_attn_jepa_v1_vith16_384_layer_8/trial_0003 at: https://wandb.ai/caselli-niccolo-developer-university-of-amsterdam/probe4physics/runs/ghf89p8i
wandb: ⭐️ View project at: https://wandb.ai/caselli-niccolo-developer-university-of-amsterdam/probe4physics
wandb: Synced 5 W&B file(s), 0 media file(s), 0 artifact file(s) and 0 other file(s)
wandb: Find logs at: ./wandb/run-20260504_173902-ghf89p8i/logs
[I 2026-05-04 17:46:05,020] Trial 3 finished with value: 0.0 and parameters: {'lr': 0.007025166339242158, 'weight_decay': 0.006220025976819169, 'batch_size': 1, 'num_heads': 4, 'num_self_attn_blocks': 1, 'mlp_ratio': 2.0, 'dropout': 0.2727961206236346}. Best is trial 0 with value: 19.607843137254903.
wandb: setting up run 5djumjy2
wandb: Tracking run with wandb version 0.26.1
wandb: Run data is saved locally in /gpfs/home3/scur0511/Probe4Physics/wandb/run-20260504_174622-5djumjy2
wandb: Run `wandb offline` to turn off syncing.
wandb: Syncing run intphys2_temporal_attn_jepa_v1_vith16_384_layer_8/trial_0004
wandb: ⭐️ View project at https://wandb.ai/caselli-niccolo-developer-university-of-amsterdam/probe4physics
wandb: 🚀 View run at https://wandb.ai/caselli-niccolo-developer-university-of-amsterdam/probe4physics/runs/5djumjy2
[eval.intphys2] Starting eval | split_name=val split_dir=data/splits/intphys2 predictor_mode=from_file metadata_file=data/annotations/intphys2_metadata.csv
[eval.intphys2] Loaded split assignments | split_scenes=51 split_samples=204
[eval.intphys2] Generated predictions | n_predictions=204
[eval.intphys2] Scoring complete | accuracy=50.9804 voe_accuracy=17.6471 n_scenes=51 n_samples=204
[eval.intphys2] Artifacts written | output_dir=artifacts/probes/intphys2/intphys2_probe_temporal_attn_jepa_v1_vith16_384_20260504T145015Z/layer_8/train/trial_0004/val_eval
wandb: updating run metadata
wandb: uploading history steps 19-19, summary, console lines 0-4
wandb: 
wandb: Run history:
wandb:          epoch ▁▁▂▂▂▃▃▄▄▄▅▅▅▆▆▇▇▇██
wandb: train_accuracy ▆▇▆▆▅▁▇▃█▅▄▃▆▅█▄▄▅▃▅
wandb:     train_loss █▄▄▂▅▂▂▂▂▁▁▁▁▁▁▁▁▁▁▁
wandb:   val_accuracy ▅▅▅▅▃█▅▃▅█▅▃▅▃▅▁▅▅▅▅
wandb:       val_loss █▃▂▃▁▁▂▁▁▁▁▁▁▁▁▁▁▂▁▁
wandb: 
wandb: Run summary:
wandb:           best_epoch 10
wandb:    best_val_accuracy 50.98039
wandb:        best_val_loss 0.69355
wandb: checkpoint_best_path artifacts/probes/int...
wandb: checkpoint_last_path artifacts/probes/int...
wandb:      checkpoint_path artifacts/probes/int...
wandb:              dataset intphys2
wandb:      elapsed_seconds 800.60076
wandb:                epoch 20
wandb:    feature_signature 78346a9facde6609
wandb:                  +22 ...
wandb: 
wandb: 🚀 View run intphys2_temporal_attn_jepa_v1_vith16_384_layer_8/trial_0004 at: https://wandb.ai/caselli-niccolo-developer-university-of-amsterdam/probe4physics/runs/5djumjy2
wandb: ⭐️ View project at: https://wandb.ai/caselli-niccolo-developer-university-of-amsterdam/probe4physics
wandb: Synced 5 W&B file(s), 0 media file(s), 0 artifact file(s) and 0 other file(s)
wandb: Find logs at: ./wandb/run-20260504_174622-5djumjy2/logs
[I 2026-05-04 17:59:46,678] Trial 4 finished with value: 17.647058823529413 and parameters: {'lr': 5.9750279999602906e-05, 'weight_decay': 9.44351568796269e-05, 'batch_size': 1, 'num_heads': 16, 'num_self_attn_blocks': 2, 'mlp_ratio': 2.0, 'dropout': 0.17936999364332554}. Best is trial 0 with value: 19.607843137254903.
[eval.intphys2] Starting eval | split_name=train split_dir=data/splits/intphys2 predictor_mode=from_file metadata_file=data/annotations/intphys2_metadata.csv
[eval.intphys2] Loaded split assignments | split_scenes=151 split_samples=604
[eval.intphys2] Generated predictions | n_predictions=604
[eval.intphys2] Scoring complete | accuracy=47.1854 voe_accuracy=14.5695 n_scenes=151 n_samples=604
[eval.intphys2] Artifacts written | output_dir=artifacts/probes/intphys2/intphys2_probe_temporal_attn_jepa_v1_vith16_384_20260504T145015Z/layer_8/eval/train
[eval.intphys2] Starting eval | split_name=val split_dir=data/splits/intphys2 predictor_mode=from_file metadata_file=data/annotations/intphys2_metadata.csv
[eval.intphys2] Loaded split assignments | split_scenes=51 split_samples=204
[eval.intphys2] Generated predictions | n_predictions=204
[eval.intphys2] Scoring complete | accuracy=52.9412 voe_accuracy=19.6078 n_scenes=51 n_samples=204
[eval.intphys2] Artifacts written | output_dir=artifacts/probes/intphys2/intphys2_probe_temporal_attn_jepa_v1_vith16_384_20260504T145015Z/layer_8/eval/val
[eval.intphys2] Starting eval | split_name=test split_dir=data/splits/intphys2 predictor_mode=from_file metadata_file=data/annotations/intphys2_metadata.csv
[eval.intphys2] Loaded split assignments | split_scenes=51 split_samples=204
[eval.intphys2] Generated predictions | n_predictions=204
[eval.intphys2] Scoring complete | accuracy=51.4706 voe_accuracy=15.6863 n_scenes=51 n_samples=204
[eval.intphys2] Artifacts written | output_dir=artifacts/probes/intphys2/intphys2_probe_temporal_attn_jepa_v1_vith16_384_20260504T145015Z/layer_8/eval/test
[I 2026-05-04 18:00:29,610] A new study created in RDB with name: intphys2_temporal_attn_jepa_v1_vith16_384_layer_16
wandb: setting up run foqejqgm
wandb: Tracking run with wandb version 0.26.1
wandb: Run data is saved locally in /gpfs/home3/scur0511/Probe4Physics/wandb/run-20260504_180046-foqejqgm
wandb: Run `wandb offline` to turn off syncing.
wandb: Syncing run intphys2_temporal_attn_jepa_v1_vith16_384_layer_16/trial_0000
wandb: ⭐️ View project at https://wandb.ai/caselli-niccolo-developer-university-of-amsterdam/probe4physics
wandb: 🚀 View run at https://wandb.ai/caselli-niccolo-developer-university-of-amsterdam/probe4physics/runs/foqejqgm
[eval.intphys2] Starting eval | split_name=val split_dir=data/splits/intphys2 predictor_mode=from_file metadata_file=data/annotations/intphys2_metadata.csv
[eval.intphys2] Loaded split assignments | split_scenes=51 split_samples=204
[eval.intphys2] Generated predictions | n_predictions=204
[eval.intphys2] Scoring complete | accuracy=50.9804 voe_accuracy=15.6863 n_scenes=51 n_samples=204
[eval.intphys2] Artifacts written | output_dir=artifacts/probes/intphys2/intphys2_probe_temporal_attn_jepa_v1_vith16_384_20260504T145015Z/layer_16/train/trial_0000/val_eval
wandb: updating run metadata
wandb: uploading output.log; uploading wandb-summary.json; uploading config.yaml
wandb: uploading history steps 19-19, summary, console lines 0-4
wandb: 
wandb: Run history:
wandb:          epoch ▁▁▂▂▂▃▃▄▄▄▅▅▅▆▆▇▇▇██
wandb: train_accuracy ▃▂▆▅▃▄▅▆▆▆▆▃██▄▁▇▅▄█
wandb:     train_loss ▄▂▁▁▁▁▁█▁▁▂▇▁▁▂▄▂▂▂▃
wandb:   val_accuracy ▇▆▆▆▆▆▅▆▆█▆▆▆▆▆▅▇▆▁▆
wandb:       val_loss █▂▁▁▁▁▁▂▁▁▂▁▁▂▁▁▂▁▁▇
wandb: 
wandb: Run summary:
wandb:           best_epoch 10
wandb:    best_val_accuracy 50.98039
wandb:        best_val_loss 0.7048
wandb: checkpoint_best_path artifacts/probes/int...
wandb: checkpoint_last_path artifacts/probes/int...
wandb:      checkpoint_path artifacts/probes/int...
wandb:              dataset intphys2
wandb:      elapsed_seconds 1227.52438
wandb:                epoch 20
wandb:    feature_signature 78346a9facde6609
wandb:                  +22 ...
wandb: 
wandb: 🚀 View run intphys2_temporal_attn_jepa_v1_vith16_384_layer_16/trial_0000 at: https://wandb.ai/caselli-niccolo-developer-university-of-amsterdam/probe4physics/runs/foqejqgm
wandb: ⭐️ View project at: https://wandb.ai/caselli-niccolo-developer-university-of-amsterdam/probe4physics
wandb: Synced 5 W&B file(s), 0 media file(s), 0 artifact file(s) and 0 other file(s)
wandb: Find logs at: ./wandb/run-20260504_180046-foqejqgm/logs
[I 2026-05-04 18:21:20,834] Trial 0 finished with value: 15.686274509803921 and parameters: {'lr': 0.0001329291894316216, 'weight_decay': 0.005061576888752304, 'batch_size': 1, 'num_heads': 4, 'num_self_attn_blocks': 3, 'mlp_ratio': 4.0, 'dropout': 0.006175348288740734}. Best is trial 0 with value: 15.686274509803921.
wandb: setting up run fj9fyzcl
wandb: Tracking run with wandb version 0.26.1
wandb: Run data is saved locally in /gpfs/home3/scur0511/Probe4Physics/wandb/run-20260504_182140-fj9fyzcl
wandb: Run `wandb offline` to turn off syncing.
wandb: Syncing run intphys2_temporal_attn_jepa_v1_vith16_384_layer_16/trial_0001
wandb: ⭐️ View project at https://wandb.ai/caselli-niccolo-developer-university-of-amsterdam/probe4physics
wandb: 🚀 View run at https://wandb.ai/caselli-niccolo-developer-university-of-amsterdam/probe4physics/runs/fj9fyzcl
[eval.intphys2] Starting eval | split_name=val split_dir=data/splits/intphys2 predictor_mode=from_file metadata_file=data/annotations/intphys2_metadata.csv
[eval.intphys2] Loaded split assignments | split_scenes=51 split_samples=204
[eval.intphys2] Generated predictions | n_predictions=204
[eval.intphys2] Scoring complete | accuracy=50.0000 voe_accuracy=0.0000 n_scenes=51 n_samples=204
[eval.intphys2] Artifacts written | output_dir=artifacts/probes/intphys2/intphys2_probe_temporal_attn_jepa_v1_vith16_384_20260504T145015Z/layer_16/train/trial_0001/val_eval
wandb: updating run metadata
wandb: uploading output.log; uploading wandb-summary.json; uploading config.yaml
wandb: 
wandb: Run history:
wandb:          epoch ▁▁▂▂▂▃▃▄▄▄▅▅▅▆▆▇▇▇██
wandb: train_accuracy ▁███████████████████
wandb:   val_accuracy ▁▁▁▁▁▁▁▁▁▁▁▁▁▁▁▁▁▁▁▁
wandb:             +2 ...
wandb: 
wandb: Run summary:
wandb:           best_epoch 1
wandb:    best_val_accuracy 50
wandb: checkpoint_best_path artifacts/probes/int...
wandb: checkpoint_last_path artifacts/probes/int...
wandb:      checkpoint_path artifacts/probes/int...
wandb:              dataset intphys2
wandb:      elapsed_seconds 848.17969
wandb:                epoch 20
wandb:    feature_signature 78346a9facde6609
wandb:         feature_view tokens
wandb:                  +19 ...
wandb: 
wandb: 🚀 View run intphys2_temporal_attn_jepa_v1_vith16_384_layer_16/trial_0001 at: https://wandb.ai/caselli-niccolo-developer-university-of-amsterdam/probe4physics/runs/fj9fyzcl
wandb: ⭐️ View project at: https://wandb.ai/caselli-niccolo-developer-university-of-amsterdam/probe4physics
wandb: Synced 5 W&B file(s), 0 media file(s), 0 artifact file(s) and 0 other file(s)
wandb: Find logs at: ./wandb/run-20260504_182140-fj9fyzcl/logs
[I 2026-05-04 18:36:16,330] Trial 1 finished with value: 0.0 and parameters: {'lr': 0.008123245085588688, 'weight_decay': 0.0009877700294007926, 'batch_size': 1, 'num_heads': 4, 'num_self_attn_blocks': 2, 'mlp_ratio': 4.0, 'dropout': 0.04184815819561255}. Best is trial 0 with value: 15.686274509803921.
wandb: W&B API key is configured. Use `wandb login --relogin` to force relogin
wandb: setting up run ixk5yd5v
wandb: Tracking run with wandb version 0.26.1
wandb: Run data is saved locally in /gpfs/home3/scur0511/Probe4Physics/wandb/run-20260504_183700-ixk5yd5v
wandb: Run `wandb offline` to turn off syncing.
wandb: Syncing run intphys2_temporal_attn_jepa_v1_vith16_384_layer_16/trial_0002
wandb: ⭐️ View project at https://wandb.ai/caselli-niccolo-developer-university-of-amsterdam/probe4physics
wandb: 🚀 View run at https://wandb.ai/caselli-niccolo-developer-university-of-amsterdam/probe4physics/runs/ixk5yd5v
[eval.intphys2] Starting eval | split_name=val split_dir=data/splits/intphys2 predictor_mode=from_file metadata_file=data/annotations/intphys2_metadata.csv
[eval.intphys2] Loaded split assignments | split_scenes=51 split_samples=204
[eval.intphys2] Generated predictions | n_predictions=204
[eval.intphys2] Scoring complete | accuracy=50.9804 voe_accuracy=15.6863 n_scenes=51 n_samples=204
[eval.intphys2] Artifacts written | output_dir=artifacts/probes/intphys2/intphys2_probe_temporal_attn_jepa_v1_vith16_384_20260504T145015Z/layer_16/train/trial_0002/val_eval
wandb: updating run metadata
wandb: uploading config.yaml; uploading output.log; uploading wandb-summary.json
wandb: 
wandb: Run history:
wandb:          epoch ▁▁▂▂▂▃▃▄▄▄▅▅▅▆▆▇▇▇██
wandb: train_accuracy ▆▆▆▇▄▄▅▅▆▄▂▁▅█▇▆▅█▆▅
wandb:     train_loss █▄▄▂▂▂▁▁▁▁▁▁▂▁▁▁▁█▁▁
wandb:   val_accuracy ▃▃▃▃▃▆▃▁▃█▁▃▁█▁▃▃▃▃▁
wandb:       val_loss █▆█▃▂▁▃▁▁▁▁▁▁▁▁▁▁▂▁▁
wandb: 
wandb: Run summary:
wandb:           best_epoch 10
wandb:    best_val_accuracy 50.98039
wandb:        best_val_loss 0.69361
wandb: checkpoint_best_path artifacts/probes/int...
wandb: checkpoint_last_path artifacts/probes/int...
wandb:      checkpoint_path artifacts/probes/int...
wandb:              dataset intphys2
wandb:      elapsed_seconds 785.22442
wandb:                epoch 20
wandb:    feature_signature 78346a9facde6609
wandb:                  +22 ...
wandb: 
wandb: 🚀 View run intphys2_temporal_attn_jepa_v1_vith16_384_layer_16/trial_0002 at: https://wandb.ai/caselli-niccolo-developer-university-of-amsterdam/probe4physics/runs/ixk5yd5v
wandb: ⭐️ View project at: https://wandb.ai/caselli-niccolo-developer-university-of-amsterdam/probe4physics
wandb: Synced 5 W&B file(s), 0 media file(s), 0 artifact file(s) and 0 other file(s)
wandb: Find logs at: ./wandb/run-20260504_183700-ixk5yd5v/logs
[I 2026-05-04 18:49:42,883] Trial 2 finished with value: 15.686274509803921 and parameters: {'lr': 7.52374288453485e-05, 'weight_decay': 1.5782327810795563e-06, 'batch_size': 1, 'num_heads': 8, 'num_self_attn_blocks': 2, 'mlp_ratio': 2.0, 'dropout': 0.019515477895583853}. Best is trial 0 with value: 15.686274509803921.
wandb: setting up run gf7jejqe
wandb: Tracking run with wandb version 0.26.1
wandb: Run data is saved locally in /gpfs/home3/scur0511/Probe4Physics/wandb/run-20260504_185000-gf7jejqe
wandb: Run `wandb offline` to turn off syncing.
wandb: Syncing run intphys2_temporal_attn_jepa_v1_vith16_384_layer_16/trial_0003
wandb: ⭐️ View project at https://wandb.ai/caselli-niccolo-developer-university-of-amsterdam/probe4physics
wandb: 🚀 View run at https://wandb.ai/caselli-niccolo-developer-university-of-amsterdam/probe4physics/runs/gf7jejqe
wandb: updating run metadata
wandb: 
wandb: Run history:
wandb:          epoch ▁▂▃▃▄▅▆▆▇█
wandb: train_accuracy ▁█████████
wandb:   val_accuracy ▁▁▁▁▁▁▁▁▁▁
wandb:             +2 ...
wandb: 
wandb: Run summary:
wandb:          epoch 10
wandb: train_accuracy 50
wandb:     train_loss nan
wandb:   val_accuracy 50
wandb:       val_loss nan
wandb: 
wandb: 🚀 View run intphys2_temporal_attn_jepa_v1_vith16_384_layer_16/trial_0003 at: https://wandb.ai/caselli-niccolo-developer-university-of-amsterdam/probe4physics/runs/gf7jejqe
wandb: ⭐️ View project at: https://wandb.ai/caselli-niccolo-developer-university-of-amsterdam/probe4physics
wandb: Synced 4 W&B file(s), 0 media file(s), 0 artifact file(s) and 0 other file(s)
wandb: Find logs at: ./wandb/run-20260504_185000-gf7jejqe/logs
[I 2026-05-04 18:53:24,642] Trial 3 pruned. Pruned at epoch 10 with val_accuracy=50.0000
wandb: setting up run 6t133l7i
wandb: Tracking run with wandb version 0.26.1
wandb: Run data is saved locally in /gpfs/home3/scur0511/Probe4Physics/wandb/run-20260504_185341-6t133l7i
wandb: Run `wandb offline` to turn off syncing.
wandb: Syncing run intphys2_temporal_attn_jepa_v1_vith16_384_layer_16/trial_0004
wandb: ⭐️ View project at https://wandb.ai/caselli-niccolo-developer-university-of-amsterdam/probe4physics
wandb: 🚀 View run at https://wandb.ai/caselli-niccolo-developer-university-of-amsterdam/probe4physics/runs/6t133l7i
wandb: updating run metadata
wandb: uploading wandb-summary.json; uploading config.yaml
wandb: 
wandb: Run history:
wandb:          epoch ▁▂▃▃▄▅▆▆▇█
wandb: train_accuracy ▇▆▅▆▃▃█▁▁▃
wandb:     train_loss █▄▄▂▃▂▃▂▁▁
wandb:   val_accuracy █▆▆▆█▁▆▆██
wandb:       val_loss █▆▂▅▂▁▃▁▁▁
wandb: 
wandb: Run summary:
wandb:          epoch 10
wandb: train_accuracy 48.17881
wandb:     train_loss 0.70073
wandb:   val_accuracy 50.4902
wandb:       val_loss 0.69443
wandb: 
wandb: 🚀 View run intphys2_temporal_attn_jepa_v1_vith16_384_layer_16/trial_0004 at: https://wandb.ai/caselli-niccolo-developer-university-of-amsterdam/probe4physics/runs/6t133l7i
wandb: ⭐️ View project at: https://wandb.ai/caselli-niccolo-developer-university-of-amsterdam/probe4physics
wandb: Synced 4 W&B file(s), 0 media file(s), 0 artifact file(s) and 0 other file(s)
wandb: Find logs at: ./wandb/run-20260504_185341-6t133l7i/logs
[I 2026-05-04 19:00:15,084] Trial 4 pruned. Pruned at epoch 10 with val_accuracy=50.4902
[eval.intphys2] Starting eval | split_name=train split_dir=data/splits/intphys2 predictor_mode=from_file metadata_file=data/annotations/intphys2_metadata.csv
[eval.intphys2] Loaded split assignments | split_scenes=151 split_samples=604
[eval.intphys2] Generated predictions | n_predictions=604
[eval.intphys2] Scoring complete | accuracy=50.4967 voe_accuracy=17.8808 n_scenes=151 n_samples=604
[eval.intphys2] Artifacts written | output_dir=artifacts/probes/intphys2/intphys2_probe_temporal_attn_jepa_v1_vith16_384_20260504T145015Z/layer_16/eval/train
[eval.intphys2] Starting eval | split_name=val split_dir=data/splits/intphys2 predictor_mode=from_file metadata_file=data/annotations/intphys2_metadata.csv
[eval.intphys2] Loaded split assignments | split_scenes=51 split_samples=204
[eval.intphys2] Generated predictions | n_predictions=204
[eval.intphys2] Scoring complete | accuracy=50.9804 voe_accuracy=15.6863 n_scenes=51 n_samples=204
[eval.intphys2] Artifacts written | output_dir=artifacts/probes/intphys2/intphys2_probe_temporal_attn_jepa_v1_vith16_384_20260504T145015Z/layer_16/eval/val
[eval.intphys2] Starting eval | split_name=test split_dir=data/splits/intphys2 predictor_mode=from_file metadata_file=data/annotations/intphys2_metadata.csv
[eval.intphys2] Loaded split assignments | split_scenes=51 split_samples=204
[eval.intphys2] Generated predictions | n_predictions=204
[eval.intphys2] Scoring complete | accuracy=50.9804 voe_accuracy=9.8039 n_scenes=51 n_samples=204
[eval.intphys2] Artifacts written | output_dir=artifacts/probes/intphys2/intphys2_probe_temporal_attn_jepa_v1_vith16_384_20260504T145015Z/layer_16/eval/test
[I 2026-05-04 19:00:58,278] A new study created in RDB with name: intphys2_temporal_attn_jepa_v1_vith16_384_layer_24
wandb: setting up run 84um9e42
wandb: Tracking run with wandb version 0.26.1
wandb: Run data is saved locally in /gpfs/home3/scur0511/Probe4Physics/wandb/run-20260504_190115-84um9e42
wandb: Run `wandb offline` to turn off syncing.
wandb: Syncing run intphys2_temporal_attn_jepa_v1_vith16_384_layer_24/trial_0000
wandb: ⭐️ View project at https://wandb.ai/caselli-niccolo-developer-university-of-amsterdam/probe4physics
wandb: 🚀 View run at https://wandb.ai/caselli-niccolo-developer-university-of-amsterdam/probe4physics/runs/84um9e42
[eval.intphys2] Starting eval | split_name=val split_dir=data/splits/intphys2 predictor_mode=from_file metadata_file=data/annotations/intphys2_metadata.csv
[eval.intphys2] Loaded split assignments | split_scenes=51 split_samples=204
[eval.intphys2] Generated predictions | n_predictions=204
[eval.intphys2] Scoring complete | accuracy=50.9804 voe_accuracy=13.7255 n_scenes=51 n_samples=204
[eval.intphys2] Artifacts written | output_dir=artifacts/probes/intphys2/intphys2_probe_temporal_attn_jepa_v1_vith16_384_20260504T145015Z/layer_24/train/trial_0000/val_eval
wandb: updating run metadata
wandb: uploading output.log; uploading wandb-summary.json; uploading config.yaml
wandb: uploading history steps 19-19, summary, console lines 0-4
wandb: 
wandb: Run history:
wandb:          epoch ▁▁▂▂▂▃▃▄▄▄▅▅▅▆▆▇▇▇██
wandb: train_accuracy ▄▆▇▅▆▄▄▃▅▂▁▃█▆▆▆▆▄▃▄
wandb:     train_loss ▂▂▁▁▂▂▁▃▁▂▁▂▁▁▁▁▂▃█▁
wandb:   val_accuracy ▃▃▃▁▁▃▃▃▃▁█▁▃▃█▃▁▁▃▁
wandb:       val_loss ▁▁▁▁▁▁▁▁▁▁▁▁▁▁▁▁▁█▃▁
wandb: 
wandb: Run summary:
wandb:           best_epoch 15
wandb:    best_val_accuracy 50.98039
wandb:        best_val_loss 0.69445
wandb: checkpoint_best_path artifacts/probes/int...
wandb: checkpoint_last_path artifacts/probes/int...
wandb:      checkpoint_path artifacts/probes/int...
wandb:              dataset intphys2
wandb:      elapsed_seconds 1226.67459
wandb:                epoch 20
wandb:    feature_signature 78346a9facde6609
wandb:                  +22 ...
wandb: 
wandb: 🚀 View run intphys2_temporal_attn_jepa_v1_vith16_384_layer_24/trial_0000 at: https://wandb.ai/caselli-niccolo-developer-university-of-amsterdam/probe4physics/runs/84um9e42
wandb: ⭐️ View project at: https://wandb.ai/caselli-niccolo-developer-university-of-amsterdam/probe4physics
wandb: Synced 5 W&B file(s), 0 media file(s), 0 artifact file(s) and 0 other file(s)
wandb: Find logs at: ./wandb/run-20260504_190115-84um9e42/logs
[I 2026-05-04 19:21:48,888] Trial 0 finished with value: 13.725490196078432 and parameters: {'lr': 0.0001329291894316216, 'weight_decay': 0.005061576888752304, 'batch_size': 1, 'num_heads': 4, 'num_self_attn_blocks': 3, 'mlp_ratio': 4.0, 'dropout': 0.006175348288740734}. Best is trial 0 with value: 13.725490196078432.
wandb: setting up run pjrj57wv
wandb: Tracking run with wandb version 0.26.1
wandb: Run data is saved locally in /gpfs/home3/scur0511/Probe4Physics/wandb/run-20260504_192205-pjrj57wv
wandb: Run `wandb offline` to turn off syncing.
wandb: Syncing run intphys2_temporal_attn_jepa_v1_vith16_384_layer_24/trial_0001
wandb: ⭐️ View project at https://wandb.ai/caselli-niccolo-developer-university-of-amsterdam/probe4physics
wandb: 🚀 View run at https://wandb.ai/caselli-niccolo-developer-university-of-amsterdam/probe4physics/runs/pjrj57wv
[eval.intphys2] Starting eval | split_name=val split_dir=data/splits/intphys2 predictor_mode=from_file metadata_file=data/annotations/intphys2_metadata.csv
[eval.intphys2] Loaded split assignments | split_scenes=51 split_samples=204
[eval.intphys2] Generated predictions | n_predictions=204
[eval.intphys2] Scoring complete | accuracy=50.0000 voe_accuracy=0.0000 n_scenes=51 n_samples=204
[eval.intphys2] Artifacts written | output_dir=artifacts/probes/intphys2/intphys2_probe_temporal_attn_jepa_v1_vith16_384_20260504T145015Z/layer_24/train/trial_0001/val_eval
wandb: updating run metadata
wandb: uploading output.log; uploading wandb-summary.json; uploading config.yaml
wandb: 
wandb: Run history:
wandb:          epoch ▁▁▂▂▂▃▃▄▄▄▅▅▅▆▆▇▇▇██
wandb: train_accuracy ▁███████████████████
wandb:   val_accuracy ▁▁▁▁▁▁▁▁▁▁▁▁▁▁▁▁▁▁▁▁
wandb:             +2 ...
wandb: 
wandb: Run summary:
wandb:           best_epoch 1
wandb:    best_val_accuracy 50
wandb: checkpoint_best_path artifacts/probes/int...
wandb: checkpoint_last_path artifacts/probes/int...
wandb:      checkpoint_path artifacts/probes/int...
wandb:              dataset intphys2
wandb:      elapsed_seconds 846.06555
wandb:                epoch 20
wandb:    feature_signature 78346a9facde6609
wandb:         feature_view tokens
wandb:                  +19 ...
wandb: 
wandb: 🚀 View run intphys2_temporal_attn_jepa_v1_vith16_384_layer_24/trial_0001 at: https://wandb.ai/caselli-niccolo-developer-university-of-amsterdam/probe4physics/runs/pjrj57wv
wandb: ⭐️ View project at: https://wandb.ai/caselli-niccolo-developer-university-of-amsterdam/probe4physics
wandb: Synced 5 W&B file(s), 0 media file(s), 0 artifact file(s) and 0 other file(s)
wandb: Find logs at: ./wandb/run-20260504_192205-pjrj57wv/logs
[I 2026-05-04 19:36:16,868] Trial 1 finished with value: 0.0 and parameters: {'lr': 0.008123245085588688, 'weight_decay': 0.0009877700294007926, 'batch_size': 1, 'num_heads': 4, 'num_self_attn_blocks': 2, 'mlp_ratio': 4.0, 'dropout': 0.04184815819561255}. Best is trial 0 with value: 13.725490196078432.
wandb: setting up run o07m00j8
wandb: Tracking run with wandb version 0.26.1
wandb: Run data is saved locally in /gpfs/home3/scur0511/Probe4Physics/wandb/run-20260504_193634-o07m00j8
wandb: Run `wandb offline` to turn off syncing.
wandb: Syncing run intphys2_temporal_attn_jepa_v1_vith16_384_layer_24/trial_0002
wandb: ⭐️ View project at https://wandb.ai/caselli-niccolo-developer-university-of-amsterdam/probe4physics
wandb: 🚀 View run at https://wandb.ai/caselli-niccolo-developer-university-of-amsterdam/probe4physics/runs/o07m00j8
[eval.intphys2] Starting eval | split_name=val split_dir=data/splits/intphys2 predictor_mode=from_file metadata_file=data/annotations/intphys2_metadata.csv
[eval.intphys2] Loaded split assignments | split_scenes=51 split_samples=204
[eval.intphys2] Generated predictions | n_predictions=204
[eval.intphys2] Scoring complete | accuracy=51.4706 voe_accuracy=33.3333 n_scenes=51 n_samples=204
[eval.intphys2] Artifacts written | output_dir=artifacts/probes/intphys2/intphys2_probe_temporal_attn_jepa_v1_vith16_384_20260504T145015Z/layer_24/train/trial_0002/val_eval
wandb: updating run metadata
wandb: uploading output.log; uploading wandb-summary.json; uploading config.yaml
wandb: uploading history steps 19-19, summary, console lines 0-4
wandb: 
wandb: Run history:
wandb:          epoch ▁▁▂▂▂▃▃▄▄▄▅▅▅▆▆▇▇▇██
wandb: train_accuracy ▆▆█▅▅▁▅▂▄▆▄▂▅█▃▆▇▅▅▇
wandb:     train_loss █▄▃▂▅▁▁▁▁▁▁▁▁▂▁▁▁▂▁▁
wandb:   val_accuracy ▁▃▃▃▅▃▃▁▃▃▃▃▁▃▃▃▁▃█▃
wandb:       val_loss ▇█▁▄▁▁▃▁▁▁▁▁▁▂▁▁▁▂▁▁
wandb: 
wandb: Run summary:
wandb:           best_epoch 19
wandb:    best_val_accuracy 51.47059
wandb:        best_val_loss 0.69391
wandb: checkpoint_best_path artifacts/probes/int...
wandb: checkpoint_last_path artifacts/probes/int...
wandb:      checkpoint_path artifacts/probes/int...
wandb:              dataset intphys2
wandb:      elapsed_seconds 759.51113
wandb:                epoch 20
wandb:    feature_signature 78346a9facde6609
wandb:                  +22 ...
wandb: 
wandb: 🚀 View run intphys2_temporal_attn_jepa_v1_vith16_384_layer_24/trial_0002 at: https://wandb.ai/caselli-niccolo-developer-university-of-amsterdam/probe4physics/runs/o07m00j8
wandb: ⭐️ View project at: https://wandb.ai/caselli-niccolo-developer-university-of-amsterdam/probe4physics
wandb: Synced 5 W&B file(s), 0 media file(s), 0 artifact file(s) and 0 other file(s)
wandb: Find logs at: ./wandb/run-20260504_193634-o07m00j8/logs
[I 2026-05-04 19:49:17,333] Trial 2 finished with value: 33.33333333333333 and parameters: {'lr': 7.52374288453485e-05, 'weight_decay': 1.5782327810795563e-06, 'batch_size': 1, 'num_heads': 8, 'num_self_attn_blocks': 2, 'mlp_ratio': 2.0, 'dropout': 0.019515477895583853}. Best is trial 2 with value: 33.33333333333333.
wandb: setting up run 06ou350w
wandb: Tracking run with wandb version 0.26.1
wandb: Run data is saved locally in /gpfs/home3/scur0511/Probe4Physics/wandb/run-20260504_194934-06ou350w
wandb: Run `wandb offline` to turn off syncing.
wandb: Syncing run intphys2_temporal_attn_jepa_v1_vith16_384_layer_24/trial_0003
wandb: ⭐️ View project at https://wandb.ai/caselli-niccolo-developer-university-of-amsterdam/probe4physics
wandb: 🚀 View run at https://wandb.ai/caselli-niccolo-developer-university-of-amsterdam/probe4physics/runs/06ou350w
[eval.intphys2] Starting eval | split_name=val split_dir=data/splits/intphys2 predictor_mode=from_file metadata_file=data/annotations/intphys2_metadata.csv
[eval.intphys2] Loaded split assignments | split_scenes=51 split_samples=204
[eval.intphys2] Generated predictions | n_predictions=204
[eval.intphys2] Scoring complete | accuracy=50.0000 voe_accuracy=0.0000 n_scenes=51 n_samples=204
[eval.intphys2] Artifacts written | output_dir=artifacts/probes/intphys2/intphys2_probe_temporal_attn_jepa_v1_vith16_384_20260504T145015Z/layer_24/train/trial_0003/val_eval
wandb: updating run metadata
wandb: uploading output.log; uploading wandb-summary.json; uploading config.yaml
wandb: 
wandb: Run history:
wandb:          epoch ▁▁▂▂▂▃▃▄▄▄▅▅▅▆▆▇▇▇██
wandb: train_accuracy ▁███████████████████
wandb:   val_accuracy ▁▁▁▁▁▁▁▁▁▁▁▁▁▁▁▁▁▁▁▁
wandb:             +2 ...
wandb: 
wandb: Run summary:
wandb:           best_epoch 1
wandb:    best_val_accuracy 50
wandb: checkpoint_best_path artifacts/probes/int...
wandb: checkpoint_last_path artifacts/probes/int...
wandb:      checkpoint_path artifacts/probes/int...
wandb:              dataset intphys2
wandb:      elapsed_seconds 419.12382
wandb:                epoch 20
wandb:    feature_signature 78346a9facde6609
wandb:         feature_view tokens
wandb:                  +19 ...
wandb: 
wandb: 🚀 View run intphys2_temporal_attn_jepa_v1_vith16_384_layer_24/trial_0003 at: https://wandb.ai/caselli-niccolo-developer-university-of-amsterdam/probe4physics/runs/06ou350w
wandb: ⭐️ View project at: https://wandb.ai/caselli-niccolo-developer-university-of-amsterdam/probe4physics
wandb: Synced 5 W&B file(s), 0 media file(s), 0 artifact file(s) and 0 other file(s)
wandb: Find logs at: ./wandb/run-20260504_194934-06ou350w/logs
[I 2026-05-04 19:56:35,764] Trial 3 finished with value: 0.0 and parameters: {'lr': 0.007025166339242158, 'weight_decay': 0.006220025976819169, 'batch_size': 1, 'num_heads': 4, 'num_self_attn_blocks': 1, 'mlp_ratio': 2.0, 'dropout': 0.2727961206236346}. Best is trial 2 with value: 33.33333333333333.
wandb: setting up run 3krkbor7
wandb: Tracking run with wandb version 0.26.1
wandb: Run data is saved locally in /gpfs/home3/scur0511/Probe4Physics/wandb/run-20260504_195652-3krkbor7
wandb: Run `wandb offline` to turn off syncing.
wandb: Syncing run intphys2_temporal_attn_jepa_v1_vith16_384_layer_24/trial_0004
wandb: ⭐️ View project at https://wandb.ai/caselli-niccolo-developer-university-of-amsterdam/probe4physics
wandb: 🚀 View run at https://wandb.ai/caselli-niccolo-developer-university-of-amsterdam/probe4physics/runs/3krkbor7
[eval.intphys2] Starting eval | split_name=val split_dir=data/splits/intphys2 predictor_mode=from_file metadata_file=data/annotations/intphys2_metadata.csv
[eval.intphys2] Loaded split assignments | split_scenes=51 split_samples=204
[eval.intphys2] Generated predictions | n_predictions=204
[eval.intphys2] Scoring complete | accuracy=73.5294 voe_accuracy=64.7059 n_scenes=51 n_samples=204
[eval.intphys2] Artifacts written | output_dir=artifacts/probes/intphys2/intphys2_probe_temporal_attn_jepa_v1_vith16_384_20260504T145015Z/layer_24/train/trial_0004/val_eval
wandb: updating run metadata
wandb: uploading wandb-summary.json; uploading config.yaml; uploading output.log
wandb: uploading history steps 19-19, summary, console lines 0-4
wandb: 
wandb: Run history:
wandb:          epoch ▁▁▂▂▂▃▃▄▄▄▅▅▅▆▆▇▇▇██
wandb: train_accuracy ▂▂▁▁▁▁▂▁▃▄▅▆▆▆▆▇▇▇██
wandb:     train_loss █▇▇▆▇▆▆▆▆▄▄▃▃▃▂▂▂▂▁▁
wandb:   val_accuracy ▁▁▁▁▁▂▁▁▆▇▆▇▆█▇▇████
wandb:       val_loss █▇▆▇▆▅▆▅▄▃▃▃▃▇▁▇▂▂▃▃
wandb: 
wandb: Run summary:
wandb:           best_epoch 17
wandb:    best_val_accuracy 73.52941
wandb:        best_val_loss 0.53914
wandb: checkpoint_best_path artifacts/probes/int...
wandb: checkpoint_last_path artifacts/probes/int...
wandb:      checkpoint_path artifacts/probes/int...
wandb:              dataset intphys2
wandb:      elapsed_seconds 799.84402
wandb:                epoch 20
wandb:    feature_signature 78346a9facde6609
wandb:                  +22 ...
wandb: 
wandb: 🚀 View run intphys2_temporal_attn_jepa_v1_vith16_384_layer_24/trial_0004 at: https://wandb.ai/caselli-niccolo-developer-university-of-amsterdam/probe4physics/runs/3krkbor7
wandb: ⭐️ View project at: https://wandb.ai/caselli-niccolo-developer-university-of-amsterdam/probe4physics
wandb: Synced 5 W&B file(s), 0 media file(s), 0 artifact file(s) and 0 other file(s)
wandb: Find logs at: ./wandb/run-20260504_195652-3krkbor7/logs
[I 2026-05-04 20:10:16,422] Trial 4 finished with value: 64.70588235294117 and parameters: {'lr': 5.9750279999602906e-05, 'weight_decay': 9.44351568796269e-05, 'batch_size': 1, 'num_heads': 16, 'num_self_attn_blocks': 2, 'mlp_ratio': 2.0, 'dropout': 0.17936999364332554}. Best is trial 4 with value: 64.70588235294117.
[eval.intphys2] Starting eval | split_name=train split_dir=data/splits/intphys2 predictor_mode=from_file metadata_file=data/annotations/intphys2_metadata.csv
[eval.intphys2] Loaded split assignments | split_scenes=151 split_samples=604
[eval.intphys2] Generated predictions | n_predictions=604
[eval.intphys2] Scoring complete | accuracy=84.6026 voe_accuracy=88.7417 n_scenes=151 n_samples=604
[eval.intphys2] Artifacts written | output_dir=artifacts/probes/intphys2/intphys2_probe_temporal_attn_jepa_v1_vith16_384_20260504T145015Z/layer_24/eval/train
[eval.intphys2] Starting eval | split_name=val split_dir=data/splits/intphys2 predictor_mode=from_file metadata_file=data/annotations/intphys2_metadata.csv
[eval.intphys2] Loaded split assignments | split_scenes=51 split_samples=204
[eval.intphys2] Generated predictions | n_predictions=204
[eval.intphys2] Scoring complete | accuracy=73.5294 voe_accuracy=64.7059 n_scenes=51 n_samples=204
[eval.intphys2] Artifacts written | output_dir=artifacts/probes/intphys2/intphys2_probe_temporal_attn_jepa_v1_vith16_384_20260504T145015Z/layer_24/eval/val
[eval.intphys2] Starting eval | split_name=test split_dir=data/splits/intphys2 predictor_mode=from_file metadata_file=data/annotations/intphys2_metadata.csv
[eval.intphys2] Loaded split assignments | split_scenes=51 split_samples=204
[eval.intphys2] Generated predictions | n_predictions=204
[eval.intphys2] Scoring complete | accuracy=75.4902 voe_accuracy=62.7451 n_scenes=51 n_samples=204
[eval.intphys2] Artifacts written | output_dir=artifacts/probes/intphys2/intphys2_probe_temporal_attn_jepa_v1_vith16_384_20260504T145015Z/layer_24/eval/test
[I 2026-05-04 20:10:49,392] A new study created in RDB with name: intphys2_temporal_attn_jepa_v1_vith16_384_layer_32
wandb: setting up run sue5w8wh
wandb: Tracking run with wandb version 0.26.1
wandb: Run data is saved locally in /gpfs/home3/scur0511/Probe4Physics/wandb/run-20260504_201106-sue5w8wh
wandb: Run `wandb offline` to turn off syncing.
wandb: Syncing run intphys2_temporal_attn_jepa_v1_vith16_384_layer_32/trial_0000
wandb: ⭐️ View project at https://wandb.ai/caselli-niccolo-developer-university-of-amsterdam/probe4physics
wandb: 🚀 View run at https://wandb.ai/caselli-niccolo-developer-university-of-amsterdam/probe4physics/runs/sue5w8wh
[eval.intphys2] Starting eval | split_name=val split_dir=data/splits/intphys2 predictor_mode=from_file metadata_file=data/annotations/intphys2_metadata.csv
[eval.intphys2] Loaded split assignments | split_scenes=51 split_samples=204
[eval.intphys2] Generated predictions | n_predictions=204
[eval.intphys2] Scoring complete | accuracy=52.9412 voe_accuracy=17.6471 n_scenes=51 n_samples=204
[eval.intphys2] Artifacts written | output_dir=artifacts/probes/intphys2/intphys2_probe_temporal_attn_jepa_v1_vith16_384_20260504T145015Z/layer_32/train/trial_0000/val_eval
wandb: updating run metadata
wandb: uploading output.log; uploading wandb-summary.json; uploading config.yaml
wandb: 
wandb: Run history:
wandb:          epoch ▁▁▂▂▂▃▃▄▄▄▅▅▅▆▆▇▇▇██
wandb: train_accuracy ▁▃▆█▆▂▆▄▇▃▃▁▆▅▄▆▇▂▃▆
wandb:     train_loss █▂▂▁▁▁▆▂▂▁▁▃▂▁▁█▂▂▂▂
wandb:   val_accuracy ▅▄▄▄▄▄▅▂▃█▄▁▁▇▅▄▃▅▄▄
wandb:       val_loss ▂▂▁▁▁▁▁▁▁▁▁▁▁▁▁█▁▁▁▃
wandb: 
wandb: Run summary:
wandb:           best_epoch 10
wandb:    best_val_accuracy 52.94118
wandb:        best_val_loss 0.70098
wandb: checkpoint_best_path artifacts/probes/int...
wandb: checkpoint_last_path artifacts/probes/int...
wandb:      checkpoint_path artifacts/probes/int...
wandb:              dataset intphys2
wandb:      elapsed_seconds 1227.16872
wandb:                epoch 20
wandb:    feature_signature 78346a9facde6609
wandb:                  +22 ...
wandb: 
wandb: 🚀 View run intphys2_temporal_attn_jepa_v1_vith16_384_layer_32/trial_0000 at: https://wandb.ai/caselli-niccolo-developer-university-of-amsterdam/probe4physics/runs/sue5w8wh
wandb: ⭐️ View project at: https://wandb.ai/caselli-niccolo-developer-university-of-amsterdam/probe4physics
wandb: Synced 5 W&B file(s), 0 media file(s), 0 artifact file(s) and 0 other file(s)
wandb: Find logs at: ./wandb/run-20260504_201106-sue5w8wh/logs
[I 2026-05-04 20:31:39,779] Trial 0 finished with value: 17.647058823529413 and parameters: {'lr': 0.0001329291894316216, 'weight_decay': 0.005061576888752304, 'batch_size': 1, 'num_heads': 4, 'num_self_attn_blocks': 3, 'mlp_ratio': 4.0, 'dropout': 0.006175348288740734}. Best is trial 0 with value: 17.647058823529413.
wandb: setting up run k6ee2tuk
wandb: Tracking run with wandb version 0.26.1
wandb: Run data is saved locally in /gpfs/home3/scur0511/Probe4Physics/wandb/run-20260504_203156-k6ee2tuk
wandb: Run `wandb offline` to turn off syncing.
wandb: Syncing run intphys2_temporal_attn_jepa_v1_vith16_384_layer_32/trial_0001
wandb: ⭐️ View project at https://wandb.ai/caselli-niccolo-developer-university-of-amsterdam/probe4physics
wandb: 🚀 View run at https://wandb.ai/caselli-niccolo-developer-university-of-amsterdam/probe4physics/runs/k6ee2tuk
[eval.intphys2] Starting eval | split_name=val split_dir=data/splits/intphys2 predictor_mode=from_file metadata_file=data/annotations/intphys2_metadata.csv
[eval.intphys2] Loaded split assignments | split_scenes=51 split_samples=204
[eval.intphys2] Generated predictions | n_predictions=204
[eval.intphys2] Scoring complete | accuracy=50.0000 voe_accuracy=0.0000 n_scenes=51 n_samples=204
[eval.intphys2] Artifacts written | output_dir=artifacts/probes/intphys2/intphys2_probe_temporal_attn_jepa_v1_vith16_384_20260504T145015Z/layer_32/train/trial_0001/val_eval
wandb: updating run metadata
wandb: uploading output.log; uploading wandb-summary.json; uploading config.yaml
wandb: 
wandb: Run history:
wandb:          epoch ▁▁▂▂▂▃▃▄▄▄▅▅▅▆▆▇▇▇██
wandb: train_accuracy ▁███████████████████
wandb:   val_accuracy ▁▁▁▁▁▁▁▁▁▁▁▁▁▁▁▁▁▁▁▁
wandb:             +2 ...
wandb: 
wandb: Run summary:
wandb:           best_epoch 1
wandb:    best_val_accuracy 50
wandb: checkpoint_best_path artifacts/probes/int...
wandb: checkpoint_last_path artifacts/probes/int...
wandb:      checkpoint_path artifacts/probes/int...
wandb:              dataset intphys2
wandb:      elapsed_seconds 846.20714
wandb:                epoch 20
wandb:    feature_signature 78346a9facde6609
wandb:         feature_view tokens
wandb:                  +19 ...
wandb: 
wandb: 🚀 View run intphys2_temporal_attn_jepa_v1_vith16_384_layer_32/trial_0001 at: https://wandb.ai/caselli-niccolo-developer-university-of-amsterdam/probe4physics/runs/k6ee2tuk
wandb: ⭐️ View project at: https://wandb.ai/caselli-niccolo-developer-university-of-amsterdam/probe4physics
wandb: Synced 5 W&B file(s), 0 media file(s), 0 artifact file(s) and 0 other file(s)
wandb: Find logs at: ./wandb/run-20260504_203156-k6ee2tuk/logs
[I 2026-05-04 20:46:07,287] Trial 1 finished with value: 0.0 and parameters: {'lr': 0.008123245085588688, 'weight_decay': 0.0009877700294007926, 'batch_size': 1, 'num_heads': 4, 'num_self_attn_blocks': 2, 'mlp_ratio': 4.0, 'dropout': 0.04184815819561255}. Best is trial 0 with value: 17.647058823529413.
wandb: setting up run n7d9faf4
wandb: Tracking run with wandb version 0.26.1
wandb: Run data is saved locally in /gpfs/home3/scur0511/Probe4Physics/wandb/run-20260504_204623-n7d9faf4
wandb: Run `wandb offline` to turn off syncing.
wandb: Syncing run intphys2_temporal_attn_jepa_v1_vith16_384_layer_32/trial_0002
wandb: ⭐️ View project at https://wandb.ai/caselli-niccolo-developer-university-of-amsterdam/probe4physics
wandb: 🚀 View run at https://wandb.ai/caselli-niccolo-developer-university-of-amsterdam/probe4physics/runs/n7d9faf4
[eval.intphys2] Starting eval | split_name=val split_dir=data/splits/intphys2 predictor_mode=from_file metadata_file=data/annotations/intphys2_metadata.csv
[eval.intphys2] Loaded split assignments | split_scenes=51 split_samples=204
[eval.intphys2] Generated predictions | n_predictions=204
[eval.intphys2] Scoring complete | accuracy=62.7451 voe_accuracy=49.0196 n_scenes=51 n_samples=204
[eval.intphys2] Artifacts written | output_dir=artifacts/probes/intphys2/intphys2_probe_temporal_attn_jepa_v1_vith16_384_20260504T145015Z/layer_32/train/trial_0002/val_eval
wandb: updating run metadata
wandb: uploading wandb-summary.json; uploading config.yaml; uploading output.log
wandb: 
wandb: Run history:
wandb:          epoch ▁▁▂▂▂▃▃▄▄▄▅▅▅▆▆▇▇▇██
wandb: train_accuracy ▄▂▃▃▂▃▂▁▃▄▃▄▆▇█▅▆▅▂▃
wandb:     train_loss █▃▄▂▂▂▂▂▂▂▂▂▂▁▁▂▂▂▃▂
wandb:   val_accuracy ▂▂▂▂▂▂▂▂▂▂█▄▁▂▂▅▂▃▂▁
wandb:       val_loss ▁▁▁▁▁█▁▁▁▁▁▁▁▁▁▁▁▁▁▁
wandb: 
wandb: Run summary:
wandb:           best_epoch 11
wandb:    best_val_accuracy 62.7451
wandb:        best_val_loss 0.68126
wandb: checkpoint_best_path artifacts/probes/int...
wandb: checkpoint_last_path artifacts/probes/int...
wandb:      checkpoint_path artifacts/probes/int...
wandb:              dataset intphys2
wandb:      elapsed_seconds 758.85172
wandb:                epoch 20
wandb:    feature_signature 78346a9facde6609
wandb:                  +22 ...
wandb: 
wandb: 🚀 View run intphys2_temporal_attn_jepa_v1_vith16_384_layer_32/trial_0002 at: https://wandb.ai/caselli-niccolo-developer-university-of-amsterdam/probe4physics/runs/n7d9faf4
wandb: ⭐️ View project at: https://wandb.ai/caselli-niccolo-developer-university-of-amsterdam/probe4physics
wandb: Synced 5 W&B file(s), 0 media file(s), 0 artifact file(s) and 0 other file(s)
wandb: Find logs at: ./wandb/run-20260504_204623-n7d9faf4/logs
[I 2026-05-04 20:59:07,265] Trial 2 finished with value: 49.01960784313725 and parameters: {'lr': 7.52374288453485e-05, 'weight_decay': 1.5782327810795563e-06, 'batch_size': 1, 'num_heads': 8, 'num_self_attn_blocks': 2, 'mlp_ratio': 2.0, 'dropout': 0.019515477895583853}. Best is trial 2 with value: 49.01960784313725.
wandb: setting up run rypsaimj
wandb: Tracking run with wandb version 0.26.1
wandb: Run data is saved locally in /gpfs/home3/scur0511/Probe4Physics/wandb/run-20260504_205923-rypsaimj
wandb: Run `wandb offline` to turn off syncing.
wandb: Syncing run intphys2_temporal_attn_jepa_v1_vith16_384_layer_32/trial_0003
wandb: ⭐️ View project at https://wandb.ai/caselli-niccolo-developer-university-of-amsterdam/probe4physics
wandb: 🚀 View run at https://wandb.ai/caselli-niccolo-developer-university-of-amsterdam/probe4physics/runs/rypsaimj
wandb: updating run metadata
wandb: uploading wandb-summary.json; uploading config.yaml
wandb: 
wandb: Run history:
wandb:          epoch ▁▁▂▂▃▃▃▄▄▅▅▆▆▆▇▇██
wandb: train_accuracy ▁█████████████████
wandb:   val_accuracy ▁▁▁▁▁▁▁▁▁▁▁▁▁▁▁▁▁▁
wandb:             +2 ...
wandb: 
wandb: Run summary:
wandb:          epoch 18
wandb: train_accuracy 50
wandb:     train_loss nan
wandb:   val_accuracy 50
wandb:       val_loss nan
wandb: 
wandb: 🚀 View run intphys2_temporal_attn_jepa_v1_vith16_384_layer_32/trial_0003 at: https://wandb.ai/caselli-niccolo-developer-university-of-amsterdam/probe4physics/runs/rypsaimj
wandb: ⭐️ View project at: https://wandb.ai/caselli-niccolo-developer-university-of-amsterdam/probe4physics
wandb: Synced 4 W&B file(s), 0 media file(s), 0 artifact file(s) and 0 other file(s)
wandb: Find logs at: ./wandb/run-20260504_205923-rypsaimj/logs
[I 2026-05-04 21:05:27,785] Trial 3 pruned. Pruned at epoch 18 with val_accuracy=50.0000
wandb: setting up run mtugq4ep
wandb: Tracking run with wandb version 0.26.1
wandb: Run data is saved locally in /gpfs/home3/scur0511/Probe4Physics/wandb/run-20260504_210544-mtugq4ep
wandb: Run `wandb offline` to turn off syncing.
wandb: Syncing run intphys2_temporal_attn_jepa_v1_vith16_384_layer_32/trial_0004
wandb: ⭐️ View project at https://wandb.ai/caselli-niccolo-developer-university-of-amsterdam/probe4physics
wandb: 🚀 View run at https://wandb.ai/caselli-niccolo-developer-university-of-amsterdam/probe4physics/runs/mtugq4ep
[eval.intphys2] Starting eval | split_name=val split_dir=data/splits/intphys2 predictor_mode=from_file metadata_file=data/annotations/intphys2_metadata.csv
[eval.intphys2] Loaded split assignments | split_scenes=51 split_samples=204
[eval.intphys2] Generated predictions | n_predictions=204
[eval.intphys2] Scoring complete | accuracy=71.5686 voe_accuracy=58.8235 n_scenes=51 n_samples=204
[eval.intphys2] Artifacts written | output_dir=artifacts/probes/intphys2/intphys2_probe_temporal_attn_jepa_v1_vith16_384_20260504T145015Z/layer_32/train/trial_0004/val_eval
wandb: updating run metadata
wandb: uploading output.log; uploading wandb-summary.json; uploading config.yaml
wandb: 
wandb: Run history:
wandb:          epoch ▁▁▂▂▂▃▃▄▄▄▅▅▅▆▆▇▇▇██
wandb: train_accuracy ▂▁▂▁▁▁▂▂▃▃▄▅▅▆▅▆▆▆██
wandb:     train_loss █▇▇▆▇▆▆▆▆▅▅▄▄▄▃▃▃▃▁▁
wandb:   val_accuracy ▁▁▁▁▁▁▁▅▃▇▇▇▇▇▆██▆█▇
wandb:       val_loss ▃▃▃▃▂▂▂▂▂▁▁▁▁▁▂▁▁▂▂█
wandb: 
wandb: Run summary:
wandb:           best_epoch 19
wandb:    best_val_accuracy 71.56863
wandb:        best_val_loss 0.6807
wandb: checkpoint_best_path artifacts/probes/int...
wandb: checkpoint_last_path artifacts/probes/int...
wandb:      checkpoint_path artifacts/probes/int...
wandb:              dataset intphys2
wandb:      elapsed_seconds 800.9486
wandb:                epoch 20
wandb:    feature_signature 78346a9facde6609
wandb:                  +22 ...
wandb: 
wandb: 🚀 View run intphys2_temporal_attn_jepa_v1_vith16_384_layer_32/trial_0004 at: https://wandb.ai/caselli-niccolo-developer-university-of-amsterdam/probe4physics/runs/mtugq4ep
wandb: ⭐️ View project at: https://wandb.ai/caselli-niccolo-developer-university-of-amsterdam/probe4physics
wandb: Synced 5 W&B file(s), 0 media file(s), 0 artifact file(s) and 0 other file(s)
wandb: Find logs at: ./wandb/run-20260504_210544-mtugq4ep/logs
[I 2026-05-04 21:19:10,095] Trial 4 finished with value: 58.82352941176471 and parameters: {'lr': 5.9750279999602906e-05, 'weight_decay': 9.44351568796269e-05, 'batch_size': 1, 'num_heads': 16, 'num_self_attn_blocks': 2, 'mlp_ratio': 2.0, 'dropout': 0.17936999364332554}. Best is trial 4 with value: 58.82352941176471.
[eval.intphys2] Starting eval | split_name=train split_dir=data/splits/intphys2 predictor_mode=from_file metadata_file=data/annotations/intphys2_metadata.csv
[eval.intphys2] Loaded split assignments | split_scenes=151 split_samples=604
[eval.intphys2] Generated predictions | n_predictions=604
[eval.intphys2] Scoring complete | accuracy=94.5364 voe_accuracy=98.6755 n_scenes=151 n_samples=604
[eval.intphys2] Artifacts written | output_dir=artifacts/probes/intphys2/intphys2_probe_temporal_attn_jepa_v1_vith16_384_20260504T145015Z/layer_32/eval/train
[eval.intphys2] Starting eval | split_name=val split_dir=data/splits/intphys2 predictor_mode=from_file metadata_file=data/annotations/intphys2_metadata.csv
[eval.intphys2] Loaded split assignments | split_scenes=51 split_samples=204
[eval.intphys2] Generated predictions | n_predictions=204
[eval.intphys2] Scoring complete | accuracy=71.5686 voe_accuracy=58.8235 n_scenes=51 n_samples=204
[eval.intphys2] Artifacts written | output_dir=artifacts/probes/intphys2/intphys2_probe_temporal_attn_jepa_v1_vith16_384_20260504T145015Z/layer_32/eval/val
[eval.intphys2] Starting eval | split_name=test split_dir=data/splits/intphys2 predictor_mode=from_file metadata_file=data/annotations/intphys2_metadata.csv
[eval.intphys2] Loaded split assignments | split_scenes=51 split_samples=204
[eval.intphys2] Generated predictions | n_predictions=204
[eval.intphys2] Scoring complete | accuracy=73.0392 voe_accuracy=56.8627 n_scenes=51 n_samples=204
[eval.intphys2] Artifacts written | output_dir=artifacts/probes/intphys2/intphys2_probe_temporal_attn_jepa_v1_vith16_384_20260504T145015Z/layer_32/eval/test
