===== TRAIN PROVENANCE =====
Tue Apr 28 17:20:08 UTC 2026
tcn160.local.snellius.surf.nl
fdf9dacdc35210af0f23bb35f35c83eb65a53376
Python 3.11.15
/home/scur0511/.conda/envs/probe4physics-gpu/bin/python
REPO_ROOT=/gpfs/home3/scur0511/Probe4Physics
DATASET_NAME=mvp
PROBE_NAME=mlp
BACKBONE_NAME=ltx_video
BACKBONE_VARIANT=ltxv_13b_0_9_8_dev
PROBE_EPOCHS=100
PROBE_DEVICE=cpu
PROBE_LAYER=1
PROBE_LAYERS=1,2,4,5
PROBE_FEATURE_VIEW=pooled
ENABLE_WANDB=true
WANDB_PROJECT=probe4physics
WANDB_MODE=online
WANDB_GROUP=mvp_mlp_ltx_video_ltxv_13b_0_9_8_dev
ENABLE_OPTUNA=true
OPTUNA_N_TRIALS=20
OPTUNA_N_JOBS=1
OPTUNA_TIMEOUT_SECONDS=0
ENABLE_OPTUNA_PRUNER=true
OPTUNA_PRUNER_STARTUP_TRIALS=3
OPTUNA_PRUNER_WARMUP_STEPS=100
OPTUNA_PRUNER_INTERVAL_STEPS=1
OPTUNA_STUDY_NAME=mvp_mlp_ltx_video_ltxv_13b_0_9_8_dev
OPTUNA_SEARCH_OVERRIDES=<none>
============================
JOB_START_UTC=2026-04-28T17:20:08Z
