===== TRAIN PROVENANCE =====
Sat May  9 10:18:45 UTC 2026
tcn229.local.snellius.surf.nl
a890c958a20163dfe126459b1a60212f1152ad18
Python 3.11.15
/home/scur0511/.conda/envs/probe4physics-gpu/bin/python
REPO_ROOT=/gpfs/home3/scur0511/Probe4Physics
DATASET_NAME=mvp
PROBE_NAME=mlp
BACKBONE_NAME=ltx_video
BACKBONE_VARIANT=<config default>
PROBE_EPOCHS=100
PROBE_DEVICE=cpu
PROBE_LAYER=1
PROBE_LAYERS=1,2,4,5
PROBE_FEATURE_VIEW=pooled
ENABLE_WANDB=true
WANDB_PROJECT=probe4physics
WANDB_MODE=online
WANDB_GROUP=mvp_mlp_ltx_video
ENABLE_OPTUNA=true
OPTUNA_N_TRIALS=20
OPTUNA_N_JOBS=1
OPTUNA_TIMEOUT_SECONDS=0
ENABLE_OPTUNA_PRUNER=true
OPTUNA_PRUNER_STARTUP_TRIALS=3
OPTUNA_PRUNER_WARMUP_STEPS=100
OPTUNA_PRUNER_INTERVAL_STEPS=1
OPTUNA_STUDY_NAME=mvp_mlp_ltx_video
OPTUNA_SEARCH_OVERRIDES=probe.optuna.search_space.epochs.enabled=true probe.optuna.search_space.epochs.choices=[20,50,100,500,1000,2000]
============================
JOB_START_UTC=2026-05-09T10:18:45Z
