===== TRAIN PROVENANCE =====
Sun Apr 26 12:44:49 UTC 2026
tcn341.local.snellius.surf.nl
b417e0276d2ff24e04abc7369495bd8a06d90360
Python 3.11.15
/home/scur0511/.conda/envs/probe4physics-gpu/bin/python
REPO_ROOT=/gpfs/home3/scur0511/Probe4Physics
DATASET_NAME=intphys2
PROBE_NAME=linear
BACKBONE_NAME=jepa_v1
BACKBONE_VARIANT=vith16_384
PROBE_EPOCHS=100
PROBE_DEVICE=cpu
PROBE_LAYER=last
PROBE_LAYERS=last
PROBE_FEATURE_VIEW=pooled
ENABLE_WANDB=true
WANDB_PROJECT=probe4physics
WANDB_MODE=online
WANDB_GROUP=intphys2_linear_jepa_v1_vith16_384
ENABLE_OPTUNA=true
OPTUNA_N_TRIALS=20
OPTUNA_N_JOBS=1
OPTUNA_TIMEOUT_SECONDS=0
ENABLE_OPTUNA_PRUNER=true
OPTUNA_PRUNER_STARTUP_TRIALS=3
OPTUNA_PRUNER_WARMUP_STEPS=100
OPTUNA_PRUNER_INTERVAL_STEPS=1
OPTUNA_STUDY_NAME=intphys2_linear_jepa_v1_vith16_384
OPTUNA_SEARCH_OVERRIDES=<none>
============================
JOB_START_UTC=2026-04-26T12:44:49Z
{
  "best_layer": "last",
  "best_layer_label": "last",
  "best_objective_metric": 47.05882352941176,
  "dataset": "intphys2",
  "feature_view": "pooled",
  "layers": [
    {
      "checkpoint": "artifacts/probes/intphys2/intphys2_probe_linear_jepa_v1_vith16_384_20260426T124453Z/layer_last/train/trial_0016/probe_best.pt",
      "eval": {
        "base_eval": {
          "metrics": {
            "accuracy": 62.745098039215684,
            "accuracy_by_condition": {
              "continuity": 66.66666666666666,
              "immutability": 64.58333333333334,
              "permanence": 64.58333333333334,
              "solidity": 56.666666666666664
            },
            "n_samples": 204,
            "n_scenes": 51,
            "voe_accuracy": 47.05882352941176,
            "voe_by_condition": {
              "continuity": 58.333333333333336,
              "immutability": 58.333333333333336,
              "permanence": 66.66666666666666,
              "solidity": 13.333333333333334
            }
          },
          "output_dir": "artifacts/probes/intphys2/intphys2_probe_linear_jepa_v1_vith16_384_20260426T124453Z/layer_last/eval",
          "split_dir": "data/splits/intphys2"
        },
        "checkpoint": "artifacts/probes/intphys2/intphys2_probe_linear_jepa_v1_vith16_384_20260426T124453Z/layer_last/train/trial_0016/probe_best.pt",
        "dataset": "intphys2",
        "feature_signature": "78346a9facde6609",
        "objective_metric": 47.05882352941176,
        "prediction_file": "artifacts/probes/intphys2/intphys2_probe_linear_jepa_v1_vith16_384_20260426T124453Z/layer_last/eval/probe_predictions.json",
        "probe_eval_dir": "artifacts/probes/intphys2/intphys2_probe_linear_jepa_v1_vith16_384_20260426T124453Z/layer_last/eval",
        "probe_name": "linear",
        "split_name": "val"
      },
      "layer": "last",
      "layer_label": "last",
      "objective_metric": 47.05882352941176,
      "train": {
        "best_checkpoint": "artifacts/probes/intphys2/intphys2_probe_linear_jepa_v1_vith16_384_20260426T124453Z/layer_last/train/trial_0016/probe_best.pt",
        "best_eval_output_dir": "artifacts/probes/intphys2/intphys2_probe_linear_jepa_v1_vith16_384_20260426T124453Z/layer_last/train/trial_0016/val_eval",
        "best_output_dir": "artifacts/probes/intphys2/intphys2_probe_linear_jepa_v1_vith16_384_20260426T124453Z/layer_last/train/trial_0016",
        "best_params": {
          "batch_size": 256,
          "lr": 0.006244377758049805,
          "weight_decay": 3.136968476058394e-07
        },
        "best_trial_number": 16,
        "best_value": 47.05882352941176,
        "checkpoint": "artifacts/probes/intphys2/intphys2_probe_linear_jepa_v1_vith16_384_20260426T124453Z/layer_last/train/trial_0016/probe_best.pt",
        "dataset": "intphys2",
        "direction": "maximize",
        "layer": "last",
        "n_trials": 20,
        "objective_metric": "voe_accuracy",
        "output_dir": "artifacts/probes/intphys2/intphys2_probe_linear_jepa_v1_vith16_384_20260426T124453Z/layer_last/train",
        "probe_name": "linear",
        "storage": "sqlite:////gpfs/home3/scur0511/Probe4Physics/artifacts/probes/intphys2/intphys2_probe_linear_jepa_v1_vith16_384_20260426T124453Z/layer_last/train/optuna_study.sqlite3",
        "study_name": "intphys2_linear_jepa_v1_vith16_384_layer_last",
        "trials": [
          {
            "checkpoint": "artifacts/probes/intphys2/intphys2_probe_linear_jepa_v1_vith16_384_20260426T124453Z/layer_last/train/trial_0000/probe_best.pt",
            "eval_output_dir": "artifacts/probes/intphys2/intphys2_probe_linear_jepa_v1_vith16_384_20260426T124453Z/layer_last/train/trial_0000/val_eval",
            "output_dir": "artifacts/probes/intphys2/intphys2_probe_linear_jepa_v1_vith16_384_20260426T124453Z/layer_last/train/trial_0000",
            "params": {
              "batch_size": 32,
              "lr": 0.0001329291894316216,
              "weight_decay": 0.005061576888752304
            },
            "trial_number": 0,
            "value": 41.17647058823529
          },
          {
            "checkpoint": "artifacts/probes/intphys2/intphys2_probe_linear_jepa_v1_vith16_384_20260426T124453Z/layer_last/train/trial_0001/probe_best.pt",
            "eval_output_dir": "artifacts/probes/intphys2/intphys2_probe_linear_jepa_v1_vith16_384_20260426T124453Z/layer_last/train/trial_0001/val_eval",
            "output_dir": "artifacts/probes/intphys2/intphys2_probe_linear_jepa_v1_vith16_384_20260426T124453Z/layer_last/train/trial_0001",
            "params": {
              "batch_size": 256,
              "lr": 1.493656855461762e-05,
              "weight_decay": 0.0015741890047456662
            },
            "trial_number": 1,
            "value": 5.88235294117647
          },
          {
            "checkpoint": "artifacts/probes/intphys2/intphys2_probe_linear_jepa_v1_vith16_384_20260426T124453Z/layer_last/train/trial_0002/probe_best.pt",
            "eval_output_dir": "artifacts/probes/intphys2/intphys2_probe_linear_jepa_v1_vith16_384_20260426T124453Z/layer_last/train/trial_0002/val_eval",
            "output_dir": "artifacts/probes/intphys2/intphys2_probe_linear_jepa_v1_vith16_384_20260426T124453Z/layer_last/train/trial_0002",
            "params": {
              "batch_size": 256,
              "lr": 0.00314288089084011,
              "weight_decay": 1.879466824163843e-07
            },
            "trial_number": 2,
            "value": 45.09803921568628
          },
          {
            "checkpoint": "artifacts/probes/intphys2/intphys2_probe_linear_jepa_v1_vith16_384_20260426T124453Z/layer_last/train/trial_0003/probe_best.pt",
            "eval_output_dir": "artifacts/probes/intphys2/intphys2_probe_linear_jepa_v1_vith16_384_20260426T124453Z/layer_last/train/trial_0003/val_eval",
            "output_dir": "artifacts/probes/intphys2/intphys2_probe_linear_jepa_v1_vith16_384_20260426T124453Z/layer_last/train/trial_0003",
            "params": {
              "batch_size": 32,
              "lr": 0.00019762189340280086,
              "weight_decay": 5.589524205217922e-07
            },
            "trial_number": 3,
            "value": 37.254901960784316
          },
          {
            "checkpoint": "artifacts/probes/intphys2/intphys2_probe_linear_jepa_v1_vith16_384_20260426T124453Z/layer_last/train/trial_0004/probe_best.pt",
            "eval_output_dir": "artifacts/probes/intphys2/intphys2_probe_linear_jepa_v1_vith16_384_20260426T124453Z/layer_last/train/trial_0004/val_eval",
            "output_dir": "artifacts/probes/intphys2/intphys2_probe_linear_jepa_v1_vith16_384_20260426T124453Z/layer_last/train/trial_0004",
            "params": {
              "batch_size": 128,
              "lr": 0.00023345864076016249,
              "weight_decay": 0.0005141096648805752
            },
            "trial_number": 4,
            "value": 35.294117647058826
          },
          {
            "checkpoint": "artifacts/probes/intphys2/intphys2_probe_linear_jepa_v1_vith16_384_20260426T124453Z/layer_last/train/trial_0005/probe_best.pt",
            "eval_output_dir": "artifacts/probes/intphys2/intphys2_probe_linear_jepa_v1_vith16_384_20260426T124453Z/layer_last/train/trial_0005/val_eval",
            "output_dir": "artifacts/probes/intphys2/intphys2_probe_linear_jepa_v1_vith16_384_20260426T124453Z/layer_last/train/trial_0005",
            "params": {
              "batch_size": 128,
              "lr": 0.0006647135865318024,
              "weight_decay": 1.0547383621352015e-07
            },
            "trial_number": 5,
            "value": 43.13725490196079
          },
          {
            "checkpoint": "artifacts/probes/intphys2/intphys2_probe_linear_jepa_v1_vith16_384_20260426T124453Z/layer_last/train/trial_0006/probe_best.pt",
            "eval_output_dir": "artifacts/probes/intphys2/intphys2_probe_linear_jepa_v1_vith16_384_20260426T124453Z/layer_last/train/trial_0006/val_eval",
            "output_dir": "artifacts/probes/intphys2/intphys2_probe_linear_jepa_v1_vith16_384_20260426T124453Z/layer_last/train/trial_0006",
            "params": {
              "batch_size": 32,
              "lr": 8.200518402245828e-05,
              "weight_decay": 3.855073690026179e-08
            },
            "trial_number": 6,
            "value": 35.294117647058826
          },
          {
            "checkpoint": "artifacts/probes/intphys2/intphys2_probe_linear_jepa_v1_vith16_384_20260426T124453Z/layer_last/train/trial_0008/probe_best.pt",
            "eval_output_dir": "artifacts/probes/intphys2/intphys2_probe_linear_jepa_v1_vith16_384_20260426T124453Z/layer_last/train/trial_0008/val_eval",
            "output_dir": "artifacts/probes/intphys2/intphys2_probe_linear_jepa_v1_vith16_384_20260426T124453Z/layer_last/train/trial_0008",
            "params": {
              "batch_size": 32,
              "lr": 0.00043664735929796326,
              "weight_decay": 1.2856617791467908e-07
            },
            "trial_number": 8,
            "value": 43.13725490196079
          },
          {
            "checkpoint": "artifacts/probes/intphys2/intphys2_probe_linear_jepa_v1_vith16_384_20260426T124453Z/layer_last/train/trial_0009/probe_best.pt",
            "eval_output_dir": "artifacts/probes/intphys2/intphys2_probe_linear_jepa_v1_vith16_384_20260426T124453Z/layer_last/train/trial_0009/val_eval",
            "output_dir": "artifacts/probes/intphys2/intphys2_probe_linear_jepa_v1_vith16_384_20260426T124453Z/layer_last/train/trial_0009",
            "params": {
              "batch_size": 256,
              "lr": 0.0006218704727769079,
              "weight_decay": 0.0033981724150106006
            },
            "trial_number": 9,
            "value": 41.17647058823529
          },
          {
            "checkpoint": "artifacts/probes/intphys2/intphys2_probe_linear_jepa_v1_vith16_384_20260426T124453Z/layer_last/train/trial_0010/probe_best.pt",
            "eval_output_dir": "artifacts/probes/intphys2/intphys2_probe_linear_jepa_v1_vith16_384_20260426T124453Z/layer_last/train/trial_0010/val_eval",
            "output_dir": "artifacts/probes/intphys2/intphys2_probe_linear_jepa_v1_vith16_384_20260426T124453Z/layer_last/train/trial_0010",
            "params": {
              "batch_size": 256,
              "lr": 0.008589902259876388,
              "weight_decay": 6.917735117804129e-06
            },
            "trial_number": 10,
            "value": 43.13725490196079
          },
          {
            "checkpoint": "artifacts/probes/intphys2/intphys2_probe_linear_jepa_v1_vith16_384_20260426T124453Z/layer_last/train/trial_0011/probe_best.pt",
            "eval_output_dir": "artifacts/probes/intphys2/intphys2_probe_linear_jepa_v1_vith16_384_20260426T124453Z/layer_last/train/trial_0011/val_eval",
            "output_dir": "artifacts/probes/intphys2/intphys2_probe_linear_jepa_v1_vith16_384_20260426T124453Z/layer_last/train/trial_0011",
            "params": {
              "batch_size": 128,
              "lr": 0.0024487287612782035,
              "weight_decay": 1.269544724367316e-08
            },
            "trial_number": 11,
            "value": 45.09803921568628
          },
          {
            "checkpoint": "artifacts/probes/intphys2/intphys2_probe_linear_jepa_v1_vith16_384_20260426T124453Z/layer_last/train/trial_0012/probe_best.pt",
            "eval_output_dir": "artifacts/probes/intphys2/intphys2_probe_linear_jepa_v1_vith16_384_20260426T124453Z/layer_last/train/trial_0012/val_eval",
            "output_dir": "artifacts/probes/intphys2/intphys2_probe_linear_jepa_v1_vith16_384_20260426T124453Z/layer_last/train/trial_0012",
            "params": {
              "batch_size": 128,
              "lr": 0.004214691459509996,
              "weight_decay": 1.196959457147813e-08
            },
            "trial_number": 12,
            "value": 45.09803921568628
          },
          {
            "checkpoint": "artifacts/probes/intphys2/intphys2_probe_linear_jepa_v1_vith16_384_20260426T124453Z/layer_last/train/trial_0013/probe_best.pt",
            "eval_output_dir": "artifacts/probes/intphys2/intphys2_probe_linear_jepa_v1_vith16_384_20260426T124453Z/layer_last/train/trial_0013/val_eval",
            "output_dir": "artifacts/probes/intphys2/intphys2_probe_linear_jepa_v1_vith16_384_20260426T124453Z/layer_last/train/trial_0013",
            "params": {
              "batch_size": 64,
              "lr": 0.0023891013957967207,
              "weight_decay": 1.519471027302111e-06
            },
            "trial_number": 13,
            "value": 43.13725490196079
          },
          {
            "checkpoint": "artifacts/probes/intphys2/intphys2_probe_linear_jepa_v1_vith16_384_20260426T124453Z/layer_last/train/trial_0014/probe_best.pt",
            "eval_output_dir": "artifacts/probes/intphys2/intphys2_probe_linear_jepa_v1_vith16_384_20260426T124453Z/layer_last/train/trial_0014/val_eval",
            "output_dir": "artifacts/probes/intphys2/intphys2_probe_linear_jepa_v1_vith16_384_20260426T124453Z/layer_last/train/trial_0014",
            "params": {
              "batch_size": 128,
              "lr": 0.0017155689066982573,
              "weight_decay": 1.4876554375300389e-08
            },
            "trial_number": 14,
            "value": 45.09803921568628
          },
          {
            "checkpoint": "artifacts/probes/intphys2/intphys2_probe_linear_jepa_v1_vith16_384_20260426T124453Z/layer_last/train/trial_0015/probe_best.pt",
            "eval_output_dir": "artifacts/probes/intphys2/intphys2_probe_linear_jepa_v1_vith16_384_20260426T124453Z/layer_last/train/trial_0015/val_eval",
            "output_dir": "artifacts/probes/intphys2/intphys2_probe_linear_jepa_v1_vith16_384_20260426T124453Z/layer_last/train/trial_0015",
            "params": {
              "batch_size": 256,
              "lr": 0.0014887382928985065,
              "weight_decay": 8.351152113573875e-05
            },
            "trial_number": 15,
            "value": 43.13725490196079
          },
          {
            "checkpoint": "artifacts/probes/intphys2/intphys2_probe_linear_jepa_v1_vith16_384_20260426T124453Z/layer_last/train/trial_0016/probe_best.pt",
            "eval_output_dir": "artifacts/probes/intphys2/intphys2_probe_linear_jepa_v1_vith16_384_20260426T124453Z/layer_last/train/trial_0016/val_eval",
            "output_dir": "artifacts/probes/intphys2/intphys2_probe_linear_jepa_v1_vith16_384_20260426T124453Z/layer_last/train/trial_0016",
            "params": {
              "batch_size": 256,
              "lr": 0.006244377758049805,
              "weight_decay": 3.136968476058394e-07
            },
            "trial_number": 16,
            "value": 47.05882352941176
          },
          {
            "checkpoint": "artifacts/probes/intphys2/intphys2_probe_linear_jepa_v1_vith16_384_20260426T124453Z/layer_last/train/trial_0017/probe_best.pt",
            "eval_output_dir": "artifacts/probes/intphys2/intphys2_probe_linear_jepa_v1_vith16_384_20260426T124453Z/layer_last/train/trial_0017/val_eval",
            "output_dir": "artifacts/probes/intphys2/intphys2_probe_linear_jepa_v1_vith16_384_20260426T124453Z/layer_last/train/trial_0017",
            "params": {
              "batch_size": 256,
              "lr": 0.00990779522464687,
              "weight_decay": 1.3845827194989746e-06
            },
            "trial_number": 17,
            "value": 45.09803921568628
          },
          {
            "checkpoint": "artifacts/probes/intphys2/intphys2_probe_linear_jepa_v1_vith16_384_20260426T124453Z/layer_last/train/trial_0018/probe_best.pt",
            "eval_output_dir": "artifacts/probes/intphys2/intphys2_probe_linear_jepa_v1_vith16_384_20260426T124453Z/layer_last/train/trial_0018/val_eval",
            "output_dir": "artifacts/probes/intphys2/intphys2_probe_linear_jepa_v1_vith16_384_20260426T124453Z/layer_last/train/trial_0018",
            "params": {
              "batch_size": 256,
              "lr": 0.00514598632105793,
              "weight_decay": 1.397666573960811e-05
            },
            "trial_number": 18,
            "value": 45.09803921568628
          },
          {
            "checkpoint": "artifacts/probes/intphys2/intphys2_probe_linear_jepa_v1_vith16_384_20260426T124453Z/layer_last/train/trial_0019/probe_best.pt",
            "eval_output_dir": "artifacts/probes/intphys2/intphys2_probe_linear_jepa_v1_vith16_384_20260426T124453Z/layer_last/train/trial_0019/val_eval",
            "output_dir": "artifacts/probes/intphys2/intphys2_probe_linear_jepa_v1_vith16_384_20260426T124453Z/layer_last/train/trial_0019",
            "params": {
              "batch_size": 256,
              "lr": 0.0010509751486396301,
              "weight_decay": 2.905693254447167e-07
            },
            "trial_number": 19,
            "value": 41.17647058823529
          }
        ]
      }
    }
  ],
  "probe_name": "linear",
  "requested_layers": [
    "last"
  ],
  "split_name": "val",
  "sweep_dir": "artifacts/probes/intphys2/intphys2_probe_linear_jepa_v1_vith16_384_20260426T124453Z"
}
JOB_END_UTC=2026-04-26T12:46:28Z
JOB_ELAPSED_SECONDS=99
