============================================================================================== 
Warning! Mixing Conda and module environments may lead to corruption of the
user environment. 
We do not recommend users mixing those two environments unless absolutely
necessary. Note that 
SURF does not provide any support for Conda environment.
For more information, please refer to our software policy page:
https://servicedesk.surf.nl/wiki/display/WIKI/Software+policy+Snellius#SoftwarepolicySnellius-UseofAnacondaandMinicondaenvironmentsonSnellius 

Remember that many packages have already been installed on the system and can
be loaded using 
the 'module load <package__name>' command. If you are uncertain if a package is
already available 
on the system, please use 'module avail' or 'module spider' to search for it.
============================================================================================== 
[I 2026-04-26 14:44:55,542] A new study created in RDB with name: intphys2_linear_jepa_v1_vith16_384_layer_last
wandb: [wandb.login()] Loaded credentials for https://api.wandb.ai from /home/scur0511/.netrc.
wandb: Currently logged in as: caselli-niccolo-developer (caselli-niccolo-developer-university-of-amsterdam) to https://api.wandb.ai. Use `wandb login --relogin` to force relogin
wandb: Tracking run with wandb version 0.26.1
wandb: Run data is saved locally in /gpfs/home3/scur0511/Probe4Physics/wandb/run-20260426_144500-dxjmdie2
wandb: Run `wandb offline` to turn off syncing.
wandb: Syncing run intphys2_linear_jepa_v1_vith16_384_layer_last/trial_0000
wandb: ⭐️ View project at https://wandb.ai/caselli-niccolo-developer-university-of-amsterdam/probe4physics
wandb: 🚀 View run at https://wandb.ai/caselli-niccolo-developer-university-of-amsterdam/probe4physics/runs/dxjmdie2
[eval.intphys2] Starting eval | split_name=val split_dir=data/splits/intphys2 predictor_mode=from_file metadata_file=data/annotations/intphys2_metadata.csv
[eval.intphys2] Loaded split assignments | split_scenes=51 split_samples=204
[eval.intphys2] Generated predictions | n_predictions=204
[eval.intphys2] Scoring complete | accuracy=60.2941 voe_accuracy=41.1765 n_scenes=51 n_samples=204
[eval.intphys2] Artifacts written | output_dir=artifacts/probes/intphys2/intphys2_probe_linear_jepa_v1_vith16_384_20260426T124453Z/layer_last/train/trial_0000/val_eval
wandb: updating run metadata
wandb: uploading output.log; uploading wandb-summary.json; uploading config.yaml
wandb: uploading wandb-summary.json; uploading config.yaml
wandb: 
wandb: Run history:
wandb:          epoch ▁▁▁▁▁▂▂▂▂▂▂▃▃▃▃▄▄▄▄▅▅▅▅▅▅▅▆▆▆▆▆▇▇▇▇▇████
wandb: train_accuracy ▁▂▁▁▁▃▂▂▂▁▃▂▄▂▃▃▆▅▅▆▇▆▅▄▆█▆▇▇▇▆▆▆▇▆▇▇▆▃█
wandb:     train_loss █▅▅▅▅▄▄▄▄▄▄▄▅▄▄▃▄▄▃▃▃▃▃▃▃▂▃▂▂▂▂▁▁▁▁▂▁▁▁▁
wandb:   val_accuracy ▂▁▃▁▂▄▃▂▃▄▅▆▅▄▅▅▆▅▇▅▅█▆▄▆▆▄█▂▅▇▇▅▆▆▆▆▅▂▅
wandb:       val_loss ████▇▆▆▆▅▅▄▄▄▄▄▄▄▃▃▃▃▃▃▃▃▃▃▂▂▂▂▂▂▂▂▁▁▂▂▁
wandb: 
wandb: Run summary:
wandb:           best_epoch 86
wandb:    best_val_accuracy 60.29412
wandb:        best_val_loss 0.68607
wandb: checkpoint_best_path artifacts/probes/int...
wandb: checkpoint_last_path artifacts/probes/int...
wandb:      checkpoint_path artifacts/probes/int...
wandb:              dataset intphys2
wandb:      elapsed_seconds 11.55059
wandb:                epoch 100
wandb:    feature_signature 78346a9facde6609
wandb:                  +22 ...
wandb: 
wandb: 🚀 View run intphys2_linear_jepa_v1_vith16_384_layer_last/trial_0000 at: https://wandb.ai/caselli-niccolo-developer-university-of-amsterdam/probe4physics/runs/dxjmdie2
wandb: ⭐️ View project at: https://wandb.ai/caselli-niccolo-developer-university-of-amsterdam/probe4physics
wandb: Synced 5 W&B file(s), 0 media file(s), 0 artifact file(s) and 0 other file(s)
wandb: Find logs at: ./wandb/run-20260426_144500-dxjmdie2/logs
[I 2026-04-26 14:45:08,542] Trial 0 finished with value: 41.17647058823529 and parameters: {'lr': 0.0001329291894316216, 'weight_decay': 0.005061576888752304, 'batch_size': 32}. Best is trial 0 with value: 41.17647058823529.
wandb: setting up run 2xktym71
wandb: Tracking run with wandb version 0.26.1
wandb: Run data is saved locally in /gpfs/home3/scur0511/Probe4Physics/wandb/run-20260426_144508-2xktym71
wandb: Run `wandb offline` to turn off syncing.
wandb: Syncing run intphys2_linear_jepa_v1_vith16_384_layer_last/trial_0001
wandb: ⭐️ View project at https://wandb.ai/caselli-niccolo-developer-university-of-amsterdam/probe4physics
wandb: 🚀 View run at https://wandb.ai/caselli-niccolo-developer-university-of-amsterdam/probe4physics/runs/2xktym71
[eval.intphys2] Starting eval | split_name=val split_dir=data/splits/intphys2 predictor_mode=from_file metadata_file=data/annotations/intphys2_metadata.csv
[eval.intphys2] Loaded split assignments | split_scenes=51 split_samples=204
[eval.intphys2] Generated predictions | n_predictions=204
[eval.intphys2] Scoring complete | accuracy=52.4510 voe_accuracy=5.8824 n_scenes=51 n_samples=204
[eval.intphys2] Artifacts written | output_dir=artifacts/probes/intphys2/intphys2_probe_linear_jepa_v1_vith16_384_20260426T124453Z/layer_last/train/trial_0001/val_eval
wandb: updating run metadata
wandb: uploading output.log; uploading wandb-summary.json; uploading config.yaml; uploading wandb-metadata.json; uploading requirements.txt
wandb: 
wandb: Run history:
wandb:          epoch ▁▁▂▂▂▂▂▂▂▃▃▄▄▄▄▄▄▄▄▄▅▅▅▅▅▅▅▆▆▆▆▆▇▇▇▇████
wandb: train_accuracy ▄▄▄▅▃▄▂▂▁▂▁▁▁▂▅█▆▇▇█▆▅▄▄▅▅▅▅▅▆▆▆▆▃▃▃▃▃▃▄
wandb:     train_loss ███▇▄▄▃▂▂▂▂▂▃▂▂▂▂▂▂▁▁▂▂▂▁▂▂▁▂▂▁▂▂▂▂▂▂▂▂▂
wandb:   val_accuracy ▅▆▅▅▅▅▅▄▅▄▅▅▅▅▃▁▁▅▄▅▄▅▅▅▇▅▆███▇▇██▇▇▇▇▅▆
wandb:       val_loss █▆▅▄▃▂▂▂▂▂▁▁▁▁▁▁▁▁▁▁▁▁▁▁▁▁▁▁▁▁▁▁▁▁▁▁▁▁▁▁
wandb: 
wandb: Run summary:
wandb:           best_epoch 86
wandb:    best_val_accuracy 52.45098
wandb:        best_val_loss 0.69439
wandb: checkpoint_best_path artifacts/probes/int...
wandb: checkpoint_last_path artifacts/probes/int...
wandb:      checkpoint_path artifacts/probes/int...
wandb:              dataset intphys2
wandb:      elapsed_seconds 2.67759
wandb:                epoch 100
wandb:    feature_signature 78346a9facde6609
wandb:                  +22 ...
wandb: 
wandb: 🚀 View run intphys2_linear_jepa_v1_vith16_384_layer_last/trial_0001 at: https://wandb.ai/caselli-niccolo-developer-university-of-amsterdam/probe4physics/runs/2xktym71
wandb: ⭐️ View project at: https://wandb.ai/caselli-niccolo-developer-university-of-amsterdam/probe4physics
wandb: Synced 5 W&B file(s), 0 media file(s), 0 artifact file(s) and 0 other file(s)
wandb: Find logs at: ./wandb/run-20260426_144508-2xktym71/logs
[I 2026-04-26 14:45:12,173] Trial 1 finished with value: 5.88235294117647 and parameters: {'lr': 1.493656855461762e-05, 'weight_decay': 0.0015741890047456662, 'batch_size': 256}. Best is trial 0 with value: 41.17647058823529.
wandb: setting up run 98fm1whc
wandb: Tracking run with wandb version 0.26.1
wandb: Run data is saved locally in /gpfs/home3/scur0511/Probe4Physics/wandb/run-20260426_144512-98fm1whc
wandb: Run `wandb offline` to turn off syncing.
wandb: Syncing run intphys2_linear_jepa_v1_vith16_384_layer_last/trial_0002
wandb: ⭐️ View project at https://wandb.ai/caselli-niccolo-developer-university-of-amsterdam/probe4physics
wandb: 🚀 View run at https://wandb.ai/caselli-niccolo-developer-university-of-amsterdam/probe4physics/runs/98fm1whc
[eval.intphys2] Starting eval | split_name=val split_dir=data/splits/intphys2 predictor_mode=from_file metadata_file=data/annotations/intphys2_metadata.csv
[eval.intphys2] Loaded split assignments | split_scenes=51 split_samples=204
[eval.intphys2] Generated predictions | n_predictions=204
[eval.intphys2] Scoring complete | accuracy=61.2745 voe_accuracy=45.0980 n_scenes=51 n_samples=204
[eval.intphys2] Artifacts written | output_dir=artifacts/probes/intphys2/intphys2_probe_linear_jepa_v1_vith16_384_20260426T124453Z/layer_last/train/trial_0002/val_eval
wandb: updating run metadata
wandb: uploading config.yaml; uploading wandb-metadata.json; uploading requirements.txt; uploading output.log; uploading wandb-summary.json
wandb: 
wandb: Run history:
wandb:          epoch ▁▁▂▂▂▂▂▂▂▃▃▃▃▃▃▄▄▄▄▄▅▅▅▅▅▅▅▅▅▆▆▆▇▇▇▇▇███
wandb: train_accuracy ▁▂▁▂▂▃▄▅▄▂▃▄▄▅▅▅▅▄▅▅▆▅▆▅▆▆▅▇▆▅▇▆▇▆███▇▇▇
wandb:     train_loss █▅▅▄▄▄▄▄▄▃▄▃▄▄▃▃▃▃▃▃▃▃▃▃▃▂▂▂▂▂▂▂▂▁▁▂▁▁▂▁
wandb:   val_accuracy ▂▃▂▂▁▃▄▅▅▄▅▆▂▄▅▅▆▄▅▆▄▅▄▆▅▆▅▇▄▅▅▆▅▆▅▆██▆▆
wandb:       val_loss █▅▄▃▃▃▃▂▃▃▇▃▂▂▃▃▂▂▃▂▂▁▃▁▁▂▁▁▂▂▅▂▁▂▂▂▁▂▁▂
wandb: 
wandb: Run summary:
wandb:           best_epoch 88
wandb:    best_val_accuracy 61.27451
wandb:        best_val_loss 0.67825
wandb: checkpoint_best_path artifacts/probes/int...
wandb: checkpoint_last_path artifacts/probes/int...
wandb:      checkpoint_path artifacts/probes/int...
wandb:              dataset intphys2
wandb:      elapsed_seconds 2.76937
wandb:                epoch 100
wandb:    feature_signature 78346a9facde6609
wandb:                  +22 ...
wandb: 
wandb: 🚀 View run intphys2_linear_jepa_v1_vith16_384_layer_last/trial_0002 at: https://wandb.ai/caselli-niccolo-developer-university-of-amsterdam/probe4physics/runs/98fm1whc
wandb: ⭐️ View project at: https://wandb.ai/caselli-niccolo-developer-university-of-amsterdam/probe4physics
wandb: Synced 5 W&B file(s), 0 media file(s), 0 artifact file(s) and 0 other file(s)
wandb: Find logs at: ./wandb/run-20260426_144512-98fm1whc/logs
[I 2026-04-26 14:45:16,005] Trial 2 finished with value: 45.09803921568628 and parameters: {'lr': 0.00314288089084011, 'weight_decay': 1.879466824163843e-07, 'batch_size': 256}. Best is trial 2 with value: 45.09803921568628.
wandb: setting up run pzh0zcdd
wandb: Tracking run with wandb version 0.26.1
wandb: Run data is saved locally in /gpfs/home3/scur0511/Probe4Physics/wandb/run-20260426_144516-pzh0zcdd
wandb: Run `wandb offline` to turn off syncing.
wandb: Syncing run intphys2_linear_jepa_v1_vith16_384_layer_last/trial_0003
wandb: ⭐️ View project at https://wandb.ai/caselli-niccolo-developer-university-of-amsterdam/probe4physics
wandb: 🚀 View run at https://wandb.ai/caselli-niccolo-developer-university-of-amsterdam/probe4physics/runs/pzh0zcdd
[eval.intphys2] Starting eval | split_name=val split_dir=data/splits/intphys2 predictor_mode=from_file metadata_file=data/annotations/intphys2_metadata.csv
[eval.intphys2] Loaded split assignments | split_scenes=51 split_samples=204
[eval.intphys2] Generated predictions | n_predictions=204
[eval.intphys2] Scoring complete | accuracy=60.7843 voe_accuracy=37.2549 n_scenes=51 n_samples=204
[eval.intphys2] Artifacts written | output_dir=artifacts/probes/intphys2/intphys2_probe_linear_jepa_v1_vith16_384_20260426T124453Z/layer_last/train/trial_0003/val_eval
wandb: updating run metadata
wandb: uploading wandb-metadata.json; uploading requirements.txt; uploading output.log; uploading wandb-summary.json; uploading config.yaml
wandb: 
wandb: Run history:
wandb:          epoch ▁▁▁▁▂▂▂▂▂▂▃▃▄▄▄▄▄▅▅▅▅▅▅▆▆▆▆▆▆▆▇▇▇▇▇▇████
wandb: train_accuracy ▁▂▂▃▃▄▃▃▃▃▅▃▃▄▄▄▄▅▅▄▇▆▆▆▆▆▇▅▆▇▆▇▇▇▇▇▆▇▇█
wandb:     train_loss █▇▇█▇▆▆▆▇▇▆▆▆▆▅▆▄▄▄▄▄▄▄▄▃▃▃▃▄▂▂▂▂▁▂▁▂▃▂▁
wandb:   val_accuracy ▁▂▃▄▂▄▂▅▃▃▃▅▄▇▆▂▄▆▇▆▇▅▆▆▆▄▅▆▄▄▆▅█▅▇▄▅█▆▆
wandb:       val_loss █▇▇▇▇▆▆▆▅▆▅▄▄▄▄▄▄▄▃▃▄▃▃▃▃▃▂▂▂▂▂▂▂▁▂▁▁▁▁▁
wandb: 
wandb: Run summary:
wandb:           best_epoch 81
wandb:    best_val_accuracy 60.78432
wandb:        best_val_loss 0.68495
wandb: checkpoint_best_path artifacts/probes/int...
wandb: checkpoint_last_path artifacts/probes/int...
wandb:      checkpoint_path artifacts/probes/int...
wandb:              dataset intphys2
wandb:      elapsed_seconds 3.75022
wandb:                epoch 100
wandb:    feature_signature 78346a9facde6609
wandb:                  +22 ...
wandb: 
wandb: 🚀 View run intphys2_linear_jepa_v1_vith16_384_layer_last/trial_0003 at: https://wandb.ai/caselli-niccolo-developer-university-of-amsterdam/probe4physics/runs/pzh0zcdd
wandb: ⭐️ View project at: https://wandb.ai/caselli-niccolo-developer-university-of-amsterdam/probe4physics
wandb: Synced 5 W&B file(s), 0 media file(s), 0 artifact file(s) and 0 other file(s)
wandb: Find logs at: ./wandb/run-20260426_144516-pzh0zcdd/logs
[I 2026-04-26 14:45:20,898] Trial 3 finished with value: 37.254901960784316 and parameters: {'lr': 0.00019762189340280086, 'weight_decay': 5.589524205217922e-07, 'batch_size': 32}. Best is trial 2 with value: 45.09803921568628.
wandb: setting up run g5s18m9s
wandb: Tracking run with wandb version 0.26.1
wandb: Run data is saved locally in /gpfs/home3/scur0511/Probe4Physics/wandb/run-20260426_144521-g5s18m9s
wandb: Run `wandb offline` to turn off syncing.
wandb: Syncing run intphys2_linear_jepa_v1_vith16_384_layer_last/trial_0004
wandb: ⭐️ View project at https://wandb.ai/caselli-niccolo-developer-university-of-amsterdam/probe4physics
wandb: 🚀 View run at https://wandb.ai/caselli-niccolo-developer-university-of-amsterdam/probe4physics/runs/g5s18m9s
[eval.intphys2] Starting eval | split_name=val split_dir=data/splits/intphys2 predictor_mode=from_file metadata_file=data/annotations/intphys2_metadata.csv
[eval.intphys2] Loaded split assignments | split_scenes=51 split_samples=204
[eval.intphys2] Generated predictions | n_predictions=204
[eval.intphys2] Scoring complete | accuracy=60.7843 voe_accuracy=35.2941 n_scenes=51 n_samples=204
[eval.intphys2] Artifacts written | output_dir=artifacts/probes/intphys2/intphys2_probe_linear_jepa_v1_vith16_384_20260426T124453Z/layer_last/train/trial_0004/val_eval
wandb: updating run metadata
wandb: uploading output.log; uploading wandb-summary.json; uploading config.yaml; uploading wandb-metadata.json; uploading requirements.txt
wandb: 
wandb: Run history:
wandb:          epoch ▁▁▂▂▂▂▂▂▂▃▃▃▄▄▄▄▄▄▅▅▅▅▅▅▅▆▆▆▆▆▇▇▇▇▇▇▇███
wandb: train_accuracy ▂▁▂▁▂▂▃▂▄▃▄▄▄▅▅▅▅▄▅▅▆▆▇▇▆▅▇▆▆▇▇▇▆▇▇▄▅▇██
wandb:     train_loss █▅▅▅▅▄▄▄▄▄▄▄▄▄▄▄▃▃▃▃▃▃▃▃▃▂▂▂▂▂▂▂▂▂▂▂▂▂▁▁
wandb:   val_accuracy ▁▂▂▂▂▃▂▂▃▄▆▃▆▆▅▆▄▆▅▇▅▅▆▆▅▇▆▅█▆▆▄▄▆▅█▇▄▆▆
wandb:       val_loss █▇▇▆▆▅▅▅▅▅▅▄▄▄▄▄▄▄▄▄▃▃▃▃▃▃▂▂▂▂▂▂▂▂▂▁▂▁▁▁
wandb: 
wandb: Run summary:
wandb:           best_epoch 93
wandb:    best_val_accuracy 60.78432
wandb:        best_val_loss 0.68654
wandb: checkpoint_best_path artifacts/probes/int...
wandb: checkpoint_last_path artifacts/probes/int...
wandb:      checkpoint_path artifacts/probes/int...
wandb:              dataset intphys2
wandb:      elapsed_seconds 2.87767
wandb:                epoch 100
wandb:    feature_signature 78346a9facde6609
wandb:                  +22 ...
wandb: 
wandb: 🚀 View run intphys2_linear_jepa_v1_vith16_384_layer_last/trial_0004 at: https://wandb.ai/caselli-niccolo-developer-university-of-amsterdam/probe4physics/runs/g5s18m9s
wandb: ⭐️ View project at: https://wandb.ai/caselli-niccolo-developer-university-of-amsterdam/probe4physics
wandb: Synced 5 W&B file(s), 0 media file(s), 0 artifact file(s) and 0 other file(s)
wandb: Find logs at: ./wandb/run-20260426_144521-g5s18m9s/logs
[I 2026-04-26 14:45:24,959] Trial 4 finished with value: 35.294117647058826 and parameters: {'lr': 0.00023345864076016249, 'weight_decay': 0.0005141096648805752, 'batch_size': 128}. Best is trial 2 with value: 45.09803921568628.
wandb: setting up run 2cge2urv
wandb: Tracking run with wandb version 0.26.1
wandb: Run data is saved locally in /gpfs/home3/scur0511/Probe4Physics/wandb/run-20260426_144525-2cge2urv
wandb: Run `wandb offline` to turn off syncing.
wandb: Syncing run intphys2_linear_jepa_v1_vith16_384_layer_last/trial_0005
wandb: ⭐️ View project at https://wandb.ai/caselli-niccolo-developer-university-of-amsterdam/probe4physics
wandb: 🚀 View run at https://wandb.ai/caselli-niccolo-developer-university-of-amsterdam/probe4physics/runs/2cge2urv
[eval.intphys2] Starting eval | split_name=val split_dir=data/splits/intphys2 predictor_mode=from_file metadata_file=data/annotations/intphys2_metadata.csv
[eval.intphys2] Loaded split assignments | split_scenes=51 split_samples=204
[eval.intphys2] Generated predictions | n_predictions=204
[eval.intphys2] Scoring complete | accuracy=60.7843 voe_accuracy=43.1373 n_scenes=51 n_samples=204
[eval.intphys2] Artifacts written | output_dir=artifacts/probes/intphys2/intphys2_probe_linear_jepa_v1_vith16_384_20260426T124453Z/layer_last/train/trial_0005/val_eval
wandb: updating run metadata
wandb: uploading output.log; uploading wandb-summary.json; uploading config.yaml; uploading wandb-metadata.json; uploading requirements.txt
wandb: 
wandb: Run history:
wandb:          epoch ▁▁▁▁▁▂▂▂▂▂▃▃▃▃▃▄▄▄▄▄▄▅▅▅▅▅▅▆▆▆▆▆▆▇▇▇▇███
wandb: train_accuracy ▁▂▂▃▃▂▄▄▄▅▄▂▄▄▅▅▅▄▇▇▆▇▇▇▇▇▇▇▇█▇▇█▇███▇▇▇
wandb:     train_loss █▇▇▇▆▆▆▆▆▆▇▅▅▅▅▄▄▄▄▃▃▃▃▃▃▃▃▃▃▂▂▂▂▂▂▂▂▂▂▁
wandb:   val_accuracy ▁▁▃▄▅▂▆▆▃▅▃▁▃▂▂▆▄▄▃▆▆▆▅▅▅▇▆▆▇▆▆▅▇▅▄▅█▅▆▆
wandb:       val_loss █▆▆▆▅▅▅▄▄▄▄▃▃▄▃▃▄▃▃▃▃▃▂▂▂▃▂▂▂▂▂▂▂▁▁▁▁▃▁▁
wandb: 
wandb: Run summary:
wandb:           best_epoch 92
wandb:    best_val_accuracy 60.78432
wandb:        best_val_loss 0.68058
wandb: checkpoint_best_path artifacts/probes/int...
wandb: checkpoint_last_path artifacts/probes/int...
wandb:      checkpoint_path artifacts/probes/int...
wandb:              dataset intphys2
wandb:      elapsed_seconds 2.95942
wandb:                epoch 100
wandb:    feature_signature 78346a9facde6609
wandb:                  +22 ...
wandb: 
wandb: 🚀 View run intphys2_linear_jepa_v1_vith16_384_layer_last/trial_0005 at: https://wandb.ai/caselli-niccolo-developer-university-of-amsterdam/probe4physics/runs/2cge2urv
wandb: ⭐️ View project at: https://wandb.ai/caselli-niccolo-developer-university-of-amsterdam/probe4physics
wandb: Synced 5 W&B file(s), 0 media file(s), 0 artifact file(s) and 0 other file(s)
wandb: Find logs at: ./wandb/run-20260426_144525-2cge2urv/logs
[I 2026-04-26 14:45:28,981] Trial 5 finished with value: 43.13725490196079 and parameters: {'lr': 0.0006647135865318024, 'weight_decay': 1.0547383621352015e-07, 'batch_size': 128}. Best is trial 2 with value: 45.09803921568628.
wandb: setting up run 9h57zcz4
wandb: Tracking run with wandb version 0.26.1
wandb: Run data is saved locally in /gpfs/home3/scur0511/Probe4Physics/wandb/run-20260426_144529-9h57zcz4
wandb: Run `wandb offline` to turn off syncing.
wandb: Syncing run intphys2_linear_jepa_v1_vith16_384_layer_last/trial_0006
wandb: ⭐️ View project at https://wandb.ai/caselli-niccolo-developer-university-of-amsterdam/probe4physics
wandb: 🚀 View run at https://wandb.ai/caselli-niccolo-developer-university-of-amsterdam/probe4physics/runs/9h57zcz4
[eval.intphys2] Starting eval | split_name=val split_dir=data/splits/intphys2 predictor_mode=from_file metadata_file=data/annotations/intphys2_metadata.csv
[eval.intphys2] Loaded split assignments | split_scenes=51 split_samples=204
[eval.intphys2] Generated predictions | n_predictions=204
[eval.intphys2] Scoring complete | accuracy=60.2941 voe_accuracy=35.2941 n_scenes=51 n_samples=204
[eval.intphys2] Artifacts written | output_dir=artifacts/probes/intphys2/intphys2_probe_linear_jepa_v1_vith16_384_20260426T124453Z/layer_last/train/trial_0006/val_eval
wandb: updating run metadata
wandb: uploading wandb-metadata.json; uploading requirements.txt; uploading output.log; uploading wandb-summary.json; uploading config.yaml
wandb: 
wandb: Run history:
wandb:          epoch ▁▁▁▂▂▂▂▂▃▃▃▃▄▄▄▄▄▅▅▅▅▅▅▆▆▆▆▆▆▆▇▇▇▇▇▇▇▇▇█
wandb: train_accuracy ▂▂▂▁▁▂▂▂▁▂▃▃▂▃▃▃▄▃▅▅▅▅▄▅▆▅▆▇▇▇▇▅▇▆▆▆▇▆▄█
wandb:     train_loss █████▇▆▇▆▆▅▅▅▆▅▅▅▅▄▅▄▄▄▄▄▃▄▃▃▃▃▂▂▂▃▂▂▁▄▁
wandb:   val_accuracy ▁▂▁▂▂▄▂▂▄▄▄▂▅▄▄▃▇▃▆▄▄▆▃▅▅▄▃▆▄▅▃▇▃▆█▆▆▅▅▆
wandb:       val_loss █▇▇▆▆▅▅▅▄▄▄▄▄▄▄▃▃▃▃▃▃▃▂▂▂▂▂▂▂▂▂▂▂▂▁▁▁▁▂▁
wandb: 
wandb: Run summary:
wandb:           best_epoch 84
wandb:    best_val_accuracy 60.29412
wandb:        best_val_loss 0.68884
wandb: checkpoint_best_path artifacts/probes/int...
wandb: checkpoint_last_path artifacts/probes/int...
wandb:      checkpoint_path artifacts/probes/int...
wandb:              dataset intphys2
wandb:      elapsed_seconds 3.92945
wandb:                epoch 100
wandb:    feature_signature 78346a9facde6609
wandb:                  +22 ...
wandb: 
wandb: 🚀 View run intphys2_linear_jepa_v1_vith16_384_layer_last/trial_0006 at: https://wandb.ai/caselli-niccolo-developer-university-of-amsterdam/probe4physics/runs/9h57zcz4
wandb: ⭐️ View project at: https://wandb.ai/caselli-niccolo-developer-university-of-amsterdam/probe4physics
wandb: Synced 5 W&B file(s), 0 media file(s), 0 artifact file(s) and 0 other file(s)
wandb: Find logs at: ./wandb/run-20260426_144529-9h57zcz4/logs
[I 2026-04-26 14:45:33,958] Trial 6 finished with value: 35.294117647058826 and parameters: {'lr': 8.200518402245828e-05, 'weight_decay': 3.855073690026179e-08, 'batch_size': 32}. Best is trial 2 with value: 45.09803921568628.
wandb: setting up run xjzxjc34
wandb: Tracking run with wandb version 0.26.1
wandb: Run data is saved locally in /gpfs/home3/scur0511/Probe4Physics/wandb/run-20260426_144534-xjzxjc34
wandb: Run `wandb offline` to turn off syncing.
wandb: Syncing run intphys2_linear_jepa_v1_vith16_384_layer_last/trial_0007
wandb: ⭐️ View project at https://wandb.ai/caselli-niccolo-developer-university-of-amsterdam/probe4physics
wandb: 🚀 View run at https://wandb.ai/caselli-niccolo-developer-university-of-amsterdam/probe4physics/runs/xjzxjc34
wandb: updating run metadata
wandb: uploading wandb-metadata.json; uploading requirements.txt; uploading wandb-summary.json; uploading config.yaml
wandb: 
wandb: Run history:
wandb:          epoch ▁▁▁▁▁▁▁▂▂▂▂▂▂▃▃▃▃▃▄▄▄▄▅▅▅▅▅▅▆▆▆▆▆▇▇▇▇███
wandb: train_accuracy ▅▅▄▄▅▂▁▂▄▃▅▆██▇▆▆▅▇█▆██▅▄▆▆▆▇▆▅▆▇▆▅▄▅▅▅▆
wandb:     train_loss █▄▄▃▂▂▂▂▂▁▂▂▂▂▁▂▂▂▂▂▁▂▂▁▂▁▁▁▁▁▁▁▁▁▁▁▁▁▁▁
wandb:   val_accuracy ▄▆▅▅▂▄▃▂▃▂▁▄▇█▄▇█▅▄▄▄▇▆▆▆▅▆▇▇▇▆▆▇▆▇▅▆█▇▇
wandb:       val_loss █▅▄▂▂▂▂▂▂▂▂▂▁▁▁▁▁▁▁▁▁▁▁▁▁▁▁▁▁▁▁▁▁▁▁▁▁▁▁▁
wandb: 
wandb: Run summary:
wandb:          epoch 100
wandb: train_accuracy 50.99338
wandb:     train_loss 0.69432
wandb:   val_accuracy 51.47059
wandb:       val_loss 0.69326
wandb: 
wandb: 🚀 View run intphys2_linear_jepa_v1_vith16_384_layer_last/trial_0007 at: https://wandb.ai/caselli-niccolo-developer-university-of-amsterdam/probe4physics/runs/xjzxjc34
wandb: ⭐️ View project at: https://wandb.ai/caselli-niccolo-developer-university-of-amsterdam/probe4physics
wandb: Synced 4 W&B file(s), 0 media file(s), 0 artifact file(s) and 0 other file(s)
wandb: Find logs at: ./wandb/run-20260426_144534-xjzxjc34/logs
[I 2026-04-26 14:45:38,287] Trial 7 pruned. Pruned at epoch 100 with val_accuracy=51.4706
wandb: setting up run ffa0y721
wandb: Tracking run with wandb version 0.26.1
wandb: Run data is saved locally in /gpfs/home3/scur0511/Probe4Physics/wandb/run-20260426_144538-ffa0y721
wandb: Run `wandb offline` to turn off syncing.
wandb: Syncing run intphys2_linear_jepa_v1_vith16_384_layer_last/trial_0008
wandb: ⭐️ View project at https://wandb.ai/caselli-niccolo-developer-university-of-amsterdam/probe4physics
wandb: 🚀 View run at https://wandb.ai/caselli-niccolo-developer-university-of-amsterdam/probe4physics/runs/ffa0y721
[eval.intphys2] Starting eval | split_name=val split_dir=data/splits/intphys2 predictor_mode=from_file metadata_file=data/annotations/intphys2_metadata.csv
[eval.intphys2] Loaded split assignments | split_scenes=51 split_samples=204
[eval.intphys2] Generated predictions | n_predictions=204
[eval.intphys2] Scoring complete | accuracy=59.3137 voe_accuracy=43.1373 n_scenes=51 n_samples=204
[eval.intphys2] Artifacts written | output_dir=artifacts/probes/intphys2/intphys2_probe_linear_jepa_v1_vith16_384_20260426T124453Z/layer_last/train/trial_0008/val_eval
wandb: updating run metadata
wandb: uploading wandb-metadata.json; uploading requirements.txt; uploading output.log; uploading wandb-summary.json; uploading config.yaml
wandb: 
wandb: Run history:
wandb:          epoch ▁▁▁▂▂▂▃▃▃▃▄▄▄▄▄▄▄▄▅▅▅▅▅▅▆▆▆▆▆▇▇▇▇▇▇▇████
wandb: train_accuracy ▁▃▂▂▂▃▃▃▅▃▃▃▃▂▄▄▄▄▅▆▄▆▅▆▇▇▇▆▆▇██▇▇█▇▆▆▇▅
wandb:     train_loss █▆▆▆▆▅▅▅▅▅▄▅▄▄▅▄▄▃▃▃▃▃▃▃▃▂▂▃▂▂▂▂▂▃▂▂▂▁▁▁
wandb:   val_accuracy ▁▂▂▄▁▄▂▃▂▃▁▆▅▂▄▇▆▅▅▆▇▆▅▆▆▅▆▇▄▇▅▆▆▅▆▆▄▆██
wandb:       val_loss ▇▆▆▆▆▅▅▅▅▅█▄▅▄▄▄▃▃▃▅▂▂▂▂▂▂▅▂▂▂▂▂▃▃▄▂▁▂▁▁
wandb: 
wandb: Run summary:
wandb:           best_epoch 92
wandb:    best_val_accuracy 59.31373
wandb:        best_val_loss 0.67992
wandb: checkpoint_best_path artifacts/probes/int...
wandb: checkpoint_last_path artifacts/probes/int...
wandb:      checkpoint_path artifacts/probes/int...
wandb:              dataset intphys2
wandb:      elapsed_seconds 3.73826
wandb:                epoch 100
wandb:    feature_signature 78346a9facde6609
wandb:                  +22 ...
wandb: 
wandb: 🚀 View run intphys2_linear_jepa_v1_vith16_384_layer_last/trial_0008 at: https://wandb.ai/caselli-niccolo-developer-university-of-amsterdam/probe4physics/runs/ffa0y721
wandb: ⭐️ View project at: https://wandb.ai/caselli-niccolo-developer-university-of-amsterdam/probe4physics
wandb: Synced 5 W&B file(s), 0 media file(s), 0 artifact file(s) and 0 other file(s)
wandb: Find logs at: ./wandb/run-20260426_144538-ffa0y721/logs
[I 2026-04-26 14:45:43,070] Trial 8 finished with value: 43.13725490196079 and parameters: {'lr': 0.00043664735929796326, 'weight_decay': 1.2856617791467908e-07, 'batch_size': 32}. Best is trial 2 with value: 45.09803921568628.
wandb: setting up run mxf5v1ez
wandb: Tracking run with wandb version 0.26.1
wandb: Run data is saved locally in /gpfs/home3/scur0511/Probe4Physics/wandb/run-20260426_144543-mxf5v1ez
wandb: Run `wandb offline` to turn off syncing.
wandb: Syncing run intphys2_linear_jepa_v1_vith16_384_layer_last/trial_0009
wandb: ⭐️ View project at https://wandb.ai/caselli-niccolo-developer-university-of-amsterdam/probe4physics
wandb: 🚀 View run at https://wandb.ai/caselli-niccolo-developer-university-of-amsterdam/probe4physics/runs/mxf5v1ez
[eval.intphys2] Starting eval | split_name=val split_dir=data/splits/intphys2 predictor_mode=from_file metadata_file=data/annotations/intphys2_metadata.csv
[eval.intphys2] Loaded split assignments | split_scenes=51 split_samples=204
[eval.intphys2] Generated predictions | n_predictions=204
[eval.intphys2] Scoring complete | accuracy=61.7647 voe_accuracy=41.1765 n_scenes=51 n_samples=204
[eval.intphys2] Artifacts written | output_dir=artifacts/probes/intphys2/intphys2_probe_linear_jepa_v1_vith16_384_20260426T124453Z/layer_last/train/trial_0009/val_eval
wandb: updating run metadata
wandb: uploading wandb-metadata.json; uploading requirements.txt; uploading output.log; uploading wandb-summary.json; uploading config.yaml
wandb: 
wandb: Run history:
wandb:          epoch ▁▁▁▂▂▂▂▂▃▃▃▃▃▄▄▄▄▄▄▅▅▅▅▅▅▅▅▆▆▆▆▆▆▆▇▇▇▇██
wandb: train_accuracy ▂▁▂▂▃▃▃▃▄▅▄▄▄▄▄▆▄▆▄▆▇▅▆▆▆▆▇▇▅▇▆█▆▆▇▆▅▇█▆
wandb:     train_loss █▇▇▇▆▆▆▆▅▅▅▅▅▅▄▄▄▄▄▅▄▄▄▄▄▄▃▃▃▃▃▂▂▂▃▂▃▂▂▁
wandb:   val_accuracy ▃▂▁▁▂▃▂▅▂▃▄▅▄▃▄▃▄▆▂▄▅▅▆▅▆▅▃▇▅▆▅▆▅█▃▅▅▆▆▅
wandb:       val_loss █▆▅▅▅▅▅▅▄▄▅▄▅▄▄▄▄▃▅▄▃▂▃▂▂▂▂▂▂▂▂▂▁▂▂▁▂▁▁▃
wandb: 
wandb: Run summary:
wandb:           best_epoch 84
wandb:    best_val_accuracy 61.76471
wandb:        best_val_loss 0.68426
wandb: checkpoint_best_path artifacts/probes/int...
wandb: checkpoint_last_path artifacts/probes/int...
wandb:      checkpoint_path artifacts/probes/int...
wandb:              dataset intphys2
wandb:      elapsed_seconds 2.79088
wandb:                epoch 100
wandb:    feature_signature 78346a9facde6609
wandb:                  +22 ...
wandb: 
wandb: 🚀 View run intphys2_linear_jepa_v1_vith16_384_layer_last/trial_0009 at: https://wandb.ai/caselli-niccolo-developer-university-of-amsterdam/probe4physics/runs/mxf5v1ez
wandb: ⭐️ View project at: https://wandb.ai/caselli-niccolo-developer-university-of-amsterdam/probe4physics
wandb: Synced 5 W&B file(s), 0 media file(s), 0 artifact file(s) and 0 other file(s)
wandb: Find logs at: ./wandb/run-20260426_144543-mxf5v1ez/logs
[I 2026-04-26 14:45:46,867] Trial 9 finished with value: 41.17647058823529 and parameters: {'lr': 0.0006218704727769079, 'weight_decay': 0.0033981724150106006, 'batch_size': 256}. Best is trial 2 with value: 45.09803921568628.
wandb: setting up run agj6ffwk
wandb: Tracking run with wandb version 0.26.1
wandb: Run data is saved locally in /gpfs/home3/scur0511/Probe4Physics/wandb/run-20260426_144547-agj6ffwk
wandb: Run `wandb offline` to turn off syncing.
wandb: Syncing run intphys2_linear_jepa_v1_vith16_384_layer_last/trial_0010
wandb: ⭐️ View project at https://wandb.ai/caselli-niccolo-developer-university-of-amsterdam/probe4physics
wandb: 🚀 View run at https://wandb.ai/caselli-niccolo-developer-university-of-amsterdam/probe4physics/runs/agj6ffwk
[eval.intphys2] Starting eval | split_name=val split_dir=data/splits/intphys2 predictor_mode=from_file metadata_file=data/annotations/intphys2_metadata.csv
[eval.intphys2] Loaded split assignments | split_scenes=51 split_samples=204
[eval.intphys2] Generated predictions | n_predictions=204
[eval.intphys2] Scoring complete | accuracy=62.2549 voe_accuracy=43.1373 n_scenes=51 n_samples=204
[eval.intphys2] Artifacts written | output_dir=artifacts/probes/intphys2/intphys2_probe_linear_jepa_v1_vith16_384_20260426T124453Z/layer_last/train/trial_0010/val_eval
wandb: updating run metadata
wandb: uploading wandb-summary.json; uploading config.yaml; uploading wandb-metadata.json; uploading requirements.txt; uploading output.log
wandb: 
wandb: Run history:
wandb:          epoch ▁▁▁▁▂▂▂▂▂▂▂▂▃▃▃▃▃▄▄▄▄▄▅▅▅▅▅▅▆▆▆▆▇▇▇▇████
wandb: train_accuracy ▁▂▂▁▁▁▃▄▄▃▄▅▅▅▅▅▃▆▄▄▃▆▆▆▅▆▇▆▆▆▇▇▆▇▇▆▆▇█▅
wandb:     train_loss █▄▂▂▂▂▂▂▂▂▂▂▂▂▂▂▂▁▁▁▂▁▁▁▁▁▁▁▁▁▁▁▁▁▁▁▁▁▁▁
wandb:   val_accuracy ▁▁▁▁▃▄▃▅▁▅▃▃▅▇▅▅▅▃▅▅▄▄▇▅▇█▅▆▆▆▄▆▇▇▆▇▆▆█▅
wandb:       val_loss ▇▂█▃▂▂▁▁▁▁▁▁▁▁▁▁▁▁▁▁▁▁▁▁▁▁▁▁▁▁▁▂▁▁▁▁▁▁▂▂
wandb: 
wandb: Run summary:
wandb:           best_epoch 90
wandb:    best_val_accuracy 62.2549
wandb:        best_val_loss 0.70387
wandb: checkpoint_best_path artifacts/probes/int...
wandb: checkpoint_last_path artifacts/probes/int...
wandb:      checkpoint_path artifacts/probes/int...
wandb:              dataset intphys2
wandb:      elapsed_seconds 2.73073
wandb:                epoch 100
wandb:    feature_signature 78346a9facde6609
wandb:                  +22 ...
wandb: 
wandb: 🚀 View run intphys2_linear_jepa_v1_vith16_384_layer_last/trial_0010 at: https://wandb.ai/caselli-niccolo-developer-university-of-amsterdam/probe4physics/runs/agj6ffwk
wandb: ⭐️ View project at: https://wandb.ai/caselli-niccolo-developer-university-of-amsterdam/probe4physics
wandb: Synced 5 W&B file(s), 0 media file(s), 0 artifact file(s) and 0 other file(s)
wandb: Find logs at: ./wandb/run-20260426_144547-agj6ffwk/logs
[I 2026-04-26 14:45:50,640] Trial 10 finished with value: 43.13725490196079 and parameters: {'lr': 0.008589902259876388, 'weight_decay': 6.917735117804129e-06, 'batch_size': 256}. Best is trial 2 with value: 45.09803921568628.
wandb: setting up run g12mr3pf
wandb: Tracking run with wandb version 0.26.1
wandb: Run data is saved locally in /gpfs/home3/scur0511/Probe4Physics/wandb/run-20260426_144550-g12mr3pf
wandb: Run `wandb offline` to turn off syncing.
wandb: Syncing run intphys2_linear_jepa_v1_vith16_384_layer_last/trial_0011
wandb: ⭐️ View project at https://wandb.ai/caselli-niccolo-developer-university-of-amsterdam/probe4physics
wandb: 🚀 View run at https://wandb.ai/caselli-niccolo-developer-university-of-amsterdam/probe4physics/runs/g12mr3pf
[eval.intphys2] Starting eval | split_name=val split_dir=data/splits/intphys2 predictor_mode=from_file metadata_file=data/annotations/intphys2_metadata.csv
[eval.intphys2] Loaded split assignments | split_scenes=51 split_samples=204
[eval.intphys2] Generated predictions | n_predictions=204
[eval.intphys2] Scoring complete | accuracy=62.2549 voe_accuracy=45.0980 n_scenes=51 n_samples=204
[eval.intphys2] Artifacts written | output_dir=artifacts/probes/intphys2/intphys2_probe_linear_jepa_v1_vith16_384_20260426T124453Z/layer_last/train/trial_0011/val_eval
wandb: updating run metadata
wandb: uploading wandb-metadata.json; uploading requirements.txt; uploading output.log; uploading wandb-summary.json; uploading config.yaml
wandb: 
wandb: Run history:
wandb:          epoch ▁▁▁▂▂▂▂▂▂▂▃▃▃▃▃▄▄▄▄▄▄▄▄▅▅▆▆▆▆▆▇▇▇▇▇▇▇███
wandb: train_accuracy ▂▁▁▂▂▃▂▂▃▂▅▅▅▆▅▃▅▅▅▆▄▅▅▆▆▇▇▆▇▇▇▆▇▇█▇▇▆▅▇
wandb:     train_loss █▆▆▅▅▅▅▅▄▄▅▄▃▃▃▃▃▃▃▃▂▂▂▂▂▂▂▂▂▂▁▁▁▁▁▁▁▁▂▁
wandb:   val_accuracy ▁▁▂▁▃▂▄▂▂▅▅▅▄▄▅▄▅▅▆▅▆▄▄▆▆▄▅▇▆▅▅▄██▅▆▄▇▅▆
wandb:       val_loss █▃▃▂▂▂▂▂▂▂▂▂▁▁▂▁▁▁▂▁▁▁▁▁▂▁▁▁▁▂▁▁▂▁▁▂▃▁▁▁
wandb: 
wandb: Run summary:
wandb:           best_epoch 83
wandb:    best_val_accuracy 62.2549
wandb:        best_val_loss 0.67791
wandb: checkpoint_best_path artifacts/probes/int...
wandb: checkpoint_last_path artifacts/probes/int...
wandb:      checkpoint_path artifacts/probes/int...
wandb:              dataset intphys2
wandb:      elapsed_seconds 2.82151
wandb:                epoch 100
wandb:    feature_signature 78346a9facde6609
wandb:                  +22 ...
wandb: 
wandb: 🚀 View run intphys2_linear_jepa_v1_vith16_384_layer_last/trial_0011 at: https://wandb.ai/caselli-niccolo-developer-university-of-amsterdam/probe4physics/runs/g12mr3pf
wandb: ⭐️ View project at: https://wandb.ai/caselli-niccolo-developer-university-of-amsterdam/probe4physics
wandb: Synced 5 W&B file(s), 0 media file(s), 0 artifact file(s) and 0 other file(s)
wandb: Find logs at: ./wandb/run-20260426_144550-g12mr3pf/logs
[I 2026-04-26 14:45:54,562] Trial 11 finished with value: 45.09803921568628 and parameters: {'lr': 0.0024487287612782035, 'weight_decay': 1.269544724367316e-08, 'batch_size': 128}. Best is trial 2 with value: 45.09803921568628.
wandb: setting up run qcrg986c
wandb: Tracking run with wandb version 0.26.1
wandb: Run data is saved locally in /gpfs/home3/scur0511/Probe4Physics/wandb/run-20260426_144554-qcrg986c
wandb: Run `wandb offline` to turn off syncing.
wandb: Syncing run intphys2_linear_jepa_v1_vith16_384_layer_last/trial_0012
wandb: ⭐️ View project at https://wandb.ai/caselli-niccolo-developer-university-of-amsterdam/probe4physics
wandb: 🚀 View run at https://wandb.ai/caselli-niccolo-developer-university-of-amsterdam/probe4physics/runs/qcrg986c
[eval.intphys2] Starting eval | split_name=val split_dir=data/splits/intphys2 predictor_mode=from_file metadata_file=data/annotations/intphys2_metadata.csv
[eval.intphys2] Loaded split assignments | split_scenes=51 split_samples=204
[eval.intphys2] Generated predictions | n_predictions=204
[eval.intphys2] Scoring complete | accuracy=62.2549 voe_accuracy=45.0980 n_scenes=51 n_samples=204
[eval.intphys2] Artifacts written | output_dir=artifacts/probes/intphys2/intphys2_probe_linear_jepa_v1_vith16_384_20260426T124453Z/layer_last/train/trial_0012/val_eval
wandb: updating run metadata
wandb: uploading wandb-summary.json; uploading config.yaml; uploading wandb-metadata.json; uploading requirements.txt; uploading output.log
wandb: 
wandb: Run history:
wandb:          epoch ▁▁▁▁▂▂▂▂▂▂▃▃▃▃▃▃▄▄▄▄▄▄▅▅▅▆▆▆▆▆▇▇▇▇▇▇▇███
wandb: train_accuracy ▂▁▁▁▂▂▂▂▃▂▂▃▂▂▄▇▇▄▆▆▆▆▅▆▇▅▇▆▆▆▆▇█▇▆█▆▇▄▅
wandb:     train_loss ██▆▆▆▅▅▅▅▅▄▄▄▄▄▄▃▃▃▃▂▃▃▂▂▂▂▂▂▂▁▂▂▂▁▁▁▂▄▂
wandb:   val_accuracy ▁▁▂▁▆▂▃▄▁▂▃▆▄▄▆▃▅▅▄▅▄▅▅█▇▆▆▅▆▇▅▅▆▅▆█▅▂▂█
wandb:       val_loss █▄▃▂▂▁▂▂▂▂▂▁▂▁▂▁▁▂▁▁▁▁▁▁▁▂▁▁▁▁▁▁▁▂▁▂▁▁▂▁
wandb: 
wandb: Run summary:
wandb:           best_epoch 81
wandb:    best_val_accuracy 62.2549
wandb:        best_val_loss 0.68092
wandb: checkpoint_best_path artifacts/probes/int...
wandb: checkpoint_last_path artifacts/probes/int...
wandb:      checkpoint_path artifacts/probes/int...
wandb:              dataset intphys2
wandb:      elapsed_seconds 2.7916
wandb:                epoch 100
wandb:    feature_signature 78346a9facde6609
wandb:                  +22 ...
wandb: 
wandb: 🚀 View run intphys2_linear_jepa_v1_vith16_384_layer_last/trial_0012 at: https://wandb.ai/caselli-niccolo-developer-university-of-amsterdam/probe4physics/runs/qcrg986c
wandb: ⭐️ View project at: https://wandb.ai/caselli-niccolo-developer-university-of-amsterdam/probe4physics
wandb: Synced 5 W&B file(s), 0 media file(s), 0 artifact file(s) and 0 other file(s)
wandb: Find logs at: ./wandb/run-20260426_144554-qcrg986c/logs
[I 2026-04-26 14:45:58,430] Trial 12 finished with value: 45.09803921568628 and parameters: {'lr': 0.004214691459509996, 'weight_decay': 1.196959457147813e-08, 'batch_size': 128}. Best is trial 2 with value: 45.09803921568628.
wandb: setting up run ywe7t350
wandb: Tracking run with wandb version 0.26.1
wandb: Run data is saved locally in /gpfs/home3/scur0511/Probe4Physics/wandb/run-20260426_144558-ywe7t350
wandb: Run `wandb offline` to turn off syncing.
wandb: Syncing run intphys2_linear_jepa_v1_vith16_384_layer_last/trial_0013
wandb: ⭐️ View project at https://wandb.ai/caselli-niccolo-developer-university-of-amsterdam/probe4physics
wandb: 🚀 View run at https://wandb.ai/caselli-niccolo-developer-university-of-amsterdam/probe4physics/runs/ywe7t350
[eval.intphys2] Starting eval | split_name=val split_dir=data/splits/intphys2 predictor_mode=from_file metadata_file=data/annotations/intphys2_metadata.csv
[eval.intphys2] Loaded split assignments | split_scenes=51 split_samples=204
[eval.intphys2] Generated predictions | n_predictions=204
[eval.intphys2] Scoring complete | accuracy=60.7843 voe_accuracy=43.1373 n_scenes=51 n_samples=204
[eval.intphys2] Artifacts written | output_dir=artifacts/probes/intphys2/intphys2_probe_linear_jepa_v1_vith16_384_20260426T124453Z/layer_last/train/trial_0013/val_eval
wandb: updating run metadata
wandb: uploading requirements.txt; uploading output.log; uploading wandb-summary.json; uploading config.yaml; uploading wandb-metadata.json
wandb: uploading history steps 0-99, summary, console lines 0-4
wandb: 
wandb: Run history:
wandb:          epoch ▁▁▁▂▂▂▂▂▂▃▃▃▃▃▃▄▄▄▄▄▄▄▅▅▅▅▅▅▆▆▆▇▇▇▇▇▇▇██
wandb: train_accuracy ▁▃▂▃▂▄▃▄▄▄▃▅▄▄▅▄▆▅▅▅▇▆▆▆▆▆▇▆▆█▇▇▅▆▅▆▆▄▇█
wandb:     train_loss █▅▅▅▅▅▄▄▄▄▄▄▃▄▅▄▅▄▃▃▃▃▃▂▃▃▂▂▃▂▃▃▁▂▂▂▃▁▁▁
wandb:   val_accuracy ▂▁▂▁▃▃▂▆▄▄▁▄▅▇▇▃▆▇▆█▆▅▆▇▄▅▅▇█▆▇▆▅▅▇▆▆▃█▆
wandb:       val_loss ▃▂▃▃▂▂▂▂▆▄▁▇▄▄▂▁▁▂▂▁▁▁▁▂▂▁▁▃▂▁▂▁▁▁▂▂▁▂▄█
wandb: 
wandb: Run summary:
wandb:           best_epoch 91
wandb:    best_val_accuracy 60.78432
wandb:        best_val_loss 0.68892
wandb: checkpoint_best_path artifacts/probes/int...
wandb: checkpoint_last_path artifacts/probes/int...
wandb:      checkpoint_path artifacts/probes/int...
wandb:              dataset intphys2
wandb:      elapsed_seconds 3.18102
wandb:                epoch 100
wandb:    feature_signature 78346a9facde6609
wandb:                  +22 ...
wandb: 
wandb: 🚀 View run intphys2_linear_jepa_v1_vith16_384_layer_last/trial_0013 at: https://wandb.ai/caselli-niccolo-developer-university-of-amsterdam/probe4physics/runs/ywe7t350
wandb: ⭐️ View project at: https://wandb.ai/caselli-niccolo-developer-university-of-amsterdam/probe4physics
wandb: Synced 5 W&B file(s), 0 media file(s), 0 artifact file(s) and 0 other file(s)
wandb: Find logs at: ./wandb/run-20260426_144558-ywe7t350/logs
[I 2026-04-26 14:46:03,002] Trial 13 finished with value: 43.13725490196079 and parameters: {'lr': 0.0023891013957967207, 'weight_decay': 1.519471027302111e-06, 'batch_size': 64}. Best is trial 2 with value: 45.09803921568628.
wandb: setting up run 3dvx99ti
wandb: Tracking run with wandb version 0.26.1
wandb: Run data is saved locally in /gpfs/home3/scur0511/Probe4Physics/wandb/run-20260426_144603-3dvx99ti
wandb: Run `wandb offline` to turn off syncing.
wandb: Syncing run intphys2_linear_jepa_v1_vith16_384_layer_last/trial_0014
wandb: ⭐️ View project at https://wandb.ai/caselli-niccolo-developer-university-of-amsterdam/probe4physics
wandb: 🚀 View run at https://wandb.ai/caselli-niccolo-developer-university-of-amsterdam/probe4physics/runs/3dvx99ti
[eval.intphys2] Starting eval | split_name=val split_dir=data/splits/intphys2 predictor_mode=from_file metadata_file=data/annotations/intphys2_metadata.csv
[eval.intphys2] Loaded split assignments | split_scenes=51 split_samples=204
[eval.intphys2] Generated predictions | n_predictions=204
[eval.intphys2] Scoring complete | accuracy=61.2745 voe_accuracy=45.0980 n_scenes=51 n_samples=204
[eval.intphys2] Artifacts written | output_dir=artifacts/probes/intphys2/intphys2_probe_linear_jepa_v1_vith16_384_20260426T124453Z/layer_last/train/trial_0014/val_eval
wandb: updating run metadata
wandb: uploading wandb-summary.json; uploading config.yaml; uploading wandb-metadata.json; uploading requirements.txt; uploading output.log
wandb: 
wandb: Run history:
wandb:          epoch ▁▁▁▁▁▂▂▃▃▃▃▃▃▃▄▄▄▄▄▄▅▅▅▅▅▆▆▆▆▇▇▇▇▇▇▇▇███
wandb: train_accuracy ▁▃▁▃▃▄▄▄▃▅▄▇▆▅▅▄▇▇▇▇▆▇▆▇▇▇▇▇███▇▇██▆▇▅▆▆
wandb:     train_loss █▆▆▅▅▅▄▅▄▅▄▄▄▄▃▃▃▃▃▃▃▃▂▂▃▂▂▂▁▁▂▁▁▁▁▁▂▂▂▂
wandb:   val_accuracy ▁▂▂▂▄▃▅▅▄▂▅▃▅▅▇▅▆▅▅▅▅▇▅▆▆▄▇▇▇▇█▆▅▇▇▅▇█▅▆
wandb:       val_loss █▆▅▇▅▄▃▄▃▄▃▃▃▂▃▃▂▂▂▂▂▂▁▁▂▂▂▁▁▂▁▂▂▂▁▁▁▁▁▃
wandb: 
wandb: Run summary:
wandb:           best_epoch 89
wandb:    best_val_accuracy 61.27451
wandb:        best_val_loss 0.67645
wandb: checkpoint_best_path artifacts/probes/int...
wandb: checkpoint_last_path artifacts/probes/int...
wandb:      checkpoint_path artifacts/probes/int...
wandb:              dataset intphys2
wandb:      elapsed_seconds 2.92757
wandb:                epoch 100
wandb:    feature_signature 78346a9facde6609
wandb:                  +22 ...
wandb: 
wandb: 🚀 View run intphys2_linear_jepa_v1_vith16_384_layer_last/trial_0014 at: https://wandb.ai/caselli-niccolo-developer-university-of-amsterdam/probe4physics/runs/3dvx99ti
wandb: ⭐️ View project at: https://wandb.ai/caselli-niccolo-developer-university-of-amsterdam/probe4physics
wandb: Synced 5 W&B file(s), 0 media file(s), 0 artifact file(s) and 0 other file(s)
wandb: Find logs at: ./wandb/run-20260426_144603-3dvx99ti/logs
[I 2026-04-26 14:46:06,991] Trial 14 finished with value: 45.09803921568628 and parameters: {'lr': 0.0017155689066982573, 'weight_decay': 1.4876554375300389e-08, 'batch_size': 128}. Best is trial 2 with value: 45.09803921568628.
wandb: setting up run 7bs3myxb
wandb: Tracking run with wandb version 0.26.1
wandb: Run data is saved locally in /gpfs/home3/scur0511/Probe4Physics/wandb/run-20260426_144607-7bs3myxb
wandb: Run `wandb offline` to turn off syncing.
wandb: Syncing run intphys2_linear_jepa_v1_vith16_384_layer_last/trial_0015
wandb: ⭐️ View project at https://wandb.ai/caselli-niccolo-developer-university-of-amsterdam/probe4physics
wandb: 🚀 View run at https://wandb.ai/caselli-niccolo-developer-university-of-amsterdam/probe4physics/runs/7bs3myxb
[eval.intphys2] Starting eval | split_name=val split_dir=data/splits/intphys2 predictor_mode=from_file metadata_file=data/annotations/intphys2_metadata.csv
[eval.intphys2] Loaded split assignments | split_scenes=51 split_samples=204
[eval.intphys2] Generated predictions | n_predictions=204
[eval.intphys2] Scoring complete | accuracy=60.7843 voe_accuracy=43.1373 n_scenes=51 n_samples=204
[eval.intphys2] Artifacts written | output_dir=artifacts/probes/intphys2/intphys2_probe_linear_jepa_v1_vith16_384_20260426T124453Z/layer_last/train/trial_0015/val_eval
wandb: updating run metadata
wandb: uploading wandb-summary.json; uploading config.yaml; uploading wandb-metadata.json; uploading requirements.txt; uploading output.log
wandb: uploading config.yaml
wandb: 
wandb: Run history:
wandb:          epoch ▁▂▂▂▂▂▂▂▂▃▃▃▃▃▃▄▄▄▄▄▅▅▅▅▅▆▆▆▆▆▆▆▆▇▇▇████
wandb: train_accuracy ▁▁▁▂▂▃▄▃▃▄▄▃▄▂▅▄▅▆▅▅▅▅▇█▇▇█▇█▇▇▆█▇▆█▆█▇█
wandb:     train_loss █▇▆▆▅▅▅▅▅▅▄▅▄▄▄▃▄▃▄▄▃▃▃▃▃▃▂▃▂▂▂▂▂▁▁▁▂▁▂▂
wandb:   val_accuracy ▁▁▂▁▁▄▃▇▁▃▁▃▄▄▃▃▄▆▆▃▄▅▆▇▅█▅▅▅▆▃▇▅▇▆▅▄▆▆▅
wandb:       val_loss ██▇▆▇▆▆▅▆▆▇▅▄▆▄▄▅▄▄▆▃▃▄▃▂▂▂▂▂▂▃▂▂▂▂▁▂▃▂▂
wandb: 
wandb: Run summary:
wandb:           best_epoch 63
wandb:    best_val_accuracy 60.78432
wandb:        best_val_loss 0.68182
wandb: checkpoint_best_path artifacts/probes/int...
wandb: checkpoint_last_path artifacts/probes/int...
wandb:      checkpoint_path artifacts/probes/int...
wandb:              dataset intphys2
wandb:      elapsed_seconds 3.0049
wandb:                epoch 100
wandb:    feature_signature 78346a9facde6609
wandb:                  +22 ...
wandb: 
wandb: 🚀 View run intphys2_linear_jepa_v1_vith16_384_layer_last/trial_0015 at: https://wandb.ai/caselli-niccolo-developer-university-of-amsterdam/probe4physics/runs/7bs3myxb
wandb: ⭐️ View project at: https://wandb.ai/caselli-niccolo-developer-university-of-amsterdam/probe4physics
wandb: Synced 5 W&B file(s), 0 media file(s), 0 artifact file(s) and 0 other file(s)
wandb: Find logs at: ./wandb/run-20260426_144607-7bs3myxb/logs
[I 2026-04-26 14:46:11,434] Trial 15 finished with value: 43.13725490196079 and parameters: {'lr': 0.0014887382928985065, 'weight_decay': 8.351152113573875e-05, 'batch_size': 256}. Best is trial 2 with value: 45.09803921568628.
wandb: setting up run qshxg70w
wandb: Tracking run with wandb version 0.26.1
wandb: Run data is saved locally in /gpfs/home3/scur0511/Probe4Physics/wandb/run-20260426_144611-qshxg70w
wandb: Run `wandb offline` to turn off syncing.
wandb: Syncing run intphys2_linear_jepa_v1_vith16_384_layer_last/trial_0016
wandb: ⭐️ View project at https://wandb.ai/caselli-niccolo-developer-university-of-amsterdam/probe4physics
wandb: 🚀 View run at https://wandb.ai/caselli-niccolo-developer-university-of-amsterdam/probe4physics/runs/qshxg70w
[eval.intphys2] Starting eval | split_name=val split_dir=data/splits/intphys2 predictor_mode=from_file metadata_file=data/annotations/intphys2_metadata.csv
[eval.intphys2] Loaded split assignments | split_scenes=51 split_samples=204
[eval.intphys2] Generated predictions | n_predictions=204
[eval.intphys2] Scoring complete | accuracy=62.7451 voe_accuracy=47.0588 n_scenes=51 n_samples=204
[eval.intphys2] Artifacts written | output_dir=artifacts/probes/intphys2/intphys2_probe_linear_jepa_v1_vith16_384_20260426T124453Z/layer_last/train/trial_0016/val_eval
wandb: updating run metadata
wandb: uploading wandb-metadata.json; uploading requirements.txt; uploading output.log; uploading wandb-summary.json; uploading config.yaml
wandb: 
wandb: Run history:
wandb:          epoch ▁▁▁▁▂▂▂▂▂▂▃▃▃▃▃▄▄▄▄▄▅▅▅▅▆▆▆▆▆▇▇▇▇▇▇▇████
wandb: train_accuracy ▁▂▂▂▂▃▂▃▃▄▆▃▄▅▄▆▅▄▆▆▆▆▆▅▅▆▇▇▇▆▇▆▅▆▆▇█▇▇▅
wandb:     train_loss █▅▅▅▄▄▄▄▄▄▄▄▃▃▃▃▃▃▃▃▃▃▃▂▂▂▂▂▂▂▂▁▁▁▁▁▁▂▂▃
wandb:   val_accuracy ▁▁▂▂▃▃▃▄▄▂▄▄▆▄▄▄▅▄▄▄▄▆▆█▆▄▅▆▄▄▅▇▇▆▆▆▄▆▅▄
wandb:       val_loss ▂█▃▃▂▂▂▁▁▁▁▁▁▁▁▁▁▁▁▁▁▁▁▁▁▁▁▁▁▁▁▂▁▁▁▁▁▂▂▁
wandb: 
wandb: Run summary:
wandb:           best_epoch 69
wandb:    best_val_accuracy 62.7451
wandb:        best_val_loss 0.67921
wandb: checkpoint_best_path artifacts/probes/int...
wandb: checkpoint_last_path artifacts/probes/int...
wandb:      checkpoint_path artifacts/probes/int...
wandb:              dataset intphys2
wandb:      elapsed_seconds 2.90872
wandb:                epoch 100
wandb:    feature_signature 78346a9facde6609
wandb:                  +22 ...
wandb: 
wandb: 🚀 View run intphys2_linear_jepa_v1_vith16_384_layer_last/trial_0016 at: https://wandb.ai/caselli-niccolo-developer-university-of-amsterdam/probe4physics/runs/qshxg70w
wandb: ⭐️ View project at: https://wandb.ai/caselli-niccolo-developer-university-of-amsterdam/probe4physics
wandb: Synced 5 W&B file(s), 0 media file(s), 0 artifact file(s) and 0 other file(s)
wandb: Find logs at: ./wandb/run-20260426_144611-qshxg70w/logs
[I 2026-04-26 14:46:15,390] Trial 16 finished with value: 47.05882352941176 and parameters: {'lr': 0.006244377758049805, 'weight_decay': 3.136968476058394e-07, 'batch_size': 256}. Best is trial 16 with value: 47.05882352941176.
wandb: setting up run 7qcbktan
wandb: Tracking run with wandb version 0.26.1
wandb: Run data is saved locally in /gpfs/home3/scur0511/Probe4Physics/wandb/run-20260426_144615-7qcbktan
wandb: Run `wandb offline` to turn off syncing.
wandb: Syncing run intphys2_linear_jepa_v1_vith16_384_layer_last/trial_0017
wandb: ⭐️ View project at https://wandb.ai/caselli-niccolo-developer-university-of-amsterdam/probe4physics
wandb: 🚀 View run at https://wandb.ai/caselli-niccolo-developer-university-of-amsterdam/probe4physics/runs/7qcbktan
[eval.intphys2] Starting eval | split_name=val split_dir=data/splits/intphys2 predictor_mode=from_file metadata_file=data/annotations/intphys2_metadata.csv
[eval.intphys2] Loaded split assignments | split_scenes=51 split_samples=204
[eval.intphys2] Generated predictions | n_predictions=204
[eval.intphys2] Scoring complete | accuracy=63.7255 voe_accuracy=45.0980 n_scenes=51 n_samples=204
[eval.intphys2] Artifacts written | output_dir=artifacts/probes/intphys2/intphys2_probe_linear_jepa_v1_vith16_384_20260426T124453Z/layer_last/train/trial_0017/val_eval
wandb: updating run metadata
wandb: uploading requirements.txt; uploading output.log; uploading wandb-summary.json; uploading config.yaml; uploading wandb-metadata.json
wandb: 
wandb: Run history:
wandb:          epoch ▁▁▁▂▂▂▂▂▂▃▃▃▃▃▄▄▄▄▄▄▄▄▅▅▅▅▅▅▅▆▆▆▆▇▇▇▇▇▇█
wandb: train_accuracy ▁▁▂▁▁▂▂▂▂▃▃▅▄▅▅▆▅▅▅▆▆▃▅▅▆▄▅▅▅▆▆▇▇▇█▇▇▇▅▆
wandb:     train_loss █▄▄▄▂▂▂▂▂▂▂▂▂▂▁▂▂▂▁▁▂▁▁▁▁▁▁▁▁▁▁▁▁▁▁▁▁▁▁▁
wandb:   val_accuracy ▁▁▁▁▁▅▄▄▃▄▅▄▆▆▄▅▅▅▅▃▄▆▅▄▆▆▅▅▅▅█▄▇█▆▆▄▄▆▆
wandb:       val_loss ▇▂█▂▁▁▁▁▁▁▁▁▁▁▁▁▁▁▁▁▁▁▁▁▁▁▁▁▁▁▁▁▁▁▁▂▂▁▂▁
wandb: 
wandb: Run summary:
wandb:           best_epoch 76
wandb:    best_val_accuracy 63.72549
wandb:        best_val_loss 0.69156
wandb: checkpoint_best_path artifacts/probes/int...
wandb: checkpoint_last_path artifacts/probes/int...
wandb:      checkpoint_path artifacts/probes/int...
wandb:              dataset intphys2
wandb:      elapsed_seconds 2.80093
wandb:                epoch 100
wandb:    feature_signature 78346a9facde6609
wandb:                  +22 ...
wandb: 
wandb: 🚀 View run intphys2_linear_jepa_v1_vith16_384_layer_last/trial_0017 at: https://wandb.ai/caselli-niccolo-developer-university-of-amsterdam/probe4physics/runs/7qcbktan
wandb: ⭐️ View project at: https://wandb.ai/caselli-niccolo-developer-university-of-amsterdam/probe4physics
wandb: Synced 5 W&B file(s), 0 media file(s), 0 artifact file(s) and 0 other file(s)
wandb: Find logs at: ./wandb/run-20260426_144615-7qcbktan/logs
[I 2026-04-26 14:46:19,376] Trial 17 finished with value: 45.09803921568628 and parameters: {'lr': 0.00990779522464687, 'weight_decay': 1.3845827194989746e-06, 'batch_size': 256}. Best is trial 16 with value: 47.05882352941176.
wandb: setting up run brw6f6pc
wandb: Tracking run with wandb version 0.26.1
wandb: Run data is saved locally in /gpfs/home3/scur0511/Probe4Physics/wandb/run-20260426_144619-brw6f6pc
wandb: Run `wandb offline` to turn off syncing.
wandb: Syncing run intphys2_linear_jepa_v1_vith16_384_layer_last/trial_0018
wandb: ⭐️ View project at https://wandb.ai/caselli-niccolo-developer-university-of-amsterdam/probe4physics
wandb: 🚀 View run at https://wandb.ai/caselli-niccolo-developer-university-of-amsterdam/probe4physics/runs/brw6f6pc
[eval.intphys2] Starting eval | split_name=val split_dir=data/splits/intphys2 predictor_mode=from_file metadata_file=data/annotations/intphys2_metadata.csv
[eval.intphys2] Loaded split assignments | split_scenes=51 split_samples=204
[eval.intphys2] Generated predictions | n_predictions=204
[eval.intphys2] Scoring complete | accuracy=62.2549 voe_accuracy=45.0980 n_scenes=51 n_samples=204
[eval.intphys2] Artifacts written | output_dir=artifacts/probes/intphys2/intphys2_probe_linear_jepa_v1_vith16_384_20260426T124453Z/layer_last/train/trial_0018/val_eval
wandb: updating run metadata
wandb: uploading wandb-metadata.json; uploading requirements.txt; uploading output.log; uploading wandb-summary.json; uploading config.yaml
wandb: 
wandb: Run history:
wandb:          epoch ▁▁▁▁▁▂▂▂▂▂▃▃▃▃▃▃▃▄▄▄▄▄▄▅▅▅▅▆▆▆▇▇▇▇▇▇▇▇▇█
wandb: train_accuracy ▁▁▁▁▂▂▂▃▃▃▂▄▃▂▅▆▅▅▆▅▇▇▆▅▅▇▆▇▇▅▆▇▇█▇▇▄▄▆▆
wandb:     train_loss █▅▃▃▃▃▃▃▃▂▃▂▃▂▂▂▂▂▂▂▂▂▂▂▂▁▁▁▂▁▂▁▁▁▁▁▁▁▁▂
wandb:   val_accuracy ▁▁▁▂▁▄▃▃█▄▂▄▄▄▅▃▄▄▄▂▅▄▅▅▅▆▄▆▆▇▇▅▇█▅▅▅▇▅▆
wandb:       val_loss ▃█▂▄▁▂▂▁▁▁▂▂▁▁▁▂▁▁▁▁▁▁▂▁▁▁▁▁▁▂▂▁▂▁▁▂▂▂▁▁
wandb: 
wandb: Run summary:
wandb:           best_epoch 84
wandb:    best_val_accuracy 62.2549
wandb:        best_val_loss 0.6836
wandb: checkpoint_best_path artifacts/probes/int...
wandb: checkpoint_last_path artifacts/probes/int...
wandb:      checkpoint_path artifacts/probes/int...
wandb:              dataset intphys2
wandb:      elapsed_seconds 2.78836
wandb:                epoch 100
wandb:    feature_signature 78346a9facde6609
wandb:                  +22 ...
wandb: 
wandb: 🚀 View run intphys2_linear_jepa_v1_vith16_384_layer_last/trial_0018 at: https://wandb.ai/caselli-niccolo-developer-university-of-amsterdam/probe4physics/runs/brw6f6pc
wandb: ⭐️ View project at: https://wandb.ai/caselli-niccolo-developer-university-of-amsterdam/probe4physics
wandb: Synced 5 W&B file(s), 0 media file(s), 0 artifact file(s) and 0 other file(s)
wandb: Find logs at: ./wandb/run-20260426_144619-brw6f6pc/logs
[I 2026-04-26 14:46:23,197] Trial 18 finished with value: 45.09803921568628 and parameters: {'lr': 0.00514598632105793, 'weight_decay': 1.397666573960811e-05, 'batch_size': 256}. Best is trial 16 with value: 47.05882352941176.
wandb: setting up run r9af5e9a
wandb: Tracking run with wandb version 0.26.1
wandb: Run data is saved locally in /gpfs/home3/scur0511/Probe4Physics/wandb/run-20260426_144623-r9af5e9a
wandb: Run `wandb offline` to turn off syncing.
wandb: Syncing run intphys2_linear_jepa_v1_vith16_384_layer_last/trial_0019
wandb: ⭐️ View project at https://wandb.ai/caselli-niccolo-developer-university-of-amsterdam/probe4physics
wandb: 🚀 View run at https://wandb.ai/caselli-niccolo-developer-university-of-amsterdam/probe4physics/runs/r9af5e9a
[eval.intphys2] Starting eval | split_name=val split_dir=data/splits/intphys2 predictor_mode=from_file metadata_file=data/annotations/intphys2_metadata.csv
[eval.intphys2] Loaded split assignments | split_scenes=51 split_samples=204
[eval.intphys2] Generated predictions | n_predictions=204
[eval.intphys2] Scoring complete | accuracy=61.7647 voe_accuracy=41.1765 n_scenes=51 n_samples=204
[eval.intphys2] Artifacts written | output_dir=artifacts/probes/intphys2/intphys2_probe_linear_jepa_v1_vith16_384_20260426T124453Z/layer_last/train/trial_0019/val_eval
wandb: updating run metadata
wandb: uploading wandb-metadata.json; uploading requirements.txt; uploading output.log; uploading wandb-summary.json; uploading config.yaml
wandb: 
wandb: Run history:
wandb:          epoch ▁▁▁▁▁▂▂▂▂▂▂▂▃▃▃▃▃▄▄▄▄▄▅▅▅▅▅▆▆▆▆▆▇▇▇▇████
wandb: train_accuracy ▁▃▂▃▃▃▄▄▄▃▅▄▄▅▃▅▆▆▇▇▇▆█▇▇▇█▆▇█▇██▇▇█▇▇▇▆
wandb:     train_loss █▇▅▆▅▅▅▅▅▅▅▅▅▅▅▄▄▄▄▃▄▃▅▃▃▃▃▃▃▂▂▂▂▂▂▁▁▂▂▁
wandb:   val_accuracy ▂▂▃▁▃▁▆▄▁▅▆▅▄█▄▆▄▆▆▆▆▆▅▆▆█▆█▅▆▆▆▇█▇███▆█
wandb:       val_loss █▆▅▅▅▅▅▅▄▄▄▄▅▃▄▄▃▄▃▄▃▃▂▃▃▃▂▂▂▁▂▁▂▂▁▁▁▁▁▁
wandb: 
wandb: Run summary:
wandb:           best_epoch 84
wandb:    best_val_accuracy 61.76471
wandb:        best_val_loss 0.68273
wandb: checkpoint_best_path artifacts/probes/int...
wandb: checkpoint_last_path artifacts/probes/int...
wandb:      checkpoint_path artifacts/probes/int...
wandb:              dataset intphys2
wandb:      elapsed_seconds 2.81904
wandb:                epoch 100
wandb:    feature_signature 78346a9facde6609
wandb:                  +22 ...
wandb: 
wandb: 🚀 View run intphys2_linear_jepa_v1_vith16_384_layer_last/trial_0019 at: https://wandb.ai/caselli-niccolo-developer-university-of-amsterdam/probe4physics/runs/r9af5e9a
wandb: ⭐️ View project at: https://wandb.ai/caselli-niccolo-developer-university-of-amsterdam/probe4physics
wandb: Synced 5 W&B file(s), 0 media file(s), 0 artifact file(s) and 0 other file(s)
wandb: Find logs at: ./wandb/run-20260426_144623-r9af5e9a/logs
[I 2026-04-26 14:46:27,254] Trial 19 finished with value: 41.17647058823529 and parameters: {'lr': 0.0010509751486396301, 'weight_decay': 2.905693254447167e-07, 'batch_size': 256}. Best is trial 16 with value: 47.05882352941176.
[eval.intphys2] Starting eval | split_name=val split_dir=data/splits/intphys2 predictor_mode=from_file metadata_file=data/annotations/intphys2_metadata.csv
[eval.intphys2] Loaded split assignments | split_scenes=51 split_samples=204
[eval.intphys2] Generated predictions | n_predictions=204
[eval.intphys2] Scoring complete | accuracy=62.7451 voe_accuracy=47.0588 n_scenes=51 n_samples=204
[eval.intphys2] Artifacts written | output_dir=artifacts/probes/intphys2/intphys2_probe_linear_jepa_v1_vith16_384_20260426T124453Z/layer_last/eval
