===== TRAIN PROVENANCE =====
Sun Apr 26 15:10:55 UTC 2026
tcn443.local.snellius.surf.nl
a55c754108a8b6605ec426bb1c010371bd627d81
Python 3.11.15
/home/scur0511/.conda/envs/probe4physics-gpu/bin/python
REPO_ROOT=/gpfs/home3/scur0511/Probe4Physics
DATASET_NAME=intphys2
PROBE_NAME=linear
BACKBONE_NAME=jepa_v1
BACKBONE_VARIANT=vith16_384
PROBE_EPOCHS=<config default>
PROBE_DEVICE=cpu
PROBE_LAYER=last
PROBE_LAYERS=last
PROBE_FEATURE_VIEW=pooled
ENABLE_WANDB=true
WANDB_PROJECT=probe4physics
WANDB_MODE=online
WANDB_GROUP=intphys2_linear_jepa_v1_vith16_384
ENABLE_OPTUNA=true
OPTUNA_N_TRIALS=20
OPTUNA_N_JOBS=1
OPTUNA_TIMEOUT_SECONDS=0
ENABLE_OPTUNA_PRUNER=true
OPTUNA_PRUNER_STARTUP_TRIALS=3
OPTUNA_PRUNER_WARMUP_STEPS=100
OPTUNA_PRUNER_INTERVAL_STEPS=1
OPTUNA_STUDY_NAME=intphys2_linear_jepa_v1_vith16_384
OPTUNA_SEARCH_OVERRIDES=<none>
============================
JOB_START_UTC=2026-04-26T15:10:55Z
{
  "best_layer": null,
  "best_layer_label": null,
  "best_objective_metric": null,
  "dataset": "intphys2",
  "feature_view": "pooled",
  "layers": [
    {
      "checkpoint": "artifacts/probes/intphys2/intphys2_probe_linear_jepa_v1_vith16_384_20260426T151059Z/layer_last/train/trial_0002/probe_best.pt",
      "eval": {
        "base_eval": {
          "metrics": {
            "accuracy": 64.70588235294117,
            "accuracy_by_condition": {
              "continuity": 52.083333333333336,
              "immutability": 77.08333333333334,
              "permanence": 72.91666666666666,
              "solidity": 58.333333333333336
            },
            "n_samples": 204,
            "n_scenes": 51,
            "voe_accuracy": 45.09803921568628,
            "voe_by_condition": {
              "continuity": 33.33333333333333,
              "immutability": 75.0,
              "permanence": 66.66666666666666,
              "solidity": 13.333333333333334
            }
          },
          "output_dir": "artifacts/probes/intphys2/intphys2_probe_linear_jepa_v1_vith16_384_20260426T151059Z/layer_last/eval/test",
          "split_dir": "data/splits/intphys2"
        },
        "checkpoint": "artifacts/probes/intphys2/intphys2_probe_linear_jepa_v1_vith16_384_20260426T151059Z/layer_last/train/trial_0002/probe_best.pt",
        "dataset": "intphys2",
        "feature_signature": "78346a9facde6609",
        "metrics": {
          "accuracy": 64.70588235294117,
          "accuracy_by_condition": {
            "continuity": 52.083333333333336,
            "immutability": 77.08333333333334,
            "permanence": 72.91666666666666,
            "solidity": 58.333333333333336
          },
          "n_samples": 204,
          "n_scenes": 51,
          "voe_accuracy": 45.09803921568628,
          "voe_by_condition": {
            "continuity": 33.33333333333333,
            "immutability": 75.0,
            "permanence": 66.66666666666666,
            "solidity": 13.333333333333334
          }
        },
        "metrics_by_split": {
          "test": {
            "accuracy": 64.70588235294117,
            "accuracy_by_condition": {
              "continuity": 52.083333333333336,
              "immutability": 77.08333333333334,
              "permanence": 72.91666666666666,
              "solidity": 58.333333333333336
            },
            "n_samples": 204,
            "n_scenes": 51,
            "voe_accuracy": 45.09803921568628,
            "voe_by_condition": {
              "continuity": 33.33333333333333,
              "immutability": 75.0,
              "permanence": 66.66666666666666,
              "solidity": 13.333333333333334
            }
          },
          "train": {
            "accuracy": 74.17218543046357,
            "accuracy_by_condition": {
              "continuity": 80.55555555555556,
              "immutability": 82.63888888888889,
              "permanence": 74.30555555555556,
              "solidity": 61.627906976744185
            },
            "n_samples": 604,
            "n_scenes": 151,
            "voe_accuracy": 58.27814569536424,
            "voe_by_condition": {
              "continuity": 66.66666666666666,
              "immutability": 77.77777777777779,
              "permanence": 61.111111111111114,
              "solidity": 32.55813953488372
            }
          },
          "val": {
            "accuracy": 63.23529411764706,
            "accuracy_by_condition": {
              "continuity": 66.66666666666666,
              "immutability": 64.58333333333334,
              "permanence": 68.75,
              "solidity": 55.00000000000001
            },
            "n_samples": 204,
            "n_scenes": 51,
            "voe_accuracy": 45.09803921568628,
            "voe_by_condition": {
              "continuity": 58.333333333333336,
              "immutability": 50.0,
              "permanence": 66.66666666666666,
              "solidity": 13.333333333333334
            }
          }
        },
        "objective_metric": 45.09803921568628,
        "prediction_file": "artifacts/probes/intphys2/intphys2_probe_linear_jepa_v1_vith16_384_20260426T151059Z/layer_last/eval/test/probe_predictions.json",
        "prediction_files": {
          "test": "artifacts/probes/intphys2/intphys2_probe_linear_jepa_v1_vith16_384_20260426T151059Z/layer_last/eval/test/probe_predictions.json",
          "train": "artifacts/probes/intphys2/intphys2_probe_linear_jepa_v1_vith16_384_20260426T151059Z/layer_last/eval/train/probe_predictions.json",
          "val": "artifacts/probes/intphys2/intphys2_probe_linear_jepa_v1_vith16_384_20260426T151059Z/layer_last/eval/val/probe_predictions.json"
        },
        "probe_eval_dir": "artifacts/probes/intphys2/intphys2_probe_linear_jepa_v1_vith16_384_20260426T151059Z/layer_last/eval",
        "probe_name": "linear",
        "reported_splits": [
          "train",
          "val",
          "test"
        ],
        "split_eval_dirs": {
          "test": "artifacts/probes/intphys2/intphys2_probe_linear_jepa_v1_vith16_384_20260426T151059Z/layer_last/eval/test",
          "train": "artifacts/probes/intphys2/intphys2_probe_linear_jepa_v1_vith16_384_20260426T151059Z/layer_last/eval/train",
          "val": "artifacts/probes/intphys2/intphys2_probe_linear_jepa_v1_vith16_384_20260426T151059Z/layer_last/eval/val"
        },
        "split_evals": {
          "test": {
            "base_eval": {
              "metrics": {
                "accuracy": 64.70588235294117,
                "accuracy_by_condition": {
                  "continuity": 52.083333333333336,
                  "immutability": 77.08333333333334,
                  "permanence": 72.91666666666666,
                  "solidity": 58.333333333333336
                },
                "n_samples": 204,
                "n_scenes": 51,
                "voe_accuracy": 45.09803921568628,
                "voe_by_condition": {
                  "continuity": 33.33333333333333,
                  "immutability": 75.0,
                  "permanence": 66.66666666666666,
                  "solidity": 13.333333333333334
                }
              },
              "output_dir": "artifacts/probes/intphys2/intphys2_probe_linear_jepa_v1_vith16_384_20260426T151059Z/layer_last/eval/test",
              "split_dir": "data/splits/intphys2"
            },
            "checkpoint": "artifacts/probes/intphys2/intphys2_probe_linear_jepa_v1_vith16_384_20260426T151059Z/layer_last/train/trial_0002/probe_best.pt",
            "dataset": "intphys2",
            "feature_signature": "78346a9facde6609",
            "metrics": {
              "accuracy": 64.70588235294117,
              "accuracy_by_condition": {
                "continuity": 52.083333333333336,
                "immutability": 77.08333333333334,
                "permanence": 72.91666666666666,
                "solidity": 58.333333333333336
              },
              "n_samples": 204,
              "n_scenes": 51,
              "voe_accuracy": 45.09803921568628,
              "voe_by_condition": {
                "continuity": 33.33333333333333,
                "immutability": 75.0,
                "permanence": 66.66666666666666,
                "solidity": 13.333333333333334
              }
            },
            "objective_metric": 45.09803921568628,
            "prediction_file": "artifacts/probes/intphys2/intphys2_probe_linear_jepa_v1_vith16_384_20260426T151059Z/layer_last/eval/test/probe_predictions.json",
            "probe_eval_dir": "artifacts/probes/intphys2/intphys2_probe_linear_jepa_v1_vith16_384_20260426T151059Z/layer_last/eval/test",
            "probe_name": "linear",
            "split_name": "test"
          },
          "train": {
            "base_eval": {
              "metrics": {
                "accuracy": 74.17218543046357,
                "accuracy_by_condition": {
                  "continuity": 80.55555555555556,
                  "immutability": 82.63888888888889,
                  "permanence": 74.30555555555556,
                  "solidity": 61.627906976744185
                },
                "n_samples": 604,
                "n_scenes": 151,
                "voe_accuracy": 58.27814569536424,
                "voe_by_condition": {
                  "continuity": 66.66666666666666,
                  "immutability": 77.77777777777779,
                  "permanence": 61.111111111111114,
                  "solidity": 32.55813953488372
                }
              },
              "output_dir": "artifacts/probes/intphys2/intphys2_probe_linear_jepa_v1_vith16_384_20260426T151059Z/layer_last/eval/train",
              "split_dir": "data/splits/intphys2"
            },
            "checkpoint": "artifacts/probes/intphys2/intphys2_probe_linear_jepa_v1_vith16_384_20260426T151059Z/layer_last/train/trial_0002/probe_best.pt",
            "dataset": "intphys2",
            "feature_signature": "78346a9facde6609",
            "metrics": {
              "accuracy": 74.17218543046357,
              "accuracy_by_condition": {
                "continuity": 80.55555555555556,
                "immutability": 82.63888888888889,
                "permanence": 74.30555555555556,
                "solidity": 61.627906976744185
              },
              "n_samples": 604,
              "n_scenes": 151,
              "voe_accuracy": 58.27814569536424,
              "voe_by_condition": {
                "continuity": 66.66666666666666,
                "immutability": 77.77777777777779,
                "permanence": 61.111111111111114,
                "solidity": 32.55813953488372
              }
            },
            "objective_metric": 58.27814569536424,
            "prediction_file": "artifacts/probes/intphys2/intphys2_probe_linear_jepa_v1_vith16_384_20260426T151059Z/layer_last/eval/train/probe_predictions.json",
            "probe_eval_dir": "artifacts/probes/intphys2/intphys2_probe_linear_jepa_v1_vith16_384_20260426T151059Z/layer_last/eval/train",
            "probe_name": "linear",
            "split_name": "train"
          },
          "val": {
            "base_eval": {
              "metrics": {
                "accuracy": 63.23529411764706,
                "accuracy_by_condition": {
                  "continuity": 66.66666666666666,
                  "immutability": 64.58333333333334,
                  "permanence": 68.75,
                  "solidity": 55.00000000000001
                },
                "n_samples": 204,
                "n_scenes": 51,
                "voe_accuracy": 45.09803921568628,
                "voe_by_condition": {
                  "continuity": 58.333333333333336,
                  "immutability": 50.0,
                  "permanence": 66.66666666666666,
                  "solidity": 13.333333333333334
                }
              },
              "output_dir": "artifacts/probes/intphys2/intphys2_probe_linear_jepa_v1_vith16_384_20260426T151059Z/layer_last/eval/val",
              "split_dir": "data/splits/intphys2"
            },
            "checkpoint": "artifacts/probes/intphys2/intphys2_probe_linear_jepa_v1_vith16_384_20260426T151059Z/layer_last/train/trial_0002/probe_best.pt",
            "dataset": "intphys2",
            "feature_signature": "78346a9facde6609",
            "metrics": {
              "accuracy": 63.23529411764706,
              "accuracy_by_condition": {
                "continuity": 66.66666666666666,
                "immutability": 64.58333333333334,
                "permanence": 68.75,
                "solidity": 55.00000000000001
              },
              "n_samples": 204,
              "n_scenes": 51,
              "voe_accuracy": 45.09803921568628,
              "voe_by_condition": {
                "continuity": 58.333333333333336,
                "immutability": 50.0,
                "permanence": 66.66666666666666,
                "solidity": 13.333333333333334
              }
            },
            "objective_metric": 45.09803921568628,
            "prediction_file": "artifacts/probes/intphys2/intphys2_probe_linear_jepa_v1_vith16_384_20260426T151059Z/layer_last/eval/val/probe_predictions.json",
            "probe_eval_dir": "artifacts/probes/intphys2/intphys2_probe_linear_jepa_v1_vith16_384_20260426T151059Z/layer_last/eval/val",
            "probe_name": "linear",
            "split_name": "val"
          }
        },
        "split_name": "test"
      },
      "layer": "last",
      "layer_label": "last",
      "objective_metric": 45.09803921568628,
      "train": {
        "best_checkpoint": "artifacts/probes/intphys2/intphys2_probe_linear_jepa_v1_vith16_384_20260426T151059Z/layer_last/train/trial_0002/probe_best.pt",
        "best_eval_output_dir": "artifacts/probes/intphys2/intphys2_probe_linear_jepa_v1_vith16_384_20260426T151059Z/layer_last/train/trial_0002/val_eval",
        "best_output_dir": "artifacts/probes/intphys2/intphys2_probe_linear_jepa_v1_vith16_384_20260426T151059Z/layer_last/train/trial_0002",
        "best_params": {
          "batch_size": 128,
          "epochs": 1000,
          "lr": 0.00023345864076016249,
          "weight_decay": 0.0005141096648805752
        },
        "best_trial_number": 2,
        "best_value": 45.09803921568628,
        "checkpoint": "artifacts/probes/intphys2/intphys2_probe_linear_jepa_v1_vith16_384_20260426T151059Z/layer_last/train/trial_0002/probe_best.pt",
        "dataset": "intphys2",
        "direction": "maximize",
        "layer": "last",
        "n_trials": 20,
        "objective_metric": "voe_accuracy",
        "output_dir": "artifacts/probes/intphys2/intphys2_probe_linear_jepa_v1_vith16_384_20260426T151059Z/layer_last/train",
        "probe_name": "linear",
        "storage": "sqlite:////gpfs/home3/scur0511/Probe4Physics/artifacts/probes/intphys2/intphys2_probe_linear_jepa_v1_vith16_384_20260426T151059Z/layer_last/train/optuna_study.sqlite3",
        "study_name": "intphys2_linear_jepa_v1_vith16_384_layer_last",
        "trials": [
          {
            "checkpoint": "artifacts/probes/intphys2/intphys2_probe_linear_jepa_v1_vith16_384_20260426T151059Z/layer_last/train/trial_0000/probe_best.pt",
            "eval_output_dir": "artifacts/probes/intphys2/intphys2_probe_linear_jepa_v1_vith16_384_20260426T151059Z/layer_last/train/trial_0000/val_eval",
            "output_dir": "artifacts/probes/intphys2/intphys2_probe_linear_jepa_v1_vith16_384_20260426T151059Z/layer_last/train/trial_0000",
            "params": {
              "batch_size": 32,
              "epochs": 2000,
              "lr": 0.0001329291894316216,
              "weight_decay": 0.005061576888752304
            },
            "trial_number": 0,
            "value": 43.13725490196079
          },
          {
            "checkpoint": "artifacts/probes/intphys2/intphys2_probe_linear_jepa_v1_vith16_384_20260426T151059Z/layer_last/train/trial_0001/probe_best.pt",
            "eval_output_dir": "artifacts/probes/intphys2/intphys2_probe_linear_jepa_v1_vith16_384_20260426T151059Z/layer_last/train/trial_0001/val_eval",
            "output_dir": "artifacts/probes/intphys2/intphys2_probe_linear_jepa_v1_vith16_384_20260426T151059Z/layer_last/train/trial_0001",
            "params": {
              "batch_size": 256,
              "epochs": 100,
              "lr": 0.00314288089084011,
              "weight_decay": 1.879466824163843e-07
            },
            "trial_number": 1,
            "value": 41.17647058823529
          },
          {
            "checkpoint": "artifacts/probes/intphys2/intphys2_probe_linear_jepa_v1_vith16_384_20260426T151059Z/layer_last/train/trial_0002/probe_best.pt",
            "eval_output_dir": "artifacts/probes/intphys2/intphys2_probe_linear_jepa_v1_vith16_384_20260426T151059Z/layer_last/train/trial_0002/val_eval",
            "output_dir": "artifacts/probes/intphys2/intphys2_probe_linear_jepa_v1_vith16_384_20260426T151059Z/layer_last/train/trial_0002",
            "params": {
              "batch_size": 128,
              "epochs": 1000,
              "lr": 0.00023345864076016249,
              "weight_decay": 0.0005141096648805752
            },
            "trial_number": 2,
            "value": 45.09803921568628
          },
          {
            "checkpoint": "artifacts/probes/intphys2/intphys2_probe_linear_jepa_v1_vith16_384_20260426T151059Z/layer_last/train/trial_0003/probe_best.pt",
            "eval_output_dir": "artifacts/probes/intphys2/intphys2_probe_linear_jepa_v1_vith16_384_20260426T151059Z/layer_last/train/trial_0003/val_eval",
            "output_dir": "artifacts/probes/intphys2/intphys2_probe_linear_jepa_v1_vith16_384_20260426T151059Z/layer_last/train/trial_0003",
            "params": {
              "batch_size": 32,
              "epochs": 50,
              "lr": 8.200518402245828e-05,
              "weight_decay": 3.855073690026179e-08
            },
            "trial_number": 3,
            "value": 39.21568627450981
          },
          {
            "checkpoint": "artifacts/probes/intphys2/intphys2_probe_linear_jepa_v1_vith16_384_20260426T151059Z/layer_last/train/trial_0004/probe_best.pt",
            "eval_output_dir": "artifacts/probes/intphys2/intphys2_probe_linear_jepa_v1_vith16_384_20260426T151059Z/layer_last/train/trial_0004/val_eval",
            "output_dir": "artifacts/probes/intphys2/intphys2_probe_linear_jepa_v1_vith16_384_20260426T151059Z/layer_last/train/trial_0004",
            "params": {
              "batch_size": 32,
              "epochs": 50,
              "lr": 0.00043664735929796326,
              "weight_decay": 1.2856617791467908e-07
            },
            "trial_number": 4,
            "value": 37.254901960784316
          },
          {
            "checkpoint": "artifacts/probes/intphys2/intphys2_probe_linear_jepa_v1_vith16_384_20260426T151059Z/layer_last/train/trial_0008/probe_best.pt",
            "eval_output_dir": "artifacts/probes/intphys2/intphys2_probe_linear_jepa_v1_vith16_384_20260426T151059Z/layer_last/train/trial_0008/val_eval",
            "output_dir": "artifacts/probes/intphys2/intphys2_probe_linear_jepa_v1_vith16_384_20260426T151059Z/layer_last/train/trial_0008",
            "params": {
              "batch_size": 256,
              "epochs": 100,
              "lr": 0.0003699972431463808,
              "weight_decay": 3.6749049453053196e-06
            },
            "trial_number": 8,
            "value": 37.254901960784316
          },
          {
            "checkpoint": "artifacts/probes/intphys2/intphys2_probe_linear_jepa_v1_vith16_384_20260426T151059Z/layer_last/train/trial_0010/probe_best.pt",
            "eval_output_dir": "artifacts/probes/intphys2/intphys2_probe_linear_jepa_v1_vith16_384_20260426T151059Z/layer_last/train/trial_0010/val_eval",
            "output_dir": "artifacts/probes/intphys2/intphys2_probe_linear_jepa_v1_vith16_384_20260426T151059Z/layer_last/train/trial_0010",
            "params": {
              "batch_size": 64,
              "epochs": 20,
              "lr": 0.002146403547714585,
              "weight_decay": 0.00011188771567666644
            },
            "trial_number": 10,
            "value": 39.21568627450981
          },
          {
            "checkpoint": "artifacts/probes/intphys2/intphys2_probe_linear_jepa_v1_vith16_384_20260426T151059Z/layer_last/train/trial_0011/probe_best.pt",
            "eval_output_dir": "artifacts/probes/intphys2/intphys2_probe_linear_jepa_v1_vith16_384_20260426T151059Z/layer_last/train/trial_0011/val_eval",
            "output_dir": "artifacts/probes/intphys2/intphys2_probe_linear_jepa_v1_vith16_384_20260426T151059Z/layer_last/train/trial_0011",
            "params": {
              "batch_size": 64,
              "epochs": 2000,
              "lr": 0.0009028168422346196,
              "weight_decay": 0.002792471643386217
            },
            "trial_number": 11,
            "value": 45.09803921568628
          },
          {
            "checkpoint": "artifacts/probes/intphys2/intphys2_probe_linear_jepa_v1_vith16_384_20260426T151059Z/layer_last/train/trial_0013/probe_best.pt",
            "eval_output_dir": "artifacts/probes/intphys2/intphys2_probe_linear_jepa_v1_vith16_384_20260426T151059Z/layer_last/train/trial_0013/val_eval",
            "output_dir": "artifacts/probes/intphys2/intphys2_probe_linear_jepa_v1_vith16_384_20260426T151059Z/layer_last/train/trial_0013",
            "params": {
              "batch_size": 64,
              "epochs": 2000,
              "lr": 0.0009651607211596985,
              "weight_decay": 0.00873967829523843
            },
            "trial_number": 13,
            "value": 45.09803921568628
          },
          {
            "checkpoint": "artifacts/probes/intphys2/intphys2_probe_linear_jepa_v1_vith16_384_20260426T151059Z/layer_last/train/trial_0014/probe_best.pt",
            "eval_output_dir": "artifacts/probes/intphys2/intphys2_probe_linear_jepa_v1_vith16_384_20260426T151059Z/layer_last/train/trial_0014/val_eval",
            "output_dir": "artifacts/probes/intphys2/intphys2_probe_linear_jepa_v1_vith16_384_20260426T151059Z/layer_last/train/trial_0014",
            "params": {
              "batch_size": 64,
              "epochs": 1000,
              "lr": 0.008616062314829318,
              "weight_decay": 0.0005743193782031245
            },
            "trial_number": 14,
            "value": 45.09803921568628
          },
          {
            "checkpoint": "artifacts/probes/intphys2/intphys2_probe_linear_jepa_v1_vith16_384_20260426T151059Z/layer_last/train/trial_0015/probe_best.pt",
            "eval_output_dir": "artifacts/probes/intphys2/intphys2_probe_linear_jepa_v1_vith16_384_20260426T151059Z/layer_last/train/trial_0015/val_eval",
            "output_dir": "artifacts/probes/intphys2/intphys2_probe_linear_jepa_v1_vith16_384_20260426T151059Z/layer_last/train/trial_0015",
            "params": {
              "batch_size": 128,
              "epochs": 20,
              "lr": 1.9592076566280752e-05,
              "weight_decay": 2.0687694804023012e-05
            },
            "trial_number": 15,
            "value": 11.76470588235294
          },
          {
            "checkpoint": "artifacts/probes/intphys2/intphys2_probe_linear_jepa_v1_vith16_384_20260426T151059Z/layer_last/train/trial_0016/probe_best.pt",
            "eval_output_dir": "artifacts/probes/intphys2/intphys2_probe_linear_jepa_v1_vith16_384_20260426T151059Z/layer_last/train/trial_0016/val_eval",
            "output_dir": "artifacts/probes/intphys2/intphys2_probe_linear_jepa_v1_vith16_384_20260426T151059Z/layer_last/train/trial_0016",
            "params": {
              "batch_size": 64,
              "epochs": 500,
              "lr": 0.001623403835013245,
              "weight_decay": 0.0013875294328406648
            },
            "trial_number": 16,
            "value": 45.09803921568628
          },
          {
            "checkpoint": "artifacts/probes/intphys2/intphys2_probe_linear_jepa_v1_vith16_384_20260426T151059Z/layer_last/train/trial_0018/probe_best.pt",
            "eval_output_dir": "artifacts/probes/intphys2/intphys2_probe_linear_jepa_v1_vith16_384_20260426T151059Z/layer_last/train/trial_0018/val_eval",
            "output_dir": "artifacts/probes/intphys2/intphys2_probe_linear_jepa_v1_vith16_384_20260426T151059Z/layer_last/train/trial_0018",
            "params": {
              "batch_size": 256,
              "epochs": 1000,
              "lr": 0.0036954703899431227,
              "weight_decay": 0.002164878155683282
            },
            "trial_number": 18,
            "value": 45.09803921568628
          }
        ]
      }
    }
  ],
  "model_selection_split": "val",
  "probe_name": "linear",
  "reported_splits": [
    "train",
    "val",
    "test"
  ],
  "requested_layers": [
    "last"
  ],
  "split_name": "test",
  "sweep_dir": "artifacts/probes/intphys2/intphys2_probe_linear_jepa_v1_vith16_384_20260426T151059Z",
  "train_split": "train"
}
JOB_END_UTC=2026-04-26T15:19:31Z
JOB_ELAPSED_SECONDS=516
