===== TRAIN PROVENANCE =====
Sun Apr 26 15:21:16 UTC 2026
tcn231.local.snellius.surf.nl
a55c754108a8b6605ec426bb1c010371bd627d81
Python 3.11.15
/home/scur0511/.conda/envs/probe4physics-gpu/bin/python
REPO_ROOT=/gpfs/home3/scur0511/Probe4Physics
DATASET_NAME=intphys2
PROBE_NAME=linear
BACKBONE_NAME=videomae
BACKBONE_VARIANT=vit_huge_16_224
PROBE_EPOCHS=<config default>
PROBE_DEVICE=cpu
PROBE_LAYER=last
PROBE_LAYERS=8,16,24,32
PROBE_FEATURE_VIEW=pooled
ENABLE_WANDB=true
WANDB_PROJECT=probe4physics
WANDB_MODE=online
WANDB_GROUP=intphys2_linear_videomae_vit_huge_16_224
ENABLE_OPTUNA=true
OPTUNA_N_TRIALS=20
OPTUNA_N_JOBS=1
OPTUNA_TIMEOUT_SECONDS=0
ENABLE_OPTUNA_PRUNER=true
OPTUNA_PRUNER_STARTUP_TRIALS=3
OPTUNA_PRUNER_WARMUP_STEPS=100
OPTUNA_PRUNER_INTERVAL_STEPS=1
OPTUNA_STUDY_NAME=intphys2_linear_videomae_vit_huge_16_224
OPTUNA_SEARCH_OVERRIDES=<none>
============================
JOB_START_UTC=2026-04-26T15:21:16Z
{
  "best_layer": null,
  "best_layer_label": null,
  "best_objective_metric": null,
  "dataset": "intphys2",
  "feature_view": "pooled",
  "layers": [
    {
      "checkpoint": "artifacts/probes/intphys2/intphys2_probe_linear_videomae_vit_huge_16_224_20260426T152120Z/layer_8/train/trial_0004/probe_best.pt",
      "eval": {
        "base_eval": {
          "metrics": {
            "accuracy": 50.0,
            "accuracy_by_condition": {
              "continuity": 50.0,
              "immutability": 52.083333333333336,
              "permanence": 50.0,
              "solidity": 48.333333333333336
            },
            "n_samples": 204,
            "n_scenes": 51,
            "voe_accuracy": 13.725490196078432,
            "voe_by_condition": {
              "continuity": 8.333333333333332,
              "immutability": 0.0,
              "permanence": 33.33333333333333,
              "solidity": 13.333333333333334
            }
          },
          "output_dir": "artifacts/probes/intphys2/intphys2_probe_linear_videomae_vit_huge_16_224_20260426T152120Z/layer_8/eval/test",
          "split_dir": "data/splits/intphys2"
        },
        "checkpoint": "artifacts/probes/intphys2/intphys2_probe_linear_videomae_vit_huge_16_224_20260426T152120Z/layer_8/train/trial_0004/probe_best.pt",
        "dataset": "intphys2",
        "feature_signature": "1e642fe5ac5d5e7f",
        "metrics": {
          "accuracy": 50.0,
          "accuracy_by_condition": {
            "continuity": 50.0,
            "immutability": 52.083333333333336,
            "permanence": 50.0,
            "solidity": 48.333333333333336
          },
          "n_samples": 204,
          "n_scenes": 51,
          "voe_accuracy": 13.725490196078432,
          "voe_by_condition": {
            "continuity": 8.333333333333332,
            "immutability": 0.0,
            "permanence": 33.33333333333333,
            "solidity": 13.333333333333334
          }
        },
        "metrics_by_split": {
          "test": {
            "accuracy": 50.0,
            "accuracy_by_condition": {
              "continuity": 50.0,
              "immutability": 52.083333333333336,
              "permanence": 50.0,
              "solidity": 48.333333333333336
            },
            "n_samples": 204,
            "n_scenes": 51,
            "voe_accuracy": 13.725490196078432,
            "voe_by_condition": {
              "continuity": 8.333333333333332,
              "immutability": 0.0,
              "permanence": 33.33333333333333,
              "solidity": 13.333333333333334
            }
          },
          "train": {
            "accuracy": 48.01324503311258,
            "accuracy_by_condition": {
              "continuity": 49.30555555555556,
              "immutability": 45.83333333333333,
              "permanence": 50.0,
              "solidity": 47.093023255813954
            },
            "n_samples": 604,
            "n_scenes": 151,
            "voe_accuracy": 15.894039735099339,
            "voe_by_condition": {
              "continuity": 16.666666666666664,
              "immutability": 5.555555555555555,
              "permanence": 19.444444444444446,
              "solidity": 20.930232558139537
            }
          },
          "val": {
            "accuracy": 52.450980392156865,
            "accuracy_by_condition": {
              "continuity": 52.083333333333336,
              "immutability": 52.083333333333336,
              "permanence": 47.91666666666667,
              "solidity": 56.666666666666664
            },
            "n_samples": 204,
            "n_scenes": 51,
            "voe_accuracy": 19.607843137254903,
            "voe_by_condition": {
              "continuity": 8.333333333333332,
              "immutability": 33.33333333333333,
              "permanence": 41.66666666666667,
              "solidity": 0.0
            }
          }
        },
        "objective_metric": 13.725490196078432,
        "prediction_file": "artifacts/probes/intphys2/intphys2_probe_linear_videomae_vit_huge_16_224_20260426T152120Z/layer_8/eval/test/probe_predictions.json",
        "prediction_files": {
          "test": "artifacts/probes/intphys2/intphys2_probe_linear_videomae_vit_huge_16_224_20260426T152120Z/layer_8/eval/test/probe_predictions.json",
          "train": "artifacts/probes/intphys2/intphys2_probe_linear_videomae_vit_huge_16_224_20260426T152120Z/layer_8/eval/train/probe_predictions.json",
          "val": "artifacts/probes/intphys2/intphys2_probe_linear_videomae_vit_huge_16_224_20260426T152120Z/layer_8/eval/val/probe_predictions.json"
        },
        "probe_eval_dir": "artifacts/probes/intphys2/intphys2_probe_linear_videomae_vit_huge_16_224_20260426T152120Z/layer_8/eval",
        "probe_name": "linear",
        "reported_splits": [
          "train",
          "val",
          "test"
        ],
        "split_eval_dirs": {
          "test": "artifacts/probes/intphys2/intphys2_probe_linear_videomae_vit_huge_16_224_20260426T152120Z/layer_8/eval/test",
          "train": "artifacts/probes/intphys2/intphys2_probe_linear_videomae_vit_huge_16_224_20260426T152120Z/layer_8/eval/train",
          "val": "artifacts/probes/intphys2/intphys2_probe_linear_videomae_vit_huge_16_224_20260426T152120Z/layer_8/eval/val"
        },
        "split_evals": {
          "test": {
            "base_eval": {
              "metrics": {
                "accuracy": 50.0,
                "accuracy_by_condition": {
                  "continuity": 50.0,
                  "immutability": 52.083333333333336,
                  "permanence": 50.0,
                  "solidity": 48.333333333333336
                },
                "n_samples": 204,
                "n_scenes": 51,
                "voe_accuracy": 13.725490196078432,
                "voe_by_condition": {
                  "continuity": 8.333333333333332,
                  "immutability": 0.0,
                  "permanence": 33.33333333333333,
                  "solidity": 13.333333333333334
                }
              },
              "output_dir": "artifacts/probes/intphys2/intphys2_probe_linear_videomae_vit_huge_16_224_20260426T152120Z/layer_8/eval/test",
              "split_dir": "data/splits/intphys2"
            },
            "checkpoint": "artifacts/probes/intphys2/intphys2_probe_linear_videomae_vit_huge_16_224_20260426T152120Z/layer_8/train/trial_0004/probe_best.pt",
            "dataset": "intphys2",
            "feature_signature": "1e642fe5ac5d5e7f",
            "metrics": {
              "accuracy": 50.0,
              "accuracy_by_condition": {
                "continuity": 50.0,
                "immutability": 52.083333333333336,
                "permanence": 50.0,
                "solidity": 48.333333333333336
              },
              "n_samples": 204,
              "n_scenes": 51,
              "voe_accuracy": 13.725490196078432,
              "voe_by_condition": {
                "continuity": 8.333333333333332,
                "immutability": 0.0,
                "permanence": 33.33333333333333,
                "solidity": 13.333333333333334
              }
            },
            "objective_metric": 13.725490196078432,
            "prediction_file": "artifacts/probes/intphys2/intphys2_probe_linear_videomae_vit_huge_16_224_20260426T152120Z/layer_8/eval/test/probe_predictions.json",
            "probe_eval_dir": "artifacts/probes/intphys2/intphys2_probe_linear_videomae_vit_huge_16_224_20260426T152120Z/layer_8/eval/test",
            "probe_name": "linear",
            "split_name": "test"
          },
          "train": {
            "base_eval": {
              "metrics": {
                "accuracy": 48.01324503311258,
                "accuracy_by_condition": {
                  "continuity": 49.30555555555556,
                  "immutability": 45.83333333333333,
                  "permanence": 50.0,
                  "solidity": 47.093023255813954
                },
                "n_samples": 604,
                "n_scenes": 151,
                "voe_accuracy": 15.894039735099339,
                "voe_by_condition": {
                  "continuity": 16.666666666666664,
                  "immutability": 5.555555555555555,
                  "permanence": 19.444444444444446,
                  "solidity": 20.930232558139537
                }
              },
              "output_dir": "artifacts/probes/intphys2/intphys2_probe_linear_videomae_vit_huge_16_224_20260426T152120Z/layer_8/eval/train",
              "split_dir": "data/splits/intphys2"
            },
            "checkpoint": "artifacts/probes/intphys2/intphys2_probe_linear_videomae_vit_huge_16_224_20260426T152120Z/layer_8/train/trial_0004/probe_best.pt",
            "dataset": "intphys2",
            "feature_signature": "1e642fe5ac5d5e7f",
            "metrics": {
              "accuracy": 48.01324503311258,
              "accuracy_by_condition": {
                "continuity": 49.30555555555556,
                "immutability": 45.83333333333333,
                "permanence": 50.0,
                "solidity": 47.093023255813954
              },
              "n_samples": 604,
              "n_scenes": 151,
              "voe_accuracy": 15.894039735099339,
              "voe_by_condition": {
                "continuity": 16.666666666666664,
                "immutability": 5.555555555555555,
                "permanence": 19.444444444444446,
                "solidity": 20.930232558139537
              }
            },
            "objective_metric": 15.894039735099339,
            "prediction_file": "artifacts/probes/intphys2/intphys2_probe_linear_videomae_vit_huge_16_224_20260426T152120Z/layer_8/eval/train/probe_predictions.json",
            "probe_eval_dir": "artifacts/probes/intphys2/intphys2_probe_linear_videomae_vit_huge_16_224_20260426T152120Z/layer_8/eval/train",
            "probe_name": "linear",
            "split_name": "train"
          },
          "val": {
            "base_eval": {
              "metrics": {
                "accuracy": 52.450980392156865,
                "accuracy_by_condition": {
                  "continuity": 52.083333333333336,
                  "immutability": 52.083333333333336,
                  "permanence": 47.91666666666667,
                  "solidity": 56.666666666666664
                },
                "n_samples": 204,
                "n_scenes": 51,
                "voe_accuracy": 19.607843137254903,
                "voe_by_condition": {
                  "continuity": 8.333333333333332,
                  "immutability": 33.33333333333333,
                  "permanence": 41.66666666666667,
                  "solidity": 0.0
                }
              },
              "output_dir": "artifacts/probes/intphys2/intphys2_probe_linear_videomae_vit_huge_16_224_20260426T152120Z/layer_8/eval/val",
              "split_dir": "data/splits/intphys2"
            },
            "checkpoint": "artifacts/probes/intphys2/intphys2_probe_linear_videomae_vit_huge_16_224_20260426T152120Z/layer_8/train/trial_0004/probe_best.pt",
            "dataset": "intphys2",
            "feature_signature": "1e642fe5ac5d5e7f",
            "metrics": {
              "accuracy": 52.450980392156865,
              "accuracy_by_condition": {
                "continuity": 52.083333333333336,
                "immutability": 52.083333333333336,
                "permanence": 47.91666666666667,
                "solidity": 56.666666666666664
              },
              "n_samples": 204,
              "n_scenes": 51,
              "voe_accuracy": 19.607843137254903,
              "voe_by_condition": {
                "continuity": 8.333333333333332,
                "immutability": 33.33333333333333,
                "permanence": 41.66666666666667,
                "solidity": 0.0
              }
            },
            "objective_metric": 19.607843137254903,
            "prediction_file": "artifacts/probes/intphys2/intphys2_probe_linear_videomae_vit_huge_16_224_20260426T152120Z/layer_8/eval/val/probe_predictions.json",
            "probe_eval_dir": "artifacts/probes/intphys2/intphys2_probe_linear_videomae_vit_huge_16_224_20260426T152120Z/layer_8/eval/val",
            "probe_name": "linear",
            "split_name": "val"
          }
        },
        "split_name": "test"
      },
      "layer": 8,
      "layer_label": "8",
      "objective_metric": 13.725490196078432,
      "train": {
        "best_checkpoint": "artifacts/probes/intphys2/intphys2_probe_linear_videomae_vit_huge_16_224_20260426T152120Z/layer_8/train/trial_0004/probe_best.pt",
        "best_eval_output_dir": "artifacts/probes/intphys2/intphys2_probe_linear_videomae_vit_huge_16_224_20260426T152120Z/layer_8/train/trial_0004/val_eval",
        "best_output_dir": "artifacts/probes/intphys2/intphys2_probe_linear_videomae_vit_huge_16_224_20260426T152120Z/layer_8/train/trial_0004",
        "best_params": {
          "batch_size": 32,
          "epochs": 50,
          "lr": 0.00043664735929796326,
          "weight_decay": 1.2856617791467908e-07
        },
        "best_trial_number": 4,
        "best_value": 19.607843137254903,
        "checkpoint": "artifacts/probes/intphys2/intphys2_probe_linear_videomae_vit_huge_16_224_20260426T152120Z/layer_8/train/trial_0004/probe_best.pt",
        "dataset": "intphys2",
        "direction": "maximize",
        "layer": 8,
        "n_trials": 20,
        "objective_metric": "voe_accuracy",
        "output_dir": "artifacts/probes/intphys2/intphys2_probe_linear_videomae_vit_huge_16_224_20260426T152120Z/layer_8/train",
        "probe_name": "linear",
        "storage": "sqlite:////gpfs/home3/scur0511/Probe4Physics/artifacts/probes/intphys2/intphys2_probe_linear_videomae_vit_huge_16_224_20260426T152120Z/layer_8/train/optuna_study.sqlite3",
        "study_name": "intphys2_linear_videomae_vit_huge_16_224_layer_8",
        "trials": [
          {
            "checkpoint": "artifacts/probes/intphys2/intphys2_probe_linear_videomae_vit_huge_16_224_20260426T152120Z/layer_8/train/trial_0000/probe_best.pt",
            "eval_output_dir": "artifacts/probes/intphys2/intphys2_probe_linear_videomae_vit_huge_16_224_20260426T152120Z/layer_8/train/trial_0000/val_eval",
            "output_dir": "artifacts/probes/intphys2/intphys2_probe_linear_videomae_vit_huge_16_224_20260426T152120Z/layer_8/train/trial_0000",
            "params": {
              "batch_size": 32,
              "epochs": 2000,
              "lr": 0.0001329291894316216,
              "weight_decay": 0.005061576888752304
            },
            "trial_number": 0,
            "value": 13.725490196078432
          },
          {
            "checkpoint": "artifacts/probes/intphys2/intphys2_probe_linear_videomae_vit_huge_16_224_20260426T152120Z/layer_8/train/trial_0001/probe_best.pt",
            "eval_output_dir": "artifacts/probes/intphys2/intphys2_probe_linear_videomae_vit_huge_16_224_20260426T152120Z/layer_8/train/trial_0001/val_eval",
            "output_dir": "artifacts/probes/intphys2/intphys2_probe_linear_videomae_vit_huge_16_224_20260426T152120Z/layer_8/train/trial_0001",
            "params": {
              "batch_size": 256,
              "epochs": 100,
              "lr": 0.00314288089084011,
              "weight_decay": 1.879466824163843e-07
            },
            "trial_number": 1,
            "value": 5.88235294117647
          },
          {
            "checkpoint": "artifacts/probes/intphys2/intphys2_probe_linear_videomae_vit_huge_16_224_20260426T152120Z/layer_8/train/trial_0002/probe_best.pt",
            "eval_output_dir": "artifacts/probes/intphys2/intphys2_probe_linear_videomae_vit_huge_16_224_20260426T152120Z/layer_8/train/trial_0002/val_eval",
            "output_dir": "artifacts/probes/intphys2/intphys2_probe_linear_videomae_vit_huge_16_224_20260426T152120Z/layer_8/train/trial_0002",
            "params": {
              "batch_size": 128,
              "epochs": 1000,
              "lr": 0.00023345864076016249,
              "weight_decay": 0.0005141096648805752
            },
            "trial_number": 2,
            "value": 5.88235294117647
          },
          {
            "checkpoint": "artifacts/probes/intphys2/intphys2_probe_linear_videomae_vit_huge_16_224_20260426T152120Z/layer_8/train/trial_0003/probe_best.pt",
            "eval_output_dir": "artifacts/probes/intphys2/intphys2_probe_linear_videomae_vit_huge_16_224_20260426T152120Z/layer_8/train/trial_0003/val_eval",
            "output_dir": "artifacts/probes/intphys2/intphys2_probe_linear_videomae_vit_huge_16_224_20260426T152120Z/layer_8/train/trial_0003",
            "params": {
              "batch_size": 32,
              "epochs": 50,
              "lr": 8.200518402245828e-05,
              "weight_decay": 3.855073690026179e-08
            },
            "trial_number": 3,
            "value": 9.803921568627452
          },
          {
            "checkpoint": "artifacts/probes/intphys2/intphys2_probe_linear_videomae_vit_huge_16_224_20260426T152120Z/layer_8/train/trial_0004/probe_best.pt",
            "eval_output_dir": "artifacts/probes/intphys2/intphys2_probe_linear_videomae_vit_huge_16_224_20260426T152120Z/layer_8/train/trial_0004/val_eval",
            "output_dir": "artifacts/probes/intphys2/intphys2_probe_linear_videomae_vit_huge_16_224_20260426T152120Z/layer_8/train/trial_0004",
            "params": {
              "batch_size": 32,
              "epochs": 50,
              "lr": 0.00043664735929796326,
              "weight_decay": 1.2856617791467908e-07
            },
            "trial_number": 4,
            "value": 19.607843137254903
          },
          {
            "checkpoint": "artifacts/probes/intphys2/intphys2_probe_linear_videomae_vit_huge_16_224_20260426T152120Z/layer_8/train/trial_0005/probe_best.pt",
            "eval_output_dir": "artifacts/probes/intphys2/intphys2_probe_linear_videomae_vit_huge_16_224_20260426T152120Z/layer_8/train/trial_0005/val_eval",
            "output_dir": "artifacts/probes/intphys2/intphys2_probe_linear_videomae_vit_huge_16_224_20260426T152120Z/layer_8/train/trial_0005",
            "params": {
              "batch_size": 32,
              "epochs": 500,
              "lr": 0.00014656553886225324,
              "weight_decay": 4.247116662617142e-07
            },
            "trial_number": 5,
            "value": 13.725490196078432
          },
          {
            "checkpoint": "artifacts/probes/intphys2/intphys2_probe_linear_videomae_vit_huge_16_224_20260426T152120Z/layer_8/train/trial_0006/probe_best.pt",
            "eval_output_dir": "artifacts/probes/intphys2/intphys2_probe_linear_videomae_vit_huge_16_224_20260426T152120Z/layer_8/train/trial_0006/val_eval",
            "output_dir": "artifacts/probes/intphys2/intphys2_probe_linear_videomae_vit_huge_16_224_20260426T152120Z/layer_8/train/trial_0006",
            "params": {
              "batch_size": 128,
              "epochs": 100,
              "lr": 1.0388823104027935e-05,
              "weight_decay": 0.0007812113973534924
            },
            "trial_number": 6,
            "value": 5.88235294117647
          },
          {
            "checkpoint": "artifacts/probes/intphys2/intphys2_probe_linear_videomae_vit_huge_16_224_20260426T152120Z/layer_8/train/trial_0007/probe_best.pt",
            "eval_output_dir": "artifacts/probes/intphys2/intphys2_probe_linear_videomae_vit_huge_16_224_20260426T152120Z/layer_8/train/trial_0007/val_eval",
            "output_dir": "artifacts/probes/intphys2/intphys2_probe_linear_videomae_vit_huge_16_224_20260426T152120Z/layer_8/train/trial_0007",
            "params": {
              "batch_size": 128,
              "epochs": 1000,
              "lr": 8.569331925053983e-05,
              "weight_decay": 8.93511059033186e-07
            },
            "trial_number": 7,
            "value": 5.88235294117647
          },
          {
            "checkpoint": "artifacts/probes/intphys2/intphys2_probe_linear_videomae_vit_huge_16_224_20260426T152120Z/layer_8/train/trial_0008/probe_best.pt",
            "eval_output_dir": "artifacts/probes/intphys2/intphys2_probe_linear_videomae_vit_huge_16_224_20260426T152120Z/layer_8/train/trial_0008/val_eval",
            "output_dir": "artifacts/probes/intphys2/intphys2_probe_linear_videomae_vit_huge_16_224_20260426T152120Z/layer_8/train/trial_0008",
            "params": {
              "batch_size": 256,
              "epochs": 100,
              "lr": 0.0003699972431463808,
              "weight_decay": 3.6749049453053196e-06
            },
            "trial_number": 8,
            "value": 7.8431372549019605
          },
          {
            "checkpoint": "artifacts/probes/intphys2/intphys2_probe_linear_videomae_vit_huge_16_224_20260426T152120Z/layer_8/train/trial_0010/probe_best.pt",
            "eval_output_dir": "artifacts/probes/intphys2/intphys2_probe_linear_videomae_vit_huge_16_224_20260426T152120Z/layer_8/train/trial_0010/val_eval",
            "output_dir": "artifacts/probes/intphys2/intphys2_probe_linear_videomae_vit_huge_16_224_20260426T152120Z/layer_8/train/trial_0010",
            "params": {
              "batch_size": 64,
              "epochs": 50,
              "lr": 0.002146403547714585,
              "weight_decay": 4.294315419725004e-05
            },
            "trial_number": 10,
            "value": 9.803921568627452
          },
          {
            "checkpoint": "artifacts/probes/intphys2/intphys2_probe_linear_videomae_vit_huge_16_224_20260426T152120Z/layer_8/train/trial_0011/probe_best.pt",
            "eval_output_dir": "artifacts/probes/intphys2/intphys2_probe_linear_videomae_vit_huge_16_224_20260426T152120Z/layer_8/train/trial_0011/val_eval",
            "output_dir": "artifacts/probes/intphys2/intphys2_probe_linear_videomae_vit_huge_16_224_20260426T152120Z/layer_8/train/trial_0011",
            "params": {
              "batch_size": 32,
              "epochs": 2000,
              "lr": 0.0007816068490559632,
              "weight_decay": 3.099069456180075e-05
            },
            "trial_number": 11,
            "value": 17.647058823529413
          },
          {
            "checkpoint": "artifacts/probes/intphys2/intphys2_probe_linear_videomae_vit_huge_16_224_20260426T152120Z/layer_8/train/trial_0012/probe_best.pt",
            "eval_output_dir": "artifacts/probes/intphys2/intphys2_probe_linear_videomae_vit_huge_16_224_20260426T152120Z/layer_8/train/trial_0012/val_eval",
            "output_dir": "artifacts/probes/intphys2/intphys2_probe_linear_videomae_vit_huge_16_224_20260426T152120Z/layer_8/train/trial_0012",
            "params": {
              "batch_size": 32,
              "epochs": 2000,
              "lr": 0.0007597154083124768,
              "weight_decay": 3.184917050289993e-05
            },
            "trial_number": 12,
            "value": 5.88235294117647
          },
          {
            "checkpoint": "artifacts/probes/intphys2/intphys2_probe_linear_videomae_vit_huge_16_224_20260426T152120Z/layer_8/train/trial_0013/probe_best.pt",
            "eval_output_dir": "artifacts/probes/intphys2/intphys2_probe_linear_videomae_vit_huge_16_224_20260426T152120Z/layer_8/train/trial_0013/val_eval",
            "output_dir": "artifacts/probes/intphys2/intphys2_probe_linear_videomae_vit_huge_16_224_20260426T152120Z/layer_8/train/trial_0013",
            "params": {
              "batch_size": 32,
              "epochs": 20,
              "lr": 0.0009367356074343362,
              "weight_decay": 6.146205829100515e-06
            },
            "trial_number": 13,
            "value": 5.88235294117647
          },
          {
            "checkpoint": "artifacts/probes/intphys2/intphys2_probe_linear_videomae_vit_huge_16_224_20260426T152120Z/layer_8/train/trial_0014/probe_best.pt",
            "eval_output_dir": "artifacts/probes/intphys2/intphys2_probe_linear_videomae_vit_huge_16_224_20260426T152120Z/layer_8/train/trial_0014/val_eval",
            "output_dir": "artifacts/probes/intphys2/intphys2_probe_linear_videomae_vit_huge_16_224_20260426T152120Z/layer_8/train/trial_0014",
            "params": {
              "batch_size": 64,
              "epochs": 2000,
              "lr": 0.008454333676288197,
              "weight_decay": 0.00010260659962924189
            },
            "trial_number": 14,
            "value": 11.76470588235294
          },
          {
            "checkpoint": "artifacts/probes/intphys2/intphys2_probe_linear_videomae_vit_huge_16_224_20260426T152120Z/layer_8/train/trial_0015/probe_best.pt",
            "eval_output_dir": "artifacts/probes/intphys2/intphys2_probe_linear_videomae_vit_huge_16_224_20260426T152120Z/layer_8/train/trial_0015/val_eval",
            "output_dir": "artifacts/probes/intphys2/intphys2_probe_linear_videomae_vit_huge_16_224_20260426T152120Z/layer_8/train/trial_0015",
            "params": {
              "batch_size": 32,
              "epochs": 50,
              "lr": 0.0006679487815571237,
              "weight_decay": 1.7846873180204747e-06
            },
            "trial_number": 15,
            "value": 9.803921568627452
          },
          {
            "checkpoint": "artifacts/probes/intphys2/intphys2_probe_linear_videomae_vit_huge_16_224_20260426T152120Z/layer_8/train/trial_0016/probe_best.pt",
            "eval_output_dir": "artifacts/probes/intphys2/intphys2_probe_linear_videomae_vit_huge_16_224_20260426T152120Z/layer_8/train/trial_0016/val_eval",
            "output_dir": "artifacts/probes/intphys2/intphys2_probe_linear_videomae_vit_huge_16_224_20260426T152120Z/layer_8/train/trial_0016",
            "params": {
              "batch_size": 32,
              "epochs": 20,
              "lr": 0.002069055008696335,
              "weight_decay": 9.805919664538719e-08
            },
            "trial_number": 16,
            "value": 3.9215686274509802
          },
          {
            "checkpoint": "artifacts/probes/intphys2/intphys2_probe_linear_videomae_vit_huge_16_224_20260426T152120Z/layer_8/train/trial_0017/probe_best.pt",
            "eval_output_dir": "artifacts/probes/intphys2/intphys2_probe_linear_videomae_vit_huge_16_224_20260426T152120Z/layer_8/train/trial_0017/val_eval",
            "output_dir": "artifacts/probes/intphys2/intphys2_probe_linear_videomae_vit_huge_16_224_20260426T152120Z/layer_8/train/trial_0017",
            "params": {
              "batch_size": 32,
              "epochs": 500,
              "lr": 3.262959590866127e-05,
              "weight_decay": 1.0467953998903433e-08
            },
            "trial_number": 17,
            "value": 7.8431372549019605
          },
          {
            "checkpoint": "artifacts/probes/intphys2/intphys2_probe_linear_videomae_vit_huge_16_224_20260426T152120Z/layer_8/train/trial_0018/probe_best.pt",
            "eval_output_dir": "artifacts/probes/intphys2/intphys2_probe_linear_videomae_vit_huge_16_224_20260426T152120Z/layer_8/train/trial_0018/val_eval",
            "output_dir": "artifacts/probes/intphys2/intphys2_probe_linear_videomae_vit_huge_16_224_20260426T152120Z/layer_8/train/trial_0018",
            "params": {
              "batch_size": 64,
              "epochs": 2000,
              "lr": 0.00043481720337933794,
              "weight_decay": 1.754578034405743e-05
            },
            "trial_number": 18,
            "value": 7.8431372549019605
          },
          {
            "checkpoint": "artifacts/probes/intphys2/intphys2_probe_linear_videomae_vit_huge_16_224_20260426T152120Z/layer_8/train/trial_0019/probe_best.pt",
            "eval_output_dir": "artifacts/probes/intphys2/intphys2_probe_linear_videomae_vit_huge_16_224_20260426T152120Z/layer_8/train/trial_0019/val_eval",
            "output_dir": "artifacts/probes/intphys2/intphys2_probe_linear_videomae_vit_huge_16_224_20260426T152120Z/layer_8/train/trial_0019",
            "params": {
              "batch_size": 256,
              "epochs": 50,
              "lr": 0.0066069414418210405,
              "weight_decay": 0.00019990210879948265
            },
            "trial_number": 19,
            "value": 3.9215686274509802
          }
        ]
      }
    },
    {
      "checkpoint": "artifacts/probes/intphys2/intphys2_probe_linear_videomae_vit_huge_16_224_20260426T152120Z/layer_16/train/trial_0000/probe_best.pt",
      "eval": {
        "base_eval": {
          "metrics": {
            "accuracy": 58.333333333333336,
            "accuracy_by_condition": {
              "continuity": 54.166666666666664,
              "immutability": 70.83333333333334,
              "permanence": 54.166666666666664,
              "solidity": 55.00000000000001
            },
            "n_samples": 204,
            "n_scenes": 51,
            "voe_accuracy": 35.294117647058826,
            "voe_by_condition": {
              "continuity": 33.33333333333333,
              "immutability": 41.66666666666667,
              "permanence": 50.0,
              "solidity": 20.0
            }
          },
          "output_dir": "artifacts/probes/intphys2/intphys2_probe_linear_videomae_vit_huge_16_224_20260426T152120Z/layer_16/eval/test",
          "split_dir": "data/splits/intphys2"
        },
        "checkpoint": "artifacts/probes/intphys2/intphys2_probe_linear_videomae_vit_huge_16_224_20260426T152120Z/layer_16/train/trial_0000/probe_best.pt",
        "dataset": "intphys2",
        "feature_signature": "1e642fe5ac5d5e7f",
        "metrics": {
          "accuracy": 58.333333333333336,
          "accuracy_by_condition": {
            "continuity": 54.166666666666664,
            "immutability": 70.83333333333334,
            "permanence": 54.166666666666664,
            "solidity": 55.00000000000001
          },
          "n_samples": 204,
          "n_scenes": 51,
          "voe_accuracy": 35.294117647058826,
          "voe_by_condition": {
            "continuity": 33.33333333333333,
            "immutability": 41.66666666666667,
            "permanence": 50.0,
            "solidity": 20.0
          }
        },
        "metrics_by_split": {
          "test": {
            "accuracy": 58.333333333333336,
            "accuracy_by_condition": {
              "continuity": 54.166666666666664,
              "immutability": 70.83333333333334,
              "permanence": 54.166666666666664,
              "solidity": 55.00000000000001
            },
            "n_samples": 204,
            "n_scenes": 51,
            "voe_accuracy": 35.294117647058826,
            "voe_by_condition": {
              "continuity": 33.33333333333333,
              "immutability": 41.66666666666667,
              "permanence": 50.0,
              "solidity": 20.0
            }
          },
          "train": {
            "accuracy": 65.72847682119205,
            "accuracy_by_condition": {
              "continuity": 70.13888888888889,
              "immutability": 65.97222222222221,
              "permanence": 69.44444444444444,
              "solidity": 58.720930232558146
            },
            "n_samples": 604,
            "n_scenes": 151,
            "voe_accuracy": 50.993377483443716,
            "voe_by_condition": {
              "continuity": 63.888888888888886,
              "immutability": 66.66666666666666,
              "permanence": 50.0,
              "solidity": 27.906976744186046
            }
          },
          "val": {
            "accuracy": 60.78431372549019,
            "accuracy_by_condition": {
              "continuity": 60.416666666666664,
              "immutability": 64.58333333333334,
              "permanence": 66.66666666666666,
              "solidity": 53.333333333333336
            },
            "n_samples": 204,
            "n_scenes": 51,
            "voe_accuracy": 41.17647058823529,
            "voe_by_condition": {
              "continuity": 58.333333333333336,
              "immutability": 50.0,
              "permanence": 50.0,
              "solidity": 13.333333333333334
            }
          }
        },
        "objective_metric": 35.294117647058826,
        "prediction_file": "artifacts/probes/intphys2/intphys2_probe_linear_videomae_vit_huge_16_224_20260426T152120Z/layer_16/eval/test/probe_predictions.json",
        "prediction_files": {
          "test": "artifacts/probes/intphys2/intphys2_probe_linear_videomae_vit_huge_16_224_20260426T152120Z/layer_16/eval/test/probe_predictions.json",
          "train": "artifacts/probes/intphys2/intphys2_probe_linear_videomae_vit_huge_16_224_20260426T152120Z/layer_16/eval/train/probe_predictions.json",
          "val": "artifacts/probes/intphys2/intphys2_probe_linear_videomae_vit_huge_16_224_20260426T152120Z/layer_16/eval/val/probe_predictions.json"
        },
        "probe_eval_dir": "artifacts/probes/intphys2/intphys2_probe_linear_videomae_vit_huge_16_224_20260426T152120Z/layer_16/eval",
        "probe_name": "linear",
        "reported_splits": [
          "train",
          "val",
          "test"
        ],
        "split_eval_dirs": {
          "test": "artifacts/probes/intphys2/intphys2_probe_linear_videomae_vit_huge_16_224_20260426T152120Z/layer_16/eval/test",
          "train": "artifacts/probes/intphys2/intphys2_probe_linear_videomae_vit_huge_16_224_20260426T152120Z/layer_16/eval/train",
          "val": "artifacts/probes/intphys2/intphys2_probe_linear_videomae_vit_huge_16_224_20260426T152120Z/layer_16/eval/val"
        },
        "split_evals": {
          "test": {
            "base_eval": {
              "metrics": {
                "accuracy": 58.333333333333336,
                "accuracy_by_condition": {
                  "continuity": 54.166666666666664,
                  "immutability": 70.83333333333334,
                  "permanence": 54.166666666666664,
                  "solidity": 55.00000000000001
                },
                "n_samples": 204,
                "n_scenes": 51,
                "voe_accuracy": 35.294117647058826,
                "voe_by_condition": {
                  "continuity": 33.33333333333333,
                  "immutability": 41.66666666666667,
                  "permanence": 50.0,
                  "solidity": 20.0
                }
              },
              "output_dir": "artifacts/probes/intphys2/intphys2_probe_linear_videomae_vit_huge_16_224_20260426T152120Z/layer_16/eval/test",
              "split_dir": "data/splits/intphys2"
            },
            "checkpoint": "artifacts/probes/intphys2/intphys2_probe_linear_videomae_vit_huge_16_224_20260426T152120Z/layer_16/train/trial_0000/probe_best.pt",
            "dataset": "intphys2",
            "feature_signature": "1e642fe5ac5d5e7f",
            "metrics": {
              "accuracy": 58.333333333333336,
              "accuracy_by_condition": {
                "continuity": 54.166666666666664,
                "immutability": 70.83333333333334,
                "permanence": 54.166666666666664,
                "solidity": 55.00000000000001
              },
              "n_samples": 204,
              "n_scenes": 51,
              "voe_accuracy": 35.294117647058826,
              "voe_by_condition": {
                "continuity": 33.33333333333333,
                "immutability": 41.66666666666667,
                "permanence": 50.0,
                "solidity": 20.0
              }
            },
            "objective_metric": 35.294117647058826,
            "prediction_file": "artifacts/probes/intphys2/intphys2_probe_linear_videomae_vit_huge_16_224_20260426T152120Z/layer_16/eval/test/probe_predictions.json",
            "probe_eval_dir": "artifacts/probes/intphys2/intphys2_probe_linear_videomae_vit_huge_16_224_20260426T152120Z/layer_16/eval/test",
            "probe_name": "linear",
            "split_name": "test"
          },
          "train": {
            "base_eval": {
              "metrics": {
                "accuracy": 65.72847682119205,
                "accuracy_by_condition": {
                  "continuity": 70.13888888888889,
                  "immutability": 65.97222222222221,
                  "permanence": 69.44444444444444,
                  "solidity": 58.720930232558146
                },
                "n_samples": 604,
                "n_scenes": 151,
                "voe_accuracy": 50.993377483443716,
                "voe_by_condition": {
                  "continuity": 63.888888888888886,
                  "immutability": 66.66666666666666,
                  "permanence": 50.0,
                  "solidity": 27.906976744186046
                }
              },
              "output_dir": "artifacts/probes/intphys2/intphys2_probe_linear_videomae_vit_huge_16_224_20260426T152120Z/layer_16/eval/train",
              "split_dir": "data/splits/intphys2"
            },
            "checkpoint": "artifacts/probes/intphys2/intphys2_probe_linear_videomae_vit_huge_16_224_20260426T152120Z/layer_16/train/trial_0000/probe_best.pt",
            "dataset": "intphys2",
            "feature_signature": "1e642fe5ac5d5e7f",
            "metrics": {
              "accuracy": 65.72847682119205,
              "accuracy_by_condition": {
                "continuity": 70.13888888888889,
                "immutability": 65.97222222222221,
                "permanence": 69.44444444444444,
                "solidity": 58.720930232558146
              },
              "n_samples": 604,
              "n_scenes": 151,
              "voe_accuracy": 50.993377483443716,
              "voe_by_condition": {
                "continuity": 63.888888888888886,
                "immutability": 66.66666666666666,
                "permanence": 50.0,
                "solidity": 27.906976744186046
              }
            },
            "objective_metric": 50.993377483443716,
            "prediction_file": "artifacts/probes/intphys2/intphys2_probe_linear_videomae_vit_huge_16_224_20260426T152120Z/layer_16/eval/train/probe_predictions.json",
            "probe_eval_dir": "artifacts/probes/intphys2/intphys2_probe_linear_videomae_vit_huge_16_224_20260426T152120Z/layer_16/eval/train",
            "probe_name": "linear",
            "split_name": "train"
          },
          "val": {
            "base_eval": {
              "metrics": {
                "accuracy": 60.78431372549019,
                "accuracy_by_condition": {
                  "continuity": 60.416666666666664,
                  "immutability": 64.58333333333334,
                  "permanence": 66.66666666666666,
                  "solidity": 53.333333333333336
                },
                "n_samples": 204,
                "n_scenes": 51,
                "voe_accuracy": 41.17647058823529,
                "voe_by_condition": {
                  "continuity": 58.333333333333336,
                  "immutability": 50.0,
                  "permanence": 50.0,
                  "solidity": 13.333333333333334
                }
              },
              "output_dir": "artifacts/probes/intphys2/intphys2_probe_linear_videomae_vit_huge_16_224_20260426T152120Z/layer_16/eval/val",
              "split_dir": "data/splits/intphys2"
            },
            "checkpoint": "artifacts/probes/intphys2/intphys2_probe_linear_videomae_vit_huge_16_224_20260426T152120Z/layer_16/train/trial_0000/probe_best.pt",
            "dataset": "intphys2",
            "feature_signature": "1e642fe5ac5d5e7f",
            "metrics": {
              "accuracy": 60.78431372549019,
              "accuracy_by_condition": {
                "continuity": 60.416666666666664,
                "immutability": 64.58333333333334,
                "permanence": 66.66666666666666,
                "solidity": 53.333333333333336
              },
              "n_samples": 204,
              "n_scenes": 51,
              "voe_accuracy": 41.17647058823529,
              "voe_by_condition": {
                "continuity": 58.333333333333336,
                "immutability": 50.0,
                "permanence": 50.0,
                "solidity": 13.333333333333334
              }
            },
            "objective_metric": 41.17647058823529,
            "prediction_file": "artifacts/probes/intphys2/intphys2_probe_linear_videomae_vit_huge_16_224_20260426T152120Z/layer_16/eval/val/probe_predictions.json",
            "probe_eval_dir": "artifacts/probes/intphys2/intphys2_probe_linear_videomae_vit_huge_16_224_20260426T152120Z/layer_16/eval/val",
            "probe_name": "linear",
            "split_name": "val"
          }
        },
        "split_name": "test"
      },
      "layer": 16,
      "layer_label": "16",
      "objective_metric": 35.294117647058826,
      "train": {
        "best_checkpoint": "artifacts/probes/intphys2/intphys2_probe_linear_videomae_vit_huge_16_224_20260426T152120Z/layer_16/train/trial_0000/probe_best.pt",
        "best_eval_output_dir": "artifacts/probes/intphys2/intphys2_probe_linear_videomae_vit_huge_16_224_20260426T152120Z/layer_16/train/trial_0000/val_eval",
        "best_output_dir": "artifacts/probes/intphys2/intphys2_probe_linear_videomae_vit_huge_16_224_20260426T152120Z/layer_16/train/trial_0000",
        "best_params": {
          "batch_size": 32,
          "epochs": 2000,
          "lr": 0.0001329291894316216,
          "weight_decay": 0.005061576888752304
        },
        "best_trial_number": 0,
        "best_value": 41.17647058823529,
        "checkpoint": "artifacts/probes/intphys2/intphys2_probe_linear_videomae_vit_huge_16_224_20260426T152120Z/layer_16/train/trial_0000/probe_best.pt",
        "dataset": "intphys2",
        "direction": "maximize",
        "layer": 16,
        "n_trials": 20,
        "objective_metric": "voe_accuracy",
        "output_dir": "artifacts/probes/intphys2/intphys2_probe_linear_videomae_vit_huge_16_224_20260426T152120Z/layer_16/train",
        "probe_name": "linear",
        "storage": "sqlite:////gpfs/home3/scur0511/Probe4Physics/artifacts/probes/intphys2/intphys2_probe_linear_videomae_vit_huge_16_224_20260426T152120Z/layer_16/train/optuna_study.sqlite3",
        "study_name": "intphys2_linear_videomae_vit_huge_16_224_layer_16",
        "trials": [
          {
            "checkpoint": "artifacts/probes/intphys2/intphys2_probe_linear_videomae_vit_huge_16_224_20260426T152120Z/layer_16/train/trial_0000/probe_best.pt",
            "eval_output_dir": "artifacts/probes/intphys2/intphys2_probe_linear_videomae_vit_huge_16_224_20260426T152120Z/layer_16/train/trial_0000/val_eval",
            "output_dir": "artifacts/probes/intphys2/intphys2_probe_linear_videomae_vit_huge_16_224_20260426T152120Z/layer_16/train/trial_0000",
            "params": {
              "batch_size": 32,
              "epochs": 2000,
              "lr": 0.0001329291894316216,
              "weight_decay": 0.005061576888752304
            },
            "trial_number": 0,
            "value": 41.17647058823529
          },
          {
            "checkpoint": "artifacts/probes/intphys2/intphys2_probe_linear_videomae_vit_huge_16_224_20260426T152120Z/layer_16/train/trial_0001/probe_best.pt",
            "eval_output_dir": "artifacts/probes/intphys2/intphys2_probe_linear_videomae_vit_huge_16_224_20260426T152120Z/layer_16/train/trial_0001/val_eval",
            "output_dir": "artifacts/probes/intphys2/intphys2_probe_linear_videomae_vit_huge_16_224_20260426T152120Z/layer_16/train/trial_0001",
            "params": {
              "batch_size": 256,
              "epochs": 100,
              "lr": 0.00314288089084011,
              "weight_decay": 1.879466824163843e-07
            },
            "trial_number": 1,
            "value": 17.647058823529413
          },
          {
            "checkpoint": "artifacts/probes/intphys2/intphys2_probe_linear_videomae_vit_huge_16_224_20260426T152120Z/layer_16/train/trial_0002/probe_best.pt",
            "eval_output_dir": "artifacts/probes/intphys2/intphys2_probe_linear_videomae_vit_huge_16_224_20260426T152120Z/layer_16/train/trial_0002/val_eval",
            "output_dir": "artifacts/probes/intphys2/intphys2_probe_linear_videomae_vit_huge_16_224_20260426T152120Z/layer_16/train/trial_0002",
            "params": {
              "batch_size": 128,
              "epochs": 1000,
              "lr": 0.00023345864076016249,
              "weight_decay": 0.0005141096648805752
            },
            "trial_number": 2,
            "value": 31.372549019607842
          },
          {
            "checkpoint": "artifacts/probes/intphys2/intphys2_probe_linear_videomae_vit_huge_16_224_20260426T152120Z/layer_16/train/trial_0003/probe_best.pt",
            "eval_output_dir": "artifacts/probes/intphys2/intphys2_probe_linear_videomae_vit_huge_16_224_20260426T152120Z/layer_16/train/trial_0003/val_eval",
            "output_dir": "artifacts/probes/intphys2/intphys2_probe_linear_videomae_vit_huge_16_224_20260426T152120Z/layer_16/train/trial_0003",
            "params": {
              "batch_size": 32,
              "epochs": 50,
              "lr": 8.200518402245828e-05,
              "weight_decay": 3.855073690026179e-08
            },
            "trial_number": 3,
            "value": 13.725490196078432
          },
          {
            "checkpoint": "artifacts/probes/intphys2/intphys2_probe_linear_videomae_vit_huge_16_224_20260426T152120Z/layer_16/train/trial_0004/probe_best.pt",
            "eval_output_dir": "artifacts/probes/intphys2/intphys2_probe_linear_videomae_vit_huge_16_224_20260426T152120Z/layer_16/train/trial_0004/val_eval",
            "output_dir": "artifacts/probes/intphys2/intphys2_probe_linear_videomae_vit_huge_16_224_20260426T152120Z/layer_16/train/trial_0004",
            "params": {
              "batch_size": 32,
              "epochs": 50,
              "lr": 0.00043664735929796326,
              "weight_decay": 1.2856617791467908e-07
            },
            "trial_number": 4,
            "value": 29.411764705882355
          },
          {
            "checkpoint": "artifacts/probes/intphys2/intphys2_probe_linear_videomae_vit_huge_16_224_20260426T152120Z/layer_16/train/trial_0008/probe_best.pt",
            "eval_output_dir": "artifacts/probes/intphys2/intphys2_probe_linear_videomae_vit_huge_16_224_20260426T152120Z/layer_16/train/trial_0008/val_eval",
            "output_dir": "artifacts/probes/intphys2/intphys2_probe_linear_videomae_vit_huge_16_224_20260426T152120Z/layer_16/train/trial_0008",
            "params": {
              "batch_size": 256,
              "epochs": 100,
              "lr": 0.0003699972431463808,
              "weight_decay": 3.6749049453053196e-06
            },
            "trial_number": 8,
            "value": 25.49019607843137
          },
          {
            "checkpoint": "artifacts/probes/intphys2/intphys2_probe_linear_videomae_vit_huge_16_224_20260426T152120Z/layer_16/train/trial_0011/probe_best.pt",
            "eval_output_dir": "artifacts/probes/intphys2/intphys2_probe_linear_videomae_vit_huge_16_224_20260426T152120Z/layer_16/train/trial_0011/val_eval",
            "output_dir": "artifacts/probes/intphys2/intphys2_probe_linear_videomae_vit_huge_16_224_20260426T152120Z/layer_16/train/trial_0011",
            "params": {
              "batch_size": 64,
              "epochs": 20,
              "lr": 0.0009028168422346196,
              "weight_decay": 0.00013851041848413182
            },
            "trial_number": 11,
            "value": 17.647058823529413
          },
          {
            "checkpoint": "artifacts/probes/intphys2/intphys2_probe_linear_videomae_vit_huge_16_224_20260426T152120Z/layer_16/train/trial_0015/probe_best.pt",
            "eval_output_dir": "artifacts/probes/intphys2/intphys2_probe_linear_videomae_vit_huge_16_224_20260426T152120Z/layer_16/train/trial_0015/val_eval",
            "output_dir": "artifacts/probes/intphys2/intphys2_probe_linear_videomae_vit_huge_16_224_20260426T152120Z/layer_16/train/trial_0015",
            "params": {
              "batch_size": 128,
              "epochs": 20,
              "lr": 2.990630550212624e-05,
              "weight_decay": 4.792092864251368e-05
            },
            "trial_number": 15,
            "value": 15.686274509803921
          }
        ]
      }
    },
    {
      "checkpoint": "artifacts/probes/intphys2/intphys2_probe_linear_videomae_vit_huge_16_224_20260426T152120Z/layer_24/train/trial_0018/probe_best.pt",
      "eval": {
        "base_eval": {
          "metrics": {
            "accuracy": 56.372549019607845,
            "accuracy_by_condition": {
              "continuity": 54.166666666666664,
              "immutability": 66.66666666666666,
              "permanence": 56.25,
              "solidity": 50.0
            },
            "n_samples": 204,
            "n_scenes": 51,
            "voe_accuracy": 35.294117647058826,
            "voe_by_condition": {
              "continuity": 16.666666666666664,
              "immutability": 50.0,
              "permanence": 58.333333333333336,
              "solidity": 20.0
            }
          },
          "output_dir": "artifacts/probes/intphys2/intphys2_probe_linear_videomae_vit_huge_16_224_20260426T152120Z/layer_24/eval/test",
          "split_dir": "data/splits/intphys2"
        },
        "checkpoint": "artifacts/probes/intphys2/intphys2_probe_linear_videomae_vit_huge_16_224_20260426T152120Z/layer_24/train/trial_0018/probe_best.pt",
        "dataset": "intphys2",
        "feature_signature": "1e642fe5ac5d5e7f",
        "metrics": {
          "accuracy": 56.372549019607845,
          "accuracy_by_condition": {
            "continuity": 54.166666666666664,
            "immutability": 66.66666666666666,
            "permanence": 56.25,
            "solidity": 50.0
          },
          "n_samples": 204,
          "n_scenes": 51,
          "voe_accuracy": 35.294117647058826,
          "voe_by_condition": {
            "continuity": 16.666666666666664,
            "immutability": 50.0,
            "permanence": 58.333333333333336,
            "solidity": 20.0
          }
        },
        "metrics_by_split": {
          "test": {
            "accuracy": 56.372549019607845,
            "accuracy_by_condition": {
              "continuity": 54.166666666666664,
              "immutability": 66.66666666666666,
              "permanence": 56.25,
              "solidity": 50.0
            },
            "n_samples": 204,
            "n_scenes": 51,
            "voe_accuracy": 35.294117647058826,
            "voe_by_condition": {
              "continuity": 16.666666666666664,
              "immutability": 50.0,
              "permanence": 58.333333333333336,
              "solidity": 20.0
            }
          },
          "train": {
            "accuracy": 66.05960264900662,
            "accuracy_by_condition": {
              "continuity": 67.36111111111111,
              "immutability": 69.44444444444444,
              "permanence": 65.97222222222221,
              "solidity": 62.2093023255814
            },
            "n_samples": 604,
            "n_scenes": 151,
            "voe_accuracy": 54.966887417218544,
            "voe_by_condition": {
              "continuity": 63.888888888888886,
              "immutability": 66.66666666666666,
              "permanence": 61.111111111111114,
              "solidity": 32.55813953488372
            }
          },
          "val": {
            "accuracy": 61.274509803921575,
            "accuracy_by_condition": {
              "continuity": 68.75,
              "immutability": 58.333333333333336,
              "permanence": 66.66666666666666,
              "solidity": 53.333333333333336
            },
            "n_samples": 204,
            "n_scenes": 51,
            "voe_accuracy": 39.21568627450981,
            "voe_by_condition": {
              "continuity": 75.0,
              "immutability": 41.66666666666667,
              "permanence": 41.66666666666667,
              "solidity": 6.666666666666667
            }
          }
        },
        "objective_metric": 35.294117647058826,
        "prediction_file": "artifacts/probes/intphys2/intphys2_probe_linear_videomae_vit_huge_16_224_20260426T152120Z/layer_24/eval/test/probe_predictions.json",
        "prediction_files": {
          "test": "artifacts/probes/intphys2/intphys2_probe_linear_videomae_vit_huge_16_224_20260426T152120Z/layer_24/eval/test/probe_predictions.json",
          "train": "artifacts/probes/intphys2/intphys2_probe_linear_videomae_vit_huge_16_224_20260426T152120Z/layer_24/eval/train/probe_predictions.json",
          "val": "artifacts/probes/intphys2/intphys2_probe_linear_videomae_vit_huge_16_224_20260426T152120Z/layer_24/eval/val/probe_predictions.json"
        },
        "probe_eval_dir": "artifacts/probes/intphys2/intphys2_probe_linear_videomae_vit_huge_16_224_20260426T152120Z/layer_24/eval",
        "probe_name": "linear",
        "reported_splits": [
          "train",
          "val",
          "test"
        ],
        "split_eval_dirs": {
          "test": "artifacts/probes/intphys2/intphys2_probe_linear_videomae_vit_huge_16_224_20260426T152120Z/layer_24/eval/test",
          "train": "artifacts/probes/intphys2/intphys2_probe_linear_videomae_vit_huge_16_224_20260426T152120Z/layer_24/eval/train",
          "val": "artifacts/probes/intphys2/intphys2_probe_linear_videomae_vit_huge_16_224_20260426T152120Z/layer_24/eval/val"
        },
        "split_evals": {
          "test": {
            "base_eval": {
              "metrics": {
                "accuracy": 56.372549019607845,
                "accuracy_by_condition": {
                  "continuity": 54.166666666666664,
                  "immutability": 66.66666666666666,
                  "permanence": 56.25,
                  "solidity": 50.0
                },
                "n_samples": 204,
                "n_scenes": 51,
                "voe_accuracy": 35.294117647058826,
                "voe_by_condition": {
                  "continuity": 16.666666666666664,
                  "immutability": 50.0,
                  "permanence": 58.333333333333336,
                  "solidity": 20.0
                }
              },
              "output_dir": "artifacts/probes/intphys2/intphys2_probe_linear_videomae_vit_huge_16_224_20260426T152120Z/layer_24/eval/test",
              "split_dir": "data/splits/intphys2"
            },
            "checkpoint": "artifacts/probes/intphys2/intphys2_probe_linear_videomae_vit_huge_16_224_20260426T152120Z/layer_24/train/trial_0018/probe_best.pt",
            "dataset": "intphys2",
            "feature_signature": "1e642fe5ac5d5e7f",
            "metrics": {
              "accuracy": 56.372549019607845,
              "accuracy_by_condition": {
                "continuity": 54.166666666666664,
                "immutability": 66.66666666666666,
                "permanence": 56.25,
                "solidity": 50.0
              },
              "n_samples": 204,
              "n_scenes": 51,
              "voe_accuracy": 35.294117647058826,
              "voe_by_condition": {
                "continuity": 16.666666666666664,
                "immutability": 50.0,
                "permanence": 58.333333333333336,
                "solidity": 20.0
              }
            },
            "objective_metric": 35.294117647058826,
            "prediction_file": "artifacts/probes/intphys2/intphys2_probe_linear_videomae_vit_huge_16_224_20260426T152120Z/layer_24/eval/test/probe_predictions.json",
            "probe_eval_dir": "artifacts/probes/intphys2/intphys2_probe_linear_videomae_vit_huge_16_224_20260426T152120Z/layer_24/eval/test",
            "probe_name": "linear",
            "split_name": "test"
          },
          "train": {
            "base_eval": {
              "metrics": {
                "accuracy": 66.05960264900662,
                "accuracy_by_condition": {
                  "continuity": 67.36111111111111,
                  "immutability": 69.44444444444444,
                  "permanence": 65.97222222222221,
                  "solidity": 62.2093023255814
                },
                "n_samples": 604,
                "n_scenes": 151,
                "voe_accuracy": 54.966887417218544,
                "voe_by_condition": {
                  "continuity": 63.888888888888886,
                  "immutability": 66.66666666666666,
                  "permanence": 61.111111111111114,
                  "solidity": 32.55813953488372
                }
              },
              "output_dir": "artifacts/probes/intphys2/intphys2_probe_linear_videomae_vit_huge_16_224_20260426T152120Z/layer_24/eval/train",
              "split_dir": "data/splits/intphys2"
            },
            "checkpoint": "artifacts/probes/intphys2/intphys2_probe_linear_videomae_vit_huge_16_224_20260426T152120Z/layer_24/train/trial_0018/probe_best.pt",
            "dataset": "intphys2",
            "feature_signature": "1e642fe5ac5d5e7f",
            "metrics": {
              "accuracy": 66.05960264900662,
              "accuracy_by_condition": {
                "continuity": 67.36111111111111,
                "immutability": 69.44444444444444,
                "permanence": 65.97222222222221,
                "solidity": 62.2093023255814
              },
              "n_samples": 604,
              "n_scenes": 151,
              "voe_accuracy": 54.966887417218544,
              "voe_by_condition": {
                "continuity": 63.888888888888886,
                "immutability": 66.66666666666666,
                "permanence": 61.111111111111114,
                "solidity": 32.55813953488372
              }
            },
            "objective_metric": 54.966887417218544,
            "prediction_file": "artifacts/probes/intphys2/intphys2_probe_linear_videomae_vit_huge_16_224_20260426T152120Z/layer_24/eval/train/probe_predictions.json",
            "probe_eval_dir": "artifacts/probes/intphys2/intphys2_probe_linear_videomae_vit_huge_16_224_20260426T152120Z/layer_24/eval/train",
            "probe_name": "linear",
            "split_name": "train"
          },
          "val": {
            "base_eval": {
              "metrics": {
                "accuracy": 61.274509803921575,
                "accuracy_by_condition": {
                  "continuity": 68.75,
                  "immutability": 58.333333333333336,
                  "permanence": 66.66666666666666,
                  "solidity": 53.333333333333336
                },
                "n_samples": 204,
                "n_scenes": 51,
                "voe_accuracy": 39.21568627450981,
                "voe_by_condition": {
                  "continuity": 75.0,
                  "immutability": 41.66666666666667,
                  "permanence": 41.66666666666667,
                  "solidity": 6.666666666666667
                }
              },
              "output_dir": "artifacts/probes/intphys2/intphys2_probe_linear_videomae_vit_huge_16_224_20260426T152120Z/layer_24/eval/val",
              "split_dir": "data/splits/intphys2"
            },
            "checkpoint": "artifacts/probes/intphys2/intphys2_probe_linear_videomae_vit_huge_16_224_20260426T152120Z/layer_24/train/trial_0018/probe_best.pt",
            "dataset": "intphys2",
            "feature_signature": "1e642fe5ac5d5e7f",
            "metrics": {
              "accuracy": 61.274509803921575,
              "accuracy_by_condition": {
                "continuity": 68.75,
                "immutability": 58.333333333333336,
                "permanence": 66.66666666666666,
                "solidity": 53.333333333333336
              },
              "n_samples": 204,
              "n_scenes": 51,
              "voe_accuracy": 39.21568627450981,
              "voe_by_condition": {
                "continuity": 75.0,
                "immutability": 41.66666666666667,
                "permanence": 41.66666666666667,
                "solidity": 6.666666666666667
              }
            },
            "objective_metric": 39.21568627450981,
            "prediction_file": "artifacts/probes/intphys2/intphys2_probe_linear_videomae_vit_huge_16_224_20260426T152120Z/layer_24/eval/val/probe_predictions.json",
            "probe_eval_dir": "artifacts/probes/intphys2/intphys2_probe_linear_videomae_vit_huge_16_224_20260426T152120Z/layer_24/eval/val",
            "probe_name": "linear",
            "split_name": "val"
          }
        },
        "split_name": "test"
      },
      "layer": 24,
      "layer_label": "24",
      "objective_metric": 35.294117647058826,
      "train": {
        "best_checkpoint": "artifacts/probes/intphys2/intphys2_probe_linear_videomae_vit_huge_16_224_20260426T152120Z/layer_24/train/trial_0018/probe_best.pt",
        "best_eval_output_dir": "artifacts/probes/intphys2/intphys2_probe_linear_videomae_vit_huge_16_224_20260426T152120Z/layer_24/train/trial_0018/val_eval",
        "best_output_dir": "artifacts/probes/intphys2/intphys2_probe_linear_videomae_vit_huge_16_224_20260426T152120Z/layer_24/train/trial_0018",
        "best_params": {
          "batch_size": 256,
          "epochs": 500,
          "lr": 0.0008129948297847977,
          "weight_decay": 9.622097331889619e-06
        },
        "best_trial_number": 18,
        "best_value": 39.21568627450981,
        "checkpoint": "artifacts/probes/intphys2/intphys2_probe_linear_videomae_vit_huge_16_224_20260426T152120Z/layer_24/train/trial_0018/probe_best.pt",
        "dataset": "intphys2",
        "direction": "maximize",
        "layer": 24,
        "n_trials": 20,
        "objective_metric": "voe_accuracy",
        "output_dir": "artifacts/probes/intphys2/intphys2_probe_linear_videomae_vit_huge_16_224_20260426T152120Z/layer_24/train",
        "probe_name": "linear",
        "storage": "sqlite:////gpfs/home3/scur0511/Probe4Physics/artifacts/probes/intphys2/intphys2_probe_linear_videomae_vit_huge_16_224_20260426T152120Z/layer_24/train/optuna_study.sqlite3",
        "study_name": "intphys2_linear_videomae_vit_huge_16_224_layer_24",
        "trials": [
          {
            "checkpoint": "artifacts/probes/intphys2/intphys2_probe_linear_videomae_vit_huge_16_224_20260426T152120Z/layer_24/train/trial_0000/probe_best.pt",
            "eval_output_dir": "artifacts/probes/intphys2/intphys2_probe_linear_videomae_vit_huge_16_224_20260426T152120Z/layer_24/train/trial_0000/val_eval",
            "output_dir": "artifacts/probes/intphys2/intphys2_probe_linear_videomae_vit_huge_16_224_20260426T152120Z/layer_24/train/trial_0000",
            "params": {
              "batch_size": 32,
              "epochs": 2000,
              "lr": 0.0001329291894316216,
              "weight_decay": 0.005061576888752304
            },
            "trial_number": 0,
            "value": 37.254901960784316
          },
          {
            "checkpoint": "artifacts/probes/intphys2/intphys2_probe_linear_videomae_vit_huge_16_224_20260426T152120Z/layer_24/train/trial_0001/probe_best.pt",
            "eval_output_dir": "artifacts/probes/intphys2/intphys2_probe_linear_videomae_vit_huge_16_224_20260426T152120Z/layer_24/train/trial_0001/val_eval",
            "output_dir": "artifacts/probes/intphys2/intphys2_probe_linear_videomae_vit_huge_16_224_20260426T152120Z/layer_24/train/trial_0001",
            "params": {
              "batch_size": 256,
              "epochs": 100,
              "lr": 0.00314288089084011,
              "weight_decay": 1.879466824163843e-07
            },
            "trial_number": 1,
            "value": 29.411764705882355
          },
          {
            "checkpoint": "artifacts/probes/intphys2/intphys2_probe_linear_videomae_vit_huge_16_224_20260426T152120Z/layer_24/train/trial_0002/probe_best.pt",
            "eval_output_dir": "artifacts/probes/intphys2/intphys2_probe_linear_videomae_vit_huge_16_224_20260426T152120Z/layer_24/train/trial_0002/val_eval",
            "output_dir": "artifacts/probes/intphys2/intphys2_probe_linear_videomae_vit_huge_16_224_20260426T152120Z/layer_24/train/trial_0002",
            "params": {
              "batch_size": 128,
              "epochs": 1000,
              "lr": 0.00023345864076016249,
              "weight_decay": 0.0005141096648805752
            },
            "trial_number": 2,
            "value": 35.294117647058826
          },
          {
            "checkpoint": "artifacts/probes/intphys2/intphys2_probe_linear_videomae_vit_huge_16_224_20260426T152120Z/layer_24/train/trial_0003/probe_best.pt",
            "eval_output_dir": "artifacts/probes/intphys2/intphys2_probe_linear_videomae_vit_huge_16_224_20260426T152120Z/layer_24/train/trial_0003/val_eval",
            "output_dir": "artifacts/probes/intphys2/intphys2_probe_linear_videomae_vit_huge_16_224_20260426T152120Z/layer_24/train/trial_0003",
            "params": {
              "batch_size": 32,
              "epochs": 50,
              "lr": 8.200518402245828e-05,
              "weight_decay": 3.855073690026179e-08
            },
            "trial_number": 3,
            "value": 17.647058823529413
          },
          {
            "checkpoint": "artifacts/probes/intphys2/intphys2_probe_linear_videomae_vit_huge_16_224_20260426T152120Z/layer_24/train/trial_0004/probe_best.pt",
            "eval_output_dir": "artifacts/probes/intphys2/intphys2_probe_linear_videomae_vit_huge_16_224_20260426T152120Z/layer_24/train/trial_0004/val_eval",
            "output_dir": "artifacts/probes/intphys2/intphys2_probe_linear_videomae_vit_huge_16_224_20260426T152120Z/layer_24/train/trial_0004",
            "params": {
              "batch_size": 32,
              "epochs": 50,
              "lr": 0.00043664735929796326,
              "weight_decay": 1.2856617791467908e-07
            },
            "trial_number": 4,
            "value": 33.33333333333333
          },
          {
            "checkpoint": "artifacts/probes/intphys2/intphys2_probe_linear_videomae_vit_huge_16_224_20260426T152120Z/layer_24/train/trial_0006/probe_best.pt",
            "eval_output_dir": "artifacts/probes/intphys2/intphys2_probe_linear_videomae_vit_huge_16_224_20260426T152120Z/layer_24/train/trial_0006/val_eval",
            "output_dir": "artifacts/probes/intphys2/intphys2_probe_linear_videomae_vit_huge_16_224_20260426T152120Z/layer_24/train/trial_0006",
            "params": {
              "batch_size": 128,
              "epochs": 100,
              "lr": 1.0388823104027935e-05,
              "weight_decay": 0.0007812113973534924
            },
            "trial_number": 6,
            "value": 9.803921568627452
          },
          {
            "checkpoint": "artifacts/probes/intphys2/intphys2_probe_linear_videomae_vit_huge_16_224_20260426T152120Z/layer_24/train/trial_0008/probe_best.pt",
            "eval_output_dir": "artifacts/probes/intphys2/intphys2_probe_linear_videomae_vit_huge_16_224_20260426T152120Z/layer_24/train/trial_0008/val_eval",
            "output_dir": "artifacts/probes/intphys2/intphys2_probe_linear_videomae_vit_huge_16_224_20260426T152120Z/layer_24/train/trial_0008",
            "params": {
              "batch_size": 256,
              "epochs": 100,
              "lr": 0.0003699972431463808,
              "weight_decay": 3.6749049453053196e-06
            },
            "trial_number": 8,
            "value": 25.49019607843137
          },
          {
            "checkpoint": "artifacts/probes/intphys2/intphys2_probe_linear_videomae_vit_huge_16_224_20260426T152120Z/layer_24/train/trial_0011/probe_best.pt",
            "eval_output_dir": "artifacts/probes/intphys2/intphys2_probe_linear_videomae_vit_huge_16_224_20260426T152120Z/layer_24/train/trial_0011/val_eval",
            "output_dir": "artifacts/probes/intphys2/intphys2_probe_linear_videomae_vit_huge_16_224_20260426T152120Z/layer_24/train/trial_0011",
            "params": {
              "batch_size": 64,
              "epochs": 20,
              "lr": 0.0009028168422346196,
              "weight_decay": 0.00013851041848413182
            },
            "trial_number": 11,
            "value": 11.76470588235294
          },
          {
            "checkpoint": "artifacts/probes/intphys2/intphys2_probe_linear_videomae_vit_huge_16_224_20260426T152120Z/layer_24/train/trial_0014/probe_best.pt",
            "eval_output_dir": "artifacts/probes/intphys2/intphys2_probe_linear_videomae_vit_huge_16_224_20260426T152120Z/layer_24/train/trial_0014/val_eval",
            "output_dir": "artifacts/probes/intphys2/intphys2_probe_linear_videomae_vit_huge_16_224_20260426T152120Z/layer_24/train/trial_0014",
            "params": {
              "batch_size": 32,
              "epochs": 1000,
              "lr": 0.0009550389696130119,
              "weight_decay": 0.0006287181301801359
            },
            "trial_number": 14,
            "value": 33.33333333333333
          },
          {
            "checkpoint": "artifacts/probes/intphys2/intphys2_probe_linear_videomae_vit_huge_16_224_20260426T152120Z/layer_24/train/trial_0015/probe_best.pt",
            "eval_output_dir": "artifacts/probes/intphys2/intphys2_probe_linear_videomae_vit_huge_16_224_20260426T152120Z/layer_24/train/trial_0015/val_eval",
            "output_dir": "artifacts/probes/intphys2/intphys2_probe_linear_videomae_vit_huge_16_224_20260426T152120Z/layer_24/train/trial_0015",
            "params": {
              "batch_size": 128,
              "epochs": 20,
              "lr": 2.990630550212624e-05,
              "weight_decay": 4.792092864251368e-05
            },
            "trial_number": 15,
            "value": 17.647058823529413
          },
          {
            "checkpoint": "artifacts/probes/intphys2/intphys2_probe_linear_videomae_vit_huge_16_224_20260426T152120Z/layer_24/train/trial_0016/probe_best.pt",
            "eval_output_dir": "artifacts/probes/intphys2/intphys2_probe_linear_videomae_vit_huge_16_224_20260426T152120Z/layer_24/train/trial_0016/val_eval",
            "output_dir": "artifacts/probes/intphys2/intphys2_probe_linear_videomae_vit_huge_16_224_20260426T152120Z/layer_24/train/trial_0016",
            "params": {
              "batch_size": 256,
              "epochs": 500,
              "lr": 0.0007814678475619724,
              "weight_decay": 0.0013619271916917198
            },
            "trial_number": 16,
            "value": 37.254901960784316
          },
          {
            "checkpoint": "artifacts/probes/intphys2/intphys2_probe_linear_videomae_vit_huge_16_224_20260426T152120Z/layer_24/train/trial_0017/probe_best.pt",
            "eval_output_dir": "artifacts/probes/intphys2/intphys2_probe_linear_videomae_vit_huge_16_224_20260426T152120Z/layer_24/train/trial_0017/val_eval",
            "output_dir": "artifacts/probes/intphys2/intphys2_probe_linear_videomae_vit_huge_16_224_20260426T152120Z/layer_24/train/trial_0017",
            "params": {
              "batch_size": 256,
              "epochs": 500,
              "lr": 0.007985634897281529,
              "weight_decay": 0.0022544039170690417
            },
            "trial_number": 17,
            "value": 37.254901960784316
          },
          {
            "checkpoint": "artifacts/probes/intphys2/intphys2_probe_linear_videomae_vit_huge_16_224_20260426T152120Z/layer_24/train/trial_0018/probe_best.pt",
            "eval_output_dir": "artifacts/probes/intphys2/intphys2_probe_linear_videomae_vit_huge_16_224_20260426T152120Z/layer_24/train/trial_0018/val_eval",
            "output_dir": "artifacts/probes/intphys2/intphys2_probe_linear_videomae_vit_huge_16_224_20260426T152120Z/layer_24/train/trial_0018",
            "params": {
              "batch_size": 256,
              "epochs": 500,
              "lr": 0.0008129948297847977,
              "weight_decay": 9.622097331889619e-06
            },
            "trial_number": 18,
            "value": 39.21568627450981
          },
          {
            "checkpoint": "artifacts/probes/intphys2/intphys2_probe_linear_videomae_vit_huge_16_224_20260426T152120Z/layer_24/train/trial_0019/probe_best.pt",
            "eval_output_dir": "artifacts/probes/intphys2/intphys2_probe_linear_videomae_vit_huge_16_224_20260426T152120Z/layer_24/train/trial_0019/val_eval",
            "output_dir": "artifacts/probes/intphys2/intphys2_probe_linear_videomae_vit_huge_16_224_20260426T152120Z/layer_24/train/trial_0019",
            "params": {
              "batch_size": 256,
              "epochs": 500,
              "lr": 0.0023493813011513645,
              "weight_decay": 9.555024837062075e-06
            },
            "trial_number": 19,
            "value": 39.21568627450981
          }
        ]
      }
    },
    {
      "checkpoint": "artifacts/probes/intphys2/intphys2_probe_linear_videomae_vit_huge_16_224_20260426T152120Z/layer_32/train/trial_0012/probe_best.pt",
      "eval": {
        "base_eval": {
          "metrics": {
            "accuracy": 54.90196078431373,
            "accuracy_by_condition": {
              "continuity": 52.083333333333336,
              "immutability": 64.58333333333334,
              "permanence": 54.166666666666664,
              "solidity": 50.0
            },
            "n_samples": 204,
            "n_scenes": 51,
            "voe_accuracy": 31.372549019607842,
            "voe_by_condition": {
              "continuity": 25.0,
              "immutability": 58.333333333333336,
              "permanence": 50.0,
              "solidity": 0.0
            }
          },
          "output_dir": "artifacts/probes/intphys2/intphys2_probe_linear_videomae_vit_huge_16_224_20260426T152120Z/layer_32/eval/test",
          "split_dir": "data/splits/intphys2"
        },
        "checkpoint": "artifacts/probes/intphys2/intphys2_probe_linear_videomae_vit_huge_16_224_20260426T152120Z/layer_32/train/trial_0012/probe_best.pt",
        "dataset": "intphys2",
        "feature_signature": "1e642fe5ac5d5e7f",
        "metrics": {
          "accuracy": 54.90196078431373,
          "accuracy_by_condition": {
            "continuity": 52.083333333333336,
            "immutability": 64.58333333333334,
            "permanence": 54.166666666666664,
            "solidity": 50.0
          },
          "n_samples": 204,
          "n_scenes": 51,
          "voe_accuracy": 31.372549019607842,
          "voe_by_condition": {
            "continuity": 25.0,
            "immutability": 58.333333333333336,
            "permanence": 50.0,
            "solidity": 0.0
          }
        },
        "metrics_by_split": {
          "test": {
            "accuracy": 54.90196078431373,
            "accuracy_by_condition": {
              "continuity": 52.083333333333336,
              "immutability": 64.58333333333334,
              "permanence": 54.166666666666664,
              "solidity": 50.0
            },
            "n_samples": 204,
            "n_scenes": 51,
            "voe_accuracy": 31.372549019607842,
            "voe_by_condition": {
              "continuity": 25.0,
              "immutability": 58.333333333333336,
              "permanence": 50.0,
              "solidity": 0.0
            }
          },
          "train": {
            "accuracy": 66.05960264900662,
            "accuracy_by_condition": {
              "continuity": 69.44444444444444,
              "immutability": 66.66666666666666,
              "permanence": 69.44444444444444,
              "solidity": 59.883720930232556
            },
            "n_samples": 604,
            "n_scenes": 151,
            "voe_accuracy": 62.251655629139066,
            "voe_by_condition": {
              "continuity": 72.22222222222221,
              "immutability": 69.44444444444444,
              "permanence": 69.44444444444444,
              "solidity": 41.86046511627907
            }
          },
          "val": {
            "accuracy": 57.35294117647059,
            "accuracy_by_condition": {
              "continuity": 58.333333333333336,
              "immutability": 64.58333333333334,
              "permanence": 54.166666666666664,
              "solidity": 53.333333333333336
            },
            "n_samples": 204,
            "n_scenes": 51,
            "voe_accuracy": 31.372549019607842,
            "voe_by_condition": {
              "continuity": 41.66666666666667,
              "immutability": 41.66666666666667,
              "permanence": 33.33333333333333,
              "solidity": 13.333333333333334
            }
          }
        },
        "objective_metric": 31.372549019607842,
        "prediction_file": "artifacts/probes/intphys2/intphys2_probe_linear_videomae_vit_huge_16_224_20260426T152120Z/layer_32/eval/test/probe_predictions.json",
        "prediction_files": {
          "test": "artifacts/probes/intphys2/intphys2_probe_linear_videomae_vit_huge_16_224_20260426T152120Z/layer_32/eval/test/probe_predictions.json",
          "train": "artifacts/probes/intphys2/intphys2_probe_linear_videomae_vit_huge_16_224_20260426T152120Z/layer_32/eval/train/probe_predictions.json",
          "val": "artifacts/probes/intphys2/intphys2_probe_linear_videomae_vit_huge_16_224_20260426T152120Z/layer_32/eval/val/probe_predictions.json"
        },
        "probe_eval_dir": "artifacts/probes/intphys2/intphys2_probe_linear_videomae_vit_huge_16_224_20260426T152120Z/layer_32/eval",
        "probe_name": "linear",
        "reported_splits": [
          "train",
          "val",
          "test"
        ],
        "split_eval_dirs": {
          "test": "artifacts/probes/intphys2/intphys2_probe_linear_videomae_vit_huge_16_224_20260426T152120Z/layer_32/eval/test",
          "train": "artifacts/probes/intphys2/intphys2_probe_linear_videomae_vit_huge_16_224_20260426T152120Z/layer_32/eval/train",
          "val": "artifacts/probes/intphys2/intphys2_probe_linear_videomae_vit_huge_16_224_20260426T152120Z/layer_32/eval/val"
        },
        "split_evals": {
          "test": {
            "base_eval": {
              "metrics": {
                "accuracy": 54.90196078431373,
                "accuracy_by_condition": {
                  "continuity": 52.083333333333336,
                  "immutability": 64.58333333333334,
                  "permanence": 54.166666666666664,
                  "solidity": 50.0
                },
                "n_samples": 204,
                "n_scenes": 51,
                "voe_accuracy": 31.372549019607842,
                "voe_by_condition": {
                  "continuity": 25.0,
                  "immutability": 58.333333333333336,
                  "permanence": 50.0,
                  "solidity": 0.0
                }
              },
              "output_dir": "artifacts/probes/intphys2/intphys2_probe_linear_videomae_vit_huge_16_224_20260426T152120Z/layer_32/eval/test",
              "split_dir": "data/splits/intphys2"
            },
            "checkpoint": "artifacts/probes/intphys2/intphys2_probe_linear_videomae_vit_huge_16_224_20260426T152120Z/layer_32/train/trial_0012/probe_best.pt",
            "dataset": "intphys2",
            "feature_signature": "1e642fe5ac5d5e7f",
            "metrics": {
              "accuracy": 54.90196078431373,
              "accuracy_by_condition": {
                "continuity": 52.083333333333336,
                "immutability": 64.58333333333334,
                "permanence": 54.166666666666664,
                "solidity": 50.0
              },
              "n_samples": 204,
              "n_scenes": 51,
              "voe_accuracy": 31.372549019607842,
              "voe_by_condition": {
                "continuity": 25.0,
                "immutability": 58.333333333333336,
                "permanence": 50.0,
                "solidity": 0.0
              }
            },
            "objective_metric": 31.372549019607842,
            "prediction_file": "artifacts/probes/intphys2/intphys2_probe_linear_videomae_vit_huge_16_224_20260426T152120Z/layer_32/eval/test/probe_predictions.json",
            "probe_eval_dir": "artifacts/probes/intphys2/intphys2_probe_linear_videomae_vit_huge_16_224_20260426T152120Z/layer_32/eval/test",
            "probe_name": "linear",
            "split_name": "test"
          },
          "train": {
            "base_eval": {
              "metrics": {
                "accuracy": 66.05960264900662,
                "accuracy_by_condition": {
                  "continuity": 69.44444444444444,
                  "immutability": 66.66666666666666,
                  "permanence": 69.44444444444444,
                  "solidity": 59.883720930232556
                },
                "n_samples": 604,
                "n_scenes": 151,
                "voe_accuracy": 62.251655629139066,
                "voe_by_condition": {
                  "continuity": 72.22222222222221,
                  "immutability": 69.44444444444444,
                  "permanence": 69.44444444444444,
                  "solidity": 41.86046511627907
                }
              },
              "output_dir": "artifacts/probes/intphys2/intphys2_probe_linear_videomae_vit_huge_16_224_20260426T152120Z/layer_32/eval/train",
              "split_dir": "data/splits/intphys2"
            },
            "checkpoint": "artifacts/probes/intphys2/intphys2_probe_linear_videomae_vit_huge_16_224_20260426T152120Z/layer_32/train/trial_0012/probe_best.pt",
            "dataset": "intphys2",
            "feature_signature": "1e642fe5ac5d5e7f",
            "metrics": {
              "accuracy": 66.05960264900662,
              "accuracy_by_condition": {
                "continuity": 69.44444444444444,
                "immutability": 66.66666666666666,
                "permanence": 69.44444444444444,
                "solidity": 59.883720930232556
              },
              "n_samples": 604,
              "n_scenes": 151,
              "voe_accuracy": 62.251655629139066,
              "voe_by_condition": {
                "continuity": 72.22222222222221,
                "immutability": 69.44444444444444,
                "permanence": 69.44444444444444,
                "solidity": 41.86046511627907
              }
            },
            "objective_metric": 62.251655629139066,
            "prediction_file": "artifacts/probes/intphys2/intphys2_probe_linear_videomae_vit_huge_16_224_20260426T152120Z/layer_32/eval/train/probe_predictions.json",
            "probe_eval_dir": "artifacts/probes/intphys2/intphys2_probe_linear_videomae_vit_huge_16_224_20260426T152120Z/layer_32/eval/train",
            "probe_name": "linear",
            "split_name": "train"
          },
          "val": {
            "base_eval": {
              "metrics": {
                "accuracy": 57.35294117647059,
                "accuracy_by_condition": {
                  "continuity": 58.333333333333336,
                  "immutability": 64.58333333333334,
                  "permanence": 54.166666666666664,
                  "solidity": 53.333333333333336
                },
                "n_samples": 204,
                "n_scenes": 51,
                "voe_accuracy": 31.372549019607842,
                "voe_by_condition": {
                  "continuity": 41.66666666666667,
                  "immutability": 41.66666666666667,
                  "permanence": 33.33333333333333,
                  "solidity": 13.333333333333334
                }
              },
              "output_dir": "artifacts/probes/intphys2/intphys2_probe_linear_videomae_vit_huge_16_224_20260426T152120Z/layer_32/eval/val",
              "split_dir": "data/splits/intphys2"
            },
            "checkpoint": "artifacts/probes/intphys2/intphys2_probe_linear_videomae_vit_huge_16_224_20260426T152120Z/layer_32/train/trial_0012/probe_best.pt",
            "dataset": "intphys2",
            "feature_signature": "1e642fe5ac5d5e7f",
            "metrics": {
              "accuracy": 57.35294117647059,
              "accuracy_by_condition": {
                "continuity": 58.333333333333336,
                "immutability": 64.58333333333334,
                "permanence": 54.166666666666664,
                "solidity": 53.333333333333336
              },
              "n_samples": 204,
              "n_scenes": 51,
              "voe_accuracy": 31.372549019607842,
              "voe_by_condition": {
                "continuity": 41.66666666666667,
                "immutability": 41.66666666666667,
                "permanence": 33.33333333333333,
                "solidity": 13.333333333333334
              }
            },
            "objective_metric": 31.372549019607842,
            "prediction_file": "artifacts/probes/intphys2/intphys2_probe_linear_videomae_vit_huge_16_224_20260426T152120Z/layer_32/eval/val/probe_predictions.json",
            "probe_eval_dir": "artifacts/probes/intphys2/intphys2_probe_linear_videomae_vit_huge_16_224_20260426T152120Z/layer_32/eval/val",
            "probe_name": "linear",
            "split_name": "val"
          }
        },
        "split_name": "test"
      },
      "layer": 32,
      "layer_label": "32",
      "objective_metric": 31.372549019607842,
      "train": {
        "best_checkpoint": "artifacts/probes/intphys2/intphys2_probe_linear_videomae_vit_huge_16_224_20260426T152120Z/layer_32/train/trial_0012/probe_best.pt",
        "best_eval_output_dir": "artifacts/probes/intphys2/intphys2_probe_linear_videomae_vit_huge_16_224_20260426T152120Z/layer_32/train/trial_0012/val_eval",
        "best_output_dir": "artifacts/probes/intphys2/intphys2_probe_linear_videomae_vit_huge_16_224_20260426T152120Z/layer_32/train/trial_0012",
        "best_params": {
          "batch_size": 32,
          "epochs": 1000,
          "lr": 0.0007834552695468125,
          "weight_decay": 1.0995079668358829e-08
        },
        "best_trial_number": 12,
        "best_value": 31.372549019607842,
        "checkpoint": "artifacts/probes/intphys2/intphys2_probe_linear_videomae_vit_huge_16_224_20260426T152120Z/layer_32/train/trial_0012/probe_best.pt",
        "dataset": "intphys2",
        "direction": "maximize",
        "layer": 32,
        "n_trials": 20,
        "objective_metric": "voe_accuracy",
        "output_dir": "artifacts/probes/intphys2/intphys2_probe_linear_videomae_vit_huge_16_224_20260426T152120Z/layer_32/train",
        "probe_name": "linear",
        "storage": "sqlite:////gpfs/home3/scur0511/Probe4Physics/artifacts/probes/intphys2/intphys2_probe_linear_videomae_vit_huge_16_224_20260426T152120Z/layer_32/train/optuna_study.sqlite3",
        "study_name": "intphys2_linear_videomae_vit_huge_16_224_layer_32",
        "trials": [
          {
            "checkpoint": "artifacts/probes/intphys2/intphys2_probe_linear_videomae_vit_huge_16_224_20260426T152120Z/layer_32/train/trial_0000/probe_best.pt",
            "eval_output_dir": "artifacts/probes/intphys2/intphys2_probe_linear_videomae_vit_huge_16_224_20260426T152120Z/layer_32/train/trial_0000/val_eval",
            "output_dir": "artifacts/probes/intphys2/intphys2_probe_linear_videomae_vit_huge_16_224_20260426T152120Z/layer_32/train/trial_0000",
            "params": {
              "batch_size": 32,
              "epochs": 2000,
              "lr": 0.0001329291894316216,
              "weight_decay": 0.005061576888752304
            },
            "trial_number": 0,
            "value": 19.607843137254903
          },
          {
            "checkpoint": "artifacts/probes/intphys2/intphys2_probe_linear_videomae_vit_huge_16_224_20260426T152120Z/layer_32/train/trial_0001/probe_best.pt",
            "eval_output_dir": "artifacts/probes/intphys2/intphys2_probe_linear_videomae_vit_huge_16_224_20260426T152120Z/layer_32/train/trial_0001/val_eval",
            "output_dir": "artifacts/probes/intphys2/intphys2_probe_linear_videomae_vit_huge_16_224_20260426T152120Z/layer_32/train/trial_0001",
            "params": {
              "batch_size": 256,
              "epochs": 100,
              "lr": 0.00314288089084011,
              "weight_decay": 1.879466824163843e-07
            },
            "trial_number": 1,
            "value": 17.647058823529413
          },
          {
            "checkpoint": "artifacts/probes/intphys2/intphys2_probe_linear_videomae_vit_huge_16_224_20260426T152120Z/layer_32/train/trial_0002/probe_best.pt",
            "eval_output_dir": "artifacts/probes/intphys2/intphys2_probe_linear_videomae_vit_huge_16_224_20260426T152120Z/layer_32/train/trial_0002/val_eval",
            "output_dir": "artifacts/probes/intphys2/intphys2_probe_linear_videomae_vit_huge_16_224_20260426T152120Z/layer_32/train/trial_0002",
            "params": {
              "batch_size": 128,
              "epochs": 1000,
              "lr": 0.00023345864076016249,
              "weight_decay": 0.0005141096648805752
            },
            "trial_number": 2,
            "value": 29.411764705882355
          },
          {
            "checkpoint": "artifacts/probes/intphys2/intphys2_probe_linear_videomae_vit_huge_16_224_20260426T152120Z/layer_32/train/trial_0003/probe_best.pt",
            "eval_output_dir": "artifacts/probes/intphys2/intphys2_probe_linear_videomae_vit_huge_16_224_20260426T152120Z/layer_32/train/trial_0003/val_eval",
            "output_dir": "artifacts/probes/intphys2/intphys2_probe_linear_videomae_vit_huge_16_224_20260426T152120Z/layer_32/train/trial_0003",
            "params": {
              "batch_size": 32,
              "epochs": 50,
              "lr": 8.200518402245828e-05,
              "weight_decay": 3.855073690026179e-08
            },
            "trial_number": 3,
            "value": 25.49019607843137
          },
          {
            "checkpoint": "artifacts/probes/intphys2/intphys2_probe_linear_videomae_vit_huge_16_224_20260426T152120Z/layer_32/train/trial_0004/probe_best.pt",
            "eval_output_dir": "artifacts/probes/intphys2/intphys2_probe_linear_videomae_vit_huge_16_224_20260426T152120Z/layer_32/train/trial_0004/val_eval",
            "output_dir": "artifacts/probes/intphys2/intphys2_probe_linear_videomae_vit_huge_16_224_20260426T152120Z/layer_32/train/trial_0004",
            "params": {
              "batch_size": 32,
              "epochs": 50,
              "lr": 0.00043664735929796326,
              "weight_decay": 1.2856617791467908e-07
            },
            "trial_number": 4,
            "value": 17.647058823529413
          },
          {
            "checkpoint": "artifacts/probes/intphys2/intphys2_probe_linear_videomae_vit_huge_16_224_20260426T152120Z/layer_32/train/trial_0006/probe_best.pt",
            "eval_output_dir": "artifacts/probes/intphys2/intphys2_probe_linear_videomae_vit_huge_16_224_20260426T152120Z/layer_32/train/trial_0006/val_eval",
            "output_dir": "artifacts/probes/intphys2/intphys2_probe_linear_videomae_vit_huge_16_224_20260426T152120Z/layer_32/train/trial_0006",
            "params": {
              "batch_size": 128,
              "epochs": 100,
              "lr": 1.0388823104027935e-05,
              "weight_decay": 0.0007812113973534924
            },
            "trial_number": 6,
            "value": 19.607843137254903
          },
          {
            "checkpoint": "artifacts/probes/intphys2/intphys2_probe_linear_videomae_vit_huge_16_224_20260426T152120Z/layer_32/train/trial_0008/probe_best.pt",
            "eval_output_dir": "artifacts/probes/intphys2/intphys2_probe_linear_videomae_vit_huge_16_224_20260426T152120Z/layer_32/train/trial_0008/val_eval",
            "output_dir": "artifacts/probes/intphys2/intphys2_probe_linear_videomae_vit_huge_16_224_20260426T152120Z/layer_32/train/trial_0008",
            "params": {
              "batch_size": 256,
              "epochs": 100,
              "lr": 0.0003699972431463808,
              "weight_decay": 3.6749049453053196e-06
            },
            "trial_number": 8,
            "value": 13.725490196078432
          },
          {
            "checkpoint": "artifacts/probes/intphys2/intphys2_probe_linear_videomae_vit_huge_16_224_20260426T152120Z/layer_32/train/trial_0010/probe_best.pt",
            "eval_output_dir": "artifacts/probes/intphys2/intphys2_probe_linear_videomae_vit_huge_16_224_20260426T152120Z/layer_32/train/trial_0010/val_eval",
            "output_dir": "artifacts/probes/intphys2/intphys2_probe_linear_videomae_vit_huge_16_224_20260426T152120Z/layer_32/train/trial_0010",
            "params": {
              "batch_size": 64,
              "epochs": 20,
              "lr": 0.002146403547714585,
              "weight_decay": 0.00011188771567666644
            },
            "trial_number": 10,
            "value": 13.725490196078432
          },
          {
            "checkpoint": "artifacts/probes/intphys2/intphys2_probe_linear_videomae_vit_huge_16_224_20260426T152120Z/layer_32/train/trial_0011/probe_best.pt",
            "eval_output_dir": "artifacts/probes/intphys2/intphys2_probe_linear_videomae_vit_huge_16_224_20260426T152120Z/layer_32/train/trial_0011/val_eval",
            "output_dir": "artifacts/probes/intphys2/intphys2_probe_linear_videomae_vit_huge_16_224_20260426T152120Z/layer_32/train/trial_0011",
            "params": {
              "batch_size": 64,
              "epochs": 50,
              "lr": 1.988897678216286e-05,
              "weight_decay": 5.18966548872156e-05
            },
            "trial_number": 11,
            "value": 7.8431372549019605
          },
          {
            "checkpoint": "artifacts/probes/intphys2/intphys2_probe_linear_videomae_vit_huge_16_224_20260426T152120Z/layer_32/train/trial_0012/probe_best.pt",
            "eval_output_dir": "artifacts/probes/intphys2/intphys2_probe_linear_videomae_vit_huge_16_224_20260426T152120Z/layer_32/train/trial_0012/val_eval",
            "output_dir": "artifacts/probes/intphys2/intphys2_probe_linear_videomae_vit_huge_16_224_20260426T152120Z/layer_32/train/trial_0012",
            "params": {
              "batch_size": 32,
              "epochs": 1000,
              "lr": 0.0007834552695468125,
              "weight_decay": 1.0995079668358829e-08
            },
            "trial_number": 12,
            "value": 31.372549019607842
          },
          {
            "checkpoint": "artifacts/probes/intphys2/intphys2_probe_linear_videomae_vit_huge_16_224_20260426T152120Z/layer_32/train/trial_0013/probe_best.pt",
            "eval_output_dir": "artifacts/probes/intphys2/intphys2_probe_linear_videomae_vit_huge_16_224_20260426T152120Z/layer_32/train/trial_0013/val_eval",
            "output_dir": "artifacts/probes/intphys2/intphys2_probe_linear_videomae_vit_huge_16_224_20260426T152120Z/layer_32/train/trial_0013",
            "params": {
              "batch_size": 128,
              "epochs": 1000,
              "lr": 0.0009651607211596985,
              "weight_decay": 1.6818509716422147e-05
            },
            "trial_number": 13,
            "value": 27.450980392156865
          },
          {
            "checkpoint": "artifacts/probes/intphys2/intphys2_probe_linear_videomae_vit_huge_16_224_20260426T152120Z/layer_32/train/trial_0016/probe_best.pt",
            "eval_output_dir": "artifacts/probes/intphys2/intphys2_probe_linear_videomae_vit_huge_16_224_20260426T152120Z/layer_32/train/trial_0016/val_eval",
            "output_dir": "artifacts/probes/intphys2/intphys2_probe_linear_videomae_vit_huge_16_224_20260426T152120Z/layer_32/train/trial_0016",
            "params": {
              "batch_size": 256,
              "epochs": 20,
              "lr": 0.0007637106304017803,
              "weight_decay": 3.4454266473096603e-06
            },
            "trial_number": 16,
            "value": 9.803921568627452
          }
        ]
      }
    }
  ],
  "model_selection_split": "val",
  "probe_name": "linear",
  "reported_splits": [
    "train",
    "val",
    "test"
  ],
  "requested_layers": [
    8,
    16,
    24,
    32
  ],
  "split_name": "test",
  "sweep_dir": "artifacts/probes/intphys2/intphys2_probe_linear_videomae_vit_huge_16_224_20260426T152120Z",
  "train_split": "train"
}
JOB_END_UTC=2026-04-26T15:47:19Z
JOB_ELAPSED_SECONDS=1563
