===== TRAIN PROVENANCE =====
Sun Apr 26 15:21:16 UTC 2026
tcn220.local.snellius.surf.nl
a55c754108a8b6605ec426bb1c010371bd627d81
Python 3.11.15
/home/scur0511/.conda/envs/probe4physics-gpu/bin/python
REPO_ROOT=/gpfs/home3/scur0511/Probe4Physics
DATASET_NAME=intphys2
PROBE_NAME=linear
BACKBONE_NAME=jepa_v1
BACKBONE_VARIANT=vith16_384
PROBE_EPOCHS=<config default>
PROBE_DEVICE=cpu
PROBE_LAYER=last
PROBE_LAYERS=8,16,24,32
PROBE_FEATURE_VIEW=pooled
ENABLE_WANDB=true
WANDB_PROJECT=probe4physics
WANDB_MODE=online
WANDB_GROUP=intphys2_linear_jepa_v1_vith16_384
ENABLE_OPTUNA=true
OPTUNA_N_TRIALS=20
OPTUNA_N_JOBS=1
OPTUNA_TIMEOUT_SECONDS=0
ENABLE_OPTUNA_PRUNER=true
OPTUNA_PRUNER_STARTUP_TRIALS=3
OPTUNA_PRUNER_WARMUP_STEPS=100
OPTUNA_PRUNER_INTERVAL_STEPS=1
OPTUNA_STUDY_NAME=intphys2_linear_jepa_v1_vith16_384
OPTUNA_SEARCH_OVERRIDES=<none>
============================
JOB_START_UTC=2026-04-26T15:21:16Z
{
  "best_layer": null,
  "best_layer_label": null,
  "best_objective_metric": null,
  "dataset": "intphys2",
  "feature_view": "pooled",
  "layers": [
    {
      "checkpoint": "artifacts/probes/intphys2/intphys2_probe_linear_jepa_v1_vith16_384_20260426T152120Z/layer_8/train/trial_0008/probe_best.pt",
      "eval": {
        "base_eval": {
          "metrics": {
            "accuracy": 50.98039215686274,
            "accuracy_by_condition": {
              "continuity": 50.0,
              "immutability": 52.083333333333336,
              "permanence": 52.083333333333336,
              "solidity": 50.0
            },
            "n_samples": 204,
            "n_scenes": 51,
            "voe_accuracy": 13.725490196078432,
            "voe_by_condition": {
              "continuity": 16.666666666666664,
              "immutability": 8.333333333333332,
              "permanence": 16.666666666666664,
              "solidity": 13.333333333333334
            }
          },
          "output_dir": "artifacts/probes/intphys2/intphys2_probe_linear_jepa_v1_vith16_384_20260426T152120Z/layer_8/eval/test",
          "split_dir": "data/splits/intphys2"
        },
        "checkpoint": "artifacts/probes/intphys2/intphys2_probe_linear_jepa_v1_vith16_384_20260426T152120Z/layer_8/train/trial_0008/probe_best.pt",
        "dataset": "intphys2",
        "feature_signature": "78346a9facde6609",
        "metrics": {
          "accuracy": 50.98039215686274,
          "accuracy_by_condition": {
            "continuity": 50.0,
            "immutability": 52.083333333333336,
            "permanence": 52.083333333333336,
            "solidity": 50.0
          },
          "n_samples": 204,
          "n_scenes": 51,
          "voe_accuracy": 13.725490196078432,
          "voe_by_condition": {
            "continuity": 16.666666666666664,
            "immutability": 8.333333333333332,
            "permanence": 16.666666666666664,
            "solidity": 13.333333333333334
          }
        },
        "metrics_by_split": {
          "test": {
            "accuracy": 50.98039215686274,
            "accuracy_by_condition": {
              "continuity": 50.0,
              "immutability": 52.083333333333336,
              "permanence": 52.083333333333336,
              "solidity": 50.0
            },
            "n_samples": 204,
            "n_scenes": 51,
            "voe_accuracy": 13.725490196078432,
            "voe_by_condition": {
              "continuity": 16.666666666666664,
              "immutability": 8.333333333333332,
              "permanence": 16.666666666666664,
              "solidity": 13.333333333333334
            }
          },
          "train": {
            "accuracy": 52.152317880794705,
            "accuracy_by_condition": {
              "continuity": 52.083333333333336,
              "immutability": 51.388888888888886,
              "permanence": 51.388888888888886,
              "solidity": 53.48837209302325
            },
            "n_samples": 604,
            "n_scenes": 151,
            "voe_accuracy": 19.867549668874172,
            "voe_by_condition": {
              "continuity": 25.0,
              "immutability": 27.77777777777778,
              "permanence": 16.666666666666664,
              "solidity": 11.627906976744185
            }
          },
          "val": {
            "accuracy": 54.41176470588235,
            "accuracy_by_condition": {
              "continuity": 50.0,
              "immutability": 58.333333333333336,
              "permanence": 52.083333333333336,
              "solidity": 56.666666666666664
            },
            "n_samples": 204,
            "n_scenes": 51,
            "voe_accuracy": 25.49019607843137,
            "voe_by_condition": {
              "continuity": 16.666666666666664,
              "immutability": 33.33333333333333,
              "permanence": 33.33333333333333,
              "solidity": 20.0
            }
          }
        },
        "objective_metric": 13.725490196078432,
        "prediction_file": "artifacts/probes/intphys2/intphys2_probe_linear_jepa_v1_vith16_384_20260426T152120Z/layer_8/eval/test/probe_predictions.json",
        "prediction_files": {
          "test": "artifacts/probes/intphys2/intphys2_probe_linear_jepa_v1_vith16_384_20260426T152120Z/layer_8/eval/test/probe_predictions.json",
          "train": "artifacts/probes/intphys2/intphys2_probe_linear_jepa_v1_vith16_384_20260426T152120Z/layer_8/eval/train/probe_predictions.json",
          "val": "artifacts/probes/intphys2/intphys2_probe_linear_jepa_v1_vith16_384_20260426T152120Z/layer_8/eval/val/probe_predictions.json"
        },
        "probe_eval_dir": "artifacts/probes/intphys2/intphys2_probe_linear_jepa_v1_vith16_384_20260426T152120Z/layer_8/eval",
        "probe_name": "linear",
        "reported_splits": [
          "train",
          "val",
          "test"
        ],
        "split_eval_dirs": {
          "test": "artifacts/probes/intphys2/intphys2_probe_linear_jepa_v1_vith16_384_20260426T152120Z/layer_8/eval/test",
          "train": "artifacts/probes/intphys2/intphys2_probe_linear_jepa_v1_vith16_384_20260426T152120Z/layer_8/eval/train",
          "val": "artifacts/probes/intphys2/intphys2_probe_linear_jepa_v1_vith16_384_20260426T152120Z/layer_8/eval/val"
        },
        "split_evals": {
          "test": {
            "base_eval": {
              "metrics": {
                "accuracy": 50.98039215686274,
                "accuracy_by_condition": {
                  "continuity": 50.0,
                  "immutability": 52.083333333333336,
                  "permanence": 52.083333333333336,
                  "solidity": 50.0
                },
                "n_samples": 204,
                "n_scenes": 51,
                "voe_accuracy": 13.725490196078432,
                "voe_by_condition": {
                  "continuity": 16.666666666666664,
                  "immutability": 8.333333333333332,
                  "permanence": 16.666666666666664,
                  "solidity": 13.333333333333334
                }
              },
              "output_dir": "artifacts/probes/intphys2/intphys2_probe_linear_jepa_v1_vith16_384_20260426T152120Z/layer_8/eval/test",
              "split_dir": "data/splits/intphys2"
            },
            "checkpoint": "artifacts/probes/intphys2/intphys2_probe_linear_jepa_v1_vith16_384_20260426T152120Z/layer_8/train/trial_0008/probe_best.pt",
            "dataset": "intphys2",
            "feature_signature": "78346a9facde6609",
            "metrics": {
              "accuracy": 50.98039215686274,
              "accuracy_by_condition": {
                "continuity": 50.0,
                "immutability": 52.083333333333336,
                "permanence": 52.083333333333336,
                "solidity": 50.0
              },
              "n_samples": 204,
              "n_scenes": 51,
              "voe_accuracy": 13.725490196078432,
              "voe_by_condition": {
                "continuity": 16.666666666666664,
                "immutability": 8.333333333333332,
                "permanence": 16.666666666666664,
                "solidity": 13.333333333333334
              }
            },
            "objective_metric": 13.725490196078432,
            "prediction_file": "artifacts/probes/intphys2/intphys2_probe_linear_jepa_v1_vith16_384_20260426T152120Z/layer_8/eval/test/probe_predictions.json",
            "probe_eval_dir": "artifacts/probes/intphys2/intphys2_probe_linear_jepa_v1_vith16_384_20260426T152120Z/layer_8/eval/test",
            "probe_name": "linear",
            "split_name": "test"
          },
          "train": {
            "base_eval": {
              "metrics": {
                "accuracy": 52.152317880794705,
                "accuracy_by_condition": {
                  "continuity": 52.083333333333336,
                  "immutability": 51.388888888888886,
                  "permanence": 51.388888888888886,
                  "solidity": 53.48837209302325
                },
                "n_samples": 604,
                "n_scenes": 151,
                "voe_accuracy": 19.867549668874172,
                "voe_by_condition": {
                  "continuity": 25.0,
                  "immutability": 27.77777777777778,
                  "permanence": 16.666666666666664,
                  "solidity": 11.627906976744185
                }
              },
              "output_dir": "artifacts/probes/intphys2/intphys2_probe_linear_jepa_v1_vith16_384_20260426T152120Z/layer_8/eval/train",
              "split_dir": "data/splits/intphys2"
            },
            "checkpoint": "artifacts/probes/intphys2/intphys2_probe_linear_jepa_v1_vith16_384_20260426T152120Z/layer_8/train/trial_0008/probe_best.pt",
            "dataset": "intphys2",
            "feature_signature": "78346a9facde6609",
            "metrics": {
              "accuracy": 52.152317880794705,
              "accuracy_by_condition": {
                "continuity": 52.083333333333336,
                "immutability": 51.388888888888886,
                "permanence": 51.388888888888886,
                "solidity": 53.48837209302325
              },
              "n_samples": 604,
              "n_scenes": 151,
              "voe_accuracy": 19.867549668874172,
              "voe_by_condition": {
                "continuity": 25.0,
                "immutability": 27.77777777777778,
                "permanence": 16.666666666666664,
                "solidity": 11.627906976744185
              }
            },
            "objective_metric": 19.867549668874172,
            "prediction_file": "artifacts/probes/intphys2/intphys2_probe_linear_jepa_v1_vith16_384_20260426T152120Z/layer_8/eval/train/probe_predictions.json",
            "probe_eval_dir": "artifacts/probes/intphys2/intphys2_probe_linear_jepa_v1_vith16_384_20260426T152120Z/layer_8/eval/train",
            "probe_name": "linear",
            "split_name": "train"
          },
          "val": {
            "base_eval": {
              "metrics": {
                "accuracy": 54.41176470588235,
                "accuracy_by_condition": {
                  "continuity": 50.0,
                  "immutability": 58.333333333333336,
                  "permanence": 52.083333333333336,
                  "solidity": 56.666666666666664
                },
                "n_samples": 204,
                "n_scenes": 51,
                "voe_accuracy": 25.49019607843137,
                "voe_by_condition": {
                  "continuity": 16.666666666666664,
                  "immutability": 33.33333333333333,
                  "permanence": 33.33333333333333,
                  "solidity": 20.0
                }
              },
              "output_dir": "artifacts/probes/intphys2/intphys2_probe_linear_jepa_v1_vith16_384_20260426T152120Z/layer_8/eval/val",
              "split_dir": "data/splits/intphys2"
            },
            "checkpoint": "artifacts/probes/intphys2/intphys2_probe_linear_jepa_v1_vith16_384_20260426T152120Z/layer_8/train/trial_0008/probe_best.pt",
            "dataset": "intphys2",
            "feature_signature": "78346a9facde6609",
            "metrics": {
              "accuracy": 54.41176470588235,
              "accuracy_by_condition": {
                "continuity": 50.0,
                "immutability": 58.333333333333336,
                "permanence": 52.083333333333336,
                "solidity": 56.666666666666664
              },
              "n_samples": 204,
              "n_scenes": 51,
              "voe_accuracy": 25.49019607843137,
              "voe_by_condition": {
                "continuity": 16.666666666666664,
                "immutability": 33.33333333333333,
                "permanence": 33.33333333333333,
                "solidity": 20.0
              }
            },
            "objective_metric": 25.49019607843137,
            "prediction_file": "artifacts/probes/intphys2/intphys2_probe_linear_jepa_v1_vith16_384_20260426T152120Z/layer_8/eval/val/probe_predictions.json",
            "probe_eval_dir": "artifacts/probes/intphys2/intphys2_probe_linear_jepa_v1_vith16_384_20260426T152120Z/layer_8/eval/val",
            "probe_name": "linear",
            "split_name": "val"
          }
        },
        "split_name": "test"
      },
      "layer": 8,
      "layer_label": "8",
      "objective_metric": 13.725490196078432,
      "train": {
        "best_checkpoint": "artifacts/probes/intphys2/intphys2_probe_linear_jepa_v1_vith16_384_20260426T152120Z/layer_8/train/trial_0008/probe_best.pt",
        "best_eval_output_dir": "artifacts/probes/intphys2/intphys2_probe_linear_jepa_v1_vith16_384_20260426T152120Z/layer_8/train/trial_0008/val_eval",
        "best_output_dir": "artifacts/probes/intphys2/intphys2_probe_linear_jepa_v1_vith16_384_20260426T152120Z/layer_8/train/trial_0008",
        "best_params": {
          "batch_size": 256,
          "epochs": 100,
          "lr": 0.0003699972431463808,
          "weight_decay": 3.6749049453053196e-06
        },
        "best_trial_number": 8,
        "best_value": 25.49019607843137,
        "checkpoint": "artifacts/probes/intphys2/intphys2_probe_linear_jepa_v1_vith16_384_20260426T152120Z/layer_8/train/trial_0008/probe_best.pt",
        "dataset": "intphys2",
        "direction": "maximize",
        "layer": 8,
        "n_trials": 20,
        "objective_metric": "voe_accuracy",
        "output_dir": "artifacts/probes/intphys2/intphys2_probe_linear_jepa_v1_vith16_384_20260426T152120Z/layer_8/train",
        "probe_name": "linear",
        "storage": "sqlite:////gpfs/home3/scur0511/Probe4Physics/artifacts/probes/intphys2/intphys2_probe_linear_jepa_v1_vith16_384_20260426T152120Z/layer_8/train/optuna_study.sqlite3",
        "study_name": "intphys2_linear_jepa_v1_vith16_384_layer_8",
        "trials": [
          {
            "checkpoint": "artifacts/probes/intphys2/intphys2_probe_linear_jepa_v1_vith16_384_20260426T152120Z/layer_8/train/trial_0000/probe_best.pt",
            "eval_output_dir": "artifacts/probes/intphys2/intphys2_probe_linear_jepa_v1_vith16_384_20260426T152120Z/layer_8/train/trial_0000/val_eval",
            "output_dir": "artifacts/probes/intphys2/intphys2_probe_linear_jepa_v1_vith16_384_20260426T152120Z/layer_8/train/trial_0000",
            "params": {
              "batch_size": 32,
              "epochs": 2000,
              "lr": 0.0001329291894316216,
              "weight_decay": 0.005061576888752304
            },
            "trial_number": 0,
            "value": 21.568627450980394
          },
          {
            "checkpoint": "artifacts/probes/intphys2/intphys2_probe_linear_jepa_v1_vith16_384_20260426T152120Z/layer_8/train/trial_0001/probe_best.pt",
            "eval_output_dir": "artifacts/probes/intphys2/intphys2_probe_linear_jepa_v1_vith16_384_20260426T152120Z/layer_8/train/trial_0001/val_eval",
            "output_dir": "artifacts/probes/intphys2/intphys2_probe_linear_jepa_v1_vith16_384_20260426T152120Z/layer_8/train/trial_0001",
            "params": {
              "batch_size": 256,
              "epochs": 100,
              "lr": 0.00314288089084011,
              "weight_decay": 1.879466824163843e-07
            },
            "trial_number": 1,
            "value": 19.607843137254903
          },
          {
            "checkpoint": "artifacts/probes/intphys2/intphys2_probe_linear_jepa_v1_vith16_384_20260426T152120Z/layer_8/train/trial_0002/probe_best.pt",
            "eval_output_dir": "artifacts/probes/intphys2/intphys2_probe_linear_jepa_v1_vith16_384_20260426T152120Z/layer_8/train/trial_0002/val_eval",
            "output_dir": "artifacts/probes/intphys2/intphys2_probe_linear_jepa_v1_vith16_384_20260426T152120Z/layer_8/train/trial_0002",
            "params": {
              "batch_size": 128,
              "epochs": 1000,
              "lr": 0.00023345864076016249,
              "weight_decay": 0.0005141096648805752
            },
            "trial_number": 2,
            "value": 15.686274509803921
          },
          {
            "checkpoint": "artifacts/probes/intphys2/intphys2_probe_linear_jepa_v1_vith16_384_20260426T152120Z/layer_8/train/trial_0003/probe_best.pt",
            "eval_output_dir": "artifacts/probes/intphys2/intphys2_probe_linear_jepa_v1_vith16_384_20260426T152120Z/layer_8/train/trial_0003/val_eval",
            "output_dir": "artifacts/probes/intphys2/intphys2_probe_linear_jepa_v1_vith16_384_20260426T152120Z/layer_8/train/trial_0003",
            "params": {
              "batch_size": 32,
              "epochs": 50,
              "lr": 8.200518402245828e-05,
              "weight_decay": 3.855073690026179e-08
            },
            "trial_number": 3,
            "value": 19.607843137254903
          },
          {
            "checkpoint": "artifacts/probes/intphys2/intphys2_probe_linear_jepa_v1_vith16_384_20260426T152120Z/layer_8/train/trial_0004/probe_best.pt",
            "eval_output_dir": "artifacts/probes/intphys2/intphys2_probe_linear_jepa_v1_vith16_384_20260426T152120Z/layer_8/train/trial_0004/val_eval",
            "output_dir": "artifacts/probes/intphys2/intphys2_probe_linear_jepa_v1_vith16_384_20260426T152120Z/layer_8/train/trial_0004",
            "params": {
              "batch_size": 32,
              "epochs": 50,
              "lr": 0.00043664735929796326,
              "weight_decay": 1.2856617791467908e-07
            },
            "trial_number": 4,
            "value": 11.76470588235294
          },
          {
            "checkpoint": "artifacts/probes/intphys2/intphys2_probe_linear_jepa_v1_vith16_384_20260426T152120Z/layer_8/train/trial_0005/probe_best.pt",
            "eval_output_dir": "artifacts/probes/intphys2/intphys2_probe_linear_jepa_v1_vith16_384_20260426T152120Z/layer_8/train/trial_0005/val_eval",
            "output_dir": "artifacts/probes/intphys2/intphys2_probe_linear_jepa_v1_vith16_384_20260426T152120Z/layer_8/train/trial_0005",
            "params": {
              "batch_size": 32,
              "epochs": 500,
              "lr": 0.00014656553886225324,
              "weight_decay": 4.247116662617142e-07
            },
            "trial_number": 5,
            "value": 9.803921568627452
          },
          {
            "checkpoint": "artifacts/probes/intphys2/intphys2_probe_linear_jepa_v1_vith16_384_20260426T152120Z/layer_8/train/trial_0008/probe_best.pt",
            "eval_output_dir": "artifacts/probes/intphys2/intphys2_probe_linear_jepa_v1_vith16_384_20260426T152120Z/layer_8/train/trial_0008/val_eval",
            "output_dir": "artifacts/probes/intphys2/intphys2_probe_linear_jepa_v1_vith16_384_20260426T152120Z/layer_8/train/trial_0008",
            "params": {
              "batch_size": 256,
              "epochs": 100,
              "lr": 0.0003699972431463808,
              "weight_decay": 3.6749049453053196e-06
            },
            "trial_number": 8,
            "value": 25.49019607843137
          },
          {
            "checkpoint": "artifacts/probes/intphys2/intphys2_probe_linear_jepa_v1_vith16_384_20260426T152120Z/layer_8/train/trial_0010/probe_best.pt",
            "eval_output_dir": "artifacts/probes/intphys2/intphys2_probe_linear_jepa_v1_vith16_384_20260426T152120Z/layer_8/train/trial_0010/val_eval",
            "output_dir": "artifacts/probes/intphys2/intphys2_probe_linear_jepa_v1_vith16_384_20260426T152120Z/layer_8/train/trial_0010",
            "params": {
              "batch_size": 256,
              "epochs": 20,
              "lr": 0.002146403547714585,
              "weight_decay": 1.7817062489347395e-05
            },
            "trial_number": 10,
            "value": 9.803921568627452
          },
          {
            "checkpoint": "artifacts/probes/intphys2/intphys2_probe_linear_jepa_v1_vith16_384_20260426T152120Z/layer_8/train/trial_0011/probe_best.pt",
            "eval_output_dir": "artifacts/probes/intphys2/intphys2_probe_linear_jepa_v1_vith16_384_20260426T152120Z/layer_8/train/trial_0011/val_eval",
            "output_dir": "artifacts/probes/intphys2/intphys2_probe_linear_jepa_v1_vith16_384_20260426T152120Z/layer_8/train/trial_0011",
            "params": {
              "batch_size": 64,
              "epochs": 2000,
              "lr": 0.0008322724281704743,
              "weight_decay": 2.4286396211324367e-05
            },
            "trial_number": 11,
            "value": 19.607843137254903
          },
          {
            "checkpoint": "artifacts/probes/intphys2/intphys2_probe_linear_jepa_v1_vith16_384_20260426T152120Z/layer_8/train/trial_0013/probe_best.pt",
            "eval_output_dir": "artifacts/probes/intphys2/intphys2_probe_linear_jepa_v1_vith16_384_20260426T152120Z/layer_8/train/trial_0013/val_eval",
            "output_dir": "artifacts/probes/intphys2/intphys2_probe_linear_jepa_v1_vith16_384_20260426T152120Z/layer_8/train/trial_0013",
            "params": {
              "batch_size": 64,
              "epochs": 2000,
              "lr": 0.0009827696709910616,
              "weight_decay": 2.928233826405194e-06
            },
            "trial_number": 13,
            "value": 21.568627450980394
          },
          {
            "checkpoint": "artifacts/probes/intphys2/intphys2_probe_linear_jepa_v1_vith16_384_20260426T152120Z/layer_8/train/trial_0014/probe_best.pt",
            "eval_output_dir": "artifacts/probes/intphys2/intphys2_probe_linear_jepa_v1_vith16_384_20260426T152120Z/layer_8/train/trial_0014/val_eval",
            "output_dir": "artifacts/probes/intphys2/intphys2_probe_linear_jepa_v1_vith16_384_20260426T152120Z/layer_8/train/trial_0014",
            "params": {
              "batch_size": 32,
              "epochs": 100,
              "lr": 0.007232797376641205,
              "weight_decay": 0.00010294317962431006
            },
            "trial_number": 14,
            "value": 19.607843137254903
          },
          {
            "checkpoint": "artifacts/probes/intphys2/intphys2_probe_linear_jepa_v1_vith16_384_20260426T152120Z/layer_8/train/trial_0015/probe_best.pt",
            "eval_output_dir": "artifacts/probes/intphys2/intphys2_probe_linear_jepa_v1_vith16_384_20260426T152120Z/layer_8/train/trial_0015/val_eval",
            "output_dir": "artifacts/probes/intphys2/intphys2_probe_linear_jepa_v1_vith16_384_20260426T152120Z/layer_8/train/trial_0015",
            "params": {
              "batch_size": 256,
              "epochs": 500,
              "lr": 0.00040790950065830797,
              "weight_decay": 0.009830819774556484
            },
            "trial_number": 15,
            "value": 15.686274509803921
          },
          {
            "checkpoint": "artifacts/probes/intphys2/intphys2_probe_linear_jepa_v1_vith16_384_20260426T152120Z/layer_8/train/trial_0016/probe_best.pt",
            "eval_output_dir": "artifacts/probes/intphys2/intphys2_probe_linear_jepa_v1_vith16_384_20260426T152120Z/layer_8/train/trial_0016/val_eval",
            "output_dir": "artifacts/probes/intphys2/intphys2_probe_linear_jepa_v1_vith16_384_20260426T152120Z/layer_8/train/trial_0016",
            "params": {
              "batch_size": 256,
              "epochs": 20,
              "lr": 0.00024973183783316103,
              "weight_decay": 3.4454266473096603e-06
            },
            "trial_number": 16,
            "value": 15.686274509803921
          },
          {
            "checkpoint": "artifacts/probes/intphys2/intphys2_probe_linear_jepa_v1_vith16_384_20260426T152120Z/layer_8/train/trial_0018/probe_best.pt",
            "eval_output_dir": "artifacts/probes/intphys2/intphys2_probe_linear_jepa_v1_vith16_384_20260426T152120Z/layer_8/train/trial_0018/val_eval",
            "output_dir": "artifacts/probes/intphys2/intphys2_probe_linear_jepa_v1_vith16_384_20260426T152120Z/layer_8/train/trial_0018",
            "params": {
              "batch_size": 64,
              "epochs": 100,
              "lr": 0.0008129948297847977,
              "weight_decay": 0.001334978631778077
            },
            "trial_number": 18,
            "value": 19.607843137254903
          }
        ]
      }
    },
    {
      "checkpoint": "artifacts/probes/intphys2/intphys2_probe_linear_jepa_v1_vith16_384_20260426T152120Z/layer_16/train/trial_0018/probe_best.pt",
      "eval": {
        "base_eval": {
          "metrics": {
            "accuracy": 59.31372549019608,
            "accuracy_by_condition": {
              "continuity": 47.91666666666667,
              "immutability": 68.75,
              "permanence": 68.75,
              "solidity": 53.333333333333336
            },
            "n_samples": 204,
            "n_scenes": 51,
            "voe_accuracy": 37.254901960784316,
            "voe_by_condition": {
              "continuity": 16.666666666666664,
              "immutability": 50.0,
              "permanence": 50.0,
              "solidity": 33.33333333333333
            }
          },
          "output_dir": "artifacts/probes/intphys2/intphys2_probe_linear_jepa_v1_vith16_384_20260426T152120Z/layer_16/eval/test",
          "split_dir": "data/splits/intphys2"
        },
        "checkpoint": "artifacts/probes/intphys2/intphys2_probe_linear_jepa_v1_vith16_384_20260426T152120Z/layer_16/train/trial_0018/probe_best.pt",
        "dataset": "intphys2",
        "feature_signature": "78346a9facde6609",
        "metrics": {
          "accuracy": 59.31372549019608,
          "accuracy_by_condition": {
            "continuity": 47.91666666666667,
            "immutability": 68.75,
            "permanence": 68.75,
            "solidity": 53.333333333333336
          },
          "n_samples": 204,
          "n_scenes": 51,
          "voe_accuracy": 37.254901960784316,
          "voe_by_condition": {
            "continuity": 16.666666666666664,
            "immutability": 50.0,
            "permanence": 50.0,
            "solidity": 33.33333333333333
          }
        },
        "metrics_by_split": {
          "test": {
            "accuracy": 59.31372549019608,
            "accuracy_by_condition": {
              "continuity": 47.91666666666667,
              "immutability": 68.75,
              "permanence": 68.75,
              "solidity": 53.333333333333336
            },
            "n_samples": 204,
            "n_scenes": 51,
            "voe_accuracy": 37.254901960784316,
            "voe_by_condition": {
              "continuity": 16.666666666666664,
              "immutability": 50.0,
              "permanence": 50.0,
              "solidity": 33.33333333333333
            }
          },
          "train": {
            "accuracy": 75.16556291390728,
            "accuracy_by_condition": {
              "continuity": 82.63888888888889,
              "immutability": 77.77777777777779,
              "permanence": 72.91666666666666,
              "solidity": 68.6046511627907
            },
            "n_samples": 604,
            "n_scenes": 151,
            "voe_accuracy": 57.615894039735096,
            "voe_by_condition": {
              "continuity": 75.0,
              "immutability": 75.0,
              "permanence": 55.55555555555556,
              "solidity": 30.23255813953488
            }
          },
          "val": {
            "accuracy": 60.29411764705882,
            "accuracy_by_condition": {
              "continuity": 72.91666666666666,
              "immutability": 54.166666666666664,
              "permanence": 60.416666666666664,
              "solidity": 55.00000000000001
            },
            "n_samples": 204,
            "n_scenes": 51,
            "voe_accuracy": 47.05882352941176,
            "voe_by_condition": {
              "continuity": 66.66666666666666,
              "immutability": 50.0,
              "permanence": 66.66666666666666,
              "solidity": 13.333333333333334
            }
          }
        },
        "objective_metric": 37.254901960784316,
        "prediction_file": "artifacts/probes/intphys2/intphys2_probe_linear_jepa_v1_vith16_384_20260426T152120Z/layer_16/eval/test/probe_predictions.json",
        "prediction_files": {
          "test": "artifacts/probes/intphys2/intphys2_probe_linear_jepa_v1_vith16_384_20260426T152120Z/layer_16/eval/test/probe_predictions.json",
          "train": "artifacts/probes/intphys2/intphys2_probe_linear_jepa_v1_vith16_384_20260426T152120Z/layer_16/eval/train/probe_predictions.json",
          "val": "artifacts/probes/intphys2/intphys2_probe_linear_jepa_v1_vith16_384_20260426T152120Z/layer_16/eval/val/probe_predictions.json"
        },
        "probe_eval_dir": "artifacts/probes/intphys2/intphys2_probe_linear_jepa_v1_vith16_384_20260426T152120Z/layer_16/eval",
        "probe_name": "linear",
        "reported_splits": [
          "train",
          "val",
          "test"
        ],
        "split_eval_dirs": {
          "test": "artifacts/probes/intphys2/intphys2_probe_linear_jepa_v1_vith16_384_20260426T152120Z/layer_16/eval/test",
          "train": "artifacts/probes/intphys2/intphys2_probe_linear_jepa_v1_vith16_384_20260426T152120Z/layer_16/eval/train",
          "val": "artifacts/probes/intphys2/intphys2_probe_linear_jepa_v1_vith16_384_20260426T152120Z/layer_16/eval/val"
        },
        "split_evals": {
          "test": {
            "base_eval": {
              "metrics": {
                "accuracy": 59.31372549019608,
                "accuracy_by_condition": {
                  "continuity": 47.91666666666667,
                  "immutability": 68.75,
                  "permanence": 68.75,
                  "solidity": 53.333333333333336
                },
                "n_samples": 204,
                "n_scenes": 51,
                "voe_accuracy": 37.254901960784316,
                "voe_by_condition": {
                  "continuity": 16.666666666666664,
                  "immutability": 50.0,
                  "permanence": 50.0,
                  "solidity": 33.33333333333333
                }
              },
              "output_dir": "artifacts/probes/intphys2/intphys2_probe_linear_jepa_v1_vith16_384_20260426T152120Z/layer_16/eval/test",
              "split_dir": "data/splits/intphys2"
            },
            "checkpoint": "artifacts/probes/intphys2/intphys2_probe_linear_jepa_v1_vith16_384_20260426T152120Z/layer_16/train/trial_0018/probe_best.pt",
            "dataset": "intphys2",
            "feature_signature": "78346a9facde6609",
            "metrics": {
              "accuracy": 59.31372549019608,
              "accuracy_by_condition": {
                "continuity": 47.91666666666667,
                "immutability": 68.75,
                "permanence": 68.75,
                "solidity": 53.333333333333336
              },
              "n_samples": 204,
              "n_scenes": 51,
              "voe_accuracy": 37.254901960784316,
              "voe_by_condition": {
                "continuity": 16.666666666666664,
                "immutability": 50.0,
                "permanence": 50.0,
                "solidity": 33.33333333333333
              }
            },
            "objective_metric": 37.254901960784316,
            "prediction_file": "artifacts/probes/intphys2/intphys2_probe_linear_jepa_v1_vith16_384_20260426T152120Z/layer_16/eval/test/probe_predictions.json",
            "probe_eval_dir": "artifacts/probes/intphys2/intphys2_probe_linear_jepa_v1_vith16_384_20260426T152120Z/layer_16/eval/test",
            "probe_name": "linear",
            "split_name": "test"
          },
          "train": {
            "base_eval": {
              "metrics": {
                "accuracy": 75.16556291390728,
                "accuracy_by_condition": {
                  "continuity": 82.63888888888889,
                  "immutability": 77.77777777777779,
                  "permanence": 72.91666666666666,
                  "solidity": 68.6046511627907
                },
                "n_samples": 604,
                "n_scenes": 151,
                "voe_accuracy": 57.615894039735096,
                "voe_by_condition": {
                  "continuity": 75.0,
                  "immutability": 75.0,
                  "permanence": 55.55555555555556,
                  "solidity": 30.23255813953488
                }
              },
              "output_dir": "artifacts/probes/intphys2/intphys2_probe_linear_jepa_v1_vith16_384_20260426T152120Z/layer_16/eval/train",
              "split_dir": "data/splits/intphys2"
            },
            "checkpoint": "artifacts/probes/intphys2/intphys2_probe_linear_jepa_v1_vith16_384_20260426T152120Z/layer_16/train/trial_0018/probe_best.pt",
            "dataset": "intphys2",
            "feature_signature": "78346a9facde6609",
            "metrics": {
              "accuracy": 75.16556291390728,
              "accuracy_by_condition": {
                "continuity": 82.63888888888889,
                "immutability": 77.77777777777779,
                "permanence": 72.91666666666666,
                "solidity": 68.6046511627907
              },
              "n_samples": 604,
              "n_scenes": 151,
              "voe_accuracy": 57.615894039735096,
              "voe_by_condition": {
                "continuity": 75.0,
                "immutability": 75.0,
                "permanence": 55.55555555555556,
                "solidity": 30.23255813953488
              }
            },
            "objective_metric": 57.615894039735096,
            "prediction_file": "artifacts/probes/intphys2/intphys2_probe_linear_jepa_v1_vith16_384_20260426T152120Z/layer_16/eval/train/probe_predictions.json",
            "probe_eval_dir": "artifacts/probes/intphys2/intphys2_probe_linear_jepa_v1_vith16_384_20260426T152120Z/layer_16/eval/train",
            "probe_name": "linear",
            "split_name": "train"
          },
          "val": {
            "base_eval": {
              "metrics": {
                "accuracy": 60.29411764705882,
                "accuracy_by_condition": {
                  "continuity": 72.91666666666666,
                  "immutability": 54.166666666666664,
                  "permanence": 60.416666666666664,
                  "solidity": 55.00000000000001
                },
                "n_samples": 204,
                "n_scenes": 51,
                "voe_accuracy": 47.05882352941176,
                "voe_by_condition": {
                  "continuity": 66.66666666666666,
                  "immutability": 50.0,
                  "permanence": 66.66666666666666,
                  "solidity": 13.333333333333334
                }
              },
              "output_dir": "artifacts/probes/intphys2/intphys2_probe_linear_jepa_v1_vith16_384_20260426T152120Z/layer_16/eval/val",
              "split_dir": "data/splits/intphys2"
            },
            "checkpoint": "artifacts/probes/intphys2/intphys2_probe_linear_jepa_v1_vith16_384_20260426T152120Z/layer_16/train/trial_0018/probe_best.pt",
            "dataset": "intphys2",
            "feature_signature": "78346a9facde6609",
            "metrics": {
              "accuracy": 60.29411764705882,
              "accuracy_by_condition": {
                "continuity": 72.91666666666666,
                "immutability": 54.166666666666664,
                "permanence": 60.416666666666664,
                "solidity": 55.00000000000001
              },
              "n_samples": 204,
              "n_scenes": 51,
              "voe_accuracy": 47.05882352941176,
              "voe_by_condition": {
                "continuity": 66.66666666666666,
                "immutability": 50.0,
                "permanence": 66.66666666666666,
                "solidity": 13.333333333333334
              }
            },
            "objective_metric": 47.05882352941176,
            "prediction_file": "artifacts/probes/intphys2/intphys2_probe_linear_jepa_v1_vith16_384_20260426T152120Z/layer_16/eval/val/probe_predictions.json",
            "probe_eval_dir": "artifacts/probes/intphys2/intphys2_probe_linear_jepa_v1_vith16_384_20260426T152120Z/layer_16/eval/val",
            "probe_name": "linear",
            "split_name": "val"
          }
        },
        "split_name": "test"
      },
      "layer": 16,
      "layer_label": "16",
      "objective_metric": 37.254901960784316,
      "train": {
        "best_checkpoint": "artifacts/probes/intphys2/intphys2_probe_linear_jepa_v1_vith16_384_20260426T152120Z/layer_16/train/trial_0018/probe_best.pt",
        "best_eval_output_dir": "artifacts/probes/intphys2/intphys2_probe_linear_jepa_v1_vith16_384_20260426T152120Z/layer_16/train/trial_0018/val_eval",
        "best_output_dir": "artifacts/probes/intphys2/intphys2_probe_linear_jepa_v1_vith16_384_20260426T152120Z/layer_16/train/trial_0018",
        "best_params": {
          "batch_size": 64,
          "epochs": 2000,
          "lr": 0.005680619932086539,
          "weight_decay": 6.2989172362875366e-06
        },
        "best_trial_number": 18,
        "best_value": 47.05882352941176,
        "checkpoint": "artifacts/probes/intphys2/intphys2_probe_linear_jepa_v1_vith16_384_20260426T152120Z/layer_16/train/trial_0018/probe_best.pt",
        "dataset": "intphys2",
        "direction": "maximize",
        "layer": 16,
        "n_trials": 20,
        "objective_metric": "voe_accuracy",
        "output_dir": "artifacts/probes/intphys2/intphys2_probe_linear_jepa_v1_vith16_384_20260426T152120Z/layer_16/train",
        "probe_name": "linear",
        "storage": "sqlite:////gpfs/home3/scur0511/Probe4Physics/artifacts/probes/intphys2/intphys2_probe_linear_jepa_v1_vith16_384_20260426T152120Z/layer_16/train/optuna_study.sqlite3",
        "study_name": "intphys2_linear_jepa_v1_vith16_384_layer_16",
        "trials": [
          {
            "checkpoint": "artifacts/probes/intphys2/intphys2_probe_linear_jepa_v1_vith16_384_20260426T152120Z/layer_16/train/trial_0000/probe_best.pt",
            "eval_output_dir": "artifacts/probes/intphys2/intphys2_probe_linear_jepa_v1_vith16_384_20260426T152120Z/layer_16/train/trial_0000/val_eval",
            "output_dir": "artifacts/probes/intphys2/intphys2_probe_linear_jepa_v1_vith16_384_20260426T152120Z/layer_16/train/trial_0000",
            "params": {
              "batch_size": 32,
              "epochs": 2000,
              "lr": 0.0001329291894316216,
              "weight_decay": 0.005061576888752304
            },
            "trial_number": 0,
            "value": 43.13725490196079
          },
          {
            "checkpoint": "artifacts/probes/intphys2/intphys2_probe_linear_jepa_v1_vith16_384_20260426T152120Z/layer_16/train/trial_0001/probe_best.pt",
            "eval_output_dir": "artifacts/probes/intphys2/intphys2_probe_linear_jepa_v1_vith16_384_20260426T152120Z/layer_16/train/trial_0001/val_eval",
            "output_dir": "artifacts/probes/intphys2/intphys2_probe_linear_jepa_v1_vith16_384_20260426T152120Z/layer_16/train/trial_0001",
            "params": {
              "batch_size": 256,
              "epochs": 100,
              "lr": 0.00314288089084011,
              "weight_decay": 1.879466824163843e-07
            },
            "trial_number": 1,
            "value": 39.21568627450981
          },
          {
            "checkpoint": "artifacts/probes/intphys2/intphys2_probe_linear_jepa_v1_vith16_384_20260426T152120Z/layer_16/train/trial_0002/probe_best.pt",
            "eval_output_dir": "artifacts/probes/intphys2/intphys2_probe_linear_jepa_v1_vith16_384_20260426T152120Z/layer_16/train/trial_0002/val_eval",
            "output_dir": "artifacts/probes/intphys2/intphys2_probe_linear_jepa_v1_vith16_384_20260426T152120Z/layer_16/train/trial_0002",
            "params": {
              "batch_size": 128,
              "epochs": 1000,
              "lr": 0.00023345864076016249,
              "weight_decay": 0.0005141096648805752
            },
            "trial_number": 2,
            "value": 43.13725490196079
          },
          {
            "checkpoint": "artifacts/probes/intphys2/intphys2_probe_linear_jepa_v1_vith16_384_20260426T152120Z/layer_16/train/trial_0003/probe_best.pt",
            "eval_output_dir": "artifacts/probes/intphys2/intphys2_probe_linear_jepa_v1_vith16_384_20260426T152120Z/layer_16/train/trial_0003/val_eval",
            "output_dir": "artifacts/probes/intphys2/intphys2_probe_linear_jepa_v1_vith16_384_20260426T152120Z/layer_16/train/trial_0003",
            "params": {
              "batch_size": 32,
              "epochs": 50,
              "lr": 8.200518402245828e-05,
              "weight_decay": 3.855073690026179e-08
            },
            "trial_number": 3,
            "value": 21.568627450980394
          },
          {
            "checkpoint": "artifacts/probes/intphys2/intphys2_probe_linear_jepa_v1_vith16_384_20260426T152120Z/layer_16/train/trial_0004/probe_best.pt",
            "eval_output_dir": "artifacts/probes/intphys2/intphys2_probe_linear_jepa_v1_vith16_384_20260426T152120Z/layer_16/train/trial_0004/val_eval",
            "output_dir": "artifacts/probes/intphys2/intphys2_probe_linear_jepa_v1_vith16_384_20260426T152120Z/layer_16/train/trial_0004",
            "params": {
              "batch_size": 32,
              "epochs": 50,
              "lr": 0.00043664735929796326,
              "weight_decay": 1.2856617791467908e-07
            },
            "trial_number": 4,
            "value": 41.17647058823529
          },
          {
            "checkpoint": "artifacts/probes/intphys2/intphys2_probe_linear_jepa_v1_vith16_384_20260426T152120Z/layer_16/train/trial_0006/probe_best.pt",
            "eval_output_dir": "artifacts/probes/intphys2/intphys2_probe_linear_jepa_v1_vith16_384_20260426T152120Z/layer_16/train/trial_0006/val_eval",
            "output_dir": "artifacts/probes/intphys2/intphys2_probe_linear_jepa_v1_vith16_384_20260426T152120Z/layer_16/train/trial_0006",
            "params": {
              "batch_size": 128,
              "epochs": 100,
              "lr": 1.0388823104027935e-05,
              "weight_decay": 0.0007812113973534924
            },
            "trial_number": 6,
            "value": 11.76470588235294
          },
          {
            "checkpoint": "artifacts/probes/intphys2/intphys2_probe_linear_jepa_v1_vith16_384_20260426T152120Z/layer_16/train/trial_0008/probe_best.pt",
            "eval_output_dir": "artifacts/probes/intphys2/intphys2_probe_linear_jepa_v1_vith16_384_20260426T152120Z/layer_16/train/trial_0008/val_eval",
            "output_dir": "artifacts/probes/intphys2/intphys2_probe_linear_jepa_v1_vith16_384_20260426T152120Z/layer_16/train/trial_0008",
            "params": {
              "batch_size": 256,
              "epochs": 100,
              "lr": 0.0003699972431463808,
              "weight_decay": 3.6749049453053196e-06
            },
            "trial_number": 8,
            "value": 33.33333333333333
          },
          {
            "checkpoint": "artifacts/probes/intphys2/intphys2_probe_linear_jepa_v1_vith16_384_20260426T152120Z/layer_16/train/trial_0011/probe_best.pt",
            "eval_output_dir": "artifacts/probes/intphys2/intphys2_probe_linear_jepa_v1_vith16_384_20260426T152120Z/layer_16/train/trial_0011/val_eval",
            "output_dir": "artifacts/probes/intphys2/intphys2_probe_linear_jepa_v1_vith16_384_20260426T152120Z/layer_16/train/trial_0011",
            "params": {
              "batch_size": 64,
              "epochs": 20,
              "lr": 0.0009028168422346196,
              "weight_decay": 0.00013851041848413182
            },
            "trial_number": 11,
            "value": 39.21568627450981
          },
          {
            "checkpoint": "artifacts/probes/intphys2/intphys2_probe_linear_jepa_v1_vith16_384_20260426T152120Z/layer_16/train/trial_0013/probe_best.pt",
            "eval_output_dir": "artifacts/probes/intphys2/intphys2_probe_linear_jepa_v1_vith16_384_20260426T152120Z/layer_16/train/trial_0013/val_eval",
            "output_dir": "artifacts/probes/intphys2/intphys2_probe_linear_jepa_v1_vith16_384_20260426T152120Z/layer_16/train/trial_0013",
            "params": {
              "batch_size": 32,
              "epochs": 2000,
              "lr": 0.00024380003254969372,
              "weight_decay": 0.009336243604950356
            },
            "trial_number": 13,
            "value": 41.17647058823529
          },
          {
            "checkpoint": "artifacts/probes/intphys2/intphys2_probe_linear_jepa_v1_vith16_384_20260426T152120Z/layer_16/train/trial_0014/probe_best.pt",
            "eval_output_dir": "artifacts/probes/intphys2/intphys2_probe_linear_jepa_v1_vith16_384_20260426T152120Z/layer_16/train/trial_0014/val_eval",
            "output_dir": "artifacts/probes/intphys2/intphys2_probe_linear_jepa_v1_vith16_384_20260426T152120Z/layer_16/train/trial_0014",
            "params": {
              "batch_size": 32,
              "epochs": 1000,
              "lr": 0.0009550389696130119,
              "weight_decay": 0.0006287181301801359
            },
            "trial_number": 14,
            "value": 39.21568627450981
          },
          {
            "checkpoint": "artifacts/probes/intphys2/intphys2_probe_linear_jepa_v1_vith16_384_20260426T152120Z/layer_16/train/trial_0015/probe_best.pt",
            "eval_output_dir": "artifacts/probes/intphys2/intphys2_probe_linear_jepa_v1_vith16_384_20260426T152120Z/layer_16/train/trial_0015/val_eval",
            "output_dir": "artifacts/probes/intphys2/intphys2_probe_linear_jepa_v1_vith16_384_20260426T152120Z/layer_16/train/trial_0015",
            "params": {
              "batch_size": 128,
              "epochs": 20,
              "lr": 2.990630550212624e-05,
              "weight_decay": 4.792092864251368e-05
            },
            "trial_number": 15,
            "value": 27.450980392156865
          },
          {
            "checkpoint": "artifacts/probes/intphys2/intphys2_probe_linear_jepa_v1_vith16_384_20260426T152120Z/layer_16/train/trial_0016/probe_best.pt",
            "eval_output_dir": "artifacts/probes/intphys2/intphys2_probe_linear_jepa_v1_vith16_384_20260426T152120Z/layer_16/train/trial_0016/val_eval",
            "output_dir": "artifacts/probes/intphys2/intphys2_probe_linear_jepa_v1_vith16_384_20260426T152120Z/layer_16/train/trial_0016",
            "params": {
              "batch_size": 256,
              "epochs": 500,
              "lr": 0.0007814678475619724,
              "weight_decay": 0.0013619271916917198
            },
            "trial_number": 16,
            "value": 39.21568627450981
          },
          {
            "checkpoint": "artifacts/probes/intphys2/intphys2_probe_linear_jepa_v1_vith16_384_20260426T152120Z/layer_16/train/trial_0017/probe_best.pt",
            "eval_output_dir": "artifacts/probes/intphys2/intphys2_probe_linear_jepa_v1_vith16_384_20260426T152120Z/layer_16/train/trial_0017/val_eval",
            "output_dir": "artifacts/probes/intphys2/intphys2_probe_linear_jepa_v1_vith16_384_20260426T152120Z/layer_16/train/trial_0017",
            "params": {
              "batch_size": 64,
              "epochs": 2000,
              "lr": 0.007985634897281529,
              "weight_decay": 1.2297660068623619e-05
            },
            "trial_number": 17,
            "value": 45.09803921568628
          },
          {
            "checkpoint": "artifacts/probes/intphys2/intphys2_probe_linear_jepa_v1_vith16_384_20260426T152120Z/layer_16/train/trial_0018/probe_best.pt",
            "eval_output_dir": "artifacts/probes/intphys2/intphys2_probe_linear_jepa_v1_vith16_384_20260426T152120Z/layer_16/train/trial_0018/val_eval",
            "output_dir": "artifacts/probes/intphys2/intphys2_probe_linear_jepa_v1_vith16_384_20260426T152120Z/layer_16/train/trial_0018",
            "params": {
              "batch_size": 64,
              "epochs": 2000,
              "lr": 0.005680619932086539,
              "weight_decay": 6.2989172362875366e-06
            },
            "trial_number": 18,
            "value": 47.05882352941176
          },
          {
            "checkpoint": "artifacts/probes/intphys2/intphys2_probe_linear_jepa_v1_vith16_384_20260426T152120Z/layer_16/train/trial_0019/probe_best.pt",
            "eval_output_dir": "artifacts/probes/intphys2/intphys2_probe_linear_jepa_v1_vith16_384_20260426T152120Z/layer_16/train/trial_0019/val_eval",
            "output_dir": "artifacts/probes/intphys2/intphys2_probe_linear_jepa_v1_vith16_384_20260426T152120Z/layer_16/train/trial_0019",
            "params": {
              "batch_size": 64,
              "epochs": 2000,
              "lr": 0.009436503694210249,
              "weight_decay": 4.444255177655937e-06
            },
            "trial_number": 19,
            "value": 43.13725490196079
          }
        ]
      }
    },
    {
      "checkpoint": "artifacts/probes/intphys2/intphys2_probe_linear_jepa_v1_vith16_384_20260426T152120Z/layer_24/train/trial_0011/probe_best.pt",
      "eval": {
        "base_eval": {
          "metrics": {
            "accuracy": 59.31372549019608,
            "accuracy_by_condition": {
              "continuity": 58.333333333333336,
              "immutability": 62.5,
              "permanence": 70.83333333333334,
              "solidity": 48.333333333333336
            },
            "n_samples": 204,
            "n_scenes": 51,
            "voe_accuracy": 50.98039215686274,
            "voe_by_condition": {
              "continuity": 41.66666666666667,
              "immutability": 75.0,
              "permanence": 83.33333333333334,
              "solidity": 13.333333333333334
            }
          },
          "output_dir": "artifacts/probes/intphys2/intphys2_probe_linear_jepa_v1_vith16_384_20260426T152120Z/layer_24/eval/test",
          "split_dir": "data/splits/intphys2"
        },
        "checkpoint": "artifacts/probes/intphys2/intphys2_probe_linear_jepa_v1_vith16_384_20260426T152120Z/layer_24/train/trial_0011/probe_best.pt",
        "dataset": "intphys2",
        "feature_signature": "78346a9facde6609",
        "metrics": {
          "accuracy": 59.31372549019608,
          "accuracy_by_condition": {
            "continuity": 58.333333333333336,
            "immutability": 62.5,
            "permanence": 70.83333333333334,
            "solidity": 48.333333333333336
          },
          "n_samples": 204,
          "n_scenes": 51,
          "voe_accuracy": 50.98039215686274,
          "voe_by_condition": {
            "continuity": 41.66666666666667,
            "immutability": 75.0,
            "permanence": 83.33333333333334,
            "solidity": 13.333333333333334
          }
        },
        "metrics_by_split": {
          "test": {
            "accuracy": 59.31372549019608,
            "accuracy_by_condition": {
              "continuity": 58.333333333333336,
              "immutability": 62.5,
              "permanence": 70.83333333333334,
              "solidity": 48.333333333333336
            },
            "n_samples": 204,
            "n_scenes": 51,
            "voe_accuracy": 50.98039215686274,
            "voe_by_condition": {
              "continuity": 41.66666666666667,
              "immutability": 75.0,
              "permanence": 83.33333333333334,
              "solidity": 13.333333333333334
            }
          },
          "train": {
            "accuracy": 67.21854304635761,
            "accuracy_by_condition": {
              "continuity": 73.61111111111111,
              "immutability": 75.0,
              "permanence": 66.66666666666666,
              "solidity": 55.81395348837209
            },
            "n_samples": 604,
            "n_scenes": 151,
            "voe_accuracy": 61.58940397350994,
            "voe_by_condition": {
              "continuity": 75.0,
              "immutability": 86.11111111111111,
              "permanence": 66.66666666666666,
              "solidity": 25.581395348837212
            }
          },
          "val": {
            "accuracy": 63.23529411764706,
            "accuracy_by_condition": {
              "continuity": 70.83333333333334,
              "immutability": 66.66666666666666,
              "permanence": 64.58333333333334,
              "solidity": 53.333333333333336
            },
            "n_samples": 204,
            "n_scenes": 51,
            "voe_accuracy": 49.01960784313725,
            "voe_by_condition": {
              "continuity": 66.66666666666666,
              "immutability": 50.0,
              "permanence": 75.0,
              "solidity": 13.333333333333334
            }
          }
        },
        "objective_metric": 50.98039215686274,
        "prediction_file": "artifacts/probes/intphys2/intphys2_probe_linear_jepa_v1_vith16_384_20260426T152120Z/layer_24/eval/test/probe_predictions.json",
        "prediction_files": {
          "test": "artifacts/probes/intphys2/intphys2_probe_linear_jepa_v1_vith16_384_20260426T152120Z/layer_24/eval/test/probe_predictions.json",
          "train": "artifacts/probes/intphys2/intphys2_probe_linear_jepa_v1_vith16_384_20260426T152120Z/layer_24/eval/train/probe_predictions.json",
          "val": "artifacts/probes/intphys2/intphys2_probe_linear_jepa_v1_vith16_384_20260426T152120Z/layer_24/eval/val/probe_predictions.json"
        },
        "probe_eval_dir": "artifacts/probes/intphys2/intphys2_probe_linear_jepa_v1_vith16_384_20260426T152120Z/layer_24/eval",
        "probe_name": "linear",
        "reported_splits": [
          "train",
          "val",
          "test"
        ],
        "split_eval_dirs": {
          "test": "artifacts/probes/intphys2/intphys2_probe_linear_jepa_v1_vith16_384_20260426T152120Z/layer_24/eval/test",
          "train": "artifacts/probes/intphys2/intphys2_probe_linear_jepa_v1_vith16_384_20260426T152120Z/layer_24/eval/train",
          "val": "artifacts/probes/intphys2/intphys2_probe_linear_jepa_v1_vith16_384_20260426T152120Z/layer_24/eval/val"
        },
        "split_evals": {
          "test": {
            "base_eval": {
              "metrics": {
                "accuracy": 59.31372549019608,
                "accuracy_by_condition": {
                  "continuity": 58.333333333333336,
                  "immutability": 62.5,
                  "permanence": 70.83333333333334,
                  "solidity": 48.333333333333336
                },
                "n_samples": 204,
                "n_scenes": 51,
                "voe_accuracy": 50.98039215686274,
                "voe_by_condition": {
                  "continuity": 41.66666666666667,
                  "immutability": 75.0,
                  "permanence": 83.33333333333334,
                  "solidity": 13.333333333333334
                }
              },
              "output_dir": "artifacts/probes/intphys2/intphys2_probe_linear_jepa_v1_vith16_384_20260426T152120Z/layer_24/eval/test",
              "split_dir": "data/splits/intphys2"
            },
            "checkpoint": "artifacts/probes/intphys2/intphys2_probe_linear_jepa_v1_vith16_384_20260426T152120Z/layer_24/train/trial_0011/probe_best.pt",
            "dataset": "intphys2",
            "feature_signature": "78346a9facde6609",
            "metrics": {
              "accuracy": 59.31372549019608,
              "accuracy_by_condition": {
                "continuity": 58.333333333333336,
                "immutability": 62.5,
                "permanence": 70.83333333333334,
                "solidity": 48.333333333333336
              },
              "n_samples": 204,
              "n_scenes": 51,
              "voe_accuracy": 50.98039215686274,
              "voe_by_condition": {
                "continuity": 41.66666666666667,
                "immutability": 75.0,
                "permanence": 83.33333333333334,
                "solidity": 13.333333333333334
              }
            },
            "objective_metric": 50.98039215686274,
            "prediction_file": "artifacts/probes/intphys2/intphys2_probe_linear_jepa_v1_vith16_384_20260426T152120Z/layer_24/eval/test/probe_predictions.json",
            "probe_eval_dir": "artifacts/probes/intphys2/intphys2_probe_linear_jepa_v1_vith16_384_20260426T152120Z/layer_24/eval/test",
            "probe_name": "linear",
            "split_name": "test"
          },
          "train": {
            "base_eval": {
              "metrics": {
                "accuracy": 67.21854304635761,
                "accuracy_by_condition": {
                  "continuity": 73.61111111111111,
                  "immutability": 75.0,
                  "permanence": 66.66666666666666,
                  "solidity": 55.81395348837209
                },
                "n_samples": 604,
                "n_scenes": 151,
                "voe_accuracy": 61.58940397350994,
                "voe_by_condition": {
                  "continuity": 75.0,
                  "immutability": 86.11111111111111,
                  "permanence": 66.66666666666666,
                  "solidity": 25.581395348837212
                }
              },
              "output_dir": "artifacts/probes/intphys2/intphys2_probe_linear_jepa_v1_vith16_384_20260426T152120Z/layer_24/eval/train",
              "split_dir": "data/splits/intphys2"
            },
            "checkpoint": "artifacts/probes/intphys2/intphys2_probe_linear_jepa_v1_vith16_384_20260426T152120Z/layer_24/train/trial_0011/probe_best.pt",
            "dataset": "intphys2",
            "feature_signature": "78346a9facde6609",
            "metrics": {
              "accuracy": 67.21854304635761,
              "accuracy_by_condition": {
                "continuity": 73.61111111111111,
                "immutability": 75.0,
                "permanence": 66.66666666666666,
                "solidity": 55.81395348837209
              },
              "n_samples": 604,
              "n_scenes": 151,
              "voe_accuracy": 61.58940397350994,
              "voe_by_condition": {
                "continuity": 75.0,
                "immutability": 86.11111111111111,
                "permanence": 66.66666666666666,
                "solidity": 25.581395348837212
              }
            },
            "objective_metric": 61.58940397350994,
            "prediction_file": "artifacts/probes/intphys2/intphys2_probe_linear_jepa_v1_vith16_384_20260426T152120Z/layer_24/eval/train/probe_predictions.json",
            "probe_eval_dir": "artifacts/probes/intphys2/intphys2_probe_linear_jepa_v1_vith16_384_20260426T152120Z/layer_24/eval/train",
            "probe_name": "linear",
            "split_name": "train"
          },
          "val": {
            "base_eval": {
              "metrics": {
                "accuracy": 63.23529411764706,
                "accuracy_by_condition": {
                  "continuity": 70.83333333333334,
                  "immutability": 66.66666666666666,
                  "permanence": 64.58333333333334,
                  "solidity": 53.333333333333336
                },
                "n_samples": 204,
                "n_scenes": 51,
                "voe_accuracy": 49.01960784313725,
                "voe_by_condition": {
                  "continuity": 66.66666666666666,
                  "immutability": 50.0,
                  "permanence": 75.0,
                  "solidity": 13.333333333333334
                }
              },
              "output_dir": "artifacts/probes/intphys2/intphys2_probe_linear_jepa_v1_vith16_384_20260426T152120Z/layer_24/eval/val",
              "split_dir": "data/splits/intphys2"
            },
            "checkpoint": "artifacts/probes/intphys2/intphys2_probe_linear_jepa_v1_vith16_384_20260426T152120Z/layer_24/train/trial_0011/probe_best.pt",
            "dataset": "intphys2",
            "feature_signature": "78346a9facde6609",
            "metrics": {
              "accuracy": 63.23529411764706,
              "accuracy_by_condition": {
                "continuity": 70.83333333333334,
                "immutability": 66.66666666666666,
                "permanence": 64.58333333333334,
                "solidity": 53.333333333333336
              },
              "n_samples": 204,
              "n_scenes": 51,
              "voe_accuracy": 49.01960784313725,
              "voe_by_condition": {
                "continuity": 66.66666666666666,
                "immutability": 50.0,
                "permanence": 75.0,
                "solidity": 13.333333333333334
              }
            },
            "objective_metric": 49.01960784313725,
            "prediction_file": "artifacts/probes/intphys2/intphys2_probe_linear_jepa_v1_vith16_384_20260426T152120Z/layer_24/eval/val/probe_predictions.json",
            "probe_eval_dir": "artifacts/probes/intphys2/intphys2_probe_linear_jepa_v1_vith16_384_20260426T152120Z/layer_24/eval/val",
            "probe_name": "linear",
            "split_name": "val"
          }
        },
        "split_name": "test"
      },
      "layer": 24,
      "layer_label": "24",
      "objective_metric": 50.98039215686274,
      "train": {
        "best_checkpoint": "artifacts/probes/intphys2/intphys2_probe_linear_jepa_v1_vith16_384_20260426T152120Z/layer_24/train/trial_0011/probe_best.pt",
        "best_eval_output_dir": "artifacts/probes/intphys2/intphys2_probe_linear_jepa_v1_vith16_384_20260426T152120Z/layer_24/train/trial_0011/val_eval",
        "best_output_dir": "artifacts/probes/intphys2/intphys2_probe_linear_jepa_v1_vith16_384_20260426T152120Z/layer_24/train/trial_0011",
        "best_params": {
          "batch_size": 64,
          "epochs": 100,
          "lr": 0.002216476552485099,
          "weight_decay": 5.991763284171463e-05
        },
        "best_trial_number": 11,
        "best_value": 49.01960784313725,
        "checkpoint": "artifacts/probes/intphys2/intphys2_probe_linear_jepa_v1_vith16_384_20260426T152120Z/layer_24/train/trial_0011/probe_best.pt",
        "dataset": "intphys2",
        "direction": "maximize",
        "layer": 24,
        "n_trials": 20,
        "objective_metric": "voe_accuracy",
        "output_dir": "artifacts/probes/intphys2/intphys2_probe_linear_jepa_v1_vith16_384_20260426T152120Z/layer_24/train",
        "probe_name": "linear",
        "storage": "sqlite:////gpfs/home3/scur0511/Probe4Physics/artifacts/probes/intphys2/intphys2_probe_linear_jepa_v1_vith16_384_20260426T152120Z/layer_24/train/optuna_study.sqlite3",
        "study_name": "intphys2_linear_jepa_v1_vith16_384_layer_24",
        "trials": [
          {
            "checkpoint": "artifacts/probes/intphys2/intphys2_probe_linear_jepa_v1_vith16_384_20260426T152120Z/layer_24/train/trial_0000/probe_best.pt",
            "eval_output_dir": "artifacts/probes/intphys2/intphys2_probe_linear_jepa_v1_vith16_384_20260426T152120Z/layer_24/train/trial_0000/val_eval",
            "output_dir": "artifacts/probes/intphys2/intphys2_probe_linear_jepa_v1_vith16_384_20260426T152120Z/layer_24/train/trial_0000",
            "params": {
              "batch_size": 32,
              "epochs": 2000,
              "lr": 0.0001329291894316216,
              "weight_decay": 0.005061576888752304
            },
            "trial_number": 0,
            "value": 45.09803921568628
          },
          {
            "checkpoint": "artifacts/probes/intphys2/intphys2_probe_linear_jepa_v1_vith16_384_20260426T152120Z/layer_24/train/trial_0001/probe_best.pt",
            "eval_output_dir": "artifacts/probes/intphys2/intphys2_probe_linear_jepa_v1_vith16_384_20260426T152120Z/layer_24/train/trial_0001/val_eval",
            "output_dir": "artifacts/probes/intphys2/intphys2_probe_linear_jepa_v1_vith16_384_20260426T152120Z/layer_24/train/trial_0001",
            "params": {
              "batch_size": 256,
              "epochs": 100,
              "lr": 0.00314288089084011,
              "weight_decay": 1.879466824163843e-07
            },
            "trial_number": 1,
            "value": 47.05882352941176
          },
          {
            "checkpoint": "artifacts/probes/intphys2/intphys2_probe_linear_jepa_v1_vith16_384_20260426T152120Z/layer_24/train/trial_0002/probe_best.pt",
            "eval_output_dir": "artifacts/probes/intphys2/intphys2_probe_linear_jepa_v1_vith16_384_20260426T152120Z/layer_24/train/trial_0002/val_eval",
            "output_dir": "artifacts/probes/intphys2/intphys2_probe_linear_jepa_v1_vith16_384_20260426T152120Z/layer_24/train/trial_0002",
            "params": {
              "batch_size": 128,
              "epochs": 1000,
              "lr": 0.00023345864076016249,
              "weight_decay": 0.0005141096648805752
            },
            "trial_number": 2,
            "value": 47.05882352941176
          },
          {
            "checkpoint": "artifacts/probes/intphys2/intphys2_probe_linear_jepa_v1_vith16_384_20260426T152120Z/layer_24/train/trial_0003/probe_best.pt",
            "eval_output_dir": "artifacts/probes/intphys2/intphys2_probe_linear_jepa_v1_vith16_384_20260426T152120Z/layer_24/train/trial_0003/val_eval",
            "output_dir": "artifacts/probes/intphys2/intphys2_probe_linear_jepa_v1_vith16_384_20260426T152120Z/layer_24/train/trial_0003",
            "params": {
              "batch_size": 32,
              "epochs": 50,
              "lr": 8.200518402245828e-05,
              "weight_decay": 3.855073690026179e-08
            },
            "trial_number": 3,
            "value": 27.450980392156865
          },
          {
            "checkpoint": "artifacts/probes/intphys2/intphys2_probe_linear_jepa_v1_vith16_384_20260426T152120Z/layer_24/train/trial_0004/probe_best.pt",
            "eval_output_dir": "artifacts/probes/intphys2/intphys2_probe_linear_jepa_v1_vith16_384_20260426T152120Z/layer_24/train/trial_0004/val_eval",
            "output_dir": "artifacts/probes/intphys2/intphys2_probe_linear_jepa_v1_vith16_384_20260426T152120Z/layer_24/train/trial_0004",
            "params": {
              "batch_size": 32,
              "epochs": 50,
              "lr": 0.00043664735929796326,
              "weight_decay": 1.2856617791467908e-07
            },
            "trial_number": 4,
            "value": 47.05882352941176
          },
          {
            "checkpoint": "artifacts/probes/intphys2/intphys2_probe_linear_jepa_v1_vith16_384_20260426T152120Z/layer_24/train/trial_0005/probe_best.pt",
            "eval_output_dir": "artifacts/probes/intphys2/intphys2_probe_linear_jepa_v1_vith16_384_20260426T152120Z/layer_24/train/trial_0005/val_eval",
            "output_dir": "artifacts/probes/intphys2/intphys2_probe_linear_jepa_v1_vith16_384_20260426T152120Z/layer_24/train/trial_0005",
            "params": {
              "batch_size": 32,
              "epochs": 500,
              "lr": 0.00014656553886225324,
              "weight_decay": 4.247116662617142e-07
            },
            "trial_number": 5,
            "value": 47.05882352941176
          },
          {
            "checkpoint": "artifacts/probes/intphys2/intphys2_probe_linear_jepa_v1_vith16_384_20260426T152120Z/layer_24/train/trial_0008/probe_best.pt",
            "eval_output_dir": "artifacts/probes/intphys2/intphys2_probe_linear_jepa_v1_vith16_384_20260426T152120Z/layer_24/train/trial_0008/val_eval",
            "output_dir": "artifacts/probes/intphys2/intphys2_probe_linear_jepa_v1_vith16_384_20260426T152120Z/layer_24/train/trial_0008",
            "params": {
              "batch_size": 256,
              "epochs": 100,
              "lr": 0.0003699972431463808,
              "weight_decay": 3.6749049453053196e-06
            },
            "trial_number": 8,
            "value": 41.17647058823529
          },
          {
            "checkpoint": "artifacts/probes/intphys2/intphys2_probe_linear_jepa_v1_vith16_384_20260426T152120Z/layer_24/train/trial_0010/probe_best.pt",
            "eval_output_dir": "artifacts/probes/intphys2/intphys2_probe_linear_jepa_v1_vith16_384_20260426T152120Z/layer_24/train/trial_0010/val_eval",
            "output_dir": "artifacts/probes/intphys2/intphys2_probe_linear_jepa_v1_vith16_384_20260426T152120Z/layer_24/train/trial_0010",
            "params": {
              "batch_size": 256,
              "epochs": 20,
              "lr": 0.006755637894650911,
              "weight_decay": 2.5285011481292255e-05
            },
            "trial_number": 10,
            "value": 43.13725490196079
          },
          {
            "checkpoint": "artifacts/probes/intphys2/intphys2_probe_linear_jepa_v1_vith16_384_20260426T152120Z/layer_24/train/trial_0011/probe_best.pt",
            "eval_output_dir": "artifacts/probes/intphys2/intphys2_probe_linear_jepa_v1_vith16_384_20260426T152120Z/layer_24/train/trial_0011/val_eval",
            "output_dir": "artifacts/probes/intphys2/intphys2_probe_linear_jepa_v1_vith16_384_20260426T152120Z/layer_24/train/trial_0011",
            "params": {
              "batch_size": 64,
              "epochs": 100,
              "lr": 0.002216476552485099,
              "weight_decay": 5.991763284171463e-05
            },
            "trial_number": 11,
            "value": 49.01960784313725
          },
          {
            "checkpoint": "artifacts/probes/intphys2/intphys2_probe_linear_jepa_v1_vith16_384_20260426T152120Z/layer_24/train/trial_0012/probe_best.pt",
            "eval_output_dir": "artifacts/probes/intphys2/intphys2_probe_linear_jepa_v1_vith16_384_20260426T152120Z/layer_24/train/trial_0012/val_eval",
            "output_dir": "artifacts/probes/intphys2/intphys2_probe_linear_jepa_v1_vith16_384_20260426T152120Z/layer_24/train/trial_0012",
            "params": {
              "batch_size": 64,
              "epochs": 100,
              "lr": 0.003953756843056614,
              "weight_decay": 4.220222694850242e-05
            },
            "trial_number": 12,
            "value": 49.01960784313725
          },
          {
            "checkpoint": "artifacts/probes/intphys2/intphys2_probe_linear_jepa_v1_vith16_384_20260426T152120Z/layer_24/train/trial_0013/probe_best.pt",
            "eval_output_dir": "artifacts/probes/intphys2/intphys2_probe_linear_jepa_v1_vith16_384_20260426T152120Z/layer_24/train/trial_0013/val_eval",
            "output_dir": "artifacts/probes/intphys2/intphys2_probe_linear_jepa_v1_vith16_384_20260426T152120Z/layer_24/train/trial_0013",
            "params": {
              "batch_size": 64,
              "epochs": 100,
              "lr": 0.0012201037273029025,
              "weight_decay": 3.372180925539059e-05
            },
            "trial_number": 13,
            "value": 43.13725490196079
          },
          {
            "checkpoint": "artifacts/probes/intphys2/intphys2_probe_linear_jepa_v1_vith16_384_20260426T152120Z/layer_24/train/trial_0014/probe_best.pt",
            "eval_output_dir": "artifacts/probes/intphys2/intphys2_probe_linear_jepa_v1_vith16_384_20260426T152120Z/layer_24/train/trial_0014/val_eval",
            "output_dir": "artifacts/probes/intphys2/intphys2_probe_linear_jepa_v1_vith16_384_20260426T152120Z/layer_24/train/trial_0014",
            "params": {
              "batch_size": 64,
              "epochs": 100,
              "lr": 0.009484220777929207,
              "weight_decay": 0.00013102562528621327
            },
            "trial_number": 14,
            "value": 43.13725490196079
          },
          {
            "checkpoint": "artifacts/probes/intphys2/intphys2_probe_linear_jepa_v1_vith16_384_20260426T152120Z/layer_24/train/trial_0015/probe_best.pt",
            "eval_output_dir": "artifacts/probes/intphys2/intphys2_probe_linear_jepa_v1_vith16_384_20260426T152120Z/layer_24/train/trial_0015/val_eval",
            "output_dir": "artifacts/probes/intphys2/intphys2_probe_linear_jepa_v1_vith16_384_20260426T152120Z/layer_24/train/trial_0015",
            "params": {
              "batch_size": 64,
              "epochs": 500,
              "lr": 0.0015276063490023508,
              "weight_decay": 4.095396862169808e-06
            },
            "trial_number": 15,
            "value": 47.05882352941176
          },
          {
            "checkpoint": "artifacts/probes/intphys2/intphys2_probe_linear_jepa_v1_vith16_384_20260426T152120Z/layer_24/train/trial_0016/probe_best.pt",
            "eval_output_dir": "artifacts/probes/intphys2/intphys2_probe_linear_jepa_v1_vith16_384_20260426T152120Z/layer_24/train/trial_0016/val_eval",
            "output_dir": "artifacts/probes/intphys2/intphys2_probe_linear_jepa_v1_vith16_384_20260426T152120Z/layer_24/train/trial_0016",
            "params": {
              "batch_size": 64,
              "epochs": 20,
              "lr": 0.0012690764532532696,
              "weight_decay": 0.0001258647016158899
            },
            "trial_number": 16,
            "value": 45.09803921568628
          },
          {
            "checkpoint": "artifacts/probes/intphys2/intphys2_probe_linear_jepa_v1_vith16_384_20260426T152120Z/layer_24/train/trial_0017/probe_best.pt",
            "eval_output_dir": "artifacts/probes/intphys2/intphys2_probe_linear_jepa_v1_vith16_384_20260426T152120Z/layer_24/train/trial_0017/val_eval",
            "output_dir": "artifacts/probes/intphys2/intphys2_probe_linear_jepa_v1_vith16_384_20260426T152120Z/layer_24/train/trial_0017",
            "params": {
              "batch_size": 64,
              "epochs": 2000,
              "lr": 0.0034752685500732045,
              "weight_decay": 0.007400966968288751
            },
            "trial_number": 17,
            "value": 45.09803921568628
          },
          {
            "checkpoint": "artifacts/probes/intphys2/intphys2_probe_linear_jepa_v1_vith16_384_20260426T152120Z/layer_24/train/trial_0018/probe_best.pt",
            "eval_output_dir": "artifacts/probes/intphys2/intphys2_probe_linear_jepa_v1_vith16_384_20260426T152120Z/layer_24/train/trial_0018/val_eval",
            "output_dir": "artifacts/probes/intphys2/intphys2_probe_linear_jepa_v1_vith16_384_20260426T152120Z/layer_24/train/trial_0018",
            "params": {
              "batch_size": 64,
              "epochs": 100,
              "lr": 0.0007027374722126696,
              "weight_decay": 2.1525409933729087e-05
            },
            "trial_number": 18,
            "value": 45.09803921568628
          },
          {
            "checkpoint": "artifacts/probes/intphys2/intphys2_probe_linear_jepa_v1_vith16_384_20260426T152120Z/layer_24/train/trial_0019/probe_best.pt",
            "eval_output_dir": "artifacts/probes/intphys2/intphys2_probe_linear_jepa_v1_vith16_384_20260426T152120Z/layer_24/train/trial_0019/val_eval",
            "output_dir": "artifacts/probes/intphys2/intphys2_probe_linear_jepa_v1_vith16_384_20260426T152120Z/layer_24/train/trial_0019",
            "params": {
              "batch_size": 64,
              "epochs": 100,
              "lr": 0.0038823300729039804,
              "weight_decay": 0.00012862364873309447
            },
            "trial_number": 19,
            "value": 47.05882352941176
          }
        ]
      }
    },
    {
      "checkpoint": "artifacts/probes/intphys2/intphys2_probe_linear_jepa_v1_vith16_384_20260426T152120Z/layer_32/train/trial_0000/probe_best.pt",
      "eval": {
        "base_eval": {
          "metrics": {
            "accuracy": 62.254901960784316,
            "accuracy_by_condition": {
              "continuity": 50.0,
              "immutability": 79.16666666666666,
              "permanence": 70.83333333333334,
              "solidity": 51.66666666666667
            },
            "n_samples": 204,
            "n_scenes": 51,
            "voe_accuracy": 47.05882352941176,
            "voe_by_condition": {
              "continuity": 33.33333333333333,
              "immutability": 75.0,
              "permanence": 66.66666666666666,
              "solidity": 20.0
            }
          },
          "output_dir": "artifacts/probes/intphys2/intphys2_probe_linear_jepa_v1_vith16_384_20260426T152120Z/layer_32/eval/test",
          "split_dir": "data/splits/intphys2"
        },
        "checkpoint": "artifacts/probes/intphys2/intphys2_probe_linear_jepa_v1_vith16_384_20260426T152120Z/layer_32/train/trial_0000/probe_best.pt",
        "dataset": "intphys2",
        "feature_signature": "78346a9facde6609",
        "metrics": {
          "accuracy": 62.254901960784316,
          "accuracy_by_condition": {
            "continuity": 50.0,
            "immutability": 79.16666666666666,
            "permanence": 70.83333333333334,
            "solidity": 51.66666666666667
          },
          "n_samples": 204,
          "n_scenes": 51,
          "voe_accuracy": 47.05882352941176,
          "voe_by_condition": {
            "continuity": 33.33333333333333,
            "immutability": 75.0,
            "permanence": 66.66666666666666,
            "solidity": 20.0
          }
        },
        "metrics_by_split": {
          "test": {
            "accuracy": 62.254901960784316,
            "accuracy_by_condition": {
              "continuity": 50.0,
              "immutability": 79.16666666666666,
              "permanence": 70.83333333333334,
              "solidity": 51.66666666666667
            },
            "n_samples": 204,
            "n_scenes": 51,
            "voe_accuracy": 47.05882352941176,
            "voe_by_condition": {
              "continuity": 33.33333333333333,
              "immutability": 75.0,
              "permanence": 66.66666666666666,
              "solidity": 20.0
            }
          },
          "train": {
            "accuracy": 77.81456953642383,
            "accuracy_by_condition": {
              "continuity": 82.63888888888889,
              "immutability": 86.11111111111111,
              "permanence": 77.08333333333334,
              "solidity": 67.44186046511628
            },
            "n_samples": 604,
            "n_scenes": 151,
            "voe_accuracy": 64.23841059602648,
            "voe_by_condition": {
              "continuity": 75.0,
              "immutability": 80.55555555555556,
              "permanence": 61.111111111111114,
              "solidity": 44.18604651162791
            }
          },
          "val": {
            "accuracy": 63.725490196078425,
            "accuracy_by_condition": {
              "continuity": 68.75,
              "immutability": 64.58333333333334,
              "permanence": 66.66666666666666,
              "solidity": 56.666666666666664
            },
            "n_samples": 204,
            "n_scenes": 51,
            "voe_accuracy": 47.05882352941176,
            "voe_by_condition": {
              "continuity": 58.333333333333336,
              "immutability": 50.0,
              "permanence": 66.66666666666666,
              "solidity": 20.0
            }
          }
        },
        "objective_metric": 47.05882352941176,
        "prediction_file": "artifacts/probes/intphys2/intphys2_probe_linear_jepa_v1_vith16_384_20260426T152120Z/layer_32/eval/test/probe_predictions.json",
        "prediction_files": {
          "test": "artifacts/probes/intphys2/intphys2_probe_linear_jepa_v1_vith16_384_20260426T152120Z/layer_32/eval/test/probe_predictions.json",
          "train": "artifacts/probes/intphys2/intphys2_probe_linear_jepa_v1_vith16_384_20260426T152120Z/layer_32/eval/train/probe_predictions.json",
          "val": "artifacts/probes/intphys2/intphys2_probe_linear_jepa_v1_vith16_384_20260426T152120Z/layer_32/eval/val/probe_predictions.json"
        },
        "probe_eval_dir": "artifacts/probes/intphys2/intphys2_probe_linear_jepa_v1_vith16_384_20260426T152120Z/layer_32/eval",
        "probe_name": "linear",
        "reported_splits": [
          "train",
          "val",
          "test"
        ],
        "split_eval_dirs": {
          "test": "artifacts/probes/intphys2/intphys2_probe_linear_jepa_v1_vith16_384_20260426T152120Z/layer_32/eval/test",
          "train": "artifacts/probes/intphys2/intphys2_probe_linear_jepa_v1_vith16_384_20260426T152120Z/layer_32/eval/train",
          "val": "artifacts/probes/intphys2/intphys2_probe_linear_jepa_v1_vith16_384_20260426T152120Z/layer_32/eval/val"
        },
        "split_evals": {
          "test": {
            "base_eval": {
              "metrics": {
                "accuracy": 62.254901960784316,
                "accuracy_by_condition": {
                  "continuity": 50.0,
                  "immutability": 79.16666666666666,
                  "permanence": 70.83333333333334,
                  "solidity": 51.66666666666667
                },
                "n_samples": 204,
                "n_scenes": 51,
                "voe_accuracy": 47.05882352941176,
                "voe_by_condition": {
                  "continuity": 33.33333333333333,
                  "immutability": 75.0,
                  "permanence": 66.66666666666666,
                  "solidity": 20.0
                }
              },
              "output_dir": "artifacts/probes/intphys2/intphys2_probe_linear_jepa_v1_vith16_384_20260426T152120Z/layer_32/eval/test",
              "split_dir": "data/splits/intphys2"
            },
            "checkpoint": "artifacts/probes/intphys2/intphys2_probe_linear_jepa_v1_vith16_384_20260426T152120Z/layer_32/train/trial_0000/probe_best.pt",
            "dataset": "intphys2",
            "feature_signature": "78346a9facde6609",
            "metrics": {
              "accuracy": 62.254901960784316,
              "accuracy_by_condition": {
                "continuity": 50.0,
                "immutability": 79.16666666666666,
                "permanence": 70.83333333333334,
                "solidity": 51.66666666666667
              },
              "n_samples": 204,
              "n_scenes": 51,
              "voe_accuracy": 47.05882352941176,
              "voe_by_condition": {
                "continuity": 33.33333333333333,
                "immutability": 75.0,
                "permanence": 66.66666666666666,
                "solidity": 20.0
              }
            },
            "objective_metric": 47.05882352941176,
            "prediction_file": "artifacts/probes/intphys2/intphys2_probe_linear_jepa_v1_vith16_384_20260426T152120Z/layer_32/eval/test/probe_predictions.json",
            "probe_eval_dir": "artifacts/probes/intphys2/intphys2_probe_linear_jepa_v1_vith16_384_20260426T152120Z/layer_32/eval/test",
            "probe_name": "linear",
            "split_name": "test"
          },
          "train": {
            "base_eval": {
              "metrics": {
                "accuracy": 77.81456953642383,
                "accuracy_by_condition": {
                  "continuity": 82.63888888888889,
                  "immutability": 86.11111111111111,
                  "permanence": 77.08333333333334,
                  "solidity": 67.44186046511628
                },
                "n_samples": 604,
                "n_scenes": 151,
                "voe_accuracy": 64.23841059602648,
                "voe_by_condition": {
                  "continuity": 75.0,
                  "immutability": 80.55555555555556,
                  "permanence": 61.111111111111114,
                  "solidity": 44.18604651162791
                }
              },
              "output_dir": "artifacts/probes/intphys2/intphys2_probe_linear_jepa_v1_vith16_384_20260426T152120Z/layer_32/eval/train",
              "split_dir": "data/splits/intphys2"
            },
            "checkpoint": "artifacts/probes/intphys2/intphys2_probe_linear_jepa_v1_vith16_384_20260426T152120Z/layer_32/train/trial_0000/probe_best.pt",
            "dataset": "intphys2",
            "feature_signature": "78346a9facde6609",
            "metrics": {
              "accuracy": 77.81456953642383,
              "accuracy_by_condition": {
                "continuity": 82.63888888888889,
                "immutability": 86.11111111111111,
                "permanence": 77.08333333333334,
                "solidity": 67.44186046511628
              },
              "n_samples": 604,
              "n_scenes": 151,
              "voe_accuracy": 64.23841059602648,
              "voe_by_condition": {
                "continuity": 75.0,
                "immutability": 80.55555555555556,
                "permanence": 61.111111111111114,
                "solidity": 44.18604651162791
              }
            },
            "objective_metric": 64.23841059602648,
            "prediction_file": "artifacts/probes/intphys2/intphys2_probe_linear_jepa_v1_vith16_384_20260426T152120Z/layer_32/eval/train/probe_predictions.json",
            "probe_eval_dir": "artifacts/probes/intphys2/intphys2_probe_linear_jepa_v1_vith16_384_20260426T152120Z/layer_32/eval/train",
            "probe_name": "linear",
            "split_name": "train"
          },
          "val": {
            "base_eval": {
              "metrics": {
                "accuracy": 63.725490196078425,
                "accuracy_by_condition": {
                  "continuity": 68.75,
                  "immutability": 64.58333333333334,
                  "permanence": 66.66666666666666,
                  "solidity": 56.666666666666664
                },
                "n_samples": 204,
                "n_scenes": 51,
                "voe_accuracy": 47.05882352941176,
                "voe_by_condition": {
                  "continuity": 58.333333333333336,
                  "immutability": 50.0,
                  "permanence": 66.66666666666666,
                  "solidity": 20.0
                }
              },
              "output_dir": "artifacts/probes/intphys2/intphys2_probe_linear_jepa_v1_vith16_384_20260426T152120Z/layer_32/eval/val",
              "split_dir": "data/splits/intphys2"
            },
            "checkpoint": "artifacts/probes/intphys2/intphys2_probe_linear_jepa_v1_vith16_384_20260426T152120Z/layer_32/train/trial_0000/probe_best.pt",
            "dataset": "intphys2",
            "feature_signature": "78346a9facde6609",
            "metrics": {
              "accuracy": 63.725490196078425,
              "accuracy_by_condition": {
                "continuity": 68.75,
                "immutability": 64.58333333333334,
                "permanence": 66.66666666666666,
                "solidity": 56.666666666666664
              },
              "n_samples": 204,
              "n_scenes": 51,
              "voe_accuracy": 47.05882352941176,
              "voe_by_condition": {
                "continuity": 58.333333333333336,
                "immutability": 50.0,
                "permanence": 66.66666666666666,
                "solidity": 20.0
              }
            },
            "objective_metric": 47.05882352941176,
            "prediction_file": "artifacts/probes/intphys2/intphys2_probe_linear_jepa_v1_vith16_384_20260426T152120Z/layer_32/eval/val/probe_predictions.json",
            "probe_eval_dir": "artifacts/probes/intphys2/intphys2_probe_linear_jepa_v1_vith16_384_20260426T152120Z/layer_32/eval/val",
            "probe_name": "linear",
            "split_name": "val"
          }
        },
        "split_name": "test"
      },
      "layer": 32,
      "layer_label": "32",
      "objective_metric": 47.05882352941176,
      "train": {
        "best_checkpoint": "artifacts/probes/intphys2/intphys2_probe_linear_jepa_v1_vith16_384_20260426T152120Z/layer_32/train/trial_0000/probe_best.pt",
        "best_eval_output_dir": "artifacts/probes/intphys2/intphys2_probe_linear_jepa_v1_vith16_384_20260426T152120Z/layer_32/train/trial_0000/val_eval",
        "best_output_dir": "artifacts/probes/intphys2/intphys2_probe_linear_jepa_v1_vith16_384_20260426T152120Z/layer_32/train/trial_0000",
        "best_params": {
          "batch_size": 32,
          "epochs": 2000,
          "lr": 0.0001329291894316216,
          "weight_decay": 0.005061576888752304
        },
        "best_trial_number": 0,
        "best_value": 47.05882352941176,
        "checkpoint": "artifacts/probes/intphys2/intphys2_probe_linear_jepa_v1_vith16_384_20260426T152120Z/layer_32/train/trial_0000/probe_best.pt",
        "dataset": "intphys2",
        "direction": "maximize",
        "layer": 32,
        "n_trials": 20,
        "objective_metric": "voe_accuracy",
        "output_dir": "artifacts/probes/intphys2/intphys2_probe_linear_jepa_v1_vith16_384_20260426T152120Z/layer_32/train",
        "probe_name": "linear",
        "storage": "sqlite:////gpfs/home3/scur0511/Probe4Physics/artifacts/probes/intphys2/intphys2_probe_linear_jepa_v1_vith16_384_20260426T152120Z/layer_32/train/optuna_study.sqlite3",
        "study_name": "intphys2_linear_jepa_v1_vith16_384_layer_32",
        "trials": [
          {
            "checkpoint": "artifacts/probes/intphys2/intphys2_probe_linear_jepa_v1_vith16_384_20260426T152120Z/layer_32/train/trial_0000/probe_best.pt",
            "eval_output_dir": "artifacts/probes/intphys2/intphys2_probe_linear_jepa_v1_vith16_384_20260426T152120Z/layer_32/train/trial_0000/val_eval",
            "output_dir": "artifacts/probes/intphys2/intphys2_probe_linear_jepa_v1_vith16_384_20260426T152120Z/layer_32/train/trial_0000",
            "params": {
              "batch_size": 32,
              "epochs": 2000,
              "lr": 0.0001329291894316216,
              "weight_decay": 0.005061576888752304
            },
            "trial_number": 0,
            "value": 47.05882352941176
          },
          {
            "checkpoint": "artifacts/probes/intphys2/intphys2_probe_linear_jepa_v1_vith16_384_20260426T152120Z/layer_32/train/trial_0001/probe_best.pt",
            "eval_output_dir": "artifacts/probes/intphys2/intphys2_probe_linear_jepa_v1_vith16_384_20260426T152120Z/layer_32/train/trial_0001/val_eval",
            "output_dir": "artifacts/probes/intphys2/intphys2_probe_linear_jepa_v1_vith16_384_20260426T152120Z/layer_32/train/trial_0001",
            "params": {
              "batch_size": 256,
              "epochs": 100,
              "lr": 0.00314288089084011,
              "weight_decay": 1.879466824163843e-07
            },
            "trial_number": 1,
            "value": 41.17647058823529
          },
          {
            "checkpoint": "artifacts/probes/intphys2/intphys2_probe_linear_jepa_v1_vith16_384_20260426T152120Z/layer_32/train/trial_0002/probe_best.pt",
            "eval_output_dir": "artifacts/probes/intphys2/intphys2_probe_linear_jepa_v1_vith16_384_20260426T152120Z/layer_32/train/trial_0002/val_eval",
            "output_dir": "artifacts/probes/intphys2/intphys2_probe_linear_jepa_v1_vith16_384_20260426T152120Z/layer_32/train/trial_0002",
            "params": {
              "batch_size": 128,
              "epochs": 1000,
              "lr": 0.00023345864076016249,
              "weight_decay": 0.0005141096648805752
            },
            "trial_number": 2,
            "value": 45.09803921568628
          },
          {
            "checkpoint": "artifacts/probes/intphys2/intphys2_probe_linear_jepa_v1_vith16_384_20260426T152120Z/layer_32/train/trial_0003/probe_best.pt",
            "eval_output_dir": "artifacts/probes/intphys2/intphys2_probe_linear_jepa_v1_vith16_384_20260426T152120Z/layer_32/train/trial_0003/val_eval",
            "output_dir": "artifacts/probes/intphys2/intphys2_probe_linear_jepa_v1_vith16_384_20260426T152120Z/layer_32/train/trial_0003",
            "params": {
              "batch_size": 32,
              "epochs": 50,
              "lr": 8.200518402245828e-05,
              "weight_decay": 3.855073690026179e-08
            },
            "trial_number": 3,
            "value": 39.21568627450981
          },
          {
            "checkpoint": "artifacts/probes/intphys2/intphys2_probe_linear_jepa_v1_vith16_384_20260426T152120Z/layer_32/train/trial_0004/probe_best.pt",
            "eval_output_dir": "artifacts/probes/intphys2/intphys2_probe_linear_jepa_v1_vith16_384_20260426T152120Z/layer_32/train/trial_0004/val_eval",
            "output_dir": "artifacts/probes/intphys2/intphys2_probe_linear_jepa_v1_vith16_384_20260426T152120Z/layer_32/train/trial_0004",
            "params": {
              "batch_size": 32,
              "epochs": 50,
              "lr": 0.00043664735929796326,
              "weight_decay": 1.2856617791467908e-07
            },
            "trial_number": 4,
            "value": 37.254901960784316
          },
          {
            "checkpoint": "artifacts/probes/intphys2/intphys2_probe_linear_jepa_v1_vith16_384_20260426T152120Z/layer_32/train/trial_0008/probe_best.pt",
            "eval_output_dir": "artifacts/probes/intphys2/intphys2_probe_linear_jepa_v1_vith16_384_20260426T152120Z/layer_32/train/trial_0008/val_eval",
            "output_dir": "artifacts/probes/intphys2/intphys2_probe_linear_jepa_v1_vith16_384_20260426T152120Z/layer_32/train/trial_0008",
            "params": {
              "batch_size": 256,
              "epochs": 100,
              "lr": 0.0003699972431463808,
              "weight_decay": 3.6749049453053196e-06
            },
            "trial_number": 8,
            "value": 37.254901960784316
          },
          {
            "checkpoint": "artifacts/probes/intphys2/intphys2_probe_linear_jepa_v1_vith16_384_20260426T152120Z/layer_32/train/trial_0010/probe_best.pt",
            "eval_output_dir": "artifacts/probes/intphys2/intphys2_probe_linear_jepa_v1_vith16_384_20260426T152120Z/layer_32/train/trial_0010/val_eval",
            "output_dir": "artifacts/probes/intphys2/intphys2_probe_linear_jepa_v1_vith16_384_20260426T152120Z/layer_32/train/trial_0010",
            "params": {
              "batch_size": 64,
              "epochs": 2000,
              "lr": 0.002146403547714585,
              "weight_decay": 0.003955232336089218
            },
            "trial_number": 10,
            "value": 45.09803921568628
          },
          {
            "checkpoint": "artifacts/probes/intphys2/intphys2_probe_linear_jepa_v1_vith16_384_20260426T152120Z/layer_32/train/trial_0011/probe_best.pt",
            "eval_output_dir": "artifacts/probes/intphys2/intphys2_probe_linear_jepa_v1_vith16_384_20260426T152120Z/layer_32/train/trial_0011/val_eval",
            "output_dir": "artifacts/probes/intphys2/intphys2_probe_linear_jepa_v1_vith16_384_20260426T152120Z/layer_32/train/trial_0011",
            "params": {
              "batch_size": 64,
              "epochs": 20,
              "lr": 0.0009028168422346196,
              "weight_decay": 0.00013851041848413182
            },
            "trial_number": 11,
            "value": 37.254901960784316
          },
          {
            "checkpoint": "artifacts/probes/intphys2/intphys2_probe_linear_jepa_v1_vith16_384_20260426T152120Z/layer_32/train/trial_0014/probe_best.pt",
            "eval_output_dir": "artifacts/probes/intphys2/intphys2_probe_linear_jepa_v1_vith16_384_20260426T152120Z/layer_32/train/trial_0014/val_eval",
            "output_dir": "artifacts/probes/intphys2/intphys2_probe_linear_jepa_v1_vith16_384_20260426T152120Z/layer_32/train/trial_0014",
            "params": {
              "batch_size": 32,
              "epochs": 1000,
              "lr": 0.0009550389696130119,
              "weight_decay": 0.0006287181301801359
            },
            "trial_number": 14,
            "value": 43.13725490196079
          },
          {
            "checkpoint": "artifacts/probes/intphys2/intphys2_probe_linear_jepa_v1_vith16_384_20260426T152120Z/layer_32/train/trial_0015/probe_best.pt",
            "eval_output_dir": "artifacts/probes/intphys2/intphys2_probe_linear_jepa_v1_vith16_384_20260426T152120Z/layer_32/train/trial_0015/val_eval",
            "output_dir": "artifacts/probes/intphys2/intphys2_probe_linear_jepa_v1_vith16_384_20260426T152120Z/layer_32/train/trial_0015",
            "params": {
              "batch_size": 128,
              "epochs": 20,
              "lr": 2.990630550212624e-05,
              "weight_decay": 4.792092864251368e-05
            },
            "trial_number": 15,
            "value": 11.76470588235294
          },
          {
            "checkpoint": "artifacts/probes/intphys2/intphys2_probe_linear_jepa_v1_vith16_384_20260426T152120Z/layer_32/train/trial_0017/probe_best.pt",
            "eval_output_dir": "artifacts/probes/intphys2/intphys2_probe_linear_jepa_v1_vith16_384_20260426T152120Z/layer_32/train/trial_0017/val_eval",
            "output_dir": "artifacts/probes/intphys2/intphys2_probe_linear_jepa_v1_vith16_384_20260426T152120Z/layer_32/train/trial_0017",
            "params": {
              "batch_size": 64,
              "epochs": 2000,
              "lr": 0.007985634897281529,
              "weight_decay": 1.2297660068623619e-05
            },
            "trial_number": 17,
            "value": 45.09803921568628
          }
        ]
      }
    }
  ],
  "model_selection_split": "val",
  "probe_name": "linear",
  "reported_splits": [
    "train",
    "val",
    "test"
  ],
  "requested_layers": [
    8,
    16,
    24,
    32
  ],
  "split_name": "test",
  "sweep_dir": "artifacts/probes/intphys2/intphys2_probe_linear_jepa_v1_vith16_384_20260426T152120Z",
  "train_split": "train"
}
JOB_END_UTC=2026-04-26T15:55:16Z
JOB_ELAPSED_SECONDS=2040
